2026-09-15 22:29:42,941 - configurador_logs - INFO - Sistema de logs configurado com sucesso
2026-09-15 22:29:42,941 - configurador_logs - INFO - 🚀 Logs configurados para MODO PRODUÇÃO
2026-09-15 22:29:42,941 - gerenciador_principal - INFO - Inicializando sistema - Modo: PRODUCAO
2026-09-15 22:29:42,942 - gerenciador_arquivos - INFO - Pasta dados_coletados preparada
2026-09-15 22:29:42,942 - gerenciador_principal - INFO - Sistema inicializado com 3 scrapers
2026-09-15 22:29:42,942 - gerenciador_principal - INFO - ============================================================
2026-09-15 22:29:42,942 - gerenciador_principal - INFO - INICIANDO SCRAPING COMPLETO - PRODUCAO
2026-09-15 22:29:42,942 - gerenciador_principal - INFO - ============================================================
2026-09-15 22:29:42,942 - gerenciador_principal - INFO - [1/3] Processando Cobasi
2026-09-15 22:29:42,942 - scraper_base - INFO - 🚀 Iniciando scraping completo - Cobasi
2026-09-15 22:29:43,810 - gerenciador_conexoes - INFO - Sessao estabelecida com cobasi.com.br
2026-09-15 22:29:43,810 - scraper_base - INFO - 📋 20 medicamentos para processar
2026-09-15 22:29:43,810 - scraper_base - INFO - 📦 [1/20] Processando Simparic
2026-09-15 22:29:43,810 - scraper_base - INFO - 🔍 Cobasi: Buscando Simparic
2026-09-15 22:29:47,835 - scraper_cobasi - INFO - Cobasi: Dados extraídos via JSON para Simparic
2026-09-15 22:29:47,835 - scraper_base - INFO - ✅ Cobasi: 24 produto(s) encontrado(s) para Simparic
2026-09-15 22:29:49,951 - scraper_base - INFO - 📦 [2/20] Processando Revolution
2026-09-15 22:29:49,951 - scraper_base - INFO - 🔍 Cobasi: Buscando Revolution
2026-09-15 22:29:52,480 - scraper_cobasi - INFO - Cobasi: Dados extraídos via JSON para Revolution
2026-09-15 22:29:52,480 - scraper_base - INFO - ✅ Cobasi: 17 produto(s) encontrado(s) para Revolution
2026-09-15 22:29:54,641 - scraper_base - INFO - 📦 [3/20] Processando NexGard
2026-09-15 22:29:54,641 - scraper_base - INFO - 🔍 Cobasi: Buscando NexGard
2026-09-15 22:29:56,095 - scraper_cobasi - INFO - Cobasi: Dados extraídos via JSON para NexGard
2026-09-15 22:29:56,095 - scraper_base - INFO - ✅ Cobasi: 22 produto(s) encontrado(s) para NexGard
2026-09-15 22:29:58,191 - scraper_base - INFO - 📦 [4/20] Processando NexGard Spectra
2026-09-15 22:29:58,191 - scraper_base - INFO - 🔍 Cobasi: Buscando NexGard Spectra
2026-09-15 22:30:00,380 - scraper_cobasi - INFO - Cobasi: Dados extraídos via JSON para NexGard Spectra
2026-09-15 22:30:00,381 - scraper_base - INFO - ✅ Cobasi: 10 produto(s) encontrado(s) para NexGard Spectra
2026-09-15 22:30:01,818 - scraper_base - INFO - 📦 [5/20] Processando NexGard Combo
2026-09-15 22:30:01,818 - scraper_base - INFO - 🔍 Cobasi: Buscando NexGard Combo
2026-09-15 22:30:04,589 - scraper_cobasi - INFO - Cobasi: Dados extraídos via JSON para NexGard Combo
2026-09-15 22:30:04,589 - scraper_base - INFO - ✅ Cobasi: 4 produto(s) encontrado(s) para NexGard Combo
2026-09-15 22:30:07,058 - scraper_base - INFO - 📦 [6/20] Processando Bravecto
2026-09-15 22:30:07,059 - scraper_base - INFO - 🔍 Cobasi: Buscando Bravecto
2026-09-15 22:30:12,677 - scraper_cobasi - INFO - Cobasi: Dados extraídos via JSON para Bravecto
2026-09-15 22:30:12,677 - scraper_base - INFO - ✅ Cobasi: 16 produto(s) encontrado(s) para Bravecto
2026-09-15 22:30:14,134 - scraper_base - INFO - 📦 [7/20] Processando Frontline
2026-09-15 22:30:14,134 - scraper_base - INFO - 🔍 Cobasi: Buscando Frontline
2026-09-15 22:30:16,829 - scraper_cobasi - INFO - Cobasi: Dados extraídos via JSON para Frontline
2026-09-15 22:30:16,829 - scraper_base - INFO - ✅ Cobasi: 11 produto(s) encontrado(s) para Frontline
2026-09-15 22:30:19,497 - scraper_base - INFO - 📦 [8/20] Processando Advocate
2026-09-15 22:30:19,497 - scraper_base - INFO - 🔍 Cobasi: Buscando Advocate
2026-09-15 22:30:22,116 - scraper_cobasi - INFO - Cobasi: Dados extraídos via JSON para Advocate
2026-09-15 22:30:22,116 - scraper_base - INFO - ✅ Cobasi: 12 produto(s) encontrado(s) para Advocate
2026-09-15 22:30:24,979 - scraper_base - INFO - 📦 [9/20] Processando Drontal
2026-09-15 22:30:24,979 - scraper_base - INFO - 🔍 Cobasi: Buscando Drontal
2026-09-15 22:30:26,001 - scraper_cobasi - INFO - Cobasi: Dados extraídos via JSON para Drontal
2026-09-15 22:30:26,001 - scraper_base - INFO - ✅ Cobasi: 8 produto(s) encontrado(s) para Drontal
2026-09-15 22:30:28,248 - scraper_base - INFO - 📦 [10/20] Processando Milbemax
2026-09-15 22:30:28,248 - scraper_base - INFO - 🔍 Cobasi: Buscando Milbemax
2026-09-15 22:30:30,298 - scraper_cobasi - INFO - Cobasi: Dados extraídos via JSON para Milbemax
2026-09-15 22:30:30,298 - scraper_base - INFO - ✅ Cobasi: 4 produto(s) encontrado(s) para Milbemax
2026-09-15 22:30:33,153 - scraper_base - INFO - 📦 [11/20] Processando Vermivet
2026-09-15 22:30:33,153 - scraper_base - INFO - 🔍 Cobasi: Buscando Vermivet
2026-09-15 22:30:35,985 - scraper_cobasi - INFO - Cobasi: Dados extraídos via JSON para Vermivet
2026-09-15 22:30:35,986 - scraper_base - INFO - ✅ Cobasi: 5 produto(s) encontrado(s) para Vermivet
2026-09-15 22:30:37,632 - scraper_base - INFO - 📦 [12/20] Processando Rimadyl
2026-09-15 22:30:37,632 - scraper_base - INFO - 🔍 Cobasi: Buscando Rimadyl
2026-09-15 22:30:39,095 - scraper_cobasi - INFO - Cobasi: Dados extraídos via JSON para Rimadyl
2026-09-15 22:30:39,095 - scraper_base - INFO - ✅ Cobasi: 3 produto(s) encontrado(s) para Rimadyl
2026-09-15 22:30:40,248 - scraper_base - INFO - 📦 [13/20] Processando Onsior
2026-09-15 22:30:40,248 - scraper_base - INFO - 🔍 Cobasi: Buscando Onsior
2026-09-15 22:30:43,323 - scraper_cobasi - INFO - Cobasi: Dados extraídos via JSON para Onsior
2026-09-15 22:30:43,324 - scraper_base - INFO - ✅ Cobasi: 4 produto(s) encontrado(s) para Onsior
2026-09-15 22:30:44,433 - scraper_base - INFO - 📦 [14/20] Processando Maxicam
2026-09-15 22:30:44,433 - scraper_base - INFO - 🔍 Cobasi: Buscando Maxicam
2026-09-15 22:30:47,406 - scraper_cobasi - INFO - Cobasi: Dados extraídos via JSON para Maxicam
2026-09-15 22:30:47,406 - scraper_base - INFO - ✅ Cobasi: 3 produto(s) encontrado(s) para Maxicam
2026-09-15 22:30:49,182 - scraper_base - INFO - 📦 [15/20] Processando Carproflan
2026-09-15 22:30:49,182 - scraper_base - INFO - 🔍 Cobasi: Buscando Carproflan
2026-09-15 22:30:51,447 - scraper_cobasi - INFO - Cobasi: Dados extraídos via JSON para Carproflan
2026-09-15 22:30:51,447 - scraper_base - INFO - ✅ Cobasi: 3 produto(s) encontrado(s) para Carproflan
2026-09-15 22:30:53,051 - scraper_base - INFO - 📦 [16/20] Processando Previcox
2026-09-15 22:30:53,051 - scraper_base - INFO - 🔍 Cobasi: Buscando Previcox
2026-09-15 22:30:55,250 - scraper_cobasi - INFO - Cobasi: Dados extraídos via JSON para Previcox
2026-09-15 22:30:55,250 - scraper_base - INFO - ✅ Cobasi: 2 produto(s) encontrado(s) para Previcox
2026-09-15 22:30:57,971 - scraper_base - INFO - 📦 [17/20] Processando Apoquel
2026-09-15 22:30:57,971 - scraper_base - INFO - 🔍 Cobasi: Buscando Apoquel
2026-09-15 22:30:59,749 - scraper_cobasi - INFO - Cobasi: Dados extraídos via JSON para Apoquel
2026-09-15 22:30:59,750 - scraper_base - INFO - ✅ Cobasi: 3 produto(s) encontrado(s) para Apoquel
2026-09-15 22:31:01,058 - scraper_base - INFO - 📦 [18/20] Processando Zenrelia
2026-09-15 22:31:01,058 - scraper_base - INFO - 🔍 Cobasi: Buscando Zenrelia
2026-09-15 22:31:03,408 - scraper_cobasi - INFO - Cobasi: Dados extraídos via JSON para Zenrelia
2026-09-15 22:31:03,408 - scraper_base - INFO - ✅ Cobasi: 4 produto(s) encontrado(s) para Zenrelia
2026-09-15 22:31:04,705 - scraper_base - INFO - 📦 [19/20] Processando Synulox
2026-09-15 22:31:04,706 - scraper_base - INFO - 🔍 Cobasi: Buscando Synulox
2026-09-15 22:31:06,665 - scraper_cobasi - INFO - Cobasi: Dados extraídos via JSON para Synulox
2026-09-15 22:31:06,665 - scraper_base - INFO - ✅ Cobasi: 2 produto(s) encontrado(s) para Synulox
2026-09-15 22:31:09,233 - scraper_base - INFO - 📦 [20/20] Processando Baytril
2026-09-15 22:31:09,233 - scraper_base - INFO - 🔍 Cobasi: Buscando Baytril
2026-09-15 22:31:10,987 - scraper_cobasi - INFO - Cobasi: Dados extraídos via JSON para Baytril
2026-09-15 22:31:10,988 - scraper_base - INFO - ✅ Cobasi: 2 produto(s) encontrado(s) para Baytril
2026-09-15 22:31:13,485 - scraper_base - INFO - 📊 Cobasi - Estatísticas finais:
2026-09-15 22:31:13,486 - scraper_base - INFO -    • Medicamentos processados: 20
2026-09-15 22:31:13,486 - scraper_base - INFO -    • Produtos encontrados: 159
2026-09-15 22:31:13,486 - scraper_base - INFO -    • Medicamentos sem resultado: 0
2026-09-15 22:31:13,486 - scraper_base - INFO -    • Tempo total: 90.5s
2026-09-15 22:31:13,486 - scraper_base - INFO -    • Tempo médio por medicamento: 4.5s
2026-09-15 22:31:13,634 - gerenciador_arquivos - INFO - Excel salvo: dados_coletados/cobasi_20260915_223113.xlsx (159 produtos)
2026-09-15 22:31:13,634 - gerenciador_principal - INFO - Cobasi: Arquivo individual salvo com sucesso
2026-09-15 22:31:13,634 - gerenciador_principal - INFO - Pausando entre sites...
2026-09-15 22:31:15,635 - gerenciador_principal - INFO - [2/3] Processando Petlove
2026-09-15 22:31:15,635 - scraper_base - INFO - 🚀 Iniciando scraping completo - Petlove
2026-09-15 22:31:15,898 - gerenciador_conexoes - INFO - Sessao estabelecida com petlove.com.br
2026-09-15 22:31:15,898 - scraper_base - INFO - 📋 20 medicamentos para processar
2026-09-15 22:31:15,898 - scraper_base - INFO - 📦 [1/20] Processando Simparic
2026-09-15 22:31:15,898 - scraper_base - INFO - 🔍 Petlove: Buscando Simparic
2026-09-15 22:31:16,652 - scraper_base - INFO - ✅ Petlove: 36 produto(s) encontrado(s) para Simparic
2026-09-15 22:31:17,872 - scraper_base - INFO - 📦 [2/20] Processando Revolution
2026-09-15 22:31:17,872 - scraper_base - INFO - 🔍 Petlove: Buscando Revolution
2026-09-15 22:31:18,669 - scraper_base - INFO - ✅ Petlove: 19 produto(s) encontrado(s) para Revolution
2026-09-15 22:31:21,597 - scraper_base - INFO - 📦 [3/20] Processando NexGard
2026-09-15 22:31:21,597 - scraper_base - INFO - 🔍 Petlove: Buscando NexGard
2026-09-15 22:31:22,251 - scraper_base - INFO - ✅ Petlove: 11 produto(s) encontrado(s) para NexGard
2026-09-15 22:31:23,795 - scraper_base - INFO - 📦 [4/20] Processando NexGard Spectra
2026-09-15 22:31:23,795 - scraper_base - INFO - 🔍 Petlove: Buscando NexGard Spectra
2026-09-15 22:31:24,433 - scraper_base - INFO - ✅ Petlove: 5 produto(s) encontrado(s) para NexGard Spectra
2026-09-15 22:31:25,899 - scraper_base - INFO - 📦 [5/20] Processando NexGard Combo
2026-09-15 22:31:25,900 - scraper_base - INFO - 🔍 Petlove: Buscando NexGard Combo
2026-09-15 22:31:26,463 - scraper_base - INFO - ✅ Petlove: 2 produto(s) encontrado(s) para NexGard Combo
2026-09-15 22:31:27,850 - scraper_base - INFO - 📦 [6/20] Processando Bravecto
2026-09-15 22:31:27,850 - scraper_base - INFO - 🔍 Petlove: Buscando Bravecto
2026-09-15 22:31:29,047 - scraper_base - INFO - ✅ Petlove: 20 produto(s) encontrado(s) para Bravecto
2026-09-15 22:31:31,323 - scraper_base - INFO - 📦 [7/20] Processando Frontline
2026-09-15 22:31:31,323 - scraper_base - INFO - 🔍 Petlove: Buscando Frontline
2026-09-15 22:31:33,241 - scraper_base - INFO - ✅ Petlove: 11 produto(s) encontrado(s) para Frontline
2026-09-15 22:31:34,582 - scraper_base - INFO - 📦 [8/20] Processando Advocate
2026-09-15 22:31:34,582 - scraper_base - INFO - 🔍 Petlove: Buscando Advocate
2026-09-15 22:31:35,536 - scraper_base - INFO - ✅ Petlove: 9 produto(s) encontrado(s) para Advocate
2026-09-15 22:31:37,145 - scraper_base - INFO - 📦 [9/20] Processando Drontal
2026-09-15 22:31:37,145 - scraper_base - INFO - 🔍 Petlove: Buscando Drontal
2026-09-15 22:31:37,935 - scraper_base - INFO - ✅ Petlove: 36 produto(s) encontrado(s) para Drontal
2026-09-15 22:31:40,675 - scraper_base - INFO - 📦 [10/20] Processando Milbemax
2026-09-15 22:31:40,675 - scraper_base - INFO - 🔍 Petlove: Buscando Milbemax
2026-09-15 22:31:41,359 - scraper_base - INFO - ✅ Petlove: 14 produto(s) encontrado(s) para Milbemax
2026-09-15 22:31:44,187 - scraper_base - INFO - 📦 [11/20] Processando Vermivet
2026-09-15 22:31:44,187 - scraper_base - INFO - 🔍 Petlove: Buscando Vermivet
2026-09-15 22:31:44,875 - scraper_base - INFO - ✅ Petlove: 36 produto(s) encontrado(s) para Vermivet
2026-09-15 22:31:47,733 - scraper_base - INFO - 📦 [12/20] Processando Rimadyl
2026-09-15 22:31:47,733 - scraper_base - INFO - 🔍 Petlove: Buscando Rimadyl
2026-09-15 22:31:48,326 - scraper_base - INFO - ✅ Petlove: 1 produto(s) encontrado(s) para Rimadyl
2026-09-15 22:31:50,105 - scraper_base - INFO - 📦 [13/20] Processando Onsior
2026-09-15 22:31:50,105 - scraper_base - INFO - 🔍 Petlove: Buscando Onsior
2026-09-15 22:31:50,715 - scraper_base - INFO - ✅ Petlove: 4 produto(s) encontrado(s) para Onsior
2026-09-15 22:31:52,498 - scraper_base - INFO - 📦 [14/20] Processando Maxicam
2026-09-15 22:31:52,499 - scraper_base - INFO - 🔍 Petlove: Buscando Maxicam
2026-09-15 22:31:53,039 - scraper_base - INFO - ✅ Petlove: 3 produto(s) encontrado(s) para Maxicam
2026-09-15 22:31:55,235 - scraper_base - INFO - 📦 [15/20] Processando Carproflan
2026-09-15 22:31:55,235 - scraper_base - INFO - 🔍 Petlove: Buscando Carproflan
2026-09-15 22:31:55,785 - scraper_base - INFO - ✅ Petlove: 7 produto(s) encontrado(s) para Carproflan
2026-09-15 22:31:58,130 - scraper_base - INFO - 📦 [16/20] Processando Previcox
2026-09-15 22:31:58,130 - scraper_base - INFO - 🔍 Petlove: Buscando Previcox
2026-09-15 22:31:58,821 - scraper_base - INFO - ✅ Petlove: 4 produto(s) encontrado(s) para Previcox
2026-09-15 22:32:01,122 - scraper_base - INFO - 📦 [17/20] Processando Apoquel
2026-09-15 22:32:01,122 - scraper_base - INFO - 🔍 Petlove: Buscando Apoquel
2026-09-15 22:32:01,903 - scraper_base - INFO - ✅ Petlove: 16 produto(s) encontrado(s) para Apoquel
2026-09-15 22:32:03,389 - scraper_base - INFO - 📦 [18/20] Processando Zenrelia
2026-09-15 22:32:03,389 - scraper_base - INFO - 🔍 Petlove: Buscando Zenrelia
2026-09-15 22:32:03,930 - scraper_base - INFO - ✅ Petlove: 4 produto(s) encontrado(s) para Zenrelia
2026-09-15 22:32:05,542 - scraper_base - INFO - 📦 [19/20] Processando Synulox
2026-09-15 22:32:05,542 - scraper_base - INFO - 🔍 Petlove: Buscando Synulox
2026-09-15 22:32:06,027 - scraper_base - INFO - ✅ Petlove: 1 produto(s) encontrado(s) para Synulox
2026-09-15 22:32:07,249 - scraper_base - INFO - 📦 [20/20] Processando Baytril
2026-09-15 22:32:07,249 - scraper_base - INFO - 🔍 Petlove: Buscando Baytril
2026-09-15 22:32:07,868 - scraper_base - INFO - ✅ Petlove: 6 produto(s) encontrado(s) para Baytril
2026-09-15 22:32:09,865 - scraper_base - INFO - 📊 Petlove - Estatísticas finais:
2026-09-15 22:32:09,865 - scraper_base - INFO -    • Medicamentos processados: 20
2026-09-15 22:32:09,865 - scraper_base - INFO -    • Produtos encontrados: 245
2026-09-15 22:32:09,865 - scraper_base - INFO -    • Medicamentos sem resultado: 0
2026-09-15 22:32:09,865 - scraper_base - INFO -    • Tempo total: 54.2s
2026-09-15 22:32:09,865 - scraper_base - INFO -    • Tempo médio por medicamento: 2.7s
2026-09-15 22:32:09,911 - gerenciador_arquivos - INFO - Excel salvo: dados_coletados/petlove_20260915_223209.xlsx (245 produtos)
2026-09-15 22:32:09,911 - gerenciador_principal - INFO - Petlove: Arquivo individual salvo com sucesso
2026-09-15 22:32:09,912 - gerenciador_principal - INFO - Pausando entre sites...
2026-09-15 22:32:11,912 - gerenciador_principal - INFO - [3/3] Processando Petz
2026-09-15 22:32:11,912 - scraper_base - INFO - 🚀 Iniciando scraping completo - Petz
2026-09-15 22:32:12,910 - scraper_base - INFO - 📋 20 medicamentos para processar
2026-09-15 22:32:12,910 - scraper_base - INFO - 📦 [1/20] Processando Simparic
2026-09-15 22:32:12,910 - scraper_base - INFO - 🔍 Petz: Buscando Simparic
2026-09-15 22:32:16,604 - gerenciador_conexoes - INFO - Chrome inicializado com otimizacoes de velocidade
2026-09-15 22:32:16,721 - scraper_petz - INFO - Petz: Nenhum product-card encontrado para Simparic
2026-09-15 22:32:16,721 - scraper_base - INFO - ⚪ Petz: Nenhum produto encontrado para Simparic
2026-09-15 22:32:17,837 - scraper_base - INFO - 📦 [2/20] Processando Revolution
2026-09-15 22:32:17,837 - scraper_base - INFO - 🔍 Petz: Buscando Revolution
2026-09-15 22:32:17,918 - scraper_petz - INFO - Petz: Nenhum product-card encontrado para Revolution
2026-09-15 22:32:17,918 - scraper_base - INFO - ⚪ Petz: Nenhum produto encontrado para Revolution
2026-09-15 22:32:19,111 - scraper_base - INFO - 📦 [3/20] Processando NexGard
2026-09-15 22:32:19,111 - scraper_base - INFO - 🔍 Petz: Buscando NexGard
2026-09-15 22:32:19,174 - scraper_petz - INFO - Petz: Nenhum product-card encontrado para NexGard
2026-09-15 22:32:19,174 - scraper_base - INFO - ⚪ Petz: Nenhum produto encontrado para NexGard
2026-09-15 22:32:20,532 - scraper_base - INFO - 📦 [4/20] Processando NexGard Spectra
2026-09-15 22:32:20,533 - scraper_base - INFO - 🔍 Petz: Buscando NexGard Spectra
2026-09-15 22:32:20,597 - scraper_petz - INFO - Petz: Nenhum product-card encontrado para NexGard Spectra
2026-09-15 22:32:20,597 - scraper_base - INFO - ⚪ Petz: Nenhum produto encontrado para NexGard Spectra
2026-09-15 22:32:21,876 - scraper_base - INFO - 📦 [5/20] Processando NexGard Combo
2026-09-15 22:32:21,876 - scraper_base - INFO - 🔍 Petz: Buscando NexGard Combo
2026-09-15 22:32:21,946 - scraper_petz - INFO - Petz: Nenhum product-card encontrado para NexGard Combo
2026-09-15 22:32:21,946 - scraper_base - INFO - ⚪ Petz: Nenhum produto encontrado para NexGard Combo
2026-09-15 22:32:23,239 - scraper_base - INFO - 📦 [6/20] Processando Bravecto
2026-09-15 22:32:23,239 - scraper_base - INFO - 🔍 Petz: Buscando Bravecto
2026-09-15 22:32:23,308 - scraper_petz - INFO - Petz: Nenhum product-card encontrado para Bravecto
2026-09-15 22:32:23,308 - scraper_base - INFO - ⚪ Petz: Nenhum produto encontrado para Bravecto
2026-09-15 22:32:25,786 - scraper_base - INFO - 📦 [7/20] Processando Frontline
2026-09-15 22:32:25,786 - scraper_base - INFO - 🔍 Petz: Buscando Frontline
2026-09-15 22:32:25,855 - scraper_petz - INFO - Petz: Nenhum product-card encontrado para Frontline
2026-09-15 22:32:25,855 - scraper_base - INFO - ⚪ Petz: Nenhum produto encontrado para Frontline
2026-09-15 22:32:28,326 - scraper_base - INFO - 📦 [8/20] Processando Advocate
2026-09-15 22:32:28,326 - scraper_base - INFO - 🔍 Petz: Buscando Advocate
2026-09-15 22:32:28,408 - scraper_petz - INFO - Petz: Nenhum product-card encontrado para Advocate
2026-09-15 22:32:28,408 - scraper_base - INFO - ⚪ Petz: Nenhum produto encontrado para Advocate
2026-09-15 22:32:30,139 - scraper_base - INFO - 📦 [9/20] Processando Drontal
2026-09-15 22:32:30,139 - scraper_base - INFO - 🔍 Petz: Buscando Drontal
2026-09-15 22:32:30,218 - scraper_petz - INFO - Petz: Nenhum product-card encontrado para Drontal
2026-09-15 22:32:30,218 - scraper_base - INFO - ⚪ Petz: Nenhum produto encontrado para Drontal
2026-09-15 22:32:31,351 - scraper_base - INFO - 📦 [10/20] Processando Milbemax
2026-09-15 22:32:31,352 - scraper_base - INFO - 🔍 Petz: Buscando Milbemax
2026-09-15 22:32:31,424 - scraper_petz - INFO - Petz: Nenhum product-card encontrado para Milbemax
2026-09-15 22:32:31,424 - scraper_base - INFO - ⚪ Petz: Nenhum produto encontrado para Milbemax
2026-09-15 22:32:34,025 - scraper_base - INFO - 📦 [11/20] Processando Vermivet
2026-09-15 22:32:34,025 - scraper_base - INFO - 🔍 Petz: Buscando Vermivet
2026-09-15 22:32:34,934 - scraper_petz - INFO - Petz: Nenhum product-card encontrado para Vermivet
2026-09-15 22:32:34,934 - scraper_base - INFO - ⚪ Petz: Nenhum produto encontrado para Vermivet
2026-09-15 22:32:36,260 - scraper_base - INFO - 📦 [12/20] Processando Rimadyl
2026-09-15 22:32:36,260 - scraper_base - INFO - 🔍 Petz: Buscando Rimadyl
2026-09-15 22:32:36,325 - scraper_petz - INFO - Petz: Nenhum product-card encontrado para Rimadyl
2026-09-15 22:32:36,325 - scraper_base - INFO - ⚪ Petz: Nenhum produto encontrado para Rimadyl
2026-09-15 22:32:37,863 - scraper_base - INFO - 📦 [13/20] Processando Onsior
2026-09-15 22:32:37,864 - scraper_base - INFO - 🔍 Petz: Buscando Onsior
2026-09-15 22:32:37,930 - scraper_petz - INFO - Petz: Nenhum product-card encontrado para Onsior
2026-09-15 22:32:37,930 - scraper_base - INFO - ⚪ Petz: Nenhum produto encontrado para Onsior
2026-09-15 22:32:40,347 - scraper_base - INFO - 📦 [14/20] Processando Maxicam
2026-09-15 22:32:40,347 - scraper_base - INFO - 🔍 Petz: Buscando Maxicam
2026-09-15 22:32:40,420 - scraper_petz - INFO - Petz: Nenhum product-card encontrado para Maxicam
2026-09-15 22:32:40,420 - scraper_base - INFO - ⚪ Petz: Nenhum produto encontrado para Maxicam
2026-09-15 22:32:41,476 - scraper_base - INFO - 📦 [15/20] Processando Carproflan
2026-09-15 22:32:41,476 - scraper_base - INFO - 🔍 Petz: Buscando Carproflan
2026-09-15 22:32:41,546 - scraper_petz - INFO - Petz: Nenhum product-card encontrado para Carproflan
2026-09-15 22:32:41,546 - scraper_base - INFO - ⚪ Petz: Nenhum produto encontrado para Carproflan
2026-09-15 22:32:43,832 - scraper_base - INFO - 📦 [16/20] Processando Previcox
2026-09-15 22:32:43,833 - scraper_base - INFO - 🔍 Petz: Buscando Previcox
2026-09-15 22:32:43,907 - scraper_petz - INFO - Petz: Nenhum product-card encontrado para Previcox
2026-09-15 22:32:43,908 - scraper_base - INFO - ⚪ Petz: Nenhum produto encontrado para Previcox
2026-09-15 22:32:45,215 - scraper_base - INFO - 📦 [17/20] Processando Apoquel
2026-09-15 22:32:45,215 - scraper_base - INFO - 🔍 Petz: Buscando Apoquel
2026-09-15 22:32:45,287 - scraper_petz - INFO - Petz: Nenhum product-card encontrado para Apoquel
2026-09-15 22:32:45,287 - scraper_base - INFO - ⚪ Petz: Nenhum produto encontrado para Apoquel
2026-09-15 22:32:47,658 - scraper_base - INFO - 📦 [18/20] Processando Zenrelia
2026-09-15 22:32:47,659 - scraper_base - INFO - 🔍 Petz: Buscando Zenrelia
2026-09-15 22:32:47,723 - scraper_petz - INFO - Petz: Nenhum product-card encontrado para Zenrelia
2026-09-15 22:32:47,724 - scraper_base - INFO - ⚪ Petz: Nenhum produto encontrado para Zenrelia
2026-09-15 22:32:49,801 - scraper_base - INFO - 📦 [19/20] Processando Synulox
2026-09-15 22:32:49,801 - scraper_base - INFO - 🔍 Petz: Buscando Synulox
2026-09-15 22:32:49,866 - scraper_petz - INFO - Petz: Nenhum product-card encontrado para Synulox
2026-09-15 22:32:49,866 - scraper_base - INFO - ⚪ Petz: Nenhum produto encontrado para Synulox
2026-09-15 22:32:51,804 - scraper_base - INFO - 📦 [20/20] Processando Baytril
2026-09-15 22:32:51,804 - scraper_base - INFO - 🔍 Petz: Buscando Baytril
2026-09-15 22:32:51,868 - scraper_petz - INFO - Petz: Nenhum product-card encontrado para Baytril
2026-09-15 22:32:51,868 - scraper_base - INFO - ⚪ Petz: Nenhum produto encontrado para Baytril
2026-09-15 22:32:54,131 - scraper_base - INFO - 📊 Petz - Estatísticas finais:
2026-09-15 22:32:54,131 - scraper_base - INFO -    • Medicamentos processados: 20
2026-09-15 22:32:54,131 - scraper_base - INFO -    • Produtos encontrados: 0
2026-09-15 22:32:54,132 - scraper_base - INFO -    • Medicamentos sem resultado: 20
2026-09-15 22:32:54,132 - scraper_base - INFO -    • Tempo total: 42.2s
2026-09-15 22:32:54,132 - scraper_base - INFO -    • Tempo médio por medicamento: 2.1s
2026-09-15 22:32:54,132 - gerenciador_principal - WARNING - Petz: Nenhum produto coletado
2026-09-15 22:32:54,132 - gerenciador_principal - INFO - Gerando relatório consolidado...
2026-09-15 22:32:54,272 - gerenciador_arquivos - INFO - Relatório consolidado salvo: dados_relatorios/relatorio_consolidado_20260915_223254.xlsx
2026-09-15 22:32:54,339 - gerenciador_conexoes - INFO - Chrome fechado
2026-09-15 22:32:54,339 - gerenciador_conexoes - INFO - Métodos utilizados - Requests: 66.7%, Selenium: 33.3%, Falhas: 0.0%
2026-09-15 22:32:54,339 - gerenciador_principal - INFO - ============================================================
2026-09-15 22:32:54,339 - gerenciador_principal - INFO - RELATORIO FINAL DE EXECUÇÃO
2026-09-15 22:32:54,339 - gerenciador_principal - INFO - ============================================================
2026-09-15 22:32:54,339 - gerenciador_principal - INFO - Sites processados: 3
2026-09-15 22:32:54,340 - gerenciador_principal - INFO - Sites com sucesso: 2
2026-09-15 22:32:54,340 - gerenciador_principal - INFO - Total de produtos coletados: 404
2026-09-15 22:32:54,340 - gerenciador_principal - WARNING - Sites com falhas: Petz
2026-09-15 22:32:54,340 - gerenciador_principal - INFO - Tempo total de execução: 191.2 segundos
2026-09-15 22:32:54,340 - gerenciador_principal - INFO - Estatísticas de conexão:
2026-09-15 22:32:54,340 - gerenciador_principal - INFO -   - Requests bem-sucedidos: 66.7%
2026-09-15 22:32:54,340 - gerenciador_principal - INFO -   - Selenium fallback: 33.3%
2026-09-15 22:32:54,340 - gerenciador_principal - INFO -   - Falhas totais: 0.0%
2026-09-15 22:32:54,344 - gerenciador_principal - INFO - Arquivos salvos na pasta: dados_coletados
2026-09-15 22:32:54,344 - gerenciador_principal - INFO - Total de arquivos: 993
2026-09-15 22:32:54,344 - gerenciador_principal - INFO - ============================================================
