2026-03-28 20:15:56,229 - configurador_logs - INFO - Sistema de logs configurado com sucesso
2026-03-28 20:15:56,229 - configurador_logs - INFO - 🚀 Logs configurados para MODO PRODUÇÃO
2026-03-28 20:15:56,230 - gerenciador_principal - INFO - Inicializando sistema - Modo: PRODUCAO
2026-03-28 20:15:56,230 - gerenciador_arquivos - INFO - Pasta dados_coletados preparada
2026-03-28 20:15:56,230 - gerenciador_principal - INFO - Sistema inicializado com 3 scrapers
2026-03-28 20:15:56,230 - gerenciador_principal - INFO - ============================================================
2026-03-28 20:15:56,230 - gerenciador_principal - INFO - INICIANDO SCRAPING COMPLETO - PRODUCAO
2026-03-28 20:15:56,230 - gerenciador_principal - INFO - ============================================================
2026-03-28 20:15:56,230 - gerenciador_principal - INFO - [1/3] Processando Cobasi
2026-03-28 20:15:56,230 - scraper_base - INFO - 🚀 Iniciando scraping completo - Cobasi
2026-03-28 20:15:56,681 - gerenciador_conexoes - INFO - Sessao estabelecida com cobasi.com.br
2026-03-28 20:15:56,681 - scraper_base - INFO - 📋 20 medicamentos para processar
2026-03-28 20:15:56,681 - scraper_base - INFO - 📦 [1/20] Processando Simparic
2026-03-28 20:15:56,681 - scraper_base - INFO - 🔍 Cobasi: Buscando Simparic
2026-03-28 20:16:00,513 - scraper_cobasi - INFO - Cobasi: Dados extraídos via JSON para Simparic
2026-03-28 20:16:00,513 - scraper_base - INFO - ✅ Cobasi: 12 produto(s) encontrado(s) para Simparic
2026-03-28 20:16:03,110 - scraper_base - INFO - 📦 [2/20] Processando Revolution
2026-03-28 20:16:03,110 - scraper_base - INFO - 🔍 Cobasi: Buscando Revolution
2026-03-28 20:16:06,925 - scraper_cobasi - INFO - Cobasi: Dados extraídos via JSON para Revolution
2026-03-28 20:16:06,925 - scraper_base - INFO - ✅ Cobasi: 18 produto(s) encontrado(s) para Revolution
2026-03-28 20:16:08,433 - scraper_base - INFO - 📦 [3/20] Processando NexGard
2026-03-28 20:16:08,433 - scraper_base - INFO - 🔍 Cobasi: Buscando NexGard
2026-03-28 20:16:13,843 - scraper_cobasi - INFO - Cobasi: Dados extraídos via JSON para NexGard
2026-03-28 20:16:13,843 - scraper_base - INFO - ✅ Cobasi: 22 produto(s) encontrado(s) para NexGard
2026-03-28 20:16:15,260 - scraper_base - INFO - 📦 [4/20] Processando NexGard Spectra
2026-03-28 20:16:15,260 - scraper_base - INFO - 🔍 Cobasi: Buscando NexGard Spectra
2026-03-28 20:16:18,474 - scraper_cobasi - INFO - Cobasi: Dados extraídos via JSON para NexGard Spectra
2026-03-28 20:16:18,474 - scraper_base - INFO - ✅ Cobasi: 10 produto(s) encontrado(s) para NexGard Spectra
2026-03-28 20:16:20,614 - scraper_base - INFO - 📦 [5/20] Processando NexGard Combo
2026-03-28 20:16:20,614 - scraper_base - INFO - 🔍 Cobasi: Buscando NexGard Combo
2026-03-28 20:16:23,292 - scraper_cobasi - INFO - Cobasi: Dados extraídos via JSON para NexGard Combo
2026-03-28 20:16:23,292 - scraper_base - INFO - ✅ Cobasi: 4 produto(s) encontrado(s) para NexGard Combo
2026-03-28 20:16:25,897 - scraper_base - INFO - 📦 [6/20] Processando Bravecto
2026-03-28 20:16:25,897 - scraper_base - INFO - 🔍 Cobasi: Buscando Bravecto
2026-03-28 20:16:30,128 - scraper_cobasi - INFO - Cobasi: Dados extraídos via JSON para Bravecto
2026-03-28 20:16:30,128 - scraper_base - INFO - ✅ Cobasi: 16 produto(s) encontrado(s) para Bravecto
2026-03-28 20:16:31,714 - scraper_base - INFO - 📦 [7/20] Processando Frontline
2026-03-28 20:16:31,714 - scraper_base - INFO - 🔍 Cobasi: Buscando Frontline
2026-03-28 20:16:35,516 - scraper_cobasi - INFO - Cobasi: Dados extraídos via JSON para Frontline
2026-03-28 20:16:35,516 - scraper_base - INFO - ✅ Cobasi: 11 produto(s) encontrado(s) para Frontline
2026-03-28 20:16:38,400 - scraper_base - INFO - 📦 [8/20] Processando Advocate
2026-03-28 20:16:38,400 - scraper_base - INFO - 🔍 Cobasi: Buscando Advocate
2026-03-28 20:16:42,005 - scraper_cobasi - INFO - Cobasi: Dados extraídos via JSON para Advocate
2026-03-28 20:16:42,005 - scraper_base - INFO - ✅ Cobasi: 12 produto(s) encontrado(s) para Advocate
2026-03-28 20:16:43,806 - scraper_base - INFO - 📦 [9/20] Processando Drontal
2026-03-28 20:16:43,806 - scraper_base - INFO - 🔍 Cobasi: Buscando Drontal
2026-03-28 20:16:47,027 - scraper_cobasi - INFO - Cobasi: Dados extraídos via JSON para Drontal
2026-03-28 20:16:47,027 - scraper_base - INFO - ✅ Cobasi: 8 produto(s) encontrado(s) para Drontal
2026-03-28 20:16:48,945 - scraper_base - INFO - 📦 [10/20] Processando Milbemax
2026-03-28 20:16:48,945 - scraper_base - INFO - 🔍 Cobasi: Buscando Milbemax
2026-03-28 20:16:52,249 - scraper_cobasi - INFO - Cobasi: Dados extraídos via JSON para Milbemax
2026-03-28 20:16:52,249 - scraper_base - INFO - ✅ Cobasi: 4 produto(s) encontrado(s) para Milbemax
2026-03-28 20:16:53,920 - scraper_base - INFO - 📦 [11/20] Processando Vermivet
2026-03-28 20:16:53,920 - scraper_base - INFO - 🔍 Cobasi: Buscando Vermivet
2026-03-28 20:16:57,177 - scraper_cobasi - INFO - Cobasi: Dados extraídos via JSON para Vermivet
2026-03-28 20:16:57,177 - scraper_base - INFO - ✅ Cobasi: 5 produto(s) encontrado(s) para Vermivet
2026-03-28 20:16:58,907 - scraper_base - INFO - 📦 [12/20] Processando Rimadyl
2026-03-28 20:16:58,907 - scraper_base - INFO - 🔍 Cobasi: Buscando Rimadyl
2026-03-28 20:17:01,775 - scraper_cobasi - INFO - Cobasi: Dados extraídos via JSON para Rimadyl
2026-03-28 20:17:01,775 - scraper_base - INFO - ✅ Cobasi: 3 produto(s) encontrado(s) para Rimadyl
2026-03-28 20:17:04,354 - scraper_base - INFO - 📦 [13/20] Processando Onsior
2026-03-28 20:17:04,355 - scraper_base - INFO - 🔍 Cobasi: Buscando Onsior
2026-03-28 20:17:07,866 - scraper_cobasi - INFO - Cobasi: Dados extraídos via JSON para Onsior
2026-03-28 20:17:07,866 - scraper_base - INFO - ✅ Cobasi: 4 produto(s) encontrado(s) para Onsior
2026-03-28 20:17:10,008 - scraper_base - INFO - 📦 [14/20] Processando Maxicam
2026-03-28 20:17:10,008 - scraper_base - INFO - 🔍 Cobasi: Buscando Maxicam
2026-03-28 20:17:12,751 - scraper_cobasi - INFO - Cobasi: Dados extraídos via JSON para Maxicam
2026-03-28 20:17:12,752 - scraper_base - INFO - ✅ Cobasi: 3 produto(s) encontrado(s) para Maxicam
2026-03-28 20:17:14,656 - scraper_base - INFO - 📦 [15/20] Processando Carproflan
2026-03-28 20:17:14,656 - scraper_base - INFO - 🔍 Cobasi: Buscando Carproflan
2026-03-28 20:17:17,656 - scraper_cobasi - INFO - Cobasi: Dados extraídos via JSON para Carproflan
2026-03-28 20:17:17,656 - scraper_base - INFO - ✅ Cobasi: 3 produto(s) encontrado(s) para Carproflan
2026-03-28 20:17:20,552 - scraper_base - INFO - 📦 [16/20] Processando Previcox
2026-03-28 20:17:20,553 - scraper_base - INFO - 🔍 Cobasi: Buscando Previcox
2026-03-28 20:17:24,662 - scraper_cobasi - INFO - Cobasi: Dados extraídos via JSON para Previcox
2026-03-28 20:17:24,662 - scraper_base - INFO - ✅ Cobasi: 2 produto(s) encontrado(s) para Previcox
2026-03-28 20:17:26,267 - scraper_base - INFO - 📦 [17/20] Processando Apoquel
2026-03-28 20:17:26,267 - scraper_base - INFO - 🔍 Cobasi: Buscando Apoquel
2026-03-28 20:17:30,097 - scraper_cobasi - INFO - Cobasi: Dados extraídos via JSON para Apoquel
2026-03-28 20:17:30,097 - scraper_base - INFO - ✅ Cobasi: 3 produto(s) encontrado(s) para Apoquel
2026-03-28 20:17:32,015 - scraper_base - INFO - 📦 [18/20] Processando Zenrelia
2026-03-28 20:17:32,015 - scraper_base - INFO - 🔍 Cobasi: Buscando Zenrelia
2026-03-28 20:17:34,681 - scraper_cobasi - INFO - Cobasi: Dados extraídos via JSON para Zenrelia
2026-03-28 20:17:34,681 - scraper_base - INFO - ✅ Cobasi: 4 produto(s) encontrado(s) para Zenrelia
2026-03-28 20:17:37,001 - scraper_base - INFO - 📦 [19/20] Processando Synulox
2026-03-28 20:17:37,001 - scraper_base - INFO - 🔍 Cobasi: Buscando Synulox
2026-03-28 20:17:39,878 - scraper_cobasi - INFO - Cobasi: Dados extraídos via JSON para Synulox
2026-03-28 20:17:39,878 - scraper_base - INFO - ✅ Cobasi: 2 produto(s) encontrado(s) para Synulox
2026-03-28 20:17:41,873 - scraper_base - INFO - 📦 [20/20] Processando Baytril
2026-03-28 20:17:41,874 - scraper_base - INFO - 🔍 Cobasi: Buscando Baytril
2026-03-28 20:17:45,095 - scraper_cobasi - INFO - Cobasi: Dados extraídos via JSON para Baytril
2026-03-28 20:17:45,095 - scraper_base - INFO - ✅ Cobasi: 3 produto(s) encontrado(s) para Baytril
2026-03-28 20:17:48,037 - scraper_base - INFO - 📊 Cobasi - Estatísticas finais:
2026-03-28 20:17:48,037 - scraper_base - INFO -    • Medicamentos processados: 20
2026-03-28 20:17:48,037 - scraper_base - INFO -    • Produtos encontrados: 149
2026-03-28 20:17:48,037 - scraper_base - INFO -    • Medicamentos sem resultado: 0
2026-03-28 20:17:48,037 - scraper_base - INFO -    • Tempo total: 111.8s
2026-03-28 20:17:48,037 - scraper_base - INFO -    • Tempo médio por medicamento: 5.6s
2026-03-28 20:17:48,232 - gerenciador_arquivos - INFO - Excel salvo: dados_coletados/cobasi_20260328_201748.xlsx (149 produtos)
2026-03-28 20:17:48,232 - gerenciador_principal - INFO - Cobasi: Arquivo individual salvo com sucesso
2026-03-28 20:17:48,232 - gerenciador_principal - INFO - Pausando entre sites...
2026-03-28 20:17:50,233 - gerenciador_principal - INFO - [2/3] Processando Petlove
2026-03-28 20:17:50,233 - scraper_base - INFO - 🚀 Iniciando scraping completo - Petlove
2026-03-28 20:17:50,471 - scraper_base - INFO - 📋 20 medicamentos para processar
2026-03-28 20:17:50,471 - scraper_base - INFO - 📦 [1/20] Processando Simparic
2026-03-28 20:17:50,471 - scraper_base - INFO - 🔍 Petlove: Buscando Simparic
2026-03-28 20:17:56,738 - gerenciador_conexoes - INFO - Chrome inicializado com otimizacoes de velocidade
2026-03-28 20:17:59,587 - scraper_base - INFO - ✅ Petlove: 27 produto(s) encontrado(s) para Simparic
2026-03-28 20:18:01,207 - scraper_base - INFO - 📦 [2/20] Processando Revolution
2026-03-28 20:18:01,207 - scraper_base - INFO - 🔍 Petlove: Buscando Revolution
2026-03-28 20:18:03,049 - scraper_base - INFO - ✅ Petlove: 20 produto(s) encontrado(s) para Revolution
2026-03-28 20:18:04,383 - scraper_base - INFO - 📦 [3/20] Processando NexGard
2026-03-28 20:18:04,383 - scraper_base - INFO - 🔍 Petlove: Buscando NexGard
2026-03-28 20:18:06,763 - scraper_base - INFO - ✅ Petlove: 11 produto(s) encontrado(s) para NexGard
2026-03-28 20:18:07,767 - scraper_base - INFO - 📦 [4/20] Processando NexGard Spectra
2026-03-28 20:18:07,767 - scraper_base - INFO - 🔍 Petlove: Buscando NexGard Spectra
2026-03-28 20:18:08,971 - scraper_base - INFO - ✅ Petlove: 5 produto(s) encontrado(s) para NexGard Spectra
2026-03-28 20:18:11,579 - scraper_base - INFO - 📦 [5/20] Processando NexGard Combo
2026-03-28 20:18:11,579 - scraper_base - INFO - 🔍 Petlove: Buscando NexGard Combo
2026-03-28 20:18:12,984 - scraper_base - INFO - ✅ Petlove: 2 produto(s) encontrado(s) para NexGard Combo
2026-03-28 20:18:14,111 - scraper_base - INFO - 📦 [6/20] Processando Bravecto
2026-03-28 20:18:14,111 - scraper_base - INFO - 🔍 Petlove: Buscando Bravecto
2026-03-28 20:18:16,709 - scraper_base - INFO - ✅ Petlove: 23 produto(s) encontrado(s) para Bravecto
2026-03-28 20:18:18,569 - scraper_base - INFO - 📦 [7/20] Processando Frontline
2026-03-28 20:18:18,569 - scraper_base - INFO - 🔍 Petlove: Buscando Frontline
2026-03-28 20:18:20,126 - scraper_base - INFO - ✅ Petlove: 11 produto(s) encontrado(s) para Frontline
2026-03-28 20:18:22,594 - scraper_base - INFO - 📦 [8/20] Processando Advocate
2026-03-28 20:18:22,595 - scraper_base - INFO - 🔍 Petlove: Buscando Advocate
2026-03-28 20:18:24,530 - scraper_base - INFO - ✅ Petlove: 9 produto(s) encontrado(s) para Advocate
2026-03-28 20:18:25,605 - scraper_base - INFO - 📦 [9/20] Processando Drontal
2026-03-28 20:18:25,606 - scraper_base - INFO - 🔍 Petlove: Buscando Drontal
2026-03-28 20:18:27,599 - scraper_base - INFO - ✅ Petlove: 36 produto(s) encontrado(s) para Drontal
2026-03-28 20:18:30,317 - scraper_base - INFO - 📦 [10/20] Processando Milbemax
2026-03-28 20:18:30,317 - scraper_base - INFO - 🔍 Petlove: Buscando Milbemax
2026-03-28 20:18:31,887 - scraper_base - INFO - ✅ Petlove: 14 produto(s) encontrado(s) para Milbemax
2026-03-28 20:18:33,943 - scraper_base - INFO - 📦 [11/20] Processando Vermivet
2026-03-28 20:18:33,943 - scraper_base - INFO - 🔍 Petlove: Buscando Vermivet
2026-03-28 20:18:36,453 - scraper_base - INFO - ✅ Petlove: 36 produto(s) encontrado(s) para Vermivet
2026-03-28 20:18:39,265 - scraper_base - INFO - 📦 [12/20] Processando Rimadyl
2026-03-28 20:18:39,266 - scraper_base - INFO - 🔍 Petlove: Buscando Rimadyl
2026-03-28 20:18:40,802 - scraper_base - INFO - ✅ Petlove: 1 produto(s) encontrado(s) para Rimadyl
2026-03-28 20:18:41,816 - scraper_base - INFO - 📦 [13/20] Processando Onsior
2026-03-28 20:18:41,817 - scraper_base - INFO - 🔍 Petlove: Buscando Onsior
2026-03-28 20:18:43,475 - scraper_base - INFO - ✅ Petlove: 4 produto(s) encontrado(s) para Onsior
2026-03-28 20:18:45,882 - scraper_base - INFO - 📦 [14/20] Processando Maxicam
2026-03-28 20:18:45,882 - scraper_base - INFO - 🔍 Petlove: Buscando Maxicam
2026-03-28 20:18:47,286 - scraper_base - INFO - ✅ Petlove: 3 produto(s) encontrado(s) para Maxicam
2026-03-28 20:18:48,695 - scraper_base - INFO - 📦 [15/20] Processando Carproflan
2026-03-28 20:18:48,695 - scraper_base - INFO - 🔍 Petlove: Buscando Carproflan
2026-03-28 20:18:50,148 - scraper_base - INFO - ✅ Petlove: 8 produto(s) encontrado(s) para Carproflan
2026-03-28 20:18:51,271 - scraper_base - INFO - 📦 [16/20] Processando Previcox
2026-03-28 20:18:51,271 - scraper_base - INFO - 🔍 Petlove: Buscando Previcox
2026-03-28 20:18:52,765 - scraper_base - INFO - ✅ Petlove: 4 produto(s) encontrado(s) para Previcox
2026-03-28 20:18:54,146 - scraper_base - INFO - 📦 [17/20] Processando Apoquel
2026-03-28 20:18:54,146 - scraper_base - INFO - 🔍 Petlove: Buscando Apoquel
2026-03-28 20:18:55,612 - scraper_base - INFO - ✅ Petlove: 16 produto(s) encontrado(s) para Apoquel
2026-03-28 20:18:58,193 - scraper_base - INFO - 📦 [18/20] Processando Zenrelia
2026-03-28 20:18:58,193 - scraper_base - INFO - 🔍 Petlove: Buscando Zenrelia
2026-03-28 20:18:59,785 - scraper_base - INFO - ✅ Petlove: 4 produto(s) encontrado(s) para Zenrelia
2026-03-28 20:19:01,024 - scraper_base - INFO - 📦 [19/20] Processando Synulox
2026-03-28 20:19:01,024 - scraper_base - INFO - 🔍 Petlove: Buscando Synulox
2026-03-28 20:19:02,467 - scraper_base - INFO - ✅ Petlove: 1 produto(s) encontrado(s) para Synulox
2026-03-28 20:19:04,274 - scraper_base - INFO - 📦 [20/20] Processando Baytril
2026-03-28 20:19:04,274 - scraper_base - INFO - 🔍 Petlove: Buscando Baytril
2026-03-28 20:19:05,733 - scraper_base - INFO - ✅ Petlove: 4 produto(s) encontrado(s) para Baytril
2026-03-28 20:19:07,743 - scraper_base - INFO - 📊 Petlove - Estatísticas finais:
2026-03-28 20:19:07,743 - scraper_base - INFO -    • Medicamentos processados: 20
2026-03-28 20:19:07,743 - scraper_base - INFO -    • Produtos encontrados: 239
2026-03-28 20:19:07,744 - scraper_base - INFO -    • Medicamentos sem resultado: 0
2026-03-28 20:19:07,744 - scraper_base - INFO -    • Tempo total: 77.5s
2026-03-28 20:19:07,744 - scraper_base - INFO -    • Tempo médio por medicamento: 3.9s
2026-03-28 20:19:07,790 - gerenciador_arquivos - INFO - Excel salvo: dados_coletados/petlove_20260328_201907.xlsx (239 produtos)
2026-03-28 20:19:07,790 - gerenciador_principal - INFO - Petlove: Arquivo individual salvo com sucesso
2026-03-28 20:19:07,790 - gerenciador_principal - INFO - Pausando entre sites...
2026-03-28 20:19:09,791 - gerenciador_principal - INFO - [3/3] Processando Petz
2026-03-28 20:19:09,791 - scraper_base - INFO - 🚀 Iniciando scraping completo - Petz
2026-03-28 20:19:10,306 - scraper_base - INFO - 📋 20 medicamentos para processar
2026-03-28 20:19:10,306 - scraper_base - INFO - 📦 [1/20] Processando Simparic
2026-03-28 20:19:10,307 - scraper_base - INFO - 🔍 Petz: Buscando Simparic
2026-03-28 20:19:15,963 - scraper_base - INFO - ✅ Petz: 12 produto(s) encontrado(s) para Simparic
2026-03-28 20:19:17,434 - scraper_base - INFO - 📦 [2/20] Processando Revolution
2026-03-28 20:19:17,434 - scraper_base - INFO - 🔍 Petz: Buscando Revolution
2026-03-28 20:19:19,942 - scraper_base - INFO - ✅ Petz: 21 produto(s) encontrado(s) para Revolution
2026-03-28 20:19:22,919 - scraper_base - INFO - 📦 [3/20] Processando NexGard
2026-03-28 20:19:22,919 - scraper_base - INFO - 🔍 Petz: Buscando NexGard
2026-03-28 20:19:24,967 - scraper_base - INFO - ✅ Petz: 22 produto(s) encontrado(s) para NexGard
2026-03-28 20:19:26,880 - scraper_base - INFO - 📦 [4/20] Processando NexGard Spectra
2026-03-28 20:19:26,880 - scraper_base - INFO - 🔍 Petz: Buscando NexGard Spectra
2026-03-28 20:19:29,354 - scraper_base - INFO - ✅ Petz: 10 produto(s) encontrado(s) para NexGard Spectra
2026-03-28 20:19:31,340 - scraper_base - INFO - 📦 [5/20] Processando NexGard Combo
2026-03-28 20:19:31,341 - scraper_base - INFO - 🔍 Petz: Buscando NexGard Combo
2026-03-28 20:19:33,418 - scraper_base - INFO - ✅ Petz: 4 produto(s) encontrado(s) para NexGard Combo
2026-03-28 20:19:34,700 - scraper_base - INFO - 📦 [6/20] Processando Bravecto
2026-03-28 20:19:34,701 - scraper_base - INFO - 🔍 Petz: Buscando Bravecto
2026-03-28 20:19:37,067 - scraper_base - INFO - ✅ Petz: 16 produto(s) encontrado(s) para Bravecto
2026-03-28 20:19:39,717 - scraper_base - INFO - 📦 [7/20] Processando Frontline
2026-03-28 20:19:39,717 - scraper_base - INFO - 🔍 Petz: Buscando Frontline
2026-03-28 20:19:41,588 - scraper_base - INFO - ✅ Petz: 11 produto(s) encontrado(s) para Frontline
2026-03-28 20:19:44,587 - scraper_base - INFO - 📦 [8/20] Processando Advocate
2026-03-28 20:19:44,587 - scraper_base - INFO - 🔍 Petz: Buscando Advocate
2026-03-28 20:19:46,818 - scraper_base - INFO - ✅ Petz: 12 produto(s) encontrado(s) para Advocate
2026-03-28 20:19:48,210 - scraper_base - INFO - 📦 [9/20] Processando Drontal
2026-03-28 20:19:48,211 - scraper_base - INFO - 🔍 Petz: Buscando Drontal
2026-03-28 20:19:51,405 - scraper_base - INFO - ✅ Petz: 32 produto(s) encontrado(s) para Drontal
2026-03-28 20:19:52,843 - scraper_base - INFO - 📦 [10/20] Processando Milbemax
2026-03-28 20:19:52,843 - scraper_base - INFO - 🔍 Petz: Buscando Milbemax
2026-03-28 20:19:54,818 - scraper_base - INFO - ✅ Petz: 4 produto(s) encontrado(s) para Milbemax
2026-03-28 20:19:57,448 - scraper_base - INFO - 📦 [11/20] Processando Vermivet
2026-03-28 20:19:57,448 - scraper_base - INFO - 🔍 Petz: Buscando Vermivet
2026-03-28 20:19:59,440 - scraper_base - INFO - ✅ Petz: 5 produto(s) encontrado(s) para Vermivet
2026-03-28 20:20:02,374 - scraper_base - INFO - 📦 [12/20] Processando Rimadyl
2026-03-28 20:20:02,374 - scraper_base - INFO - 🔍 Petz: Buscando Rimadyl
2026-03-28 20:20:04,173 - scraper_base - INFO - ✅ Petz: 3 produto(s) encontrado(s) para Rimadyl
2026-03-28 20:20:06,745 - scraper_base - INFO - 📦 [13/20] Processando Onsior
2026-03-28 20:20:06,745 - scraper_base - INFO - 🔍 Petz: Buscando Onsior
2026-03-28 20:20:08,770 - scraper_base - INFO - ✅ Petz: 4 produto(s) encontrado(s) para Onsior
2026-03-28 20:20:11,233 - scraper_base - INFO - 📦 [14/20] Processando Maxicam
2026-03-28 20:20:11,233 - scraper_base - INFO - 🔍 Petz: Buscando Maxicam
2026-03-28 20:20:13,820 - scraper_base - INFO - ✅ Petz: 29 produto(s) encontrado(s) para Maxicam
2026-03-28 20:20:15,197 - scraper_base - INFO - 📦 [15/20] Processando Carproflan
2026-03-28 20:20:15,197 - scraper_base - INFO - 🔍 Petz: Buscando Carproflan
2026-03-28 20:20:16,863 - scraper_base - INFO - ✅ Petz: 3 produto(s) encontrado(s) para Carproflan
2026-03-28 20:20:19,418 - scraper_base - INFO - 📦 [16/20] Processando Previcox
2026-03-28 20:20:19,418 - scraper_base - INFO - 🔍 Petz: Buscando Previcox
2026-03-28 20:20:21,028 - scraper_base - INFO - ✅ Petz: 2 produto(s) encontrado(s) para Previcox
2026-03-28 20:20:22,834 - scraper_base - INFO - 📦 [17/20] Processando Apoquel
2026-03-28 20:20:22,834 - scraper_base - INFO - 🔍 Petz: Buscando Apoquel
2026-03-28 20:20:24,578 - scraper_base - INFO - ✅ Petz: 3 produto(s) encontrado(s) para Apoquel
2026-03-28 20:20:26,777 - scraper_base - INFO - 📦 [18/20] Processando Zenrelia
2026-03-28 20:20:26,778 - scraper_base - INFO - 🔍 Petz: Buscando Zenrelia
2026-03-28 20:20:28,398 - scraper_base - INFO - ✅ Petz: 4 produto(s) encontrado(s) para Zenrelia
2026-03-28 20:20:30,284 - scraper_base - INFO - 📦 [19/20] Processando Synulox
2026-03-28 20:20:30,284 - scraper_base - INFO - 🔍 Petz: Buscando Synulox
2026-03-28 20:20:31,969 - scraper_base - INFO - ✅ Petz: 2 produto(s) encontrado(s) para Synulox
2026-03-28 20:20:34,606 - scraper_base - INFO - 📦 [20/20] Processando Baytril
2026-03-28 20:20:34,606 - scraper_base - INFO - 🔍 Petz: Buscando Baytril
2026-03-28 20:20:36,576 - scraper_base - INFO - ✅ Petz: 9 produto(s) encontrado(s) para Baytril
2026-03-28 20:20:39,057 - scraper_base - INFO - 📊 Petz - Estatísticas finais:
2026-03-28 20:20:39,057 - scraper_base - INFO -    • Medicamentos processados: 20
2026-03-28 20:20:39,057 - scraper_base - INFO -    • Produtos encontrados: 208
2026-03-28 20:20:39,057 - scraper_base - INFO -    • Medicamentos sem resultado: 0
2026-03-28 20:20:39,057 - scraper_base - INFO -    • Tempo total: 89.3s
2026-03-28 20:20:39,057 - scraper_base - INFO -    • Tempo médio por medicamento: 4.5s
2026-03-28 20:20:39,102 - gerenciador_arquivos - INFO - Excel salvo: dados_coletados/petz_20260328_202039.xlsx (208 produtos)
2026-03-28 20:20:39,102 - gerenciador_principal - INFO - Petz: Arquivo individual salvo com sucesso
2026-03-28 20:20:39,102 - gerenciador_principal - INFO - Gerando relatório consolidado...
2026-03-28 20:20:39,388 - gerenciador_arquivos - INFO - Relatório consolidado salvo: dados_relatorios/relatorio_consolidado_20260328_202039.xlsx
2026-03-28 20:20:39,508 - gerenciador_conexoes - INFO - Chrome fechado
2026-03-28 20:20:39,509 - gerenciador_conexoes - INFO - Métodos utilizados - Requests: 33.3%, Selenium: 66.7%, Falhas: 0.0%
2026-03-28 20:20:39,509 - gerenciador_principal - INFO - ============================================================
2026-03-28 20:20:39,509 - gerenciador_principal - INFO - RELATORIO FINAL DE EXECUÇÃO
2026-03-28 20:20:39,509 - gerenciador_principal - INFO - ============================================================
2026-03-28 20:20:39,509 - gerenciador_principal - INFO - Sites processados: 3
2026-03-28 20:20:39,509 - gerenciador_principal - INFO - Sites com sucesso: 3
2026-03-28 20:20:39,509 - gerenciador_principal - INFO - Total de produtos coletados: 596
2026-03-28 20:20:39,509 - gerenciador_principal - INFO - Tempo total de execução: 282.9 segundos
2026-03-28 20:20:39,509 - gerenciador_principal - INFO - Estatísticas de conexão:
2026-03-28 20:20:39,509 - gerenciador_principal - INFO -   - Requests bem-sucedidos: 33.3%
2026-03-28 20:20:39,509 - gerenciador_principal - INFO -   - Selenium fallback: 66.7%
2026-03-28 20:20:39,509 - gerenciador_principal - INFO -   - Falhas totais: 0.0%
2026-03-28 20:20:39,512 - gerenciador_principal - INFO - Arquivos salvos na pasta: dados_coletados
2026-03-28 20:20:39,512 - gerenciador_principal - INFO - Total de arquivos: 528
2026-03-28 20:20:39,512 - gerenciador_principal - INFO - ============================================================
