2026-09-26 22:13:45,051 - configurador_logs - INFO - Sistema de logs configurado com sucesso
2026-09-26 22:13:45,051 - configurador_logs - INFO - 🚀 Logs configurados para MODO PRODUÇÃO
2026-09-26 22:13:45,052 - gerenciador_principal - INFO - Inicializando sistema - Modo: PRODUCAO
2026-09-26 22:13:45,052 - gerenciador_arquivos - INFO - Pasta dados_coletados preparada
2026-09-26 22:13:45,052 - gerenciador_principal - INFO - Sistema inicializado com 3 scrapers
2026-09-26 22:13:45,052 - gerenciador_principal - INFO - ============================================================
2026-09-26 22:13:45,052 - gerenciador_principal - INFO - INICIANDO SCRAPING COMPLETO - PRODUCAO
2026-09-26 22:13:45,052 - gerenciador_principal - INFO - ============================================================
2026-09-26 22:13:45,052 - gerenciador_principal - INFO - [1/3] Processando Cobasi
2026-09-26 22:13:45,052 - scraper_base - INFO - 🚀 Iniciando scraping completo - Cobasi
2026-09-26 22:13:45,666 - gerenciador_conexoes - INFO - Sessao estabelecida com cobasi.com.br
2026-09-26 22:13:45,666 - scraper_base - INFO - 📋 20 medicamentos para processar
2026-09-26 22:13:45,666 - scraper_base - INFO - 📦 [1/20] Processando Simparic
2026-09-26 22:13:45,666 - scraper_base - INFO - 🔍 Cobasi: Buscando Simparic
2026-09-26 22:13:51,842 - scraper_cobasi - INFO - Cobasi: Dados extraídos via JSON para Simparic
2026-09-26 22:13:51,842 - scraper_base - INFO - ✅ Cobasi: 24 produto(s) encontrado(s) para Simparic
2026-09-26 22:13:53,596 - scraper_base - INFO - 📦 [2/20] Processando Revolution
2026-09-26 22:13:53,596 - scraper_base - INFO - 🔍 Cobasi: Buscando Revolution
2026-09-26 22:13:57,154 - scraper_cobasi - INFO - Cobasi: Dados extraídos via JSON para Revolution
2026-09-26 22:13:57,154 - scraper_base - INFO - ✅ Cobasi: 16 produto(s) encontrado(s) para Revolution
2026-09-26 22:13:59,728 - scraper_base - INFO - 📦 [3/20] Processando NexGard
2026-09-26 22:13:59,728 - scraper_base - INFO - 🔍 Cobasi: Buscando NexGard
2026-09-26 22:14:06,957 - scraper_cobasi - INFO - Cobasi: Dados extraídos via JSON para NexGard
2026-09-26 22:14:06,957 - scraper_base - INFO - ✅ Cobasi: 22 produto(s) encontrado(s) para NexGard
2026-09-26 22:14:09,102 - scraper_base - INFO - 📦 [4/20] Processando NexGard Spectra
2026-09-26 22:14:09,102 - scraper_base - INFO - 🔍 Cobasi: Buscando NexGard Spectra
2026-09-26 22:14:14,228 - scraper_cobasi - INFO - Cobasi: Dados extraídos via JSON para NexGard Spectra
2026-09-26 22:14:14,229 - scraper_base - INFO - ✅ Cobasi: 10 produto(s) encontrado(s) para NexGard Spectra
2026-09-26 22:14:16,676 - scraper_base - INFO - 📦 [5/20] Processando NexGard Combo
2026-09-26 22:14:16,677 - scraper_base - INFO - 🔍 Cobasi: Buscando NexGard Combo
2026-09-26 22:14:18,697 - scraper_cobasi - INFO - Cobasi: Dados extraídos via JSON para NexGard Combo
2026-09-26 22:14:18,697 - scraper_base - INFO - ✅ Cobasi: 4 produto(s) encontrado(s) para NexGard Combo
2026-09-26 22:14:21,305 - scraper_base - INFO - 📦 [6/20] Processando Bravecto
2026-09-26 22:14:21,306 - scraper_base - INFO - 🔍 Cobasi: Buscando Bravecto
2026-09-26 22:14:21,676 - scraper_cobasi - INFO - Cobasi: Dados extraídos via JSON para Bravecto
2026-09-26 22:14:21,676 - scraper_base - INFO - ✅ Cobasi: 16 produto(s) encontrado(s) para Bravecto
2026-09-26 22:14:23,745 - scraper_base - INFO - 📦 [7/20] Processando Frontline
2026-09-26 22:14:23,745 - scraper_base - INFO - 🔍 Cobasi: Buscando Frontline
2026-09-26 22:14:28,227 - scraper_cobasi - INFO - Cobasi: Dados extraídos via JSON para Frontline
2026-09-26 22:14:28,227 - scraper_base - INFO - ✅ Cobasi: 11 produto(s) encontrado(s) para Frontline
2026-09-26 22:14:30,350 - scraper_base - INFO - 📦 [8/20] Processando Advocate
2026-09-26 22:14:30,350 - scraper_base - INFO - 🔍 Cobasi: Buscando Advocate
2026-09-26 22:14:35,950 - scraper_cobasi - INFO - Cobasi: Dados extraídos via JSON para Advocate
2026-09-26 22:14:35,950 - scraper_base - INFO - ✅ Cobasi: 12 produto(s) encontrado(s) para Advocate
2026-09-26 22:14:38,516 - scraper_base - INFO - 📦 [9/20] Processando Drontal
2026-09-26 22:14:38,516 - scraper_base - INFO - 🔍 Cobasi: Buscando Drontal
2026-09-26 22:14:41,193 - scraper_cobasi - INFO - Cobasi: Dados extraídos via JSON para Drontal
2026-09-26 22:14:41,193 - scraper_base - INFO - ✅ Cobasi: 8 produto(s) encontrado(s) para Drontal
2026-09-26 22:14:43,050 - scraper_base - INFO - 📦 [10/20] Processando Milbemax
2026-09-26 22:14:43,050 - scraper_base - INFO - 🔍 Cobasi: Buscando Milbemax
2026-09-26 22:14:47,147 - scraper_cobasi - INFO - Cobasi: Dados extraídos via JSON para Milbemax
2026-09-26 22:14:47,147 - scraper_base - INFO - ✅ Cobasi: 4 produto(s) encontrado(s) para Milbemax
2026-09-26 22:14:48,315 - scraper_base - INFO - 📦 [11/20] Processando Vermivet
2026-09-26 22:14:48,315 - scraper_base - INFO - 🔍 Cobasi: Buscando Vermivet
2026-09-26 22:14:51,999 - scraper_cobasi - INFO - Cobasi: Dados extraídos via JSON para Vermivet
2026-09-26 22:14:51,999 - scraper_base - INFO - ✅ Cobasi: 5 produto(s) encontrado(s) para Vermivet
2026-09-26 22:14:53,693 - scraper_base - INFO - 📦 [12/20] Processando Rimadyl
2026-09-26 22:14:53,694 - scraper_base - INFO - 🔍 Cobasi: Buscando Rimadyl
2026-09-26 22:14:57,801 - scraper_cobasi - INFO - Cobasi: Dados extraídos via JSON para Rimadyl
2026-09-26 22:14:57,801 - scraper_base - INFO - ✅ Cobasi: 3 produto(s) encontrado(s) para Rimadyl
2026-09-26 22:14:59,890 - scraper_base - INFO - 📦 [13/20] Processando Onsior
2026-09-26 22:14:59,890 - scraper_base - INFO - 🔍 Cobasi: Buscando Onsior
2026-09-26 22:15:02,797 - scraper_cobasi - INFO - Cobasi: Dados extraídos via JSON para Onsior
2026-09-26 22:15:02,797 - scraper_base - INFO - ✅ Cobasi: 4 produto(s) encontrado(s) para Onsior
2026-09-26 22:15:04,058 - scraper_base - INFO - 📦 [14/20] Processando Maxicam
2026-09-26 22:15:04,058 - scraper_base - INFO - 🔍 Cobasi: Buscando Maxicam
2026-09-26 22:15:07,242 - scraper_cobasi - INFO - Cobasi: Dados extraídos via JSON para Maxicam
2026-09-26 22:15:07,242 - scraper_base - INFO - ✅ Cobasi: 3 produto(s) encontrado(s) para Maxicam
2026-09-26 22:15:08,638 - scraper_base - INFO - 📦 [15/20] Processando Carproflan
2026-09-26 22:15:08,638 - scraper_base - INFO - 🔍 Cobasi: Buscando Carproflan
2026-09-26 22:15:11,722 - scraper_cobasi - INFO - Cobasi: Dados extraídos via JSON para Carproflan
2026-09-26 22:15:11,722 - scraper_base - INFO - ✅ Cobasi: 3 produto(s) encontrado(s) para Carproflan
2026-09-26 22:15:13,689 - scraper_base - INFO - 📦 [16/20] Processando Previcox
2026-09-26 22:15:13,689 - scraper_base - INFO - 🔍 Cobasi: Buscando Previcox
2026-09-26 22:15:16,840 - scraper_cobasi - INFO - Cobasi: Dados extraídos via JSON para Previcox
2026-09-26 22:15:16,840 - scraper_base - INFO - ✅ Cobasi: 2 produto(s) encontrado(s) para Previcox
2026-09-26 22:15:19,216 - scraper_base - INFO - 📦 [17/20] Processando Apoquel
2026-09-26 22:15:19,216 - scraper_base - INFO - 🔍 Cobasi: Buscando Apoquel
2026-09-26 22:15:22,393 - scraper_cobasi - INFO - Cobasi: Dados extraídos via JSON para Apoquel
2026-09-26 22:15:22,393 - scraper_base - INFO - ✅ Cobasi: 3 produto(s) encontrado(s) para Apoquel
2026-09-26 22:15:24,040 - scraper_base - INFO - 📦 [18/20] Processando Zenrelia
2026-09-26 22:15:24,040 - scraper_base - INFO - 🔍 Cobasi: Buscando Zenrelia
2026-09-26 22:15:26,332 - scraper_cobasi - INFO - Cobasi: Dados extraídos via JSON para Zenrelia
2026-09-26 22:15:26,332 - scraper_base - INFO - ✅ Cobasi: 4 produto(s) encontrado(s) para Zenrelia
2026-09-26 22:15:27,968 - scraper_base - INFO - 📦 [19/20] Processando Synulox
2026-09-26 22:15:27,968 - scraper_base - INFO - 🔍 Cobasi: Buscando Synulox
2026-09-26 22:15:29,869 - scraper_cobasi - INFO - Cobasi: Dados extraídos via JSON para Synulox
2026-09-26 22:15:29,869 - scraper_base - INFO - ✅ Cobasi: 2 produto(s) encontrado(s) para Synulox
2026-09-26 22:15:31,475 - scraper_base - INFO - 📦 [20/20] Processando Baytril
2026-09-26 22:15:31,475 - scraper_base - INFO - 🔍 Cobasi: Buscando Baytril
2026-09-26 22:15:33,236 - scraper_cobasi - INFO - Cobasi: Dados extraídos via JSON para Baytril
2026-09-26 22:15:33,237 - scraper_base - INFO - ✅ Cobasi: 2 produto(s) encontrado(s) para Baytril
2026-09-26 22:15:34,352 - scraper_base - INFO - 📊 Cobasi - Estatísticas finais:
2026-09-26 22:15:34,352 - scraper_base - INFO -    • Medicamentos processados: 20
2026-09-26 22:15:34,352 - scraper_base - INFO -    • Produtos encontrados: 158
2026-09-26 22:15:34,352 - scraper_base - INFO -    • Medicamentos sem resultado: 0
2026-09-26 22:15:34,352 - scraper_base - INFO -    • Tempo total: 109.3s
2026-09-26 22:15:34,352 - scraper_base - INFO -    • Tempo médio por medicamento: 5.5s
2026-09-26 22:15:34,517 - gerenciador_arquivos - INFO - Excel salvo: dados_coletados/cobasi_20260926_221534.xlsx (158 produtos)
2026-09-26 22:15:34,517 - gerenciador_principal - INFO - Cobasi: Arquivo individual salvo com sucesso
2026-09-26 22:15:34,517 - gerenciador_principal - INFO - Pausando entre sites...
2026-09-26 22:15:36,518 - gerenciador_principal - INFO - [2/3] Processando Petlove
2026-09-26 22:15:36,518 - scraper_base - INFO - 🚀 Iniciando scraping completo - Petlove
2026-09-26 22:15:36,841 - gerenciador_conexoes - INFO - Sessao estabelecida com petlove.com.br
2026-09-26 22:15:36,842 - scraper_base - INFO - 📋 20 medicamentos para processar
2026-09-26 22:15:36,842 - scraper_base - INFO - 📦 [1/20] Processando Simparic
2026-09-26 22:15:36,842 - scraper_base - INFO - 🔍 Petlove: Buscando Simparic
2026-09-26 22:15:37,773 - scraper_base - INFO - ✅ Petlove: 36 produto(s) encontrado(s) para Simparic
2026-09-26 22:15:40,199 - scraper_base - INFO - 📦 [2/20] Processando Revolution
2026-09-26 22:15:40,199 - scraper_base - INFO - 🔍 Petlove: Buscando Revolution
2026-09-26 22:15:40,947 - scraper_base - INFO - ✅ Petlove: 19 produto(s) encontrado(s) para Revolution
2026-09-26 22:15:42,436 - scraper_base - INFO - 📦 [3/20] Processando NexGard
2026-09-26 22:15:42,436 - scraper_base - INFO - 🔍 Petlove: Buscando NexGard
2026-09-26 22:15:43,171 - scraper_base - INFO - ✅ Petlove: 11 produto(s) encontrado(s) para NexGard
2026-09-26 22:15:45,496 - scraper_base - INFO - 📦 [4/20] Processando NexGard Spectra
2026-09-26 22:15:45,497 - scraper_base - INFO - 🔍 Petlove: Buscando NexGard Spectra
2026-09-26 22:15:46,251 - scraper_base - INFO - ✅ Petlove: 5 produto(s) encontrado(s) para NexGard Spectra
2026-09-26 22:15:48,871 - scraper_base - INFO - 📦 [5/20] Processando NexGard Combo
2026-09-26 22:15:48,871 - scraper_base - INFO - 🔍 Petlove: Buscando NexGard Combo
2026-09-26 22:15:49,718 - scraper_base - INFO - ✅ Petlove: 2 produto(s) encontrado(s) para NexGard Combo
2026-09-26 22:15:50,761 - scraper_base - INFO - 📦 [6/20] Processando Bravecto
2026-09-26 22:15:50,761 - scraper_base - INFO - 🔍 Petlove: Buscando Bravecto
2026-09-26 22:15:51,574 - scraper_base - INFO - ✅ Petlove: 20 produto(s) encontrado(s) para Bravecto
2026-09-26 22:15:52,814 - scraper_base - INFO - 📦 [7/20] Processando Frontline
2026-09-26 22:15:52,814 - scraper_base - INFO - 🔍 Petlove: Buscando Frontline
2026-09-26 22:15:53,455 - scraper_base - INFO - ✅ Petlove: 11 produto(s) encontrado(s) para Frontline
2026-09-26 22:15:56,309 - scraper_base - INFO - 📦 [8/20] Processando Advocate
2026-09-26 22:15:56,309 - scraper_base - INFO - 🔍 Petlove: Buscando Advocate
2026-09-26 22:15:56,966 - scraper_base - INFO - ✅ Petlove: 9 produto(s) encontrado(s) para Advocate
2026-09-26 22:15:58,491 - scraper_base - INFO - 📦 [9/20] Processando Drontal
2026-09-26 22:15:58,491 - scraper_base - INFO - 🔍 Petlove: Buscando Drontal
2026-09-26 22:15:59,368 - scraper_base - INFO - ✅ Petlove: 36 produto(s) encontrado(s) para Drontal
2026-09-26 22:16:02,071 - scraper_base - INFO - 📦 [10/20] Processando Milbemax
2026-09-26 22:16:02,072 - scraper_base - INFO - 🔍 Petlove: Buscando Milbemax
2026-09-26 22:16:02,787 - scraper_base - INFO - ✅ Petlove: 14 produto(s) encontrado(s) para Milbemax
2026-09-26 22:16:04,219 - scraper_base - INFO - 📦 [11/20] Processando Vermivet
2026-09-26 22:16:04,219 - scraper_base - INFO - 🔍 Petlove: Buscando Vermivet
2026-09-26 22:16:05,182 - scraper_base - INFO - ✅ Petlove: 36 produto(s) encontrado(s) para Vermivet
2026-09-26 22:16:06,849 - scraper_base - INFO - 📦 [12/20] Processando Rimadyl
2026-09-26 22:16:06,850 - scraper_base - INFO - 🔍 Petlove: Buscando Rimadyl
2026-09-26 22:16:07,552 - scraper_base - INFO - ✅ Petlove: 1 produto(s) encontrado(s) para Rimadyl
2026-09-26 22:16:10,156 - scraper_base - INFO - 📦 [13/20] Processando Onsior
2026-09-26 22:16:10,156 - scraper_base - INFO - 🔍 Petlove: Buscando Onsior
2026-09-26 22:16:10,874 - scraper_base - INFO - ✅ Petlove: 4 produto(s) encontrado(s) para Onsior
2026-09-26 22:16:12,526 - scraper_base - INFO - 📦 [14/20] Processando Maxicam
2026-09-26 22:16:12,526 - scraper_base - INFO - 🔍 Petlove: Buscando Maxicam
2026-09-26 22:16:13,137 - scraper_base - INFO - ✅ Petlove: 3 produto(s) encontrado(s) para Maxicam
2026-09-26 22:16:15,506 - scraper_base - INFO - 📦 [15/20] Processando Carproflan
2026-09-26 22:16:15,506 - scraper_base - INFO - 🔍 Petlove: Buscando Carproflan
2026-09-26 22:16:16,232 - scraper_base - INFO - ✅ Petlove: 7 produto(s) encontrado(s) para Carproflan
2026-09-26 22:16:18,911 - scraper_base - INFO - 📦 [16/20] Processando Previcox
2026-09-26 22:16:18,911 - scraper_base - INFO - 🔍 Petlove: Buscando Previcox
2026-09-26 22:16:19,562 - scraper_base - INFO - ✅ Petlove: 4 produto(s) encontrado(s) para Previcox
2026-09-26 22:16:20,909 - scraper_base - INFO - 📦 [17/20] Processando Apoquel
2026-09-26 22:16:20,909 - scraper_base - INFO - 🔍 Petlove: Buscando Apoquel
2026-09-26 22:16:21,615 - scraper_base - INFO - ✅ Petlove: 16 produto(s) encontrado(s) para Apoquel
2026-09-26 22:16:23,710 - scraper_base - INFO - 📦 [18/20] Processando Zenrelia
2026-09-26 22:16:23,710 - scraper_base - INFO - 🔍 Petlove: Buscando Zenrelia
2026-09-26 22:16:24,325 - scraper_base - INFO - ✅ Petlove: 4 produto(s) encontrado(s) para Zenrelia
2026-09-26 22:16:25,886 - scraper_base - INFO - 📦 [19/20] Processando Synulox
2026-09-26 22:16:25,886 - scraper_base - INFO - 🔍 Petlove: Buscando Synulox
2026-09-26 22:16:26,499 - scraper_base - INFO - ✅ Petlove: 1 produto(s) encontrado(s) para Synulox
2026-09-26 22:16:27,890 - scraper_base - INFO - 📦 [20/20] Processando Baytril
2026-09-26 22:16:27,890 - scraper_base - INFO - 🔍 Petlove: Buscando Baytril
2026-09-26 22:16:28,524 - scraper_base - INFO - ✅ Petlove: 6 produto(s) encontrado(s) para Baytril
2026-09-26 22:16:31,004 - scraper_base - INFO - 📊 Petlove - Estatísticas finais:
2026-09-26 22:16:31,004 - scraper_base - INFO -    • Medicamentos processados: 20
2026-09-26 22:16:31,004 - scraper_base - INFO -    • Produtos encontrados: 245
2026-09-26 22:16:31,004 - scraper_base - INFO -    • Medicamentos sem resultado: 0
2026-09-26 22:16:31,004 - scraper_base - INFO -    • Tempo total: 54.5s
2026-09-26 22:16:31,004 - scraper_base - INFO -    • Tempo médio por medicamento: 2.7s
2026-09-26 22:16:31,049 - gerenciador_arquivos - INFO - Excel salvo: dados_coletados/petlove_20260926_221631.xlsx (245 produtos)
2026-09-26 22:16:31,050 - gerenciador_principal - INFO - Petlove: Arquivo individual salvo com sucesso
2026-09-26 22:16:31,050 - gerenciador_principal - INFO - Pausando entre sites...
2026-09-26 22:16:33,050 - gerenciador_principal - INFO - [3/3] Processando Petz
2026-09-26 22:16:33,050 - scraper_base - INFO - 🚀 Iniciando scraping completo - Petz
2026-09-26 22:16:33,302 - scraper_base - INFO - 📋 20 medicamentos para processar
2026-09-26 22:16:33,303 - scraper_base - INFO - 📦 [1/20] Processando Simparic
2026-09-26 22:16:33,303 - scraper_base - INFO - 🔍 Petz: Buscando Simparic
2026-09-26 22:16:35,260 - gerenciador_conexoes - INFO - Chrome inicializado com otimizacoes de velocidade
2026-09-26 22:16:39,997 - scraper_petz - INFO - Petz: Nenhum product-card encontrado para Simparic
2026-09-26 22:16:39,998 - scraper_base - INFO - ⚪ Petz: Nenhum produto encontrado para Simparic
2026-09-26 22:16:41,043 - scraper_base - INFO - 📦 [2/20] Processando Revolution
2026-09-26 22:16:41,044 - scraper_base - INFO - 🔍 Petz: Buscando Revolution
2026-09-26 22:16:43,683 - scraper_petz - INFO - Petz: Nenhum product-card encontrado para Revolution
2026-09-26 22:16:43,683 - scraper_base - INFO - ⚪ Petz: Nenhum produto encontrado para Revolution
2026-09-26 22:16:46,266 - scraper_base - INFO - 📦 [3/20] Processando NexGard
2026-09-26 22:16:46,267 - scraper_base - INFO - 🔍 Petz: Buscando NexGard
2026-09-26 22:16:48,947 - scraper_petz - INFO - Petz: Nenhum product-card encontrado para NexGard
2026-09-26 22:16:48,947 - scraper_base - INFO - ⚪ Petz: Nenhum produto encontrado para NexGard
2026-09-26 22:16:49,967 - scraper_base - INFO - 📦 [4/20] Processando NexGard Spectra
2026-09-26 22:16:49,967 - scraper_base - INFO - 🔍 Petz: Buscando NexGard Spectra
2026-09-26 22:16:52,123 - scraper_petz - INFO - Petz: Nenhum product-card encontrado para NexGard Spectra
2026-09-26 22:16:52,123 - scraper_base - INFO - ⚪ Petz: Nenhum produto encontrado para NexGard Spectra
2026-09-26 22:16:55,099 - scraper_base - INFO - 📦 [5/20] Processando NexGard Combo
2026-09-26 22:16:55,100 - scraper_base - INFO - 🔍 Petz: Buscando NexGard Combo
2026-09-26 22:16:57,441 - scraper_petz - INFO - Petz: Nenhum product-card encontrado para NexGard Combo
2026-09-26 22:16:57,441 - scraper_base - INFO - ⚪ Petz: Nenhum produto encontrado para NexGard Combo
2026-09-26 22:16:59,401 - scraper_base - INFO - 📦 [6/20] Processando Bravecto
2026-09-26 22:16:59,402 - scraper_base - INFO - 🔍 Petz: Buscando Bravecto
2026-09-26 22:17:01,648 - scraper_petz - INFO - Petz: Nenhum product-card encontrado para Bravecto
2026-09-26 22:17:01,648 - scraper_base - INFO - ⚪ Petz: Nenhum produto encontrado para Bravecto
2026-09-26 22:17:03,691 - scraper_base - INFO - 📦 [7/20] Processando Frontline
2026-09-26 22:17:03,691 - scraper_base - INFO - 🔍 Petz: Buscando Frontline
2026-09-26 22:17:05,669 - scraper_petz - INFO - Petz: Nenhum product-card encontrado para Frontline
2026-09-26 22:17:05,669 - scraper_base - INFO - ⚪ Petz: Nenhum produto encontrado para Frontline
2026-09-26 22:17:07,717 - scraper_base - INFO - 📦 [8/20] Processando Advocate
2026-09-26 22:17:07,717 - scraper_base - INFO - 🔍 Petz: Buscando Advocate
2026-09-26 22:17:09,675 - scraper_petz - INFO - Petz: Nenhum product-card encontrado para Advocate
2026-09-26 22:17:09,675 - scraper_base - INFO - ⚪ Petz: Nenhum produto encontrado para Advocate
2026-09-26 22:17:10,921 - scraper_base - INFO - 📦 [9/20] Processando Drontal
2026-09-26 22:17:10,922 - scraper_base - INFO - 🔍 Petz: Buscando Drontal
2026-09-26 22:17:13,759 - scraper_petz - INFO - Petz: Nenhum product-card encontrado para Drontal
2026-09-26 22:17:13,759 - scraper_base - INFO - ⚪ Petz: Nenhum produto encontrado para Drontal
2026-09-26 22:17:15,090 - scraper_base - INFO - 📦 [10/20] Processando Milbemax
2026-09-26 22:17:15,090 - scraper_base - INFO - 🔍 Petz: Buscando Milbemax
2026-09-26 22:17:16,832 - scraper_petz - INFO - Petz: Nenhum product-card encontrado para Milbemax
2026-09-26 22:17:16,832 - scraper_base - INFO - ⚪ Petz: Nenhum produto encontrado para Milbemax
2026-09-26 22:17:18,377 - scraper_base - INFO - 📦 [11/20] Processando Vermivet
2026-09-26 22:17:18,377 - scraper_base - INFO - 🔍 Petz: Buscando Vermivet
2026-09-26 22:17:20,363 - scraper_petz - INFO - Petz: Nenhum product-card encontrado para Vermivet
2026-09-26 22:17:20,363 - scraper_base - INFO - ⚪ Petz: Nenhum produto encontrado para Vermivet
2026-09-26 22:17:22,325 - scraper_base - INFO - 📦 [12/20] Processando Rimadyl
2026-09-26 22:17:22,325 - scraper_base - INFO - 🔍 Petz: Buscando Rimadyl
2026-09-26 22:17:23,936 - scraper_petz - INFO - Petz: Nenhum product-card encontrado para Rimadyl
2026-09-26 22:17:23,937 - scraper_base - INFO - ⚪ Petz: Nenhum produto encontrado para Rimadyl
2026-09-26 22:17:25,082 - scraper_base - INFO - 📦 [13/20] Processando Onsior
2026-09-26 22:17:25,082 - scraper_base - INFO - 🔍 Petz: Buscando Onsior
2026-09-26 22:17:26,789 - scraper_petz - INFO - Petz: Nenhum product-card encontrado para Onsior
2026-09-26 22:17:26,789 - scraper_base - INFO - ⚪ Petz: Nenhum produto encontrado para Onsior
2026-09-26 22:17:28,540 - scraper_base - INFO - 📦 [14/20] Processando Maxicam
2026-09-26 22:17:28,540 - scraper_base - INFO - 🔍 Petz: Buscando Maxicam
2026-09-26 22:17:30,941 - scraper_petz - INFO - Petz: Nenhum product-card encontrado para Maxicam
2026-09-26 22:17:30,941 - scraper_base - INFO - ⚪ Petz: Nenhum produto encontrado para Maxicam
2026-09-26 22:17:32,221 - scraper_base - INFO - 📦 [15/20] Processando Carproflan
2026-09-26 22:17:32,221 - scraper_base - INFO - 🔍 Petz: Buscando Carproflan
2026-09-26 22:17:33,869 - scraper_petz - INFO - Petz: Nenhum product-card encontrado para Carproflan
2026-09-26 22:17:33,869 - scraper_base - INFO - ⚪ Petz: Nenhum produto encontrado para Carproflan
2026-09-26 22:17:36,273 - scraper_base - INFO - 📦 [16/20] Processando Previcox
2026-09-26 22:17:36,273 - scraper_base - INFO - 🔍 Petz: Buscando Previcox
2026-09-26 22:17:38,244 - scraper_petz - INFO - Petz: Nenhum product-card encontrado para Previcox
2026-09-26 22:17:38,244 - scraper_base - INFO - ⚪ Petz: Nenhum produto encontrado para Previcox
2026-09-26 22:17:41,107 - scraper_base - INFO - 📦 [17/20] Processando Apoquel
2026-09-26 22:17:41,107 - scraper_base - INFO - 🔍 Petz: Buscando Apoquel
2026-09-26 22:17:42,720 - scraper_petz - INFO - Petz: Nenhum product-card encontrado para Apoquel
2026-09-26 22:17:42,720 - scraper_base - INFO - ⚪ Petz: Nenhum produto encontrado para Apoquel
2026-09-26 22:17:44,513 - scraper_base - INFO - 📦 [18/20] Processando Zenrelia
2026-09-26 22:17:44,514 - scraper_base - INFO - 🔍 Petz: Buscando Zenrelia
2026-09-26 22:17:46,526 - scraper_petz - INFO - Petz: Nenhum product-card encontrado para Zenrelia
2026-09-26 22:17:46,526 - scraper_base - INFO - ⚪ Petz: Nenhum produto encontrado para Zenrelia
2026-09-26 22:17:49,241 - scraper_base - INFO - 📦 [19/20] Processando Synulox
2026-09-26 22:17:49,241 - scraper_base - INFO - 🔍 Petz: Buscando Synulox
2026-09-26 22:17:51,401 - scraper_petz - INFO - Petz: Nenhum product-card encontrado para Synulox
2026-09-26 22:17:51,401 - scraper_base - INFO - ⚪ Petz: Nenhum produto encontrado para Synulox
2026-09-26 22:17:54,057 - scraper_base - INFO - 📦 [20/20] Processando Baytril
2026-09-26 22:17:54,057 - scraper_base - INFO - 🔍 Petz: Buscando Baytril
2026-09-26 22:17:56,144 - scraper_petz - INFO - Petz: Nenhum product-card encontrado para Baytril
2026-09-26 22:17:56,145 - scraper_base - INFO - ⚪ Petz: Nenhum produto encontrado para Baytril
2026-09-26 22:17:58,012 - scraper_base - INFO - 📊 Petz - Estatísticas finais:
2026-09-26 22:17:58,012 - scraper_base - INFO -    • Medicamentos processados: 20
2026-09-26 22:17:58,012 - scraper_base - INFO -    • Produtos encontrados: 0
2026-09-26 22:17:58,012 - scraper_base - INFO -    • Medicamentos sem resultado: 20
2026-09-26 22:17:58,012 - scraper_base - INFO -    • Tempo total: 85.0s
2026-09-26 22:17:58,012 - scraper_base - INFO -    • Tempo médio por medicamento: 4.2s
2026-09-26 22:17:58,012 - gerenciador_principal - WARNING - Petz: Nenhum produto coletado
2026-09-26 22:17:58,012 - gerenciador_principal - INFO - Gerando relatório consolidado...
2026-09-26 22:17:58,152 - gerenciador_arquivos - INFO - Relatório consolidado salvo: dados_relatorios/relatorio_consolidado_20260926_221758.xlsx
2026-09-26 22:17:58,293 - gerenciador_conexoes - INFO - Chrome fechado
2026-09-26 22:17:58,293 - gerenciador_conexoes - INFO - Métodos utilizados - Requests: 66.7%, Selenium: 33.3%, Falhas: 0.0%
2026-09-26 22:17:58,293 - gerenciador_principal - INFO - ============================================================
2026-09-26 22:17:58,293 - gerenciador_principal - INFO - RELATORIO FINAL DE EXECUÇÃO
2026-09-26 22:17:58,293 - gerenciador_principal - INFO - ============================================================
2026-09-26 22:17:58,293 - gerenciador_principal - INFO - Sites processados: 3
2026-09-26 22:17:58,293 - gerenciador_principal - INFO - Sites com sucesso: 2
2026-09-26 22:17:58,293 - gerenciador_principal - INFO - Total de produtos coletados: 403
2026-09-26 22:17:58,294 - gerenciador_principal - WARNING - Sites com falhas: Petz
2026-09-26 22:17:58,294 - gerenciador_principal - INFO - Tempo total de execução: 253.0 segundos
2026-09-26 22:17:58,294 - gerenciador_principal - INFO - Estatísticas de conexão:
2026-09-26 22:17:58,294 - gerenciador_principal - INFO -   - Requests bem-sucedidos: 66.7%
2026-09-26 22:17:58,294 - gerenciador_principal - INFO -   - Selenium fallback: 33.3%
2026-09-26 22:17:58,294 - gerenciador_principal - INFO -   - Falhas totais: 0.0%
2026-09-26 22:17:58,298 - gerenciador_principal - INFO - Arquivos salvos na pasta: dados_coletados
2026-09-26 22:17:58,298 - gerenciador_principal - INFO - Total de arquivos: 1015
2026-09-26 22:17:58,299 - gerenciador_principal - INFO - ============================================================
