2026-10-09 00:00:42,531 - configurador_logs - INFO - Sistema de logs configurado com sucesso
2026-10-09 00:00:42,531 - configurador_logs - INFO - 🚀 Logs configurados para MODO PRODUÇÃO
2026-10-09 00:00:42,531 - gerenciador_principal - INFO - Inicializando sistema - Modo: PRODUCAO
2026-10-09 00:00:42,531 - gerenciador_arquivos - INFO - Pasta dados_coletados preparada
2026-10-09 00:00:42,531 - gerenciador_principal - INFO - Sistema inicializado com 3 scrapers
2026-10-09 00:00:42,531 - gerenciador_principal - INFO - ============================================================
2026-10-09 00:00:42,531 - gerenciador_principal - INFO - INICIANDO SCRAPING COMPLETO - PRODUCAO
2026-10-09 00:00:42,531 - gerenciador_principal - INFO - ============================================================
2026-10-09 00:00:42,531 - gerenciador_principal - INFO - [1/3] Processando Cobasi
2026-10-09 00:00:42,532 - scraper_base - INFO - 🚀 Iniciando scraping completo - Cobasi
2026-10-09 00:00:43,156 - gerenciador_conexoes - INFO - Sessao estabelecida com cobasi.com.br
2026-10-09 00:00:43,156 - scraper_base - INFO - 📋 20 medicamentos para processar
2026-10-09 00:00:43,156 - scraper_base - INFO - 📦 [1/20] Processando Simparic
2026-10-09 00:00:43,156 - scraper_base - INFO - 🔍 Cobasi: Buscando Simparic
2026-10-09 00:00:47,660 - scraper_cobasi - INFO - Cobasi: Dados extraídos via JSON para Simparic
2026-10-09 00:00:47,660 - scraper_base - INFO - ✅ Cobasi: 24 produto(s) encontrado(s) para Simparic
2026-10-09 00:00:49,435 - scraper_base - INFO - 📦 [2/20] Processando Revolution
2026-10-09 00:00:49,435 - scraper_base - INFO - 🔍 Cobasi: Buscando Revolution
2026-10-09 00:00:51,701 - scraper_cobasi - INFO - Cobasi: Dados extraídos via JSON para Revolution
2026-10-09 00:00:51,701 - scraper_base - INFO - ✅ Cobasi: 16 produto(s) encontrado(s) para Revolution
2026-10-09 00:00:53,068 - scraper_base - INFO - 📦 [3/20] Processando NexGard
2026-10-09 00:00:53,068 - scraper_base - INFO - 🔍 Cobasi: Buscando NexGard
2026-10-09 00:00:57,278 - scraper_cobasi - INFO - Cobasi: Dados extraídos via JSON para NexGard
2026-10-09 00:00:57,278 - scraper_base - INFO - ✅ Cobasi: 22 produto(s) encontrado(s) para NexGard
2026-10-09 00:00:58,923 - scraper_base - INFO - 📦 [4/20] Processando NexGard Spectra
2026-10-09 00:00:58,923 - scraper_base - INFO - 🔍 Cobasi: Buscando NexGard Spectra
2026-10-09 00:01:01,181 - scraper_cobasi - INFO - Cobasi: Dados extraídos via JSON para NexGard Spectra
2026-10-09 00:01:01,182 - scraper_base - INFO - ✅ Cobasi: 10 produto(s) encontrado(s) para NexGard Spectra
2026-10-09 00:01:03,841 - scraper_base - INFO - 📦 [5/20] Processando NexGard Combo
2026-10-09 00:01:03,842 - scraper_base - INFO - 🔍 Cobasi: Buscando NexGard Combo
2026-10-09 00:01:06,601 - scraper_cobasi - INFO - Cobasi: Dados extraídos via JSON para NexGard Combo
2026-10-09 00:01:06,601 - scraper_base - INFO - ✅ Cobasi: 4 produto(s) encontrado(s) para NexGard Combo
2026-10-09 00:01:09,527 - scraper_base - INFO - 📦 [6/20] Processando Bravecto
2026-10-09 00:01:09,527 - scraper_base - INFO - 🔍 Cobasi: Buscando Bravecto
2026-10-09 00:01:14,839 - scraper_cobasi - INFO - Cobasi: Dados extraídos via JSON para Bravecto
2026-10-09 00:01:14,839 - scraper_base - INFO - ✅ Cobasi: 16 produto(s) encontrado(s) para Bravecto
2026-10-09 00:01:17,615 - scraper_base - INFO - 📦 [7/20] Processando Frontline
2026-10-09 00:01:17,615 - scraper_base - INFO - 🔍 Cobasi: Buscando Frontline
2026-10-09 00:01:23,204 - scraper_cobasi - INFO - Cobasi: Dados extraídos via JSON para Frontline
2026-10-09 00:01:23,204 - scraper_base - INFO - ✅ Cobasi: 11 produto(s) encontrado(s) para Frontline
2026-10-09 00:01:24,649 - scraper_base - INFO - 📦 [8/20] Processando Advocate
2026-10-09 00:01:24,649 - scraper_base - INFO - 🔍 Cobasi: Buscando Advocate
2026-10-09 00:01:28,716 - scraper_cobasi - INFO - Cobasi: Dados extraídos via JSON para Advocate
2026-10-09 00:01:28,716 - scraper_base - INFO - ✅ Cobasi: 12 produto(s) encontrado(s) para Advocate
2026-10-09 00:01:30,506 - scraper_base - INFO - 📦 [9/20] Processando Drontal
2026-10-09 00:01:30,507 - scraper_base - INFO - 🔍 Cobasi: Buscando Drontal
2026-10-09 00:01:35,568 - scraper_cobasi - INFO - Cobasi: Dados extraídos via JSON para Drontal
2026-10-09 00:01:35,568 - scraper_base - INFO - ✅ Cobasi: 8 produto(s) encontrado(s) para Drontal
2026-10-09 00:01:38,256 - scraper_base - INFO - 📦 [10/20] Processando Milbemax
2026-10-09 00:01:38,256 - scraper_base - INFO - 🔍 Cobasi: Buscando Milbemax
2026-10-09 00:01:42,117 - scraper_cobasi - INFO - Cobasi: Dados extraídos via JSON para Milbemax
2026-10-09 00:01:42,118 - scraper_base - INFO - ✅ Cobasi: 4 produto(s) encontrado(s) para Milbemax
2026-10-09 00:01:43,398 - scraper_base - INFO - 📦 [11/20] Processando Vermivet
2026-10-09 00:01:43,399 - scraper_base - INFO - 🔍 Cobasi: Buscando Vermivet
2026-10-09 00:01:47,319 - scraper_cobasi - INFO - Cobasi: Dados extraídos via JSON para Vermivet
2026-10-09 00:01:47,319 - scraper_base - INFO - ✅ Cobasi: 5 produto(s) encontrado(s) para Vermivet
2026-10-09 00:01:49,117 - scraper_base - INFO - 📦 [12/20] Processando Rimadyl
2026-10-09 00:01:49,118 - scraper_base - INFO - 🔍 Cobasi: Buscando Rimadyl
2026-10-09 00:01:52,345 - scraper_cobasi - INFO - Cobasi: Dados extraídos via JSON para Rimadyl
2026-10-09 00:01:52,345 - scraper_base - INFO - ✅ Cobasi: 3 produto(s) encontrado(s) para Rimadyl
2026-10-09 00:01:55,037 - scraper_base - INFO - 📦 [13/20] Processando Onsior
2026-10-09 00:01:55,038 - scraper_base - INFO - 🔍 Cobasi: Buscando Onsior
2026-10-09 00:01:59,280 - scraper_cobasi - INFO - Cobasi: Dados extraídos via JSON para Onsior
2026-10-09 00:01:59,280 - scraper_base - INFO - ✅ Cobasi: 4 produto(s) encontrado(s) para Onsior
2026-10-09 00:02:02,110 - scraper_base - INFO - 📦 [14/20] Processando Maxicam
2026-10-09 00:02:02,110 - scraper_base - INFO - 🔍 Cobasi: Buscando Maxicam
2026-10-09 00:02:06,308 - scraper_cobasi - INFO - Cobasi: Dados extraídos via JSON para Maxicam
2026-10-09 00:02:06,308 - scraper_base - INFO - ✅ Cobasi: 3 produto(s) encontrado(s) para Maxicam
2026-10-09 00:02:08,135 - scraper_base - INFO - 📦 [15/20] Processando Carproflan
2026-10-09 00:02:08,135 - scraper_base - INFO - 🔍 Cobasi: Buscando Carproflan
2026-10-09 00:02:09,712 - scraper_cobasi - INFO - Cobasi: Dados extraídos via JSON para Carproflan
2026-10-09 00:02:09,712 - scraper_base - INFO - ✅ Cobasi: 3 produto(s) encontrado(s) para Carproflan
2026-10-09 00:02:11,213 - scraper_base - INFO - 📦 [16/20] Processando Previcox
2026-10-09 00:02:11,213 - scraper_base - INFO - 🔍 Cobasi: Buscando Previcox
2026-10-09 00:02:15,709 - scraper_cobasi - INFO - Cobasi: Dados extraídos via JSON para Previcox
2026-10-09 00:02:15,709 - scraper_base - INFO - ✅ Cobasi: 2 produto(s) encontrado(s) para Previcox
2026-10-09 00:02:18,436 - scraper_base - INFO - 📦 [17/20] Processando Apoquel
2026-10-09 00:02:18,437 - scraper_base - INFO - 🔍 Cobasi: Buscando Apoquel
2026-10-09 00:02:19,818 - scraper_cobasi - INFO - Cobasi: Dados extraídos via JSON para Apoquel
2026-10-09 00:02:19,818 - scraper_base - INFO - ✅ Cobasi: 3 produto(s) encontrado(s) para Apoquel
2026-10-09 00:02:20,851 - scraper_base - INFO - 📦 [18/20] Processando Zenrelia
2026-10-09 00:02:20,851 - scraper_base - INFO - 🔍 Cobasi: Buscando Zenrelia
2026-10-09 00:02:23,611 - scraper_cobasi - INFO - Cobasi: Dados extraídos via JSON para Zenrelia
2026-10-09 00:02:23,611 - scraper_base - INFO - ✅ Cobasi: 4 produto(s) encontrado(s) para Zenrelia
2026-10-09 00:02:25,792 - scraper_base - INFO - 📦 [19/20] Processando Synulox
2026-10-09 00:02:25,792 - scraper_base - INFO - 🔍 Cobasi: Buscando Synulox
2026-10-09 00:02:28,349 - scraper_cobasi - INFO - Cobasi: Dados extraídos via JSON para Synulox
2026-10-09 00:02:28,349 - scraper_base - INFO - ✅ Cobasi: 2 produto(s) encontrado(s) para Synulox
2026-10-09 00:02:30,975 - scraper_base - INFO - 📦 [20/20] Processando Baytril
2026-10-09 00:02:30,976 - scraper_base - INFO - 🔍 Cobasi: Buscando Baytril
2026-10-09 00:02:33,513 - scraper_cobasi - INFO - Cobasi: Dados extraídos via JSON para Baytril
2026-10-09 00:02:33,513 - scraper_base - INFO - ✅ Cobasi: 2 produto(s) encontrado(s) para Baytril
2026-10-09 00:02:36,020 - scraper_base - INFO - 📊 Cobasi - Estatísticas finais:
2026-10-09 00:02:36,020 - scraper_base - INFO -    • Medicamentos processados: 20
2026-10-09 00:02:36,020 - scraper_base - INFO -    • Produtos encontrados: 158
2026-10-09 00:02:36,020 - scraper_base - INFO -    • Medicamentos sem resultado: 0
2026-10-09 00:02:36,020 - scraper_base - INFO -    • Tempo total: 113.5s
2026-10-09 00:02:36,020 - scraper_base - INFO -    • Tempo médio por medicamento: 5.7s
2026-10-09 00:02:36,149 - gerenciador_arquivos - INFO - Excel salvo: dados_coletados/cobasi_20261009_000236.xlsx (158 produtos)
2026-10-09 00:02:36,150 - gerenciador_principal - INFO - Cobasi: Arquivo individual salvo com sucesso
2026-10-09 00:02:36,150 - gerenciador_principal - INFO - Pausando entre sites...
2026-10-09 00:02:38,150 - gerenciador_principal - INFO - [2/3] Processando Petlove
2026-10-09 00:02:38,150 - scraper_base - INFO - 🚀 Iniciando scraping completo - Petlove
2026-10-09 00:02:38,500 - gerenciador_conexoes - INFO - Sessao estabelecida com petlove.com.br
2026-10-09 00:02:38,501 - scraper_base - INFO - 📋 20 medicamentos para processar
2026-10-09 00:02:38,501 - scraper_base - INFO - 📦 [1/20] Processando Simparic
2026-10-09 00:02:38,501 - scraper_base - INFO - 🔍 Petlove: Buscando Simparic
2026-10-09 00:02:39,315 - scraper_base - INFO - ✅ Petlove: 36 produto(s) encontrado(s) para Simparic
2026-10-09 00:02:41,239 - scraper_base - INFO - 📦 [2/20] Processando Revolution
2026-10-09 00:02:41,240 - scraper_base - INFO - 🔍 Petlove: Buscando Revolution
2026-10-09 00:02:41,948 - scraper_base - INFO - ✅ Petlove: 19 produto(s) encontrado(s) para Revolution
2026-10-09 00:02:43,365 - scraper_base - INFO - 📦 [3/20] Processando NexGard
2026-10-09 00:02:43,365 - scraper_base - INFO - 🔍 Petlove: Buscando NexGard
2026-10-09 00:02:43,981 - scraper_base - INFO - ✅ Petlove: 11 produto(s) encontrado(s) para NexGard
2026-10-09 00:02:46,898 - scraper_base - INFO - 📦 [4/20] Processando NexGard Spectra
2026-10-09 00:02:46,898 - scraper_base - INFO - 🔍 Petlove: Buscando NexGard Spectra
2026-10-09 00:02:47,445 - scraper_base - INFO - ✅ Petlove: 5 produto(s) encontrado(s) para NexGard Spectra
2026-10-09 00:02:48,661 - scraper_base - INFO - 📦 [5/20] Processando NexGard Combo
2026-10-09 00:02:48,661 - scraper_base - INFO - 🔍 Petlove: Buscando NexGard Combo
2026-10-09 00:02:49,158 - scraper_base - INFO - ✅ Petlove: 2 produto(s) encontrado(s) para NexGard Combo
2026-10-09 00:02:51,313 - scraper_base - INFO - 📦 [6/20] Processando Bravecto
2026-10-09 00:02:51,314 - scraper_base - INFO - 🔍 Petlove: Buscando Bravecto
2026-10-09 00:02:52,121 - scraper_base - INFO - ✅ Petlove: 20 produto(s) encontrado(s) para Bravecto
2026-10-09 00:02:53,742 - scraper_base - INFO - 📦 [7/20] Processando Frontline
2026-10-09 00:02:53,743 - scraper_base - INFO - 🔍 Petlove: Buscando Frontline
2026-10-09 00:02:54,852 - scraper_base - INFO - ✅ Petlove: 11 produto(s) encontrado(s) para Frontline
2026-10-09 00:02:57,736 - scraper_base - INFO - 📦 [8/20] Processando Advocate
2026-10-09 00:02:57,736 - scraper_base - INFO - 🔍 Petlove: Buscando Advocate
2026-10-09 00:02:58,976 - scraper_base - INFO - ✅ Petlove: 9 produto(s) encontrado(s) para Advocate
2026-10-09 00:03:01,338 - scraper_base - INFO - 📦 [9/20] Processando Drontal
2026-10-09 00:03:01,338 - scraper_base - INFO - 🔍 Petlove: Buscando Drontal
2026-10-09 00:03:02,087 - scraper_base - INFO - ✅ Petlove: 36 produto(s) encontrado(s) para Drontal
2026-10-09 00:03:03,116 - scraper_base - INFO - 📦 [10/20] Processando Milbemax
2026-10-09 00:03:03,117 - scraper_base - INFO - 🔍 Petlove: Buscando Milbemax
2026-10-09 00:03:03,767 - scraper_base - INFO - ✅ Petlove: 14 produto(s) encontrado(s) para Milbemax
2026-10-09 00:03:06,466 - scraper_base - INFO - 📦 [11/20] Processando Vermivet
2026-10-09 00:03:06,466 - scraper_base - INFO - 🔍 Petlove: Buscando Vermivet
2026-10-09 00:03:07,171 - scraper_base - INFO - ✅ Petlove: 36 produto(s) encontrado(s) para Vermivet
2026-10-09 00:03:10,031 - scraper_base - INFO - 📦 [12/20] Processando Rimadyl
2026-10-09 00:03:10,031 - scraper_base - INFO - 🔍 Petlove: Buscando Rimadyl
2026-10-09 00:03:11,221 - scraper_base - INFO - ✅ Petlove: 1 produto(s) encontrado(s) para Rimadyl
2026-10-09 00:03:12,923 - scraper_base - INFO - 📦 [13/20] Processando Onsior
2026-10-09 00:03:12,923 - scraper_base - INFO - 🔍 Petlove: Buscando Onsior
2026-10-09 00:03:13,507 - scraper_base - INFO - ✅ Petlove: 4 produto(s) encontrado(s) para Onsior
2026-10-09 00:03:15,564 - scraper_base - INFO - 📦 [14/20] Processando Maxicam
2026-10-09 00:03:15,564 - scraper_base - INFO - 🔍 Petlove: Buscando Maxicam
2026-10-09 00:03:16,078 - scraper_base - INFO - ✅ Petlove: 3 produto(s) encontrado(s) para Maxicam
2026-10-09 00:03:17,294 - scraper_base - INFO - 📦 [15/20] Processando Carproflan
2026-10-09 00:03:17,294 - scraper_base - INFO - 🔍 Petlove: Buscando Carproflan
2026-10-09 00:03:17,811 - scraper_base - INFO - ✅ Petlove: 7 produto(s) encontrado(s) para Carproflan
2026-10-09 00:03:19,629 - scraper_base - INFO - 📦 [16/20] Processando Previcox
2026-10-09 00:03:19,629 - scraper_base - INFO - 🔍 Petlove: Buscando Previcox
2026-10-09 00:03:20,113 - scraper_base - INFO - ✅ Petlove: 4 produto(s) encontrado(s) para Previcox
2026-10-09 00:03:23,047 - scraper_base - INFO - 📦 [17/20] Processando Apoquel
2026-10-09 00:03:23,047 - scraper_base - INFO - 🔍 Petlove: Buscando Apoquel
2026-10-09 00:03:23,609 - scraper_base - INFO - ✅ Petlove: 16 produto(s) encontrado(s) para Apoquel
2026-10-09 00:03:26,048 - scraper_base - INFO - 📦 [18/20] Processando Zenrelia
2026-10-09 00:03:26,048 - scraper_base - INFO - 🔍 Petlove: Buscando Zenrelia
2026-10-09 00:03:26,773 - scraper_base - INFO - ✅ Petlove: 4 produto(s) encontrado(s) para Zenrelia
2026-10-09 00:03:29,323 - scraper_base - INFO - 📦 [19/20] Processando Synulox
2026-10-09 00:03:29,323 - scraper_base - INFO - 🔍 Petlove: Buscando Synulox
2026-10-09 00:03:29,943 - scraper_base - INFO - ✅ Petlove: 1 produto(s) encontrado(s) para Synulox
2026-10-09 00:03:32,392 - scraper_base - INFO - 📦 [20/20] Processando Baytril
2026-10-09 00:03:32,392 - scraper_base - INFO - 🔍 Petlove: Buscando Baytril
2026-10-09 00:03:33,859 - scraper_base - INFO - ✅ Petlove: 5 produto(s) encontrado(s) para Baytril
2026-10-09 00:03:35,028 - scraper_base - INFO - 📊 Petlove - Estatísticas finais:
2026-10-09 00:03:35,028 - scraper_base - INFO -    • Medicamentos processados: 20
2026-10-09 00:03:35,028 - scraper_base - INFO -    • Produtos encontrados: 244
2026-10-09 00:03:35,028 - scraper_base - INFO -    • Medicamentos sem resultado: 0
2026-10-09 00:03:35,028 - scraper_base - INFO -    • Tempo total: 56.9s
2026-10-09 00:03:35,028 - scraper_base - INFO -    • Tempo médio por medicamento: 2.8s
2026-10-09 00:03:35,063 - gerenciador_arquivos - INFO - Excel salvo: dados_coletados/petlove_20261009_000335.xlsx (244 produtos)
2026-10-09 00:03:35,063 - gerenciador_principal - INFO - Petlove: Arquivo individual salvo com sucesso
2026-10-09 00:03:35,063 - gerenciador_principal - INFO - Pausando entre sites...
2026-10-09 00:03:37,063 - gerenciador_principal - INFO - [3/3] Processando Petz
2026-10-09 00:03:37,063 - scraper_base - INFO - 🚀 Iniciando scraping completo - Petz
2026-10-09 00:03:37,655 - scraper_base - INFO - 📋 20 medicamentos para processar
2026-10-09 00:03:37,655 - scraper_base - INFO - 📦 [1/20] Processando Simparic
2026-10-09 00:03:37,655 - scraper_base - INFO - 🔍 Petz: Buscando Simparic
2026-10-09 00:04:09,223 - gerenciador_conexoes - INFO - Chrome inicializado com otimizacoes de velocidade
2026-10-09 00:04:16,080 - scraper_petz - INFO - Petz: Nenhum product-card encontrado para Simparic
2026-10-09 00:04:16,080 - scraper_base - INFO - ⚪ Petz: Nenhum produto encontrado para Simparic
2026-10-09 00:04:18,911 - scraper_base - INFO - 📦 [2/20] Processando Revolution
2026-10-09 00:04:18,911 - scraper_base - INFO - 🔍 Petz: Buscando Revolution
2026-10-09 00:04:21,845 - scraper_petz - INFO - Petz: Nenhum product-card encontrado para Revolution
2026-10-09 00:04:21,846 - scraper_base - INFO - ⚪ Petz: Nenhum produto encontrado para Revolution
2026-10-09 00:04:23,132 - scraper_base - INFO - 📦 [3/20] Processando NexGard
2026-10-09 00:04:23,132 - scraper_base - INFO - 🔍 Petz: Buscando NexGard
2026-10-09 00:04:26,007 - scraper_petz - INFO - Petz: Nenhum product-card encontrado para NexGard
2026-10-09 00:04:26,007 - scraper_base - INFO - ⚪ Petz: Nenhum produto encontrado para NexGard
2026-10-09 00:04:27,263 - scraper_base - INFO - 📦 [4/20] Processando NexGard Spectra
2026-10-09 00:04:27,263 - scraper_base - INFO - 🔍 Petz: Buscando NexGard Spectra
2026-10-09 00:04:29,173 - scraper_petz - INFO - Petz: Nenhum product-card encontrado para NexGard Spectra
2026-10-09 00:04:29,173 - scraper_base - INFO - ⚪ Petz: Nenhum produto encontrado para NexGard Spectra
2026-10-09 00:04:30,874 - scraper_base - INFO - 📦 [5/20] Processando NexGard Combo
2026-10-09 00:04:30,874 - scraper_base - INFO - 🔍 Petz: Buscando NexGard Combo
2026-10-09 00:04:33,075 - scraper_petz - INFO - Petz: Nenhum product-card encontrado para NexGard Combo
2026-10-09 00:04:33,076 - scraper_base - INFO - ⚪ Petz: Nenhum produto encontrado para NexGard Combo
2026-10-09 00:04:34,434 - scraper_base - INFO - 📦 [6/20] Processando Bravecto
2026-10-09 00:04:34,434 - scraper_base - INFO - 🔍 Petz: Buscando Bravecto
2026-10-09 00:04:36,361 - scraper_petz - INFO - Petz: Nenhum product-card encontrado para Bravecto
2026-10-09 00:04:36,361 - scraper_base - INFO - ⚪ Petz: Nenhum produto encontrado para Bravecto
2026-10-09 00:04:38,791 - scraper_base - INFO - 📦 [7/20] Processando Frontline
2026-10-09 00:04:38,791 - scraper_base - INFO - 🔍 Petz: Buscando Frontline
2026-10-09 00:04:40,658 - scraper_petz - INFO - Petz: Nenhum product-card encontrado para Frontline
2026-10-09 00:04:40,658 - scraper_base - INFO - ⚪ Petz: Nenhum produto encontrado para Frontline
2026-10-09 00:04:43,623 - scraper_base - INFO - 📦 [8/20] Processando Advocate
2026-10-09 00:04:43,623 - scraper_base - INFO - 🔍 Petz: Buscando Advocate
2026-10-09 00:04:45,976 - scraper_petz - INFO - Petz: Nenhum product-card encontrado para Advocate
2026-10-09 00:04:45,976 - scraper_base - INFO - ⚪ Petz: Nenhum produto encontrado para Advocate
2026-10-09 00:04:47,085 - scraper_base - INFO - 📦 [9/20] Processando Drontal
2026-10-09 00:04:47,086 - scraper_base - INFO - 🔍 Petz: Buscando Drontal
2026-10-09 00:04:49,930 - scraper_petz - INFO - Petz: Nenhum product-card encontrado para Drontal
2026-10-09 00:04:49,930 - scraper_base - INFO - ⚪ Petz: Nenhum produto encontrado para Drontal
2026-10-09 00:04:52,010 - scraper_base - INFO - 📦 [10/20] Processando Milbemax
2026-10-09 00:04:52,010 - scraper_base - INFO - 🔍 Petz: Buscando Milbemax
2026-10-09 00:04:53,757 - scraper_petz - INFO - Petz: Nenhum product-card encontrado para Milbemax
2026-10-09 00:04:53,757 - scraper_base - INFO - ⚪ Petz: Nenhum produto encontrado para Milbemax
2026-10-09 00:04:55,048 - scraper_base - INFO - 📦 [11/20] Processando Vermivet
2026-10-09 00:04:55,048 - scraper_base - INFO - 🔍 Petz: Buscando Vermivet
2026-10-09 00:04:56,948 - scraper_petz - INFO - Petz: Nenhum product-card encontrado para Vermivet
2026-10-09 00:04:56,948 - scraper_base - INFO - ⚪ Petz: Nenhum produto encontrado para Vermivet
2026-10-09 00:04:58,875 - scraper_base - INFO - 📦 [12/20] Processando Rimadyl
2026-10-09 00:04:58,875 - scraper_base - INFO - 🔍 Petz: Buscando Rimadyl
2026-10-09 00:05:00,418 - scraper_petz - INFO - Petz: Nenhum product-card encontrado para Rimadyl
2026-10-09 00:05:00,418 - scraper_base - INFO - ⚪ Petz: Nenhum produto encontrado para Rimadyl
2026-10-09 00:05:01,957 - scraper_base - INFO - 📦 [13/20] Processando Onsior
2026-10-09 00:05:01,957 - scraper_base - INFO - 🔍 Petz: Buscando Onsior
2026-10-09 00:05:03,661 - scraper_petz - INFO - Petz: Nenhum product-card encontrado para Onsior
2026-10-09 00:05:03,661 - scraper_base - INFO - ⚪ Petz: Nenhum produto encontrado para Onsior
2026-10-09 00:05:05,970 - scraper_base - INFO - 📦 [14/20] Processando Maxicam
2026-10-09 00:05:05,970 - scraper_base - INFO - 🔍 Petz: Buscando Maxicam
2026-10-09 00:05:08,466 - scraper_petz - INFO - Petz: Nenhum product-card encontrado para Maxicam
2026-10-09 00:05:08,466 - scraper_base - INFO - ⚪ Petz: Nenhum produto encontrado para Maxicam
2026-10-09 00:05:09,711 - scraper_base - INFO - 📦 [15/20] Processando Carproflan
2026-10-09 00:05:09,711 - scraper_base - INFO - 🔍 Petz: Buscando Carproflan
2026-10-09 00:05:11,869 - scraper_petz - INFO - Petz: Nenhum product-card encontrado para Carproflan
2026-10-09 00:05:11,870 - scraper_base - INFO - ⚪ Petz: Nenhum produto encontrado para Carproflan
2026-10-09 00:05:14,061 - scraper_base - INFO - 📦 [16/20] Processando Previcox
2026-10-09 00:05:14,061 - scraper_base - INFO - 🔍 Petz: Buscando Previcox
2026-10-09 00:05:15,998 - scraper_petz - INFO - Petz: Nenhum product-card encontrado para Previcox
2026-10-09 00:05:15,998 - scraper_base - INFO - ⚪ Petz: Nenhum produto encontrado para Previcox
2026-10-09 00:05:17,859 - scraper_base - INFO - 📦 [17/20] Processando Apoquel
2026-10-09 00:05:17,859 - scraper_base - INFO - 🔍 Petz: Buscando Apoquel
2026-10-09 00:05:19,762 - scraper_petz - INFO - Petz: Nenhum product-card encontrado para Apoquel
2026-10-09 00:05:19,762 - scraper_base - INFO - ⚪ Petz: Nenhum produto encontrado para Apoquel
2026-10-09 00:05:21,679 - scraper_base - INFO - 📦 [18/20] Processando Zenrelia
2026-10-09 00:05:21,679 - scraper_base - INFO - 🔍 Petz: Buscando Zenrelia
2026-10-09 00:05:23,518 - scraper_petz - INFO - Petz: Nenhum product-card encontrado para Zenrelia
2026-10-09 00:05:23,518 - scraper_base - INFO - ⚪ Petz: Nenhum produto encontrado para Zenrelia
2026-10-09 00:05:24,567 - scraper_base - INFO - 📦 [19/20] Processando Synulox
2026-10-09 00:05:24,567 - scraper_base - INFO - 🔍 Petz: Buscando Synulox
2026-10-09 00:05:26,542 - scraper_petz - INFO - Petz: Nenhum product-card encontrado para Synulox
2026-10-09 00:05:26,542 - scraper_base - INFO - ⚪ Petz: Nenhum produto encontrado para Synulox
2026-10-09 00:05:29,372 - scraper_base - INFO - 📦 [20/20] Processando Baytril
2026-10-09 00:05:29,372 - scraper_base - INFO - 🔍 Petz: Buscando Baytril
2026-10-09 00:05:31,879 - scraper_petz - INFO - Petz: Nenhum product-card encontrado para Baytril
2026-10-09 00:05:31,879 - scraper_base - INFO - ⚪ Petz: Nenhum produto encontrado para Baytril
2026-10-09 00:05:34,017 - scraper_base - INFO - 📊 Petz - Estatísticas finais:
2026-10-09 00:05:34,017 - scraper_base - INFO -    • Medicamentos processados: 20
2026-10-09 00:05:34,017 - scraper_base - INFO -    • Produtos encontrados: 0
2026-10-09 00:05:34,017 - scraper_base - INFO -    • Medicamentos sem resultado: 20
2026-10-09 00:05:34,017 - scraper_base - INFO -    • Tempo total: 117.0s
2026-10-09 00:05:34,017 - scraper_base - INFO -    • Tempo médio por medicamento: 5.8s
2026-10-09 00:05:34,017 - gerenciador_principal - WARNING - Petz: Nenhum produto coletado
2026-10-09 00:05:34,018 - gerenciador_principal - INFO - Gerando relatório consolidado...
2026-10-09 00:05:34,126 - gerenciador_arquivos - INFO - Relatório consolidado salvo: dados_relatorios/relatorio_consolidado_20261009_000534.xlsx
2026-10-09 00:05:34,316 - gerenciador_conexoes - INFO - Chrome fechado
2026-10-09 00:05:34,316 - gerenciador_conexoes - INFO - Métodos utilizados - Requests: 66.7%, Selenium: 33.3%, Falhas: 0.0%
2026-10-09 00:05:34,316 - gerenciador_principal - INFO - ============================================================
2026-10-09 00:05:34,316 - gerenciador_principal - INFO - RELATORIO FINAL DE EXECUÇÃO
2026-10-09 00:05:34,316 - gerenciador_principal - INFO - ============================================================
2026-10-09 00:05:34,316 - gerenciador_principal - INFO - Sites processados: 3
2026-10-09 00:05:34,316 - gerenciador_principal - INFO - Sites com sucesso: 2
2026-10-09 00:05:34,317 - gerenciador_principal - INFO - Total de produtos coletados: 402
2026-10-09 00:05:34,317 - gerenciador_principal - WARNING - Sites com falhas: Petz
2026-10-09 00:05:34,317 - gerenciador_principal - INFO - Tempo total de execução: 291.5 segundos
2026-10-09 00:05:34,317 - gerenciador_principal - INFO - Estatísticas de conexão:
2026-10-09 00:05:34,317 - gerenciador_principal - INFO -   - Requests bem-sucedidos: 66.7%
2026-10-09 00:05:34,317 - gerenciador_principal - INFO -   - Selenium fallback: 33.3%
2026-10-09 00:05:34,317 - gerenciador_principal - INFO -   - Falhas totais: 0.0%
2026-10-09 00:05:34,320 - gerenciador_principal - INFO - Arquivos salvos na pasta: dados_coletados
2026-10-09 00:05:34,320 - gerenciador_principal - INFO - Total de arquivos: 1039
2026-10-09 00:05:34,320 - gerenciador_principal - INFO - ============================================================
