2026-10-06 23:24:22,718 - configurador_logs - INFO - Sistema de logs configurado com sucesso
2026-10-06 23:24:22,718 - configurador_logs - INFO - 🚀 Logs configurados para MODO PRODUÇÃO
2026-10-06 23:24:22,718 - gerenciador_principal - INFO - Inicializando sistema - Modo: PRODUCAO
2026-10-06 23:24:22,718 - gerenciador_arquivos - INFO - Pasta dados_coletados preparada
2026-10-06 23:24:22,718 - gerenciador_principal - INFO - Sistema inicializado com 3 scrapers
2026-10-06 23:24:22,718 - gerenciador_principal - INFO - ============================================================
2026-10-06 23:24:22,718 - gerenciador_principal - INFO - INICIANDO SCRAPING COMPLETO - PRODUCAO
2026-10-06 23:24:22,718 - gerenciador_principal - INFO - ============================================================
2026-10-06 23:24:22,718 - gerenciador_principal - INFO - [1/3] Processando Cobasi
2026-10-06 23:24:22,719 - scraper_base - INFO - 🚀 Iniciando scraping completo - Cobasi
2026-10-06 23:24:23,540 - gerenciador_conexoes - INFO - Sessao estabelecida com cobasi.com.br
2026-10-06 23:24:23,540 - scraper_base - INFO - 📋 20 medicamentos para processar
2026-10-06 23:24:23,541 - scraper_base - INFO - 📦 [1/20] Processando Simparic
2026-10-06 23:24:23,541 - scraper_base - INFO - 🔍 Cobasi: Buscando Simparic
2026-10-06 23:24:26,934 - scraper_cobasi - INFO - Cobasi: Dados extraídos via JSON para Simparic
2026-10-06 23:24:26,934 - scraper_base - INFO - ✅ Cobasi: 24 produto(s) encontrado(s) para Simparic
2026-10-06 23:24:29,383 - scraper_base - INFO - 📦 [2/20] Processando Revolution
2026-10-06 23:24:29,383 - scraper_base - INFO - 🔍 Cobasi: Buscando Revolution
2026-10-06 23:24:31,386 - scraper_cobasi - INFO - Cobasi: Dados extraídos via JSON para Revolution
2026-10-06 23:24:31,386 - scraper_base - INFO - ✅ Cobasi: 16 produto(s) encontrado(s) para Revolution
2026-10-06 23:24:34,251 - scraper_base - INFO - 📦 [3/20] Processando NexGard
2026-10-06 23:24:34,251 - scraper_base - INFO - 🔍 Cobasi: Buscando NexGard
2026-10-06 23:24:38,723 - scraper_cobasi - INFO - Cobasi: Dados extraídos via JSON para NexGard
2026-10-06 23:24:38,723 - scraper_base - INFO - ✅ Cobasi: 22 produto(s) encontrado(s) para NexGard
2026-10-06 23:24:40,088 - scraper_base - INFO - 📦 [4/20] Processando NexGard Spectra
2026-10-06 23:24:40,088 - scraper_base - INFO - 🔍 Cobasi: Buscando NexGard Spectra
2026-10-06 23:24:44,003 - scraper_cobasi - INFO - Cobasi: Dados extraídos via JSON para NexGard Spectra
2026-10-06 23:24:44,003 - scraper_base - INFO - ✅ Cobasi: 10 produto(s) encontrado(s) para NexGard Spectra
2026-10-06 23:24:46,678 - scraper_base - INFO - 📦 [5/20] Processando NexGard Combo
2026-10-06 23:24:46,679 - scraper_base - INFO - 🔍 Cobasi: Buscando NexGard Combo
2026-10-06 23:24:49,247 - scraper_cobasi - INFO - Cobasi: Dados extraídos via JSON para NexGard Combo
2026-10-06 23:24:49,247 - scraper_base - INFO - ✅ Cobasi: 4 produto(s) encontrado(s) para NexGard Combo
2026-10-06 23:24:52,053 - scraper_base - INFO - 📦 [6/20] Processando Bravecto
2026-10-06 23:24:52,053 - scraper_base - INFO - 🔍 Cobasi: Buscando Bravecto
2026-10-06 23:24:58,558 - scraper_cobasi - INFO - Cobasi: Dados extraídos via JSON para Bravecto
2026-10-06 23:24:58,558 - scraper_base - INFO - ✅ Cobasi: 16 produto(s) encontrado(s) para Bravecto
2026-10-06 23:25:00,250 - scraper_base - INFO - 📦 [7/20] Processando Frontline
2026-10-06 23:25:00,250 - scraper_base - INFO - 🔍 Cobasi: Buscando Frontline
2026-10-06 23:25:03,240 - scraper_cobasi - INFO - Cobasi: Dados extraídos via JSON para Frontline
2026-10-06 23:25:03,240 - scraper_base - INFO - ✅ Cobasi: 11 produto(s) encontrado(s) para Frontline
2026-10-06 23:25:04,738 - scraper_base - INFO - 📦 [8/20] Processando Advocate
2026-10-06 23:25:04,738 - scraper_base - INFO - 🔍 Cobasi: Buscando Advocate
2026-10-06 23:25:06,542 - scraper_cobasi - INFO - Cobasi: Dados extraídos via JSON para Advocate
2026-10-06 23:25:06,542 - scraper_base - INFO - ✅ Cobasi: 12 produto(s) encontrado(s) para Advocate
2026-10-06 23:25:08,185 - scraper_base - INFO - 📦 [9/20] Processando Drontal
2026-10-06 23:25:08,185 - scraper_base - INFO - 🔍 Cobasi: Buscando Drontal
2026-10-06 23:25:12,146 - scraper_cobasi - INFO - Cobasi: Dados extraídos via JSON para Drontal
2026-10-06 23:25:12,146 - scraper_base - INFO - ✅ Cobasi: 8 produto(s) encontrado(s) para Drontal
2026-10-06 23:25:14,117 - scraper_base - INFO - 📦 [10/20] Processando Milbemax
2026-10-06 23:25:14,117 - scraper_base - INFO - 🔍 Cobasi: Buscando Milbemax
2026-10-06 23:25:41,974 - gerenciador_conexoes - INFO - Chrome inicializado com otimizacoes de velocidade
2026-10-06 23:25:47,224 - scraper_cobasi - INFO - Cobasi: Dados extraídos via JSON para Milbemax
2026-10-06 23:25:47,224 - scraper_base - INFO - ✅ Cobasi: 4 produto(s) encontrado(s) para Milbemax
2026-10-06 23:25:48,336 - scraper_base - INFO - 📦 [11/20] Processando Vermivet
2026-10-06 23:25:48,336 - scraper_base - INFO - 🔍 Cobasi: Buscando Vermivet
2026-10-06 23:26:36,134 - scraper_cobasi - INFO - Cobasi: Nenhum produto encontrado no JSON para Vermivet
2026-10-06 23:26:36,134 - scraper_cobasi - INFO - Cobasi: Usando método HTML para Vermivet
2026-10-06 23:26:36,135 - scraper_cobasi - INFO - Cobasi: Nenhum produto encontrado no HTML para Vermivet
2026-10-06 23:26:36,135 - scraper_base - INFO - ⚪ Cobasi: Nenhum produto encontrado para Vermivet
2026-10-06 23:26:37,549 - scraper_base - INFO - 📦 [12/20] Processando Rimadyl
2026-10-06 23:26:37,549 - scraper_base - INFO - 🔍 Cobasi: Buscando Rimadyl
2026-10-06 23:27:09,079 - scraper_cobasi - INFO - Cobasi: Dados extraídos via JSON para Rimadyl
2026-10-06 23:27:09,079 - scraper_base - INFO - ✅ Cobasi: 3 produto(s) encontrado(s) para Rimadyl
2026-10-06 23:27:11,257 - scraper_base - INFO - 📦 [13/20] Processando Onsior
2026-10-06 23:27:11,257 - scraper_base - INFO - 🔍 Cobasi: Buscando Onsior
2026-10-06 23:27:14,034 - scraper_cobasi - INFO - Cobasi: Dados extraídos via JSON para Onsior
2026-10-06 23:27:14,034 - scraper_base - INFO - ✅ Cobasi: 4 produto(s) encontrado(s) para Onsior
2026-10-06 23:27:15,589 - scraper_base - INFO - 📦 [14/20] Processando Maxicam
2026-10-06 23:27:15,589 - scraper_base - INFO - 🔍 Cobasi: Buscando Maxicam
2026-10-06 23:27:20,039 - scraper_cobasi - INFO - Cobasi: Dados extraídos via JSON para Maxicam
2026-10-06 23:27:20,039 - scraper_base - INFO - ✅ Cobasi: 3 produto(s) encontrado(s) para Maxicam
2026-10-06 23:27:21,057 - scraper_base - INFO - 📦 [15/20] Processando Carproflan
2026-10-06 23:27:21,057 - scraper_base - INFO - 🔍 Cobasi: Buscando Carproflan
2026-10-06 23:28:01,306 - scraper_cobasi - INFO - Cobasi: Dados extraídos via JSON para Carproflan
2026-10-06 23:28:01,306 - scraper_base - INFO - ✅ Cobasi: 3 produto(s) encontrado(s) para Carproflan
2026-10-06 23:28:02,842 - scraper_base - INFO - 📦 [16/20] Processando Previcox
2026-10-06 23:28:02,843 - scraper_base - INFO - 🔍 Cobasi: Buscando Previcox
2026-10-06 23:28:05,437 - scraper_cobasi - INFO - Cobasi: Dados extraídos via JSON para Previcox
2026-10-06 23:28:05,437 - scraper_base - INFO - ✅ Cobasi: 2 produto(s) encontrado(s) para Previcox
2026-10-06 23:28:08,337 - scraper_base - INFO - 📦 [17/20] Processando Apoquel
2026-10-06 23:28:08,337 - scraper_base - INFO - 🔍 Cobasi: Buscando Apoquel
2026-10-06 23:28:10,331 - scraper_cobasi - INFO - Cobasi: Dados extraídos via JSON para Apoquel
2026-10-06 23:28:10,331 - scraper_base - INFO - ✅ Cobasi: 3 produto(s) encontrado(s) para Apoquel
2026-10-06 23:28:11,824 - scraper_base - INFO - 📦 [18/20] Processando Zenrelia
2026-10-06 23:28:11,824 - scraper_base - INFO - 🔍 Cobasi: Buscando Zenrelia
2026-10-06 23:28:15,366 - scraper_cobasi - INFO - Cobasi: Dados extraídos via JSON para Zenrelia
2026-10-06 23:28:15,366 - scraper_base - INFO - ✅ Cobasi: 4 produto(s) encontrado(s) para Zenrelia
2026-10-06 23:28:17,234 - scraper_base - INFO - 📦 [19/20] Processando Synulox
2026-10-06 23:28:17,234 - scraper_base - INFO - 🔍 Cobasi: Buscando Synulox
2026-10-06 23:28:20,075 - scraper_cobasi - INFO - Cobasi: Dados extraídos via JSON para Synulox
2026-10-06 23:28:20,075 - scraper_base - INFO - ✅ Cobasi: 2 produto(s) encontrado(s) para Synulox
2026-10-06 23:28:22,235 - scraper_base - INFO - 📦 [20/20] Processando Baytril
2026-10-06 23:28:22,235 - scraper_base - INFO - 🔍 Cobasi: Buscando Baytril
2026-10-06 23:28:25,264 - scraper_cobasi - INFO - Cobasi: Dados extraídos via JSON para Baytril
2026-10-06 23:28:25,264 - scraper_base - INFO - ✅ Cobasi: 2 produto(s) encontrado(s) para Baytril
2026-10-06 23:28:26,476 - scraper_base - INFO - 📊 Cobasi - Estatísticas finais:
2026-10-06 23:28:26,476 - scraper_base - INFO -    • Medicamentos processados: 20
2026-10-06 23:28:26,476 - scraper_base - INFO -    • Produtos encontrados: 153
2026-10-06 23:28:26,476 - scraper_base - INFO -    • Medicamentos sem resultado: 1
2026-10-06 23:28:26,476 - scraper_base - INFO -    • Tempo total: 243.8s
2026-10-06 23:28:26,476 - scraper_base - INFO -    • Tempo médio por medicamento: 12.2s
2026-10-06 23:28:26,591 - gerenciador_arquivos - INFO - Excel salvo: dados_coletados/cobasi_20261006_232826.xlsx (153 produtos)
2026-10-06 23:28:26,591 - gerenciador_principal - INFO - Cobasi: Arquivo individual salvo com sucesso
2026-10-06 23:28:26,591 - gerenciador_principal - INFO - Pausando entre sites...
2026-10-06 23:28:28,592 - gerenciador_principal - INFO - [2/3] Processando Petlove
2026-10-06 23:28:28,592 - scraper_base - INFO - 🚀 Iniciando scraping completo - Petlove
2026-10-06 23:28:28,855 - gerenciador_conexoes - INFO - Sessao estabelecida com petlove.com.br
2026-10-06 23:28:28,855 - scraper_base - INFO - 📋 20 medicamentos para processar
2026-10-06 23:28:28,855 - scraper_base - INFO - 📦 [1/20] Processando Simparic
2026-10-06 23:28:28,855 - scraper_base - INFO - 🔍 Petlove: Buscando Simparic
2026-10-06 23:28:29,626 - scraper_base - INFO - ✅ Petlove: 36 produto(s) encontrado(s) para Simparic
2026-10-06 23:28:30,976 - scraper_base - INFO - 📦 [2/20] Processando Revolution
2026-10-06 23:28:30,976 - scraper_base - INFO - 🔍 Petlove: Buscando Revolution
2026-10-06 23:28:31,632 - scraper_base - INFO - ✅ Petlove: 19 produto(s) encontrado(s) para Revolution
2026-10-06 23:28:32,990 - scraper_base - INFO - 📦 [3/20] Processando NexGard
2026-10-06 23:28:32,990 - scraper_base - INFO - 🔍 Petlove: Buscando NexGard
2026-10-06 23:28:33,962 - scraper_base - INFO - ✅ Petlove: 11 produto(s) encontrado(s) para NexGard
2026-10-06 23:28:35,359 - scraper_base - INFO - 📦 [4/20] Processando NexGard Spectra
2026-10-06 23:28:35,359 - scraper_base - INFO - 🔍 Petlove: Buscando NexGard Spectra
2026-10-06 23:28:35,922 - scraper_base - INFO - ✅ Petlove: 5 produto(s) encontrado(s) para NexGard Spectra
2026-10-06 23:28:38,781 - scraper_base - INFO - 📦 [5/20] Processando NexGard Combo
2026-10-06 23:28:38,781 - scraper_base - INFO - 🔍 Petlove: Buscando NexGard Combo
2026-10-06 23:28:39,352 - scraper_base - INFO - ✅ Petlove: 2 produto(s) encontrado(s) para NexGard Combo
2026-10-06 23:28:41,741 - scraper_base - INFO - 📦 [6/20] Processando Bravecto
2026-10-06 23:28:41,741 - scraper_base - INFO - 🔍 Petlove: Buscando Bravecto
2026-10-06 23:28:42,532 - scraper_base - INFO - ✅ Petlove: 20 produto(s) encontrado(s) para Bravecto
2026-10-06 23:28:45,497 - scraper_base - INFO - 📦 [7/20] Processando Frontline
2026-10-06 23:28:45,497 - scraper_base - INFO - 🔍 Petlove: Buscando Frontline
2026-10-06 23:28:46,078 - scraper_base - INFO - ✅ Petlove: 11 produto(s) encontrado(s) para Frontline
2026-10-06 23:28:48,830 - scraper_base - INFO - 📦 [8/20] Processando Advocate
2026-10-06 23:28:48,830 - scraper_base - INFO - 🔍 Petlove: Buscando Advocate
2026-10-06 23:28:49,458 - scraper_base - INFO - ✅ Petlove: 9 produto(s) encontrado(s) para Advocate
2026-10-06 23:28:51,006 - scraper_base - INFO - 📦 [9/20] Processando Drontal
2026-10-06 23:28:51,006 - scraper_base - INFO - 🔍 Petlove: Buscando Drontal
2026-10-06 23:28:51,865 - scraper_base - INFO - ✅ Petlove: 36 produto(s) encontrado(s) para Drontal
2026-10-06 23:28:53,891 - scraper_base - INFO - 📦 [10/20] Processando Milbemax
2026-10-06 23:28:53,892 - scraper_base - INFO - 🔍 Petlove: Buscando Milbemax
2026-10-06 23:28:54,546 - scraper_base - INFO - ✅ Petlove: 14 produto(s) encontrado(s) para Milbemax
2026-10-06 23:28:57,506 - scraper_base - INFO - 📦 [11/20] Processando Vermivet
2026-10-06 23:28:57,506 - scraper_base - INFO - 🔍 Petlove: Buscando Vermivet
2026-10-06 23:28:58,333 - scraper_base - INFO - ✅ Petlove: 36 produto(s) encontrado(s) para Vermivet
2026-10-06 23:29:00,685 - scraper_base - INFO - 📦 [12/20] Processando Rimadyl
2026-10-06 23:29:00,685 - scraper_base - INFO - 🔍 Petlove: Buscando Rimadyl
2026-10-06 23:29:01,235 - scraper_base - INFO - ✅ Petlove: 1 produto(s) encontrado(s) para Rimadyl
2026-10-06 23:29:03,741 - scraper_base - INFO - 📦 [13/20] Processando Onsior
2026-10-06 23:29:03,741 - scraper_base - INFO - 🔍 Petlove: Buscando Onsior
2026-10-06 23:29:04,274 - scraper_base - INFO - ✅ Petlove: 4 produto(s) encontrado(s) para Onsior
2026-10-06 23:29:05,979 - scraper_base - INFO - 📦 [14/20] Processando Maxicam
2026-10-06 23:29:05,979 - scraper_base - INFO - 🔍 Petlove: Buscando Maxicam
2026-10-06 23:29:06,500 - scraper_base - INFO - ✅ Petlove: 3 produto(s) encontrado(s) para Maxicam
2026-10-06 23:29:08,495 - scraper_base - INFO - 📦 [15/20] Processando Carproflan
2026-10-06 23:29:08,495 - scraper_base - INFO - 🔍 Petlove: Buscando Carproflan
2026-10-06 23:29:09,214 - scraper_base - INFO - ✅ Petlove: 7 produto(s) encontrado(s) para Carproflan
2026-10-06 23:29:11,503 - scraper_base - INFO - 📦 [16/20] Processando Previcox
2026-10-06 23:29:11,504 - scraper_base - INFO - 🔍 Petlove: Buscando Previcox
2026-10-06 23:29:12,001 - scraper_base - INFO - ✅ Petlove: 4 produto(s) encontrado(s) para Previcox
2026-10-06 23:29:13,138 - scraper_base - INFO - 📦 [17/20] Processando Apoquel
2026-10-06 23:29:13,138 - scraper_base - INFO - 🔍 Petlove: Buscando Apoquel
2026-10-06 23:29:13,778 - scraper_base - INFO - ✅ Petlove: 16 produto(s) encontrado(s) para Apoquel
2026-10-06 23:29:16,010 - scraper_base - INFO - 📦 [18/20] Processando Zenrelia
2026-10-06 23:29:16,010 - scraper_base - INFO - 🔍 Petlove: Buscando Zenrelia
2026-10-06 23:29:16,613 - scraper_base - INFO - ✅ Petlove: 4 produto(s) encontrado(s) para Zenrelia
2026-10-06 23:29:18,468 - scraper_base - INFO - 📦 [19/20] Processando Synulox
2026-10-06 23:29:18,468 - scraper_base - INFO - 🔍 Petlove: Buscando Synulox
2026-10-06 23:29:19,016 - scraper_base - INFO - ✅ Petlove: 1 produto(s) encontrado(s) para Synulox
2026-10-06 23:29:21,511 - scraper_base - INFO - 📦 [20/20] Processando Baytril
2026-10-06 23:29:21,511 - scraper_base - INFO - 🔍 Petlove: Buscando Baytril
2026-10-06 23:29:22,087 - scraper_base - INFO - ✅ Petlove: 5 produto(s) encontrado(s) para Baytril
2026-10-06 23:29:23,847 - scraper_base - INFO - 📊 Petlove - Estatísticas finais:
2026-10-06 23:29:23,847 - scraper_base - INFO -    • Medicamentos processados: 20
2026-10-06 23:29:23,847 - scraper_base - INFO -    • Produtos encontrados: 244
2026-10-06 23:29:23,847 - scraper_base - INFO -    • Medicamentos sem resultado: 0
2026-10-06 23:29:23,847 - scraper_base - INFO -    • Tempo total: 55.3s
2026-10-06 23:29:23,847 - scraper_base - INFO -    • Tempo médio por medicamento: 2.8s
2026-10-06 23:29:23,893 - gerenciador_arquivos - INFO - Excel salvo: dados_coletados/petlove_20261006_232923.xlsx (244 produtos)
2026-10-06 23:29:23,893 - gerenciador_principal - INFO - Petlove: Arquivo individual salvo com sucesso
2026-10-06 23:29:23,893 - gerenciador_principal - INFO - Pausando entre sites...
2026-10-06 23:29:25,893 - gerenciador_principal - INFO - [3/3] Processando Petz
2026-10-06 23:29:25,893 - scraper_base - INFO - 🚀 Iniciando scraping completo - Petz
2026-10-06 23:29:26,191 - scraper_base - INFO - 📋 20 medicamentos para processar
2026-10-06 23:29:26,191 - scraper_base - INFO - 📦 [1/20] Processando Simparic
2026-10-06 23:29:26,191 - scraper_base - INFO - 🔍 Petz: Buscando Simparic
2026-10-06 23:29:29,920 - scraper_petz - INFO - Petz: Nenhum product-card encontrado para Simparic
2026-10-06 23:29:29,920 - scraper_base - INFO - ⚪ Petz: Nenhum produto encontrado para Simparic
2026-10-06 23:29:32,362 - scraper_base - INFO - 📦 [2/20] Processando Revolution
2026-10-06 23:29:32,362 - scraper_base - INFO - 🔍 Petz: Buscando Revolution
2026-10-06 23:29:35,505 - scraper_petz - INFO - Petz: Nenhum product-card encontrado para Revolution
2026-10-06 23:29:35,505 - scraper_base - INFO - ⚪ Petz: Nenhum produto encontrado para Revolution
2026-10-06 23:29:36,820 - scraper_base - INFO - 📦 [3/20] Processando NexGard
2026-10-06 23:29:36,820 - scraper_base - INFO - 🔍 Petz: Buscando NexGard
2026-10-06 23:29:39,165 - scraper_petz - INFO - Petz: Nenhum product-card encontrado para NexGard
2026-10-06 23:29:39,166 - scraper_base - INFO - ⚪ Petz: Nenhum produto encontrado para NexGard
2026-10-06 23:29:41,648 - scraper_base - INFO - 📦 [4/20] Processando NexGard Spectra
2026-10-06 23:29:41,648 - scraper_base - INFO - 🔍 Petz: Buscando NexGard Spectra
2026-10-06 23:29:43,511 - scraper_petz - INFO - Petz: Nenhum product-card encontrado para NexGard Spectra
2026-10-06 23:29:43,511 - scraper_base - INFO - ⚪ Petz: Nenhum produto encontrado para NexGard Spectra
2026-10-06 23:29:46,323 - scraper_base - INFO - 📦 [5/20] Processando NexGard Combo
2026-10-06 23:29:46,323 - scraper_base - INFO - 🔍 Petz: Buscando NexGard Combo
2026-10-06 23:29:48,639 - scraper_petz - INFO - Petz: Nenhum product-card encontrado para NexGard Combo
2026-10-06 23:29:48,639 - scraper_base - INFO - ⚪ Petz: Nenhum produto encontrado para NexGard Combo
2026-10-06 23:29:50,880 - scraper_base - INFO - 📦 [6/20] Processando Bravecto
2026-10-06 23:29:50,880 - scraper_base - INFO - 🔍 Petz: Buscando Bravecto
2026-10-06 23:29:53,753 - scraper_petz - INFO - Petz: Nenhum product-card encontrado para Bravecto
2026-10-06 23:29:53,754 - scraper_base - INFO - ⚪ Petz: Nenhum produto encontrado para Bravecto
2026-10-06 23:29:56,632 - scraper_base - INFO - 📦 [7/20] Processando Frontline
2026-10-06 23:29:56,632 - scraper_base - INFO - 🔍 Petz: Buscando Frontline
2026-10-06 23:29:58,787 - scraper_petz - INFO - Petz: Nenhum product-card encontrado para Frontline
2026-10-06 23:29:58,787 - scraper_base - INFO - ⚪ Petz: Nenhum produto encontrado para Frontline
2026-10-06 23:30:00,255 - scraper_base - INFO - 📦 [8/20] Processando Advocate
2026-10-06 23:30:00,255 - scraper_base - INFO - 🔍 Petz: Buscando Advocate
2026-10-06 23:30:02,481 - scraper_petz - INFO - Petz: Nenhum product-card encontrado para Advocate
2026-10-06 23:30:02,482 - scraper_base - INFO - ⚪ Petz: Nenhum produto encontrado para Advocate
2026-10-06 23:30:04,895 - scraper_base - INFO - 📦 [9/20] Processando Drontal
2026-10-06 23:30:04,895 - scraper_base - INFO - 🔍 Petz: Buscando Drontal
2026-10-06 23:30:07,789 - scraper_petz - INFO - Petz: Nenhum product-card encontrado para Drontal
2026-10-06 23:30:07,789 - scraper_base - INFO - ⚪ Petz: Nenhum produto encontrado para Drontal
2026-10-06 23:30:09,027 - scraper_base - INFO - 📦 [10/20] Processando Milbemax
2026-10-06 23:30:09,027 - scraper_base - INFO - 🔍 Petz: Buscando Milbemax
2026-10-06 23:30:11,072 - scraper_petz - INFO - Petz: Nenhum product-card encontrado para Milbemax
2026-10-06 23:30:11,072 - scraper_base - INFO - ⚪ Petz: Nenhum produto encontrado para Milbemax
2026-10-06 23:30:13,369 - scraper_base - INFO - 📦 [11/20] Processando Vermivet
2026-10-06 23:30:13,369 - scraper_base - INFO - 🔍 Petz: Buscando Vermivet
2026-10-06 23:30:15,486 - scraper_petz - INFO - Petz: Nenhum product-card encontrado para Vermivet
2026-10-06 23:30:15,486 - scraper_base - INFO - ⚪ Petz: Nenhum produto encontrado para Vermivet
2026-10-06 23:30:17,971 - scraper_base - INFO - 📦 [12/20] Processando Rimadyl
2026-10-06 23:30:17,971 - scraper_base - INFO - 🔍 Petz: Buscando Rimadyl
2026-10-06 23:30:19,672 - scraper_petz - INFO - Petz: Nenhum product-card encontrado para Rimadyl
2026-10-06 23:30:19,672 - scraper_base - INFO - ⚪ Petz: Nenhum produto encontrado para Rimadyl
2026-10-06 23:30:21,827 - scraper_base - INFO - 📦 [13/20] Processando Onsior
2026-10-06 23:30:21,827 - scraper_base - INFO - 🔍 Petz: Buscando Onsior
2026-10-06 23:30:23,684 - scraper_petz - INFO - Petz: Nenhum product-card encontrado para Onsior
2026-10-06 23:30:23,684 - scraper_base - INFO - ⚪ Petz: Nenhum produto encontrado para Onsior
2026-10-06 23:30:26,258 - scraper_base - INFO - 📦 [14/20] Processando Maxicam
2026-10-06 23:30:26,258 - scraper_base - INFO - 🔍 Petz: Buscando Maxicam
2026-10-06 23:30:29,053 - scraper_petz - INFO - Petz: Nenhum product-card encontrado para Maxicam
2026-10-06 23:30:29,054 - scraper_base - INFO - ⚪ Petz: Nenhum produto encontrado para Maxicam
2026-10-06 23:30:30,365 - scraper_base - INFO - 📦 [15/20] Processando Carproflan
2026-10-06 23:30:30,365 - scraper_base - INFO - 🔍 Petz: Buscando Carproflan
2026-10-06 23:30:32,397 - scraper_petz - INFO - Petz: Nenhum product-card encontrado para Carproflan
2026-10-06 23:30:32,397 - scraper_base - INFO - ⚪ Petz: Nenhum produto encontrado para Carproflan
2026-10-06 23:30:34,628 - scraper_base - INFO - 📦 [16/20] Processando Previcox
2026-10-06 23:30:34,628 - scraper_base - INFO - 🔍 Petz: Buscando Previcox
2026-10-06 23:30:36,505 - scraper_petz - INFO - Petz: Nenhum product-card encontrado para Previcox
2026-10-06 23:30:36,505 - scraper_base - INFO - ⚪ Petz: Nenhum produto encontrado para Previcox
2026-10-06 23:30:38,018 - scraper_base - INFO - 📦 [17/20] Processando Apoquel
2026-10-06 23:30:38,018 - scraper_base - INFO - 🔍 Petz: Buscando Apoquel
2026-10-06 23:30:39,799 - scraper_petz - INFO - Petz: Nenhum product-card encontrado para Apoquel
2026-10-06 23:30:39,799 - scraper_base - INFO - ⚪ Petz: Nenhum produto encontrado para Apoquel
2026-10-06 23:30:42,758 - scraper_base - INFO - 📦 [18/20] Processando Zenrelia
2026-10-06 23:30:42,758 - scraper_base - INFO - 🔍 Petz: Buscando Zenrelia
2026-10-06 23:30:44,748 - scraper_petz - INFO - Petz: Nenhum product-card encontrado para Zenrelia
2026-10-06 23:30:44,748 - scraper_base - INFO - ⚪ Petz: Nenhum produto encontrado para Zenrelia
2026-10-06 23:30:46,842 - scraper_base - INFO - 📦 [19/20] Processando Synulox
2026-10-06 23:30:46,843 - scraper_base - INFO - 🔍 Petz: Buscando Synulox
2026-10-06 23:30:48,653 - scraper_petz - INFO - Petz: Nenhum product-card encontrado para Synulox
2026-10-06 23:30:48,653 - scraper_base - INFO - ⚪ Petz: Nenhum produto encontrado para Synulox
2026-10-06 23:30:51,472 - scraper_base - INFO - 📦 [20/20] Processando Baytril
2026-10-06 23:30:51,473 - scraper_base - INFO - 🔍 Petz: Buscando Baytril
2026-10-06 23:30:53,918 - scraper_petz - INFO - Petz: Nenhum product-card encontrado para Baytril
2026-10-06 23:30:53,919 - scraper_base - INFO - ⚪ Petz: Nenhum produto encontrado para Baytril
2026-10-06 23:30:55,463 - scraper_base - INFO - 📊 Petz - Estatísticas finais:
2026-10-06 23:30:55,463 - scraper_base - INFO -    • Medicamentos processados: 20
2026-10-06 23:30:55,464 - scraper_base - INFO -    • Produtos encontrados: 0
2026-10-06 23:30:55,464 - scraper_base - INFO -    • Medicamentos sem resultado: 20
2026-10-06 23:30:55,464 - scraper_base - INFO -    • Tempo total: 89.6s
2026-10-06 23:30:55,464 - scraper_base - INFO -    • Tempo médio por medicamento: 4.5s
2026-10-06 23:30:55,464 - gerenciador_principal - WARNING - Petz: Nenhum produto coletado
2026-10-06 23:30:55,464 - gerenciador_principal - INFO - Gerando relatório consolidado...
2026-10-06 23:30:55,655 - gerenciador_arquivos - INFO - Relatório consolidado salvo: dados_relatorios/relatorio_consolidado_20261006_233055.xlsx
2026-10-06 23:30:55,834 - gerenciador_conexoes - INFO - Chrome fechado
2026-10-06 23:30:55,834 - gerenciador_conexoes - INFO - Métodos utilizados - Requests: 60.0%, Selenium: 40.0%, Falhas: 0.0%
2026-10-06 23:30:55,834 - gerenciador_principal - INFO - ============================================================
2026-10-06 23:30:55,834 - gerenciador_principal - INFO - RELATORIO FINAL DE EXECUÇÃO
2026-10-06 23:30:55,834 - gerenciador_principal - INFO - ============================================================
2026-10-06 23:30:55,834 - gerenciador_principal - INFO - Sites processados: 3
2026-10-06 23:30:55,834 - gerenciador_principal - INFO - Sites com sucesso: 2
2026-10-06 23:30:55,834 - gerenciador_principal - INFO - Total de produtos coletados: 397
2026-10-06 23:30:55,834 - gerenciador_principal - WARNING - Sites com falhas: Petz
2026-10-06 23:30:55,834 - gerenciador_principal - INFO - Tempo total de execução: 392.7 segundos
2026-10-06 23:30:55,835 - gerenciador_principal - INFO - Estatísticas de conexão:
2026-10-06 23:30:55,835 - gerenciador_principal - INFO -   - Requests bem-sucedidos: 60.0%
2026-10-06 23:30:55,835 - gerenciador_principal - INFO -   - Selenium fallback: 40.0%
2026-10-06 23:30:55,835 - gerenciador_principal - INFO -   - Falhas totais: 0.0%
2026-10-06 23:30:55,839 - gerenciador_principal - INFO - Arquivos salvos na pasta: dados_coletados
2026-10-06 23:30:55,839 - gerenciador_principal - INFO - Total de arquivos: 1035
2026-10-06 23:30:55,839 - gerenciador_principal - INFO - ============================================================
