2026-09-11 22:03:08,749 - configurador_logs - INFO - Sistema de logs configurado com sucesso
2026-09-11 22:03:08,749 - configurador_logs - INFO - 🚀 Logs configurados para MODO PRODUÇÃO
2026-09-11 22:03:08,749 - gerenciador_principal - INFO - Inicializando sistema - Modo: PRODUCAO
2026-09-11 22:03:08,750 - gerenciador_arquivos - INFO - Pasta dados_coletados preparada
2026-09-11 22:03:08,750 - gerenciador_principal - INFO - Sistema inicializado com 3 scrapers
2026-09-11 22:03:08,750 - gerenciador_principal - INFO - ============================================================
2026-09-11 22:03:08,750 - gerenciador_principal - INFO - INICIANDO SCRAPING COMPLETO - PRODUCAO
2026-09-11 22:03:08,750 - gerenciador_principal - INFO - ============================================================
2026-09-11 22:03:08,750 - gerenciador_principal - INFO - [1/3] Processando Cobasi
2026-09-11 22:03:08,750 - scraper_base - INFO - 🚀 Iniciando scraping completo - Cobasi
2026-09-11 22:03:09,263 - gerenciador_conexoes - INFO - Sessao estabelecida com cobasi.com.br
2026-09-11 22:03:09,263 - scraper_base - INFO - 📋 20 medicamentos para processar
2026-09-11 22:03:09,263 - scraper_base - INFO - 📦 [1/20] Processando Simparic
2026-09-11 22:03:09,263 - scraper_base - INFO - 🔍 Cobasi: Buscando Simparic
2026-09-11 22:03:12,692 - scraper_cobasi - INFO - Cobasi: Dados extraídos via JSON para Simparic
2026-09-11 22:03:12,693 - scraper_base - INFO - ✅ Cobasi: 24 produto(s) encontrado(s) para Simparic
2026-09-11 22:03:14,774 - scraper_base - INFO - 📦 [2/20] Processando Revolution
2026-09-11 22:03:14,775 - scraper_base - INFO - 🔍 Cobasi: Buscando Revolution
2026-09-11 22:03:18,105 - scraper_cobasi - INFO - Cobasi: Dados extraídos via JSON para Revolution
2026-09-11 22:03:18,105 - scraper_base - INFO - ✅ Cobasi: 16 produto(s) encontrado(s) para Revolution
2026-09-11 22:03:20,308 - scraper_base - INFO - 📦 [3/20] Processando NexGard
2026-09-11 22:03:20,308 - scraper_base - INFO - 🔍 Cobasi: Buscando NexGard
2026-09-11 22:03:23,102 - scraper_cobasi - INFO - Cobasi: Dados extraídos via JSON para NexGard
2026-09-11 22:03:23,102 - scraper_base - INFO - ✅ Cobasi: 22 produto(s) encontrado(s) para NexGard
2026-09-11 22:03:24,629 - scraper_base - INFO - 📦 [4/20] Processando NexGard Spectra
2026-09-11 22:03:24,630 - scraper_base - INFO - 🔍 Cobasi: Buscando NexGard Spectra
2026-09-11 22:03:27,922 - scraper_cobasi - INFO - Cobasi: Dados extraídos via JSON para NexGard Spectra
2026-09-11 22:03:27,922 - scraper_base - INFO - ✅ Cobasi: 10 produto(s) encontrado(s) para NexGard Spectra
2026-09-11 22:03:30,199 - scraper_base - INFO - 📦 [5/20] Processando NexGard Combo
2026-09-11 22:03:30,199 - scraper_base - INFO - 🔍 Cobasi: Buscando NexGard Combo
2026-09-11 22:03:31,796 - scraper_cobasi - INFO - Cobasi: Dados extraídos via JSON para NexGard Combo
2026-09-11 22:03:31,796 - scraper_base - INFO - ✅ Cobasi: 4 produto(s) encontrado(s) para NexGard Combo
2026-09-11 22:03:34,281 - scraper_base - INFO - 📦 [6/20] Processando Bravecto
2026-09-11 22:03:34,281 - scraper_base - INFO - 🔍 Cobasi: Buscando Bravecto
2026-09-11 22:03:37,600 - scraper_cobasi - INFO - Cobasi: Dados extraídos via JSON para Bravecto
2026-09-11 22:03:37,600 - scraper_base - INFO - ✅ Cobasi: 16 produto(s) encontrado(s) para Bravecto
2026-09-11 22:03:40,502 - scraper_base - INFO - 📦 [7/20] Processando Frontline
2026-09-11 22:03:40,503 - scraper_base - INFO - 🔍 Cobasi: Buscando Frontline
2026-09-11 22:03:43,430 - scraper_cobasi - INFO - Cobasi: Dados extraídos via JSON para Frontline
2026-09-11 22:03:43,430 - scraper_base - INFO - ✅ Cobasi: 11 produto(s) encontrado(s) para Frontline
2026-09-11 22:03:45,214 - scraper_base - INFO - 📦 [8/20] Processando Advocate
2026-09-11 22:03:45,214 - scraper_base - INFO - 🔍 Cobasi: Buscando Advocate
2026-09-11 22:03:50,349 - scraper_cobasi - INFO - Cobasi: Dados extraídos via JSON para Advocate
2026-09-11 22:03:50,349 - scraper_base - INFO - ✅ Cobasi: 12 produto(s) encontrado(s) para Advocate
2026-09-11 22:03:51,634 - scraper_base - INFO - 📦 [9/20] Processando Drontal
2026-09-11 22:03:51,634 - scraper_base - INFO - 🔍 Cobasi: Buscando Drontal
2026-09-11 22:03:53,673 - scraper_cobasi - INFO - Cobasi: Dados extraídos via JSON para Drontal
2026-09-11 22:03:53,673 - scraper_base - INFO - ✅ Cobasi: 8 produto(s) encontrado(s) para Drontal
2026-09-11 22:03:56,442 - scraper_base - INFO - 📦 [10/20] Processando Milbemax
2026-09-11 22:03:56,442 - scraper_base - INFO - 🔍 Cobasi: Buscando Milbemax
2026-09-11 22:03:58,903 - scraper_cobasi - INFO - Cobasi: Dados extraídos via JSON para Milbemax
2026-09-11 22:03:58,903 - scraper_base - INFO - ✅ Cobasi: 4 produto(s) encontrado(s) para Milbemax
2026-09-11 22:04:00,311 - scraper_base - INFO - 📦 [11/20] Processando Vermivet
2026-09-11 22:04:00,311 - scraper_base - INFO - 🔍 Cobasi: Buscando Vermivet
2026-09-11 22:04:01,704 - scraper_cobasi - INFO - Cobasi: Dados extraídos via JSON para Vermivet
2026-09-11 22:04:01,705 - scraper_base - INFO - ✅ Cobasi: 5 produto(s) encontrado(s) para Vermivet
2026-09-11 22:04:03,394 - scraper_base - INFO - 📦 [12/20] Processando Rimadyl
2026-09-11 22:04:03,394 - scraper_base - INFO - 🔍 Cobasi: Buscando Rimadyl
2026-09-11 22:04:05,210 - scraper_cobasi - INFO - Cobasi: Dados extraídos via JSON para Rimadyl
2026-09-11 22:04:05,210 - scraper_base - INFO - ✅ Cobasi: 3 produto(s) encontrado(s) para Rimadyl
2026-09-11 22:04:06,824 - scraper_base - INFO - 📦 [13/20] Processando Onsior
2026-09-11 22:04:06,824 - scraper_base - INFO - 🔍 Cobasi: Buscando Onsior
2026-09-11 22:04:09,422 - scraper_cobasi - INFO - Cobasi: Dados extraídos via JSON para Onsior
2026-09-11 22:04:09,422 - scraper_base - INFO - ✅ Cobasi: 4 produto(s) encontrado(s) para Onsior
2026-09-11 22:04:11,989 - scraper_base - INFO - 📦 [14/20] Processando Maxicam
2026-09-11 22:04:11,989 - scraper_base - INFO - 🔍 Cobasi: Buscando Maxicam
2026-09-11 22:04:14,860 - scraper_cobasi - INFO - Cobasi: Dados extraídos via JSON para Maxicam
2026-09-11 22:04:14,860 - scraper_base - INFO - ✅ Cobasi: 3 produto(s) encontrado(s) para Maxicam
2026-09-11 22:04:17,114 - scraper_base - INFO - 📦 [15/20] Processando Carproflan
2026-09-11 22:04:17,115 - scraper_base - INFO - 🔍 Cobasi: Buscando Carproflan
2026-09-11 22:04:19,504 - scraper_cobasi - INFO - Cobasi: Dados extraídos via JSON para Carproflan
2026-09-11 22:04:19,504 - scraper_base - INFO - ✅ Cobasi: 3 produto(s) encontrado(s) para Carproflan
2026-09-11 22:04:22,241 - scraper_base - INFO - 📦 [16/20] Processando Previcox
2026-09-11 22:04:22,241 - scraper_base - INFO - 🔍 Cobasi: Buscando Previcox
2026-09-11 22:04:24,748 - scraper_cobasi - INFO - Cobasi: Dados extraídos via JSON para Previcox
2026-09-11 22:04:24,748 - scraper_base - INFO - ✅ Cobasi: 2 produto(s) encontrado(s) para Previcox
2026-09-11 22:04:26,470 - scraper_base - INFO - 📦 [17/20] Processando Apoquel
2026-09-11 22:04:26,471 - scraper_base - INFO - 🔍 Cobasi: Buscando Apoquel
2026-09-11 22:04:27,634 - scraper_cobasi - INFO - Cobasi: Dados extraídos via JSON para Apoquel
2026-09-11 22:04:27,634 - scraper_base - INFO - ✅ Cobasi: 3 produto(s) encontrado(s) para Apoquel
2026-09-11 22:04:29,941 - scraper_base - INFO - 📦 [18/20] Processando Zenrelia
2026-09-11 22:04:29,941 - scraper_base - INFO - 🔍 Cobasi: Buscando Zenrelia
2026-09-11 22:04:33,366 - scraper_cobasi - INFO - Cobasi: Dados extraídos via JSON para Zenrelia
2026-09-11 22:04:33,366 - scraper_base - INFO - ✅ Cobasi: 4 produto(s) encontrado(s) para Zenrelia
2026-09-11 22:04:36,329 - scraper_base - INFO - 📦 [19/20] Processando Synulox
2026-09-11 22:04:36,329 - scraper_base - INFO - 🔍 Cobasi: Buscando Synulox
2026-09-11 22:04:38,588 - scraper_cobasi - INFO - Cobasi: Dados extraídos via JSON para Synulox
2026-09-11 22:04:38,588 - scraper_base - INFO - ✅ Cobasi: 2 produto(s) encontrado(s) para Synulox
2026-09-11 22:04:40,880 - scraper_base - INFO - 📦 [20/20] Processando Baytril
2026-09-11 22:04:40,881 - scraper_base - INFO - 🔍 Cobasi: Buscando Baytril
2026-09-11 22:04:42,971 - scraper_cobasi - INFO - Cobasi: Dados extraídos via JSON para Baytril
2026-09-11 22:04:42,971 - scraper_base - INFO - ✅ Cobasi: 2 produto(s) encontrado(s) para Baytril
2026-09-11 22:04:44,123 - scraper_base - INFO - 📊 Cobasi - Estatísticas finais:
2026-09-11 22:04:44,123 - scraper_base - INFO -    • Medicamentos processados: 20
2026-09-11 22:04:44,123 - scraper_base - INFO -    • Produtos encontrados: 158
2026-09-11 22:04:44,123 - scraper_base - INFO -    • Medicamentos sem resultado: 0
2026-09-11 22:04:44,123 - scraper_base - INFO -    • Tempo total: 95.4s
2026-09-11 22:04:44,124 - scraper_base - INFO -    • Tempo médio por medicamento: 4.8s
2026-09-11 22:04:44,322 - gerenciador_arquivos - INFO - Excel salvo: dados_coletados/cobasi_20260911_220444.xlsx (158 produtos)
2026-09-11 22:04:44,322 - gerenciador_principal - INFO - Cobasi: Arquivo individual salvo com sucesso
2026-09-11 22:04:44,322 - gerenciador_principal - INFO - Pausando entre sites...
2026-09-11 22:04:46,322 - gerenciador_principal - INFO - [2/3] Processando Petlove
2026-09-11 22:04:46,322 - scraper_base - INFO - 🚀 Iniciando scraping completo - Petlove
2026-09-11 22:04:47,159 - gerenciador_conexoes - INFO - Sessao estabelecida com petlove.com.br
2026-09-11 22:04:47,159 - scraper_base - INFO - 📋 20 medicamentos para processar
2026-09-11 22:04:47,159 - scraper_base - INFO - 📦 [1/20] Processando Simparic
2026-09-11 22:04:47,159 - scraper_base - INFO - 🔍 Petlove: Buscando Simparic
2026-09-11 22:04:48,348 - scraper_base - INFO - ✅ Petlove: 36 produto(s) encontrado(s) para Simparic
2026-09-11 22:04:50,540 - scraper_base - INFO - 📦 [2/20] Processando Revolution
2026-09-11 22:04:50,540 - scraper_base - INFO - 🔍 Petlove: Buscando Revolution
2026-09-11 22:04:51,494 - scraper_base - INFO - ✅ Petlove: 19 produto(s) encontrado(s) para Revolution
2026-09-11 22:04:53,454 - scraper_base - INFO - 📦 [3/20] Processando NexGard
2026-09-11 22:04:53,454 - scraper_base - INFO - 🔍 Petlove: Buscando NexGard
2026-09-11 22:04:54,258 - scraper_base - INFO - ✅ Petlove: 11 produto(s) encontrado(s) para NexGard
2026-09-11 22:04:57,118 - scraper_base - INFO - 📦 [4/20] Processando NexGard Spectra
2026-09-11 22:04:57,118 - scraper_base - INFO - 🔍 Petlove: Buscando NexGard Spectra
2026-09-11 22:04:57,878 - scraper_base - INFO - ✅ Petlove: 5 produto(s) encontrado(s) para NexGard Spectra
2026-09-11 22:05:00,106 - scraper_base - INFO - 📦 [5/20] Processando NexGard Combo
2026-09-11 22:05:00,107 - scraper_base - INFO - 🔍 Petlove: Buscando NexGard Combo
2026-09-11 22:05:00,831 - scraper_base - INFO - ✅ Petlove: 2 produto(s) encontrado(s) para NexGard Combo
2026-09-11 22:05:03,236 - scraper_base - INFO - 📦 [6/20] Processando Bravecto
2026-09-11 22:05:03,236 - scraper_base - INFO - 🔍 Petlove: Buscando Bravecto
2026-09-11 22:05:04,172 - scraper_base - INFO - ✅ Petlove: 23 produto(s) encontrado(s) para Bravecto
2026-09-11 22:05:05,221 - scraper_base - INFO - 📦 [7/20] Processando Frontline
2026-09-11 22:05:05,222 - scraper_base - INFO - 🔍 Petlove: Buscando Frontline
2026-09-11 22:05:05,996 - scraper_base - INFO - ✅ Petlove: 11 produto(s) encontrado(s) para Frontline
2026-09-11 22:05:08,116 - scraper_base - INFO - 📦 [8/20] Processando Advocate
2026-09-11 22:05:08,116 - scraper_base - INFO - 🔍 Petlove: Buscando Advocate
2026-09-11 22:05:09,165 - scraper_base - INFO - ✅ Petlove: 9 produto(s) encontrado(s) para Advocate
2026-09-11 22:05:11,457 - scraper_base - INFO - 📦 [9/20] Processando Drontal
2026-09-11 22:05:11,457 - scraper_base - INFO - 🔍 Petlove: Buscando Drontal
2026-09-11 22:05:12,889 - scraper_base - INFO - ✅ Petlove: 36 produto(s) encontrado(s) para Drontal
2026-09-11 22:05:15,318 - scraper_base - INFO - 📦 [10/20] Processando Milbemax
2026-09-11 22:05:15,319 - scraper_base - INFO - 🔍 Petlove: Buscando Milbemax
2026-09-11 22:05:16,191 - scraper_base - INFO - ✅ Petlove: 14 produto(s) encontrado(s) para Milbemax
2026-09-11 22:05:17,478 - scraper_base - INFO - 📦 [11/20] Processando Vermivet
2026-09-11 22:05:17,478 - scraper_base - INFO - 🔍 Petlove: Buscando Vermivet
2026-09-11 22:05:18,371 - scraper_base - INFO - ✅ Petlove: 36 produto(s) encontrado(s) para Vermivet
2026-09-11 22:05:20,366 - scraper_base - INFO - 📦 [12/20] Processando Rimadyl
2026-09-11 22:05:20,366 - scraper_base - INFO - 🔍 Petlove: Buscando Rimadyl
2026-09-11 22:05:21,075 - scraper_base - INFO - ✅ Petlove: 1 produto(s) encontrado(s) para Rimadyl
2026-09-11 22:05:22,881 - scraper_base - INFO - 📦 [13/20] Processando Onsior
2026-09-11 22:05:22,881 - scraper_base - INFO - 🔍 Petlove: Buscando Onsior
2026-09-11 22:05:23,689 - scraper_base - INFO - ✅ Petlove: 4 produto(s) encontrado(s) para Onsior
2026-09-11 22:05:26,337 - scraper_base - INFO - 📦 [14/20] Processando Maxicam
2026-09-11 22:05:26,338 - scraper_base - INFO - 🔍 Petlove: Buscando Maxicam
2026-09-11 22:05:27,027 - scraper_base - INFO - ✅ Petlove: 3 produto(s) encontrado(s) para Maxicam
2026-09-11 22:05:28,381 - scraper_base - INFO - 📦 [15/20] Processando Carproflan
2026-09-11 22:05:28,381 - scraper_base - INFO - 🔍 Petlove: Buscando Carproflan
2026-09-11 22:05:29,362 - scraper_base - INFO - ✅ Petlove: 6 produto(s) encontrado(s) para Carproflan
2026-09-11 22:05:30,964 - scraper_base - INFO - 📦 [16/20] Processando Previcox
2026-09-11 22:05:30,965 - scraper_base - INFO - 🔍 Petlove: Buscando Previcox
2026-09-11 22:05:31,677 - scraper_base - INFO - ✅ Petlove: 4 produto(s) encontrado(s) para Previcox
2026-09-11 22:05:33,932 - scraper_base - INFO - 📦 [17/20] Processando Apoquel
2026-09-11 22:05:33,932 - scraper_base - INFO - 🔍 Petlove: Buscando Apoquel
2026-09-11 22:05:34,794 - scraper_base - INFO - ✅ Petlove: 16 produto(s) encontrado(s) para Apoquel
2026-09-11 22:05:36,813 - scraper_base - INFO - 📦 [18/20] Processando Zenrelia
2026-09-11 22:05:36,813 - scraper_base - INFO - 🔍 Petlove: Buscando Zenrelia
2026-09-11 22:05:37,626 - scraper_base - INFO - ✅ Petlove: 4 produto(s) encontrado(s) para Zenrelia
2026-09-11 22:05:40,390 - scraper_base - INFO - 📦 [19/20] Processando Synulox
2026-09-11 22:05:40,390 - scraper_base - INFO - 🔍 Petlove: Buscando Synulox
2026-09-11 22:05:41,309 - scraper_base - INFO - ✅ Petlove: 1 produto(s) encontrado(s) para Synulox
2026-09-11 22:05:42,791 - scraper_base - INFO - 📦 [20/20] Processando Baytril
2026-09-11 22:05:42,791 - scraper_base - INFO - 🔍 Petlove: Buscando Baytril
2026-09-11 22:05:43,743 - scraper_base - INFO - ✅ Petlove: 6 produto(s) encontrado(s) para Baytril
2026-09-11 22:05:45,017 - scraper_base - INFO - 📊 Petlove - Estatísticas finais:
2026-09-11 22:05:45,017 - scraper_base - INFO -    • Medicamentos processados: 20
2026-09-11 22:05:45,017 - scraper_base - INFO -    • Produtos encontrados: 247
2026-09-11 22:05:45,018 - scraper_base - INFO -    • Medicamentos sem resultado: 0
2026-09-11 22:05:45,018 - scraper_base - INFO -    • Tempo total: 58.7s
2026-09-11 22:05:45,018 - scraper_base - INFO -    • Tempo médio por medicamento: 2.9s
2026-09-11 22:05:45,064 - gerenciador_arquivos - INFO - Excel salvo: dados_coletados/petlove_20260911_220545.xlsx (247 produtos)
2026-09-11 22:05:45,064 - gerenciador_principal - INFO - Petlove: Arquivo individual salvo com sucesso
2026-09-11 22:05:45,064 - gerenciador_principal - INFO - Pausando entre sites...
2026-09-11 22:05:47,065 - gerenciador_principal - INFO - [3/3] Processando Petz
2026-09-11 22:05:47,065 - scraper_base - INFO - 🚀 Iniciando scraping completo - Petz
2026-09-11 22:05:47,304 - scraper_base - INFO - 📋 20 medicamentos para processar
2026-09-11 22:05:47,304 - scraper_base - INFO - 📦 [1/20] Processando Simparic
2026-09-11 22:05:47,304 - scraper_base - INFO - 🔍 Petz: Buscando Simparic
2026-09-11 22:05:55,673 - gerenciador_conexoes - INFO - Chrome inicializado com otimizacoes de velocidade
2026-09-11 22:05:55,893 - scraper_petz - INFO - Petz: Nenhum product-card encontrado para Simparic
2026-09-11 22:05:55,893 - scraper_base - INFO - ⚪ Petz: Nenhum produto encontrado para Simparic
2026-09-11 22:05:58,332 - scraper_base - INFO - 📦 [2/20] Processando Revolution
2026-09-11 22:05:58,333 - scraper_base - INFO - 🔍 Petz: Buscando Revolution
2026-09-11 22:05:58,421 - scraper_petz - INFO - Petz: Nenhum product-card encontrado para Revolution
2026-09-11 22:05:58,421 - scraper_base - INFO - ⚪ Petz: Nenhum produto encontrado para Revolution
2026-09-11 22:06:00,677 - scraper_base - INFO - 📦 [3/20] Processando NexGard
2026-09-11 22:06:00,677 - scraper_base - INFO - 🔍 Petz: Buscando NexGard
2026-09-11 22:06:00,750 - scraper_petz - INFO - Petz: Nenhum product-card encontrado para NexGard
2026-09-11 22:06:00,750 - scraper_base - INFO - ⚪ Petz: Nenhum produto encontrado para NexGard
2026-09-11 22:06:02,061 - scraper_base - INFO - 📦 [4/20] Processando NexGard Spectra
2026-09-11 22:06:02,061 - scraper_base - INFO - 🔍 Petz: Buscando NexGard Spectra
2026-09-11 22:06:02,129 - scraper_petz - INFO - Petz: Nenhum product-card encontrado para NexGard Spectra
2026-09-11 22:06:02,129 - scraper_base - INFO - ⚪ Petz: Nenhum produto encontrado para NexGard Spectra
2026-09-11 22:06:04,508 - scraper_base - INFO - 📦 [5/20] Processando NexGard Combo
2026-09-11 22:06:04,508 - scraper_base - INFO - 🔍 Petz: Buscando NexGard Combo
2026-09-11 22:06:04,576 - scraper_petz - INFO - Petz: Nenhum product-card encontrado para NexGard Combo
2026-09-11 22:06:04,576 - scraper_base - INFO - ⚪ Petz: Nenhum produto encontrado para NexGard Combo
2026-09-11 22:06:06,224 - scraper_base - INFO - 📦 [6/20] Processando Bravecto
2026-09-11 22:06:06,225 - scraper_base - INFO - 🔍 Petz: Buscando Bravecto
2026-09-11 22:06:06,311 - scraper_petz - INFO - Petz: Nenhum product-card encontrado para Bravecto
2026-09-11 22:06:06,312 - scraper_base - INFO - ⚪ Petz: Nenhum produto encontrado para Bravecto
2026-09-11 22:06:08,283 - scraper_base - INFO - 📦 [7/20] Processando Frontline
2026-09-11 22:06:08,283 - scraper_base - INFO - 🔍 Petz: Buscando Frontline
2026-09-11 22:06:08,559 - scraper_petz - INFO - Petz: Nenhum product-card encontrado para Frontline
2026-09-11 22:06:08,559 - scraper_base - INFO - ⚪ Petz: Nenhum produto encontrado para Frontline
2026-09-11 22:06:10,402 - scraper_base - INFO - 📦 [8/20] Processando Advocate
2026-09-11 22:06:10,402 - scraper_base - INFO - 🔍 Petz: Buscando Advocate
2026-09-11 22:06:10,478 - scraper_petz - INFO - Petz: Nenhum product-card encontrado para Advocate
2026-09-11 22:06:10,478 - scraper_base - INFO - ⚪ Petz: Nenhum produto encontrado para Advocate
2026-09-11 22:06:12,730 - scraper_base - INFO - 📦 [9/20] Processando Drontal
2026-09-11 22:06:12,730 - scraper_base - INFO - 🔍 Petz: Buscando Drontal
2026-09-11 22:06:12,807 - scraper_petz - INFO - Petz: Nenhum product-card encontrado para Drontal
2026-09-11 22:06:12,807 - scraper_base - INFO - ⚪ Petz: Nenhum produto encontrado para Drontal
2026-09-11 22:06:14,341 - scraper_base - INFO - 📦 [10/20] Processando Milbemax
2026-09-11 22:06:14,341 - scraper_base - INFO - 🔍 Petz: Buscando Milbemax
2026-09-11 22:06:14,410 - scraper_petz - INFO - Petz: Nenhum product-card encontrado para Milbemax
2026-09-11 22:06:14,410 - scraper_base - INFO - ⚪ Petz: Nenhum produto encontrado para Milbemax
2026-09-11 22:06:16,304 - scraper_base - INFO - 📦 [11/20] Processando Vermivet
2026-09-11 22:06:16,304 - scraper_base - INFO - 🔍 Petz: Buscando Vermivet
2026-09-11 22:06:16,380 - scraper_petz - INFO - Petz: Nenhum product-card encontrado para Vermivet
2026-09-11 22:06:16,380 - scraper_base - INFO - ⚪ Petz: Nenhum produto encontrado para Vermivet
2026-09-11 22:06:19,012 - scraper_base - INFO - 📦 [12/20] Processando Rimadyl
2026-09-11 22:06:19,012 - scraper_base - INFO - 🔍 Petz: Buscando Rimadyl
2026-09-11 22:06:19,086 - scraper_petz - INFO - Petz: Nenhum product-card encontrado para Rimadyl
2026-09-11 22:06:19,086 - scraper_base - INFO - ⚪ Petz: Nenhum produto encontrado para Rimadyl
2026-09-11 22:06:21,226 - scraper_base - INFO - 📦 [13/20] Processando Onsior
2026-09-11 22:06:21,227 - scraper_base - INFO - 🔍 Petz: Buscando Onsior
2026-09-11 22:06:21,304 - scraper_petz - INFO - Petz: Nenhum product-card encontrado para Onsior
2026-09-11 22:06:21,304 - scraper_base - INFO - ⚪ Petz: Nenhum produto encontrado para Onsior
2026-09-11 22:06:22,305 - scraper_base - INFO - 📦 [14/20] Processando Maxicam
2026-09-11 22:06:22,305 - scraper_base - INFO - 🔍 Petz: Buscando Maxicam
2026-09-11 22:06:22,378 - scraper_petz - INFO - Petz: Nenhum product-card encontrado para Maxicam
2026-09-11 22:06:22,378 - scraper_base - INFO - ⚪ Petz: Nenhum produto encontrado para Maxicam
2026-09-11 22:06:24,835 - scraper_base - INFO - 📦 [15/20] Processando Carproflan
2026-09-11 22:06:24,835 - scraper_base - INFO - 🔍 Petz: Buscando Carproflan
2026-09-11 22:06:24,912 - scraper_petz - INFO - Petz: Nenhum product-card encontrado para Carproflan
2026-09-11 22:06:24,912 - scraper_base - INFO - ⚪ Petz: Nenhum produto encontrado para Carproflan
2026-09-11 22:06:27,007 - scraper_base - INFO - 📦 [16/20] Processando Previcox
2026-09-11 22:06:27,007 - scraper_base - INFO - 🔍 Petz: Buscando Previcox
2026-09-11 22:06:27,083 - scraper_petz - INFO - Petz: Nenhum product-card encontrado para Previcox
2026-09-11 22:06:27,083 - scraper_base - INFO - ⚪ Petz: Nenhum produto encontrado para Previcox
2026-09-11 22:06:29,580 - scraper_base - INFO - 📦 [17/20] Processando Apoquel
2026-09-11 22:06:29,580 - scraper_base - INFO - 🔍 Petz: Buscando Apoquel
2026-09-11 22:06:29,675 - scraper_petz - INFO - Petz: Nenhum product-card encontrado para Apoquel
2026-09-11 22:06:29,675 - scraper_base - INFO - ⚪ Petz: Nenhum produto encontrado para Apoquel
2026-09-11 22:06:32,159 - scraper_base - INFO - 📦 [18/20] Processando Zenrelia
2026-09-11 22:06:32,159 - scraper_base - INFO - 🔍 Petz: Buscando Zenrelia
2026-09-11 22:06:32,230 - scraper_petz - INFO - Petz: Nenhum product-card encontrado para Zenrelia
2026-09-11 22:06:32,230 - scraper_base - INFO - ⚪ Petz: Nenhum produto encontrado para Zenrelia
2026-09-11 22:06:35,213 - scraper_base - INFO - 📦 [19/20] Processando Synulox
2026-09-11 22:06:35,213 - scraper_base - INFO - 🔍 Petz: Buscando Synulox
2026-09-11 22:06:35,287 - scraper_petz - INFO - Petz: Nenhum product-card encontrado para Synulox
2026-09-11 22:06:35,287 - scraper_base - INFO - ⚪ Petz: Nenhum produto encontrado para Synulox
2026-09-11 22:06:37,810 - scraper_base - INFO - 📦 [20/20] Processando Baytril
2026-09-11 22:06:37,810 - scraper_base - INFO - 🔍 Petz: Buscando Baytril
2026-09-11 22:06:37,880 - scraper_petz - INFO - Petz: Nenhum product-card encontrado para Baytril
2026-09-11 22:06:37,881 - scraper_base - INFO - ⚪ Petz: Nenhum produto encontrado para Baytril
2026-09-11 22:06:38,953 - scraper_base - INFO - 📊 Petz - Estatísticas finais:
2026-09-11 22:06:38,953 - scraper_base - INFO -    • Medicamentos processados: 20
2026-09-11 22:06:38,953 - scraper_base - INFO -    • Produtos encontrados: 0
2026-09-11 22:06:38,953 - scraper_base - INFO -    • Medicamentos sem resultado: 20
2026-09-11 22:06:38,953 - scraper_base - INFO -    • Tempo total: 51.9s
2026-09-11 22:06:38,954 - scraper_base - INFO -    • Tempo médio por medicamento: 2.6s
2026-09-11 22:06:38,954 - gerenciador_principal - WARNING - Petz: Nenhum produto coletado
2026-09-11 22:06:38,954 - gerenciador_principal - INFO - Gerando relatório consolidado...
2026-09-11 22:06:39,098 - gerenciador_arquivos - INFO - Relatório consolidado salvo: dados_relatorios/relatorio_consolidado_20260911_220638.xlsx
2026-09-11 22:06:39,166 - gerenciador_conexoes - INFO - Chrome fechado
2026-09-11 22:06:39,166 - gerenciador_conexoes - INFO - Métodos utilizados - Requests: 66.7%, Selenium: 33.3%, Falhas: 0.0%
2026-09-11 22:06:39,166 - gerenciador_principal - INFO - ============================================================
2026-09-11 22:06:39,167 - gerenciador_principal - INFO - RELATORIO FINAL DE EXECUÇÃO
2026-09-11 22:06:39,167 - gerenciador_principal - INFO - ============================================================
2026-09-11 22:06:39,167 - gerenciador_principal - INFO - Sites processados: 3
2026-09-11 22:06:39,167 - gerenciador_principal - INFO - Sites com sucesso: 2
2026-09-11 22:06:39,167 - gerenciador_principal - INFO - Total de produtos coletados: 405
2026-09-11 22:06:39,167 - gerenciador_principal - WARNING - Sites com falhas: Petz
2026-09-11 22:06:39,167 - gerenciador_principal - INFO - Tempo total de execução: 210.2 segundos
2026-09-11 22:06:39,167 - gerenciador_principal - INFO - Estatísticas de conexão:
2026-09-11 22:06:39,167 - gerenciador_principal - INFO -   - Requests bem-sucedidos: 66.7%
2026-09-11 22:06:39,167 - gerenciador_principal - INFO -   - Selenium fallback: 33.3%
2026-09-11 22:06:39,167 - gerenciador_principal - INFO -   - Falhas totais: 0.0%
2026-09-11 22:06:39,172 - gerenciador_principal - INFO - Arquivos salvos na pasta: dados_coletados
2026-09-11 22:06:39,172 - gerenciador_principal - INFO - Total de arquivos: 985
2026-09-11 22:06:39,172 - gerenciador_principal - INFO - ============================================================
