2026-06-19 20:58:17,035 - configurador_logs - INFO - Sistema de logs configurado com sucesso
2026-06-19 20:58:17,035 - configurador_logs - INFO - 🚀 Logs configurados para MODO PRODUÇÃO
2026-06-19 20:58:17,036 - gerenciador_principal - INFO - Inicializando sistema - Modo: PRODUCAO
2026-06-19 20:58:17,036 - gerenciador_arquivos - INFO - Pasta dados_coletados preparada
2026-06-19 20:58:17,036 - gerenciador_principal - INFO - Sistema inicializado com 3 scrapers
2026-06-19 20:58:17,036 - gerenciador_principal - INFO - ============================================================
2026-06-19 20:58:17,036 - gerenciador_principal - INFO - INICIANDO SCRAPING COMPLETO - PRODUCAO
2026-06-19 20:58:17,036 - gerenciador_principal - INFO - ============================================================
2026-06-19 20:58:17,036 - gerenciador_principal - INFO - [1/3] Processando Cobasi
2026-06-19 20:58:17,036 - scraper_base - INFO - 🚀 Iniciando scraping completo - Cobasi
2026-06-19 20:58:17,949 - gerenciador_conexoes - INFO - Sessao estabelecida com cobasi.com.br
2026-06-19 20:58:17,949 - scraper_base - INFO - 📋 20 medicamentos para processar
2026-06-19 20:58:17,949 - scraper_base - INFO - 📦 [1/20] Processando Simparic
2026-06-19 20:58:17,949 - scraper_base - INFO - 🔍 Cobasi: Buscando Simparic
2026-06-19 20:58:21,403 - scraper_cobasi - INFO - Cobasi: Dados extraídos via JSON para Simparic
2026-06-19 20:58:21,404 - scraper_base - INFO - ✅ Cobasi: 24 produto(s) encontrado(s) para Simparic
2026-06-19 20:58:24,269 - scraper_base - INFO - 📦 [2/20] Processando Revolution
2026-06-19 20:58:24,269 - scraper_base - INFO - 🔍 Cobasi: Buscando Revolution
2026-06-19 20:58:28,497 - scraper_cobasi - INFO - Cobasi: Dados extraídos via JSON para Revolution
2026-06-19 20:58:28,497 - scraper_base - INFO - ✅ Cobasi: 18 produto(s) encontrado(s) para Revolution
2026-06-19 20:58:30,101 - scraper_base - INFO - 📦 [3/20] Processando NexGard
2026-06-19 20:58:30,102 - scraper_base - INFO - 🔍 Cobasi: Buscando NexGard
2026-06-19 20:58:35,364 - scraper_cobasi - INFO - Cobasi: Dados extraídos via JSON para NexGard
2026-06-19 20:58:35,365 - scraper_base - INFO - ✅ Cobasi: 22 produto(s) encontrado(s) para NexGard
2026-06-19 20:58:38,329 - scraper_base - INFO - 📦 [4/20] Processando NexGard Spectra
2026-06-19 20:58:38,329 - scraper_base - INFO - 🔍 Cobasi: Buscando NexGard Spectra
2026-06-19 20:58:43,821 - scraper_cobasi - INFO - Cobasi: Dados extraídos via JSON para NexGard Spectra
2026-06-19 20:58:43,822 - scraper_base - INFO - ✅ Cobasi: 10 produto(s) encontrado(s) para NexGard Spectra
2026-06-19 20:58:45,646 - scraper_base - INFO - 📦 [5/20] Processando NexGard Combo
2026-06-19 20:58:45,646 - scraper_base - INFO - 🔍 Cobasi: Buscando NexGard Combo
2026-06-19 20:58:48,731 - scraper_cobasi - INFO - Cobasi: Dados extraídos via JSON para NexGard Combo
2026-06-19 20:58:48,731 - scraper_base - INFO - ✅ Cobasi: 4 produto(s) encontrado(s) para NexGard Combo
2026-06-19 20:58:51,031 - scraper_base - INFO - 📦 [6/20] Processando Bravecto
2026-06-19 20:58:51,031 - scraper_base - INFO - 🔍 Cobasi: Buscando Bravecto
2026-06-19 20:58:54,690 - scraper_cobasi - INFO - Cobasi: Dados extraídos via JSON para Bravecto
2026-06-19 20:58:54,690 - scraper_base - INFO - ✅ Cobasi: 16 produto(s) encontrado(s) para Bravecto
2026-06-19 20:58:55,957 - scraper_base - INFO - 📦 [7/20] Processando Frontline
2026-06-19 20:58:55,957 - scraper_base - INFO - 🔍 Cobasi: Buscando Frontline
2026-06-19 20:58:59,808 - scraper_cobasi - INFO - Cobasi: Dados extraídos via JSON para Frontline
2026-06-19 20:58:59,808 - scraper_base - INFO - ✅ Cobasi: 11 produto(s) encontrado(s) para Frontline
2026-06-19 20:59:01,642 - scraper_base - INFO - 📦 [8/20] Processando Advocate
2026-06-19 20:59:01,642 - scraper_base - INFO - 🔍 Cobasi: Buscando Advocate
2026-06-19 20:59:06,739 - scraper_cobasi - INFO - Cobasi: Dados extraídos via JSON para Advocate
2026-06-19 20:59:06,739 - scraper_base - INFO - ✅ Cobasi: 12 produto(s) encontrado(s) para Advocate
2026-06-19 20:59:09,318 - scraper_base - INFO - 📦 [9/20] Processando Drontal
2026-06-19 20:59:09,318 - scraper_base - INFO - 🔍 Cobasi: Buscando Drontal
2026-06-19 20:59:14,161 - scraper_cobasi - INFO - Cobasi: Dados extraídos via JSON para Drontal
2026-06-19 20:59:14,161 - scraper_base - INFO - ✅ Cobasi: 8 produto(s) encontrado(s) para Drontal
2026-06-19 20:59:15,238 - scraper_base - INFO - 📦 [10/20] Processando Milbemax
2026-06-19 20:59:15,239 - scraper_base - INFO - 🔍 Cobasi: Buscando Milbemax
2026-06-19 20:59:18,929 - scraper_cobasi - INFO - Cobasi: Dados extraídos via JSON para Milbemax
2026-06-19 20:59:18,929 - scraper_base - INFO - ✅ Cobasi: 4 produto(s) encontrado(s) para Milbemax
2026-06-19 20:59:21,469 - scraper_base - INFO - 📦 [11/20] Processando Vermivet
2026-06-19 20:59:21,470 - scraper_base - INFO - 🔍 Cobasi: Buscando Vermivet
2026-06-19 20:59:25,563 - scraper_cobasi - INFO - Cobasi: Dados extraídos via JSON para Vermivet
2026-06-19 20:59:25,563 - scraper_base - INFO - ✅ Cobasi: 5 produto(s) encontrado(s) para Vermivet
2026-06-19 20:59:28,251 - scraper_base - INFO - 📦 [12/20] Processando Rimadyl
2026-06-19 20:59:28,251 - scraper_base - INFO - 🔍 Cobasi: Buscando Rimadyl
2026-06-19 20:59:32,199 - scraper_cobasi - INFO - Cobasi: Dados extraídos via JSON para Rimadyl
2026-06-19 20:59:32,199 - scraper_base - INFO - ✅ Cobasi: 3 produto(s) encontrado(s) para Rimadyl
2026-06-19 20:59:34,477 - scraper_base - INFO - 📦 [13/20] Processando Onsior
2026-06-19 20:59:34,478 - scraper_base - INFO - 🔍 Cobasi: Buscando Onsior
2026-06-19 20:59:34,979 - scraper_cobasi - INFO - Cobasi: Dados extraídos via JSON para Onsior
2026-06-19 20:59:34,979 - scraper_base - INFO - ✅ Cobasi: 4 produto(s) encontrado(s) para Onsior
2026-06-19 20:59:36,572 - scraper_base - INFO - 📦 [14/20] Processando Maxicam
2026-06-19 20:59:36,572 - scraper_base - INFO - 🔍 Cobasi: Buscando Maxicam
2026-06-19 20:59:39,720 - scraper_cobasi - INFO - Cobasi: Dados extraídos via JSON para Maxicam
2026-06-19 20:59:39,721 - scraper_base - INFO - ✅ Cobasi: 3 produto(s) encontrado(s) para Maxicam
2026-06-19 20:59:41,845 - scraper_base - INFO - 📦 [15/20] Processando Carproflan
2026-06-19 20:59:41,845 - scraper_base - INFO - 🔍 Cobasi: Buscando Carproflan
2026-06-19 20:59:45,000 - scraper_cobasi - INFO - Cobasi: Dados extraídos via JSON para Carproflan
2026-06-19 20:59:45,000 - scraper_base - INFO - ✅ Cobasi: 3 produto(s) encontrado(s) para Carproflan
2026-06-19 20:59:47,086 - scraper_base - INFO - 📦 [16/20] Processando Previcox
2026-06-19 20:59:47,086 - scraper_base - INFO - 🔍 Cobasi: Buscando Previcox
2026-06-19 20:59:49,665 - scraper_cobasi - INFO - Cobasi: Dados extraídos via JSON para Previcox
2026-06-19 20:59:49,665 - scraper_base - INFO - ✅ Cobasi: 2 produto(s) encontrado(s) para Previcox
2026-06-19 20:59:51,212 - scraper_base - INFO - 📦 [17/20] Processando Apoquel
2026-06-19 20:59:51,212 - scraper_base - INFO - 🔍 Cobasi: Buscando Apoquel
2026-06-19 20:59:54,744 - scraper_cobasi - INFO - Cobasi: Dados extraídos via JSON para Apoquel
2026-06-19 20:59:54,744 - scraper_base - INFO - ✅ Cobasi: 3 produto(s) encontrado(s) para Apoquel
2026-06-19 20:59:57,036 - scraper_base - INFO - 📦 [18/20] Processando Zenrelia
2026-06-19 20:59:57,036 - scraper_base - INFO - 🔍 Cobasi: Buscando Zenrelia
2026-06-19 21:00:00,402 - scraper_cobasi - INFO - Cobasi: Dados extraídos via JSON para Zenrelia
2026-06-19 21:00:00,402 - scraper_base - INFO - ✅ Cobasi: 3 produto(s) encontrado(s) para Zenrelia
2026-06-19 21:00:02,446 - scraper_base - INFO - 📦 [19/20] Processando Synulox
2026-06-19 21:00:02,447 - scraper_base - INFO - 🔍 Cobasi: Buscando Synulox
2026-06-19 21:00:06,771 - scraper_cobasi - INFO - Cobasi: Dados extraídos via JSON para Synulox
2026-06-19 21:00:06,771 - scraper_base - INFO - ✅ Cobasi: 2 produto(s) encontrado(s) para Synulox
2026-06-19 21:00:08,619 - scraper_base - INFO - 📦 [20/20] Processando Baytril
2026-06-19 21:00:08,620 - scraper_base - INFO - 🔍 Cobasi: Buscando Baytril
2026-06-19 21:00:13,043 - scraper_cobasi - INFO - Cobasi: Dados extraídos via JSON para Baytril
2026-06-19 21:00:13,043 - scraper_base - INFO - ✅ Cobasi: 2 produto(s) encontrado(s) para Baytril
2026-06-19 21:00:15,325 - scraper_base - INFO - 📊 Cobasi - Estatísticas finais:
2026-06-19 21:00:15,325 - scraper_base - INFO -    • Medicamentos processados: 20
2026-06-19 21:00:15,325 - scraper_base - INFO -    • Produtos encontrados: 159
2026-06-19 21:00:15,325 - scraper_base - INFO -    • Medicamentos sem resultado: 0
2026-06-19 21:00:15,325 - scraper_base - INFO -    • Tempo total: 118.3s
2026-06-19 21:00:15,325 - scraper_base - INFO -    • Tempo médio por medicamento: 5.9s
2026-06-19 21:00:15,480 - gerenciador_arquivos - INFO - Excel salvo: dados_coletados/cobasi_20260619_210015.xlsx (159 produtos)
2026-06-19 21:00:15,480 - gerenciador_principal - INFO - Cobasi: Arquivo individual salvo com sucesso
2026-06-19 21:00:15,480 - gerenciador_principal - INFO - Pausando entre sites...
2026-06-19 21:00:17,480 - gerenciador_principal - INFO - [2/3] Processando Petlove
2026-06-19 21:00:17,481 - scraper_base - INFO - 🚀 Iniciando scraping completo - Petlove
2026-06-19 21:00:17,759 - gerenciador_conexoes - INFO - Sessao estabelecida com petlove.com.br
2026-06-19 21:00:17,759 - scraper_base - INFO - 📋 20 medicamentos para processar
2026-06-19 21:00:17,759 - scraper_base - INFO - 📦 [1/20] Processando Simparic
2026-06-19 21:00:17,759 - scraper_base - INFO - 🔍 Petlove: Buscando Simparic
2026-06-19 21:00:18,613 - scraper_base - INFO - ✅ Petlove: 36 produto(s) encontrado(s) para Simparic
2026-06-19 21:00:21,525 - scraper_base - INFO - 📦 [2/20] Processando Revolution
2026-06-19 21:00:21,525 - scraper_base - INFO - 🔍 Petlove: Buscando Revolution
2026-06-19 21:00:22,288 - scraper_base - INFO - ✅ Petlove: 20 produto(s) encontrado(s) para Revolution
2026-06-19 21:00:23,956 - scraper_base - INFO - 📦 [3/20] Processando NexGard
2026-06-19 21:00:23,956 - scraper_base - INFO - 🔍 Petlove: Buscando NexGard
2026-06-19 21:00:25,464 - scraper_base - INFO - ✅ Petlove: 11 produto(s) encontrado(s) para NexGard
2026-06-19 21:00:27,647 - scraper_base - INFO - 📦 [4/20] Processando NexGard Spectra
2026-06-19 21:00:27,647 - scraper_base - INFO - 🔍 Petlove: Buscando NexGard Spectra
2026-06-19 21:00:28,336 - scraper_base - INFO - ✅ Petlove: 5 produto(s) encontrado(s) para NexGard Spectra
2026-06-19 21:00:30,798 - scraper_base - INFO - 📦 [5/20] Processando NexGard Combo
2026-06-19 21:00:30,799 - scraper_base - INFO - 🔍 Petlove: Buscando NexGard Combo
2026-06-19 21:00:31,482 - scraper_base - INFO - ✅ Petlove: 2 produto(s) encontrado(s) para NexGard Combo
2026-06-19 21:00:33,200 - scraper_base - INFO - 📦 [6/20] Processando Bravecto
2026-06-19 21:00:33,200 - scraper_base - INFO - 🔍 Petlove: Buscando Bravecto
2026-06-19 21:00:34,287 - scraper_base - INFO - ✅ Petlove: 22 produto(s) encontrado(s) para Bravecto
2026-06-19 21:00:35,723 - scraper_base - INFO - 📦 [7/20] Processando Frontline
2026-06-19 21:00:35,723 - scraper_base - INFO - 🔍 Petlove: Buscando Frontline
2026-06-19 21:00:36,499 - scraper_base - INFO - ✅ Petlove: 11 produto(s) encontrado(s) para Frontline
2026-06-19 21:00:38,066 - scraper_base - INFO - 📦 [8/20] Processando Advocate
2026-06-19 21:00:38,066 - scraper_base - INFO - 🔍 Petlove: Buscando Advocate
2026-06-19 21:00:38,728 - scraper_base - INFO - ✅ Petlove: 9 produto(s) encontrado(s) para Advocate
2026-06-19 21:00:41,326 - scraper_base - INFO - 📦 [9/20] Processando Drontal
2026-06-19 21:00:41,326 - scraper_base - INFO - 🔍 Petlove: Buscando Drontal
2026-06-19 21:00:42,317 - scraper_base - INFO - ✅ Petlove: 36 produto(s) encontrado(s) para Drontal
2026-06-19 21:00:44,074 - scraper_base - INFO - 📦 [10/20] Processando Milbemax
2026-06-19 21:00:44,075 - scraper_base - INFO - 🔍 Petlove: Buscando Milbemax
2026-06-19 21:00:44,767 - scraper_base - INFO - ✅ Petlove: 14 produto(s) encontrado(s) para Milbemax
2026-06-19 21:00:46,369 - scraper_base - INFO - 📦 [11/20] Processando Vermivet
2026-06-19 21:00:46,370 - scraper_base - INFO - 🔍 Petlove: Buscando Vermivet
2026-06-19 21:00:47,285 - scraper_base - INFO - ✅ Petlove: 36 produto(s) encontrado(s) para Vermivet
2026-06-19 21:00:49,279 - scraper_base - INFO - 📦 [12/20] Processando Rimadyl
2026-06-19 21:00:49,279 - scraper_base - INFO - 🔍 Petlove: Buscando Rimadyl
2026-06-19 21:00:49,904 - scraper_base - INFO - ✅ Petlove: 1 produto(s) encontrado(s) para Rimadyl
2026-06-19 21:00:52,336 - scraper_base - INFO - 📦 [13/20] Processando Onsior
2026-06-19 21:00:52,336 - scraper_base - INFO - 🔍 Petlove: Buscando Onsior
2026-06-19 21:00:52,957 - scraper_base - INFO - ✅ Petlove: 4 produto(s) encontrado(s) para Onsior
2026-06-19 21:00:54,293 - scraper_base - INFO - 📦 [14/20] Processando Maxicam
2026-06-19 21:00:54,293 - scraper_base - INFO - 🔍 Petlove: Buscando Maxicam
2026-06-19 21:00:54,930 - scraper_base - INFO - ✅ Petlove: 3 produto(s) encontrado(s) para Maxicam
2026-06-19 21:00:56,350 - scraper_base - INFO - 📦 [15/20] Processando Carproflan
2026-06-19 21:00:56,351 - scraper_base - INFO - 🔍 Petlove: Buscando Carproflan
2026-06-19 21:00:57,017 - scraper_base - INFO - ✅ Petlove: 8 produto(s) encontrado(s) para Carproflan
2026-06-19 21:00:58,176 - scraper_base - INFO - 📦 [16/20] Processando Previcox
2026-06-19 21:00:58,176 - scraper_base - INFO - 🔍 Petlove: Buscando Previcox
2026-06-19 21:00:59,078 - scraper_base - INFO - ✅ Petlove: 4 produto(s) encontrado(s) para Previcox
2026-06-19 21:01:00,745 - scraper_base - INFO - 📦 [17/20] Processando Apoquel
2026-06-19 21:01:00,746 - scraper_base - INFO - 🔍 Petlove: Buscando Apoquel
2026-06-19 21:01:01,451 - scraper_base - INFO - ✅ Petlove: 16 produto(s) encontrado(s) para Apoquel
2026-06-19 21:01:02,671 - scraper_base - INFO - 📦 [18/20] Processando Zenrelia
2026-06-19 21:01:02,671 - scraper_base - INFO - 🔍 Petlove: Buscando Zenrelia
2026-06-19 21:01:03,313 - scraper_base - INFO - ✅ Petlove: 4 produto(s) encontrado(s) para Zenrelia
2026-06-19 21:01:05,369 - scraper_base - INFO - 📦 [19/20] Processando Synulox
2026-06-19 21:01:05,369 - scraper_base - INFO - 🔍 Petlove: Buscando Synulox
2026-06-19 21:01:06,025 - scraper_base - INFO - ✅ Petlove: 1 produto(s) encontrado(s) para Synulox
2026-06-19 21:01:07,650 - scraper_base - INFO - 📦 [20/20] Processando Baytril
2026-06-19 21:01:07,650 - scraper_base - INFO - 🔍 Petlove: Buscando Baytril
2026-06-19 21:01:08,322 - scraper_base - INFO - ✅ Petlove: 6 produto(s) encontrado(s) para Baytril
2026-06-19 21:01:09,375 - scraper_base - INFO - 📊 Petlove - Estatísticas finais:
2026-06-19 21:01:09,375 - scraper_base - INFO -    • Medicamentos processados: 20
2026-06-19 21:01:09,375 - scraper_base - INFO -    • Produtos encontrados: 249
2026-06-19 21:01:09,375 - scraper_base - INFO -    • Medicamentos sem resultado: 0
2026-06-19 21:01:09,375 - scraper_base - INFO -    • Tempo total: 51.9s
2026-06-19 21:01:09,375 - scraper_base - INFO -    • Tempo médio por medicamento: 2.6s
2026-06-19 21:01:09,421 - gerenciador_arquivos - INFO - Excel salvo: dados_coletados/petlove_20260619_210109.xlsx (249 produtos)
2026-06-19 21:01:09,422 - gerenciador_principal - INFO - Petlove: Arquivo individual salvo com sucesso
2026-06-19 21:01:09,422 - gerenciador_principal - INFO - Pausando entre sites...
2026-06-19 21:01:11,422 - gerenciador_principal - INFO - [3/3] Processando Petz
2026-06-19 21:01:11,422 - scraper_base - INFO - 🚀 Iniciando scraping completo - Petz
2026-06-19 21:01:11,634 - scraper_base - INFO - 📋 20 medicamentos para processar
2026-06-19 21:01:11,635 - scraper_base - INFO - 📦 [1/20] Processando Simparic
2026-06-19 21:01:11,635 - scraper_base - INFO - 🔍 Petz: Buscando Simparic
2026-06-19 21:01:20,681 - gerenciador_conexoes - INFO - Chrome inicializado com otimizacoes de velocidade
2026-06-19 21:01:34,698 - scraper_base - INFO - ✅ Petz: 24 produto(s) encontrado(s) para Simparic
2026-06-19 21:01:36,853 - scraper_base - INFO - 📦 [2/20] Processando Revolution
2026-06-19 21:01:36,853 - scraper_base - INFO - 🔍 Petz: Buscando Revolution
2026-06-19 21:01:42,327 - scraper_base - INFO - ✅ Petz: 27 produto(s) encontrado(s) para Revolution
2026-06-19 21:01:45,022 - scraper_base - INFO - 📦 [3/20] Processando NexGard
2026-06-19 21:01:45,023 - scraper_base - INFO - 🔍 Petz: Buscando NexGard
2026-06-19 21:01:48,965 - scraper_base - INFO - ✅ Petz: 22 produto(s) encontrado(s) para NexGard
2026-06-19 21:01:50,627 - scraper_base - INFO - 📦 [4/20] Processando NexGard Spectra
2026-06-19 21:01:50,627 - scraper_base - INFO - 🔍 Petz: Buscando NexGard Spectra
2026-06-19 21:01:52,960 - scraper_base - INFO - ✅ Petz: 10 produto(s) encontrado(s) para NexGard Spectra
2026-06-19 21:01:53,961 - scraper_base - INFO - 📦 [5/20] Processando NexGard Combo
2026-06-19 21:01:53,962 - scraper_base - INFO - 🔍 Petz: Buscando NexGard Combo
2026-06-19 21:01:55,995 - scraper_base - INFO - ✅ Petz: 4 produto(s) encontrado(s) para NexGard Combo
2026-06-19 21:01:58,090 - scraper_base - INFO - 📦 [6/20] Processando Bravecto
2026-06-19 21:01:58,091 - scraper_base - INFO - 🔍 Petz: Buscando Bravecto
2026-06-19 21:02:02,185 - scraper_base - INFO - ✅ Petz: 16 produto(s) encontrado(s) para Bravecto
2026-06-19 21:02:03,812 - scraper_base - INFO - 📦 [7/20] Processando Frontline
2026-06-19 21:02:03,813 - scraper_base - INFO - 🔍 Petz: Buscando Frontline
2026-06-19 21:02:06,395 - scraper_base - INFO - ✅ Petz: 11 produto(s) encontrado(s) para Frontline
2026-06-19 21:02:08,135 - scraper_base - INFO - 📦 [8/20] Processando Advocate
2026-06-19 21:02:08,135 - scraper_base - INFO - 🔍 Petz: Buscando Advocate
2026-06-19 21:02:11,256 - scraper_base - INFO - ✅ Petz: 12 produto(s) encontrado(s) para Advocate
2026-06-19 21:02:13,772 - scraper_base - INFO - 📦 [9/20] Processando Drontal
2026-06-19 21:02:13,772 - scraper_base - INFO - 🔍 Petz: Buscando Drontal
2026-06-19 21:02:18,453 - scraper_base - INFO - ✅ Petz: 39 produto(s) encontrado(s) para Drontal
2026-06-19 21:02:19,982 - scraper_base - INFO - 📦 [10/20] Processando Milbemax
2026-06-19 21:02:19,983 - scraper_base - INFO - 🔍 Petz: Buscando Milbemax
2026-06-19 21:02:22,721 - scraper_base - INFO - ✅ Petz: 4 produto(s) encontrado(s) para Milbemax
2026-06-19 21:02:24,621 - scraper_base - INFO - 📦 [11/20] Processando Vermivet
2026-06-19 21:02:24,621 - scraper_base - INFO - 🔍 Petz: Buscando Vermivet
2026-06-19 21:02:27,386 - scraper_base - INFO - ✅ Petz: 5 produto(s) encontrado(s) para Vermivet
2026-06-19 21:02:29,500 - scraper_base - INFO - 📦 [12/20] Processando Rimadyl
2026-06-19 21:02:29,500 - scraper_base - INFO - 🔍 Petz: Buscando Rimadyl
2026-06-19 21:02:32,422 - scraper_base - INFO - ✅ Petz: 3 produto(s) encontrado(s) para Rimadyl
2026-06-19 21:02:35,119 - scraper_base - INFO - 📦 [13/20] Processando Onsior
2026-06-19 21:02:35,119 - scraper_base - INFO - 🔍 Petz: Buscando Onsior
2026-06-19 21:02:38,109 - scraper_base - INFO - ✅ Petz: 4 produto(s) encontrado(s) para Onsior
2026-06-19 21:02:40,129 - scraper_base - INFO - 📦 [14/20] Processando Maxicam
2026-06-19 21:02:40,129 - scraper_base - INFO - 🔍 Petz: Buscando Maxicam
2026-06-19 21:02:44,936 - scraper_base - INFO - ✅ Petz: 29 produto(s) encontrado(s) para Maxicam
2026-06-19 21:02:46,165 - scraper_base - INFO - 📦 [15/20] Processando Carproflan
2026-06-19 21:02:46,165 - scraper_base - INFO - 🔍 Petz: Buscando Carproflan
2026-06-19 21:02:48,747 - scraper_base - INFO - ✅ Petz: 3 produto(s) encontrado(s) para Carproflan
2026-06-19 21:02:51,462 - scraper_base - INFO - 📦 [16/20] Processando Previcox
2026-06-19 21:02:51,462 - scraper_base - INFO - 🔍 Petz: Buscando Previcox
2026-06-19 21:02:53,518 - scraper_base - INFO - ✅ Petz: 2 produto(s) encontrado(s) para Previcox
2026-06-19 21:02:55,965 - scraper_base - INFO - 📦 [17/20] Processando Apoquel
2026-06-19 21:02:55,965 - scraper_base - INFO - 🔍 Petz: Buscando Apoquel
2026-06-19 21:02:57,944 - scraper_base - INFO - ✅ Petz: 3 produto(s) encontrado(s) para Apoquel
2026-06-19 21:02:59,869 - scraper_base - INFO - 📦 [18/20] Processando Zenrelia
2026-06-19 21:02:59,869 - scraper_base - INFO - 🔍 Petz: Buscando Zenrelia
2026-06-19 21:03:02,474 - scraper_base - INFO - ✅ Petz: 4 produto(s) encontrado(s) para Zenrelia
2026-06-19 21:03:04,403 - scraper_base - INFO - 📦 [19/20] Processando Synulox
2026-06-19 21:03:04,403 - scraper_base - INFO - 🔍 Petz: Buscando Synulox
2026-06-19 21:03:07,277 - scraper_base - INFO - ✅ Petz: 2 produto(s) encontrado(s) para Synulox
2026-06-19 21:03:08,387 - scraper_base - INFO - 📦 [20/20] Processando Baytril
2026-06-19 21:03:08,387 - scraper_base - INFO - 🔍 Petz: Buscando Baytril
2026-06-19 21:03:11,639 - scraper_base - INFO - ✅ Petz: 9 produto(s) encontrado(s) para Baytril
2026-06-19 21:03:14,334 - scraper_base - INFO - 📊 Petz - Estatísticas finais:
2026-06-19 21:03:14,335 - scraper_base - INFO -    • Medicamentos processados: 20
2026-06-19 21:03:14,335 - scraper_base - INFO -    • Produtos encontrados: 233
2026-06-19 21:03:14,335 - scraper_base - INFO -    • Medicamentos sem resultado: 0
2026-06-19 21:03:14,335 - scraper_base - INFO -    • Tempo total: 122.9s
2026-06-19 21:03:14,335 - scraper_base - INFO -    • Tempo médio por medicamento: 6.1s
2026-06-19 21:03:14,382 - gerenciador_arquivos - INFO - Excel salvo: dados_coletados/petz_20260619_210314.xlsx (233 produtos)
2026-06-19 21:03:14,382 - gerenciador_principal - INFO - Petz: Arquivo individual salvo com sucesso
2026-06-19 21:03:14,383 - gerenciador_principal - INFO - Gerando relatório consolidado...
2026-06-19 21:03:14,658 - gerenciador_arquivos - INFO - Relatório consolidado salvo: dados_relatorios/relatorio_consolidado_20260619_210314.xlsx
2026-06-19 21:03:14,761 - gerenciador_conexoes - INFO - Chrome fechado
2026-06-19 21:03:14,761 - gerenciador_conexoes - INFO - Métodos utilizados - Requests: 66.7%, Selenium: 33.3%, Falhas: 0.0%
2026-06-19 21:03:14,761 - gerenciador_principal - INFO - ============================================================
2026-06-19 21:03:14,761 - gerenciador_principal - INFO - RELATORIO FINAL DE EXECUÇÃO
2026-06-19 21:03:14,762 - gerenciador_principal - INFO - ============================================================
2026-06-19 21:03:14,762 - gerenciador_principal - INFO - Sites processados: 3
2026-06-19 21:03:14,762 - gerenciador_principal - INFO - Sites com sucesso: 3
2026-06-19 21:03:14,762 - gerenciador_principal - INFO - Total de produtos coletados: 641
2026-06-19 21:03:14,762 - gerenciador_principal - INFO - Tempo total de execução: 297.3 segundos
2026-06-19 21:03:14,762 - gerenciador_principal - INFO - Estatísticas de conexão:
2026-06-19 21:03:14,762 - gerenciador_principal - INFO -   - Requests bem-sucedidos: 66.7%
2026-06-19 21:03:14,762 - gerenciador_principal - INFO -   - Selenium fallback: 33.3%
2026-06-19 21:03:14,762 - gerenciador_principal - INFO -   - Falhas totais: 0.0%
2026-06-19 21:03:14,766 - gerenciador_principal - INFO - Arquivos salvos na pasta: dados_coletados
2026-06-19 21:03:14,766 - gerenciador_principal - INFO - Total de arquivos: 769
2026-06-19 21:03:14,766 - gerenciador_principal - INFO - ============================================================
