2026-04-26 20:25:39,168 - configurador_logs - INFO - Sistema de logs configurado com sucesso
2026-04-26 20:25:39,168 - configurador_logs - INFO - 🚀 Logs configurados para MODO PRODUÇÃO
2026-04-26 20:25:39,168 - gerenciador_principal - INFO - Inicializando sistema - Modo: PRODUCAO
2026-04-26 20:25:39,168 - gerenciador_arquivos - INFO - Pasta dados_coletados preparada
2026-04-26 20:25:39,168 - gerenciador_principal - INFO - Sistema inicializado com 3 scrapers
2026-04-26 20:25:39,169 - gerenciador_principal - INFO - ============================================================
2026-04-26 20:25:39,169 - gerenciador_principal - INFO - INICIANDO SCRAPING COMPLETO - PRODUCAO
2026-04-26 20:25:39,169 - gerenciador_principal - INFO - ============================================================
2026-04-26 20:25:39,169 - gerenciador_principal - INFO - [1/3] Processando Cobasi
2026-04-26 20:25:39,169 - scraper_base - INFO - 🚀 Iniciando scraping completo - Cobasi
2026-04-26 20:25:39,704 - gerenciador_conexoes - INFO - Sessao estabelecida com cobasi.com.br
2026-04-26 20:25:39,705 - scraper_base - INFO - 📋 20 medicamentos para processar
2026-04-26 20:25:39,705 - scraper_base - INFO - 📦 [1/20] Processando Simparic
2026-04-26 20:25:39,705 - scraper_base - INFO - 🔍 Cobasi: Buscando Simparic
2026-04-26 20:25:43,311 - scraper_cobasi - INFO - Cobasi: Dados extraídos via JSON para Simparic
2026-04-26 20:25:43,312 - scraper_base - INFO - ✅ Cobasi: 12 produto(s) encontrado(s) para Simparic
2026-04-26 20:25:44,975 - scraper_base - INFO - 📦 [2/20] Processando Revolution
2026-04-26 20:25:44,975 - scraper_base - INFO - 🔍 Cobasi: Buscando Revolution
2026-04-26 20:25:48,204 - scraper_cobasi - INFO - Cobasi: Dados extraídos via JSON para Revolution
2026-04-26 20:25:48,204 - scraper_base - INFO - ✅ Cobasi: 18 produto(s) encontrado(s) para Revolution
2026-04-26 20:25:49,695 - scraper_base - INFO - 📦 [3/20] Processando NexGard
2026-04-26 20:25:49,695 - scraper_base - INFO - 🔍 Cobasi: Buscando NexGard
2026-04-26 20:25:53,389 - scraper_cobasi - INFO - Cobasi: Dados extraídos via JSON para NexGard
2026-04-26 20:25:53,389 - scraper_base - INFO - ✅ Cobasi: 22 produto(s) encontrado(s) para NexGard
2026-04-26 20:25:55,296 - scraper_base - INFO - 📦 [4/20] Processando NexGard Spectra
2026-04-26 20:25:55,296 - scraper_base - INFO - 🔍 Cobasi: Buscando NexGard Spectra
2026-04-26 20:26:00,007 - scraper_cobasi - INFO - Cobasi: Dados extraídos via JSON para NexGard Spectra
2026-04-26 20:26:00,007 - scraper_base - INFO - ✅ Cobasi: 10 produto(s) encontrado(s) para NexGard Spectra
2026-04-26 20:26:01,573 - scraper_base - INFO - 📦 [5/20] Processando NexGard Combo
2026-04-26 20:26:01,573 - scraper_base - INFO - 🔍 Cobasi: Buscando NexGard Combo
2026-04-26 20:26:04,143 - scraper_cobasi - INFO - Cobasi: Dados extraídos via JSON para NexGard Combo
2026-04-26 20:26:04,143 - scraper_base - INFO - ✅ Cobasi: 4 produto(s) encontrado(s) para NexGard Combo
2026-04-26 20:26:05,782 - scraper_base - INFO - 📦 [6/20] Processando Bravecto
2026-04-26 20:26:05,782 - scraper_base - INFO - 🔍 Cobasi: Buscando Bravecto
2026-04-26 20:26:09,785 - scraper_cobasi - INFO - Cobasi: Dados extraídos via JSON para Bravecto
2026-04-26 20:26:09,785 - scraper_base - INFO - ✅ Cobasi: 16 produto(s) encontrado(s) para Bravecto
2026-04-26 20:26:11,778 - scraper_base - INFO - 📦 [7/20] Processando Frontline
2026-04-26 20:26:11,779 - scraper_base - INFO - 🔍 Cobasi: Buscando Frontline
2026-04-26 20:26:15,044 - scraper_cobasi - INFO - Cobasi: Dados extraídos via JSON para Frontline
2026-04-26 20:26:15,044 - scraper_base - INFO - ✅ Cobasi: 11 produto(s) encontrado(s) para Frontline
2026-04-26 20:26:17,259 - scraper_base - INFO - 📦 [8/20] Processando Advocate
2026-04-26 20:26:17,259 - scraper_base - INFO - 🔍 Cobasi: Buscando Advocate
2026-04-26 20:26:20,548 - scraper_cobasi - INFO - Cobasi: Dados extraídos via JSON para Advocate
2026-04-26 20:26:20,549 - scraper_base - INFO - ✅ Cobasi: 12 produto(s) encontrado(s) para Advocate
2026-04-26 20:26:22,680 - scraper_base - INFO - 📦 [9/20] Processando Drontal
2026-04-26 20:26:22,680 - scraper_base - INFO - 🔍 Cobasi: Buscando Drontal
2026-04-26 20:26:26,022 - scraper_cobasi - INFO - Cobasi: Dados extraídos via JSON para Drontal
2026-04-26 20:26:26,022 - scraper_base - INFO - ✅ Cobasi: 8 produto(s) encontrado(s) para Drontal
2026-04-26 20:26:28,473 - scraper_base - INFO - 📦 [10/20] Processando Milbemax
2026-04-26 20:26:28,473 - scraper_base - INFO - 🔍 Cobasi: Buscando Milbemax
2026-04-26 20:26:31,254 - scraper_cobasi - INFO - Cobasi: Dados extraídos via JSON para Milbemax
2026-04-26 20:26:31,254 - scraper_base - INFO - ✅ Cobasi: 4 produto(s) encontrado(s) para Milbemax
2026-04-26 20:26:32,488 - scraper_base - INFO - 📦 [11/20] Processando Vermivet
2026-04-26 20:26:32,489 - scraper_base - INFO - 🔍 Cobasi: Buscando Vermivet
2026-04-26 20:26:35,786 - scraper_cobasi - INFO - Cobasi: Dados extraídos via JSON para Vermivet
2026-04-26 20:26:35,786 - scraper_base - INFO - ✅ Cobasi: 5 produto(s) encontrado(s) para Vermivet
2026-04-26 20:26:36,941 - scraper_base - INFO - 📦 [12/20] Processando Rimadyl
2026-04-26 20:26:36,941 - scraper_base - INFO - 🔍 Cobasi: Buscando Rimadyl
2026-04-26 20:26:39,798 - scraper_cobasi - INFO - Cobasi: Dados extraídos via JSON para Rimadyl
2026-04-26 20:26:39,798 - scraper_base - INFO - ✅ Cobasi: 3 produto(s) encontrado(s) para Rimadyl
2026-04-26 20:26:42,580 - scraper_base - INFO - 📦 [13/20] Processando Onsior
2026-04-26 20:26:42,580 - scraper_base - INFO - 🔍 Cobasi: Buscando Onsior
2026-04-26 20:26:45,521 - scraper_cobasi - INFO - Cobasi: Dados extraídos via JSON para Onsior
2026-04-26 20:26:45,521 - scraper_base - INFO - ✅ Cobasi: 4 produto(s) encontrado(s) para Onsior
2026-04-26 20:26:47,873 - scraper_base - INFO - 📦 [14/20] Processando Maxicam
2026-04-26 20:26:47,873 - scraper_base - INFO - 🔍 Cobasi: Buscando Maxicam
2026-04-26 20:26:50,904 - scraper_cobasi - INFO - Cobasi: Dados extraídos via JSON para Maxicam
2026-04-26 20:26:50,904 - scraper_base - INFO - ✅ Cobasi: 3 produto(s) encontrado(s) para Maxicam
2026-04-26 20:26:53,074 - scraper_base - INFO - 📦 [15/20] Processando Carproflan
2026-04-26 20:26:53,074 - scraper_base - INFO - 🔍 Cobasi: Buscando Carproflan
2026-04-26 20:26:55,563 - scraper_cobasi - INFO - Cobasi: Dados extraídos via JSON para Carproflan
2026-04-26 20:26:55,563 - scraper_base - INFO - ✅ Cobasi: 3 produto(s) encontrado(s) para Carproflan
2026-04-26 20:26:57,403 - scraper_base - INFO - 📦 [16/20] Processando Previcox
2026-04-26 20:26:57,403 - scraper_base - INFO - 🔍 Cobasi: Buscando Previcox
2026-04-26 20:27:00,220 - scraper_cobasi - INFO - Cobasi: Dados extraídos via JSON para Previcox
2026-04-26 20:27:00,220 - scraper_base - INFO - ✅ Cobasi: 2 produto(s) encontrado(s) para Previcox
2026-04-26 20:27:02,556 - scraper_base - INFO - 📦 [17/20] Processando Apoquel
2026-04-26 20:27:02,556 - scraper_base - INFO - 🔍 Cobasi: Buscando Apoquel
2026-04-26 20:27:05,729 - scraper_cobasi - INFO - Cobasi: Dados extraídos via JSON para Apoquel
2026-04-26 20:27:05,729 - scraper_base - INFO - ✅ Cobasi: 3 produto(s) encontrado(s) para Apoquel
2026-04-26 20:27:06,953 - scraper_base - INFO - 📦 [18/20] Processando Zenrelia
2026-04-26 20:27:06,953 - scraper_base - INFO - 🔍 Cobasi: Buscando Zenrelia
2026-04-26 20:27:09,575 - scraper_cobasi - INFO - Cobasi: Dados extraídos via JSON para Zenrelia
2026-04-26 20:27:09,575 - scraper_base - INFO - ✅ Cobasi: 4 produto(s) encontrado(s) para Zenrelia
2026-04-26 20:27:10,814 - scraper_base - INFO - 📦 [19/20] Processando Synulox
2026-04-26 20:27:10,814 - scraper_base - INFO - 🔍 Cobasi: Buscando Synulox
2026-04-26 20:27:13,893 - scraper_cobasi - INFO - Cobasi: Dados extraídos via JSON para Synulox
2026-04-26 20:27:13,893 - scraper_base - INFO - ✅ Cobasi: 2 produto(s) encontrado(s) para Synulox
2026-04-26 20:27:15,879 - scraper_base - INFO - 📦 [20/20] Processando Baytril
2026-04-26 20:27:15,879 - scraper_base - INFO - 🔍 Cobasi: Buscando Baytril
2026-04-26 20:27:19,238 - scraper_cobasi - INFO - Cobasi: Dados extraídos via JSON para Baytril
2026-04-26 20:27:19,238 - scraper_base - INFO - ✅ Cobasi: 3 produto(s) encontrado(s) para Baytril
2026-04-26 20:27:20,579 - scraper_base - INFO - 📊 Cobasi - Estatísticas finais:
2026-04-26 20:27:20,580 - scraper_base - INFO -    • Medicamentos processados: 20
2026-04-26 20:27:20,580 - scraper_base - INFO -    • Produtos encontrados: 149
2026-04-26 20:27:20,580 - scraper_base - INFO -    • Medicamentos sem resultado: 0
2026-04-26 20:27:20,580 - scraper_base - INFO -    • Tempo total: 101.4s
2026-04-26 20:27:20,580 - scraper_base - INFO -    • Tempo médio por medicamento: 5.1s
2026-04-26 20:27:20,772 - gerenciador_arquivos - INFO - Excel salvo: dados_coletados/cobasi_20260426_202720.xlsx (149 produtos)
2026-04-26 20:27:20,773 - gerenciador_principal - INFO - Cobasi: Arquivo individual salvo com sucesso
2026-04-26 20:27:20,773 - gerenciador_principal - INFO - Pausando entre sites...
2026-04-26 20:27:22,773 - gerenciador_principal - INFO - [2/3] Processando Petlove
2026-04-26 20:27:22,773 - scraper_base - INFO - 🚀 Iniciando scraping completo - Petlove
2026-04-26 20:27:22,934 - scraper_base - INFO - 📋 20 medicamentos para processar
2026-04-26 20:27:22,935 - scraper_base - INFO - 📦 [1/20] Processando Simparic
2026-04-26 20:27:22,935 - scraper_base - INFO - 🔍 Petlove: Buscando Simparic
2026-04-26 20:27:27,214 - gerenciador_conexoes - INFO - Chrome inicializado com otimizacoes de velocidade
2026-04-26 20:27:30,038 - scraper_base - INFO - ✅ Petlove: 36 produto(s) encontrado(s) para Simparic
2026-04-26 20:27:32,303 - scraper_base - INFO - 📦 [2/20] Processando Revolution
2026-04-26 20:27:32,303 - scraper_base - INFO - 🔍 Petlove: Buscando Revolution
2026-04-26 20:27:33,726 - scraper_base - INFO - ✅ Petlove: 20 produto(s) encontrado(s) para Revolution
2026-04-26 20:27:36,459 - scraper_base - INFO - 📦 [3/20] Processando NexGard
2026-04-26 20:27:36,459 - scraper_base - INFO - 🔍 Petlove: Buscando NexGard
2026-04-26 20:27:38,026 - scraper_base - INFO - ✅ Petlove: 11 produto(s) encontrado(s) para NexGard
2026-04-26 20:27:40,006 - scraper_base - INFO - 📦 [4/20] Processando NexGard Spectra
2026-04-26 20:27:40,006 - scraper_base - INFO - 🔍 Petlove: Buscando NexGard Spectra
2026-04-26 20:27:41,281 - scraper_base - INFO - ✅ Petlove: 5 produto(s) encontrado(s) para NexGard Spectra
2026-04-26 20:27:44,002 - scraper_base - INFO - 📦 [5/20] Processando NexGard Combo
2026-04-26 20:27:44,002 - scraper_base - INFO - 🔍 Petlove: Buscando NexGard Combo
2026-04-26 20:27:45,211 - scraper_base - INFO - ✅ Petlove: 2 produto(s) encontrado(s) para NexGard Combo
2026-04-26 20:27:47,129 - scraper_base - INFO - 📦 [6/20] Processando Bravecto
2026-04-26 20:27:47,129 - scraper_base - INFO - 🔍 Petlove: Buscando Bravecto
2026-04-26 20:27:49,017 - scraper_base - INFO - ✅ Petlove: 38 produto(s) encontrado(s) para Bravecto
2026-04-26 20:27:51,436 - scraper_base - INFO - 📦 [7/20] Processando Frontline
2026-04-26 20:27:51,436 - scraper_base - INFO - 🔍 Petlove: Buscando Frontline
2026-04-26 20:27:53,157 - scraper_base - INFO - ✅ Petlove: 11 produto(s) encontrado(s) para Frontline
2026-04-26 20:27:54,617 - scraper_base - INFO - 📦 [8/20] Processando Advocate
2026-04-26 20:27:54,617 - scraper_base - INFO - 🔍 Petlove: Buscando Advocate
2026-04-26 20:27:56,628 - scraper_base - INFO - ✅ Petlove: 9 produto(s) encontrado(s) para Advocate
2026-04-26 20:27:58,632 - scraper_base - INFO - 📦 [9/20] Processando Drontal
2026-04-26 20:27:58,632 - scraper_base - INFO - 🔍 Petlove: Buscando Drontal
2026-04-26 20:28:01,133 - scraper_base - INFO - ✅ Petlove: 36 produto(s) encontrado(s) para Drontal
2026-04-26 20:28:03,855 - scraper_base - INFO - 📦 [10/20] Processando Milbemax
2026-04-26 20:28:03,855 - scraper_base - INFO - 🔍 Petlove: Buscando Milbemax
2026-04-26 20:28:05,384 - scraper_base - INFO - ✅ Petlove: 14 produto(s) encontrado(s) para Milbemax
2026-04-26 20:28:08,265 - scraper_base - INFO - 📦 [11/20] Processando Vermivet
2026-04-26 20:28:08,265 - scraper_base - INFO - 🔍 Petlove: Buscando Vermivet
2026-04-26 20:28:10,277 - scraper_base - INFO - ✅ Petlove: 36 produto(s) encontrado(s) para Vermivet
2026-04-26 20:28:11,882 - scraper_base - INFO - 📦 [12/20] Processando Rimadyl
2026-04-26 20:28:11,882 - scraper_base - INFO - 🔍 Petlove: Buscando Rimadyl
2026-04-26 20:28:13,578 - scraper_base - INFO - ✅ Petlove: 1 produto(s) encontrado(s) para Rimadyl
2026-04-26 20:28:15,484 - scraper_base - INFO - 📦 [13/20] Processando Onsior
2026-04-26 20:28:15,484 - scraper_base - INFO - 🔍 Petlove: Buscando Onsior
2026-04-26 20:28:17,276 - scraper_base - INFO - ✅ Petlove: 4 produto(s) encontrado(s) para Onsior
2026-04-26 20:28:18,762 - scraper_base - INFO - 📦 [14/20] Processando Maxicam
2026-04-26 20:28:18,762 - scraper_base - INFO - 🔍 Petlove: Buscando Maxicam
2026-04-26 20:28:20,025 - scraper_base - INFO - ✅ Petlove: 3 produto(s) encontrado(s) para Maxicam
2026-04-26 20:28:21,878 - scraper_base - INFO - 📦 [15/20] Processando Carproflan
2026-04-26 20:28:21,878 - scraper_base - INFO - 🔍 Petlove: Buscando Carproflan
2026-04-26 20:28:23,412 - scraper_base - INFO - ✅ Petlove: 8 produto(s) encontrado(s) para Carproflan
2026-04-26 20:28:25,906 - scraper_base - INFO - 📦 [16/20] Processando Previcox
2026-04-26 20:28:25,906 - scraper_base - INFO - 🔍 Petlove: Buscando Previcox
2026-04-26 20:28:27,240 - scraper_base - INFO - ✅ Petlove: 4 produto(s) encontrado(s) para Previcox
2026-04-26 20:28:28,732 - scraper_base - INFO - 📦 [17/20] Processando Apoquel
2026-04-26 20:28:28,732 - scraper_base - INFO - 🔍 Petlove: Buscando Apoquel
2026-04-26 20:28:30,275 - scraper_base - INFO - ✅ Petlove: 16 produto(s) encontrado(s) para Apoquel
2026-04-26 20:28:31,361 - scraper_base - INFO - 📦 [18/20] Processando Zenrelia
2026-04-26 20:28:31,361 - scraper_base - INFO - 🔍 Petlove: Buscando Zenrelia
2026-04-26 20:28:32,789 - scraper_base - INFO - ✅ Petlove: 8 produto(s) encontrado(s) para Zenrelia
2026-04-26 20:28:35,470 - scraper_base - INFO - 📦 [19/20] Processando Synulox
2026-04-26 20:28:35,471 - scraper_base - INFO - 🔍 Petlove: Buscando Synulox
2026-04-26 20:28:36,576 - scraper_base - INFO - ✅ Petlove: 1 produto(s) encontrado(s) para Synulox
2026-04-26 20:28:38,267 - scraper_base - INFO - 📦 [20/20] Processando Baytril
2026-04-26 20:28:38,267 - scraper_base - INFO - 🔍 Petlove: Buscando Baytril
2026-04-26 20:28:39,708 - scraper_base - INFO - ✅ Petlove: 5 produto(s) encontrado(s) para Baytril
2026-04-26 20:28:40,862 - scraper_base - INFO - 📊 Petlove - Estatísticas finais:
2026-04-26 20:28:40,862 - scraper_base - INFO -    • Medicamentos processados: 20
2026-04-26 20:28:40,862 - scraper_base - INFO -    • Produtos encontrados: 268
2026-04-26 20:28:40,862 - scraper_base - INFO -    • Medicamentos sem resultado: 0
2026-04-26 20:28:40,862 - scraper_base - INFO -    • Tempo total: 78.1s
2026-04-26 20:28:40,862 - scraper_base - INFO -    • Tempo médio por medicamento: 3.9s
2026-04-26 20:28:40,912 - gerenciador_arquivos - INFO - Excel salvo: dados_coletados/petlove_20260426_202840.xlsx (268 produtos)
2026-04-26 20:28:40,912 - gerenciador_principal - INFO - Petlove: Arquivo individual salvo com sucesso
2026-04-26 20:28:40,912 - gerenciador_principal - INFO - Pausando entre sites...
2026-04-26 20:28:42,912 - gerenciador_principal - INFO - [3/3] Processando Petz
2026-04-26 20:28:42,912 - scraper_base - INFO - 🚀 Iniciando scraping completo - Petz
2026-04-26 20:28:43,214 - scraper_base - INFO - 📋 20 medicamentos para processar
2026-04-26 20:28:43,214 - scraper_base - INFO - 📦 [1/20] Processando Simparic
2026-04-26 20:28:43,214 - scraper_base - INFO - 🔍 Petz: Buscando Simparic
2026-04-26 20:28:47,023 - scraper_base - INFO - ✅ Petz: 12 produto(s) encontrado(s) para Simparic
2026-04-26 20:28:49,651 - scraper_base - INFO - 📦 [2/20] Processando Revolution
2026-04-26 20:28:49,651 - scraper_base - INFO - 🔍 Petz: Buscando Revolution
2026-04-26 20:28:52,712 - scraper_base - INFO - ✅ Petz: 21 produto(s) encontrado(s) para Revolution
2026-04-26 20:28:54,971 - scraper_base - INFO - 📦 [3/20] Processando NexGard
2026-04-26 20:28:54,971 - scraper_base - INFO - 🔍 Petz: Buscando NexGard
2026-04-26 20:28:57,369 - scraper_base - INFO - ✅ Petz: 22 produto(s) encontrado(s) para NexGard
2026-04-26 20:28:59,991 - scraper_base - INFO - 📦 [4/20] Processando NexGard Spectra
2026-04-26 20:28:59,991 - scraper_base - INFO - 🔍 Petz: Buscando NexGard Spectra
2026-04-26 20:29:02,444 - scraper_base - INFO - ✅ Petz: 10 produto(s) encontrado(s) para NexGard Spectra
2026-04-26 20:29:04,200 - scraper_base - INFO - 📦 [5/20] Processando NexGard Combo
2026-04-26 20:29:04,200 - scraper_base - INFO - 🔍 Petz: Buscando NexGard Combo
2026-04-26 20:29:06,314 - scraper_base - INFO - ✅ Petz: 4 produto(s) encontrado(s) para NexGard Combo
2026-04-26 20:29:07,341 - scraper_base - INFO - 📦 [6/20] Processando Bravecto
2026-04-26 20:29:07,341 - scraper_base - INFO - 🔍 Petz: Buscando Bravecto
2026-04-26 20:29:09,415 - scraper_base - INFO - ✅ Petz: 16 produto(s) encontrado(s) para Bravecto
2026-04-26 20:29:12,071 - scraper_base - INFO - 📦 [7/20] Processando Frontline
2026-04-26 20:29:12,071 - scraper_base - INFO - 🔍 Petz: Buscando Frontline
2026-04-26 20:29:14,279 - scraper_base - INFO - ✅ Petz: 11 produto(s) encontrado(s) para Frontline
2026-04-26 20:29:16,631 - scraper_base - INFO - 📦 [8/20] Processando Advocate
2026-04-26 20:29:16,631 - scraper_base - INFO - 🔍 Petz: Buscando Advocate
2026-04-26 20:29:18,568 - scraper_base - INFO - ✅ Petz: 12 produto(s) encontrado(s) para Advocate
2026-04-26 20:29:20,708 - scraper_base - INFO - 📦 [9/20] Processando Drontal
2026-04-26 20:29:20,708 - scraper_base - INFO - 🔍 Petz: Buscando Drontal
2026-04-26 20:29:23,302 - scraper_base - INFO - ✅ Petz: 32 produto(s) encontrado(s) para Drontal
2026-04-26 20:29:25,696 - scraper_base - INFO - 📦 [10/20] Processando Milbemax
2026-04-26 20:29:25,696 - scraper_base - INFO - 🔍 Petz: Buscando Milbemax
2026-04-26 20:29:27,482 - scraper_base - INFO - ✅ Petz: 4 produto(s) encontrado(s) para Milbemax
2026-04-26 20:29:30,440 - scraper_base - INFO - 📦 [11/20] Processando Vermivet
2026-04-26 20:29:30,440 - scraper_base - INFO - 🔍 Petz: Buscando Vermivet
2026-04-26 20:29:32,231 - scraper_base - INFO - ✅ Petz: 5 produto(s) encontrado(s) para Vermivet
2026-04-26 20:29:33,701 - scraper_base - INFO - 📦 [12/20] Processando Rimadyl
2026-04-26 20:29:33,701 - scraper_base - INFO - 🔍 Petz: Buscando Rimadyl
2026-04-26 20:29:35,418 - scraper_base - INFO - ✅ Petz: 3 produto(s) encontrado(s) para Rimadyl
2026-04-26 20:29:36,905 - scraper_base - INFO - 📦 [13/20] Processando Onsior
2026-04-26 20:29:36,906 - scraper_base - INFO - 🔍 Petz: Buscando Onsior
2026-04-26 20:29:38,752 - scraper_base - INFO - ✅ Petz: 4 produto(s) encontrado(s) para Onsior
2026-04-26 20:29:41,319 - scraper_base - INFO - 📦 [14/20] Processando Maxicam
2026-04-26 20:29:41,319 - scraper_base - INFO - 🔍 Petz: Buscando Maxicam
2026-04-26 20:29:43,761 - scraper_base - INFO - ✅ Petz: 28 produto(s) encontrado(s) para Maxicam
2026-04-26 20:29:45,163 - scraper_base - INFO - 📦 [15/20] Processando Carproflan
2026-04-26 20:29:45,163 - scraper_base - INFO - 🔍 Petz: Buscando Carproflan
2026-04-26 20:29:46,964 - scraper_base - INFO - ✅ Petz: 3 produto(s) encontrado(s) para Carproflan
2026-04-26 20:29:48,404 - scraper_base - INFO - 📦 [16/20] Processando Previcox
2026-04-26 20:29:48,404 - scraper_base - INFO - 🔍 Petz: Buscando Previcox
2026-04-26 20:29:50,218 - scraper_base - INFO - ✅ Petz: 2 produto(s) encontrado(s) para Previcox
2026-04-26 20:29:52,185 - scraper_base - INFO - 📦 [17/20] Processando Apoquel
2026-04-26 20:29:52,185 - scraper_base - INFO - 🔍 Petz: Buscando Apoquel
2026-04-26 20:29:53,915 - scraper_base - INFO - ✅ Petz: 3 produto(s) encontrado(s) para Apoquel
2026-04-26 20:29:56,340 - scraper_base - INFO - 📦 [18/20] Processando Zenrelia
2026-04-26 20:29:56,340 - scraper_base - INFO - 🔍 Petz: Buscando Zenrelia
2026-04-26 20:29:57,960 - scraper_base - INFO - ✅ Petz: 4 produto(s) encontrado(s) para Zenrelia
2026-04-26 20:29:59,052 - scraper_base - INFO - 📦 [19/20] Processando Synulox
2026-04-26 20:29:59,052 - scraper_base - INFO - 🔍 Petz: Buscando Synulox
2026-04-26 20:30:00,710 - scraper_base - INFO - ✅ Petz: 2 produto(s) encontrado(s) para Synulox
2026-04-26 20:30:02,141 - scraper_base - INFO - 📦 [20/20] Processando Baytril
2026-04-26 20:30:02,142 - scraper_base - INFO - 🔍 Petz: Buscando Baytril
2026-04-26 20:30:05,288 - scraper_base - INFO - ✅ Petz: 9 produto(s) encontrado(s) para Baytril
2026-04-26 20:30:07,881 - scraper_base - INFO - 📊 Petz - Estatísticas finais:
2026-04-26 20:30:07,881 - scraper_base - INFO -    • Medicamentos processados: 20
2026-04-26 20:30:07,881 - scraper_base - INFO -    • Produtos encontrados: 207
2026-04-26 20:30:07,881 - scraper_base - INFO -    • Medicamentos sem resultado: 0
2026-04-26 20:30:07,881 - scraper_base - INFO -    • Tempo total: 85.0s
2026-04-26 20:30:07,881 - scraper_base - INFO -    • Tempo médio por medicamento: 4.2s
2026-04-26 20:30:07,978 - gerenciador_arquivos - INFO - Excel salvo: dados_coletados/petz_20260426_203007.xlsx (207 produtos)
2026-04-26 20:30:07,979 - gerenciador_principal - INFO - Petz: Arquivo individual salvo com sucesso
2026-04-26 20:30:07,979 - gerenciador_principal - INFO - Gerando relatório consolidado...
2026-04-26 20:30:08,196 - gerenciador_arquivos - INFO - Relatório consolidado salvo: dados_relatorios/relatorio_consolidado_20260426_203007.xlsx
2026-04-26 20:30:08,323 - gerenciador_conexoes - INFO - Chrome fechado
2026-04-26 20:30:08,323 - gerenciador_conexoes - INFO - Métodos utilizados - Requests: 33.3%, Selenium: 66.7%, Falhas: 0.0%
2026-04-26 20:30:08,323 - gerenciador_principal - INFO - ============================================================
2026-04-26 20:30:08,323 - gerenciador_principal - INFO - RELATORIO FINAL DE EXECUÇÃO
2026-04-26 20:30:08,323 - gerenciador_principal - INFO - ============================================================
2026-04-26 20:30:08,323 - gerenciador_principal - INFO - Sites processados: 3
2026-04-26 20:30:08,323 - gerenciador_principal - INFO - Sites com sucesso: 3
2026-04-26 20:30:08,323 - gerenciador_principal - INFO - Total de produtos coletados: 624
2026-04-26 20:30:08,323 - gerenciador_principal - INFO - Tempo total de execução: 268.8 segundos
2026-04-26 20:30:08,323 - gerenciador_principal - INFO - Estatísticas de conexão:
2026-04-26 20:30:08,323 - gerenciador_principal - INFO -   - Requests bem-sucedidos: 33.3%
2026-04-26 20:30:08,323 - gerenciador_principal - INFO -   - Selenium fallback: 66.7%
2026-04-26 20:30:08,323 - gerenciador_principal - INFO -   - Falhas totais: 0.0%
2026-04-26 20:30:08,326 - gerenciador_principal - INFO - Arquivos salvos na pasta: dados_coletados
2026-04-26 20:30:08,326 - gerenciador_principal - INFO - Total de arquivos: 612
2026-04-26 20:30:08,326 - gerenciador_principal - INFO - ============================================================
