2026-01-02 20:10:48,776 - configurador_logs - INFO - Sistema de logs configurado com sucesso
2026-01-02 20:10:48,776 - configurador_logs - INFO - 🚀 Logs configurados para MODO PRODUÇÃO
2026-01-02 20:10:48,776 - gerenciador_principal - INFO - Inicializando sistema - Modo: PRODUCAO
2026-01-02 20:10:48,777 - gerenciador_arquivos - INFO - Pasta dados_coletados preparada
2026-01-02 20:10:48,777 - gerenciador_principal - INFO - Sistema inicializado com 3 scrapers
2026-01-02 20:10:48,777 - gerenciador_principal - INFO - ============================================================
2026-01-02 20:10:48,777 - gerenciador_principal - INFO - INICIANDO SCRAPING COMPLETO - PRODUCAO
2026-01-02 20:10:48,777 - gerenciador_principal - INFO - ============================================================
2026-01-02 20:10:48,777 - gerenciador_principal - INFO - [1/3] Processando Cobasi
2026-01-02 20:10:48,777 - scraper_base - INFO - 🚀 Iniciando scraping completo - Cobasi
2026-01-02 20:10:49,225 - gerenciador_conexoes - INFO - Sessao estabelecida com cobasi.com.br
2026-01-02 20:10:49,225 - scraper_base - INFO - 📋 20 medicamentos para processar
2026-01-02 20:10:49,225 - scraper_base - INFO - 📦 [1/20] Processando Simparic
2026-01-02 20:10:49,225 - scraper_base - INFO - 🔍 Cobasi: Buscando Simparic
2026-01-02 20:10:51,437 - scraper_cobasi - INFO - Cobasi: Dados extraídos via JSON para Simparic
2026-01-02 20:10:51,437 - scraper_base - INFO - ✅ Cobasi: 12 produto(s) encontrado(s) para Simparic
2026-01-02 20:10:53,048 - scraper_base - INFO - 📦 [2/20] Processando Revolution
2026-01-02 20:10:53,048 - scraper_base - INFO - 🔍 Cobasi: Buscando Revolution
2026-01-02 20:10:57,415 - scraper_cobasi - INFO - Cobasi: Dados extraídos via JSON para Revolution
2026-01-02 20:10:57,415 - scraper_base - INFO - ✅ Cobasi: 18 produto(s) encontrado(s) para Revolution
2026-01-02 20:11:00,374 - scraper_base - INFO - 📦 [3/20] Processando NexGard
2026-01-02 20:11:00,374 - scraper_base - INFO - 🔍 Cobasi: Buscando NexGard
2026-01-02 20:11:03,007 - scraper_cobasi - INFO - Cobasi: Dados extraídos via JSON para NexGard
2026-01-02 20:11:03,007 - scraper_base - INFO - ✅ Cobasi: 22 produto(s) encontrado(s) para NexGard
2026-01-02 20:11:05,073 - scraper_base - INFO - 📦 [4/20] Processando NexGard Spectra
2026-01-02 20:11:05,073 - scraper_base - INFO - 🔍 Cobasi: Buscando NexGard Spectra
2026-01-02 20:11:08,099 - scraper_cobasi - INFO - Cobasi: Dados extraídos via JSON para NexGard Spectra
2026-01-02 20:11:08,099 - scraper_base - INFO - ✅ Cobasi: 10 produto(s) encontrado(s) para NexGard Spectra
2026-01-02 20:11:09,976 - scraper_base - INFO - 📦 [5/20] Processando NexGard Combo
2026-01-02 20:11:09,976 - scraper_base - INFO - 🔍 Cobasi: Buscando NexGard Combo
2026-01-02 20:11:12,304 - scraper_cobasi - INFO - Cobasi: Dados extraídos via JSON para NexGard Combo
2026-01-02 20:11:12,304 - scraper_base - INFO - ✅ Cobasi: 4 produto(s) encontrado(s) para NexGard Combo
2026-01-02 20:11:13,977 - scraper_base - INFO - 📦 [6/20] Processando Bravecto
2026-01-02 20:11:13,977 - scraper_base - INFO - 🔍 Cobasi: Buscando Bravecto
2026-01-02 20:11:17,006 - scraper_cobasi - INFO - Cobasi: Dados extraídos via JSON para Bravecto
2026-01-02 20:11:17,006 - scraper_base - INFO - ✅ Cobasi: 16 produto(s) encontrado(s) para Bravecto
2026-01-02 20:11:19,793 - scraper_base - INFO - 📦 [7/20] Processando Frontline
2026-01-02 20:11:19,793 - scraper_base - INFO - 🔍 Cobasi: Buscando Frontline
2026-01-02 20:11:23,010 - scraper_cobasi - INFO - Cobasi: Dados extraídos via JSON para Frontline
2026-01-02 20:11:23,010 - scraper_base - INFO - ✅ Cobasi: 10 produto(s) encontrado(s) para Frontline
2026-01-02 20:11:24,469 - scraper_base - INFO - 📦 [8/20] Processando Advocate
2026-01-02 20:11:24,469 - scraper_base - INFO - 🔍 Cobasi: Buscando Advocate
2026-01-02 20:11:26,805 - scraper_cobasi - INFO - Cobasi: Dados extraídos via JSON para Advocate
2026-01-02 20:11:26,805 - scraper_base - INFO - ✅ Cobasi: 12 produto(s) encontrado(s) para Advocate
2026-01-02 20:11:29,093 - scraper_base - INFO - 📦 [9/20] Processando Drontal
2026-01-02 20:11:29,093 - scraper_base - INFO - 🔍 Cobasi: Buscando Drontal
2026-01-02 20:11:31,540 - scraper_cobasi - INFO - Cobasi: Dados extraídos via JSON para Drontal
2026-01-02 20:11:31,540 - scraper_base - INFO - ✅ Cobasi: 8 produto(s) encontrado(s) para Drontal
2026-01-02 20:11:34,204 - scraper_base - INFO - 📦 [10/20] Processando Milbemax
2026-01-02 20:11:34,204 - scraper_base - INFO - 🔍 Cobasi: Buscando Milbemax
2026-01-02 20:11:37,025 - scraper_cobasi - INFO - Cobasi: Dados extraídos via JSON para Milbemax
2026-01-02 20:11:37,025 - scraper_base - INFO - ✅ Cobasi: 4 produto(s) encontrado(s) para Milbemax
2026-01-02 20:11:39,330 - scraper_base - INFO - 📦 [11/20] Processando Vermivet
2026-01-02 20:11:39,330 - scraper_base - INFO - 🔍 Cobasi: Buscando Vermivet
2026-01-02 20:11:41,394 - scraper_cobasi - INFO - Cobasi: Dados extraídos via JSON para Vermivet
2026-01-02 20:11:41,394 - scraper_base - INFO - ✅ Cobasi: 5 produto(s) encontrado(s) para Vermivet
2026-01-02 20:11:44,379 - scraper_base - INFO - 📦 [12/20] Processando Rimadyl
2026-01-02 20:11:44,379 - scraper_base - INFO - 🔍 Cobasi: Buscando Rimadyl
2026-01-02 20:11:45,904 - scraper_cobasi - INFO - Cobasi: Dados extraídos via JSON para Rimadyl
2026-01-02 20:11:45,904 - scraper_base - INFO - ✅ Cobasi: 3 produto(s) encontrado(s) para Rimadyl
2026-01-02 20:11:48,613 - scraper_base - INFO - 📦 [13/20] Processando Onsior
2026-01-02 20:11:48,614 - scraper_base - INFO - 🔍 Cobasi: Buscando Onsior
2026-01-02 20:11:51,042 - scraper_cobasi - INFO - Cobasi: Dados extraídos via JSON para Onsior
2026-01-02 20:11:51,042 - scraper_base - INFO - ✅ Cobasi: 4 produto(s) encontrado(s) para Onsior
2026-01-02 20:11:53,861 - scraper_base - INFO - 📦 [14/20] Processando Maxicam
2026-01-02 20:11:53,861 - scraper_base - INFO - 🔍 Cobasi: Buscando Maxicam
2026-01-02 20:11:56,777 - scraper_cobasi - INFO - Cobasi: Dados extraídos via JSON para Maxicam
2026-01-02 20:11:56,777 - scraper_base - INFO - ✅ Cobasi: 21 produto(s) encontrado(s) para Maxicam
2026-01-02 20:11:59,519 - scraper_base - INFO - 📦 [15/20] Processando Carproflan
2026-01-02 20:11:59,519 - scraper_base - INFO - 🔍 Cobasi: Buscando Carproflan
2026-01-02 20:12:01,255 - scraper_cobasi - INFO - Cobasi: Dados extraídos via JSON para Carproflan
2026-01-02 20:12:01,255 - scraper_base - INFO - ✅ Cobasi: 3 produto(s) encontrado(s) para Carproflan
2026-01-02 20:12:03,343 - scraper_base - INFO - 📦 [16/20] Processando Previcox
2026-01-02 20:12:03,343 - scraper_base - INFO - 🔍 Cobasi: Buscando Previcox
2026-01-02 20:12:05,096 - scraper_cobasi - INFO - Cobasi: Dados extraídos via JSON para Previcox
2026-01-02 20:12:05,096 - scraper_base - INFO - ✅ Cobasi: 2 produto(s) encontrado(s) para Previcox
2026-01-02 20:12:08,083 - scraper_base - INFO - 📦 [17/20] Processando Apoquel
2026-01-02 20:12:08,083 - scraper_base - INFO - 🔍 Cobasi: Buscando Apoquel
2026-01-02 20:12:10,360 - scraper_cobasi - INFO - Cobasi: Dados extraídos via JSON para Apoquel
2026-01-02 20:12:10,360 - scraper_base - INFO - ✅ Cobasi: 3 produto(s) encontrado(s) para Apoquel
2026-01-02 20:12:13,354 - scraper_base - INFO - 📦 [18/20] Processando Zenrelia
2026-01-02 20:12:13,354 - scraper_base - INFO - 🔍 Cobasi: Buscando Zenrelia
2026-01-02 20:12:13,979 - scraper_cobasi - INFO - Cobasi: Dados extraídos via JSON para Zenrelia
2026-01-02 20:12:13,979 - scraper_base - INFO - ✅ Cobasi: 4 produto(s) encontrado(s) para Zenrelia
2026-01-02 20:12:14,998 - scraper_base - INFO - 📦 [19/20] Processando Synulox
2026-01-02 20:12:14,998 - scraper_base - INFO - 🔍 Cobasi: Buscando Synulox
2026-01-02 20:12:16,625 - scraper_cobasi - INFO - Cobasi: Dados extraídos via JSON para Synulox
2026-01-02 20:12:16,625 - scraper_base - INFO - ✅ Cobasi: 2 produto(s) encontrado(s) para Synulox
2026-01-02 20:12:17,845 - scraper_base - INFO - 📦 [20/20] Processando Baytril
2026-01-02 20:12:17,845 - scraper_base - INFO - 🔍 Cobasi: Buscando Baytril
2026-01-02 20:12:19,742 - scraper_cobasi - INFO - Cobasi: Dados extraídos via JSON para Baytril
2026-01-02 20:12:19,742 - scraper_base - INFO - ✅ Cobasi: 4 produto(s) encontrado(s) para Baytril
2026-01-02 20:12:21,974 - scraper_base - INFO - 📊 Cobasi - Estatísticas finais:
2026-01-02 20:12:21,975 - scraper_base - INFO -    • Medicamentos processados: 20
2026-01-02 20:12:21,975 - scraper_base - INFO -    • Produtos encontrados: 167
2026-01-02 20:12:21,975 - scraper_base - INFO -    • Medicamentos sem resultado: 0
2026-01-02 20:12:21,975 - scraper_base - INFO -    • Tempo total: 93.2s
2026-01-02 20:12:21,975 - scraper_base - INFO -    • Tempo médio por medicamento: 4.7s
2026-01-02 20:12:22,131 - gerenciador_arquivos - INFO - Excel salvo: dados_coletados/cobasi_20260102_201221.xlsx (167 produtos)
2026-01-02 20:12:22,131 - gerenciador_principal - INFO - Cobasi: Arquivo individual salvo com sucesso
2026-01-02 20:12:22,132 - gerenciador_principal - INFO - Pausando entre sites...
2026-01-02 20:12:24,132 - gerenciador_principal - INFO - [2/3] Processando Petlove
2026-01-02 20:12:24,132 - scraper_base - INFO - 🚀 Iniciando scraping completo - Petlove
2026-01-02 20:12:24,419 - scraper_base - INFO - 📋 20 medicamentos para processar
2026-01-02 20:12:24,420 - scraper_base - INFO - 📦 [1/20] Processando Simparic
2026-01-02 20:12:24,420 - scraper_base - INFO - 🔍 Petlove: Buscando Simparic
2026-01-02 20:12:32,516 - gerenciador_conexoes - INFO - Chrome inicializado com otimizacoes de velocidade
2026-01-02 20:12:36,299 - scraper_base - INFO - ✅ Petlove: 15 produto(s) encontrado(s) para Simparic
2026-01-02 20:12:39,285 - scraper_base - INFO - 📦 [2/20] Processando Revolution
2026-01-02 20:12:39,285 - scraper_base - INFO - 🔍 Petlove: Buscando Revolution
2026-01-02 20:12:40,950 - scraper_base - INFO - ✅ Petlove: 14 produto(s) encontrado(s) para Revolution
2026-01-02 20:12:43,473 - scraper_base - INFO - 📦 [3/20] Processando NexGard
2026-01-02 20:12:43,473 - scraper_base - INFO - 🔍 Petlove: Buscando NexGard
2026-01-02 20:12:45,048 - scraper_base - INFO - ✅ Petlove: 11 produto(s) encontrado(s) para NexGard
2026-01-02 20:12:47,951 - scraper_base - INFO - 📦 [4/20] Processando NexGard Spectra
2026-01-02 20:12:47,951 - scraper_base - INFO - 🔍 Petlove: Buscando NexGard Spectra
2026-01-02 20:12:49,287 - scraper_base - INFO - ✅ Petlove: 5 produto(s) encontrado(s) para NexGard Spectra
2026-01-02 20:12:51,921 - scraper_base - INFO - 📦 [5/20] Processando NexGard Combo
2026-01-02 20:12:51,921 - scraper_base - INFO - 🔍 Petlove: Buscando NexGard Combo
2026-01-02 20:12:53,218 - scraper_base - INFO - ✅ Petlove: 2 produto(s) encontrado(s) para NexGard Combo
2026-01-02 20:12:56,116 - scraper_base - INFO - 📦 [6/20] Processando Bravecto
2026-01-02 20:12:56,116 - scraper_base - INFO - 🔍 Petlove: Buscando Bravecto
2026-01-02 20:12:57,960 - scraper_base - INFO - ✅ Petlove: 23 produto(s) encontrado(s) para Bravecto
2026-01-02 20:12:59,231 - scraper_base - INFO - 📦 [7/20] Processando Frontline
2026-01-02 20:12:59,231 - scraper_base - INFO - 🔍 Petlove: Buscando Frontline
2026-01-02 20:13:01,275 - scraper_base - INFO - ✅ Petlove: 11 produto(s) encontrado(s) para Frontline
2026-01-02 20:13:03,820 - scraper_base - INFO - 📦 [8/20] Processando Advocate
2026-01-02 20:13:03,821 - scraper_base - INFO - 🔍 Petlove: Buscando Advocate
2026-01-02 20:13:05,571 - scraper_base - INFO - ✅ Petlove: 9 produto(s) encontrado(s) para Advocate
2026-01-02 20:13:07,764 - scraper_base - INFO - 📦 [9/20] Processando Drontal
2026-01-02 20:13:07,764 - scraper_base - INFO - 🔍 Petlove: Buscando Drontal
2026-01-02 20:13:09,189 - scraper_base - INFO - ✅ Petlove: 18 produto(s) encontrado(s) para Drontal
2026-01-02 20:13:11,303 - scraper_base - INFO - 📦 [10/20] Processando Milbemax
2026-01-02 20:13:11,303 - scraper_base - INFO - 🔍 Petlove: Buscando Milbemax
2026-01-02 20:13:12,766 - scraper_base - INFO - ✅ Petlove: 4 produto(s) encontrado(s) para Milbemax
2026-01-02 20:13:15,209 - scraper_base - INFO - 📦 [11/20] Processando Vermivet
2026-01-02 20:13:15,209 - scraper_base - INFO - 🔍 Petlove: Buscando Vermivet
2026-01-02 20:13:17,064 - scraper_base - INFO - ✅ Petlove: 36 produto(s) encontrado(s) para Vermivet
2026-01-02 20:13:19,139 - scraper_base - INFO - 📦 [12/20] Processando Rimadyl
2026-01-02 20:13:19,139 - scraper_base - INFO - 🔍 Petlove: Buscando Rimadyl
2026-01-02 20:13:21,310 - scraper_base - INFO - ✅ Petlove: 1 produto(s) encontrado(s) para Rimadyl
2026-01-02 20:13:23,479 - scraper_base - INFO - 📦 [13/20] Processando Onsior
2026-01-02 20:13:23,480 - scraper_base - INFO - 🔍 Petlove: Buscando Onsior
2026-01-02 20:13:24,884 - scraper_base - INFO - ✅ Petlove: 4 produto(s) encontrado(s) para Onsior
2026-01-02 20:13:27,523 - scraper_base - INFO - 📦 [14/20] Processando Maxicam
2026-01-02 20:13:27,523 - scraper_base - INFO - 🔍 Petlove: Buscando Maxicam
2026-01-02 20:13:28,736 - scraper_base - INFO - ✅ Petlove: 4 produto(s) encontrado(s) para Maxicam
2026-01-02 20:13:31,723 - scraper_base - INFO - 📦 [15/20] Processando Carproflan
2026-01-02 20:13:31,723 - scraper_base - INFO - 🔍 Petlove: Buscando Carproflan
2026-01-02 20:13:33,003 - scraper_base - INFO - ✅ Petlove: 4 produto(s) encontrado(s) para Carproflan
2026-01-02 20:13:35,639 - scraper_base - INFO - 📦 [16/20] Processando Previcox
2026-01-02 20:13:35,639 - scraper_base - INFO - 🔍 Petlove: Buscando Previcox
2026-01-02 20:13:37,076 - scraper_base - INFO - ✅ Petlove: 4 produto(s) encontrado(s) para Previcox
2026-01-02 20:13:39,717 - scraper_base - INFO - 📦 [17/20] Processando Apoquel
2026-01-02 20:13:39,717 - scraper_base - INFO - 🔍 Petlove: Buscando Apoquel
2026-01-02 20:13:41,489 - scraper_base - INFO - ✅ Petlove: 16 produto(s) encontrado(s) para Apoquel
2026-01-02 20:13:43,703 - scraper_base - INFO - 📦 [18/20] Processando Zenrelia
2026-01-02 20:13:43,703 - scraper_base - INFO - 🔍 Petlove: Buscando Zenrelia
2026-01-02 20:13:44,975 - scraper_base - INFO - ✅ Petlove: 4 produto(s) encontrado(s) para Zenrelia
2026-01-02 20:13:45,997 - scraper_base - INFO - 📦 [19/20] Processando Synulox
2026-01-02 20:13:45,997 - scraper_base - INFO - 🔍 Petlove: Buscando Synulox
2026-01-02 20:13:47,327 - scraper_base - INFO - ✅ Petlove: 1 produto(s) encontrado(s) para Synulox
2026-01-02 20:13:49,579 - scraper_base - INFO - 📦 [20/20] Processando Baytril
2026-01-02 20:13:49,579 - scraper_base - INFO - 🔍 Petlove: Buscando Baytril
2026-01-02 20:13:50,975 - scraper_base - INFO - ✅ Petlove: 4 produto(s) encontrado(s) para Baytril
2026-01-02 20:13:53,420 - scraper_base - INFO - 📊 Petlove - Estatísticas finais:
2026-01-02 20:13:53,420 - scraper_base - INFO -    • Medicamentos processados: 20
2026-01-02 20:13:53,420 - scraper_base - INFO -    • Produtos encontrados: 190
2026-01-02 20:13:53,421 - scraper_base - INFO -    • Medicamentos sem resultado: 0
2026-01-02 20:13:53,421 - scraper_base - INFO -    • Tempo total: 89.3s
2026-01-02 20:13:53,421 - scraper_base - INFO -    • Tempo médio por medicamento: 4.5s
2026-01-02 20:13:53,457 - gerenciador_arquivos - INFO - Excel salvo: dados_coletados/petlove_20260102_201353.xlsx (190 produtos)
2026-01-02 20:13:53,457 - gerenciador_principal - INFO - Petlove: Arquivo individual salvo com sucesso
2026-01-02 20:13:53,457 - gerenciador_principal - INFO - Pausando entre sites...
2026-01-02 20:13:55,458 - gerenciador_principal - INFO - [3/3] Processando Petz
2026-01-02 20:13:55,458 - scraper_base - INFO - 🚀 Iniciando scraping completo - Petz
2026-01-02 20:13:55,772 - scraper_base - INFO - 📋 20 medicamentos para processar
2026-01-02 20:13:55,772 - scraper_base - INFO - 📦 [1/20] Processando Simparic
2026-01-02 20:13:55,772 - scraper_base - INFO - 🔍 Petz: Buscando Simparic
2026-01-02 20:13:59,920 - scraper_base - INFO - ✅ Petz: 12 produto(s) encontrado(s) para Simparic
2026-01-02 20:14:01,684 - scraper_base - INFO - 📦 [2/20] Processando Revolution
2026-01-02 20:14:01,684 - scraper_base - INFO - 🔍 Petz: Buscando Revolution
2026-01-02 20:14:04,363 - scraper_base - INFO - ✅ Petz: 26 produto(s) encontrado(s) para Revolution
2026-01-02 20:14:07,205 - scraper_base - INFO - 📦 [3/20] Processando NexGard
2026-01-02 20:14:07,205 - scraper_base - INFO - 🔍 Petz: Buscando NexGard
2026-01-02 20:14:09,615 - scraper_base - INFO - ✅ Petz: 22 produto(s) encontrado(s) para NexGard
2026-01-02 20:14:10,627 - scraper_base - INFO - 📦 [4/20] Processando NexGard Spectra
2026-01-02 20:14:10,627 - scraper_base - INFO - 🔍 Petz: Buscando NexGard Spectra
2026-01-02 20:14:12,478 - scraper_base - INFO - ✅ Petz: 10 produto(s) encontrado(s) para NexGard Spectra
2026-01-02 20:14:15,098 - scraper_base - INFO - 📦 [5/20] Processando NexGard Combo
2026-01-02 20:14:15,098 - scraper_base - INFO - 🔍 Petz: Buscando NexGard Combo
2026-01-02 20:14:16,760 - scraper_base - INFO - ✅ Petz: 4 produto(s) encontrado(s) para NexGard Combo
2026-01-02 20:14:19,724 - scraper_base - INFO - 📦 [6/20] Processando Bravecto
2026-01-02 20:14:19,724 - scraper_base - INFO - 🔍 Petz: Buscando Bravecto
2026-01-02 20:14:21,787 - scraper_base - INFO - ✅ Petz: 16 produto(s) encontrado(s) para Bravecto
2026-01-02 20:14:24,700 - scraper_base - INFO - 📦 [7/20] Processando Frontline
2026-01-02 20:14:24,700 - scraper_base - INFO - 🔍 Petz: Buscando Frontline
2026-01-02 20:14:26,739 - scraper_base - INFO - ✅ Petz: 11 produto(s) encontrado(s) para Frontline
2026-01-02 20:14:29,667 - scraper_base - INFO - 📦 [8/20] Processando Advocate
2026-01-02 20:14:29,667 - scraper_base - INFO - 🔍 Petz: Buscando Advocate
2026-01-02 20:14:31,433 - scraper_base - INFO - ✅ Petz: 12 produto(s) encontrado(s) para Advocate
2026-01-02 20:14:33,541 - scraper_base - INFO - 📦 [9/20] Processando Drontal
2026-01-02 20:14:33,541 - scraper_base - INFO - 🔍 Petz: Buscando Drontal
2026-01-02 20:14:36,365 - scraper_base - INFO - ✅ Petz: 30 produto(s) encontrado(s) para Drontal
2026-01-02 20:14:38,305 - scraper_base - INFO - 📦 [10/20] Processando Milbemax
2026-01-02 20:14:38,305 - scraper_base - INFO - 🔍 Petz: Buscando Milbemax
2026-01-02 20:14:40,099 - scraper_base - INFO - ✅ Petz: 4 produto(s) encontrado(s) para Milbemax
2026-01-02 20:14:41,273 - scraper_base - INFO - 📦 [11/20] Processando Vermivet
2026-01-02 20:14:41,273 - scraper_base - INFO - 🔍 Petz: Buscando Vermivet
2026-01-02 20:14:42,999 - scraper_base - INFO - ✅ Petz: 5 produto(s) encontrado(s) para Vermivet
2026-01-02 20:14:45,618 - scraper_base - INFO - 📦 [12/20] Processando Rimadyl
2026-01-02 20:14:45,618 - scraper_base - INFO - 🔍 Petz: Buscando Rimadyl
2026-01-02 20:14:47,455 - scraper_base - INFO - ✅ Petz: 3 produto(s) encontrado(s) para Rimadyl
2026-01-02 20:14:49,319 - scraper_base - INFO - 📦 [13/20] Processando Onsior
2026-01-02 20:14:49,319 - scraper_base - INFO - 🔍 Petz: Buscando Onsior
2026-01-02 20:14:50,875 - scraper_base - INFO - ✅ Petz: 4 produto(s) encontrado(s) para Onsior
2026-01-02 20:14:52,398 - scraper_base - INFO - 📦 [14/20] Processando Maxicam
2026-01-02 20:14:52,398 - scraper_base - INFO - 🔍 Petz: Buscando Maxicam
2026-01-02 20:14:54,668 - scraper_base - INFO - ✅ Petz: 31 produto(s) encontrado(s) para Maxicam
2026-01-02 20:14:55,698 - scraper_base - INFO - 📦 [15/20] Processando Carproflan
2026-01-02 20:14:55,698 - scraper_base - INFO - 🔍 Petz: Buscando Carproflan
2026-01-02 20:14:57,256 - scraper_base - INFO - ✅ Petz: 3 produto(s) encontrado(s) para Carproflan
2026-01-02 20:14:58,372 - scraper_base - INFO - 📦 [16/20] Processando Previcox
2026-01-02 20:14:58,372 - scraper_base - INFO - 🔍 Petz: Buscando Previcox
2026-01-02 20:15:00,327 - scraper_base - INFO - ✅ Petz: 2 produto(s) encontrado(s) para Previcox
2026-01-02 20:15:02,701 - scraper_base - INFO - 📦 [17/20] Processando Apoquel
2026-01-02 20:15:02,701 - scraper_base - INFO - 🔍 Petz: Buscando Apoquel
2026-01-02 20:15:05,511 - scraper_base - INFO - ✅ Petz: 3 produto(s) encontrado(s) para Apoquel
2026-01-02 20:15:06,683 - scraper_base - INFO - 📦 [18/20] Processando Zenrelia
2026-01-02 20:15:06,684 - scraper_base - INFO - 🔍 Petz: Buscando Zenrelia
2026-01-02 20:15:08,377 - scraper_base - INFO - ✅ Petz: 4 produto(s) encontrado(s) para Zenrelia
2026-01-02 20:15:11,295 - scraper_base - INFO - 📦 [19/20] Processando Synulox
2026-01-02 20:15:11,295 - scraper_base - INFO - 🔍 Petz: Buscando Synulox
2026-01-02 20:15:12,955 - scraper_base - INFO - ✅ Petz: 2 produto(s) encontrado(s) para Synulox
2026-01-02 20:15:14,075 - scraper_base - INFO - 📦 [20/20] Processando Baytril
2026-01-02 20:15:14,076 - scraper_base - INFO - 🔍 Petz: Buscando Baytril
2026-01-02 20:15:15,817 - scraper_base - INFO - ✅ Petz: 10 produto(s) encontrado(s) para Baytril
2026-01-02 20:15:17,580 - scraper_base - INFO - 📊 Petz - Estatísticas finais:
2026-01-02 20:15:17,580 - scraper_base - INFO -    • Medicamentos processados: 20
2026-01-02 20:15:17,580 - scraper_base - INFO -    • Produtos encontrados: 214
2026-01-02 20:15:17,581 - scraper_base - INFO -    • Medicamentos sem resultado: 0
2026-01-02 20:15:17,581 - scraper_base - INFO -    • Tempo total: 82.1s
2026-01-02 20:15:17,581 - scraper_base - INFO -    • Tempo médio por medicamento: 4.1s
2026-01-02 20:15:17,623 - gerenciador_arquivos - INFO - Excel salvo: dados_coletados/petz_20260102_201517.xlsx (214 produtos)
2026-01-02 20:15:17,623 - gerenciador_principal - INFO - Petz: Arquivo individual salvo com sucesso
2026-01-02 20:15:17,623 - gerenciador_principal - INFO - Gerando relatório consolidado...
2026-01-02 20:15:17,870 - gerenciador_arquivos - INFO - Relatório consolidado salvo: dados_relatorios/relatorio_consolidado_20260102_201517.xlsx
2026-01-02 20:15:18,002 - gerenciador_conexoes - INFO - Chrome fechado
2026-01-02 20:15:18,002 - gerenciador_conexoes - INFO - Métodos utilizados - Requests: 33.3%, Selenium: 66.7%, Falhas: 0.0%
2026-01-02 20:15:18,002 - gerenciador_principal - INFO - ============================================================
2026-01-02 20:15:18,002 - gerenciador_principal - INFO - RELATORIO FINAL DE EXECUÇÃO
2026-01-02 20:15:18,002 - gerenciador_principal - INFO - ============================================================
2026-01-02 20:15:18,002 - gerenciador_principal - INFO - Sites processados: 3
2026-01-02 20:15:18,003 - gerenciador_principal - INFO - Sites com sucesso: 3
2026-01-02 20:15:18,003 - gerenciador_principal - INFO - Total de produtos coletados: 571
2026-01-02 20:15:18,003 - gerenciador_principal - INFO - Tempo total de execução: 268.8 segundos
2026-01-02 20:15:18,003 - gerenciador_principal - INFO - Estatísticas de conexão:
2026-01-02 20:15:18,003 - gerenciador_principal - INFO -   - Requests bem-sucedidos: 33.3%
2026-01-02 20:15:18,003 - gerenciador_principal - INFO -   - Selenium fallback: 66.7%
2026-01-02 20:15:18,003 - gerenciador_principal - INFO -   - Falhas totais: 0.0%
2026-01-02 20:15:18,004 - gerenciador_principal - INFO - Arquivos salvos na pasta: dados_coletados
2026-01-02 20:15:18,004 - gerenciador_principal - INFO - Total de arquivos: 286
2026-01-02 20:15:18,004 - gerenciador_principal - INFO - ============================================================
