2026-02-19 20:19:42,152 - configurador_logs - INFO - Sistema de logs configurado com sucesso
2026-02-19 20:19:42,152 - configurador_logs - INFO - 🚀 Logs configurados para MODO PRODUÇÃO
2026-02-19 20:19:42,152 - gerenciador_principal - INFO - Inicializando sistema - Modo: PRODUCAO
2026-02-19 20:19:42,152 - gerenciador_arquivos - INFO - Pasta dados_coletados preparada
2026-02-19 20:19:42,152 - gerenciador_principal - INFO - Sistema inicializado com 3 scrapers
2026-02-19 20:19:42,152 - gerenciador_principal - INFO - ============================================================
2026-02-19 20:19:42,153 - gerenciador_principal - INFO - INICIANDO SCRAPING COMPLETO - PRODUCAO
2026-02-19 20:19:42,153 - gerenciador_principal - INFO - ============================================================
2026-02-19 20:19:42,153 - gerenciador_principal - INFO - [1/3] Processando Cobasi
2026-02-19 20:19:42,153 - scraper_base - INFO - 🚀 Iniciando scraping completo - Cobasi
2026-02-19 20:19:42,381 - gerenciador_conexoes - INFO - Sessao estabelecida com cobasi.com.br
2026-02-19 20:19:42,382 - scraper_base - INFO - 📋 20 medicamentos para processar
2026-02-19 20:19:42,382 - scraper_base - INFO - 📦 [1/20] Processando Simparic
2026-02-19 20:19:42,382 - scraper_base - INFO - 🔍 Cobasi: Buscando Simparic
2026-02-19 20:19:45,383 - scraper_cobasi - INFO - Cobasi: Dados extraídos via JSON para Simparic
2026-02-19 20:19:45,383 - scraper_base - INFO - ✅ Cobasi: 12 produto(s) encontrado(s) para Simparic
2026-02-19 20:19:47,284 - scraper_base - INFO - 📦 [2/20] Processando Revolution
2026-02-19 20:19:47,284 - scraper_base - INFO - 🔍 Cobasi: Buscando Revolution
2026-02-19 20:19:50,443 - scraper_cobasi - INFO - Cobasi: Dados extraídos via JSON para Revolution
2026-02-19 20:19:50,443 - scraper_base - INFO - ✅ Cobasi: 18 produto(s) encontrado(s) para Revolution
2026-02-19 20:19:53,403 - scraper_base - INFO - 📦 [3/20] Processando NexGard
2026-02-19 20:19:53,403 - scraper_base - INFO - 🔍 Cobasi: Buscando NexGard
2026-02-19 20:19:56,298 - scraper_cobasi - INFO - Cobasi: Dados extraídos via JSON para NexGard
2026-02-19 20:19:56,299 - scraper_base - INFO - ✅ Cobasi: 22 produto(s) encontrado(s) para NexGard
2026-02-19 20:19:58,169 - scraper_base - INFO - 📦 [4/20] Processando NexGard Spectra
2026-02-19 20:19:58,169 - scraper_base - INFO - 🔍 Cobasi: Buscando NexGard Spectra
2026-02-19 20:20:00,464 - scraper_cobasi - INFO - Cobasi: Dados extraídos via JSON para NexGard Spectra
2026-02-19 20:20:00,464 - scraper_base - INFO - ✅ Cobasi: 10 produto(s) encontrado(s) para NexGard Spectra
2026-02-19 20:20:01,921 - scraper_base - INFO - 📦 [5/20] Processando NexGard Combo
2026-02-19 20:20:01,921 - scraper_base - INFO - 🔍 Cobasi: Buscando NexGard Combo
2026-02-19 20:20:03,953 - scraper_cobasi - INFO - Cobasi: Dados extraídos via JSON para NexGard Combo
2026-02-19 20:20:03,953 - scraper_base - INFO - ✅ Cobasi: 4 produto(s) encontrado(s) para NexGard Combo
2026-02-19 20:20:05,482 - scraper_base - INFO - 📦 [6/20] Processando Bravecto
2026-02-19 20:20:05,482 - scraper_base - INFO - 🔍 Cobasi: Buscando Bravecto
2026-02-19 20:20:08,674 - scraper_cobasi - INFO - Cobasi: Dados extraídos via JSON para Bravecto
2026-02-19 20:20:08,674 - scraper_base - INFO - ✅ Cobasi: 16 produto(s) encontrado(s) para Bravecto
2026-02-19 20:20:10,443 - scraper_base - INFO - 📦 [7/20] Processando Frontline
2026-02-19 20:20:10,443 - scraper_base - INFO - 🔍 Cobasi: Buscando Frontline
2026-02-19 20:20:13,390 - scraper_cobasi - INFO - Cobasi: Dados extraídos via JSON para Frontline
2026-02-19 20:20:13,390 - scraper_base - INFO - ✅ Cobasi: 10 produto(s) encontrado(s) para Frontline
2026-02-19 20:20:15,600 - scraper_base - INFO - 📦 [8/20] Processando Advocate
2026-02-19 20:20:15,600 - scraper_base - INFO - 🔍 Cobasi: Buscando Advocate
2026-02-19 20:20:18,115 - scraper_cobasi - INFO - Cobasi: Dados extraídos via JSON para Advocate
2026-02-19 20:20:18,115 - scraper_base - INFO - ✅ Cobasi: 12 produto(s) encontrado(s) para Advocate
2026-02-19 20:20:20,340 - scraper_base - INFO - 📦 [9/20] Processando Drontal
2026-02-19 20:20:20,341 - scraper_base - INFO - 🔍 Cobasi: Buscando Drontal
2026-02-19 20:20:22,378 - scraper_cobasi - INFO - Cobasi: Dados extraídos via JSON para Drontal
2026-02-19 20:20:22,378 - scraper_base - INFO - ✅ Cobasi: 8 produto(s) encontrado(s) para Drontal
2026-02-19 20:20:24,690 - scraper_base - INFO - 📦 [10/20] Processando Milbemax
2026-02-19 20:20:24,691 - scraper_base - INFO - 🔍 Cobasi: Buscando Milbemax
2026-02-19 20:20:27,444 - scraper_cobasi - INFO - Cobasi: Dados extraídos via JSON para Milbemax
2026-02-19 20:20:27,444 - scraper_base - INFO - ✅ Cobasi: 4 produto(s) encontrado(s) para Milbemax
2026-02-19 20:20:30,371 - scraper_base - INFO - 📦 [11/20] Processando Vermivet
2026-02-19 20:20:30,372 - scraper_base - INFO - 🔍 Cobasi: Buscando Vermivet
2026-02-19 20:20:33,448 - scraper_cobasi - INFO - Cobasi: Dados extraídos via JSON para Vermivet
2026-02-19 20:20:33,448 - scraper_base - INFO - ✅ Cobasi: 5 produto(s) encontrado(s) para Vermivet
2026-02-19 20:20:36,226 - scraper_base - INFO - 📦 [12/20] Processando Rimadyl
2026-02-19 20:20:36,226 - scraper_base - INFO - 🔍 Cobasi: Buscando Rimadyl
2026-02-19 20:20:38,408 - scraper_cobasi - INFO - Cobasi: Dados extraídos via JSON para Rimadyl
2026-02-19 20:20:38,408 - scraper_base - INFO - ✅ Cobasi: 3 produto(s) encontrado(s) para Rimadyl
2026-02-19 20:20:40,384 - scraper_base - INFO - 📦 [13/20] Processando Onsior
2026-02-19 20:20:40,384 - scraper_base - INFO - 🔍 Cobasi: Buscando Onsior
2026-02-19 20:20:42,537 - scraper_cobasi - INFO - Cobasi: Dados extraídos via JSON para Onsior
2026-02-19 20:20:42,537 - scraper_base - INFO - ✅ Cobasi: 4 produto(s) encontrado(s) para Onsior
2026-02-19 20:20:44,844 - scraper_base - INFO - 📦 [14/20] Processando Maxicam
2026-02-19 20:20:44,844 - scraper_base - INFO - 🔍 Cobasi: Buscando Maxicam
2026-02-19 20:20:47,936 - scraper_cobasi - INFO - Cobasi: Dados extraídos via JSON para Maxicam
2026-02-19 20:20:47,936 - scraper_base - INFO - ✅ Cobasi: 21 produto(s) encontrado(s) para Maxicam
2026-02-19 20:20:50,298 - scraper_base - INFO - 📦 [15/20] Processando Carproflan
2026-02-19 20:20:50,298 - scraper_base - INFO - 🔍 Cobasi: Buscando Carproflan
2026-02-19 20:20:52,750 - scraper_cobasi - INFO - Cobasi: Dados extraídos via JSON para Carproflan
2026-02-19 20:20:52,751 - scraper_base - INFO - ✅ Cobasi: 3 produto(s) encontrado(s) para Carproflan
2026-02-19 20:20:55,223 - scraper_base - INFO - 📦 [16/20] Processando Previcox
2026-02-19 20:20:55,223 - scraper_base - INFO - 🔍 Cobasi: Buscando Previcox
2026-02-19 20:20:57,568 - scraper_cobasi - INFO - Cobasi: Dados extraídos via JSON para Previcox
2026-02-19 20:20:57,568 - scraper_base - INFO - ✅ Cobasi: 2 produto(s) encontrado(s) para Previcox
2026-02-19 20:21:00,463 - scraper_base - INFO - 📦 [17/20] Processando Apoquel
2026-02-19 20:21:00,464 - scraper_base - INFO - 🔍 Cobasi: Buscando Apoquel
2026-02-19 20:21:04,123 - scraper_cobasi - INFO - Cobasi: Dados extraídos via JSON para Apoquel
2026-02-19 20:21:04,123 - scraper_base - INFO - ✅ Cobasi: 3 produto(s) encontrado(s) para Apoquel
2026-02-19 20:21:06,423 - scraper_base - INFO - 📦 [18/20] Processando Zenrelia
2026-02-19 20:21:06,423 - scraper_base - INFO - 🔍 Cobasi: Buscando Zenrelia
2026-02-19 20:21:07,288 - scraper_cobasi - INFO - Cobasi: Dados extraídos via JSON para Zenrelia
2026-02-19 20:21:07,288 - scraper_base - INFO - ✅ Cobasi: 4 produto(s) encontrado(s) para Zenrelia
2026-02-19 20:21:09,717 - scraper_base - INFO - 📦 [19/20] Processando Synulox
2026-02-19 20:21:09,717 - scraper_base - INFO - 🔍 Cobasi: Buscando Synulox
2026-02-19 20:21:11,335 - scraper_cobasi - INFO - Cobasi: Dados extraídos via JSON para Synulox
2026-02-19 20:21:11,335 - scraper_base - INFO - ✅ Cobasi: 2 produto(s) encontrado(s) para Synulox
2026-02-19 20:21:13,519 - scraper_base - INFO - 📦 [20/20] Processando Baytril
2026-02-19 20:21:13,519 - scraper_base - INFO - 🔍 Cobasi: Buscando Baytril
2026-02-19 20:21:15,516 - scraper_cobasi - INFO - Cobasi: Dados extraídos via JSON para Baytril
2026-02-19 20:21:15,516 - scraper_base - INFO - ✅ Cobasi: 4 produto(s) encontrado(s) para Baytril
2026-02-19 20:21:16,964 - scraper_base - INFO - 📊 Cobasi - Estatísticas finais:
2026-02-19 20:21:16,965 - scraper_base - INFO -    • Medicamentos processados: 20
2026-02-19 20:21:16,965 - scraper_base - INFO -    • Produtos encontrados: 167
2026-02-19 20:21:16,965 - scraper_base - INFO -    • Medicamentos sem resultado: 0
2026-02-19 20:21:16,965 - scraper_base - INFO -    • Tempo total: 94.8s
2026-02-19 20:21:16,965 - scraper_base - INFO -    • Tempo médio por medicamento: 4.7s
2026-02-19 20:21:17,121 - gerenciador_arquivos - INFO - Excel salvo: dados_coletados/cobasi_20260219_202116.xlsx (167 produtos)
2026-02-19 20:21:17,121 - gerenciador_principal - INFO - Cobasi: Arquivo individual salvo com sucesso
2026-02-19 20:21:17,121 - gerenciador_principal - INFO - Pausando entre sites...
2026-02-19 20:21:19,121 - gerenciador_principal - INFO - [2/3] Processando Petlove
2026-02-19 20:21:19,122 - scraper_base - INFO - 🚀 Iniciando scraping completo - Petlove
2026-02-19 20:21:19,348 - scraper_base - INFO - 📋 20 medicamentos para processar
2026-02-19 20:21:19,349 - scraper_base - INFO - 📦 [1/20] Processando Simparic
2026-02-19 20:21:19,349 - scraper_base - INFO - 🔍 Petlove: Buscando Simparic
2026-02-19 20:21:35,731 - gerenciador_conexoes - INFO - Chrome inicializado com otimizacoes de velocidade
2026-02-19 20:21:37,413 - scraper_petlove - INFO - Petlove: Nenhum produto encontrado para Simparic
2026-02-19 20:21:37,413 - scraper_base - INFO - ⚪ Petlove: Nenhum produto encontrado para Simparic
2026-02-19 20:21:39,156 - scraper_base - INFO - 📦 [2/20] Processando Revolution
2026-02-19 20:21:39,156 - scraper_base - INFO - 🔍 Petlove: Buscando Revolution
2026-02-19 20:21:42,523 - scraper_base - INFO - ✅ Petlove: 19 produto(s) encontrado(s) para Revolution
2026-02-19 20:21:43,904 - scraper_base - INFO - 📦 [3/20] Processando NexGard
2026-02-19 20:21:43,905 - scraper_base - INFO - 🔍 Petlove: Buscando NexGard
2026-02-19 20:21:45,570 - scraper_base - INFO - ✅ Petlove: 11 produto(s) encontrado(s) para NexGard
2026-02-19 20:21:47,511 - scraper_base - INFO - 📦 [4/20] Processando NexGard Spectra
2026-02-19 20:21:47,511 - scraper_base - INFO - 🔍 Petlove: Buscando NexGard Spectra
2026-02-19 20:21:48,912 - scraper_base - INFO - ✅ Petlove: 5 produto(s) encontrado(s) para NexGard Spectra
2026-02-19 20:21:50,277 - scraper_base - INFO - 📦 [5/20] Processando NexGard Combo
2026-02-19 20:21:50,277 - scraper_base - INFO - 🔍 Petlove: Buscando NexGard Combo
2026-02-19 20:21:52,026 - scraper_base - INFO - ✅ Petlove: 2 produto(s) encontrado(s) para NexGard Combo
2026-02-19 20:21:53,243 - scraper_base - INFO - 📦 [6/20] Processando Bravecto
2026-02-19 20:21:53,243 - scraper_base - INFO - 🔍 Petlove: Buscando Bravecto
2026-02-19 20:21:55,512 - scraper_base - INFO - ✅ Petlove: 23 produto(s) encontrado(s) para Bravecto
2026-02-19 20:21:56,914 - scraper_base - INFO - 📦 [7/20] Processando Frontline
2026-02-19 20:21:56,915 - scraper_base - INFO - 🔍 Petlove: Buscando Frontline
2026-02-19 20:21:59,080 - scraper_base - INFO - ✅ Petlove: 11 produto(s) encontrado(s) para Frontline
2026-02-19 20:22:00,825 - scraper_base - INFO - 📦 [8/20] Processando Advocate
2026-02-19 20:22:00,825 - scraper_base - INFO - 🔍 Petlove: Buscando Advocate
2026-02-19 20:22:02,701 - scraper_base - INFO - ✅ Petlove: 12 produto(s) encontrado(s) para Advocate
2026-02-19 20:22:04,647 - scraper_base - INFO - 📦 [9/20] Processando Drontal
2026-02-19 20:22:04,647 - scraper_base - INFO - 🔍 Petlove: Buscando Drontal
2026-02-19 20:22:06,962 - scraper_base - INFO - ✅ Petlove: 36 produto(s) encontrado(s) para Drontal
2026-02-19 20:22:09,705 - scraper_base - INFO - 📦 [10/20] Processando Milbemax
2026-02-19 20:22:09,705 - scraper_base - INFO - 🔍 Petlove: Buscando Milbemax
2026-02-19 20:22:11,285 - scraper_base - INFO - ✅ Petlove: 14 produto(s) encontrado(s) para Milbemax
2026-02-19 20:22:14,142 - scraper_base - INFO - 📦 [11/20] Processando Vermivet
2026-02-19 20:22:14,142 - scraper_base - INFO - 🔍 Petlove: Buscando Vermivet
2026-02-19 20:22:15,996 - scraper_base - INFO - ✅ Petlove: 36 produto(s) encontrado(s) para Vermivet
2026-02-19 20:22:18,388 - scraper_base - INFO - 📦 [12/20] Processando Rimadyl
2026-02-19 20:22:18,388 - scraper_base - INFO - 🔍 Petlove: Buscando Rimadyl
2026-02-19 20:22:19,895 - scraper_base - INFO - ✅ Petlove: 1 produto(s) encontrado(s) para Rimadyl
2026-02-19 20:22:22,827 - scraper_base - INFO - 📦 [13/20] Processando Onsior
2026-02-19 20:22:22,827 - scraper_base - INFO - 🔍 Petlove: Buscando Onsior
2026-02-19 20:22:24,235 - scraper_base - INFO - ✅ Petlove: 4 produto(s) encontrado(s) para Onsior
2026-02-19 20:22:25,672 - scraper_base - INFO - 📦 [14/20] Processando Maxicam
2026-02-19 20:22:25,672 - scraper_base - INFO - 🔍 Petlove: Buscando Maxicam
2026-02-19 20:22:27,095 - scraper_base - INFO - ✅ Petlove: 3 produto(s) encontrado(s) para Maxicam
2026-02-19 20:22:28,595 - scraper_base - INFO - 📦 [15/20] Processando Carproflan
2026-02-19 20:22:28,595 - scraper_base - INFO - 🔍 Petlove: Buscando Carproflan
2026-02-19 20:22:30,062 - scraper_base - INFO - ✅ Petlove: 7 produto(s) encontrado(s) para Carproflan
2026-02-19 20:22:32,952 - scraper_base - INFO - 📦 [16/20] Processando Previcox
2026-02-19 20:22:32,952 - scraper_base - INFO - 🔍 Petlove: Buscando Previcox
2026-02-19 20:22:34,361 - scraper_base - INFO - ✅ Petlove: 4 produto(s) encontrado(s) para Previcox
2026-02-19 20:22:36,555 - scraper_base - INFO - 📦 [17/20] Processando Apoquel
2026-02-19 20:22:36,555 - scraper_base - INFO - 🔍 Petlove: Buscando Apoquel
2026-02-19 20:22:38,312 - scraper_base - INFO - ✅ Petlove: 16 produto(s) encontrado(s) para Apoquel
2026-02-19 20:22:40,688 - scraper_base - INFO - 📦 [18/20] Processando Zenrelia
2026-02-19 20:22:40,689 - scraper_base - INFO - 🔍 Petlove: Buscando Zenrelia
2026-02-19 20:22:42,182 - scraper_base - INFO - ✅ Petlove: 4 produto(s) encontrado(s) para Zenrelia
2026-02-19 20:22:43,478 - scraper_base - INFO - 📦 [19/20] Processando Synulox
2026-02-19 20:22:43,478 - scraper_base - INFO - 🔍 Petlove: Buscando Synulox
2026-02-19 20:22:45,001 - scraper_base - INFO - ✅ Petlove: 1 produto(s) encontrado(s) para Synulox
2026-02-19 20:22:47,011 - scraper_base - INFO - 📦 [20/20] Processando Baytril
2026-02-19 20:22:47,011 - scraper_base - INFO - 🔍 Petlove: Buscando Baytril
2026-02-19 20:22:48,497 - scraper_base - INFO - ✅ Petlove: 4 produto(s) encontrado(s) para Baytril
2026-02-19 20:22:50,326 - scraper_base - INFO - 📊 Petlove - Estatísticas finais:
2026-02-19 20:22:50,326 - scraper_base - INFO -    • Medicamentos processados: 20
2026-02-19 20:22:50,327 - scraper_base - INFO -    • Produtos encontrados: 213
2026-02-19 20:22:50,327 - scraper_base - INFO -    • Medicamentos sem resultado: 1
2026-02-19 20:22:50,327 - scraper_base - INFO -    • Tempo total: 91.2s
2026-02-19 20:22:50,327 - scraper_base - INFO -    • Tempo médio por medicamento: 4.6s
2026-02-19 20:22:50,368 - gerenciador_arquivos - INFO - Excel salvo: dados_coletados/petlove_20260219_202250.xlsx (213 produtos)
2026-02-19 20:22:50,368 - gerenciador_principal - INFO - Petlove: Arquivo individual salvo com sucesso
2026-02-19 20:22:50,368 - gerenciador_principal - INFO - Pausando entre sites...
2026-02-19 20:22:52,368 - gerenciador_principal - INFO - [3/3] Processando Petz
2026-02-19 20:22:52,368 - scraper_base - INFO - 🚀 Iniciando scraping completo - Petz
2026-02-19 20:22:52,558 - scraper_base - INFO - 📋 20 medicamentos para processar
2026-02-19 20:22:52,558 - scraper_base - INFO - 📦 [1/20] Processando Simparic
2026-02-19 20:22:52,558 - scraper_base - INFO - 🔍 Petz: Buscando Simparic
2026-02-19 20:22:56,458 - scraper_base - INFO - ✅ Petz: 12 produto(s) encontrado(s) para Simparic
2026-02-19 20:22:59,156 - scraper_base - INFO - 📦 [2/20] Processando Revolution
2026-02-19 20:22:59,156 - scraper_base - INFO - 🔍 Petz: Buscando Revolution
2026-02-19 20:23:02,636 - scraper_base - INFO - ✅ Petz: 26 produto(s) encontrado(s) para Revolution
2026-02-19 20:23:03,802 - scraper_base - INFO - 📦 [3/20] Processando NexGard
2026-02-19 20:23:03,802 - scraper_base - INFO - 🔍 Petz: Buscando NexGard
2026-02-19 20:23:06,188 - scraper_base - INFO - ✅ Petz: 22 produto(s) encontrado(s) para NexGard
2026-02-19 20:23:07,701 - scraper_base - INFO - 📦 [4/20] Processando NexGard Spectra
2026-02-19 20:23:07,701 - scraper_base - INFO - 🔍 Petz: Buscando NexGard Spectra
2026-02-19 20:23:10,029 - scraper_base - INFO - ✅ Petz: 10 produto(s) encontrado(s) para NexGard Spectra
2026-02-19 20:23:11,163 - scraper_base - INFO - 📦 [5/20] Processando NexGard Combo
2026-02-19 20:23:11,163 - scraper_base - INFO - 🔍 Petz: Buscando NexGard Combo
2026-02-19 20:23:12,991 - scraper_base - INFO - ✅ Petz: 4 produto(s) encontrado(s) para NexGard Combo
2026-02-19 20:23:14,680 - scraper_base - INFO - 📦 [6/20] Processando Bravecto
2026-02-19 20:23:14,680 - scraper_base - INFO - 🔍 Petz: Buscando Bravecto
2026-02-19 20:23:17,910 - scraper_base - INFO - ✅ Petz: 16 produto(s) encontrado(s) para Bravecto
2026-02-19 20:23:19,165 - scraper_base - INFO - 📦 [7/20] Processando Frontline
2026-02-19 20:23:19,165 - scraper_base - INFO - 🔍 Petz: Buscando Frontline
2026-02-19 20:23:21,288 - scraper_base - INFO - ✅ Petz: 11 produto(s) encontrado(s) para Frontline
2026-02-19 20:23:23,978 - scraper_base - INFO - 📦 [8/20] Processando Advocate
2026-02-19 20:23:23,978 - scraper_base - INFO - 🔍 Petz: Buscando Advocate
2026-02-19 20:23:26,551 - scraper_base - INFO - ✅ Petz: 12 produto(s) encontrado(s) para Advocate
2026-02-19 20:23:28,387 - scraper_base - INFO - 📦 [9/20] Processando Drontal
2026-02-19 20:23:28,387 - scraper_base - INFO - 🔍 Petz: Buscando Drontal
2026-02-19 20:23:31,868 - scraper_base - INFO - ✅ Petz: 30 produto(s) encontrado(s) para Drontal
2026-02-19 20:23:32,931 - scraper_base - INFO - 📦 [10/20] Processando Milbemax
2026-02-19 20:23:32,931 - scraper_base - INFO - 🔍 Petz: Buscando Milbemax
2026-02-19 20:23:34,811 - scraper_base - INFO - ✅ Petz: 4 produto(s) encontrado(s) para Milbemax
2026-02-19 20:23:36,313 - scraper_base - INFO - 📦 [11/20] Processando Vermivet
2026-02-19 20:23:36,313 - scraper_base - INFO - 🔍 Petz: Buscando Vermivet
2026-02-19 20:23:38,234 - scraper_base - INFO - ✅ Petz: 5 produto(s) encontrado(s) para Vermivet
2026-02-19 20:23:39,304 - scraper_base - INFO - 📦 [12/20] Processando Rimadyl
2026-02-19 20:23:39,304 - scraper_base - INFO - 🔍 Petz: Buscando Rimadyl
2026-02-19 20:23:41,407 - scraper_base - INFO - ✅ Petz: 3 produto(s) encontrado(s) para Rimadyl
2026-02-19 20:23:44,161 - scraper_base - INFO - 📦 [13/20] Processando Onsior
2026-02-19 20:23:44,162 - scraper_base - INFO - 🔍 Petz: Buscando Onsior
2026-02-19 20:23:46,082 - scraper_base - INFO - ✅ Petz: 4 produto(s) encontrado(s) para Onsior
2026-02-19 20:23:47,720 - scraper_base - INFO - 📦 [14/20] Processando Maxicam
2026-02-19 20:23:47,721 - scraper_base - INFO - 🔍 Petz: Buscando Maxicam
2026-02-19 20:23:50,537 - scraper_base - INFO - ✅ Petz: 29 produto(s) encontrado(s) para Maxicam
2026-02-19 20:23:52,941 - scraper_base - INFO - 📦 [15/20] Processando Carproflan
2026-02-19 20:23:52,941 - scraper_base - INFO - 🔍 Petz: Buscando Carproflan
2026-02-19 20:23:54,742 - scraper_base - INFO - ✅ Petz: 3 produto(s) encontrado(s) para Carproflan
2026-02-19 20:23:56,999 - scraper_base - INFO - 📦 [16/20] Processando Previcox
2026-02-19 20:23:56,999 - scraper_base - INFO - 🔍 Petz: Buscando Previcox
2026-02-19 20:23:58,931 - scraper_base - INFO - ✅ Petz: 2 produto(s) encontrado(s) para Previcox
2026-02-19 20:24:01,669 - scraper_base - INFO - 📦 [17/20] Processando Apoquel
2026-02-19 20:24:01,670 - scraper_base - INFO - 🔍 Petz: Buscando Apoquel
2026-02-19 20:24:03,701 - scraper_base - INFO - ✅ Petz: 3 produto(s) encontrado(s) para Apoquel
2026-02-19 20:24:05,801 - scraper_base - INFO - 📦 [18/20] Processando Zenrelia
2026-02-19 20:24:05,801 - scraper_base - INFO - 🔍 Petz: Buscando Zenrelia
2026-02-19 20:24:07,607 - scraper_base - INFO - ✅ Petz: 4 produto(s) encontrado(s) para Zenrelia
2026-02-19 20:24:08,960 - scraper_base - INFO - 📦 [19/20] Processando Synulox
2026-02-19 20:24:08,960 - scraper_base - INFO - 🔍 Petz: Buscando Synulox
2026-02-19 20:24:10,920 - scraper_base - INFO - ✅ Petz: 2 produto(s) encontrado(s) para Synulox
2026-02-19 20:24:13,404 - scraper_base - INFO - 📦 [20/20] Processando Baytril
2026-02-19 20:24:13,405 - scraper_base - INFO - 🔍 Petz: Buscando Baytril
2026-02-19 20:24:15,366 - scraper_base - INFO - ✅ Petz: 9 produto(s) encontrado(s) para Baytril
2026-02-19 20:24:17,183 - scraper_base - INFO - 📊 Petz - Estatísticas finais:
2026-02-19 20:24:17,183 - scraper_base - INFO -    • Medicamentos processados: 20
2026-02-19 20:24:17,183 - scraper_base - INFO -    • Produtos encontrados: 211
2026-02-19 20:24:17,183 - scraper_base - INFO -    • Medicamentos sem resultado: 0
2026-02-19 20:24:17,183 - scraper_base - INFO -    • Tempo total: 84.8s
2026-02-19 20:24:17,183 - scraper_base - INFO -    • Tempo médio por medicamento: 4.2s
2026-02-19 20:24:17,227 - gerenciador_arquivos - INFO - Excel salvo: dados_coletados/petz_20260219_202417.xlsx (211 produtos)
2026-02-19 20:24:17,228 - gerenciador_principal - INFO - Petz: Arquivo individual salvo com sucesso
2026-02-19 20:24:17,228 - gerenciador_principal - INFO - Gerando relatório consolidado...
2026-02-19 20:24:17,495 - gerenciador_arquivos - INFO - Relatório consolidado salvo: dados_relatorios/relatorio_consolidado_20260219_202417.xlsx
2026-02-19 20:24:17,636 - gerenciador_conexoes - INFO - Chrome fechado
2026-02-19 20:24:17,636 - gerenciador_conexoes - INFO - Métodos utilizados - Requests: 33.3%, Selenium: 66.7%, Falhas: 0.0%
2026-02-19 20:24:17,636 - gerenciador_principal - INFO - ============================================================
2026-02-19 20:24:17,637 - gerenciador_principal - INFO - RELATORIO FINAL DE EXECUÇÃO
2026-02-19 20:24:17,637 - gerenciador_principal - INFO - ============================================================
2026-02-19 20:24:17,637 - gerenciador_principal - INFO - Sites processados: 3
2026-02-19 20:24:17,637 - gerenciador_principal - INFO - Sites com sucesso: 3
2026-02-19 20:24:17,637 - gerenciador_principal - INFO - Total de produtos coletados: 591
2026-02-19 20:24:17,637 - gerenciador_principal - INFO - Tempo total de execução: 275.1 segundos
2026-02-19 20:24:17,637 - gerenciador_principal - INFO - Estatísticas de conexão:
2026-02-19 20:24:17,637 - gerenciador_principal - INFO -   - Requests bem-sucedidos: 33.3%
2026-02-19 20:24:17,637 - gerenciador_principal - INFO -   - Selenium fallback: 66.7%
2026-02-19 20:24:17,637 - gerenciador_principal - INFO -   - Falhas totais: 0.0%
2026-02-19 20:24:17,639 - gerenciador_principal - INFO - Arquivos salvos na pasta: dados_coletados
2026-02-19 20:24:17,639 - gerenciador_principal - INFO - Total de arquivos: 421
2026-02-19 20:24:17,639 - gerenciador_principal - INFO - ============================================================
