2026-05-11 21:07:16,244 - configurador_logs - INFO - Sistema de logs configurado com sucesso
2026-05-11 21:07:16,244 - configurador_logs - INFO - 🚀 Logs configurados para MODO PRODUÇÃO
2026-05-11 21:07:16,244 - gerenciador_principal - INFO - Inicializando sistema - Modo: PRODUCAO
2026-05-11 21:07:16,245 - gerenciador_arquivos - INFO - Pasta dados_coletados preparada
2026-05-11 21:07:16,245 - gerenciador_principal - INFO - Sistema inicializado com 3 scrapers
2026-05-11 21:07:16,245 - gerenciador_principal - INFO - ============================================================
2026-05-11 21:07:16,245 - gerenciador_principal - INFO - INICIANDO SCRAPING COMPLETO - PRODUCAO
2026-05-11 21:07:16,245 - gerenciador_principal - INFO - ============================================================
2026-05-11 21:07:16,245 - gerenciador_principal - INFO - [1/3] Processando Cobasi
2026-05-11 21:07:16,245 - scraper_base - INFO - 🚀 Iniciando scraping completo - Cobasi
2026-05-11 21:07:17,168 - gerenciador_conexoes - INFO - Sessao estabelecida com cobasi.com.br
2026-05-11 21:07:17,168 - scraper_base - INFO - 📋 20 medicamentos para processar
2026-05-11 21:07:17,168 - scraper_base - INFO - 📦 [1/20] Processando Simparic
2026-05-11 21:07:17,168 - scraper_base - INFO - 🔍 Cobasi: Buscando Simparic
2026-05-11 21:07:24,827 - scraper_cobasi - INFO - Cobasi: Dados extraídos via JSON para Simparic
2026-05-11 21:07:24,827 - scraper_base - INFO - ✅ Cobasi: 22 produto(s) encontrado(s) para Simparic
2026-05-11 21:07:26,181 - scraper_base - INFO - 📦 [2/20] Processando Revolution
2026-05-11 21:07:26,181 - scraper_base - INFO - 🔍 Cobasi: Buscando Revolution
2026-05-11 21:07:30,272 - scraper_cobasi - INFO - Cobasi: Dados extraídos via JSON para Revolution
2026-05-11 21:07:30,272 - scraper_base - INFO - ✅ Cobasi: 18 produto(s) encontrado(s) para Revolution
2026-05-11 21:07:31,644 - scraper_base - INFO - 📦 [3/20] Processando NexGard
2026-05-11 21:07:31,644 - scraper_base - INFO - 🔍 Cobasi: Buscando NexGard
2026-05-11 21:07:37,362 - scraper_cobasi - INFO - Cobasi: Dados extraídos via JSON para NexGard
2026-05-11 21:07:37,362 - scraper_base - INFO - ✅ Cobasi: 22 produto(s) encontrado(s) para NexGard
2026-05-11 21:07:39,992 - scraper_base - INFO - 📦 [4/20] Processando NexGard Spectra
2026-05-11 21:07:39,992 - scraper_base - INFO - 🔍 Cobasi: Buscando NexGard Spectra
2026-05-11 21:07:49,071 - scraper_cobasi - INFO - Cobasi: Dados extraídos via JSON para NexGard Spectra
2026-05-11 21:07:49,072 - scraper_base - INFO - ✅ Cobasi: 10 produto(s) encontrado(s) para NexGard Spectra
2026-05-11 21:07:50,416 - scraper_base - INFO - 📦 [5/20] Processando NexGard Combo
2026-05-11 21:07:50,416 - scraper_base - INFO - 🔍 Cobasi: Buscando NexGard Combo
2026-05-11 21:07:56,335 - scraper_cobasi - INFO - Cobasi: Dados extraídos via JSON para NexGard Combo
2026-05-11 21:07:56,335 - scraper_base - INFO - ✅ Cobasi: 4 produto(s) encontrado(s) para NexGard Combo
2026-05-11 21:07:58,008 - scraper_base - INFO - 📦 [6/20] Processando Bravecto
2026-05-11 21:07:58,008 - scraper_base - INFO - 🔍 Cobasi: Buscando Bravecto
2026-05-11 21:08:04,168 - scraper_cobasi - INFO - Cobasi: Dados extraídos via JSON para Bravecto
2026-05-11 21:08:04,168 - scraper_base - INFO - ✅ Cobasi: 16 produto(s) encontrado(s) para Bravecto
2026-05-11 21:08:06,562 - scraper_base - INFO - 📦 [7/20] Processando Frontline
2026-05-11 21:08:06,562 - scraper_base - INFO - 🔍 Cobasi: Buscando Frontline
2026-05-11 21:08:10,419 - scraper_cobasi - INFO - Cobasi: Dados extraídos via JSON para Frontline
2026-05-11 21:08:10,419 - scraper_base - INFO - ✅ Cobasi: 11 produto(s) encontrado(s) para Frontline
2026-05-11 21:08:12,120 - scraper_base - INFO - 📦 [8/20] Processando Advocate
2026-05-11 21:08:12,120 - scraper_base - INFO - 🔍 Cobasi: Buscando Advocate
2026-05-11 21:08:16,836 - scraper_cobasi - INFO - Cobasi: Dados extraídos via JSON para Advocate
2026-05-11 21:08:16,837 - scraper_base - INFO - ✅ Cobasi: 12 produto(s) encontrado(s) para Advocate
2026-05-11 21:08:18,204 - scraper_base - INFO - 📦 [9/20] Processando Drontal
2026-05-11 21:08:18,204 - scraper_base - INFO - 🔍 Cobasi: Buscando Drontal
2026-05-11 21:08:22,229 - scraper_cobasi - INFO - Cobasi: Dados extraídos via JSON para Drontal
2026-05-11 21:08:22,229 - scraper_base - INFO - ✅ Cobasi: 8 produto(s) encontrado(s) para Drontal
2026-05-11 21:08:24,347 - scraper_base - INFO - 📦 [10/20] Processando Milbemax
2026-05-11 21:08:24,347 - scraper_base - INFO - 🔍 Cobasi: Buscando Milbemax
2026-05-11 21:08:27,895 - scraper_cobasi - INFO - Cobasi: Dados extraídos via JSON para Milbemax
2026-05-11 21:08:27,895 - scraper_base - INFO - ✅ Cobasi: 4 produto(s) encontrado(s) para Milbemax
2026-05-11 21:08:30,366 - scraper_base - INFO - 📦 [11/20] Processando Vermivet
2026-05-11 21:08:30,366 - scraper_base - INFO - 🔍 Cobasi: Buscando Vermivet
2026-05-11 21:08:35,013 - scraper_cobasi - INFO - Cobasi: Dados extraídos via JSON para Vermivet
2026-05-11 21:08:35,013 - scraper_base - INFO - ✅ Cobasi: 5 produto(s) encontrado(s) para Vermivet
2026-05-11 21:08:37,685 - scraper_base - INFO - 📦 [12/20] Processando Rimadyl
2026-05-11 21:08:37,685 - scraper_base - INFO - 🔍 Cobasi: Buscando Rimadyl
2026-05-11 21:08:40,975 - scraper_cobasi - INFO - Cobasi: Dados extraídos via JSON para Rimadyl
2026-05-11 21:08:40,975 - scraper_base - INFO - ✅ Cobasi: 3 produto(s) encontrado(s) para Rimadyl
2026-05-11 21:08:42,493 - scraper_base - INFO - 📦 [13/20] Processando Onsior
2026-05-11 21:08:42,493 - scraper_base - INFO - 🔍 Cobasi: Buscando Onsior
2026-05-11 21:08:45,478 - scraper_cobasi - INFO - Cobasi: Dados extraídos via JSON para Onsior
2026-05-11 21:08:45,478 - scraper_base - INFO - ✅ Cobasi: 4 produto(s) encontrado(s) para Onsior
2026-05-11 21:08:48,118 - scraper_base - INFO - 📦 [14/20] Processando Maxicam
2026-05-11 21:08:48,118 - scraper_base - INFO - 🔍 Cobasi: Buscando Maxicam
2026-05-11 21:08:50,735 - scraper_cobasi - INFO - Cobasi: Dados extraídos via JSON para Maxicam
2026-05-11 21:08:50,735 - scraper_base - INFO - ✅ Cobasi: 3 produto(s) encontrado(s) para Maxicam
2026-05-11 21:08:53,237 - scraper_base - INFO - 📦 [15/20] Processando Carproflan
2026-05-11 21:08:53,238 - scraper_base - INFO - 🔍 Cobasi: Buscando Carproflan
2026-05-11 21:08:56,664 - scraper_cobasi - INFO - Cobasi: Dados extraídos via JSON para Carproflan
2026-05-11 21:08:56,665 - scraper_base - INFO - ✅ Cobasi: 3 produto(s) encontrado(s) para Carproflan
2026-05-11 21:08:59,396 - scraper_base - INFO - 📦 [16/20] Processando Previcox
2026-05-11 21:08:59,396 - scraper_base - INFO - 🔍 Cobasi: Buscando Previcox
2026-05-11 21:09:03,051 - scraper_cobasi - INFO - Cobasi: Dados extraídos via JSON para Previcox
2026-05-11 21:09:03,051 - scraper_base - INFO - ✅ Cobasi: 2 produto(s) encontrado(s) para Previcox
2026-05-11 21:09:05,687 - scraper_base - INFO - 📦 [17/20] Processando Apoquel
2026-05-11 21:09:05,687 - scraper_base - INFO - 🔍 Cobasi: Buscando Apoquel
2026-05-11 21:09:08,768 - scraper_cobasi - INFO - Cobasi: Dados extraídos via JSON para Apoquel
2026-05-11 21:09:08,768 - scraper_base - INFO - ✅ Cobasi: 3 produto(s) encontrado(s) para Apoquel
2026-05-11 21:09:11,418 - scraper_base - INFO - 📦 [18/20] Processando Zenrelia
2026-05-11 21:09:11,418 - scraper_base - INFO - 🔍 Cobasi: Buscando Zenrelia
2026-05-11 21:09:14,619 - scraper_cobasi - INFO - Cobasi: Dados extraídos via JSON para Zenrelia
2026-05-11 21:09:14,619 - scraper_base - INFO - ✅ Cobasi: 4 produto(s) encontrado(s) para Zenrelia
2026-05-11 21:09:15,992 - scraper_base - INFO - 📦 [19/20] Processando Synulox
2026-05-11 21:09:15,992 - scraper_base - INFO - 🔍 Cobasi: Buscando Synulox
2026-05-11 21:09:18,695 - scraper_cobasi - INFO - Cobasi: Dados extraídos via JSON para Synulox
2026-05-11 21:09:18,695 - scraper_base - INFO - ✅ Cobasi: 2 produto(s) encontrado(s) para Synulox
2026-05-11 21:09:19,936 - scraper_base - INFO - 📦 [20/20] Processando Baytril
2026-05-11 21:09:19,936 - scraper_base - INFO - 🔍 Cobasi: Buscando Baytril
2026-05-11 21:09:24,173 - scraper_cobasi - INFO - Cobasi: Dados extraídos via JSON para Baytril
2026-05-11 21:09:24,174 - scraper_base - INFO - ✅ Cobasi: 3 produto(s) encontrado(s) para Baytril
2026-05-11 21:09:26,236 - scraper_base - INFO - 📊 Cobasi - Estatísticas finais:
2026-05-11 21:09:26,236 - scraper_base - INFO -    • Medicamentos processados: 20
2026-05-11 21:09:26,236 - scraper_base - INFO -    • Produtos encontrados: 159
2026-05-11 21:09:26,236 - scraper_base - INFO -    • Medicamentos sem resultado: 0
2026-05-11 21:09:26,236 - scraper_base - INFO -    • Tempo total: 130.0s
2026-05-11 21:09:26,236 - scraper_base - INFO -    • Tempo médio por medicamento: 6.5s
2026-05-11 21:09:26,446 - gerenciador_arquivos - INFO - Excel salvo: dados_coletados/cobasi_20260511_210926.xlsx (159 produtos)
2026-05-11 21:09:26,446 - gerenciador_principal - INFO - Cobasi: Arquivo individual salvo com sucesso
2026-05-11 21:09:26,446 - gerenciador_principal - INFO - Pausando entre sites...
2026-05-11 21:09:28,446 - gerenciador_principal - INFO - [2/3] Processando Petlove
2026-05-11 21:09:28,447 - scraper_base - INFO - 🚀 Iniciando scraping completo - Petlove
2026-05-11 21:09:29,103 - gerenciador_conexoes - INFO - Sessao estabelecida com petlove.com.br
2026-05-11 21:09:29,103 - scraper_base - INFO - 📋 20 medicamentos para processar
2026-05-11 21:09:29,103 - scraper_base - INFO - 📦 [1/20] Processando Simparic
2026-05-11 21:09:29,104 - scraper_base - INFO - 🔍 Petlove: Buscando Simparic
2026-05-11 21:09:30,135 - scraper_base - INFO - ✅ Petlove: 36 produto(s) encontrado(s) para Simparic
2026-05-11 21:09:32,883 - scraper_base - INFO - 📦 [2/20] Processando Revolution
2026-05-11 21:09:32,883 - scraper_base - INFO - 🔍 Petlove: Buscando Revolution
2026-05-11 21:09:33,740 - scraper_base - INFO - ✅ Petlove: 20 produto(s) encontrado(s) para Revolution
2026-05-11 21:09:35,378 - scraper_base - INFO - 📦 [3/20] Processando NexGard
2026-05-11 21:09:35,378 - scraper_base - INFO - 🔍 Petlove: Buscando NexGard
2026-05-11 21:09:36,089 - scraper_base - INFO - ✅ Petlove: 11 produto(s) encontrado(s) para NexGard
2026-05-11 21:09:37,173 - scraper_base - INFO - 📦 [4/20] Processando NexGard Spectra
2026-05-11 21:09:37,173 - scraper_base - INFO - 🔍 Petlove: Buscando NexGard Spectra
2026-05-11 21:09:38,555 - scraper_base - INFO - ✅ Petlove: 5 produto(s) encontrado(s) para NexGard Spectra
2026-05-11 21:09:40,115 - scraper_base - INFO - 📦 [5/20] Processando NexGard Combo
2026-05-11 21:09:40,115 - scraper_base - INFO - 🔍 Petlove: Buscando NexGard Combo
2026-05-11 21:09:40,786 - scraper_base - INFO - ✅ Petlove: 2 produto(s) encontrado(s) para NexGard Combo
2026-05-11 21:09:43,474 - scraper_base - INFO - 📦 [6/20] Processando Bravecto
2026-05-11 21:09:43,474 - scraper_base - INFO - 🔍 Petlove: Buscando Bravecto
2026-05-11 21:09:44,335 - scraper_base - INFO - ✅ Petlove: 22 produto(s) encontrado(s) para Bravecto
2026-05-11 21:09:46,472 - scraper_base - INFO - 📦 [7/20] Processando Frontline
2026-05-11 21:09:46,473 - scraper_base - INFO - 🔍 Petlove: Buscando Frontline
2026-05-11 21:09:47,196 - scraper_base - INFO - ✅ Petlove: 11 produto(s) encontrado(s) para Frontline
2026-05-11 21:09:48,842 - scraper_base - INFO - 📦 [8/20] Processando Advocate
2026-05-11 21:09:48,842 - scraper_base - INFO - 🔍 Petlove: Buscando Advocate
2026-05-11 21:09:49,640 - scraper_base - INFO - ✅ Petlove: 9 produto(s) encontrado(s) para Advocate
2026-05-11 21:09:51,586 - scraper_base - INFO - 📦 [9/20] Processando Drontal
2026-05-11 21:09:51,586 - scraper_base - INFO - 🔍 Petlove: Buscando Drontal
2026-05-11 21:09:52,379 - scraper_base - INFO - ✅ Petlove: 36 produto(s) encontrado(s) para Drontal
2026-05-11 21:09:54,907 - scraper_base - INFO - 📦 [10/20] Processando Milbemax
2026-05-11 21:09:54,908 - scraper_base - INFO - 🔍 Petlove: Buscando Milbemax
2026-05-11 21:09:55,821 - scraper_base - INFO - ✅ Petlove: 14 produto(s) encontrado(s) para Milbemax
2026-05-11 21:09:57,298 - scraper_base - INFO - 📦 [11/20] Processando Vermivet
2026-05-11 21:09:57,298 - scraper_base - INFO - 🔍 Petlove: Buscando Vermivet
2026-05-11 21:09:58,353 - scraper_petlove - INFO - Petlove: Nenhum produto encontrado para Vermivet
2026-05-11 21:09:58,353 - scraper_base - INFO - ⚪ Petlove: Nenhum produto encontrado para Vermivet
2026-05-11 21:10:01,110 - scraper_base - INFO - 📦 [12/20] Processando Rimadyl
2026-05-11 21:10:01,110 - scraper_base - INFO - 🔍 Petlove: Buscando Rimadyl
2026-05-11 21:10:01,750 - scraper_base - INFO - ✅ Petlove: 1 produto(s) encontrado(s) para Rimadyl
2026-05-11 21:10:04,362 - scraper_base - INFO - 📦 [13/20] Processando Onsior
2026-05-11 21:10:04,362 - scraper_base - INFO - 🔍 Petlove: Buscando Onsior
2026-05-11 21:10:05,360 - scraper_base - INFO - ✅ Petlove: 4 produto(s) encontrado(s) para Onsior
2026-05-11 21:10:06,723 - scraper_base - INFO - 📦 [14/20] Processando Maxicam
2026-05-11 21:10:06,723 - scraper_base - INFO - 🔍 Petlove: Buscando Maxicam
2026-05-11 21:10:07,361 - scraper_base - INFO - ✅ Petlove: 3 produto(s) encontrado(s) para Maxicam
2026-05-11 21:10:08,930 - scraper_base - INFO - 📦 [15/20] Processando Carproflan
2026-05-11 21:10:08,931 - scraper_base - INFO - 🔍 Petlove: Buscando Carproflan
2026-05-11 21:10:09,997 - scraper_base - INFO - ✅ Petlove: 8 produto(s) encontrado(s) para Carproflan
2026-05-11 21:10:12,558 - scraper_base - INFO - 📦 [16/20] Processando Previcox
2026-05-11 21:10:12,558 - scraper_base - INFO - 🔍 Petlove: Buscando Previcox
2026-05-11 21:10:13,436 - scraper_base - INFO - ✅ Petlove: 4 produto(s) encontrado(s) para Previcox
2026-05-11 21:10:15,873 - scraper_base - INFO - 📦 [17/20] Processando Apoquel
2026-05-11 21:10:15,873 - scraper_base - INFO - 🔍 Petlove: Buscando Apoquel
2026-05-11 21:10:16,721 - scraper_base - INFO - ✅ Petlove: 16 produto(s) encontrado(s) para Apoquel
2026-05-11 21:10:17,739 - scraper_base - INFO - 📦 [18/20] Processando Zenrelia
2026-05-11 21:10:17,739 - scraper_base - INFO - 🔍 Petlove: Buscando Zenrelia
2026-05-11 21:10:18,451 - scraper_base - INFO - ✅ Petlove: 4 produto(s) encontrado(s) para Zenrelia
2026-05-11 21:10:21,208 - scraper_base - INFO - 📦 [19/20] Processando Synulox
2026-05-11 21:10:21,208 - scraper_base - INFO - 🔍 Petlove: Buscando Synulox
2026-05-11 21:10:21,939 - scraper_base - INFO - ✅ Petlove: 1 produto(s) encontrado(s) para Synulox
2026-05-11 21:10:24,123 - scraper_base - INFO - 📦 [20/20] Processando Baytril
2026-05-11 21:10:24,124 - scraper_base - INFO - 🔍 Petlove: Buscando Baytril
2026-05-11 21:10:24,837 - scraper_base - INFO - ✅ Petlove: 5 produto(s) encontrado(s) para Baytril
2026-05-11 21:10:27,562 - scraper_base - INFO - 📊 Petlove - Estatísticas finais:
2026-05-11 21:10:27,562 - scraper_base - INFO -    • Medicamentos processados: 20
2026-05-11 21:10:27,562 - scraper_base - INFO -    • Produtos encontrados: 212
2026-05-11 21:10:27,562 - scraper_base - INFO -    • Medicamentos sem resultado: 1
2026-05-11 21:10:27,562 - scraper_base - INFO -    • Tempo total: 59.1s
2026-05-11 21:10:27,562 - scraper_base - INFO -    • Tempo médio por medicamento: 3.0s
2026-05-11 21:10:27,604 - gerenciador_arquivos - INFO - Excel salvo: dados_coletados/petlove_20260511_211027.xlsx (212 produtos)
2026-05-11 21:10:27,605 - gerenciador_principal - INFO - Petlove: Arquivo individual salvo com sucesso
2026-05-11 21:10:27,605 - gerenciador_principal - INFO - Pausando entre sites...
2026-05-11 21:10:29,605 - gerenciador_principal - INFO - [3/3] Processando Petz
2026-05-11 21:10:29,605 - scraper_base - INFO - 🚀 Iniciando scraping completo - Petz
2026-05-11 21:10:29,813 - scraper_base - INFO - 📋 20 medicamentos para processar
2026-05-11 21:10:29,813 - scraper_base - INFO - 📦 [1/20] Processando Simparic
2026-05-11 21:10:29,813 - scraper_base - INFO - 🔍 Petz: Buscando Simparic
2026-05-11 21:10:36,592 - gerenciador_conexoes - INFO - Chrome inicializado com otimizacoes de velocidade
2026-05-11 21:10:41,285 - scraper_base - INFO - ✅ Petz: 24 produto(s) encontrado(s) para Simparic
2026-05-11 21:10:42,324 - scraper_base - INFO - 📦 [2/20] Processando Revolution
2026-05-11 21:10:42,324 - scraper_base - INFO - 🔍 Petz: Buscando Revolution
2026-05-11 21:10:45,091 - scraper_base - INFO - ✅ Petz: 21 produto(s) encontrado(s) para Revolution
2026-05-11 21:10:47,709 - scraper_base - INFO - 📦 [3/20] Processando NexGard
2026-05-11 21:10:47,710 - scraper_base - INFO - 🔍 Petz: Buscando NexGard
2026-05-11 21:10:50,864 - scraper_base - INFO - ✅ Petz: 22 produto(s) encontrado(s) para NexGard
2026-05-11 21:10:51,904 - scraper_base - INFO - 📦 [4/20] Processando NexGard Spectra
2026-05-11 21:10:51,904 - scraper_base - INFO - 🔍 Petz: Buscando NexGard Spectra
2026-05-11 21:10:54,460 - scraper_base - INFO - ✅ Petz: 10 produto(s) encontrado(s) para NexGard Spectra
2026-05-11 21:10:57,267 - scraper_base - INFO - 📦 [5/20] Processando NexGard Combo
2026-05-11 21:10:57,268 - scraper_base - INFO - 🔍 Petz: Buscando NexGard Combo
2026-05-11 21:10:58,951 - scraper_base - INFO - ✅ Petz: 4 produto(s) encontrado(s) para NexGard Combo
2026-05-11 21:11:00,063 - scraper_base - INFO - 📦 [6/20] Processando Bravecto
2026-05-11 21:11:00,063 - scraper_base - INFO - 🔍 Petz: Buscando Bravecto
2026-05-11 21:11:02,518 - scraper_base - INFO - ✅ Petz: 16 produto(s) encontrado(s) para Bravecto
2026-05-11 21:11:04,023 - scraper_base - INFO - 📦 [7/20] Processando Frontline
2026-05-11 21:11:04,023 - scraper_base - INFO - 🔍 Petz: Buscando Frontline
2026-05-11 21:11:06,439 - scraper_base - INFO - ✅ Petz: 11 produto(s) encontrado(s) para Frontline
2026-05-11 21:11:07,709 - scraper_base - INFO - 📦 [8/20] Processando Advocate
2026-05-11 21:11:07,709 - scraper_base - INFO - 🔍 Petz: Buscando Advocate
2026-05-11 21:11:09,718 - scraper_base - INFO - ✅ Petz: 12 produto(s) encontrado(s) para Advocate
2026-05-11 21:11:11,234 - scraper_base - INFO - 📦 [9/20] Processando Drontal
2026-05-11 21:11:11,234 - scraper_base - INFO - 🔍 Petz: Buscando Drontal
2026-05-11 21:11:14,432 - scraper_base - INFO - ✅ Petz: 36 produto(s) encontrado(s) para Drontal
2026-05-11 21:11:16,627 - scraper_base - INFO - 📦 [10/20] Processando Milbemax
2026-05-11 21:11:16,627 - scraper_base - INFO - 🔍 Petz: Buscando Milbemax
2026-05-11 21:11:18,657 - scraper_base - INFO - ✅ Petz: 4 produto(s) encontrado(s) para Milbemax
2026-05-11 21:11:21,260 - scraper_base - INFO - 📦 [11/20] Processando Vermivet
2026-05-11 21:11:21,260 - scraper_base - INFO - 🔍 Petz: Buscando Vermivet
2026-05-11 21:11:23,050 - scraper_base - INFO - ✅ Petz: 5 produto(s) encontrado(s) para Vermivet
2026-05-11 21:11:24,511 - scraper_base - INFO - 📦 [12/20] Processando Rimadyl
2026-05-11 21:11:24,512 - scraper_base - INFO - 🔍 Petz: Buscando Rimadyl
2026-05-11 21:11:26,866 - scraper_base - INFO - ✅ Petz: 3 produto(s) encontrado(s) para Rimadyl
2026-05-11 21:11:28,743 - scraper_base - INFO - 📦 [13/20] Processando Onsior
2026-05-11 21:11:28,743 - scraper_base - INFO - 🔍 Petz: Buscando Onsior
2026-05-11 21:11:30,639 - scraper_base - INFO - ✅ Petz: 4 produto(s) encontrado(s) para Onsior
2026-05-11 21:11:33,436 - scraper_base - INFO - 📦 [14/20] Processando Maxicam
2026-05-11 21:11:33,436 - scraper_base - INFO - 🔍 Petz: Buscando Maxicam
2026-05-11 21:11:36,315 - scraper_base - INFO - ✅ Petz: 30 produto(s) encontrado(s) para Maxicam
2026-05-11 21:11:37,605 - scraper_base - INFO - 📦 [15/20] Processando Carproflan
2026-05-11 21:11:37,605 - scraper_base - INFO - 🔍 Petz: Buscando Carproflan
2026-05-11 21:11:43,542 - scraper_base - INFO - ✅ Petz: 3 produto(s) encontrado(s) para Carproflan
2026-05-11 21:11:46,343 - scraper_base - INFO - 📦 [16/20] Processando Previcox
2026-05-11 21:11:46,343 - scraper_base - INFO - 🔍 Petz: Buscando Previcox
2026-05-11 21:11:48,202 - scraper_base - INFO - ✅ Petz: 2 produto(s) encontrado(s) para Previcox
2026-05-11 21:11:49,746 - scraper_base - INFO - 📦 [17/20] Processando Apoquel
2026-05-11 21:11:49,746 - scraper_base - INFO - 🔍 Petz: Buscando Apoquel
2026-05-11 21:11:51,445 - scraper_base - INFO - ✅ Petz: 3 produto(s) encontrado(s) para Apoquel
2026-05-11 21:11:54,056 - scraper_base - INFO - 📦 [18/20] Processando Zenrelia
2026-05-11 21:11:54,056 - scraper_base - INFO - 🔍 Petz: Buscando Zenrelia
2026-05-11 21:11:56,674 - scraper_base - INFO - ✅ Petz: 4 produto(s) encontrado(s) para Zenrelia
2026-05-11 21:11:59,190 - scraper_base - INFO - 📦 [19/20] Processando Synulox
2026-05-11 21:11:59,190 - scraper_base - INFO - 🔍 Petz: Buscando Synulox
2026-05-11 21:12:01,549 - scraper_base - INFO - ✅ Petz: 2 produto(s) encontrado(s) para Synulox
2026-05-11 21:12:03,330 - scraper_base - INFO - 📦 [20/20] Processando Baytril
2026-05-11 21:12:03,330 - scraper_base - INFO - 🔍 Petz: Buscando Baytril
2026-05-11 21:12:05,523 - scraper_base - INFO - ✅ Petz: 9 produto(s) encontrado(s) para Baytril
2026-05-11 21:12:07,700 - scraper_base - INFO - 📊 Petz - Estatísticas finais:
2026-05-11 21:12:07,700 - scraper_base - INFO -    • Medicamentos processados: 20
2026-05-11 21:12:07,700 - scraper_base - INFO -    • Produtos encontrados: 225
2026-05-11 21:12:07,700 - scraper_base - INFO -    • Medicamentos sem resultado: 0
2026-05-11 21:12:07,700 - scraper_base - INFO -    • Tempo total: 98.1s
2026-05-11 21:12:07,700 - scraper_base - INFO -    • Tempo médio por medicamento: 4.9s
2026-05-11 21:12:07,746 - gerenciador_arquivos - INFO - Excel salvo: dados_coletados/petz_20260511_211207.xlsx (225 produtos)
2026-05-11 21:12:07,746 - gerenciador_principal - INFO - Petz: Arquivo individual salvo com sucesso
2026-05-11 21:12:07,746 - gerenciador_principal - INFO - Gerando relatório consolidado...
2026-05-11 21:12:08,006 - gerenciador_arquivos - INFO - Relatório consolidado salvo: dados_relatorios/relatorio_consolidado_20260511_211207.xlsx
2026-05-11 21:12:08,110 - gerenciador_conexoes - INFO - Chrome fechado
2026-05-11 21:12:08,110 - gerenciador_conexoes - INFO - Métodos utilizados - Requests: 66.7%, Selenium: 33.3%, Falhas: 0.0%
2026-05-11 21:12:08,110 - gerenciador_principal - INFO - ============================================================
2026-05-11 21:12:08,110 - gerenciador_principal - INFO - RELATORIO FINAL DE EXECUÇÃO
2026-05-11 21:12:08,110 - gerenciador_principal - INFO - ============================================================
2026-05-11 21:12:08,110 - gerenciador_principal - INFO - Sites processados: 3
2026-05-11 21:12:08,110 - gerenciador_principal - INFO - Sites com sucesso: 3
2026-05-11 21:12:08,110 - gerenciador_principal - INFO - Total de produtos coletados: 596
2026-05-11 21:12:08,110 - gerenciador_principal - INFO - Tempo total de execução: 291.5 segundos
2026-05-11 21:12:08,110 - gerenciador_principal - INFO - Estatísticas de conexão:
2026-05-11 21:12:08,110 - gerenciador_principal - INFO -   - Requests bem-sucedidos: 66.7%
2026-05-11 21:12:08,110 - gerenciador_principal - INFO -   - Selenium fallback: 33.3%
2026-05-11 21:12:08,110 - gerenciador_principal - INFO -   - Falhas totais: 0.0%
2026-05-11 21:12:08,113 - gerenciador_principal - INFO - Arquivos salvos na pasta: dados_coletados
2026-05-11 21:12:08,113 - gerenciador_principal - INFO - Total de arquivos: 655
2026-05-11 21:12:08,113 - gerenciador_principal - INFO - ============================================================
