2025-12-08 20:11:10,060 - configurador_logs - INFO - Sistema de logs configurado com sucesso
2025-12-08 20:11:10,061 - configurador_logs - INFO - 🚀 Logs configurados para MODO PRODUÇÃO
2025-12-08 20:11:10,061 - gerenciador_principal - INFO - Inicializando sistema - Modo: PRODUCAO
2025-12-08 20:11:10,061 - gerenciador_arquivos - INFO - Pasta dados_coletados preparada
2025-12-08 20:11:10,061 - gerenciador_principal - INFO - Sistema inicializado com 3 scrapers
2025-12-08 20:11:10,061 - gerenciador_principal - INFO - ============================================================
2025-12-08 20:11:10,061 - gerenciador_principal - INFO - INICIANDO SCRAPING COMPLETO - PRODUCAO
2025-12-08 20:11:10,061 - gerenciador_principal - INFO - ============================================================
2025-12-08 20:11:10,061 - gerenciador_principal - INFO - [1/3] Processando Cobasi
2025-12-08 20:11:10,062 - scraper_base - INFO - 🚀 Iniciando scraping completo - Cobasi
2025-12-08 20:11:11,529 - gerenciador_conexoes - INFO - Sessao estabelecida com cobasi.com.br
2025-12-08 20:11:11,529 - scraper_base - INFO - 📋 20 medicamentos para processar
2025-12-08 20:11:11,529 - scraper_base - INFO - 📦 [1/20] Processando Simparic
2025-12-08 20:11:11,529 - scraper_base - INFO - 🔍 Cobasi: Buscando Simparic
2025-12-08 20:11:14,309 - scraper_cobasi - INFO - Cobasi: Dados extraídos via JSON para Simparic
2025-12-08 20:11:14,310 - scraper_base - INFO - ✅ Cobasi: 12 produto(s) encontrado(s) para Simparic
2025-12-08 20:11:15,797 - scraper_base - INFO - 📦 [2/20] Processando Revolution
2025-12-08 20:11:15,797 - scraper_base - INFO - 🔍 Cobasi: Buscando Revolution
2025-12-08 20:11:18,695 - scraper_cobasi - INFO - Cobasi: Dados extraídos via JSON para Revolution
2025-12-08 20:11:18,695 - scraper_base - INFO - ✅ Cobasi: 18 produto(s) encontrado(s) para Revolution
2025-12-08 20:11:21,486 - scraper_base - INFO - 📦 [3/20] Processando NexGard
2025-12-08 20:11:21,486 - scraper_base - INFO - 🔍 Cobasi: Buscando NexGard
2025-12-08 20:11:24,341 - scraper_cobasi - INFO - Cobasi: Dados extraídos via JSON para NexGard
2025-12-08 20:11:24,341 - scraper_base - INFO - ✅ Cobasi: 22 produto(s) encontrado(s) para NexGard
2025-12-08 20:11:26,603 - scraper_base - INFO - 📦 [4/20] Processando NexGard Spectra
2025-12-08 20:11:26,603 - scraper_base - INFO - 🔍 Cobasi: Buscando NexGard Spectra
2025-12-08 20:11:28,949 - scraper_cobasi - INFO - Cobasi: Dados extraídos via JSON para NexGard Spectra
2025-12-08 20:11:28,949 - scraper_base - INFO - ✅ Cobasi: 10 produto(s) encontrado(s) para NexGard Spectra
2025-12-08 20:11:31,635 - scraper_base - INFO - 📦 [5/20] Processando NexGard Combo
2025-12-08 20:11:31,635 - scraper_base - INFO - 🔍 Cobasi: Buscando NexGard Combo
2025-12-08 20:11:34,108 - scraper_cobasi - INFO - Cobasi: Dados extraídos via JSON para NexGard Combo
2025-12-08 20:11:34,108 - scraper_base - INFO - ✅ Cobasi: 4 produto(s) encontrado(s) para NexGard Combo
2025-12-08 20:11:36,673 - scraper_base - INFO - 📦 [6/20] Processando Bravecto
2025-12-08 20:11:36,673 - scraper_base - INFO - 🔍 Cobasi: Buscando Bravecto
2025-12-08 20:11:40,329 - scraper_cobasi - INFO - Cobasi: Dados extraídos via JSON para Bravecto
2025-12-08 20:11:40,329 - scraper_base - INFO - ✅ Cobasi: 16 produto(s) encontrado(s) para Bravecto
2025-12-08 20:11:41,506 - scraper_base - INFO - 📦 [7/20] Processando Frontline
2025-12-08 20:11:41,506 - scraper_base - INFO - 🔍 Cobasi: Buscando Frontline
2025-12-08 20:11:45,450 - scraper_cobasi - INFO - Cobasi: Dados extraídos via JSON para Frontline
2025-12-08 20:11:45,450 - scraper_base - INFO - ✅ Cobasi: 10 produto(s) encontrado(s) para Frontline
2025-12-08 20:11:48,319 - scraper_base - INFO - 📦 [8/20] Processando Advocate
2025-12-08 20:11:48,319 - scraper_base - INFO - 🔍 Cobasi: Buscando Advocate
2025-12-08 20:11:50,902 - scraper_cobasi - INFO - Cobasi: Dados extraídos via JSON para Advocate
2025-12-08 20:11:50,902 - scraper_base - INFO - ✅ Cobasi: 12 produto(s) encontrado(s) para Advocate
2025-12-08 20:11:52,164 - scraper_base - INFO - 📦 [9/20] Processando Drontal
2025-12-08 20:11:52,165 - scraper_base - INFO - 🔍 Cobasi: Buscando Drontal
2025-12-08 20:11:55,067 - scraper_cobasi - INFO - Cobasi: Dados extraídos via JSON para Drontal
2025-12-08 20:11:55,067 - scraper_base - INFO - ✅ Cobasi: 8 produto(s) encontrado(s) para Drontal
2025-12-08 20:11:57,831 - scraper_base - INFO - 📦 [10/20] Processando Milbemax
2025-12-08 20:11:57,831 - scraper_base - INFO - 🔍 Cobasi: Buscando Milbemax
2025-12-08 20:12:00,710 - scraper_cobasi - INFO - Cobasi: Dados extraídos via JSON para Milbemax
2025-12-08 20:12:00,710 - scraper_base - INFO - ✅ Cobasi: 4 produto(s) encontrado(s) para Milbemax
2025-12-08 20:12:03,035 - scraper_base - INFO - 📦 [11/20] Processando Vermivet
2025-12-08 20:12:03,035 - scraper_base - INFO - 🔍 Cobasi: Buscando Vermivet
2025-12-08 20:12:05,480 - scraper_cobasi - INFO - Cobasi: Dados extraídos via JSON para Vermivet
2025-12-08 20:12:05,480 - scraper_base - INFO - ✅ Cobasi: 5 produto(s) encontrado(s) para Vermivet
2025-12-08 20:12:08,010 - scraper_base - INFO - 📦 [12/20] Processando Rimadyl
2025-12-08 20:12:08,010 - scraper_base - INFO - 🔍 Cobasi: Buscando Rimadyl
2025-12-08 20:12:10,965 - scraper_cobasi - INFO - Cobasi: Dados extraídos via JSON para Rimadyl
2025-12-08 20:12:10,965 - scraper_base - INFO - ✅ Cobasi: 3 produto(s) encontrado(s) para Rimadyl
2025-12-08 20:12:13,132 - scraper_base - INFO - 📦 [13/20] Processando Onsior
2025-12-08 20:12:13,132 - scraper_base - INFO - 🔍 Cobasi: Buscando Onsior
2025-12-08 20:12:15,548 - scraper_cobasi - INFO - Cobasi: Dados extraídos via JSON para Onsior
2025-12-08 20:12:15,549 - scraper_base - INFO - ✅ Cobasi: 4 produto(s) encontrado(s) para Onsior
2025-12-08 20:12:17,791 - scraper_base - INFO - 📦 [14/20] Processando Maxicam
2025-12-08 20:12:17,791 - scraper_base - INFO - 🔍 Cobasi: Buscando Maxicam
2025-12-08 20:12:20,773 - scraper_cobasi - INFO - Cobasi: Dados extraídos via JSON para Maxicam
2025-12-08 20:12:20,773 - scraper_base - INFO - ✅ Cobasi: 21 produto(s) encontrado(s) para Maxicam
2025-12-08 20:12:21,934 - scraper_base - INFO - 📦 [15/20] Processando Carproflan
2025-12-08 20:12:21,935 - scraper_base - INFO - 🔍 Cobasi: Buscando Carproflan
2025-12-08 20:12:24,101 - scraper_cobasi - INFO - Cobasi: Dados extraídos via JSON para Carproflan
2025-12-08 20:12:24,101 - scraper_base - INFO - ✅ Cobasi: 3 produto(s) encontrado(s) para Carproflan
2025-12-08 20:12:26,241 - scraper_base - INFO - 📦 [16/20] Processando Previcox
2025-12-08 20:12:26,241 - scraper_base - INFO - 🔍 Cobasi: Buscando Previcox
2025-12-08 20:12:28,204 - scraper_cobasi - INFO - Cobasi: Dados extraídos via JSON para Previcox
2025-12-08 20:12:28,204 - scraper_base - INFO - ✅ Cobasi: 2 produto(s) encontrado(s) para Previcox
2025-12-08 20:12:30,797 - scraper_base - INFO - 📦 [17/20] Processando Apoquel
2025-12-08 20:12:30,797 - scraper_base - INFO - 🔍 Cobasi: Buscando Apoquel
2025-12-08 20:12:33,979 - scraper_cobasi - INFO - Cobasi: Dados extraídos via JSON para Apoquel
2025-12-08 20:12:33,979 - scraper_base - INFO - ✅ Cobasi: 3 produto(s) encontrado(s) para Apoquel
2025-12-08 20:12:36,221 - scraper_base - INFO - 📦 [18/20] Processando Zenrelia
2025-12-08 20:12:36,221 - scraper_base - INFO - 🔍 Cobasi: Buscando Zenrelia
2025-12-08 20:12:38,470 - scraper_cobasi - INFO - Cobasi: Dados extraídos via JSON para Zenrelia
2025-12-08 20:12:38,470 - scraper_base - INFO - ✅ Cobasi: 4 produto(s) encontrado(s) para Zenrelia
2025-12-08 20:12:41,173 - scraper_base - INFO - 📦 [19/20] Processando Synulox
2025-12-08 20:12:41,173 - scraper_base - INFO - 🔍 Cobasi: Buscando Synulox
2025-12-08 20:12:41,937 - scraper_cobasi - INFO - Cobasi: Dados extraídos via JSON para Synulox
2025-12-08 20:12:41,937 - scraper_base - INFO - ✅ Cobasi: 2 produto(s) encontrado(s) para Synulox
2025-12-08 20:12:44,760 - scraper_base - INFO - 📦 [20/20] Processando Baytril
2025-12-08 20:12:44,760 - scraper_base - INFO - 🔍 Cobasi: Buscando Baytril
2025-12-08 20:12:47,194 - scraper_cobasi - INFO - Cobasi: Dados extraídos via JSON para Baytril
2025-12-08 20:12:47,194 - scraper_base - INFO - ✅ Cobasi: 4 produto(s) encontrado(s) para Baytril
2025-12-08 20:12:49,303 - scraper_base - INFO - 📊 Cobasi - Estatísticas finais:
2025-12-08 20:12:49,304 - scraper_base - INFO -    • Medicamentos processados: 20
2025-12-08 20:12:49,304 - scraper_base - INFO -    • Produtos encontrados: 167
2025-12-08 20:12:49,304 - scraper_base - INFO -    • Medicamentos sem resultado: 0
2025-12-08 20:12:49,304 - scraper_base - INFO -    • Tempo total: 99.2s
2025-12-08 20:12:49,304 - scraper_base - INFO -    • Tempo médio por medicamento: 5.0s
2025-12-08 20:12:49,419 - gerenciador_arquivos - INFO - Excel salvo: dados_coletados/cobasi_20251208_201249.xlsx (167 produtos)
2025-12-08 20:12:49,420 - gerenciador_principal - INFO - Cobasi: Arquivo individual salvo com sucesso
2025-12-08 20:12:49,420 - gerenciador_principal - INFO - Pausando entre sites...
2025-12-08 20:12:51,420 - gerenciador_principal - INFO - [2/3] Processando Petlove
2025-12-08 20:12:51,420 - scraper_base - INFO - 🚀 Iniciando scraping completo - Petlove
2025-12-08 20:12:51,728 - scraper_base - INFO - 📋 20 medicamentos para processar
2025-12-08 20:12:51,728 - scraper_base - INFO - 📦 [1/20] Processando Simparic
2025-12-08 20:12:51,728 - scraper_base - INFO - 🔍 Petlove: Buscando Simparic
2025-12-08 20:12:58,218 - gerenciador_conexoes - INFO - Chrome inicializado com otimizacoes de velocidade
2025-12-08 20:13:01,865 - scraper_base - INFO - ✅ Petlove: 15 produto(s) encontrado(s) para Simparic
2025-12-08 20:13:03,535 - scraper_base - INFO - 📦 [2/20] Processando Revolution
2025-12-08 20:13:03,535 - scraper_base - INFO - 🔍 Petlove: Buscando Revolution
2025-12-08 20:13:05,108 - scraper_base - INFO - ✅ Petlove: 14 produto(s) encontrado(s) para Revolution
2025-12-08 20:13:06,536 - scraper_base - INFO - 📦 [3/20] Processando NexGard
2025-12-08 20:13:06,536 - scraper_base - INFO - 🔍 Petlove: Buscando NexGard
2025-12-08 20:13:07,864 - scraper_base - INFO - ✅ Petlove: 11 produto(s) encontrado(s) para NexGard
2025-12-08 20:13:09,494 - scraper_base - INFO - 📦 [4/20] Processando NexGard Spectra
2025-12-08 20:13:09,494 - scraper_base - INFO - 🔍 Petlove: Buscando NexGard Spectra
2025-12-08 20:13:10,637 - scraper_base - INFO - ✅ Petlove: 5 produto(s) encontrado(s) para NexGard Spectra
2025-12-08 20:13:12,140 - scraper_base - INFO - 📦 [5/20] Processando NexGard Combo
2025-12-08 20:13:12,140 - scraper_base - INFO - 🔍 Petlove: Buscando NexGard Combo
2025-12-08 20:13:13,469 - scraper_base - INFO - ✅ Petlove: 2 produto(s) encontrado(s) para NexGard Combo
2025-12-08 20:13:14,497 - scraper_base - INFO - 📦 [6/20] Processando Bravecto
2025-12-08 20:13:14,497 - scraper_base - INFO - 🔍 Petlove: Buscando Bravecto
2025-12-08 20:13:16,065 - scraper_base - INFO - ✅ Petlove: 23 produto(s) encontrado(s) para Bravecto
2025-12-08 20:13:17,607 - scraper_base - INFO - 📦 [7/20] Processando Frontline
2025-12-08 20:13:17,607 - scraper_base - INFO - 🔍 Petlove: Buscando Frontline
2025-12-08 20:13:19,086 - scraper_base - INFO - ✅ Petlove: 11 produto(s) encontrado(s) para Frontline
2025-12-08 20:13:20,499 - scraper_base - INFO - 📦 [8/20] Processando Advocate
2025-12-08 20:13:20,499 - scraper_base - INFO - 🔍 Petlove: Buscando Advocate
2025-12-08 20:13:21,983 - scraper_base - INFO - ✅ Petlove: 10 produto(s) encontrado(s) para Advocate
2025-12-08 20:13:24,659 - scraper_base - INFO - 📦 [9/20] Processando Drontal
2025-12-08 20:13:24,659 - scraper_base - INFO - 🔍 Petlove: Buscando Drontal
2025-12-08 20:13:26,956 - scraper_base - INFO - ✅ Petlove: 18 produto(s) encontrado(s) para Drontal
2025-12-08 20:13:29,296 - scraper_base - INFO - 📦 [10/20] Processando Milbemax
2025-12-08 20:13:29,296 - scraper_base - INFO - 🔍 Petlove: Buscando Milbemax
2025-12-08 20:13:30,617 - scraper_base - INFO - ✅ Petlove: 4 produto(s) encontrado(s) para Milbemax
2025-12-08 20:13:32,864 - scraper_base - INFO - 📦 [11/20] Processando Vermivet
2025-12-08 20:13:32,864 - scraper_base - INFO - 🔍 Petlove: Buscando Vermivet
2025-12-08 20:13:35,284 - scraper_base - INFO - ✅ Petlove: 36 produto(s) encontrado(s) para Vermivet
2025-12-08 20:13:38,130 - scraper_base - INFO - 📦 [12/20] Processando Rimadyl
2025-12-08 20:13:38,130 - scraper_base - INFO - 🔍 Petlove: Buscando Rimadyl
2025-12-08 20:13:40,102 - scraper_base - INFO - ✅ Petlove: 1 produto(s) encontrado(s) para Rimadyl
2025-12-08 20:13:42,357 - scraper_base - INFO - 📦 [13/20] Processando Onsior
2025-12-08 20:13:42,358 - scraper_base - INFO - 🔍 Petlove: Buscando Onsior
2025-12-08 20:13:43,666 - scraper_base - INFO - ✅ Petlove: 4 produto(s) encontrado(s) para Onsior
2025-12-08 20:13:45,487 - scraper_base - INFO - 📦 [14/20] Processando Maxicam
2025-12-08 20:13:45,487 - scraper_base - INFO - 🔍 Petlove: Buscando Maxicam
2025-12-08 20:13:46,746 - scraper_base - INFO - ✅ Petlove: 4 produto(s) encontrado(s) para Maxicam
2025-12-08 20:13:47,919 - scraper_base - INFO - 📦 [15/20] Processando Carproflan
2025-12-08 20:13:47,919 - scraper_base - INFO - 🔍 Petlove: Buscando Carproflan
2025-12-08 20:13:49,242 - scraper_base - INFO - ✅ Petlove: 4 produto(s) encontrado(s) para Carproflan
2025-12-08 20:13:50,854 - scraper_base - INFO - 📦 [16/20] Processando Previcox
2025-12-08 20:13:50,854 - scraper_base - INFO - 🔍 Petlove: Buscando Previcox
2025-12-08 20:13:52,148 - scraper_base - INFO - ✅ Petlove: 4 produto(s) encontrado(s) para Previcox
2025-12-08 20:13:53,668 - scraper_base - INFO - 📦 [17/20] Processando Apoquel
2025-12-08 20:13:53,669 - scraper_base - INFO - 🔍 Petlove: Buscando Apoquel
2025-12-08 20:13:54,904 - scraper_base - INFO - ✅ Petlove: 16 produto(s) encontrado(s) para Apoquel
2025-12-08 20:13:56,370 - scraper_base - INFO - 📦 [18/20] Processando Zenrelia
2025-12-08 20:13:56,370 - scraper_base - INFO - 🔍 Petlove: Buscando Zenrelia
2025-12-08 20:13:57,753 - scraper_base - INFO - ✅ Petlove: 4 produto(s) encontrado(s) para Zenrelia
2025-12-08 20:13:59,458 - scraper_base - INFO - 📦 [19/20] Processando Synulox
2025-12-08 20:13:59,458 - scraper_base - INFO - 🔍 Petlove: Buscando Synulox
2025-12-08 20:14:00,776 - scraper_base - INFO - ✅ Petlove: 1 produto(s) encontrado(s) para Synulox
2025-12-08 20:14:02,378 - scraper_base - INFO - 📦 [20/20] Processando Baytril
2025-12-08 20:14:02,378 - scraper_base - INFO - 🔍 Petlove: Buscando Baytril
2025-12-08 20:14:03,952 - scraper_base - INFO - ✅ Petlove: 5 produto(s) encontrado(s) para Baytril
2025-12-08 20:14:06,634 - scraper_base - INFO - 📊 Petlove - Estatísticas finais:
2025-12-08 20:14:06,635 - scraper_base - INFO -    • Medicamentos processados: 20
2025-12-08 20:14:06,635 - scraper_base - INFO -    • Produtos encontrados: 192
2025-12-08 20:14:06,635 - scraper_base - INFO -    • Medicamentos sem resultado: 0
2025-12-08 20:14:06,635 - scraper_base - INFO -    • Tempo total: 75.2s
2025-12-08 20:14:06,635 - scraper_base - INFO -    • Tempo médio por medicamento: 3.8s
2025-12-08 20:14:06,672 - gerenciador_arquivos - INFO - Excel salvo: dados_coletados/petlove_20251208_201406.xlsx (192 produtos)
2025-12-08 20:14:06,672 - gerenciador_principal - INFO - Petlove: Arquivo individual salvo com sucesso
2025-12-08 20:14:06,672 - gerenciador_principal - INFO - Pausando entre sites...
2025-12-08 20:14:08,672 - gerenciador_principal - INFO - [3/3] Processando Petz
2025-12-08 20:14:08,673 - scraper_base - INFO - 🚀 Iniciando scraping completo - Petz
2025-12-08 20:14:09,056 - scraper_base - INFO - 📋 20 medicamentos para processar
2025-12-08 20:14:09,057 - scraper_base - INFO - 📦 [1/20] Processando Simparic
2025-12-08 20:14:09,057 - scraper_base - INFO - 🔍 Petz: Buscando Simparic
2025-12-08 20:14:11,732 - scraper_base - INFO - ✅ Petz: 12 produto(s) encontrado(s) para Simparic
2025-12-08 20:14:13,583 - scraper_base - INFO - 📦 [2/20] Processando Revolution
2025-12-08 20:14:13,583 - scraper_base - INFO - 🔍 Petz: Buscando Revolution
2025-12-08 20:14:16,096 - scraper_base - INFO - ✅ Petz: 26 produto(s) encontrado(s) para Revolution
2025-12-08 20:14:18,031 - scraper_base - INFO - 📦 [3/20] Processando NexGard
2025-12-08 20:14:18,031 - scraper_base - INFO - 🔍 Petz: Buscando NexGard
2025-12-08 20:14:20,922 - scraper_base - INFO - ✅ Petz: 22 produto(s) encontrado(s) para NexGard
2025-12-08 20:14:22,929 - scraper_base - INFO - 📦 [4/20] Processando NexGard Spectra
2025-12-08 20:14:22,929 - scraper_base - INFO - 🔍 Petz: Buscando NexGard Spectra
2025-12-08 20:14:24,810 - scraper_base - INFO - ✅ Petz: 10 produto(s) encontrado(s) para NexGard Spectra
2025-12-08 20:14:26,455 - scraper_base - INFO - 📦 [5/20] Processando NexGard Combo
2025-12-08 20:14:26,455 - scraper_base - INFO - 🔍 Petz: Buscando NexGard Combo
2025-12-08 20:14:28,642 - scraper_base - INFO - ✅ Petz: 4 produto(s) encontrado(s) para NexGard Combo
2025-12-08 20:14:30,740 - scraper_base - INFO - 📦 [6/20] Processando Bravecto
2025-12-08 20:14:30,740 - scraper_base - INFO - 🔍 Petz: Buscando Bravecto
2025-12-08 20:14:32,956 - scraper_base - INFO - ✅ Petz: 16 produto(s) encontrado(s) para Bravecto
2025-12-08 20:14:35,002 - scraper_base - INFO - 📦 [7/20] Processando Frontline
2025-12-08 20:14:35,002 - scraper_base - INFO - 🔍 Petz: Buscando Frontline
2025-12-08 20:14:37,179 - scraper_base - INFO - ✅ Petz: 11 produto(s) encontrado(s) para Frontline
2025-12-08 20:14:38,928 - scraper_base - INFO - 📦 [8/20] Processando Advocate
2025-12-08 20:14:38,928 - scraper_base - INFO - 🔍 Petz: Buscando Advocate
2025-12-08 20:14:40,564 - scraper_base - INFO - ✅ Petz: 12 produto(s) encontrado(s) para Advocate
2025-12-08 20:14:42,290 - scraper_base - INFO - 📦 [9/20] Processando Drontal
2025-12-08 20:14:42,290 - scraper_base - INFO - 🔍 Petz: Buscando Drontal
2025-12-08 20:14:47,328 - scraper_base - INFO - ✅ Petz: 33 produto(s) encontrado(s) para Drontal
2025-12-08 20:14:48,563 - scraper_base - INFO - 📦 [10/20] Processando Milbemax
2025-12-08 20:14:48,563 - scraper_base - INFO - 🔍 Petz: Buscando Milbemax
2025-12-08 20:14:50,444 - scraper_base - INFO - ✅ Petz: 4 produto(s) encontrado(s) para Milbemax
2025-12-08 20:14:51,792 - scraper_base - INFO - 📦 [11/20] Processando Vermivet
2025-12-08 20:14:51,792 - scraper_base - INFO - 🔍 Petz: Buscando Vermivet
2025-12-08 20:14:54,474 - scraper_base - INFO - ✅ Petz: 5 produto(s) encontrado(s) para Vermivet
2025-12-08 20:14:56,631 - scraper_base - INFO - 📦 [12/20] Processando Rimadyl
2025-12-08 20:14:56,632 - scraper_base - INFO - 🔍 Petz: Buscando Rimadyl
2025-12-08 20:14:58,392 - scraper_base - INFO - ✅ Petz: 3 produto(s) encontrado(s) para Rimadyl
2025-12-08 20:14:59,855 - scraper_base - INFO - 📦 [13/20] Processando Onsior
2025-12-08 20:14:59,855 - scraper_base - INFO - 🔍 Petz: Buscando Onsior
2025-12-08 20:15:01,485 - scraper_base - INFO - ✅ Petz: 4 produto(s) encontrado(s) para Onsior
2025-12-08 20:15:03,536 - scraper_base - INFO - 📦 [14/20] Processando Maxicam
2025-12-08 20:15:03,536 - scraper_base - INFO - 🔍 Petz: Buscando Maxicam
2025-12-08 20:15:06,088 - scraper_base - INFO - ✅ Petz: 30 produto(s) encontrado(s) para Maxicam
2025-12-08 20:15:08,189 - scraper_base - INFO - 📦 [15/20] Processando Carproflan
2025-12-08 20:15:08,189 - scraper_base - INFO - 🔍 Petz: Buscando Carproflan
2025-12-08 20:15:09,786 - scraper_base - INFO - ✅ Petz: 3 produto(s) encontrado(s) para Carproflan
2025-12-08 20:15:11,699 - scraper_base - INFO - 📦 [16/20] Processando Previcox
2025-12-08 20:15:11,699 - scraper_base - INFO - 🔍 Petz: Buscando Previcox
2025-12-08 20:15:13,380 - scraper_base - INFO - ✅ Petz: 2 produto(s) encontrado(s) para Previcox
2025-12-08 20:15:15,734 - scraper_base - INFO - 📦 [17/20] Processando Apoquel
2025-12-08 20:15:15,734 - scraper_base - INFO - 🔍 Petz: Buscando Apoquel
2025-12-08 20:15:17,272 - scraper_base - INFO - ✅ Petz: 3 produto(s) encontrado(s) para Apoquel
2025-12-08 20:15:18,370 - scraper_base - INFO - 📦 [18/20] Processando Zenrelia
2025-12-08 20:15:18,370 - scraper_base - INFO - 🔍 Petz: Buscando Zenrelia
2025-12-08 20:15:20,122 - scraper_base - INFO - ✅ Petz: 4 produto(s) encontrado(s) para Zenrelia
2025-12-08 20:15:22,485 - scraper_base - INFO - 📦 [19/20] Processando Synulox
2025-12-08 20:15:22,485 - scraper_base - INFO - 🔍 Petz: Buscando Synulox
2025-12-08 20:15:24,195 - scraper_base - INFO - ✅ Petz: 2 produto(s) encontrado(s) para Synulox
2025-12-08 20:15:26,514 - scraper_base - INFO - 📦 [20/20] Processando Baytril
2025-12-08 20:15:26,514 - scraper_base - INFO - 🔍 Petz: Buscando Baytril
2025-12-08 20:15:28,635 - scraper_base - INFO - ✅ Petz: 10 produto(s) encontrado(s) para Baytril
2025-12-08 20:15:31,293 - scraper_base - INFO - 📊 Petz - Estatísticas finais:
2025-12-08 20:15:31,293 - scraper_base - INFO -    • Medicamentos processados: 20
2025-12-08 20:15:31,293 - scraper_base - INFO -    • Produtos encontrados: 216
2025-12-08 20:15:31,293 - scraper_base - INFO -    • Medicamentos sem resultado: 0
2025-12-08 20:15:31,293 - scraper_base - INFO -    • Tempo total: 82.6s
2025-12-08 20:15:31,293 - scraper_base - INFO -    • Tempo médio por medicamento: 4.1s
2025-12-08 20:15:31,338 - gerenciador_arquivos - INFO - Excel salvo: dados_coletados/petz_20251208_201531.xlsx (216 produtos)
2025-12-08 20:15:31,338 - gerenciador_principal - INFO - Petz: Arquivo individual salvo com sucesso
2025-12-08 20:15:31,339 - gerenciador_principal - INFO - Gerando relatório consolidado...
2025-12-08 20:15:31,538 - gerenciador_arquivos - INFO - Relatório consolidado salvo: dados_relatorios/relatorio_consolidado_20251208_201531.xlsx
2025-12-08 20:15:31,667 - gerenciador_conexoes - INFO - Chrome fechado
2025-12-08 20:15:31,667 - gerenciador_conexoes - INFO - Métodos utilizados - Requests: 33.3%, Selenium: 66.7%, Falhas: 0.0%
2025-12-08 20:15:31,667 - gerenciador_principal - INFO - ============================================================
2025-12-08 20:15:31,667 - gerenciador_principal - INFO - RELATORIO FINAL DE EXECUÇÃO
2025-12-08 20:15:31,668 - gerenciador_principal - INFO - ============================================================
2025-12-08 20:15:31,668 - gerenciador_principal - INFO - Sites processados: 3
2025-12-08 20:15:31,668 - gerenciador_principal - INFO - Sites com sucesso: 3
2025-12-08 20:15:31,668 - gerenciador_principal - INFO - Total de produtos coletados: 575
2025-12-08 20:15:31,668 - gerenciador_principal - INFO - Tempo total de execução: 261.3 segundos
2025-12-08 20:15:31,668 - gerenciador_principal - INFO - Estatísticas de conexão:
2025-12-08 20:15:31,668 - gerenciador_principal - INFO -   - Requests bem-sucedidos: 33.3%
2025-12-08 20:15:31,668 - gerenciador_principal - INFO -   - Selenium fallback: 66.7%
2025-12-08 20:15:31,668 - gerenciador_principal - INFO -   - Falhas totais: 0.0%
2025-12-08 20:15:31,669 - gerenciador_principal - INFO - Arquivos salvos na pasta: dados_coletados
2025-12-08 20:15:31,669 - gerenciador_principal - INFO - Total de arquivos: 213
2025-12-08 20:15:31,669 - gerenciador_principal - INFO - ============================================================
