2026-02-23 20:31:48,874 - configurador_logs - INFO - Sistema de logs configurado com sucesso
2026-02-23 20:31:48,874 - configurador_logs - INFO - 🚀 Logs configurados para MODO PRODUÇÃO
2026-02-23 20:31:48,874 - gerenciador_principal - INFO - Inicializando sistema - Modo: PRODUCAO
2026-02-23 20:31:48,875 - gerenciador_arquivos - INFO - Pasta dados_coletados preparada
2026-02-23 20:31:48,875 - gerenciador_principal - INFO - Sistema inicializado com 3 scrapers
2026-02-23 20:31:48,875 - gerenciador_principal - INFO - ============================================================
2026-02-23 20:31:48,875 - gerenciador_principal - INFO - INICIANDO SCRAPING COMPLETO - PRODUCAO
2026-02-23 20:31:48,875 - gerenciador_principal - INFO - ============================================================
2026-02-23 20:31:48,875 - gerenciador_principal - INFO - [1/3] Processando Cobasi
2026-02-23 20:31:48,875 - scraper_base - INFO - 🚀 Iniciando scraping completo - Cobasi
2026-02-23 20:31:49,806 - gerenciador_conexoes - INFO - Sessao estabelecida com cobasi.com.br
2026-02-23 20:31:49,806 - scraper_base - INFO - 📋 20 medicamentos para processar
2026-02-23 20:31:49,806 - scraper_base - INFO - 📦 [1/20] Processando Simparic
2026-02-23 20:31:49,806 - scraper_base - INFO - 🔍 Cobasi: Buscando Simparic
2026-02-23 20:31:52,634 - scraper_cobasi - INFO - Cobasi: Dados extraídos via JSON para Simparic
2026-02-23 20:31:52,634 - scraper_base - INFO - ✅ Cobasi: 12 produto(s) encontrado(s) para Simparic
2026-02-23 20:31:54,732 - scraper_base - INFO - 📦 [2/20] Processando Revolution
2026-02-23 20:31:54,732 - scraper_base - INFO - 🔍 Cobasi: Buscando Revolution
2026-02-23 20:31:57,647 - scraper_cobasi - INFO - Cobasi: Dados extraídos via JSON para Revolution
2026-02-23 20:31:57,648 - scraper_base - INFO - ✅ Cobasi: 18 produto(s) encontrado(s) para Revolution
2026-02-23 20:31:59,096 - scraper_base - INFO - 📦 [3/20] Processando NexGard
2026-02-23 20:31:59,096 - scraper_base - INFO - 🔍 Cobasi: Buscando NexGard
2026-02-23 20:32:02,176 - scraper_cobasi - INFO - Cobasi: Dados extraídos via JSON para NexGard
2026-02-23 20:32:02,176 - scraper_base - INFO - ✅ Cobasi: 22 produto(s) encontrado(s) para NexGard
2026-02-23 20:32:03,261 - scraper_base - INFO - 📦 [4/20] Processando NexGard Spectra
2026-02-23 20:32:03,261 - scraper_base - INFO - 🔍 Cobasi: Buscando NexGard Spectra
2026-02-23 20:32:05,359 - scraper_cobasi - INFO - Cobasi: Dados extraídos via JSON para NexGard Spectra
2026-02-23 20:32:05,359 - scraper_base - INFO - ✅ Cobasi: 10 produto(s) encontrado(s) para NexGard Spectra
2026-02-23 20:32:06,807 - scraper_base - INFO - 📦 [5/20] Processando NexGard Combo
2026-02-23 20:32:06,807 - scraper_base - INFO - 🔍 Cobasi: Buscando NexGard Combo
2026-02-23 20:32:08,752 - scraper_cobasi - INFO - Cobasi: Dados extraídos via JSON para NexGard Combo
2026-02-23 20:32:08,753 - scraper_base - INFO - ✅ Cobasi: 4 produto(s) encontrado(s) para NexGard Combo
2026-02-23 20:32:11,173 - scraper_base - INFO - 📦 [6/20] Processando Bravecto
2026-02-23 20:32:11,173 - scraper_base - INFO - 🔍 Cobasi: Buscando Bravecto
2026-02-23 20:32:14,633 - scraper_cobasi - INFO - Cobasi: Dados extraídos via JSON para Bravecto
2026-02-23 20:32:14,633 - scraper_base - INFO - ✅ Cobasi: 16 produto(s) encontrado(s) para Bravecto
2026-02-23 20:32:16,015 - scraper_base - INFO - 📦 [7/20] Processando Frontline
2026-02-23 20:32:16,015 - scraper_base - INFO - 🔍 Cobasi: Buscando Frontline
2026-02-23 20:32:18,901 - scraper_cobasi - INFO - Cobasi: Dados extraídos via JSON para Frontline
2026-02-23 20:32:18,901 - scraper_base - INFO - ✅ Cobasi: 10 produto(s) encontrado(s) para Frontline
2026-02-23 20:32:21,085 - scraper_base - INFO - 📦 [8/20] Processando Advocate
2026-02-23 20:32:21,085 - scraper_base - INFO - 🔍 Cobasi: Buscando Advocate
2026-02-23 20:32:23,400 - scraper_cobasi - INFO - Cobasi: Dados extraídos via JSON para Advocate
2026-02-23 20:32:23,400 - scraper_base - INFO - ✅ Cobasi: 12 produto(s) encontrado(s) para Advocate
2026-02-23 20:32:26,349 - scraper_base - INFO - 📦 [9/20] Processando Drontal
2026-02-23 20:32:26,349 - scraper_base - INFO - 🔍 Cobasi: Buscando Drontal
2026-02-23 20:32:28,421 - scraper_cobasi - INFO - Cobasi: Dados extraídos via JSON para Drontal
2026-02-23 20:32:28,421 - scraper_base - INFO - ✅ Cobasi: 8 produto(s) encontrado(s) para Drontal
2026-02-23 20:32:30,869 - scraper_base - INFO - 📦 [10/20] Processando Milbemax
2026-02-23 20:32:30,869 - scraper_base - INFO - 🔍 Cobasi: Buscando Milbemax
2026-02-23 20:32:32,986 - scraper_cobasi - INFO - Cobasi: Dados extraídos via JSON para Milbemax
2026-02-23 20:32:32,986 - scraper_base - INFO - ✅ Cobasi: 4 produto(s) encontrado(s) para Milbemax
2026-02-23 20:32:35,779 - scraper_base - INFO - 📦 [11/20] Processando Vermivet
2026-02-23 20:32:35,779 - scraper_base - INFO - 🔍 Cobasi: Buscando Vermivet
2026-02-23 20:32:38,070 - scraper_cobasi - INFO - Cobasi: Dados extraídos via JSON para Vermivet
2026-02-23 20:32:38,070 - scraper_base - INFO - ✅ Cobasi: 5 produto(s) encontrado(s) para Vermivet
2026-02-23 20:32:40,179 - scraper_base - INFO - 📦 [12/20] Processando Rimadyl
2026-02-23 20:32:40,179 - scraper_base - INFO - 🔍 Cobasi: Buscando Rimadyl
2026-02-23 20:32:43,014 - scraper_cobasi - INFO - Cobasi: Dados extraídos via JSON para Rimadyl
2026-02-23 20:32:43,014 - scraper_base - INFO - ✅ Cobasi: 3 produto(s) encontrado(s) para Rimadyl
2026-02-23 20:32:45,852 - scraper_base - INFO - 📦 [13/20] Processando Onsior
2026-02-23 20:32:45,853 - scraper_base - INFO - 🔍 Cobasi: Buscando Onsior
2026-02-23 20:32:48,852 - scraper_cobasi - INFO - Cobasi: Dados extraídos via JSON para Onsior
2026-02-23 20:32:48,852 - scraper_base - INFO - ✅ Cobasi: 4 produto(s) encontrado(s) para Onsior
2026-02-23 20:32:51,411 - scraper_base - INFO - 📦 [14/20] Processando Maxicam
2026-02-23 20:32:51,411 - scraper_base - INFO - 🔍 Cobasi: Buscando Maxicam
2026-02-23 20:32:54,763 - scraper_cobasi - INFO - Cobasi: Dados extraídos via JSON para Maxicam
2026-02-23 20:32:54,763 - scraper_base - INFO - ✅ Cobasi: 21 produto(s) encontrado(s) para Maxicam
2026-02-23 20:32:57,141 - scraper_base - INFO - 📦 [15/20] Processando Carproflan
2026-02-23 20:32:57,141 - scraper_base - INFO - 🔍 Cobasi: Buscando Carproflan
2026-02-23 20:32:59,123 - scraper_cobasi - INFO - Cobasi: Dados extraídos via JSON para Carproflan
2026-02-23 20:32:59,123 - scraper_base - INFO - ✅ Cobasi: 3 produto(s) encontrado(s) para Carproflan
2026-02-23 20:33:01,270 - scraper_base - INFO - 📦 [16/20] Processando Previcox
2026-02-23 20:33:01,270 - scraper_base - INFO - 🔍 Cobasi: Buscando Previcox
2026-02-23 20:33:03,118 - scraper_cobasi - INFO - Cobasi: Dados extraídos via JSON para Previcox
2026-02-23 20:33:03,118 - scraper_base - INFO - ✅ Cobasi: 2 produto(s) encontrado(s) para Previcox
2026-02-23 20:33:04,726 - scraper_base - INFO - 📦 [17/20] Processando Apoquel
2026-02-23 20:33:04,726 - scraper_base - INFO - 🔍 Cobasi: Buscando Apoquel
2026-02-23 20:33:06,812 - scraper_cobasi - INFO - Cobasi: Dados extraídos via JSON para Apoquel
2026-02-23 20:33:06,812 - scraper_base - INFO - ✅ Cobasi: 3 produto(s) encontrado(s) para Apoquel
2026-02-23 20:33:09,468 - scraper_base - INFO - 📦 [18/20] Processando Zenrelia
2026-02-23 20:33:09,469 - scraper_base - INFO - 🔍 Cobasi: Buscando Zenrelia
2026-02-23 20:33:11,687 - scraper_cobasi - INFO - Cobasi: Dados extraídos via JSON para Zenrelia
2026-02-23 20:33:11,687 - scraper_base - INFO - ✅ Cobasi: 4 produto(s) encontrado(s) para Zenrelia
2026-02-23 20:33:14,008 - scraper_base - INFO - 📦 [19/20] Processando Synulox
2026-02-23 20:33:14,008 - scraper_base - INFO - 🔍 Cobasi: Buscando Synulox
2026-02-23 20:33:16,002 - scraper_cobasi - INFO - Cobasi: Dados extraídos via JSON para Synulox
2026-02-23 20:33:16,002 - scraper_base - INFO - ✅ Cobasi: 2 produto(s) encontrado(s) para Synulox
2026-02-23 20:33:18,817 - scraper_base - INFO - 📦 [20/20] Processando Baytril
2026-02-23 20:33:18,817 - scraper_base - INFO - 🔍 Cobasi: Buscando Baytril
2026-02-23 20:33:22,626 - scraper_cobasi - INFO - Cobasi: Dados extraídos via JSON para Baytril
2026-02-23 20:33:22,626 - scraper_base - INFO - ✅ Cobasi: 4 produto(s) encontrado(s) para Baytril
2026-02-23 20:33:24,342 - scraper_base - INFO - 📊 Cobasi - Estatísticas finais:
2026-02-23 20:33:24,342 - scraper_base - INFO -    • Medicamentos processados: 20
2026-02-23 20:33:24,342 - scraper_base - INFO -    • Produtos encontrados: 167
2026-02-23 20:33:24,342 - scraper_base - INFO -    • Medicamentos sem resultado: 0
2026-02-23 20:33:24,342 - scraper_base - INFO -    • Tempo total: 95.5s
2026-02-23 20:33:24,342 - scraper_base - INFO -    • Tempo médio por medicamento: 4.8s
2026-02-23 20:33:24,520 - gerenciador_arquivos - INFO - Excel salvo: dados_coletados/cobasi_20260223_203324.xlsx (167 produtos)
2026-02-23 20:33:24,520 - gerenciador_principal - INFO - Cobasi: Arquivo individual salvo com sucesso
2026-02-23 20:33:24,520 - gerenciador_principal - INFO - Pausando entre sites...
2026-02-23 20:33:26,521 - gerenciador_principal - INFO - [2/3] Processando Petlove
2026-02-23 20:33:26,521 - scraper_base - INFO - 🚀 Iniciando scraping completo - Petlove
2026-02-23 20:33:26,814 - scraper_base - INFO - 📋 20 medicamentos para processar
2026-02-23 20:33:26,814 - scraper_base - INFO - 📦 [1/20] Processando Simparic
2026-02-23 20:33:26,814 - scraper_base - INFO - 🔍 Petlove: Buscando Simparic
2026-02-23 20:33:34,320 - gerenciador_conexoes - INFO - Chrome inicializado com otimizacoes de velocidade
2026-02-23 20:33:37,840 - scraper_base - INFO - ✅ Petlove: 36 produto(s) encontrado(s) para Simparic
2026-02-23 20:33:38,985 - scraper_base - INFO - 📦 [2/20] Processando Revolution
2026-02-23 20:33:38,985 - scraper_base - INFO - 🔍 Petlove: Buscando Revolution
2026-02-23 20:33:41,165 - scraper_base - INFO - ✅ Petlove: 18 produto(s) encontrado(s) para Revolution
2026-02-23 20:33:42,896 - scraper_base - INFO - 📦 [3/20] Processando NexGard
2026-02-23 20:33:42,896 - scraper_base - INFO - 🔍 Petlove: Buscando NexGard
2026-02-23 20:33:44,370 - scraper_base - INFO - ✅ Petlove: 11 produto(s) encontrado(s) para NexGard
2026-02-23 20:33:45,495 - scraper_base - INFO - 📦 [4/20] Processando NexGard Spectra
2026-02-23 20:33:45,495 - scraper_base - INFO - 🔍 Petlove: Buscando NexGard Spectra
2026-02-23 20:33:46,948 - scraper_base - INFO - ✅ Petlove: 5 produto(s) encontrado(s) para NexGard Spectra
2026-02-23 20:33:48,279 - scraper_base - INFO - 📦 [5/20] Processando NexGard Combo
2026-02-23 20:33:48,279 - scraper_base - INFO - 🔍 Petlove: Buscando NexGard Combo
2026-02-23 20:33:49,618 - scraper_base - INFO - ✅ Petlove: 2 produto(s) encontrado(s) para NexGard Combo
2026-02-23 20:33:51,887 - scraper_base - INFO - 📦 [6/20] Processando Bravecto
2026-02-23 20:33:51,887 - scraper_base - INFO - 🔍 Petlove: Buscando Bravecto
2026-02-23 20:33:53,703 - scraper_base - INFO - ✅ Petlove: 23 produto(s) encontrado(s) para Bravecto
2026-02-23 20:33:55,072 - scraper_base - INFO - 📦 [7/20] Processando Frontline
2026-02-23 20:33:55,072 - scraper_base - INFO - 🔍 Petlove: Buscando Frontline
2026-02-23 20:33:56,990 - scraper_base - INFO - ✅ Petlove: 11 produto(s) encontrado(s) para Frontline
2026-02-23 20:33:59,454 - scraper_base - INFO - 📦 [8/20] Processando Advocate
2026-02-23 20:33:59,454 - scraper_base - INFO - 🔍 Petlove: Buscando Advocate
2026-02-23 20:34:02,174 - scraper_base - INFO - ✅ Petlove: 12 produto(s) encontrado(s) para Advocate
2026-02-23 20:34:04,545 - scraper_base - INFO - 📦 [9/20] Processando Drontal
2026-02-23 20:34:04,545 - scraper_base - INFO - 🔍 Petlove: Buscando Drontal
2026-02-23 20:34:06,504 - scraper_base - INFO - ✅ Petlove: 36 produto(s) encontrado(s) para Drontal
2026-02-23 20:34:09,146 - scraper_base - INFO - 📦 [10/20] Processando Milbemax
2026-02-23 20:34:09,146 - scraper_base - INFO - 🔍 Petlove: Buscando Milbemax
2026-02-23 20:34:11,076 - scraper_base - INFO - ✅ Petlove: 14 produto(s) encontrado(s) para Milbemax
2026-02-23 20:34:12,677 - scraper_base - INFO - 📦 [11/20] Processando Vermivet
2026-02-23 20:34:12,677 - scraper_base - INFO - 🔍 Petlove: Buscando Vermivet
2026-02-23 20:34:14,455 - scraper_base - INFO - ✅ Petlove: 36 produto(s) encontrado(s) para Vermivet
2026-02-23 20:34:16,494 - scraper_base - INFO - 📦 [12/20] Processando Rimadyl
2026-02-23 20:34:16,494 - scraper_base - INFO - 🔍 Petlove: Buscando Rimadyl
2026-02-23 20:34:18,385 - scraper_base - INFO - ✅ Petlove: 1 produto(s) encontrado(s) para Rimadyl
2026-02-23 20:34:20,138 - scraper_base - INFO - 📦 [13/20] Processando Onsior
2026-02-23 20:34:20,138 - scraper_base - INFO - 🔍 Petlove: Buscando Onsior
2026-02-23 20:34:22,391 - scraper_base - INFO - ✅ Petlove: 4 produto(s) encontrado(s) para Onsior
2026-02-23 20:34:23,427 - scraper_base - INFO - 📦 [14/20] Processando Maxicam
2026-02-23 20:34:23,427 - scraper_base - INFO - 🔍 Petlove: Buscando Maxicam
2026-02-23 20:34:24,819 - scraper_base - INFO - ✅ Petlove: 3 produto(s) encontrado(s) para Maxicam
2026-02-23 20:34:26,698 - scraper_base - INFO - 📦 [15/20] Processando Carproflan
2026-02-23 20:34:26,698 - scraper_base - INFO - 🔍 Petlove: Buscando Carproflan
2026-02-23 20:34:28,345 - scraper_base - INFO - ✅ Petlove: 8 produto(s) encontrado(s) para Carproflan
2026-02-23 20:34:29,587 - scraper_base - INFO - 📦 [16/20] Processando Previcox
2026-02-23 20:34:29,587 - scraper_base - INFO - 🔍 Petlove: Buscando Previcox
2026-02-23 20:34:31,033 - scraper_base - INFO - ✅ Petlove: 4 produto(s) encontrado(s) para Previcox
2026-02-23 20:34:33,296 - scraper_base - INFO - 📦 [17/20] Processando Apoquel
2026-02-23 20:34:33,297 - scraper_base - INFO - 🔍 Petlove: Buscando Apoquel
2026-02-23 20:34:35,019 - scraper_base - INFO - ✅ Petlove: 16 produto(s) encontrado(s) para Apoquel
2026-02-23 20:34:36,045 - scraper_base - INFO - 📦 [18/20] Processando Zenrelia
2026-02-23 20:34:36,045 - scraper_base - INFO - 🔍 Petlove: Buscando Zenrelia
2026-02-23 20:34:37,523 - scraper_base - INFO - ✅ Petlove: 4 produto(s) encontrado(s) para Zenrelia
2026-02-23 20:34:38,841 - scraper_base - INFO - 📦 [19/20] Processando Synulox
2026-02-23 20:34:38,841 - scraper_base - INFO - 🔍 Petlove: Buscando Synulox
2026-02-23 20:34:40,175 - scraper_base - INFO - ✅ Petlove: 1 produto(s) encontrado(s) para Synulox
2026-02-23 20:34:41,340 - scraper_base - INFO - 📦 [20/20] Processando Baytril
2026-02-23 20:34:41,340 - scraper_base - INFO - 🔍 Petlove: Buscando Baytril
2026-02-23 20:34:42,859 - scraper_base - INFO - ✅ Petlove: 4 produto(s) encontrado(s) para Baytril
2026-02-23 20:34:45,857 - scraper_base - INFO - 📊 Petlove - Estatísticas finais:
2026-02-23 20:34:45,857 - scraper_base - INFO -    • Medicamentos processados: 20
2026-02-23 20:34:45,857 - scraper_base - INFO -    • Produtos encontrados: 249
2026-02-23 20:34:45,857 - scraper_base - INFO -    • Medicamentos sem resultado: 0
2026-02-23 20:34:45,857 - scraper_base - INFO -    • Tempo total: 79.3s
2026-02-23 20:34:45,857 - scraper_base - INFO -    • Tempo médio por medicamento: 4.0s
2026-02-23 20:34:45,899 - gerenciador_arquivos - INFO - Excel salvo: dados_coletados/petlove_20260223_203445.xlsx (249 produtos)
2026-02-23 20:34:45,899 - gerenciador_principal - INFO - Petlove: Arquivo individual salvo com sucesso
2026-02-23 20:34:45,899 - gerenciador_principal - INFO - Pausando entre sites...
2026-02-23 20:34:47,899 - gerenciador_principal - INFO - [3/3] Processando Petz
2026-02-23 20:34:47,899 - scraper_base - INFO - 🚀 Iniciando scraping completo - Petz
2026-02-23 20:34:48,197 - scraper_base - INFO - 📋 20 medicamentos para processar
2026-02-23 20:34:48,197 - scraper_base - INFO - 📦 [1/20] Processando Simparic
2026-02-23 20:34:48,197 - scraper_base - INFO - 🔍 Petz: Buscando Simparic
2026-02-23 20:34:52,380 - scraper_base - INFO - ✅ Petz: 12 produto(s) encontrado(s) para Simparic
2026-02-23 20:34:55,283 - scraper_base - INFO - 📦 [2/20] Processando Revolution
2026-02-23 20:34:55,283 - scraper_base - INFO - 🔍 Petz: Buscando Revolution
2026-02-23 20:34:57,481 - scraper_base - INFO - ✅ Petz: 25 produto(s) encontrado(s) para Revolution
2026-02-23 20:34:58,570 - scraper_base - INFO - 📦 [3/20] Processando NexGard
2026-02-23 20:34:58,570 - scraper_base - INFO - 🔍 Petz: Buscando NexGard
2026-02-23 20:35:00,383 - scraper_base - INFO - ✅ Petz: 22 produto(s) encontrado(s) para NexGard
2026-02-23 20:35:02,263 - scraper_base - INFO - 📦 [4/20] Processando NexGard Spectra
2026-02-23 20:35:02,263 - scraper_base - INFO - 🔍 Petz: Buscando NexGard Spectra
2026-02-23 20:35:04,351 - scraper_base - INFO - ✅ Petz: 10 produto(s) encontrado(s) para NexGard Spectra
2026-02-23 20:35:07,137 - scraper_base - INFO - 📦 [5/20] Processando NexGard Combo
2026-02-23 20:35:07,138 - scraper_base - INFO - 🔍 Petz: Buscando NexGard Combo
2026-02-23 20:35:09,360 - scraper_base - INFO - ✅ Petz: 4 produto(s) encontrado(s) para NexGard Combo
2026-02-23 20:35:10,615 - scraper_base - INFO - 📦 [6/20] Processando Bravecto
2026-02-23 20:35:10,615 - scraper_base - INFO - 🔍 Petz: Buscando Bravecto
2026-02-23 20:35:12,500 - scraper_base - INFO - ✅ Petz: 16 produto(s) encontrado(s) para Bravecto
2026-02-23 20:35:14,170 - scraper_base - INFO - 📦 [7/20] Processando Frontline
2026-02-23 20:35:14,171 - scraper_base - INFO - 🔍 Petz: Buscando Frontline
2026-02-23 20:35:16,296 - scraper_base - INFO - ✅ Petz: 11 produto(s) encontrado(s) para Frontline
2026-02-23 20:35:18,237 - scraper_base - INFO - 📦 [8/20] Processando Advocate
2026-02-23 20:35:18,237 - scraper_base - INFO - 🔍 Petz: Buscando Advocate
2026-02-23 20:35:20,119 - scraper_base - INFO - ✅ Petz: 12 produto(s) encontrado(s) para Advocate
2026-02-23 20:35:21,364 - scraper_base - INFO - 📦 [9/20] Processando Drontal
2026-02-23 20:35:21,364 - scraper_base - INFO - 🔍 Petz: Buscando Drontal
2026-02-23 20:35:23,683 - scraper_base - INFO - ✅ Petz: 30 produto(s) encontrado(s) para Drontal
2026-02-23 20:35:26,235 - scraper_base - INFO - 📦 [10/20] Processando Milbemax
2026-02-23 20:35:26,235 - scraper_base - INFO - 🔍 Petz: Buscando Milbemax
2026-02-23 20:35:28,240 - scraper_base - INFO - ✅ Petz: 4 produto(s) encontrado(s) para Milbemax
2026-02-23 20:35:30,019 - scraper_base - INFO - 📦 [11/20] Processando Vermivet
2026-02-23 20:35:30,019 - scraper_base - INFO - 🔍 Petz: Buscando Vermivet
2026-02-23 20:35:31,913 - scraper_base - INFO - ✅ Petz: 5 produto(s) encontrado(s) para Vermivet
2026-02-23 20:35:33,517 - scraper_base - INFO - 📦 [12/20] Processando Rimadyl
2026-02-23 20:35:33,517 - scraper_base - INFO - 🔍 Petz: Buscando Rimadyl
2026-02-23 20:35:35,279 - scraper_base - INFO - ✅ Petz: 3 produto(s) encontrado(s) para Rimadyl
2026-02-23 20:35:36,800 - scraper_base - INFO - 📦 [13/20] Processando Onsior
2026-02-23 20:35:36,800 - scraper_base - INFO - 🔍 Petz: Buscando Onsior
2026-02-23 20:35:38,421 - scraper_base - INFO - ✅ Petz: 4 produto(s) encontrado(s) para Onsior
2026-02-23 20:35:40,581 - scraper_base - INFO - 📦 [14/20] Processando Maxicam
2026-02-23 20:35:40,581 - scraper_base - INFO - 🔍 Petz: Buscando Maxicam
2026-02-23 20:35:42,858 - scraper_base - INFO - ✅ Petz: 31 produto(s) encontrado(s) para Maxicam
2026-02-23 20:35:44,525 - scraper_base - INFO - 📦 [15/20] Processando Carproflan
2026-02-23 20:35:44,525 - scraper_base - INFO - 🔍 Petz: Buscando Carproflan
2026-02-23 20:35:46,062 - scraper_base - INFO - ✅ Petz: 3 produto(s) encontrado(s) para Carproflan
2026-02-23 20:35:47,586 - scraper_base - INFO - 📦 [16/20] Processando Previcox
2026-02-23 20:35:47,586 - scraper_base - INFO - 🔍 Petz: Buscando Previcox
2026-02-23 20:35:49,243 - scraper_base - INFO - ✅ Petz: 2 produto(s) encontrado(s) para Previcox
2026-02-23 20:35:51,899 - scraper_base - INFO - 📦 [17/20] Processando Apoquel
2026-02-23 20:35:51,899 - scraper_base - INFO - 🔍 Petz: Buscando Apoquel
2026-02-23 20:35:53,539 - scraper_base - INFO - ✅ Petz: 3 produto(s) encontrado(s) para Apoquel
2026-02-23 20:35:54,772 - scraper_base - INFO - 📦 [18/20] Processando Zenrelia
2026-02-23 20:35:54,772 - scraper_base - INFO - 🔍 Petz: Buscando Zenrelia
2026-02-23 20:35:56,382 - scraper_base - INFO - ✅ Petz: 4 produto(s) encontrado(s) para Zenrelia
2026-02-23 20:35:58,130 - scraper_base - INFO - 📦 [19/20] Processando Synulox
2026-02-23 20:35:58,130 - scraper_base - INFO - 🔍 Petz: Buscando Synulox
2026-02-23 20:35:59,721 - scraper_base - INFO - ✅ Petz: 2 produto(s) encontrado(s) para Synulox
2026-02-23 20:36:02,205 - scraper_base - INFO - 📦 [20/20] Processando Baytril
2026-02-23 20:36:02,205 - scraper_base - INFO - 🔍 Petz: Buscando Baytril
2026-02-23 20:36:04,025 - scraper_base - INFO - ✅ Petz: 9 produto(s) encontrado(s) para Baytril
2026-02-23 20:36:05,997 - scraper_base - INFO - 📊 Petz - Estatísticas finais:
2026-02-23 20:36:05,997 - scraper_base - INFO -    • Medicamentos processados: 20
2026-02-23 20:36:05,997 - scraper_base - INFO -    • Produtos encontrados: 212
2026-02-23 20:36:05,997 - scraper_base - INFO -    • Medicamentos sem resultado: 0
2026-02-23 20:36:05,997 - scraper_base - INFO -    • Tempo total: 78.1s
2026-02-23 20:36:05,998 - scraper_base - INFO -    • Tempo médio por medicamento: 3.9s
2026-02-23 20:36:06,037 - gerenciador_arquivos - INFO - Excel salvo: dados_coletados/petz_20260223_203605.xlsx (212 produtos)
2026-02-23 20:36:06,038 - gerenciador_principal - INFO - Petz: Arquivo individual salvo com sucesso
2026-02-23 20:36:06,038 - gerenciador_principal - INFO - Gerando relatório consolidado...
2026-02-23 20:36:06,290 - gerenciador_arquivos - INFO - Relatório consolidado salvo: dados_relatorios/relatorio_consolidado_20260223_203606.xlsx
2026-02-23 20:36:06,377 - gerenciador_conexoes - INFO - Chrome fechado
2026-02-23 20:36:06,377 - gerenciador_conexoes - INFO - Métodos utilizados - Requests: 33.3%, Selenium: 66.7%, Falhas: 0.0%
2026-02-23 20:36:06,377 - gerenciador_principal - INFO - ============================================================
2026-02-23 20:36:06,377 - gerenciador_principal - INFO - RELATORIO FINAL DE EXECUÇÃO
2026-02-23 20:36:06,377 - gerenciador_principal - INFO - ============================================================
2026-02-23 20:36:06,377 - gerenciador_principal - INFO - Sites processados: 3
2026-02-23 20:36:06,377 - gerenciador_principal - INFO - Sites com sucesso: 3
2026-02-23 20:36:06,377 - gerenciador_principal - INFO - Total de produtos coletados: 628
2026-02-23 20:36:06,377 - gerenciador_principal - INFO - Tempo total de execução: 257.2 segundos
2026-02-23 20:36:06,377 - gerenciador_principal - INFO - Estatísticas de conexão:
2026-02-23 20:36:06,377 - gerenciador_principal - INFO -   - Requests bem-sucedidos: 33.3%
2026-02-23 20:36:06,377 - gerenciador_principal - INFO -   - Selenium fallback: 66.7%
2026-02-23 20:36:06,377 - gerenciador_principal - INFO -   - Falhas totais: 0.0%
2026-02-23 20:36:06,379 - gerenciador_principal - INFO - Arquivos salvos na pasta: dados_coletados
2026-02-23 20:36:06,379 - gerenciador_principal - INFO - Total de arquivos: 433
2026-02-23 20:36:06,379 - gerenciador_principal - INFO - ============================================================
