2026-03-13 20:20:04,496 - configurador_logs - INFO - Sistema de logs configurado com sucesso
2026-03-13 20:20:04,496 - configurador_logs - INFO - 🚀 Logs configurados para MODO PRODUÇÃO
2026-03-13 20:20:04,496 - gerenciador_principal - INFO - Inicializando sistema - Modo: PRODUCAO
2026-03-13 20:20:04,496 - gerenciador_arquivos - INFO - Pasta dados_coletados preparada
2026-03-13 20:20:04,496 - gerenciador_principal - INFO - Sistema inicializado com 3 scrapers
2026-03-13 20:20:04,497 - gerenciador_principal - INFO - ============================================================
2026-03-13 20:20:04,497 - gerenciador_principal - INFO - INICIANDO SCRAPING COMPLETO - PRODUCAO
2026-03-13 20:20:04,497 - gerenciador_principal - INFO - ============================================================
2026-03-13 20:20:04,497 - gerenciador_principal - INFO - [1/3] Processando Cobasi
2026-03-13 20:20:04,497 - scraper_base - INFO - 🚀 Iniciando scraping completo - Cobasi
2026-03-13 20:20:04,905 - gerenciador_conexoes - INFO - Sessao estabelecida com cobasi.com.br
2026-03-13 20:20:04,905 - scraper_base - INFO - 📋 20 medicamentos para processar
2026-03-13 20:20:04,905 - scraper_base - INFO - 📦 [1/20] Processando Simparic
2026-03-13 20:20:04,905 - scraper_base - INFO - 🔍 Cobasi: Buscando Simparic
2026-03-13 20:20:05,770 - scraper_cobasi - INFO - Cobasi: Dados extraídos via JSON para Simparic
2026-03-13 20:20:05,770 - scraper_base - INFO - ✅ Cobasi: 12 produto(s) encontrado(s) para Simparic
2026-03-13 20:20:07,555 - scraper_base - INFO - 📦 [2/20] Processando Revolution
2026-03-13 20:20:07,555 - scraper_base - INFO - 🔍 Cobasi: Buscando Revolution
2026-03-13 20:20:12,510 - scraper_cobasi - INFO - Cobasi: Dados extraídos via JSON para Revolution
2026-03-13 20:20:12,510 - scraper_base - INFO - ✅ Cobasi: 18 produto(s) encontrado(s) para Revolution
2026-03-13 20:20:14,136 - scraper_base - INFO - 📦 [3/20] Processando NexGard
2026-03-13 20:20:14,137 - scraper_base - INFO - 🔍 Cobasi: Buscando NexGard
2026-03-13 20:20:18,364 - scraper_cobasi - INFO - Cobasi: Dados extraídos via JSON para NexGard
2026-03-13 20:20:18,364 - scraper_base - INFO - ✅ Cobasi: 22 produto(s) encontrado(s) para NexGard
2026-03-13 20:20:19,388 - scraper_base - INFO - 📦 [4/20] Processando NexGard Spectra
2026-03-13 20:20:19,388 - scraper_base - INFO - 🔍 Cobasi: Buscando NexGard Spectra
2026-03-13 20:20:22,784 - scraper_cobasi - INFO - Cobasi: Dados extraídos via JSON para NexGard Spectra
2026-03-13 20:20:22,784 - scraper_base - INFO - ✅ Cobasi: 10 produto(s) encontrado(s) para NexGard Spectra
2026-03-13 20:20:25,498 - scraper_base - INFO - 📦 [5/20] Processando NexGard Combo
2026-03-13 20:20:25,498 - scraper_base - INFO - 🔍 Cobasi: Buscando NexGard Combo
2026-03-13 20:20:28,728 - scraper_cobasi - INFO - Cobasi: Dados extraídos via JSON para NexGard Combo
2026-03-13 20:20:28,728 - scraper_base - INFO - ✅ Cobasi: 4 produto(s) encontrado(s) para NexGard Combo
2026-03-13 20:20:30,589 - scraper_base - INFO - 📦 [6/20] Processando Bravecto
2026-03-13 20:20:30,589 - scraper_base - INFO - 🔍 Cobasi: Buscando Bravecto
2026-03-13 20:20:34,670 - scraper_cobasi - INFO - Cobasi: Dados extraídos via JSON para Bravecto
2026-03-13 20:20:34,670 - scraper_base - INFO - ✅ Cobasi: 16 produto(s) encontrado(s) para Bravecto
2026-03-13 20:20:36,545 - scraper_base - INFO - 📦 [7/20] Processando Frontline
2026-03-13 20:20:36,546 - scraper_base - INFO - 🔍 Cobasi: Buscando Frontline
2026-03-13 20:20:41,126 - scraper_cobasi - INFO - Cobasi: Dados extraídos via JSON para Frontline
2026-03-13 20:20:41,126 - scraper_base - INFO - ✅ Cobasi: 11 produto(s) encontrado(s) para Frontline
2026-03-13 20:20:43,617 - scraper_base - INFO - 📦 [8/20] Processando Advocate
2026-03-13 20:20:43,617 - scraper_base - INFO - 🔍 Cobasi: Buscando Advocate
2026-03-13 20:20:47,364 - scraper_cobasi - INFO - Cobasi: Dados extraídos via JSON para Advocate
2026-03-13 20:20:47,364 - scraper_base - INFO - ✅ Cobasi: 12 produto(s) encontrado(s) para Advocate
2026-03-13 20:20:49,809 - scraper_base - INFO - 📦 [9/20] Processando Drontal
2026-03-13 20:20:49,809 - scraper_base - INFO - 🔍 Cobasi: Buscando Drontal
2026-03-13 20:20:53,275 - scraper_cobasi - INFO - Cobasi: Dados extraídos via JSON para Drontal
2026-03-13 20:20:53,275 - scraper_base - INFO - ✅ Cobasi: 8 produto(s) encontrado(s) para Drontal
2026-03-13 20:20:55,310 - scraper_base - INFO - 📦 [10/20] Processando Milbemax
2026-03-13 20:20:55,310 - scraper_base - INFO - 🔍 Cobasi: Buscando Milbemax
2026-03-13 20:20:58,167 - scraper_cobasi - INFO - Cobasi: Dados extraídos via JSON para Milbemax
2026-03-13 20:20:58,167 - scraper_base - INFO - ✅ Cobasi: 4 produto(s) encontrado(s) para Milbemax
2026-03-13 20:21:00,381 - scraper_base - INFO - 📦 [11/20] Processando Vermivet
2026-03-13 20:21:00,381 - scraper_base - INFO - 🔍 Cobasi: Buscando Vermivet
2026-03-13 20:21:04,317 - scraper_cobasi - INFO - Cobasi: Dados extraídos via JSON para Vermivet
2026-03-13 20:21:04,317 - scraper_base - INFO - ✅ Cobasi: 5 produto(s) encontrado(s) para Vermivet
2026-03-13 20:21:06,777 - scraper_base - INFO - 📦 [12/20] Processando Rimadyl
2026-03-13 20:21:06,777 - scraper_base - INFO - 🔍 Cobasi: Buscando Rimadyl
2026-03-13 20:21:10,464 - scraper_cobasi - INFO - Cobasi: Dados extraídos via JSON para Rimadyl
2026-03-13 20:21:10,464 - scraper_base - INFO - ✅ Cobasi: 3 produto(s) encontrado(s) para Rimadyl
2026-03-13 20:21:11,944 - scraper_base - INFO - 📦 [13/20] Processando Onsior
2026-03-13 20:21:11,944 - scraper_base - INFO - 🔍 Cobasi: Buscando Onsior
2026-03-13 20:21:14,963 - scraper_cobasi - INFO - Cobasi: Dados extraídos via JSON para Onsior
2026-03-13 20:21:14,963 - scraper_base - INFO - ✅ Cobasi: 4 produto(s) encontrado(s) para Onsior
2026-03-13 20:21:16,514 - scraper_base - INFO - 📦 [14/20] Processando Maxicam
2026-03-13 20:21:16,514 - scraper_base - INFO - 🔍 Cobasi: Buscando Maxicam
2026-03-13 20:21:19,131 - scraper_cobasi - INFO - Cobasi: Dados extraídos via JSON para Maxicam
2026-03-13 20:21:19,131 - scraper_base - INFO - ✅ Cobasi: 3 produto(s) encontrado(s) para Maxicam
2026-03-13 20:21:21,618 - scraper_base - INFO - 📦 [15/20] Processando Carproflan
2026-03-13 20:21:21,618 - scraper_base - INFO - 🔍 Cobasi: Buscando Carproflan
2026-03-13 20:21:25,280 - scraper_cobasi - INFO - Cobasi: Dados extraídos via JSON para Carproflan
2026-03-13 20:21:25,280 - scraper_base - INFO - ✅ Cobasi: 3 produto(s) encontrado(s) para Carproflan
2026-03-13 20:21:27,058 - scraper_base - INFO - 📦 [16/20] Processando Previcox
2026-03-13 20:21:27,058 - scraper_base - INFO - 🔍 Cobasi: Buscando Previcox
2026-03-13 20:21:30,217 - scraper_cobasi - INFO - Cobasi: Dados extraídos via JSON para Previcox
2026-03-13 20:21:30,217 - scraper_base - INFO - ✅ Cobasi: 2 produto(s) encontrado(s) para Previcox
2026-03-13 20:21:31,753 - scraper_base - INFO - 📦 [17/20] Processando Apoquel
2026-03-13 20:21:31,753 - scraper_base - INFO - 🔍 Cobasi: Buscando Apoquel
2026-03-13 20:21:35,091 - scraper_cobasi - INFO - Cobasi: Dados extraídos via JSON para Apoquel
2026-03-13 20:21:35,091 - scraper_base - INFO - ✅ Cobasi: 3 produto(s) encontrado(s) para Apoquel
2026-03-13 20:21:37,231 - scraper_base - INFO - 📦 [18/20] Processando Zenrelia
2026-03-13 20:21:37,231 - scraper_base - INFO - 🔍 Cobasi: Buscando Zenrelia
2026-03-13 20:21:40,118 - scraper_cobasi - INFO - Cobasi: Dados extraídos via JSON para Zenrelia
2026-03-13 20:21:40,118 - scraper_base - INFO - ✅ Cobasi: 4 produto(s) encontrado(s) para Zenrelia
2026-03-13 20:21:42,634 - scraper_base - INFO - 📦 [19/20] Processando Synulox
2026-03-13 20:21:42,634 - scraper_base - INFO - 🔍 Cobasi: Buscando Synulox
2026-03-13 20:21:45,296 - scraper_cobasi - INFO - Cobasi: Dados extraídos via JSON para Synulox
2026-03-13 20:21:45,296 - scraper_base - INFO - ✅ Cobasi: 2 produto(s) encontrado(s) para Synulox
2026-03-13 20:21:46,385 - scraper_base - INFO - 📦 [20/20] Processando Baytril
2026-03-13 20:21:46,385 - scraper_base - INFO - 🔍 Cobasi: Buscando Baytril
2026-03-13 20:21:49,295 - scraper_cobasi - INFO - Cobasi: Dados extraídos via JSON para Baytril
2026-03-13 20:21:49,295 - scraper_base - INFO - ✅ Cobasi: 3 produto(s) encontrado(s) para Baytril
2026-03-13 20:21:52,237 - scraper_base - INFO - 📊 Cobasi - Estatísticas finais:
2026-03-13 20:21:52,238 - scraper_base - INFO -    • Medicamentos processados: 20
2026-03-13 20:21:52,238 - scraper_base - INFO -    • Produtos encontrados: 149
2026-03-13 20:21:52,238 - scraper_base - INFO -    • Medicamentos sem resultado: 0
2026-03-13 20:21:52,238 - scraper_base - INFO -    • Tempo total: 107.7s
2026-03-13 20:21:52,238 - scraper_base - INFO -    • Tempo médio por medicamento: 5.4s
2026-03-13 20:21:52,387 - gerenciador_arquivos - INFO - Excel salvo: dados_coletados/cobasi_20260313_202152.xlsx (149 produtos)
2026-03-13 20:21:52,387 - gerenciador_principal - INFO - Cobasi: Arquivo individual salvo com sucesso
2026-03-13 20:21:52,387 - gerenciador_principal - INFO - Pausando entre sites...
2026-03-13 20:21:54,388 - gerenciador_principal - INFO - [2/3] Processando Petlove
2026-03-13 20:21:54,388 - scraper_base - INFO - 🚀 Iniciando scraping completo - Petlove
2026-03-13 20:21:54,645 - scraper_base - INFO - 📋 20 medicamentos para processar
2026-03-13 20:21:54,645 - scraper_base - INFO - 📦 [1/20] Processando Simparic
2026-03-13 20:21:54,645 - scraper_base - INFO - 🔍 Petlove: Buscando Simparic
2026-03-13 20:21:56,229 - gerenciador_conexoes - INFO - Chrome inicializado com otimizacoes de velocidade
2026-03-13 20:21:59,598 - scraper_base - INFO - ✅ Petlove: 20 produto(s) encontrado(s) para Simparic
2026-03-13 20:22:01,383 - scraper_base - INFO - 📦 [2/20] Processando Revolution
2026-03-13 20:22:01,384 - scraper_base - INFO - 🔍 Petlove: Buscando Revolution
2026-03-13 20:22:03,881 - scraper_base - INFO - ✅ Petlove: 14 produto(s) encontrado(s) para Revolution
2026-03-13 20:22:06,575 - scraper_base - INFO - 📦 [3/20] Processando NexGard
2026-03-13 20:22:06,575 - scraper_base - INFO - 🔍 Petlove: Buscando NexGard
2026-03-13 20:22:08,065 - scraper_base - INFO - ✅ Petlove: 10 produto(s) encontrado(s) para NexGard
2026-03-13 20:22:09,362 - scraper_base - INFO - 📦 [4/20] Processando NexGard Spectra
2026-03-13 20:22:09,362 - scraper_base - INFO - 🔍 Petlove: Buscando NexGard Spectra
2026-03-13 20:22:10,625 - scraper_base - INFO - ✅ Petlove: 5 produto(s) encontrado(s) para NexGard Spectra
2026-03-13 20:22:11,802 - scraper_base - INFO - 📦 [5/20] Processando NexGard Combo
2026-03-13 20:22:11,802 - scraper_base - INFO - 🔍 Petlove: Buscando NexGard Combo
2026-03-13 20:22:13,200 - scraper_base - INFO - ✅ Petlove: 1 produto(s) encontrado(s) para NexGard Combo
2026-03-13 20:22:14,598 - scraper_base - INFO - 📦 [6/20] Processando Bravecto
2026-03-13 20:22:14,598 - scraper_base - INFO - 🔍 Petlove: Buscando Bravecto
2026-03-13 20:22:16,485 - scraper_base - INFO - ✅ Petlove: 28 produto(s) encontrado(s) para Bravecto
2026-03-13 20:22:17,781 - scraper_base - INFO - 📦 [7/20] Processando Frontline
2026-03-13 20:22:17,781 - scraper_base - INFO - 🔍 Petlove: Buscando Frontline
2026-03-13 20:22:19,548 - scraper_base - INFO - ✅ Petlove: 11 produto(s) encontrado(s) para Frontline
2026-03-13 20:22:21,122 - scraper_base - INFO - 📦 [8/20] Processando Advocate
2026-03-13 20:22:21,122 - scraper_base - INFO - 🔍 Petlove: Buscando Advocate
2026-03-13 20:22:23,011 - scraper_base - INFO - ✅ Petlove: 9 produto(s) encontrado(s) para Advocate
2026-03-13 20:22:24,684 - scraper_base - INFO - 📦 [9/20] Processando Drontal
2026-03-13 20:22:24,684 - scraper_base - INFO - 🔍 Petlove: Buscando Drontal
2026-03-13 20:22:28,314 - scraper_base - INFO - ✅ Petlove: 36 produto(s) encontrado(s) para Drontal
2026-03-13 20:22:30,801 - scraper_base - INFO - 📦 [10/20] Processando Milbemax
2026-03-13 20:22:30,801 - scraper_base - INFO - 🔍 Petlove: Buscando Milbemax
2026-03-13 20:22:32,391 - scraper_base - INFO - ✅ Petlove: 14 produto(s) encontrado(s) para Milbemax
2026-03-13 20:22:34,465 - scraper_base - INFO - 📦 [11/20] Processando Vermivet
2026-03-13 20:22:34,465 - scraper_base - INFO - 🔍 Petlove: Buscando Vermivet
2026-03-13 20:22:36,400 - scraper_base - INFO - ✅ Petlove: 36 produto(s) encontrado(s) para Vermivet
2026-03-13 20:22:37,711 - scraper_base - INFO - 📦 [12/20] Processando Rimadyl
2026-03-13 20:22:37,711 - scraper_base - INFO - 🔍 Petlove: Buscando Rimadyl
2026-03-13 20:22:39,299 - scraper_base - INFO - ✅ Petlove: 1 produto(s) encontrado(s) para Rimadyl
2026-03-13 20:22:41,910 - scraper_base - INFO - 📦 [13/20] Processando Onsior
2026-03-13 20:22:41,910 - scraper_base - INFO - 🔍 Petlove: Buscando Onsior
2026-03-13 20:22:43,685 - scraper_base - INFO - ✅ Petlove: 4 produto(s) encontrado(s) para Onsior
2026-03-13 20:22:46,105 - scraper_base - INFO - 📦 [14/20] Processando Maxicam
2026-03-13 20:22:46,105 - scraper_base - INFO - 🔍 Petlove: Buscando Maxicam
2026-03-13 20:22:47,701 - scraper_base - INFO - ✅ Petlove: 3 produto(s) encontrado(s) para Maxicam
2026-03-13 20:22:49,900 - scraper_base - INFO - 📦 [15/20] Processando Carproflan
2026-03-13 20:22:49,900 - scraper_base - INFO - 🔍 Petlove: Buscando Carproflan
2026-03-13 20:22:51,305 - scraper_base - INFO - ✅ Petlove: 7 produto(s) encontrado(s) para Carproflan
2026-03-13 20:22:52,775 - scraper_base - INFO - 📦 [16/20] Processando Previcox
2026-03-13 20:22:52,775 - scraper_base - INFO - 🔍 Petlove: Buscando Previcox
2026-03-13 20:22:54,412 - scraper_base - INFO - ✅ Petlove: 4 produto(s) encontrado(s) para Previcox
2026-03-13 20:22:56,042 - scraper_base - INFO - 📦 [17/20] Processando Apoquel
2026-03-13 20:22:56,042 - scraper_base - INFO - 🔍 Petlove: Buscando Apoquel
2026-03-13 20:22:57,878 - scraper_base - INFO - ✅ Petlove: 19 produto(s) encontrado(s) para Apoquel
2026-03-13 20:23:00,710 - scraper_base - INFO - 📦 [18/20] Processando Zenrelia
2026-03-13 20:23:00,710 - scraper_base - INFO - 🔍 Petlove: Buscando Zenrelia
2026-03-13 20:23:02,542 - scraper_base - INFO - ✅ Petlove: 4 produto(s) encontrado(s) para Zenrelia
2026-03-13 20:23:04,295 - scraper_base - INFO - 📦 [19/20] Processando Synulox
2026-03-13 20:23:04,295 - scraper_base - INFO - 🔍 Petlove: Buscando Synulox
2026-03-13 20:23:07,004 - scraper_base - INFO - ✅ Petlove: 1 produto(s) encontrado(s) para Synulox
2026-03-13 20:23:09,344 - scraper_base - INFO - 📦 [20/20] Processando Baytril
2026-03-13 20:23:09,344 - scraper_base - INFO - 🔍 Petlove: Buscando Baytril
2026-03-13 20:23:10,850 - scraper_base - INFO - ✅ Petlove: 3 produto(s) encontrado(s) para Baytril
2026-03-13 20:23:12,468 - scraper_base - INFO - 📊 Petlove - Estatísticas finais:
2026-03-13 20:23:12,468 - scraper_base - INFO -    • Medicamentos processados: 20
2026-03-13 20:23:12,468 - scraper_base - INFO -    • Produtos encontrados: 230
2026-03-13 20:23:12,468 - scraper_base - INFO -    • Medicamentos sem resultado: 0
2026-03-13 20:23:12,468 - scraper_base - INFO -    • Tempo total: 78.1s
2026-03-13 20:23:12,468 - scraper_base - INFO -    • Tempo médio por medicamento: 3.9s
2026-03-13 20:23:12,513 - gerenciador_arquivos - INFO - Excel salvo: dados_coletados/petlove_20260313_202312.xlsx (230 produtos)
2026-03-13 20:23:12,513 - gerenciador_principal - INFO - Petlove: Arquivo individual salvo com sucesso
2026-03-13 20:23:12,513 - gerenciador_principal - INFO - Pausando entre sites...
2026-03-13 20:23:14,513 - gerenciador_principal - INFO - [3/3] Processando Petz
2026-03-13 20:23:14,513 - scraper_base - INFO - 🚀 Iniciando scraping completo - Petz
2026-03-13 20:23:14,892 - scraper_base - INFO - 📋 20 medicamentos para processar
2026-03-13 20:23:14,892 - scraper_base - INFO - 📦 [1/20] Processando Simparic
2026-03-13 20:23:14,892 - scraper_base - INFO - 🔍 Petz: Buscando Simparic
2026-03-13 20:23:20,192 - scraper_base - INFO - ✅ Petz: 12 produto(s) encontrado(s) para Simparic
2026-03-13 20:23:21,530 - scraper_base - INFO - 📦 [2/20] Processando Revolution
2026-03-13 20:23:21,530 - scraper_base - INFO - 🔍 Petz: Buscando Revolution
2026-03-13 20:23:24,307 - scraper_base - INFO - ✅ Petz: 21 produto(s) encontrado(s) para Revolution
2026-03-13 20:23:26,290 - scraper_base - INFO - 📦 [3/20] Processando NexGard
2026-03-13 20:23:26,290 - scraper_base - INFO - 🔍 Petz: Buscando NexGard
2026-03-13 20:23:28,579 - scraper_base - INFO - ✅ Petz: 22 produto(s) encontrado(s) para NexGard
2026-03-13 20:23:30,206 - scraper_base - INFO - 📦 [4/20] Processando NexGard Spectra
2026-03-13 20:23:30,206 - scraper_base - INFO - 🔍 Petz: Buscando NexGard Spectra
2026-03-13 20:23:32,429 - scraper_base - INFO - ✅ Petz: 10 produto(s) encontrado(s) para NexGard Spectra
2026-03-13 20:23:33,462 - scraper_base - INFO - 📦 [5/20] Processando NexGard Combo
2026-03-13 20:23:33,462 - scraper_base - INFO - 🔍 Petz: Buscando NexGard Combo
2026-03-13 20:23:35,533 - scraper_base - INFO - ✅ Petz: 4 produto(s) encontrado(s) para NexGard Combo
2026-03-13 20:23:36,759 - scraper_base - INFO - 📦 [6/20] Processando Bravecto
2026-03-13 20:23:36,759 - scraper_base - INFO - 🔍 Petz: Buscando Bravecto
2026-03-13 20:23:39,008 - scraper_base - INFO - ✅ Petz: 16 produto(s) encontrado(s) para Bravecto
2026-03-13 20:23:40,695 - scraper_base - INFO - 📦 [7/20] Processando Frontline
2026-03-13 20:23:40,695 - scraper_base - INFO - 🔍 Petz: Buscando Frontline
2026-03-13 20:23:42,651 - scraper_base - INFO - ✅ Petz: 11 produto(s) encontrado(s) para Frontline
2026-03-13 20:23:43,864 - scraper_base - INFO - 📦 [8/20] Processando Advocate
2026-03-13 20:23:43,864 - scraper_base - INFO - 🔍 Petz: Buscando Advocate
2026-03-13 20:23:45,509 - scraper_base - INFO - ✅ Petz: 12 produto(s) encontrado(s) para Advocate
2026-03-13 20:23:48,215 - scraper_base - INFO - 📦 [9/20] Processando Drontal
2026-03-13 20:23:48,215 - scraper_base - INFO - 🔍 Petz: Buscando Drontal
2026-03-13 20:23:50,896 - scraper_base - INFO - ✅ Petz: 34 produto(s) encontrado(s) para Drontal
2026-03-13 20:23:53,056 - scraper_base - INFO - 📦 [10/20] Processando Milbemax
2026-03-13 20:23:53,057 - scraper_base - INFO - 🔍 Petz: Buscando Milbemax
2026-03-13 20:23:54,725 - scraper_base - INFO - ✅ Petz: 4 produto(s) encontrado(s) para Milbemax
2026-03-13 20:23:56,977 - scraper_base - INFO - 📦 [11/20] Processando Vermivet
2026-03-13 20:23:56,977 - scraper_base - INFO - 🔍 Petz: Buscando Vermivet
2026-03-13 20:23:59,151 - scraper_base - INFO - ✅ Petz: 5 produto(s) encontrado(s) para Vermivet
2026-03-13 20:24:00,905 - scraper_base - INFO - 📦 [12/20] Processando Rimadyl
2026-03-13 20:24:00,905 - scraper_base - INFO - 🔍 Petz: Buscando Rimadyl
2026-03-13 20:24:02,800 - scraper_base - INFO - ✅ Petz: 3 produto(s) encontrado(s) para Rimadyl
2026-03-13 20:24:04,320 - scraper_base - INFO - 📦 [13/20] Processando Onsior
2026-03-13 20:24:04,320 - scraper_base - INFO - 🔍 Petz: Buscando Onsior
2026-03-13 20:24:06,078 - scraper_base - INFO - ✅ Petz: 4 produto(s) encontrado(s) para Onsior
2026-03-13 20:24:08,496 - scraper_base - INFO - 📦 [14/20] Processando Maxicam
2026-03-13 20:24:08,496 - scraper_base - INFO - 🔍 Petz: Buscando Maxicam
2026-03-13 20:24:11,227 - scraper_base - INFO - ✅ Petz: 31 produto(s) encontrado(s) para Maxicam
2026-03-13 20:24:12,964 - scraper_base - INFO - 📦 [15/20] Processando Carproflan
2026-03-13 20:24:12,964 - scraper_base - INFO - 🔍 Petz: Buscando Carproflan
2026-03-13 20:24:14,738 - scraper_base - INFO - ✅ Petz: 3 produto(s) encontrado(s) para Carproflan
2026-03-13 20:24:16,795 - scraper_base - INFO - 📦 [16/20] Processando Previcox
2026-03-13 20:24:16,795 - scraper_base - INFO - 🔍 Petz: Buscando Previcox
2026-03-13 20:24:18,623 - scraper_base - INFO - ✅ Petz: 2 produto(s) encontrado(s) para Previcox
2026-03-13 20:24:19,647 - scraper_base - INFO - 📦 [17/20] Processando Apoquel
2026-03-13 20:24:19,647 - scraper_base - INFO - 🔍 Petz: Buscando Apoquel
2026-03-13 20:24:21,424 - scraper_base - INFO - ✅ Petz: 3 produto(s) encontrado(s) para Apoquel
2026-03-13 20:24:23,944 - scraper_base - INFO - 📦 [18/20] Processando Zenrelia
2026-03-13 20:24:23,944 - scraper_base - INFO - 🔍 Petz: Buscando Zenrelia
2026-03-13 20:24:25,774 - scraper_base - INFO - ✅ Petz: 4 produto(s) encontrado(s) para Zenrelia
2026-03-13 20:24:26,952 - scraper_base - INFO - 📦 [19/20] Processando Synulox
2026-03-13 20:24:26,952 - scraper_base - INFO - 🔍 Petz: Buscando Synulox
2026-03-13 20:24:28,777 - scraper_base - INFO - ✅ Petz: 2 produto(s) encontrado(s) para Synulox
2026-03-13 20:24:30,182 - scraper_base - INFO - 📦 [20/20] Processando Baytril
2026-03-13 20:24:30,182 - scraper_base - INFO - 🔍 Petz: Buscando Baytril
2026-03-13 20:24:32,214 - scraper_base - INFO - ✅ Petz: 9 produto(s) encontrado(s) para Baytril
2026-03-13 20:24:34,065 - scraper_base - INFO - 📊 Petz - Estatísticas finais:
2026-03-13 20:24:34,065 - scraper_base - INFO -    • Medicamentos processados: 20
2026-03-13 20:24:34,065 - scraper_base - INFO -    • Produtos encontrados: 212
2026-03-13 20:24:34,065 - scraper_base - INFO -    • Medicamentos sem resultado: 0
2026-03-13 20:24:34,065 - scraper_base - INFO -    • Tempo total: 79.6s
2026-03-13 20:24:34,066 - scraper_base - INFO -    • Tempo médio por medicamento: 4.0s
2026-03-13 20:24:34,109 - gerenciador_arquivos - INFO - Excel salvo: dados_coletados/petz_20260313_202434.xlsx (212 produtos)
2026-03-13 20:24:34,109 - gerenciador_principal - INFO - Petz: Arquivo individual salvo com sucesso
2026-03-13 20:24:34,109 - gerenciador_principal - INFO - Gerando relatório consolidado...
2026-03-13 20:24:34,366 - gerenciador_arquivos - INFO - Relatório consolidado salvo: dados_relatorios/relatorio_consolidado_20260313_202434.xlsx
2026-03-13 20:24:34,498 - gerenciador_conexoes - INFO - Chrome fechado
2026-03-13 20:24:34,498 - gerenciador_conexoes - INFO - Métodos utilizados - Requests: 33.3%, Selenium: 66.7%, Falhas: 0.0%
2026-03-13 20:24:34,498 - gerenciador_principal - INFO - ============================================================
2026-03-13 20:24:34,498 - gerenciador_principal - INFO - RELATORIO FINAL DE EXECUÇÃO
2026-03-13 20:24:34,498 - gerenciador_principal - INFO - ============================================================
2026-03-13 20:24:34,498 - gerenciador_principal - INFO - Sites processados: 3
2026-03-13 20:24:34,498 - gerenciador_principal - INFO - Sites com sucesso: 3
2026-03-13 20:24:34,498 - gerenciador_principal - INFO - Total de produtos coletados: 591
2026-03-13 20:24:34,498 - gerenciador_principal - INFO - Tempo total de execução: 269.6 segundos
2026-03-13 20:24:34,498 - gerenciador_principal - INFO - Estatísticas de conexão:
2026-03-13 20:24:34,498 - gerenciador_principal - INFO -   - Requests bem-sucedidos: 33.3%
2026-03-13 20:24:34,498 - gerenciador_principal - INFO -   - Selenium fallback: 66.7%
2026-03-13 20:24:34,499 - gerenciador_principal - INFO -   - Falhas totais: 0.0%
2026-03-13 20:24:34,501 - gerenciador_principal - INFO - Arquivos salvos na pasta: dados_coletados
2026-03-13 20:24:34,502 - gerenciador_principal - INFO - Total de arquivos: 485
2026-03-13 20:24:34,502 - gerenciador_principal - INFO - ============================================================
