2025-12-31 20:10:38,837 - configurador_logs - INFO - Sistema de logs configurado com sucesso
2025-12-31 20:10:38,838 - configurador_logs - INFO - 🚀 Logs configurados para MODO PRODUÇÃO
2025-12-31 20:10:38,838 - gerenciador_principal - INFO - Inicializando sistema - Modo: PRODUCAO
2025-12-31 20:10:38,838 - gerenciador_arquivos - INFO - Pasta dados_coletados preparada
2025-12-31 20:10:38,838 - gerenciador_principal - INFO - Sistema inicializado com 3 scrapers
2025-12-31 20:10:38,838 - gerenciador_principal - INFO - ============================================================
2025-12-31 20:10:38,838 - gerenciador_principal - INFO - INICIANDO SCRAPING COMPLETO - PRODUCAO
2025-12-31 20:10:38,838 - gerenciador_principal - INFO - ============================================================
2025-12-31 20:10:38,838 - gerenciador_principal - INFO - [1/3] Processando Cobasi
2025-12-31 20:10:38,838 - scraper_base - INFO - 🚀 Iniciando scraping completo - Cobasi
2025-12-31 20:10:39,322 - gerenciador_conexoes - INFO - Sessao estabelecida com cobasi.com.br
2025-12-31 20:10:39,322 - scraper_base - INFO - 📋 20 medicamentos para processar
2025-12-31 20:10:39,322 - scraper_base - INFO - 📦 [1/20] Processando Simparic
2025-12-31 20:10:39,322 - scraper_base - INFO - 🔍 Cobasi: Buscando Simparic
2025-12-31 20:10:42,031 - scraper_cobasi - INFO - Cobasi: Dados extraídos via JSON para Simparic
2025-12-31 20:10:42,031 - scraper_base - INFO - ✅ Cobasi: 12 produto(s) encontrado(s) para Simparic
2025-12-31 20:10:43,922 - scraper_base - INFO - 📦 [2/20] Processando Revolution
2025-12-31 20:10:43,922 - scraper_base - INFO - 🔍 Cobasi: Buscando Revolution
2025-12-31 20:10:46,241 - scraper_cobasi - INFO - Cobasi: Dados extraídos via JSON para Revolution
2025-12-31 20:10:46,241 - scraper_base - INFO - ✅ Cobasi: 18 produto(s) encontrado(s) para Revolution
2025-12-31 20:10:48,081 - scraper_base - INFO - 📦 [3/20] Processando NexGard
2025-12-31 20:10:48,081 - scraper_base - INFO - 🔍 Cobasi: Buscando NexGard
2025-12-31 20:10:50,992 - scraper_cobasi - INFO - Cobasi: Dados extraídos via JSON para NexGard
2025-12-31 20:10:50,992 - scraper_base - INFO - ✅ Cobasi: 22 produto(s) encontrado(s) para NexGard
2025-12-31 20:10:52,526 - scraper_base - INFO - 📦 [4/20] Processando NexGard Spectra
2025-12-31 20:10:52,526 - scraper_base - INFO - 🔍 Cobasi: Buscando NexGard Spectra
2025-12-31 20:10:54,854 - scraper_cobasi - INFO - Cobasi: Dados extraídos via JSON para NexGard Spectra
2025-12-31 20:10:54,854 - scraper_base - INFO - ✅ Cobasi: 10 produto(s) encontrado(s) para NexGard Spectra
2025-12-31 20:10:56,155 - scraper_base - INFO - 📦 [5/20] Processando NexGard Combo
2025-12-31 20:10:56,155 - scraper_base - INFO - 🔍 Cobasi: Buscando NexGard Combo
2025-12-31 20:10:57,948 - scraper_cobasi - INFO - Cobasi: Dados extraídos via JSON para NexGard Combo
2025-12-31 20:10:57,948 - scraper_base - INFO - ✅ Cobasi: 4 produto(s) encontrado(s) para NexGard Combo
2025-12-31 20:10:59,846 - scraper_base - INFO - 📦 [6/20] Processando Bravecto
2025-12-31 20:10:59,846 - scraper_base - INFO - 🔍 Cobasi: Buscando Bravecto
2025-12-31 20:11:03,322 - scraper_cobasi - INFO - Cobasi: Dados extraídos via JSON para Bravecto
2025-12-31 20:11:03,322 - scraper_base - INFO - ✅ Cobasi: 16 produto(s) encontrado(s) para Bravecto
2025-12-31 20:11:05,331 - scraper_base - INFO - 📦 [7/20] Processando Frontline
2025-12-31 20:11:05,331 - scraper_base - INFO - 🔍 Cobasi: Buscando Frontline
2025-12-31 20:11:07,954 - scraper_cobasi - INFO - Cobasi: Dados extraídos via JSON para Frontline
2025-12-31 20:11:07,954 - scraper_base - INFO - ✅ Cobasi: 10 produto(s) encontrado(s) para Frontline
2025-12-31 20:11:10,884 - scraper_base - INFO - 📦 [8/20] Processando Advocate
2025-12-31 20:11:10,884 - scraper_base - INFO - 🔍 Cobasi: Buscando Advocate
2025-12-31 20:11:13,217 - scraper_cobasi - INFO - Cobasi: Dados extraídos via JSON para Advocate
2025-12-31 20:11:13,217 - scraper_base - INFO - ✅ Cobasi: 12 produto(s) encontrado(s) para Advocate
2025-12-31 20:11:14,482 - scraper_base - INFO - 📦 [9/20] Processando Drontal
2025-12-31 20:11:14,483 - scraper_base - INFO - 🔍 Cobasi: Buscando Drontal
2025-12-31 20:11:14,537 - scraper_cobasi - INFO - Cobasi: Dados extraídos via JSON para Drontal
2025-12-31 20:11:14,537 - scraper_base - INFO - ✅ Cobasi: 8 produto(s) encontrado(s) para Drontal
2025-12-31 20:11:17,026 - scraper_base - INFO - 📦 [10/20] Processando Milbemax
2025-12-31 20:11:17,026 - scraper_base - INFO - 🔍 Cobasi: Buscando Milbemax
2025-12-31 20:11:18,940 - scraper_cobasi - INFO - Cobasi: Dados extraídos via JSON para Milbemax
2025-12-31 20:11:18,940 - scraper_base - INFO - ✅ Cobasi: 4 produto(s) encontrado(s) para Milbemax
2025-12-31 20:11:21,443 - scraper_base - INFO - 📦 [11/20] Processando Vermivet
2025-12-31 20:11:21,443 - scraper_base - INFO - 🔍 Cobasi: Buscando Vermivet
2025-12-31 20:11:24,159 - scraper_cobasi - INFO - Cobasi: Dados extraídos via JSON para Vermivet
2025-12-31 20:11:24,159 - scraper_base - INFO - ✅ Cobasi: 5 produto(s) encontrado(s) para Vermivet
2025-12-31 20:11:26,009 - scraper_base - INFO - 📦 [12/20] Processando Rimadyl
2025-12-31 20:11:26,010 - scraper_base - INFO - 🔍 Cobasi: Buscando Rimadyl
2025-12-31 20:11:27,948 - scraper_cobasi - INFO - Cobasi: Dados extraídos via JSON para Rimadyl
2025-12-31 20:11:27,948 - scraper_base - INFO - ✅ Cobasi: 3 produto(s) encontrado(s) para Rimadyl
2025-12-31 20:11:29,942 - scraper_base - INFO - 📦 [13/20] Processando Onsior
2025-12-31 20:11:29,942 - scraper_base - INFO - 🔍 Cobasi: Buscando Onsior
2025-12-31 20:11:31,695 - scraper_cobasi - INFO - Cobasi: Dados extraídos via JSON para Onsior
2025-12-31 20:11:31,695 - scraper_base - INFO - ✅ Cobasi: 4 produto(s) encontrado(s) para Onsior
2025-12-31 20:11:32,858 - scraper_base - INFO - 📦 [14/20] Processando Maxicam
2025-12-31 20:11:32,858 - scraper_base - INFO - 🔍 Cobasi: Buscando Maxicam
2025-12-31 20:11:35,604 - scraper_cobasi - INFO - Cobasi: Dados extraídos via JSON para Maxicam
2025-12-31 20:11:35,604 - scraper_base - INFO - ✅ Cobasi: 21 produto(s) encontrado(s) para Maxicam
2025-12-31 20:11:36,793 - scraper_base - INFO - 📦 [15/20] Processando Carproflan
2025-12-31 20:11:36,794 - scraper_base - INFO - 🔍 Cobasi: Buscando Carproflan
2025-12-31 20:11:39,190 - scraper_cobasi - INFO - Cobasi: Dados extraídos via JSON para Carproflan
2025-12-31 20:11:39,190 - scraper_base - INFO - ✅ Cobasi: 3 produto(s) encontrado(s) para Carproflan
2025-12-31 20:11:41,789 - scraper_base - INFO - 📦 [16/20] Processando Previcox
2025-12-31 20:11:41,789 - scraper_base - INFO - 🔍 Cobasi: Buscando Previcox
2025-12-31 20:11:43,548 - scraper_cobasi - INFO - Cobasi: Dados extraídos via JSON para Previcox
2025-12-31 20:11:43,548 - scraper_base - INFO - ✅ Cobasi: 2 produto(s) encontrado(s) para Previcox
2025-12-31 20:11:45,344 - scraper_base - INFO - 📦 [17/20] Processando Apoquel
2025-12-31 20:11:45,344 - scraper_base - INFO - 🔍 Cobasi: Buscando Apoquel
2025-12-31 20:11:47,136 - scraper_cobasi - INFO - Cobasi: Dados extraídos via JSON para Apoquel
2025-12-31 20:11:47,136 - scraper_base - INFO - ✅ Cobasi: 3 produto(s) encontrado(s) para Apoquel
2025-12-31 20:11:49,211 - scraper_base - INFO - 📦 [18/20] Processando Zenrelia
2025-12-31 20:11:49,211 - scraper_base - INFO - 🔍 Cobasi: Buscando Zenrelia
2025-12-31 20:11:51,301 - scraper_cobasi - INFO - Cobasi: Dados extraídos via JSON para Zenrelia
2025-12-31 20:11:51,301 - scraper_base - INFO - ✅ Cobasi: 4 produto(s) encontrado(s) para Zenrelia
2025-12-31 20:11:53,036 - scraper_base - INFO - 📦 [19/20] Processando Synulox
2025-12-31 20:11:53,036 - scraper_base - INFO - 🔍 Cobasi: Buscando Synulox
2025-12-31 20:11:54,925 - scraper_cobasi - INFO - Cobasi: Dados extraídos via JSON para Synulox
2025-12-31 20:11:54,925 - scraper_base - INFO - ✅ Cobasi: 2 produto(s) encontrado(s) para Synulox
2025-12-31 20:11:56,509 - scraper_base - INFO - 📦 [20/20] Processando Baytril
2025-12-31 20:11:56,509 - scraper_base - INFO - 🔍 Cobasi: Buscando Baytril
2025-12-31 20:11:58,764 - scraper_cobasi - INFO - Cobasi: Dados extraídos via JSON para Baytril
2025-12-31 20:11:58,764 - scraper_base - INFO - ✅ Cobasi: 4 produto(s) encontrado(s) para Baytril
2025-12-31 20:12:01,276 - scraper_base - INFO - 📊 Cobasi - Estatísticas finais:
2025-12-31 20:12:01,276 - scraper_base - INFO -    • Medicamentos processados: 20
2025-12-31 20:12:01,276 - scraper_base - INFO -    • Produtos encontrados: 167
2025-12-31 20:12:01,276 - scraper_base - INFO -    • Medicamentos sem resultado: 0
2025-12-31 20:12:01,276 - scraper_base - INFO -    • Tempo total: 82.4s
2025-12-31 20:12:01,277 - scraper_base - INFO -    • Tempo médio por medicamento: 4.1s
2025-12-31 20:12:01,390 - gerenciador_arquivos - INFO - Excel salvo: dados_coletados/cobasi_20251231_201201.xlsx (167 produtos)
2025-12-31 20:12:01,390 - gerenciador_principal - INFO - Cobasi: Arquivo individual salvo com sucesso
2025-12-31 20:12:01,390 - gerenciador_principal - INFO - Pausando entre sites...
2025-12-31 20:12:03,391 - gerenciador_principal - INFO - [2/3] Processando Petlove
2025-12-31 20:12:03,391 - scraper_base - INFO - 🚀 Iniciando scraping completo - Petlove
2025-12-31 20:12:03,612 - scraper_base - INFO - 📋 20 medicamentos para processar
2025-12-31 20:12:03,612 - scraper_base - INFO - 📦 [1/20] Processando Simparic
2025-12-31 20:12:03,612 - scraper_base - INFO - 🔍 Petlove: Buscando Simparic
2025-12-31 20:12:10,818 - gerenciador_conexoes - INFO - Chrome inicializado com otimizacoes de velocidade
2025-12-31 20:12:14,984 - scraper_base - INFO - ✅ Petlove: 15 produto(s) encontrado(s) para Simparic
2025-12-31 20:12:17,312 - scraper_base - INFO - 📦 [2/20] Processando Revolution
2025-12-31 20:12:17,312 - scraper_base - INFO - 🔍 Petlove: Buscando Revolution
2025-12-31 20:12:18,961 - scraper_base - INFO - ✅ Petlove: 14 produto(s) encontrado(s) para Revolution
2025-12-31 20:12:21,590 - scraper_base - INFO - 📦 [3/20] Processando NexGard
2025-12-31 20:12:21,590 - scraper_base - INFO - 🔍 Petlove: Buscando NexGard
2025-12-31 20:12:23,572 - scraper_base - INFO - ✅ Petlove: 11 produto(s) encontrado(s) para NexGard
2025-12-31 20:12:25,922 - scraper_base - INFO - 📦 [4/20] Processando NexGard Spectra
2025-12-31 20:12:25,922 - scraper_base - INFO - 🔍 Petlove: Buscando NexGard Spectra
2025-12-31 20:12:27,308 - scraper_base - INFO - ✅ Petlove: 5 produto(s) encontrado(s) para NexGard Spectra
2025-12-31 20:12:29,157 - scraper_base - INFO - 📦 [5/20] Processando NexGard Combo
2025-12-31 20:12:29,157 - scraper_base - INFO - 🔍 Petlove: Buscando NexGard Combo
2025-12-31 20:12:30,547 - scraper_base - INFO - ✅ Petlove: 2 produto(s) encontrado(s) para NexGard Combo
2025-12-31 20:12:33,205 - scraper_base - INFO - 📦 [6/20] Processando Bravecto
2025-12-31 20:12:33,206 - scraper_base - INFO - 🔍 Petlove: Buscando Bravecto
2025-12-31 20:12:34,942 - scraper_base - INFO - ✅ Petlove: 23 produto(s) encontrado(s) para Bravecto
2025-12-31 20:12:36,449 - scraper_base - INFO - 📦 [7/20] Processando Frontline
2025-12-31 20:12:36,449 - scraper_base - INFO - 🔍 Petlove: Buscando Frontline
2025-12-31 20:12:38,343 - scraper_base - INFO - ✅ Petlove: 11 produto(s) encontrado(s) para Frontline
2025-12-31 20:12:39,625 - scraper_base - INFO - 📦 [8/20] Processando Advocate
2025-12-31 20:12:39,625 - scraper_base - INFO - 🔍 Petlove: Buscando Advocate
2025-12-31 20:12:41,240 - scraper_base - INFO - ✅ Petlove: 9 produto(s) encontrado(s) para Advocate
2025-12-31 20:12:44,019 - scraper_base - INFO - 📦 [9/20] Processando Drontal
2025-12-31 20:12:44,019 - scraper_base - INFO - 🔍 Petlove: Buscando Drontal
2025-12-31 20:12:45,543 - scraper_base - INFO - ✅ Petlove: 18 produto(s) encontrado(s) para Drontal
2025-12-31 20:12:48,137 - scraper_base - INFO - 📦 [10/20] Processando Milbemax
2025-12-31 20:12:48,137 - scraper_base - INFO - 🔍 Petlove: Buscando Milbemax
2025-12-31 20:12:49,575 - scraper_base - INFO - ✅ Petlove: 4 produto(s) encontrado(s) para Milbemax
2025-12-31 20:12:52,424 - scraper_base - INFO - 📦 [11/20] Processando Vermivet
2025-12-31 20:12:52,424 - scraper_base - INFO - 🔍 Petlove: Buscando Vermivet
2025-12-31 20:12:54,704 - scraper_base - INFO - ✅ Petlove: 36 produto(s) encontrado(s) para Vermivet
2025-12-31 20:12:57,340 - scraper_base - INFO - 📦 [12/20] Processando Rimadyl
2025-12-31 20:12:57,340 - scraper_base - INFO - 🔍 Petlove: Buscando Rimadyl
2025-12-31 20:12:59,576 - scraper_base - INFO - ✅ Petlove: 1 produto(s) encontrado(s) para Rimadyl
2025-12-31 20:13:00,742 - scraper_base - INFO - 📦 [13/20] Processando Onsior
2025-12-31 20:13:00,742 - scraper_base - INFO - 🔍 Petlove: Buscando Onsior
2025-12-31 20:13:02,115 - scraper_base - INFO - ✅ Petlove: 4 produto(s) encontrado(s) para Onsior
2025-12-31 20:13:04,097 - scraper_base - INFO - 📦 [14/20] Processando Maxicam
2025-12-31 20:13:04,097 - scraper_base - INFO - 🔍 Petlove: Buscando Maxicam
2025-12-31 20:13:05,503 - scraper_base - INFO - ✅ Petlove: 4 produto(s) encontrado(s) para Maxicam
2025-12-31 20:13:06,891 - scraper_base - INFO - 📦 [15/20] Processando Carproflan
2025-12-31 20:13:06,891 - scraper_base - INFO - 🔍 Petlove: Buscando Carproflan
2025-12-31 20:13:08,308 - scraper_base - INFO - ✅ Petlove: 4 produto(s) encontrado(s) para Carproflan
2025-12-31 20:13:09,420 - scraper_base - INFO - 📦 [16/20] Processando Previcox
2025-12-31 20:13:09,420 - scraper_base - INFO - 🔍 Petlove: Buscando Previcox
2025-12-31 20:13:10,858 - scraper_base - INFO - ✅ Petlove: 4 produto(s) encontrado(s) para Previcox
2025-12-31 20:13:13,616 - scraper_base - INFO - 📦 [17/20] Processando Apoquel
2025-12-31 20:13:13,616 - scraper_base - INFO - 🔍 Petlove: Buscando Apoquel
2025-12-31 20:13:15,213 - scraper_base - INFO - ✅ Petlove: 16 produto(s) encontrado(s) para Apoquel
2025-12-31 20:13:16,686 - scraper_base - INFO - 📦 [18/20] Processando Zenrelia
2025-12-31 20:13:16,686 - scraper_base - INFO - 🔍 Petlove: Buscando Zenrelia
2025-12-31 20:13:17,837 - scraper_base - INFO - ✅ Petlove: 4 produto(s) encontrado(s) para Zenrelia
2025-12-31 20:13:20,569 - scraper_base - INFO - 📦 [19/20] Processando Synulox
2025-12-31 20:13:20,569 - scraper_base - INFO - 🔍 Petlove: Buscando Synulox
2025-12-31 20:13:21,814 - scraper_base - INFO - ✅ Petlove: 1 produto(s) encontrado(s) para Synulox
2025-12-31 20:13:24,680 - scraper_base - INFO - 📦 [20/20] Processando Baytril
2025-12-31 20:13:24,680 - scraper_base - INFO - 🔍 Petlove: Buscando Baytril
2025-12-31 20:13:25,815 - scraper_base - INFO - ✅ Petlove: 4 produto(s) encontrado(s) para Baytril
2025-12-31 20:13:27,655 - scraper_base - INFO - 📊 Petlove - Estatísticas finais:
2025-12-31 20:13:27,655 - scraper_base - INFO -    • Medicamentos processados: 20
2025-12-31 20:13:27,655 - scraper_base - INFO -    • Produtos encontrados: 190
2025-12-31 20:13:27,655 - scraper_base - INFO -    • Medicamentos sem resultado: 0
2025-12-31 20:13:27,655 - scraper_base - INFO -    • Tempo total: 84.3s
2025-12-31 20:13:27,656 - scraper_base - INFO -    • Tempo médio por medicamento: 4.2s
2025-12-31 20:13:27,692 - gerenciador_arquivos - INFO - Excel salvo: dados_coletados/petlove_20251231_201327.xlsx (190 produtos)
2025-12-31 20:13:27,692 - gerenciador_principal - INFO - Petlove: Arquivo individual salvo com sucesso
2025-12-31 20:13:27,693 - gerenciador_principal - INFO - Pausando entre sites...
2025-12-31 20:13:29,693 - gerenciador_principal - INFO - [3/3] Processando Petz
2025-12-31 20:13:29,693 - scraper_base - INFO - 🚀 Iniciando scraping completo - Petz
2025-12-31 20:13:30,035 - scraper_base - INFO - 📋 20 medicamentos para processar
2025-12-31 20:13:30,035 - scraper_base - INFO - 📦 [1/20] Processando Simparic
2025-12-31 20:13:30,035 - scraper_base - INFO - 🔍 Petz: Buscando Simparic
2025-12-31 20:13:33,832 - scraper_base - INFO - ✅ Petz: 12 produto(s) encontrado(s) para Simparic
2025-12-31 20:13:35,238 - scraper_base - INFO - 📦 [2/20] Processando Revolution
2025-12-31 20:13:35,239 - scraper_base - INFO - 🔍 Petz: Buscando Revolution
2025-12-31 20:13:37,873 - scraper_base - INFO - ✅ Petz: 26 produto(s) encontrado(s) para Revolution
2025-12-31 20:13:39,534 - scraper_base - INFO - 📦 [3/20] Processando NexGard
2025-12-31 20:13:39,534 - scraper_base - INFO - 🔍 Petz: Buscando NexGard
2025-12-31 20:13:43,154 - scraper_base - INFO - ✅ Petz: 22 produto(s) encontrado(s) para NexGard
2025-12-31 20:13:45,757 - scraper_base - INFO - 📦 [4/20] Processando NexGard Spectra
2025-12-31 20:13:45,757 - scraper_base - INFO - 🔍 Petz: Buscando NexGard Spectra
2025-12-31 20:13:48,253 - scraper_base - INFO - ✅ Petz: 10 produto(s) encontrado(s) para NexGard Spectra
2025-12-31 20:13:50,585 - scraper_base - INFO - 📦 [5/20] Processando NexGard Combo
2025-12-31 20:13:50,585 - scraper_base - INFO - 🔍 Petz: Buscando NexGard Combo
2025-12-31 20:13:52,687 - scraper_base - INFO - ✅ Petz: 4 produto(s) encontrado(s) para NexGard Combo
2025-12-31 20:13:54,019 - scraper_base - INFO - 📦 [6/20] Processando Bravecto
2025-12-31 20:13:54,019 - scraper_base - INFO - 🔍 Petz: Buscando Bravecto
2025-12-31 20:13:56,408 - scraper_base - INFO - ✅ Petz: 16 produto(s) encontrado(s) para Bravecto
2025-12-31 20:13:58,089 - scraper_base - INFO - 📦 [7/20] Processando Frontline
2025-12-31 20:13:58,089 - scraper_base - INFO - 🔍 Petz: Buscando Frontline
2025-12-31 20:14:00,337 - scraper_base - INFO - ✅ Petz: 11 produto(s) encontrado(s) para Frontline
2025-12-31 20:14:02,735 - scraper_base - INFO - 📦 [8/20] Processando Advocate
2025-12-31 20:14:02,735 - scraper_base - INFO - 🔍 Petz: Buscando Advocate
2025-12-31 20:14:07,210 - scraper_base - INFO - ✅ Petz: 12 produto(s) encontrado(s) para Advocate
2025-12-31 20:14:09,812 - scraper_base - INFO - 📦 [9/20] Processando Drontal
2025-12-31 20:14:09,813 - scraper_base - INFO - 🔍 Petz: Buscando Drontal
2025-12-31 20:14:13,536 - scraper_base - INFO - ✅ Petz: 30 produto(s) encontrado(s) para Drontal
2025-12-31 20:14:15,373 - scraper_base - INFO - 📦 [10/20] Processando Milbemax
2025-12-31 20:14:15,373 - scraper_base - INFO - 🔍 Petz: Buscando Milbemax
2025-12-31 20:14:19,668 - scraper_base - INFO - ✅ Petz: 4 produto(s) encontrado(s) para Milbemax
2025-12-31 20:14:22,554 - scraper_base - INFO - 📦 [11/20] Processando Vermivet
2025-12-31 20:14:22,554 - scraper_base - INFO - 🔍 Petz: Buscando Vermivet
2025-12-31 20:14:28,954 - scraper_base - INFO - ✅ Petz: 5 produto(s) encontrado(s) para Vermivet
2025-12-31 20:14:31,733 - scraper_base - INFO - 📦 [12/20] Processando Rimadyl
2025-12-31 20:14:31,733 - scraper_base - INFO - 🔍 Petz: Buscando Rimadyl
2025-12-31 20:14:34,406 - scraper_base - INFO - ✅ Petz: 3 produto(s) encontrado(s) para Rimadyl
2025-12-31 20:14:37,391 - scraper_base - INFO - 📦 [13/20] Processando Onsior
2025-12-31 20:14:37,391 - scraper_base - INFO - 🔍 Petz: Buscando Onsior
2025-12-31 20:14:40,095 - scraper_base - INFO - ✅ Petz: 4 produto(s) encontrado(s) para Onsior
2025-12-31 20:14:42,928 - scraper_base - INFO - 📦 [14/20] Processando Maxicam
2025-12-31 20:14:42,928 - scraper_base - INFO - 🔍 Petz: Buscando Maxicam
2025-12-31 20:14:45,594 - scraper_base - INFO - ✅ Petz: 31 produto(s) encontrado(s) para Maxicam
2025-12-31 20:14:46,908 - scraper_base - INFO - 📦 [15/20] Processando Carproflan
2025-12-31 20:14:46,908 - scraper_base - INFO - 🔍 Petz: Buscando Carproflan
2025-12-31 20:14:49,167 - scraper_base - INFO - ✅ Petz: 3 produto(s) encontrado(s) para Carproflan
2025-12-31 20:14:50,718 - scraper_base - INFO - 📦 [16/20] Processando Previcox
2025-12-31 20:14:50,718 - scraper_base - INFO - 🔍 Petz: Buscando Previcox
2025-12-31 20:14:52,767 - scraper_base - INFO - ✅ Petz: 2 produto(s) encontrado(s) para Previcox
2025-12-31 20:14:53,991 - scraper_base - INFO - 📦 [17/20] Processando Apoquel
2025-12-31 20:14:53,991 - scraper_base - INFO - 🔍 Petz: Buscando Apoquel
2025-12-31 20:14:56,469 - scraper_base - INFO - ✅ Petz: 3 produto(s) encontrado(s) para Apoquel
2025-12-31 20:14:58,418 - scraper_base - INFO - 📦 [18/20] Processando Zenrelia
2025-12-31 20:14:58,418 - scraper_base - INFO - 🔍 Petz: Buscando Zenrelia
2025-12-31 20:15:01,786 - scraper_base - INFO - ✅ Petz: 4 produto(s) encontrado(s) para Zenrelia
2025-12-31 20:15:03,610 - scraper_base - INFO - 📦 [19/20] Processando Synulox
2025-12-31 20:15:03,610 - scraper_base - INFO - 🔍 Petz: Buscando Synulox
2025-12-31 20:15:06,795 - scraper_base - INFO - ✅ Petz: 2 produto(s) encontrado(s) para Synulox
2025-12-31 20:15:07,971 - scraper_base - INFO - 📦 [20/20] Processando Baytril
2025-12-31 20:15:07,971 - scraper_base - INFO - 🔍 Petz: Buscando Baytril
2025-12-31 20:15:10,106 - scraper_base - INFO - ✅ Petz: 10 produto(s) encontrado(s) para Baytril
2025-12-31 20:15:13,050 - scraper_base - INFO - 📊 Petz - Estatísticas finais:
2025-12-31 20:15:13,050 - scraper_base - INFO -    • Medicamentos processados: 20
2025-12-31 20:15:13,050 - scraper_base - INFO -    • Produtos encontrados: 214
2025-12-31 20:15:13,050 - scraper_base - INFO -    • Medicamentos sem resultado: 0
2025-12-31 20:15:13,050 - scraper_base - INFO -    • Tempo total: 103.4s
2025-12-31 20:15:13,050 - scraper_base - INFO -    • Tempo médio por medicamento: 5.2s
2025-12-31 20:15:13,094 - gerenciador_arquivos - INFO - Excel salvo: dados_coletados/petz_20251231_201513.xlsx (214 produtos)
2025-12-31 20:15:13,094 - gerenciador_principal - INFO - Petz: Arquivo individual salvo com sucesso
2025-12-31 20:15:13,094 - gerenciador_principal - INFO - Gerando relatório consolidado...
2025-12-31 20:15:13,337 - gerenciador_arquivos - INFO - Relatório consolidado salvo: dados_relatorios/relatorio_consolidado_20251231_201513.xlsx
2025-12-31 20:15:13,465 - gerenciador_conexoes - INFO - Chrome fechado
2025-12-31 20:15:13,465 - gerenciador_conexoes - INFO - Métodos utilizados - Requests: 33.3%, Selenium: 66.7%, Falhas: 0.0%
2025-12-31 20:15:13,465 - gerenciador_principal - INFO - ============================================================
2025-12-31 20:15:13,465 - gerenciador_principal - INFO - RELATORIO FINAL DE EXECUÇÃO
2025-12-31 20:15:13,465 - gerenciador_principal - INFO - ============================================================
2025-12-31 20:15:13,465 - gerenciador_principal - INFO - Sites processados: 3
2025-12-31 20:15:13,465 - gerenciador_principal - INFO - Sites com sucesso: 3
2025-12-31 20:15:13,465 - gerenciador_principal - INFO - Total de produtos coletados: 571
2025-12-31 20:15:13,465 - gerenciador_principal - INFO - Tempo total de execução: 274.3 segundos
2025-12-31 20:15:13,465 - gerenciador_principal - INFO - Estatísticas de conexão:
2025-12-31 20:15:13,465 - gerenciador_principal - INFO -   - Requests bem-sucedidos: 33.3%
2025-12-31 20:15:13,465 - gerenciador_principal - INFO -   - Selenium fallback: 66.7%
2025-12-31 20:15:13,465 - gerenciador_principal - INFO -   - Falhas totais: 0.0%
2025-12-31 20:15:13,467 - gerenciador_principal - INFO - Arquivos salvos na pasta: dados_coletados
2025-12-31 20:15:13,467 - gerenciador_principal - INFO - Total de arquivos: 280
2025-12-31 20:15:13,467 - gerenciador_principal - INFO - ============================================================
