2026-01-08 20:11:58,277 - configurador_logs - INFO - Sistema de logs configurado com sucesso
2026-01-08 20:11:58,277 - configurador_logs - INFO - 🚀 Logs configurados para MODO PRODUÇÃO
2026-01-08 20:11:58,277 - gerenciador_principal - INFO - Inicializando sistema - Modo: PRODUCAO
2026-01-08 20:11:58,277 - gerenciador_arquivos - INFO - Pasta dados_coletados preparada
2026-01-08 20:11:58,277 - gerenciador_principal - INFO - Sistema inicializado com 3 scrapers
2026-01-08 20:11:58,277 - gerenciador_principal - INFO - ============================================================
2026-01-08 20:11:58,277 - gerenciador_principal - INFO - INICIANDO SCRAPING COMPLETO - PRODUCAO
2026-01-08 20:11:58,277 - gerenciador_principal - INFO - ============================================================
2026-01-08 20:11:58,277 - gerenciador_principal - INFO - [1/3] Processando Cobasi
2026-01-08 20:11:58,277 - scraper_base - INFO - 🚀 Iniciando scraping completo - Cobasi
2026-01-08 20:11:58,701 - gerenciador_conexoes - INFO - Sessao estabelecida com cobasi.com.br
2026-01-08 20:11:58,701 - scraper_base - INFO - 📋 20 medicamentos para processar
2026-01-08 20:11:58,701 - scraper_base - INFO - 📦 [1/20] Processando Simparic
2026-01-08 20:11:58,701 - scraper_base - INFO - 🔍 Cobasi: Buscando Simparic
2026-01-08 20:12:00,730 - scraper_cobasi - INFO - Cobasi: Dados extraídos via JSON para Simparic
2026-01-08 20:12:00,730 - scraper_base - INFO - ✅ Cobasi: 12 produto(s) encontrado(s) para Simparic
2026-01-08 20:12:02,006 - scraper_base - INFO - 📦 [2/20] Processando Revolution
2026-01-08 20:12:02,006 - scraper_base - INFO - 🔍 Cobasi: Buscando Revolution
2026-01-08 20:12:04,142 - scraper_cobasi - INFO - Cobasi: Dados extraídos via JSON para Revolution
2026-01-08 20:12:04,142 - scraper_base - INFO - ✅ Cobasi: 18 produto(s) encontrado(s) para Revolution
2026-01-08 20:12:06,196 - scraper_base - INFO - 📦 [3/20] Processando NexGard
2026-01-08 20:12:06,196 - scraper_base - INFO - 🔍 Cobasi: Buscando NexGard
2026-01-08 20:12:08,822 - scraper_cobasi - INFO - Cobasi: Dados extraídos via JSON para NexGard
2026-01-08 20:12:08,822 - scraper_base - INFO - ✅ Cobasi: 22 produto(s) encontrado(s) para NexGard
2026-01-08 20:12:11,636 - scraper_base - INFO - 📦 [4/20] Processando NexGard Spectra
2026-01-08 20:12:11,636 - scraper_base - INFO - 🔍 Cobasi: Buscando NexGard Spectra
2026-01-08 20:12:13,519 - scraper_cobasi - INFO - Cobasi: Dados extraídos via JSON para NexGard Spectra
2026-01-08 20:12:13,519 - scraper_base - INFO - ✅ Cobasi: 10 produto(s) encontrado(s) para NexGard Spectra
2026-01-08 20:12:15,810 - scraper_base - INFO - 📦 [5/20] Processando NexGard Combo
2026-01-08 20:12:15,810 - scraper_base - INFO - 🔍 Cobasi: Buscando NexGard Combo
2026-01-08 20:12:17,649 - scraper_cobasi - INFO - Cobasi: Dados extraídos via JSON para NexGard Combo
2026-01-08 20:12:17,649 - scraper_base - INFO - ✅ Cobasi: 4 produto(s) encontrado(s) para NexGard Combo
2026-01-08 20:12:18,997 - scraper_base - INFO - 📦 [6/20] Processando Bravecto
2026-01-08 20:12:18,997 - scraper_base - INFO - 🔍 Cobasi: Buscando Bravecto
2026-01-08 20:12:19,480 - scraper_cobasi - INFO - Cobasi: Dados extraídos via JSON para Bravecto
2026-01-08 20:12:19,480 - scraper_base - INFO - ✅ Cobasi: 16 produto(s) encontrado(s) para Bravecto
2026-01-08 20:12:20,643 - scraper_base - INFO - 📦 [7/20] Processando Frontline
2026-01-08 20:12:20,644 - scraper_base - INFO - 🔍 Cobasi: Buscando Frontline
2026-01-08 20:12:23,318 - scraper_cobasi - INFO - Cobasi: Dados extraídos via JSON para Frontline
2026-01-08 20:12:23,318 - scraper_base - INFO - ✅ Cobasi: 10 produto(s) encontrado(s) para Frontline
2026-01-08 20:12:25,081 - scraper_base - INFO - 📦 [8/20] Processando Advocate
2026-01-08 20:12:25,081 - scraper_base - INFO - 🔍 Cobasi: Buscando Advocate
2026-01-08 20:12:28,533 - scraper_cobasi - INFO - Cobasi: Dados extraídos via JSON para Advocate
2026-01-08 20:12:28,533 - scraper_base - INFO - ✅ Cobasi: 12 produto(s) encontrado(s) para Advocate
2026-01-08 20:12:30,068 - scraper_base - INFO - 📦 [9/20] Processando Drontal
2026-01-08 20:12:30,068 - scraper_base - INFO - 🔍 Cobasi: Buscando Drontal
2026-01-08 20:12:32,657 - scraper_cobasi - INFO - Cobasi: Dados extraídos via JSON para Drontal
2026-01-08 20:12:32,658 - scraper_base - INFO - ✅ Cobasi: 8 produto(s) encontrado(s) para Drontal
2026-01-08 20:12:34,809 - scraper_base - INFO - 📦 [10/20] Processando Milbemax
2026-01-08 20:12:34,809 - scraper_base - INFO - 🔍 Cobasi: Buscando Milbemax
2026-01-08 20:12:36,741 - scraper_cobasi - INFO - Cobasi: Dados extraídos via JSON para Milbemax
2026-01-08 20:12:36,741 - scraper_base - INFO - ✅ Cobasi: 4 produto(s) encontrado(s) para Milbemax
2026-01-08 20:12:38,216 - scraper_base - INFO - 📦 [11/20] Processando Vermivet
2026-01-08 20:12:38,216 - scraper_base - INFO - 🔍 Cobasi: Buscando Vermivet
2026-01-08 20:12:40,445 - scraper_cobasi - INFO - Cobasi: Dados extraídos via JSON para Vermivet
2026-01-08 20:12:40,445 - scraper_base - INFO - ✅ Cobasi: 5 produto(s) encontrado(s) para Vermivet
2026-01-08 20:12:43,438 - scraper_base - INFO - 📦 [12/20] Processando Rimadyl
2026-01-08 20:12:43,438 - scraper_base - INFO - 🔍 Cobasi: Buscando Rimadyl
2026-01-08 20:12:45,156 - scraper_cobasi - INFO - Cobasi: Dados extraídos via JSON para Rimadyl
2026-01-08 20:12:45,156 - scraper_base - INFO - ✅ Cobasi: 3 produto(s) encontrado(s) para Rimadyl
2026-01-08 20:12:47,089 - scraper_base - INFO - 📦 [13/20] Processando Onsior
2026-01-08 20:12:47,089 - scraper_base - INFO - 🔍 Cobasi: Buscando Onsior
2026-01-08 20:12:49,227 - scraper_cobasi - INFO - Cobasi: Dados extraídos via JSON para Onsior
2026-01-08 20:12:49,227 - scraper_base - INFO - ✅ Cobasi: 4 produto(s) encontrado(s) para Onsior
2026-01-08 20:12:52,085 - scraper_base - INFO - 📦 [14/20] Processando Maxicam
2026-01-08 20:12:52,085 - scraper_base - INFO - 🔍 Cobasi: Buscando Maxicam
2026-01-08 20:12:54,788 - scraper_cobasi - INFO - Cobasi: Dados extraídos via JSON para Maxicam
2026-01-08 20:12:54,788 - scraper_base - INFO - ✅ Cobasi: 20 produto(s) encontrado(s) para Maxicam
2026-01-08 20:12:56,267 - scraper_base - INFO - 📦 [15/20] Processando Carproflan
2026-01-08 20:12:56,267 - scraper_base - INFO - 🔍 Cobasi: Buscando Carproflan
2026-01-08 20:12:57,964 - scraper_cobasi - INFO - Cobasi: Dados extraídos via JSON para Carproflan
2026-01-08 20:12:57,964 - scraper_base - INFO - ✅ Cobasi: 3 produto(s) encontrado(s) para Carproflan
2026-01-08 20:12:59,999 - scraper_base - INFO - 📦 [16/20] Processando Previcox
2026-01-08 20:12:59,999 - scraper_base - INFO - 🔍 Cobasi: Buscando Previcox
2026-01-08 20:13:01,746 - scraper_cobasi - INFO - Cobasi: Dados extraídos via JSON para Previcox
2026-01-08 20:13:01,746 - scraper_base - INFO - ✅ Cobasi: 2 produto(s) encontrado(s) para Previcox
2026-01-08 20:13:03,155 - scraper_base - INFO - 📦 [17/20] Processando Apoquel
2026-01-08 20:13:03,155 - scraper_base - INFO - 🔍 Cobasi: Buscando Apoquel
2026-01-08 20:13:04,778 - scraper_cobasi - INFO - Cobasi: Dados extraídos via JSON para Apoquel
2026-01-08 20:13:04,778 - scraper_base - INFO - ✅ Cobasi: 3 produto(s) encontrado(s) para Apoquel
2026-01-08 20:13:06,827 - scraper_base - INFO - 📦 [18/20] Processando Zenrelia
2026-01-08 20:13:06,827 - scraper_base - INFO - 🔍 Cobasi: Buscando Zenrelia
2026-01-08 20:13:08,577 - scraper_cobasi - INFO - Cobasi: Dados extraídos via JSON para Zenrelia
2026-01-08 20:13:08,577 - scraper_base - INFO - ✅ Cobasi: 4 produto(s) encontrado(s) para Zenrelia
2026-01-08 20:13:10,314 - scraper_base - INFO - 📦 [19/20] Processando Synulox
2026-01-08 20:13:10,314 - scraper_base - INFO - 🔍 Cobasi: Buscando Synulox
2026-01-08 20:13:12,162 - scraper_cobasi - INFO - Cobasi: Dados extraídos via JSON para Synulox
2026-01-08 20:13:12,162 - scraper_base - INFO - ✅ Cobasi: 2 produto(s) encontrado(s) para Synulox
2026-01-08 20:13:13,850 - scraper_base - INFO - 📦 [20/20] Processando Baytril
2026-01-08 20:13:13,850 - scraper_base - INFO - 🔍 Cobasi: Buscando Baytril
2026-01-08 20:13:15,884 - scraper_cobasi - INFO - Cobasi: Dados extraídos via JSON para Baytril
2026-01-08 20:13:15,884 - scraper_base - INFO - ✅ Cobasi: 4 produto(s) encontrado(s) para Baytril
2026-01-08 20:13:17,542 - scraper_base - INFO - 📊 Cobasi - Estatísticas finais:
2026-01-08 20:13:17,542 - scraper_base - INFO -    • Medicamentos processados: 20
2026-01-08 20:13:17,542 - scraper_base - INFO -    • Produtos encontrados: 166
2026-01-08 20:13:17,542 - scraper_base - INFO -    • Medicamentos sem resultado: 0
2026-01-08 20:13:17,542 - scraper_base - INFO -    • Tempo total: 79.3s
2026-01-08 20:13:17,542 - scraper_base - INFO -    • Tempo médio por medicamento: 4.0s
2026-01-08 20:13:17,710 - gerenciador_arquivos - INFO - Excel salvo: dados_coletados/cobasi_20260108_201317.xlsx (166 produtos)
2026-01-08 20:13:17,710 - gerenciador_principal - INFO - Cobasi: Arquivo individual salvo com sucesso
2026-01-08 20:13:17,710 - gerenciador_principal - INFO - Pausando entre sites...
2026-01-08 20:13:19,711 - gerenciador_principal - INFO - [2/3] Processando Petlove
2026-01-08 20:13:19,711 - scraper_base - INFO - 🚀 Iniciando scraping completo - Petlove
2026-01-08 20:13:19,947 - scraper_base - INFO - 📋 20 medicamentos para processar
2026-01-08 20:13:19,947 - scraper_base - INFO - 📦 [1/20] Processando Simparic
2026-01-08 20:13:19,947 - scraper_base - INFO - 🔍 Petlove: Buscando Simparic
2026-01-08 20:13:30,823 - gerenciador_conexoes - INFO - Chrome inicializado com otimizacoes de velocidade
2026-01-08 20:13:34,556 - scraper_base - INFO - ✅ Petlove: 33 produto(s) encontrado(s) para Simparic
2026-01-08 20:13:37,494 - scraper_base - INFO - 📦 [2/20] Processando Revolution
2026-01-08 20:13:37,494 - scraper_base - INFO - 🔍 Petlove: Buscando Revolution
2026-01-08 20:13:39,151 - scraper_base - INFO - ✅ Petlove: 17 produto(s) encontrado(s) para Revolution
2026-01-08 20:13:41,479 - scraper_base - INFO - 📦 [3/20] Processando NexGard
2026-01-08 20:13:41,479 - scraper_base - INFO - 🔍 Petlove: Buscando NexGard
2026-01-08 20:13:42,919 - scraper_base - INFO - ✅ Petlove: 11 produto(s) encontrado(s) para NexGard
2026-01-08 20:13:44,541 - scraper_base - INFO - 📦 [4/20] Processando NexGard Spectra
2026-01-08 20:13:44,541 - scraper_base - INFO - 🔍 Petlove: Buscando NexGard Spectra
2026-01-08 20:13:45,662 - scraper_base - INFO - ✅ Petlove: 5 produto(s) encontrado(s) para NexGard Spectra
2026-01-08 20:13:47,736 - scraper_base - INFO - 📦 [5/20] Processando NexGard Combo
2026-01-08 20:13:47,736 - scraper_base - INFO - 🔍 Petlove: Buscando NexGard Combo
2026-01-08 20:13:48,997 - scraper_base - INFO - ✅ Petlove: 2 produto(s) encontrado(s) para NexGard Combo
2026-01-08 20:13:51,615 - scraper_base - INFO - 📦 [6/20] Processando Bravecto
2026-01-08 20:13:51,615 - scraper_base - INFO - 🔍 Petlove: Buscando Bravecto
2026-01-08 20:13:53,785 - scraper_base - INFO - ✅ Petlove: 23 produto(s) encontrado(s) para Bravecto
2026-01-08 20:13:56,011 - scraper_base - INFO - 📦 [7/20] Processando Frontline
2026-01-08 20:13:56,011 - scraper_base - INFO - 🔍 Petlove: Buscando Frontline
2026-01-08 20:13:57,802 - scraper_base - INFO - ✅ Petlove: 11 produto(s) encontrado(s) para Frontline
2026-01-08 20:13:59,621 - scraper_base - INFO - 📦 [8/20] Processando Advocate
2026-01-08 20:13:59,621 - scraper_base - INFO - 🔍 Petlove: Buscando Advocate
2026-01-08 20:14:01,373 - scraper_base - INFO - ✅ Petlove: 10 produto(s) encontrado(s) para Advocate
2026-01-08 20:14:02,426 - scraper_base - INFO - 📦 [9/20] Processando Drontal
2026-01-08 20:14:02,426 - scraper_base - INFO - 🔍 Petlove: Buscando Drontal
2026-01-08 20:14:04,023 - scraper_base - INFO - ✅ Petlove: 36 produto(s) encontrado(s) para Drontal
2026-01-08 20:14:05,305 - scraper_base - INFO - 📦 [10/20] Processando Milbemax
2026-01-08 20:14:05,306 - scraper_base - INFO - 🔍 Petlove: Buscando Milbemax
2026-01-08 20:14:06,834 - scraper_base - INFO - ✅ Petlove: 14 produto(s) encontrado(s) para Milbemax
2026-01-08 20:14:09,496 - scraper_base - INFO - 📦 [11/20] Processando Vermivet
2026-01-08 20:14:09,496 - scraper_base - INFO - 🔍 Petlove: Buscando Vermivet
2026-01-08 20:14:11,708 - scraper_base - INFO - ✅ Petlove: 36 produto(s) encontrado(s) para Vermivet
2026-01-08 20:14:13,944 - scraper_base - INFO - 📦 [12/20] Processando Rimadyl
2026-01-08 20:14:13,944 - scraper_base - INFO - 🔍 Petlove: Buscando Rimadyl
2026-01-08 20:14:15,663 - scraper_base - INFO - ✅ Petlove: 1 produto(s) encontrado(s) para Rimadyl
2026-01-08 20:14:18,473 - scraper_base - INFO - 📦 [13/20] Processando Onsior
2026-01-08 20:14:18,474 - scraper_base - INFO - 🔍 Petlove: Buscando Onsior
2026-01-08 20:14:19,812 - scraper_base - INFO - ✅ Petlove: 4 produto(s) encontrado(s) para Onsior
2026-01-08 20:14:20,860 - scraper_base - INFO - 📦 [14/20] Processando Maxicam
2026-01-08 20:14:20,860 - scraper_base - INFO - 🔍 Petlove: Buscando Maxicam
2026-01-08 20:14:22,118 - scraper_base - INFO - ✅ Petlove: 4 produto(s) encontrado(s) para Maxicam
2026-01-08 20:14:24,660 - scraper_base - INFO - 📦 [15/20] Processando Carproflan
2026-01-08 20:14:24,660 - scraper_base - INFO - 🔍 Petlove: Buscando Carproflan
2026-01-08 20:14:26,067 - scraper_base - INFO - ✅ Petlove: 8 produto(s) encontrado(s) para Carproflan
2026-01-08 20:14:27,385 - scraper_base - INFO - 📦 [16/20] Processando Previcox
2026-01-08 20:14:27,385 - scraper_base - INFO - 🔍 Petlove: Buscando Previcox
2026-01-08 20:14:28,622 - scraper_base - INFO - ✅ Petlove: 4 produto(s) encontrado(s) para Previcox
2026-01-08 20:14:31,528 - scraper_base - INFO - 📦 [17/20] Processando Apoquel
2026-01-08 20:14:31,528 - scraper_base - INFO - 🔍 Petlove: Buscando Apoquel
2026-01-08 20:14:33,791 - scraper_base - INFO - ✅ Petlove: 16 produto(s) encontrado(s) para Apoquel
2026-01-08 20:14:35,886 - scraper_base - INFO - 📦 [18/20] Processando Zenrelia
2026-01-08 20:14:35,886 - scraper_base - INFO - 🔍 Petlove: Buscando Zenrelia
2026-01-08 20:14:37,027 - scraper_base - INFO - ✅ Petlove: 4 produto(s) encontrado(s) para Zenrelia
2026-01-08 20:14:38,708 - scraper_base - INFO - 📦 [19/20] Processando Synulox
2026-01-08 20:14:38,708 - scraper_base - INFO - 🔍 Petlove: Buscando Synulox
2026-01-08 20:14:39,723 - scraper_base - INFO - ✅ Petlove: 1 produto(s) encontrado(s) para Synulox
2026-01-08 20:14:40,922 - scraper_base - INFO - 📦 [20/20] Processando Baytril
2026-01-08 20:14:40,922 - scraper_base - INFO - 🔍 Petlove: Buscando Baytril
2026-01-08 20:14:42,240 - scraper_base - INFO - ✅ Petlove: 4 produto(s) encontrado(s) para Baytril
2026-01-08 20:14:44,535 - scraper_base - INFO - 📊 Petlove - Estatísticas finais:
2026-01-08 20:14:44,535 - scraper_base - INFO -    • Medicamentos processados: 20
2026-01-08 20:14:44,535 - scraper_base - INFO -    • Produtos encontrados: 244
2026-01-08 20:14:44,535 - scraper_base - INFO -    • Medicamentos sem resultado: 0
2026-01-08 20:14:44,535 - scraper_base - INFO -    • Tempo total: 84.8s
2026-01-08 20:14:44,535 - scraper_base - INFO -    • Tempo médio por medicamento: 4.2s
2026-01-08 20:14:44,580 - gerenciador_arquivos - INFO - Excel salvo: dados_coletados/petlove_20260108_201444.xlsx (244 produtos)
2026-01-08 20:14:44,580 - gerenciador_principal - INFO - Petlove: Arquivo individual salvo com sucesso
2026-01-08 20:14:44,581 - gerenciador_principal - INFO - Pausando entre sites...
2026-01-08 20:14:46,581 - gerenciador_principal - INFO - [3/3] Processando Petz
2026-01-08 20:14:46,581 - scraper_base - INFO - 🚀 Iniciando scraping completo - Petz
2026-01-08 20:14:46,933 - scraper_base - INFO - 📋 20 medicamentos para processar
2026-01-08 20:14:46,934 - scraper_base - INFO - 📦 [1/20] Processando Simparic
2026-01-08 20:14:46,934 - scraper_base - INFO - 🔍 Petz: Buscando Simparic
2026-01-08 20:14:50,446 - scraper_base - INFO - ✅ Petz: 12 produto(s) encontrado(s) para Simparic
2026-01-08 20:14:51,796 - scraper_base - INFO - 📦 [2/20] Processando Revolution
2026-01-08 20:14:51,796 - scraper_base - INFO - 🔍 Petz: Buscando Revolution
2026-01-08 20:14:54,450 - scraper_base - INFO - ✅ Petz: 26 produto(s) encontrado(s) para Revolution
2026-01-08 20:14:57,381 - scraper_base - INFO - 📦 [3/20] Processando NexGard
2026-01-08 20:14:57,381 - scraper_base - INFO - 🔍 Petz: Buscando NexGard
2026-01-08 20:14:59,794 - scraper_base - INFO - ✅ Petz: 22 produto(s) encontrado(s) para NexGard
2026-01-08 20:15:02,209 - scraper_base - INFO - 📦 [4/20] Processando NexGard Spectra
2026-01-08 20:15:02,209 - scraper_base - INFO - 🔍 Petz: Buscando NexGard Spectra
2026-01-08 20:15:04,931 - scraper_base - INFO - ✅ Petz: 10 produto(s) encontrado(s) para NexGard Spectra
2026-01-08 20:15:06,643 - scraper_base - INFO - 📦 [5/20] Processando NexGard Combo
2026-01-08 20:15:06,643 - scraper_base - INFO - 🔍 Petz: Buscando NexGard Combo
2026-01-08 20:15:09,223 - scraper_base - INFO - ✅ Petz: 4 produto(s) encontrado(s) para NexGard Combo
2026-01-08 20:15:11,884 - scraper_base - INFO - 📦 [6/20] Processando Bravecto
2026-01-08 20:15:11,884 - scraper_base - INFO - 🔍 Petz: Buscando Bravecto
2026-01-08 20:15:14,505 - scraper_base - INFO - ✅ Petz: 16 produto(s) encontrado(s) para Bravecto
2026-01-08 20:15:16,022 - scraper_base - INFO - 📦 [7/20] Processando Frontline
2026-01-08 20:15:16,022 - scraper_base - INFO - 🔍 Petz: Buscando Frontline
2026-01-08 20:15:17,847 - scraper_base - INFO - ✅ Petz: 11 produto(s) encontrado(s) para Frontline
2026-01-08 20:15:19,053 - scraper_base - INFO - 📦 [8/20] Processando Advocate
2026-01-08 20:15:19,053 - scraper_base - INFO - 🔍 Petz: Buscando Advocate
2026-01-08 20:15:20,761 - scraper_base - INFO - ✅ Petz: 12 produto(s) encontrado(s) para Advocate
2026-01-08 20:15:22,098 - scraper_base - INFO - 📦 [9/20] Processando Drontal
2026-01-08 20:15:22,098 - scraper_base - INFO - 🔍 Petz: Buscando Drontal
2026-01-08 20:15:24,694 - scraper_base - INFO - ✅ Petz: 32 produto(s) encontrado(s) para Drontal
2026-01-08 20:15:27,316 - scraper_base - INFO - 📦 [10/20] Processando Milbemax
2026-01-08 20:15:27,316 - scraper_base - INFO - 🔍 Petz: Buscando Milbemax
2026-01-08 20:15:29,107 - scraper_base - INFO - ✅ Petz: 4 produto(s) encontrado(s) para Milbemax
2026-01-08 20:15:30,654 - scraper_base - INFO - 📦 [11/20] Processando Vermivet
2026-01-08 20:15:30,654 - scraper_base - INFO - 🔍 Petz: Buscando Vermivet
2026-01-08 20:15:32,260 - scraper_base - INFO - ✅ Petz: 5 produto(s) encontrado(s) para Vermivet
2026-01-08 20:15:33,388 - scraper_base - INFO - 📦 [12/20] Processando Rimadyl
2026-01-08 20:15:33,388 - scraper_base - INFO - 🔍 Petz: Buscando Rimadyl
2026-01-08 20:15:34,947 - scraper_base - INFO - ✅ Petz: 3 produto(s) encontrado(s) para Rimadyl
2026-01-08 20:15:37,899 - scraper_base - INFO - 📦 [13/20] Processando Onsior
2026-01-08 20:15:37,899 - scraper_base - INFO - 🔍 Petz: Buscando Onsior
2026-01-08 20:15:39,438 - scraper_base - INFO - ✅ Petz: 4 produto(s) encontrado(s) para Onsior
2026-01-08 20:15:42,100 - scraper_base - INFO - 📦 [14/20] Processando Maxicam
2026-01-08 20:15:42,101 - scraper_base - INFO - 🔍 Petz: Buscando Maxicam
2026-01-08 20:15:44,504 - scraper_base - INFO - ✅ Petz: 31 produto(s) encontrado(s) para Maxicam
2026-01-08 20:15:47,124 - scraper_base - INFO - 📦 [15/20] Processando Carproflan
2026-01-08 20:15:47,124 - scraper_base - INFO - 🔍 Petz: Buscando Carproflan
2026-01-08 20:15:48,924 - scraper_base - INFO - ✅ Petz: 3 produto(s) encontrado(s) para Carproflan
2026-01-08 20:15:50,894 - scraper_base - INFO - 📦 [16/20] Processando Previcox
2026-01-08 20:15:50,894 - scraper_base - INFO - 🔍 Petz: Buscando Previcox
2026-01-08 20:15:52,419 - scraper_base - INFO - ✅ Petz: 2 produto(s) encontrado(s) para Previcox
2026-01-08 20:15:54,247 - scraper_base - INFO - 📦 [17/20] Processando Apoquel
2026-01-08 20:15:54,248 - scraper_base - INFO - 🔍 Petz: Buscando Apoquel
2026-01-08 20:15:55,789 - scraper_base - INFO - ✅ Petz: 3 produto(s) encontrado(s) para Apoquel
2026-01-08 20:15:58,224 - scraper_base - INFO - 📦 [18/20] Processando Zenrelia
2026-01-08 20:15:58,224 - scraper_base - INFO - 🔍 Petz: Buscando Zenrelia
2026-01-08 20:15:59,736 - scraper_base - INFO - ✅ Petz: 4 produto(s) encontrado(s) para Zenrelia
2026-01-08 20:16:01,046 - scraper_base - INFO - 📦 [19/20] Processando Synulox
2026-01-08 20:16:01,047 - scraper_base - INFO - 🔍 Petz: Buscando Synulox
2026-01-08 20:16:02,603 - scraper_base - INFO - ✅ Petz: 2 produto(s) encontrado(s) para Synulox
2026-01-08 20:16:05,115 - scraper_base - INFO - 📦 [20/20] Processando Baytril
2026-01-08 20:16:05,115 - scraper_base - INFO - 🔍 Petz: Buscando Baytril
2026-01-08 20:16:07,173 - scraper_base - INFO - ✅ Petz: 10 produto(s) encontrado(s) para Baytril
2026-01-08 20:16:08,417 - scraper_base - INFO - 📊 Petz - Estatísticas finais:
2026-01-08 20:16:08,417 - scraper_base - INFO -    • Medicamentos processados: 20
2026-01-08 20:16:08,418 - scraper_base - INFO -    • Produtos encontrados: 216
2026-01-08 20:16:08,418 - scraper_base - INFO -    • Medicamentos sem resultado: 0
2026-01-08 20:16:08,418 - scraper_base - INFO -    • Tempo total: 81.8s
2026-01-08 20:16:08,418 - scraper_base - INFO -    • Tempo médio por medicamento: 4.1s
2026-01-08 20:16:08,463 - gerenciador_arquivos - INFO - Excel salvo: dados_coletados/petz_20260108_201608.xlsx (216 produtos)
2026-01-08 20:16:08,463 - gerenciador_principal - INFO - Petz: Arquivo individual salvo com sucesso
2026-01-08 20:16:08,463 - gerenciador_principal - INFO - Gerando relatório consolidado...
2026-01-08 20:16:08,676 - gerenciador_arquivos - INFO - Relatório consolidado salvo: dados_relatorios/relatorio_consolidado_20260108_201608.xlsx
2026-01-08 20:16:08,823 - gerenciador_conexoes - INFO - Chrome fechado
2026-01-08 20:16:08,823 - gerenciador_conexoes - INFO - Métodos utilizados - Requests: 33.3%, Selenium: 66.7%, Falhas: 0.0%
2026-01-08 20:16:08,823 - gerenciador_principal - INFO - ============================================================
2026-01-08 20:16:08,823 - gerenciador_principal - INFO - RELATORIO FINAL DE EXECUÇÃO
2026-01-08 20:16:08,823 - gerenciador_principal - INFO - ============================================================
2026-01-08 20:16:08,823 - gerenciador_principal - INFO - Sites processados: 3
2026-01-08 20:16:08,823 - gerenciador_principal - INFO - Sites com sucesso: 3
2026-01-08 20:16:08,823 - gerenciador_principal - INFO - Total de produtos coletados: 626
2026-01-08 20:16:08,823 - gerenciador_principal - INFO - Tempo total de execução: 250.2 segundos
2026-01-08 20:16:08,823 - gerenciador_principal - INFO - Estatísticas de conexão:
2026-01-08 20:16:08,823 - gerenciador_principal - INFO -   - Requests bem-sucedidos: 33.3%
2026-01-08 20:16:08,823 - gerenciador_principal - INFO -   - Selenium fallback: 66.7%
2026-01-08 20:16:08,823 - gerenciador_principal - INFO -   - Falhas totais: 0.0%
2026-01-08 20:16:08,825 - gerenciador_principal - INFO - Arquivos salvos na pasta: dados_coletados
2026-01-08 20:16:08,825 - gerenciador_principal - INFO - Total de arquivos: 303
2026-01-08 20:16:08,825 - gerenciador_principal - INFO - ============================================================
