2026-08-03 20:51:00,805 - configurador_logs - INFO - Sistema de logs configurado com sucesso
2026-08-03 20:51:00,806 - configurador_logs - INFO - 🚀 Logs configurados para MODO PRODUÇÃO
2026-08-03 20:51:00,806 - gerenciador_principal - INFO - Inicializando sistema - Modo: PRODUCAO
2026-08-03 20:51:00,806 - gerenciador_arquivos - INFO - Pasta dados_coletados preparada
2026-08-03 20:51:00,806 - gerenciador_principal - INFO - Sistema inicializado com 3 scrapers
2026-08-03 20:51:00,806 - gerenciador_principal - INFO - ============================================================
2026-08-03 20:51:00,806 - gerenciador_principal - INFO - INICIANDO SCRAPING COMPLETO - PRODUCAO
2026-08-03 20:51:00,806 - gerenciador_principal - INFO - ============================================================
2026-08-03 20:51:00,806 - gerenciador_principal - INFO - [1/3] Processando Cobasi
2026-08-03 20:51:00,806 - scraper_base - INFO - 🚀 Iniciando scraping completo - Cobasi
2026-08-03 20:51:01,275 - gerenciador_conexoes - INFO - Sessao estabelecida com cobasi.com.br
2026-08-03 20:51:01,275 - scraper_base - INFO - 📋 20 medicamentos para processar
2026-08-03 20:51:01,275 - scraper_base - INFO - 📦 [1/20] Processando Simparic
2026-08-03 20:51:01,275 - scraper_base - INFO - 🔍 Cobasi: Buscando Simparic
2026-08-03 20:51:05,389 - scraper_cobasi - INFO - Cobasi: Dados extraídos via JSON para Simparic
2026-08-03 20:51:05,389 - scraper_base - INFO - ✅ Cobasi: 24 produto(s) encontrado(s) para Simparic
2026-08-03 20:51:08,275 - scraper_base - INFO - 📦 [2/20] Processando Revolution
2026-08-03 20:51:08,275 - scraper_base - INFO - 🔍 Cobasi: Buscando Revolution
2026-08-03 20:51:12,648 - scraper_cobasi - INFO - Cobasi: Dados extraídos via JSON para Revolution
2026-08-03 20:51:12,649 - scraper_base - INFO - ✅ Cobasi: 17 produto(s) encontrado(s) para Revolution
2026-08-03 20:51:15,551 - scraper_base - INFO - 📦 [3/20] Processando NexGard
2026-08-03 20:51:15,551 - scraper_base - INFO - 🔍 Cobasi: Buscando NexGard
2026-08-03 20:51:20,163 - scraper_cobasi - INFO - Cobasi: Dados extraídos via JSON para NexGard
2026-08-03 20:51:20,163 - scraper_base - INFO - ✅ Cobasi: 22 produto(s) encontrado(s) para NexGard
2026-08-03 20:51:21,263 - scraper_base - INFO - 📦 [4/20] Processando NexGard Spectra
2026-08-03 20:51:21,263 - scraper_base - INFO - 🔍 Cobasi: Buscando NexGard Spectra
2026-08-03 20:51:58,454 - gerenciador_conexoes - INFO - Chrome inicializado com otimizacoes de velocidade
2026-08-03 20:52:05,644 - scraper_cobasi - INFO - Cobasi: Dados extraídos via JSON para NexGard Spectra
2026-08-03 20:52:05,644 - scraper_base - INFO - ✅ Cobasi: 10 produto(s) encontrado(s) para NexGard Spectra
2026-08-03 20:52:07,171 - scraper_base - INFO - 📦 [5/20] Processando NexGard Combo
2026-08-03 20:52:07,172 - scraper_base - INFO - 🔍 Cobasi: Buscando NexGard Combo
2026-08-03 20:52:27,520 - scraper_cobasi - INFO - Cobasi: Dados extraídos via JSON para NexGard Combo
2026-08-03 20:52:27,520 - scraper_base - INFO - ✅ Cobasi: 4 produto(s) encontrado(s) para NexGard Combo
2026-08-03 20:52:29,981 - scraper_base - INFO - 📦 [6/20] Processando Bravecto
2026-08-03 20:52:29,981 - scraper_base - INFO - 🔍 Cobasi: Buscando Bravecto
2026-08-03 20:52:59,181 - scraper_cobasi - INFO - Cobasi: Nenhum produto encontrado no JSON para Bravecto
2026-08-03 20:52:59,181 - scraper_cobasi - INFO - Cobasi: Usando método HTML para Bravecto
2026-08-03 20:52:59,182 - scraper_cobasi - INFO - Cobasi: Nenhum produto encontrado no HTML para Bravecto
2026-08-03 20:52:59,182 - scraper_base - INFO - ⚪ Cobasi: Nenhum produto encontrado para Bravecto
2026-08-03 20:53:02,138 - scraper_base - INFO - 📦 [7/20] Processando Frontline
2026-08-03 20:53:02,138 - scraper_base - INFO - 🔍 Cobasi: Buscando Frontline
2026-08-03 20:53:07,374 - scraper_cobasi - INFO - Cobasi: Dados extraídos via JSON para Frontline
2026-08-03 20:53:07,374 - scraper_base - INFO - ✅ Cobasi: 11 produto(s) encontrado(s) para Frontline
2026-08-03 20:53:09,606 - scraper_base - INFO - 📦 [8/20] Processando Advocate
2026-08-03 20:53:09,606 - scraper_base - INFO - 🔍 Cobasi: Buscando Advocate
2026-08-03 20:53:19,817 - scraper_cobasi - INFO - Cobasi: Dados extraídos via JSON para Advocate
2026-08-03 20:53:19,817 - scraper_base - INFO - ✅ Cobasi: 12 produto(s) encontrado(s) para Advocate
2026-08-03 20:53:22,332 - scraper_base - INFO - 📦 [9/20] Processando Drontal
2026-08-03 20:53:22,332 - scraper_base - INFO - 🔍 Cobasi: Buscando Drontal
2026-08-03 20:53:25,777 - scraper_cobasi - INFO - Cobasi: Dados extraídos via JSON para Drontal
2026-08-03 20:53:25,777 - scraper_base - INFO - ✅ Cobasi: 8 produto(s) encontrado(s) para Drontal
2026-08-03 20:53:27,608 - scraper_base - INFO - 📦 [10/20] Processando Milbemax
2026-08-03 20:53:27,608 - scraper_base - INFO - 🔍 Cobasi: Buscando Milbemax
2026-08-03 20:53:31,592 - scraper_cobasi - INFO - Cobasi: Dados extraídos via JSON para Milbemax
2026-08-03 20:53:31,592 - scraper_base - INFO - ✅ Cobasi: 4 produto(s) encontrado(s) para Milbemax
2026-08-03 20:53:33,982 - scraper_base - INFO - 📦 [11/20] Processando Vermivet
2026-08-03 20:53:33,982 - scraper_base - INFO - 🔍 Cobasi: Buscando Vermivet
2026-08-03 20:53:37,922 - scraper_cobasi - INFO - Cobasi: Dados extraídos via JSON para Vermivet
2026-08-03 20:53:37,922 - scraper_base - INFO - ✅ Cobasi: 5 produto(s) encontrado(s) para Vermivet
2026-08-03 20:53:38,947 - scraper_base - INFO - 📦 [12/20] Processando Rimadyl
2026-08-03 20:53:38,947 - scraper_base - INFO - 🔍 Cobasi: Buscando Rimadyl
2026-08-03 20:53:42,655 - scraper_cobasi - INFO - Cobasi: Dados extraídos via JSON para Rimadyl
2026-08-03 20:53:42,655 - scraper_base - INFO - ✅ Cobasi: 3 produto(s) encontrado(s) para Rimadyl
2026-08-03 20:53:45,228 - scraper_base - INFO - 📦 [13/20] Processando Onsior
2026-08-03 20:53:45,228 - scraper_base - INFO - 🔍 Cobasi: Buscando Onsior
2026-08-03 20:53:51,400 - scraper_cobasi - INFO - Cobasi: Dados extraídos via JSON para Onsior
2026-08-03 20:53:51,400 - scraper_base - INFO - ✅ Cobasi: 4 produto(s) encontrado(s) para Onsior
2026-08-03 20:53:54,024 - scraper_base - INFO - 📦 [14/20] Processando Maxicam
2026-08-03 20:53:54,024 - scraper_base - INFO - 🔍 Cobasi: Buscando Maxicam
2026-08-03 20:53:58,397 - scraper_cobasi - INFO - Cobasi: Dados extraídos via JSON para Maxicam
2026-08-03 20:53:58,397 - scraper_base - INFO - ✅ Cobasi: 3 produto(s) encontrado(s) para Maxicam
2026-08-03 20:54:00,756 - scraper_base - INFO - 📦 [15/20] Processando Carproflan
2026-08-03 20:54:00,756 - scraper_base - INFO - 🔍 Cobasi: Buscando Carproflan
2026-08-03 20:54:04,002 - scraper_cobasi - INFO - Cobasi: Dados extraídos via JSON para Carproflan
2026-08-03 20:54:04,002 - scraper_base - INFO - ✅ Cobasi: 3 produto(s) encontrado(s) para Carproflan
2026-08-03 20:54:05,429 - scraper_base - INFO - 📦 [16/20] Processando Previcox
2026-08-03 20:54:05,430 - scraper_base - INFO - 🔍 Cobasi: Buscando Previcox
2026-08-03 20:54:08,708 - scraper_cobasi - INFO - Cobasi: Dados extraídos via JSON para Previcox
2026-08-03 20:54:08,709 - scraper_base - INFO - ✅ Cobasi: 2 produto(s) encontrado(s) para Previcox
2026-08-03 20:54:10,725 - scraper_base - INFO - 📦 [17/20] Processando Apoquel
2026-08-03 20:54:10,725 - scraper_base - INFO - 🔍 Cobasi: Buscando Apoquel
2026-08-03 20:54:13,124 - scraper_cobasi - INFO - Cobasi: Dados extraídos via JSON para Apoquel
2026-08-03 20:54:13,124 - scraper_base - INFO - ✅ Cobasi: 3 produto(s) encontrado(s) para Apoquel
2026-08-03 20:54:15,728 - scraper_base - INFO - 📦 [18/20] Processando Zenrelia
2026-08-03 20:54:15,729 - scraper_base - INFO - 🔍 Cobasi: Buscando Zenrelia
2026-08-03 20:54:24,002 - scraper_cobasi - INFO - Cobasi: Dados extraídos via JSON para Zenrelia
2026-08-03 20:54:24,002 - scraper_base - INFO - ✅ Cobasi: 4 produto(s) encontrado(s) para Zenrelia
2026-08-03 20:54:26,346 - scraper_base - INFO - 📦 [19/20] Processando Synulox
2026-08-03 20:54:26,346 - scraper_base - INFO - 🔍 Cobasi: Buscando Synulox
2026-08-03 20:54:36,121 - scraper_cobasi - INFO - Cobasi: Dados extraídos via JSON para Synulox
2026-08-03 20:54:36,121 - scraper_base - INFO - ✅ Cobasi: 2 produto(s) encontrado(s) para Synulox
2026-08-03 20:54:37,568 - scraper_base - INFO - 📦 [20/20] Processando Baytril
2026-08-03 20:54:37,568 - scraper_base - INFO - 🔍 Cobasi: Buscando Baytril
2026-08-03 20:54:43,481 - scraper_cobasi - INFO - Cobasi: Dados extraídos via JSON para Baytril
2026-08-03 20:54:43,481 - scraper_base - INFO - ✅ Cobasi: 2 produto(s) encontrado(s) para Baytril
2026-08-03 20:54:44,923 - scraper_base - INFO - 📊 Cobasi - Estatísticas finais:
2026-08-03 20:54:44,923 - scraper_base - INFO -    • Medicamentos processados: 20
2026-08-03 20:54:44,923 - scraper_base - INFO -    • Produtos encontrados: 143
2026-08-03 20:54:44,923 - scraper_base - INFO -    • Medicamentos sem resultado: 1
2026-08-03 20:54:44,923 - scraper_base - INFO -    • Tempo total: 224.1s
2026-08-03 20:54:44,923 - scraper_base - INFO -    • Tempo médio por medicamento: 11.2s
2026-08-03 20:54:45,067 - gerenciador_arquivos - INFO - Excel salvo: dados_coletados/cobasi_20260803_205444.xlsx (143 produtos)
2026-08-03 20:54:45,067 - gerenciador_principal - INFO - Cobasi: Arquivo individual salvo com sucesso
2026-08-03 20:54:45,067 - gerenciador_principal - INFO - Pausando entre sites...
2026-08-03 20:54:47,067 - gerenciador_principal - INFO - [2/3] Processando Petlove
2026-08-03 20:54:47,068 - scraper_base - INFO - 🚀 Iniciando scraping completo - Petlove
2026-08-03 20:54:47,322 - gerenciador_conexoes - INFO - Sessao estabelecida com petlove.com.br
2026-08-03 20:54:47,323 - scraper_base - INFO - 📋 20 medicamentos para processar
2026-08-03 20:54:47,323 - scraper_base - INFO - 📦 [1/20] Processando Simparic
2026-08-03 20:54:47,323 - scraper_base - INFO - 🔍 Petlove: Buscando Simparic
2026-08-03 20:54:48,817 - scraper_base - INFO - ✅ Petlove: 36 produto(s) encontrado(s) para Simparic
2026-08-03 20:54:50,461 - scraper_base - INFO - 📦 [2/20] Processando Revolution
2026-08-03 20:54:50,461 - scraper_base - INFO - 🔍 Petlove: Buscando Revolution
2026-08-03 20:54:51,337 - scraper_base - INFO - ✅ Petlove: 20 produto(s) encontrado(s) para Revolution
2026-08-03 20:54:54,271 - scraper_base - INFO - 📦 [3/20] Processando NexGard
2026-08-03 20:54:54,271 - scraper_base - INFO - 🔍 Petlove: Buscando NexGard
2026-08-03 20:54:54,944 - scraper_base - INFO - ✅ Petlove: 11 produto(s) encontrado(s) para NexGard
2026-08-03 20:54:56,189 - scraper_base - INFO - 📦 [4/20] Processando NexGard Spectra
2026-08-03 20:54:56,189 - scraper_base - INFO - 🔍 Petlove: Buscando NexGard Spectra
2026-08-03 20:54:56,832 - scraper_base - INFO - ✅ Petlove: 5 produto(s) encontrado(s) para NexGard Spectra
2026-08-03 20:54:58,055 - scraper_base - INFO - 📦 [5/20] Processando NexGard Combo
2026-08-03 20:54:58,056 - scraper_base - INFO - 🔍 Petlove: Buscando NexGard Combo
2026-08-03 20:54:58,723 - scraper_base - INFO - ✅ Petlove: 2 produto(s) encontrado(s) para NexGard Combo
2026-08-03 20:55:01,147 - scraper_base - INFO - 📦 [6/20] Processando Bravecto
2026-08-03 20:55:01,147 - scraper_base - INFO - 🔍 Petlove: Buscando Bravecto
2026-08-03 20:55:01,994 - scraper_base - INFO - ✅ Petlove: 25 produto(s) encontrado(s) para Bravecto
2026-08-03 20:55:03,831 - scraper_base - INFO - 📦 [7/20] Processando Frontline
2026-08-03 20:55:03,831 - scraper_base - INFO - 🔍 Petlove: Buscando Frontline
2026-08-03 20:55:04,614 - scraper_base - INFO - ✅ Petlove: 11 produto(s) encontrado(s) para Frontline
2026-08-03 20:55:06,703 - scraper_base - INFO - 📦 [8/20] Processando Advocate
2026-08-03 20:55:06,704 - scraper_base - INFO - 🔍 Petlove: Buscando Advocate
2026-08-03 20:55:07,337 - scraper_base - INFO - ✅ Petlove: 9 produto(s) encontrado(s) para Advocate
2026-08-03 20:55:09,407 - scraper_base - INFO - 📦 [9/20] Processando Drontal
2026-08-03 20:55:09,407 - scraper_base - INFO - 🔍 Petlove: Buscando Drontal
2026-08-03 20:55:10,289 - scraper_base - INFO - ✅ Petlove: 36 produto(s) encontrado(s) para Drontal
2026-08-03 20:55:11,656 - scraper_base - INFO - 📦 [10/20] Processando Milbemax
2026-08-03 20:55:11,656 - scraper_base - INFO - 🔍 Petlove: Buscando Milbemax
2026-08-03 20:55:12,416 - scraper_base - INFO - ✅ Petlove: 14 produto(s) encontrado(s) para Milbemax
2026-08-03 20:55:14,300 - scraper_base - INFO - 📦 [11/20] Processando Vermivet
2026-08-03 20:55:14,300 - scraper_base - INFO - 🔍 Petlove: Buscando Vermivet
2026-08-03 20:55:15,131 - scraper_base - INFO - ✅ Petlove: 36 produto(s) encontrado(s) para Vermivet
2026-08-03 20:55:17,966 - scraper_base - INFO - 📦 [12/20] Processando Rimadyl
2026-08-03 20:55:17,966 - scraper_base - INFO - 🔍 Petlove: Buscando Rimadyl
2026-08-03 20:55:18,592 - scraper_base - INFO - ✅ Petlove: 1 produto(s) encontrado(s) para Rimadyl
2026-08-03 20:55:20,567 - scraper_base - INFO - 📦 [13/20] Processando Onsior
2026-08-03 20:55:20,567 - scraper_base - INFO - 🔍 Petlove: Buscando Onsior
2026-08-03 20:55:21,468 - scraper_base - INFO - ✅ Petlove: 4 produto(s) encontrado(s) para Onsior
2026-08-03 20:55:22,521 - scraper_base - INFO - 📦 [14/20] Processando Maxicam
2026-08-03 20:55:22,521 - scraper_base - INFO - 🔍 Petlove: Buscando Maxicam
2026-08-03 20:55:23,143 - scraper_base - INFO - ✅ Petlove: 3 produto(s) encontrado(s) para Maxicam
2026-08-03 20:55:24,342 - scraper_base - INFO - 📦 [15/20] Processando Carproflan
2026-08-03 20:55:24,342 - scraper_base - INFO - 🔍 Petlove: Buscando Carproflan
2026-08-03 20:55:24,962 - scraper_base - INFO - ✅ Petlove: 8 produto(s) encontrado(s) para Carproflan
2026-08-03 20:55:27,421 - scraper_base - INFO - 📦 [16/20] Processando Previcox
2026-08-03 20:55:27,421 - scraper_base - INFO - 🔍 Petlove: Buscando Previcox
2026-08-03 20:55:28,113 - scraper_base - INFO - ✅ Petlove: 4 produto(s) encontrado(s) para Previcox
2026-08-03 20:55:30,193 - scraper_base - INFO - 📦 [17/20] Processando Apoquel
2026-08-03 20:55:30,193 - scraper_base - INFO - 🔍 Petlove: Buscando Apoquel
2026-08-03 20:55:30,877 - scraper_base - INFO - ✅ Petlove: 16 produto(s) encontrado(s) para Apoquel
2026-08-03 20:55:33,603 - scraper_base - INFO - 📦 [18/20] Processando Zenrelia
2026-08-03 20:55:33,603 - scraper_base - INFO - 🔍 Petlove: Buscando Zenrelia
2026-08-03 20:55:34,265 - scraper_base - INFO - ✅ Petlove: 4 produto(s) encontrado(s) para Zenrelia
2026-08-03 20:55:36,343 - scraper_base - INFO - 📦 [19/20] Processando Synulox
2026-08-03 20:55:36,343 - scraper_base - INFO - 🔍 Petlove: Buscando Synulox
2026-08-03 20:55:36,942 - scraper_base - INFO - ✅ Petlove: 1 produto(s) encontrado(s) para Synulox
2026-08-03 20:55:38,727 - scraper_base - INFO - 📦 [20/20] Processando Baytril
2026-08-03 20:55:38,727 - scraper_base - INFO - 🔍 Petlove: Buscando Baytril
2026-08-03 20:55:39,380 - scraper_base - INFO - ✅ Petlove: 6 produto(s) encontrado(s) para Baytril
2026-08-03 20:55:40,503 - scraper_base - INFO - 📊 Petlove - Estatísticas finais:
2026-08-03 20:55:40,503 - scraper_base - INFO -    • Medicamentos processados: 20
2026-08-03 20:55:40,504 - scraper_base - INFO -    • Produtos encontrados: 252
2026-08-03 20:55:40,504 - scraper_base - INFO -    • Medicamentos sem resultado: 0
2026-08-03 20:55:40,504 - scraper_base - INFO -    • Tempo total: 53.4s
2026-08-03 20:55:40,504 - scraper_base - INFO -    • Tempo médio por medicamento: 2.7s
2026-08-03 20:55:40,545 - gerenciador_arquivos - INFO - Excel salvo: dados_coletados/petlove_20260803_205540.xlsx (252 produtos)
2026-08-03 20:55:40,545 - gerenciador_principal - INFO - Petlove: Arquivo individual salvo com sucesso
2026-08-03 20:55:40,545 - gerenciador_principal - INFO - Pausando entre sites...
2026-08-03 20:55:42,545 - gerenciador_principal - INFO - [3/3] Processando Petz
2026-08-03 20:55:42,545 - scraper_base - INFO - 🚀 Iniciando scraping completo - Petz
2026-08-03 20:55:42,915 - scraper_base - INFO - 📋 20 medicamentos para processar
2026-08-03 20:55:42,915 - scraper_base - INFO - 📦 [1/20] Processando Simparic
2026-08-03 20:55:42,915 - scraper_base - INFO - 🔍 Petz: Buscando Simparic
2026-08-03 20:55:47,310 - scraper_base - INFO - ✅ Petz: 24 produto(s) encontrado(s) para Simparic
2026-08-03 20:55:49,348 - scraper_base - INFO - 📦 [2/20] Processando Revolution
2026-08-03 20:55:49,348 - scraper_base - INFO - 🔍 Petz: Buscando Revolution
2026-08-03 20:55:51,969 - scraper_base - INFO - ✅ Petz: 27 produto(s) encontrado(s) para Revolution
2026-08-03 20:55:54,713 - scraper_base - INFO - 📦 [3/20] Processando NexGard
2026-08-03 20:55:54,713 - scraper_base - INFO - 🔍 Petz: Buscando NexGard
2026-08-03 20:55:57,303 - scraper_base - INFO - ✅ Petz: 22 produto(s) encontrado(s) para NexGard
2026-08-03 20:55:59,802 - scraper_base - INFO - 📦 [4/20] Processando NexGard Spectra
2026-08-03 20:55:59,802 - scraper_base - INFO - 🔍 Petz: Buscando NexGard Spectra
2026-08-03 20:56:02,056 - scraper_base - INFO - ✅ Petz: 10 produto(s) encontrado(s) para NexGard Spectra
2026-08-03 20:56:03,269 - scraper_base - INFO - 📦 [5/20] Processando NexGard Combo
2026-08-03 20:56:03,270 - scraper_base - INFO - 🔍 Petz: Buscando NexGard Combo
2026-08-03 20:56:05,173 - scraper_base - INFO - ✅ Petz: 4 produto(s) encontrado(s) para NexGard Combo
2026-08-03 20:56:06,961 - scraper_base - INFO - 📦 [6/20] Processando Bravecto
2026-08-03 20:56:06,962 - scraper_base - INFO - 🔍 Petz: Buscando Bravecto
2026-08-03 20:56:09,157 - scraper_base - INFO - ✅ Petz: 16 produto(s) encontrado(s) para Bravecto
2026-08-03 20:56:11,588 - scraper_base - INFO - 📦 [7/20] Processando Frontline
2026-08-03 20:56:11,588 - scraper_base - INFO - 🔍 Petz: Buscando Frontline
2026-08-03 20:56:13,685 - scraper_base - INFO - ✅ Petz: 11 produto(s) encontrado(s) para Frontline
2026-08-03 20:56:15,974 - scraper_base - INFO - 📦 [8/20] Processando Advocate
2026-08-03 20:56:15,974 - scraper_base - INFO - 🔍 Petz: Buscando Advocate
2026-08-03 20:56:17,948 - scraper_base - INFO - ✅ Petz: 12 produto(s) encontrado(s) para Advocate
2026-08-03 20:56:19,865 - scraper_base - INFO - 📦 [9/20] Processando Drontal
2026-08-03 20:56:19,866 - scraper_base - INFO - 🔍 Petz: Buscando Drontal
2026-08-03 20:56:23,017 - scraper_base - INFO - ✅ Petz: 37 produto(s) encontrado(s) para Drontal
2026-08-03 20:56:25,007 - scraper_base - INFO - 📦 [10/20] Processando Milbemax
2026-08-03 20:56:25,007 - scraper_base - INFO - 🔍 Petz: Buscando Milbemax
2026-08-03 20:56:27,017 - scraper_base - INFO - ✅ Petz: 4 produto(s) encontrado(s) para Milbemax
2026-08-03 20:56:28,503 - scraper_base - INFO - 📦 [11/20] Processando Vermivet
2026-08-03 20:56:28,503 - scraper_base - INFO - 🔍 Petz: Buscando Vermivet
2026-08-03 20:56:30,727 - scraper_base - INFO - ✅ Petz: 5 produto(s) encontrado(s) para Vermivet
2026-08-03 20:56:32,322 - scraper_base - INFO - 📦 [12/20] Processando Rimadyl
2026-08-03 20:56:32,322 - scraper_base - INFO - 🔍 Petz: Buscando Rimadyl
2026-08-03 20:56:34,140 - scraper_base - INFO - ✅ Petz: 3 produto(s) encontrado(s) para Rimadyl
2026-08-03 20:56:36,064 - scraper_base - INFO - 📦 [13/20] Processando Onsior
2026-08-03 20:56:36,064 - scraper_base - INFO - 🔍 Petz: Buscando Onsior
2026-08-03 20:56:37,776 - scraper_base - INFO - ✅ Petz: 4 produto(s) encontrado(s) para Onsior
2026-08-03 20:56:39,945 - scraper_base - INFO - 📦 [14/20] Processando Maxicam
2026-08-03 20:56:39,945 - scraper_base - INFO - 🔍 Petz: Buscando Maxicam
2026-08-03 20:56:42,370 - scraper_base - INFO - ✅ Petz: 27 produto(s) encontrado(s) para Maxicam
2026-08-03 20:56:44,097 - scraper_base - INFO - 📦 [15/20] Processando Carproflan
2026-08-03 20:56:44,097 - scraper_base - INFO - 🔍 Petz: Buscando Carproflan
2026-08-03 20:56:45,977 - scraper_base - INFO - ✅ Petz: 3 produto(s) encontrado(s) para Carproflan
2026-08-03 20:56:47,986 - scraper_base - INFO - 📦 [16/20] Processando Previcox
2026-08-03 20:56:47,986 - scraper_base - INFO - 🔍 Petz: Buscando Previcox
2026-08-03 20:56:49,686 - scraper_base - INFO - ✅ Petz: 2 produto(s) encontrado(s) para Previcox
2026-08-03 20:56:52,205 - scraper_base - INFO - 📦 [17/20] Processando Apoquel
2026-08-03 20:56:52,205 - scraper_base - INFO - 🔍 Petz: Buscando Apoquel
2026-08-03 20:56:53,920 - scraper_base - INFO - ✅ Petz: 3 produto(s) encontrado(s) para Apoquel
2026-08-03 20:56:55,530 - scraper_base - INFO - 📦 [18/20] Processando Zenrelia
2026-08-03 20:56:55,530 - scraper_base - INFO - 🔍 Petz: Buscando Zenrelia
2026-08-03 20:56:57,254 - scraper_base - INFO - ✅ Petz: 4 produto(s) encontrado(s) para Zenrelia
2026-08-03 20:56:59,050 - scraper_base - INFO - 📦 [19/20] Processando Synulox
2026-08-03 20:56:59,050 - scraper_base - INFO - 🔍 Petz: Buscando Synulox
2026-08-03 20:57:00,895 - scraper_base - INFO - ✅ Petz: 2 produto(s) encontrado(s) para Synulox
2026-08-03 20:57:02,629 - scraper_base - INFO - 📦 [20/20] Processando Baytril
2026-08-03 20:57:02,630 - scraper_base - INFO - 🔍 Petz: Buscando Baytril
2026-08-03 20:57:04,671 - scraper_base - INFO - ✅ Petz: 9 produto(s) encontrado(s) para Baytril
2026-08-03 20:57:07,244 - scraper_base - INFO - 📊 Petz - Estatísticas finais:
2026-08-03 20:57:07,244 - scraper_base - INFO -    • Medicamentos processados: 20
2026-08-03 20:57:07,244 - scraper_base - INFO -    • Produtos encontrados: 229
2026-08-03 20:57:07,244 - scraper_base - INFO -    • Medicamentos sem resultado: 0
2026-08-03 20:57:07,244 - scraper_base - INFO -    • Tempo total: 84.7s
2026-08-03 20:57:07,244 - scraper_base - INFO -    • Tempo médio por medicamento: 4.2s
2026-08-03 20:57:07,286 - gerenciador_arquivos - INFO - Excel salvo: dados_coletados/petz_20260803_205707.xlsx (229 produtos)
2026-08-03 20:57:07,286 - gerenciador_principal - INFO - Petz: Arquivo individual salvo com sucesso
2026-08-03 20:57:07,286 - gerenciador_principal - INFO - Gerando relatório consolidado...
2026-08-03 20:57:07,474 - gerenciador_arquivos - INFO - Relatório consolidado salvo: dados_relatorios/relatorio_consolidado_20260803_205707.xlsx
2026-08-03 20:57:07,560 - gerenciador_conexoes - INFO - Chrome fechado
2026-08-03 20:57:07,560 - gerenciador_conexoes - INFO - Métodos utilizados - Requests: 63.3%, Selenium: 36.7%, Falhas: 0.0%
2026-08-03 20:57:07,560 - gerenciador_principal - INFO - ============================================================
2026-08-03 20:57:07,560 - gerenciador_principal - INFO - RELATORIO FINAL DE EXECUÇÃO
2026-08-03 20:57:07,561 - gerenciador_principal - INFO - ============================================================
2026-08-03 20:57:07,561 - gerenciador_principal - INFO - Sites processados: 3
2026-08-03 20:57:07,561 - gerenciador_principal - INFO - Sites com sucesso: 3
2026-08-03 20:57:07,561 - gerenciador_principal - INFO - Total de produtos coletados: 624
2026-08-03 20:57:07,561 - gerenciador_principal - INFO - Tempo total de execução: 366.5 segundos
2026-08-03 20:57:07,561 - gerenciador_principal - INFO - Estatísticas de conexão:
2026-08-03 20:57:07,561 - gerenciador_principal - INFO -   - Requests bem-sucedidos: 63.3%
2026-08-03 20:57:07,561 - gerenciador_principal - INFO -   - Selenium fallback: 36.7%
2026-08-03 20:57:07,561 - gerenciador_principal - INFO -   - Falhas totais: 0.0%
2026-08-03 20:57:07,564 - gerenciador_principal - INFO - Arquivos salvos na pasta: dados_coletados
2026-08-03 20:57:07,564 - gerenciador_principal - INFO - Total de arquivos: 900
2026-08-03 20:57:07,564 - gerenciador_principal - INFO - ============================================================
