2026-03-04 20:20:43,906 - configurador_logs - INFO - Sistema de logs configurado com sucesso
2026-03-04 20:20:43,906 - configurador_logs - INFO - 🚀 Logs configurados para MODO PRODUÇÃO
2026-03-04 20:20:43,906 - gerenciador_principal - INFO - Inicializando sistema - Modo: PRODUCAO
2026-03-04 20:20:43,906 - gerenciador_arquivos - INFO - Pasta dados_coletados preparada
2026-03-04 20:20:43,906 - gerenciador_principal - INFO - Sistema inicializado com 3 scrapers
2026-03-04 20:20:43,906 - gerenciador_principal - INFO - ============================================================
2026-03-04 20:20:43,906 - gerenciador_principal - INFO - INICIANDO SCRAPING COMPLETO - PRODUCAO
2026-03-04 20:20:43,906 - gerenciador_principal - INFO - ============================================================
2026-03-04 20:20:43,906 - gerenciador_principal - INFO - [1/3] Processando Cobasi
2026-03-04 20:20:43,906 - scraper_base - INFO - 🚀 Iniciando scraping completo - Cobasi
2026-03-04 20:20:44,604 - gerenciador_conexoes - INFO - Sessao estabelecida com cobasi.com.br
2026-03-04 20:20:44,604 - scraper_base - INFO - 📋 20 medicamentos para processar
2026-03-04 20:20:44,604 - scraper_base - INFO - 📦 [1/20] Processando Simparic
2026-03-04 20:20:44,604 - scraper_base - INFO - 🔍 Cobasi: Buscando Simparic
2026-03-04 20:20:48,394 - scraper_cobasi - INFO - Cobasi: Dados extraídos via JSON para Simparic
2026-03-04 20:20:48,394 - scraper_base - INFO - ✅ Cobasi: 12 produto(s) encontrado(s) para Simparic
2026-03-04 20:20:49,811 - scraper_base - INFO - 📦 [2/20] Processando Revolution
2026-03-04 20:20:49,812 - scraper_base - INFO - 🔍 Cobasi: Buscando Revolution
2026-03-04 20:20:54,057 - scraper_cobasi - INFO - Cobasi: Dados extraídos via JSON para Revolution
2026-03-04 20:20:54,058 - scraper_base - INFO - ✅ Cobasi: 17 produto(s) encontrado(s) para Revolution
2026-03-04 20:20:56,804 - scraper_base - INFO - 📦 [3/20] Processando NexGard
2026-03-04 20:20:56,804 - scraper_base - INFO - 🔍 Cobasi: Buscando NexGard
2026-03-04 20:21:02,464 - scraper_cobasi - INFO - Cobasi: Dados extraídos via JSON para NexGard
2026-03-04 20:21:02,464 - scraper_base - INFO - ✅ Cobasi: 22 produto(s) encontrado(s) para NexGard
2026-03-04 20:21:04,676 - scraper_base - INFO - 📦 [4/20] Processando NexGard Spectra
2026-03-04 20:21:04,676 - scraper_base - INFO - 🔍 Cobasi: Buscando NexGard Spectra
2026-03-04 20:21:09,679 - scraper_cobasi - INFO - Cobasi: Dados extraídos via JSON para NexGard Spectra
2026-03-04 20:21:09,679 - scraper_base - INFO - ✅ Cobasi: 10 produto(s) encontrado(s) para NexGard Spectra
2026-03-04 20:21:11,889 - scraper_base - INFO - 📦 [5/20] Processando NexGard Combo
2026-03-04 20:21:11,889 - scraper_base - INFO - 🔍 Cobasi: Buscando NexGard Combo
2026-03-04 20:21:15,436 - scraper_cobasi - INFO - Cobasi: Dados extraídos via JSON para NexGard Combo
2026-03-04 20:21:15,436 - scraper_base - INFO - ✅ Cobasi: 4 produto(s) encontrado(s) para NexGard Combo
2026-03-04 20:21:17,782 - scraper_base - INFO - 📦 [6/20] Processando Bravecto
2026-03-04 20:21:17,783 - scraper_base - INFO - 🔍 Cobasi: Buscando Bravecto
2026-03-04 20:21:21,819 - scraper_cobasi - INFO - Cobasi: Dados extraídos via JSON para Bravecto
2026-03-04 20:21:21,820 - scraper_base - INFO - ✅ Cobasi: 16 produto(s) encontrado(s) para Bravecto
2026-03-04 20:21:24,020 - scraper_base - INFO - 📦 [7/20] Processando Frontline
2026-03-04 20:21:24,020 - scraper_base - INFO - 🔍 Cobasi: Buscando Frontline
2026-03-04 20:21:29,998 - scraper_cobasi - INFO - Cobasi: Dados extraídos via JSON para Frontline
2026-03-04 20:21:29,998 - scraper_base - INFO - ✅ Cobasi: 11 produto(s) encontrado(s) para Frontline
2026-03-04 20:21:32,442 - scraper_base - INFO - 📦 [8/20] Processando Advocate
2026-03-04 20:21:32,442 - scraper_base - INFO - 🔍 Cobasi: Buscando Advocate
2026-03-04 20:21:38,622 - scraper_cobasi - INFO - Cobasi: Dados extraídos via JSON para Advocate
2026-03-04 20:21:38,622 - scraper_base - INFO - ✅ Cobasi: 12 produto(s) encontrado(s) para Advocate
2026-03-04 20:21:41,350 - scraper_base - INFO - 📦 [9/20] Processando Drontal
2026-03-04 20:21:41,351 - scraper_base - INFO - 🔍 Cobasi: Buscando Drontal
2026-03-04 20:21:44,424 - scraper_cobasi - INFO - Cobasi: Dados extraídos via JSON para Drontal
2026-03-04 20:21:44,424 - scraper_base - INFO - ✅ Cobasi: 8 produto(s) encontrado(s) para Drontal
2026-03-04 20:21:47,348 - scraper_base - INFO - 📦 [10/20] Processando Milbemax
2026-03-04 20:21:47,349 - scraper_base - INFO - 🔍 Cobasi: Buscando Milbemax
2026-03-04 20:21:51,338 - scraper_cobasi - INFO - Cobasi: Dados extraídos via JSON para Milbemax
2026-03-04 20:21:51,338 - scraper_base - INFO - ✅ Cobasi: 4 produto(s) encontrado(s) para Milbemax
2026-03-04 20:21:53,891 - scraper_base - INFO - 📦 [11/20] Processando Vermivet
2026-03-04 20:21:53,891 - scraper_base - INFO - 🔍 Cobasi: Buscando Vermivet
2026-03-04 20:21:58,132 - scraper_cobasi - INFO - Cobasi: Dados extraídos via JSON para Vermivet
2026-03-04 20:21:58,132 - scraper_base - INFO - ✅ Cobasi: 5 produto(s) encontrado(s) para Vermivet
2026-03-04 20:21:59,318 - scraper_base - INFO - 📦 [12/20] Processando Rimadyl
2026-03-04 20:21:59,318 - scraper_base - INFO - 🔍 Cobasi: Buscando Rimadyl
2026-03-04 20:22:02,142 - scraper_cobasi - INFO - Cobasi: Dados extraídos via JSON para Rimadyl
2026-03-04 20:22:02,142 - scraper_base - INFO - ✅ Cobasi: 3 produto(s) encontrado(s) para Rimadyl
2026-03-04 20:22:03,920 - scraper_base - INFO - 📦 [13/20] Processando Onsior
2026-03-04 20:22:03,920 - scraper_base - INFO - 🔍 Cobasi: Buscando Onsior
2026-03-04 20:22:07,416 - scraper_cobasi - INFO - Cobasi: Dados extraídos via JSON para Onsior
2026-03-04 20:22:07,416 - scraper_base - INFO - ✅ Cobasi: 4 produto(s) encontrado(s) para Onsior
2026-03-04 20:22:09,213 - scraper_base - INFO - 📦 [14/20] Processando Maxicam
2026-03-04 20:22:09,213 - scraper_base - INFO - 🔍 Cobasi: Buscando Maxicam
2026-03-04 20:22:13,140 - scraper_cobasi - INFO - Cobasi: Dados extraídos via JSON para Maxicam
2026-03-04 20:22:13,140 - scraper_base - INFO - ✅ Cobasi: 3 produto(s) encontrado(s) para Maxicam
2026-03-04 20:22:14,188 - scraper_base - INFO - 📦 [15/20] Processando Carproflan
2026-03-04 20:22:14,188 - scraper_base - INFO - 🔍 Cobasi: Buscando Carproflan
2026-03-04 20:22:17,180 - scraper_cobasi - INFO - Cobasi: Dados extraídos via JSON para Carproflan
2026-03-04 20:22:17,181 - scraper_base - INFO - ✅ Cobasi: 3 produto(s) encontrado(s) para Carproflan
2026-03-04 20:22:18,513 - scraper_base - INFO - 📦 [16/20] Processando Previcox
2026-03-04 20:22:18,513 - scraper_base - INFO - 🔍 Cobasi: Buscando Previcox
2026-03-04 20:22:21,741 - scraper_cobasi - INFO - Cobasi: Dados extraídos via JSON para Previcox
2026-03-04 20:22:21,741 - scraper_base - INFO - ✅ Cobasi: 2 produto(s) encontrado(s) para Previcox
2026-03-04 20:22:23,379 - scraper_base - INFO - 📦 [17/20] Processando Apoquel
2026-03-04 20:22:23,379 - scraper_base - INFO - 🔍 Cobasi: Buscando Apoquel
2026-03-04 20:22:26,735 - scraper_cobasi - INFO - Cobasi: Dados extraídos via JSON para Apoquel
2026-03-04 20:22:26,735 - scraper_base - INFO - ✅ Cobasi: 3 produto(s) encontrado(s) para Apoquel
2026-03-04 20:22:29,015 - scraper_base - INFO - 📦 [18/20] Processando Zenrelia
2026-03-04 20:22:29,015 - scraper_base - INFO - 🔍 Cobasi: Buscando Zenrelia
2026-03-04 20:22:32,135 - scraper_cobasi - INFO - Cobasi: Dados extraídos via JSON para Zenrelia
2026-03-04 20:22:32,135 - scraper_base - INFO - ✅ Cobasi: 4 produto(s) encontrado(s) para Zenrelia
2026-03-04 20:22:34,113 - scraper_base - INFO - 📦 [19/20] Processando Synulox
2026-03-04 20:22:34,113 - scraper_base - INFO - 🔍 Cobasi: Buscando Synulox
2026-03-04 20:22:36,852 - scraper_cobasi - INFO - Cobasi: Dados extraídos via JSON para Synulox
2026-03-04 20:22:36,852 - scraper_base - INFO - ✅ Cobasi: 2 produto(s) encontrado(s) para Synulox
2026-03-04 20:22:39,514 - scraper_base - INFO - 📦 [20/20] Processando Baytril
2026-03-04 20:22:39,514 - scraper_base - INFO - 🔍 Cobasi: Buscando Baytril
2026-03-04 20:22:43,324 - scraper_cobasi - INFO - Cobasi: Dados extraídos via JSON para Baytril
2026-03-04 20:22:43,324 - scraper_base - INFO - ✅ Cobasi: 3 produto(s) encontrado(s) para Baytril
2026-03-04 20:22:44,446 - scraper_base - INFO - 📊 Cobasi - Estatísticas finais:
2026-03-04 20:22:44,446 - scraper_base - INFO -    • Medicamentos processados: 20
2026-03-04 20:22:44,446 - scraper_base - INFO -    • Produtos encontrados: 148
2026-03-04 20:22:44,446 - scraper_base - INFO -    • Medicamentos sem resultado: 0
2026-03-04 20:22:44,447 - scraper_base - INFO -    • Tempo total: 120.5s
2026-03-04 20:22:44,447 - scraper_base - INFO -    • Tempo médio por medicamento: 6.0s
2026-03-04 20:22:44,628 - gerenciador_arquivos - INFO - Excel salvo: dados_coletados/cobasi_20260304_202244.xlsx (148 produtos)
2026-03-04 20:22:44,628 - gerenciador_principal - INFO - Cobasi: Arquivo individual salvo com sucesso
2026-03-04 20:22:44,628 - gerenciador_principal - INFO - Pausando entre sites...
2026-03-04 20:22:46,628 - gerenciador_principal - INFO - [2/3] Processando Petlove
2026-03-04 20:22:46,628 - scraper_base - INFO - 🚀 Iniciando scraping completo - Petlove
2026-03-04 20:22:46,913 - scraper_base - INFO - 📋 20 medicamentos para processar
2026-03-04 20:22:46,913 - scraper_base - INFO - 📦 [1/20] Processando Simparic
2026-03-04 20:22:46,913 - scraper_base - INFO - 🔍 Petlove: Buscando Simparic
2026-03-04 20:22:48,631 - gerenciador_conexoes - INFO - Chrome inicializado com otimizacoes de velocidade
2026-03-04 20:22:51,063 - scraper_base - INFO - ✅ Petlove: 27 produto(s) encontrado(s) para Simparic
2026-03-04 20:22:52,904 - scraper_base - INFO - 📦 [2/20] Processando Revolution
2026-03-04 20:22:52,904 - scraper_base - INFO - 🔍 Petlove: Buscando Revolution
2026-03-04 20:22:54,807 - scraper_base - INFO - ✅ Petlove: 20 produto(s) encontrado(s) para Revolution
2026-03-04 20:22:55,999 - scraper_base - INFO - 📦 [3/20] Processando NexGard
2026-03-04 20:22:55,999 - scraper_base - INFO - 🔍 Petlove: Buscando NexGard
2026-03-04 20:22:57,416 - scraper_base - INFO - ✅ Petlove: 11 produto(s) encontrado(s) para NexGard
2026-03-04 20:22:59,043 - scraper_base - INFO - 📦 [4/20] Processando NexGard Spectra
2026-03-04 20:22:59,043 - scraper_base - INFO - 🔍 Petlove: Buscando NexGard Spectra
2026-03-04 20:23:00,380 - scraper_base - INFO - ✅ Petlove: 5 produto(s) encontrado(s) para NexGard Spectra
2026-03-04 20:23:02,398 - scraper_base - INFO - 📦 [5/20] Processando NexGard Combo
2026-03-04 20:23:02,398 - scraper_base - INFO - 🔍 Petlove: Buscando NexGard Combo
2026-03-04 20:23:03,746 - scraper_base - INFO - ✅ Petlove: 2 produto(s) encontrado(s) para NexGard Combo
2026-03-04 20:23:05,280 - scraper_base - INFO - 📦 [6/20] Processando Bravecto
2026-03-04 20:23:05,280 - scraper_base - INFO - 🔍 Petlove: Buscando Bravecto
2026-03-04 20:23:07,150 - scraper_base - INFO - ✅ Petlove: 23 produto(s) encontrado(s) para Bravecto
2026-03-04 20:23:10,125 - scraper_base - INFO - 📦 [7/20] Processando Frontline
2026-03-04 20:23:10,125 - scraper_base - INFO - 🔍 Petlove: Buscando Frontline
2026-03-04 20:23:12,418 - scraper_base - INFO - ✅ Petlove: 11 produto(s) encontrado(s) para Frontline
2026-03-04 20:23:14,632 - scraper_base - INFO - 📦 [8/20] Processando Advocate
2026-03-04 20:23:14,632 - scraper_base - INFO - 🔍 Petlove: Buscando Advocate
2026-03-04 20:23:17,597 - scraper_base - INFO - ✅ Petlove: 9 produto(s) encontrado(s) para Advocate
2026-03-04 20:23:18,758 - scraper_base - INFO - 📦 [9/20] Processando Drontal
2026-03-04 20:23:18,759 - scraper_base - INFO - 🔍 Petlove: Buscando Drontal
2026-03-04 20:23:20,603 - scraper_base - INFO - ✅ Petlove: 36 produto(s) encontrado(s) para Drontal
2026-03-04 20:23:22,836 - scraper_base - INFO - 📦 [10/20] Processando Milbemax
2026-03-04 20:23:22,836 - scraper_base - INFO - 🔍 Petlove: Buscando Milbemax
2026-03-04 20:23:24,281 - scraper_base - INFO - ✅ Petlove: 14 produto(s) encontrado(s) para Milbemax
2026-03-04 20:23:26,229 - scraper_base - INFO - 📦 [11/20] Processando Vermivet
2026-03-04 20:23:26,229 - scraper_base - INFO - 🔍 Petlove: Buscando Vermivet
2026-03-04 20:23:28,063 - scraper_base - INFO - ✅ Petlove: 36 produto(s) encontrado(s) para Vermivet
2026-03-04 20:23:30,656 - scraper_base - INFO - 📦 [12/20] Processando Rimadyl
2026-03-04 20:23:30,656 - scraper_base - INFO - 🔍 Petlove: Buscando Rimadyl
2026-03-04 20:23:32,264 - scraper_base - INFO - ✅ Petlove: 1 produto(s) encontrado(s) para Rimadyl
2026-03-04 20:23:33,806 - scraper_base - INFO - 📦 [13/20] Processando Onsior
2026-03-04 20:23:33,806 - scraper_base - INFO - 🔍 Petlove: Buscando Onsior
2026-03-04 20:23:35,896 - scraper_base - INFO - ✅ Petlove: 4 produto(s) encontrado(s) para Onsior
2026-03-04 20:23:36,939 - scraper_base - INFO - 📦 [14/20] Processando Maxicam
2026-03-04 20:23:36,939 - scraper_base - INFO - 🔍 Petlove: Buscando Maxicam
2026-03-04 20:23:38,196 - scraper_base - INFO - ✅ Petlove: 3 produto(s) encontrado(s) para Maxicam
2026-03-04 20:23:39,797 - scraper_base - INFO - 📦 [15/20] Processando Carproflan
2026-03-04 20:23:39,797 - scraper_base - INFO - 🔍 Petlove: Buscando Carproflan
2026-03-04 20:23:41,101 - scraper_base - INFO - ✅ Petlove: 8 produto(s) encontrado(s) para Carproflan
2026-03-04 20:23:44,086 - scraper_base - INFO - 📦 [16/20] Processando Previcox
2026-03-04 20:23:44,086 - scraper_base - INFO - 🔍 Petlove: Buscando Previcox
2026-03-04 20:23:45,597 - scraper_base - INFO - ✅ Petlove: 4 produto(s) encontrado(s) para Previcox
2026-03-04 20:23:47,917 - scraper_base - INFO - 📦 [17/20] Processando Apoquel
2026-03-04 20:23:47,917 - scraper_base - INFO - 🔍 Petlove: Buscando Apoquel
2026-03-04 20:23:49,409 - scraper_base - INFO - ✅ Petlove: 16 produto(s) encontrado(s) para Apoquel
2026-03-04 20:23:50,552 - scraper_base - INFO - 📦 [18/20] Processando Zenrelia
2026-03-04 20:23:50,552 - scraper_base - INFO - 🔍 Petlove: Buscando Zenrelia
2026-03-04 20:23:52,246 - scraper_base - INFO - ✅ Petlove: 4 produto(s) encontrado(s) para Zenrelia
2026-03-04 20:23:53,283 - scraper_base - INFO - 📦 [19/20] Processando Synulox
2026-03-04 20:23:53,283 - scraper_base - INFO - 🔍 Petlove: Buscando Synulox
2026-03-04 20:23:54,747 - scraper_base - INFO - ✅ Petlove: 1 produto(s) encontrado(s) para Synulox
2026-03-04 20:23:57,498 - scraper_base - INFO - 📦 [20/20] Processando Baytril
2026-03-04 20:23:57,499 - scraper_base - INFO - 🔍 Petlove: Buscando Baytril
2026-03-04 20:23:58,969 - scraper_base - INFO - ✅ Petlove: 4 produto(s) encontrado(s) para Baytril
2026-03-04 20:24:01,652 - scraper_base - INFO - 📊 Petlove - Estatísticas finais:
2026-03-04 20:24:01,652 - scraper_base - INFO -    • Medicamentos processados: 20
2026-03-04 20:24:01,652 - scraper_base - INFO -    • Produtos encontrados: 239
2026-03-04 20:24:01,652 - scraper_base - INFO -    • Medicamentos sem resultado: 0
2026-03-04 20:24:01,652 - scraper_base - INFO -    • Tempo total: 75.0s
2026-03-04 20:24:01,652 - scraper_base - INFO -    • Tempo médio por medicamento: 3.8s
2026-03-04 20:24:01,697 - gerenciador_arquivos - INFO - Excel salvo: dados_coletados/petlove_20260304_202401.xlsx (239 produtos)
2026-03-04 20:24:01,698 - gerenciador_principal - INFO - Petlove: Arquivo individual salvo com sucesso
2026-03-04 20:24:01,698 - gerenciador_principal - INFO - Pausando entre sites...
2026-03-04 20:24:03,698 - gerenciador_principal - INFO - [3/3] Processando Petz
2026-03-04 20:24:03,698 - scraper_base - INFO - 🚀 Iniciando scraping completo - Petz
2026-03-04 20:24:03,989 - scraper_base - INFO - 📋 20 medicamentos para processar
2026-03-04 20:24:03,989 - scraper_base - INFO - 📦 [1/20] Processando Simparic
2026-03-04 20:24:03,989 - scraper_base - INFO - 🔍 Petz: Buscando Simparic
2026-03-04 20:24:09,731 - scraper_base - INFO - ✅ Petz: 12 produto(s) encontrado(s) para Simparic
2026-03-04 20:24:11,082 - scraper_base - INFO - 📦 [2/20] Processando Revolution
2026-03-04 20:24:11,082 - scraper_base - INFO - 🔍 Petz: Buscando Revolution
2026-03-04 20:24:13,834 - scraper_base - INFO - ✅ Petz: 21 produto(s) encontrado(s) para Revolution
2026-03-04 20:24:15,612 - scraper_base - INFO - 📦 [3/20] Processando NexGard
2026-03-04 20:24:15,612 - scraper_base - INFO - 🔍 Petz: Buscando NexGard
2026-03-04 20:24:17,732 - scraper_base - INFO - ✅ Petz: 22 produto(s) encontrado(s) para NexGard
2026-03-04 20:24:19,904 - scraper_base - INFO - 📦 [4/20] Processando NexGard Spectra
2026-03-04 20:24:19,904 - scraper_base - INFO - 🔍 Petz: Buscando NexGard Spectra
2026-03-04 20:24:22,455 - scraper_base - INFO - ✅ Petz: 10 produto(s) encontrado(s) para NexGard Spectra
2026-03-04 20:24:23,764 - scraper_base - INFO - 📦 [5/20] Processando NexGard Combo
2026-03-04 20:24:23,764 - scraper_base - INFO - 🔍 Petz: Buscando NexGard Combo
2026-03-04 20:24:25,850 - scraper_base - INFO - ✅ Petz: 4 produto(s) encontrado(s) para NexGard Combo
2026-03-04 20:24:27,925 - scraper_base - INFO - 📦 [6/20] Processando Bravecto
2026-03-04 20:24:27,925 - scraper_base - INFO - 🔍 Petz: Buscando Bravecto
2026-03-04 20:24:30,717 - scraper_base - INFO - ✅ Petz: 16 produto(s) encontrado(s) para Bravecto
2026-03-04 20:24:32,897 - scraper_base - INFO - 📦 [7/20] Processando Frontline
2026-03-04 20:24:32,898 - scraper_base - INFO - 🔍 Petz: Buscando Frontline
2026-03-04 20:24:34,816 - scraper_base - INFO - ✅ Petz: 11 produto(s) encontrado(s) para Frontline
2026-03-04 20:24:37,367 - scraper_base - INFO - 📦 [8/20] Processando Advocate
2026-03-04 20:24:37,367 - scraper_base - INFO - 🔍 Petz: Buscando Advocate
2026-03-04 20:24:39,540 - scraper_base - INFO - ✅ Petz: 12 produto(s) encontrado(s) para Advocate
2026-03-04 20:24:42,246 - scraper_base - INFO - 📦 [9/20] Processando Drontal
2026-03-04 20:24:42,246 - scraper_base - INFO - 🔍 Petz: Buscando Drontal
2026-03-04 20:24:45,004 - scraper_base - INFO - ✅ Petz: 35 produto(s) encontrado(s) para Drontal
2026-03-04 20:24:46,757 - scraper_base - INFO - 📦 [10/20] Processando Milbemax
2026-03-04 20:24:46,757 - scraper_base - INFO - 🔍 Petz: Buscando Milbemax
2026-03-04 20:24:48,862 - scraper_base - INFO - ✅ Petz: 4 produto(s) encontrado(s) para Milbemax
2026-03-04 20:24:49,959 - scraper_base - INFO - 📦 [11/20] Processando Vermivet
2026-03-04 20:24:49,959 - scraper_base - INFO - 🔍 Petz: Buscando Vermivet
2026-03-04 20:24:52,260 - scraper_base - INFO - ✅ Petz: 5 produto(s) encontrado(s) para Vermivet
2026-03-04 20:24:53,825 - scraper_base - INFO - 📦 [12/20] Processando Rimadyl
2026-03-04 20:24:53,826 - scraper_base - INFO - 🔍 Petz: Buscando Rimadyl
2026-03-04 20:24:55,503 - scraper_base - INFO - ✅ Petz: 3 produto(s) encontrado(s) para Rimadyl
2026-03-04 20:24:57,775 - scraper_base - INFO - 📦 [13/20] Processando Onsior
2026-03-04 20:24:57,775 - scraper_base - INFO - 🔍 Petz: Buscando Onsior
2026-03-04 20:24:59,613 - scraper_base - INFO - ✅ Petz: 4 produto(s) encontrado(s) para Onsior
2026-03-04 20:25:01,078 - scraper_base - INFO - 📦 [14/20] Processando Maxicam
2026-03-04 20:25:01,078 - scraper_base - INFO - 🔍 Petz: Buscando Maxicam
2026-03-04 20:25:04,098 - scraper_base - INFO - ✅ Petz: 31 produto(s) encontrado(s) para Maxicam
2026-03-04 20:25:06,664 - scraper_base - INFO - 📦 [15/20] Processando Carproflan
2026-03-04 20:25:06,664 - scraper_base - INFO - 🔍 Petz: Buscando Carproflan
2026-03-04 20:25:08,515 - scraper_base - INFO - ✅ Petz: 3 produto(s) encontrado(s) para Carproflan
2026-03-04 20:25:10,538 - scraper_base - INFO - 📦 [16/20] Processando Previcox
2026-03-04 20:25:10,538 - scraper_base - INFO - 🔍 Petz: Buscando Previcox
2026-03-04 20:25:14,050 - scraper_base - INFO - ✅ Petz: 2 produto(s) encontrado(s) para Previcox
2026-03-04 20:25:16,040 - scraper_base - INFO - 📦 [17/20] Processando Apoquel
2026-03-04 20:25:16,041 - scraper_base - INFO - 🔍 Petz: Buscando Apoquel
2026-03-04 20:25:17,787 - scraper_base - INFO - ✅ Petz: 3 produto(s) encontrado(s) para Apoquel
2026-03-04 20:25:19,696 - scraper_base - INFO - 📦 [18/20] Processando Zenrelia
2026-03-04 20:25:19,696 - scraper_base - INFO - 🔍 Petz: Buscando Zenrelia
2026-03-04 20:25:21,578 - scraper_base - INFO - ✅ Petz: 4 produto(s) encontrado(s) para Zenrelia
2026-03-04 20:25:23,754 - scraper_base - INFO - 📦 [19/20] Processando Synulox
2026-03-04 20:25:23,755 - scraper_base - INFO - 🔍 Petz: Buscando Synulox
2026-03-04 20:25:25,463 - scraper_base - INFO - ✅ Petz: 2 produto(s) encontrado(s) para Synulox
2026-03-04 20:25:27,459 - scraper_base - INFO - 📦 [20/20] Processando Baytril
2026-03-04 20:25:27,460 - scraper_base - INFO - 🔍 Petz: Buscando Baytril
2026-03-04 20:25:29,409 - scraper_base - INFO - ✅ Petz: 9 produto(s) encontrado(s) para Baytril
2026-03-04 20:25:31,086 - scraper_base - INFO - 📊 Petz - Estatísticas finais:
2026-03-04 20:25:31,086 - scraper_base - INFO -    • Medicamentos processados: 20
2026-03-04 20:25:31,086 - scraper_base - INFO -    • Produtos encontrados: 213
2026-03-04 20:25:31,086 - scraper_base - INFO -    • Medicamentos sem resultado: 0
2026-03-04 20:25:31,086 - scraper_base - INFO -    • Tempo total: 87.4s
2026-03-04 20:25:31,086 - scraper_base - INFO -    • Tempo médio por medicamento: 4.4s
2026-03-04 20:25:31,129 - gerenciador_arquivos - INFO - Excel salvo: dados_coletados/petz_20260304_202531.xlsx (213 produtos)
2026-03-04 20:25:31,129 - gerenciador_principal - INFO - Petz: Arquivo individual salvo com sucesso
2026-03-04 20:25:31,130 - gerenciador_principal - INFO - Gerando relatório consolidado...
2026-03-04 20:25:31,404 - gerenciador_arquivos - INFO - Relatório consolidado salvo: dados_relatorios/relatorio_consolidado_20260304_202531.xlsx
2026-03-04 20:25:31,535 - gerenciador_conexoes - INFO - Chrome fechado
2026-03-04 20:25:31,535 - gerenciador_conexoes - INFO - Métodos utilizados - Requests: 33.3%, Selenium: 66.7%, Falhas: 0.0%
2026-03-04 20:25:31,535 - gerenciador_principal - INFO - ============================================================
2026-03-04 20:25:31,536 - gerenciador_principal - INFO - RELATORIO FINAL DE EXECUÇÃO
2026-03-04 20:25:31,536 - gerenciador_principal - INFO - ============================================================
2026-03-04 20:25:31,536 - gerenciador_principal - INFO - Sites processados: 3
2026-03-04 20:25:31,536 - gerenciador_principal - INFO - Sites com sucesso: 3
2026-03-04 20:25:31,536 - gerenciador_principal - INFO - Total de produtos coletados: 600
2026-03-04 20:25:31,536 - gerenciador_principal - INFO - Tempo total de execução: 287.2 segundos
2026-03-04 20:25:31,536 - gerenciador_principal - INFO - Estatísticas de conexão:
2026-03-04 20:25:31,536 - gerenciador_principal - INFO -   - Requests bem-sucedidos: 33.3%
2026-03-04 20:25:31,536 - gerenciador_principal - INFO -   - Selenium fallback: 66.7%
2026-03-04 20:25:31,536 - gerenciador_principal - INFO -   - Falhas totais: 0.0%
2026-03-04 20:25:31,539 - gerenciador_principal - INFO - Arquivos salvos na pasta: dados_coletados
2026-03-04 20:25:31,539 - gerenciador_principal - INFO - Total de arquivos: 458
2026-03-04 20:25:31,539 - gerenciador_principal - INFO - ============================================================
