2026-08-31 23:27:41,537 - configurador_logs - INFO - Sistema de logs configurado com sucesso
2026-08-31 23:27:41,537 - configurador_logs - INFO - 🚀 Logs configurados para MODO PRODUÇÃO
2026-08-31 23:27:41,537 - gerenciador_principal - INFO - Inicializando sistema - Modo: PRODUCAO
2026-08-31 23:27:41,538 - gerenciador_arquivos - INFO - Pasta dados_coletados preparada
2026-08-31 23:27:41,538 - gerenciador_principal - INFO - Sistema inicializado com 3 scrapers
2026-08-31 23:27:41,538 - gerenciador_principal - INFO - ============================================================
2026-08-31 23:27:41,538 - gerenciador_principal - INFO - INICIANDO SCRAPING COMPLETO - PRODUCAO
2026-08-31 23:27:41,538 - gerenciador_principal - INFO - ============================================================
2026-08-31 23:27:41,538 - gerenciador_principal - INFO - [1/3] Processando Cobasi
2026-08-31 23:27:41,538 - scraper_base - INFO - 🚀 Iniciando scraping completo - Cobasi
2026-08-31 23:27:42,302 - gerenciador_conexoes - INFO - Sessao estabelecida com cobasi.com.br
2026-08-31 23:27:42,303 - scraper_base - INFO - 📋 20 medicamentos para processar
2026-08-31 23:27:42,303 - scraper_base - INFO - 📦 [1/20] Processando Simparic
2026-08-31 23:27:42,303 - scraper_base - INFO - 🔍 Cobasi: Buscando Simparic
2026-08-31 23:27:48,025 - scraper_cobasi - INFO - Cobasi: Dados extraídos via JSON para Simparic
2026-08-31 23:27:48,025 - scraper_base - INFO - ✅ Cobasi: 24 produto(s) encontrado(s) para Simparic
2026-08-31 23:27:50,473 - scraper_base - INFO - 📦 [2/20] Processando Revolution
2026-08-31 23:27:50,473 - scraper_base - INFO - 🔍 Cobasi: Buscando Revolution
2026-08-31 23:27:56,248 - scraper_cobasi - INFO - Cobasi: Dados extraídos via JSON para Revolution
2026-08-31 23:27:56,248 - scraper_base - INFO - ✅ Cobasi: 18 produto(s) encontrado(s) para Revolution
2026-08-31 23:27:57,876 - scraper_base - INFO - 📦 [3/20] Processando NexGard
2026-08-31 23:27:57,876 - scraper_base - INFO - 🔍 Cobasi: Buscando NexGard
2026-08-31 23:28:02,407 - scraper_cobasi - INFO - Cobasi: Dados extraídos via JSON para NexGard
2026-08-31 23:28:02,407 - scraper_base - INFO - ✅ Cobasi: 22 produto(s) encontrado(s) para NexGard
2026-08-31 23:28:04,342 - scraper_base - INFO - 📦 [4/20] Processando NexGard Spectra
2026-08-31 23:28:04,343 - scraper_base - INFO - 🔍 Cobasi: Buscando NexGard Spectra
2026-08-31 23:28:09,042 - scraper_cobasi - INFO - Cobasi: Dados extraídos via JSON para NexGard Spectra
2026-08-31 23:28:09,042 - scraper_base - INFO - ✅ Cobasi: 10 produto(s) encontrado(s) para NexGard Spectra
2026-08-31 23:28:11,303 - scraper_base - INFO - 📦 [5/20] Processando NexGard Combo
2026-08-31 23:28:11,303 - scraper_base - INFO - 🔍 Cobasi: Buscando NexGard Combo
2026-08-31 23:28:15,653 - scraper_cobasi - INFO - Cobasi: Dados extraídos via JSON para NexGard Combo
2026-08-31 23:28:15,653 - scraper_base - INFO - ✅ Cobasi: 4 produto(s) encontrado(s) para NexGard Combo
2026-08-31 23:28:18,400 - scraper_base - INFO - 📦 [6/20] Processando Bravecto
2026-08-31 23:28:18,400 - scraper_base - INFO - 🔍 Cobasi: Buscando Bravecto
2026-08-31 23:28:22,198 - scraper_cobasi - INFO - Cobasi: Dados extraídos via JSON para Bravecto
2026-08-31 23:28:22,198 - scraper_base - INFO - ✅ Cobasi: 16 produto(s) encontrado(s) para Bravecto
2026-08-31 23:28:24,896 - scraper_base - INFO - 📦 [7/20] Processando Frontline
2026-08-31 23:28:24,896 - scraper_base - INFO - 🔍 Cobasi: Buscando Frontline
2026-08-31 23:28:29,514 - scraper_cobasi - INFO - Cobasi: Dados extraídos via JSON para Frontline
2026-08-31 23:28:29,514 - scraper_base - INFO - ✅ Cobasi: 11 produto(s) encontrado(s) para Frontline
2026-08-31 23:28:30,882 - scraper_base - INFO - 📦 [8/20] Processando Advocate
2026-08-31 23:28:30,882 - scraper_base - INFO - 🔍 Cobasi: Buscando Advocate
2026-08-31 23:28:35,262 - scraper_cobasi - INFO - Cobasi: Dados extraídos via JSON para Advocate
2026-08-31 23:28:35,262 - scraper_base - INFO - ✅ Cobasi: 12 produto(s) encontrado(s) para Advocate
2026-08-31 23:28:37,730 - scraper_base - INFO - 📦 [9/20] Processando Drontal
2026-08-31 23:28:37,730 - scraper_base - INFO - 🔍 Cobasi: Buscando Drontal
2026-08-31 23:28:43,224 - scraper_cobasi - INFO - Cobasi: Dados extraídos via JSON para Drontal
2026-08-31 23:28:43,224 - scraper_base - INFO - ✅ Cobasi: 8 produto(s) encontrado(s) para Drontal
2026-08-31 23:28:44,942 - scraper_base - INFO - 📦 [10/20] Processando Milbemax
2026-08-31 23:28:44,942 - scraper_base - INFO - 🔍 Cobasi: Buscando Milbemax
2026-08-31 23:28:49,757 - scraper_cobasi - INFO - Cobasi: Dados extraídos via JSON para Milbemax
2026-08-31 23:28:49,757 - scraper_base - INFO - ✅ Cobasi: 4 produto(s) encontrado(s) para Milbemax
2026-08-31 23:28:51,155 - scraper_base - INFO - 📦 [11/20] Processando Vermivet
2026-08-31 23:28:51,156 - scraper_base - INFO - 🔍 Cobasi: Buscando Vermivet
2026-08-31 23:28:55,259 - scraper_cobasi - INFO - Cobasi: Dados extraídos via JSON para Vermivet
2026-08-31 23:28:55,259 - scraper_base - INFO - ✅ Cobasi: 5 produto(s) encontrado(s) para Vermivet
2026-08-31 23:28:56,903 - scraper_base - INFO - 📦 [12/20] Processando Rimadyl
2026-08-31 23:28:56,904 - scraper_base - INFO - 🔍 Cobasi: Buscando Rimadyl
2026-08-31 23:29:02,597 - scraper_cobasi - INFO - Cobasi: Dados extraídos via JSON para Rimadyl
2026-08-31 23:29:02,597 - scraper_base - INFO - ✅ Cobasi: 3 produto(s) encontrado(s) para Rimadyl
2026-08-31 23:29:05,108 - scraper_base - INFO - 📦 [13/20] Processando Onsior
2026-08-31 23:29:05,108 - scraper_base - INFO - 🔍 Cobasi: Buscando Onsior
2026-08-31 23:29:07,717 - scraper_cobasi - INFO - Cobasi: Dados extraídos via JSON para Onsior
2026-08-31 23:29:07,717 - scraper_base - INFO - ✅ Cobasi: 4 produto(s) encontrado(s) para Onsior
2026-08-31 23:29:09,939 - scraper_base - INFO - 📦 [14/20] Processando Maxicam
2026-08-31 23:29:09,940 - scraper_base - INFO - 🔍 Cobasi: Buscando Maxicam
2026-08-31 23:29:13,111 - scraper_cobasi - INFO - Cobasi: Dados extraídos via JSON para Maxicam
2026-08-31 23:29:13,111 - scraper_base - INFO - ✅ Cobasi: 3 produto(s) encontrado(s) para Maxicam
2026-08-31 23:29:15,732 - scraper_base - INFO - 📦 [15/20] Processando Carproflan
2026-08-31 23:29:15,732 - scraper_base - INFO - 🔍 Cobasi: Buscando Carproflan
2026-08-31 23:29:18,866 - scraper_cobasi - INFO - Cobasi: Dados extraídos via JSON para Carproflan
2026-08-31 23:29:18,866 - scraper_base - INFO - ✅ Cobasi: 3 produto(s) encontrado(s) para Carproflan
2026-08-31 23:29:20,073 - scraper_base - INFO - 📦 [16/20] Processando Previcox
2026-08-31 23:29:20,074 - scraper_base - INFO - 🔍 Cobasi: Buscando Previcox
2026-08-31 23:29:23,799 - scraper_cobasi - INFO - Cobasi: Dados extraídos via JSON para Previcox
2026-08-31 23:29:23,799 - scraper_base - INFO - ✅ Cobasi: 2 produto(s) encontrado(s) para Previcox
2026-08-31 23:29:26,017 - scraper_base - INFO - 📦 [17/20] Processando Apoquel
2026-08-31 23:29:26,017 - scraper_base - INFO - 🔍 Cobasi: Buscando Apoquel
2026-08-31 23:29:30,313 - scraper_cobasi - INFO - Cobasi: Dados extraídos via JSON para Apoquel
2026-08-31 23:29:30,313 - scraper_base - INFO - ✅ Cobasi: 3 produto(s) encontrado(s) para Apoquel
2026-08-31 23:29:32,746 - scraper_base - INFO - 📦 [18/20] Processando Zenrelia
2026-08-31 23:29:32,746 - scraper_base - INFO - 🔍 Cobasi: Buscando Zenrelia
2026-08-31 23:29:36,660 - scraper_cobasi - INFO - Cobasi: Dados extraídos via JSON para Zenrelia
2026-08-31 23:29:36,660 - scraper_base - INFO - ✅ Cobasi: 4 produto(s) encontrado(s) para Zenrelia
2026-08-31 23:29:39,078 - scraper_base - INFO - 📦 [19/20] Processando Synulox
2026-08-31 23:29:39,078 - scraper_base - INFO - 🔍 Cobasi: Buscando Synulox
2026-08-31 23:29:42,258 - scraper_cobasi - INFO - Cobasi: Dados extraídos via JSON para Synulox
2026-08-31 23:29:42,259 - scraper_base - INFO - ✅ Cobasi: 2 produto(s) encontrado(s) para Synulox
2026-08-31 23:29:44,678 - scraper_base - INFO - 📦 [20/20] Processando Baytril
2026-08-31 23:29:44,678 - scraper_base - INFO - 🔍 Cobasi: Buscando Baytril
2026-08-31 23:29:49,020 - scraper_cobasi - INFO - Cobasi: Dados extraídos via JSON para Baytril
2026-08-31 23:29:49,020 - scraper_base - INFO - ✅ Cobasi: 2 produto(s) encontrado(s) para Baytril
2026-08-31 23:29:50,909 - scraper_base - INFO - 📊 Cobasi - Estatísticas finais:
2026-08-31 23:29:50,910 - scraper_base - INFO -    • Medicamentos processados: 20
2026-08-31 23:29:50,910 - scraper_base - INFO -    • Produtos encontrados: 160
2026-08-31 23:29:50,910 - scraper_base - INFO -    • Medicamentos sem resultado: 0
2026-08-31 23:29:50,910 - scraper_base - INFO -    • Tempo total: 129.4s
2026-08-31 23:29:50,910 - scraper_base - INFO -    • Tempo médio por medicamento: 6.5s
2026-08-31 23:29:51,050 - gerenciador_arquivos - INFO - Excel salvo: dados_coletados/cobasi_20260831_232950.xlsx (160 produtos)
2026-08-31 23:29:51,050 - gerenciador_principal - INFO - Cobasi: Arquivo individual salvo com sucesso
2026-08-31 23:29:51,050 - gerenciador_principal - INFO - Pausando entre sites...
2026-08-31 23:29:53,050 - gerenciador_principal - INFO - [2/3] Processando Petlove
2026-08-31 23:29:53,050 - scraper_base - INFO - 🚀 Iniciando scraping completo - Petlove
2026-08-31 23:29:53,330 - gerenciador_conexoes - INFO - Sessao estabelecida com petlove.com.br
2026-08-31 23:29:53,330 - scraper_base - INFO - 📋 20 medicamentos para processar
2026-08-31 23:29:53,330 - scraper_base - INFO - 📦 [1/20] Processando Simparic
2026-08-31 23:29:53,330 - scraper_base - INFO - 🔍 Petlove: Buscando Simparic
2026-08-31 23:29:54,137 - scraper_base - INFO - ✅ Petlove: 36 produto(s) encontrado(s) para Simparic
2026-08-31 23:29:55,483 - scraper_base - INFO - 📦 [2/20] Processando Revolution
2026-08-31 23:29:55,483 - scraper_base - INFO - 🔍 Petlove: Buscando Revolution
2026-08-31 23:29:56,346 - scraper_base - INFO - ✅ Petlove: 19 produto(s) encontrado(s) para Revolution
2026-08-31 23:29:57,846 - scraper_base - INFO - 📦 [3/20] Processando NexGard
2026-08-31 23:29:57,846 - scraper_base - INFO - 🔍 Petlove: Buscando NexGard
2026-08-31 23:29:58,563 - scraper_base - INFO - ✅ Petlove: 11 produto(s) encontrado(s) para NexGard
2026-08-31 23:29:59,639 - scraper_base - INFO - 📦 [4/20] Processando NexGard Spectra
2026-08-31 23:29:59,639 - scraper_base - INFO - 🔍 Petlove: Buscando NexGard Spectra
2026-08-31 23:30:00,384 - scraper_base - INFO - ✅ Petlove: 5 produto(s) encontrado(s) para NexGard Spectra
2026-08-31 23:30:02,609 - scraper_base - INFO - 📦 [5/20] Processando NexGard Combo
2026-08-31 23:30:02,609 - scraper_base - INFO - 🔍 Petlove: Buscando NexGard Combo
2026-08-31 23:30:03,336 - scraper_base - INFO - ✅ Petlove: 2 produto(s) encontrado(s) para NexGard Combo
2026-08-31 23:30:05,926 - scraper_base - INFO - 📦 [6/20] Processando Bravecto
2026-08-31 23:30:05,926 - scraper_base - INFO - 🔍 Petlove: Buscando Bravecto
2026-08-31 23:30:06,960 - scraper_base - INFO - ✅ Petlove: 23 produto(s) encontrado(s) para Bravecto
2026-08-31 23:30:09,252 - scraper_base - INFO - 📦 [7/20] Processando Frontline
2026-08-31 23:30:09,252 - scraper_base - INFO - 🔍 Petlove: Buscando Frontline
2026-08-31 23:30:10,099 - scraper_base - INFO - ✅ Petlove: 11 produto(s) encontrado(s) para Frontline
2026-08-31 23:30:11,127 - scraper_base - INFO - 📦 [8/20] Processando Advocate
2026-08-31 23:30:11,127 - scraper_base - INFO - 🔍 Petlove: Buscando Advocate
2026-08-31 23:30:11,903 - scraper_base - INFO - ✅ Petlove: 9 produto(s) encontrado(s) para Advocate
2026-08-31 23:30:14,487 - scraper_base - INFO - 📦 [9/20] Processando Drontal
2026-08-31 23:30:14,487 - scraper_base - INFO - 🔍 Petlove: Buscando Drontal
2026-08-31 23:30:16,113 - scraper_base - INFO - ✅ Petlove: 36 produto(s) encontrado(s) para Drontal
2026-08-31 23:30:18,217 - scraper_base - INFO - 📦 [10/20] Processando Milbemax
2026-08-31 23:30:18,217 - scraper_base - INFO - 🔍 Petlove: Buscando Milbemax
2026-08-31 23:30:19,043 - scraper_base - INFO - ✅ Petlove: 14 produto(s) encontrado(s) para Milbemax
2026-08-31 23:30:21,973 - scraper_base - INFO - 📦 [11/20] Processando Vermivet
2026-08-31 23:30:21,973 - scraper_base - INFO - 🔍 Petlove: Buscando Vermivet
2026-08-31 23:30:23,336 - scraper_base - INFO - ✅ Petlove: 36 produto(s) encontrado(s) para Vermivet
2026-08-31 23:30:25,731 - scraper_base - INFO - 📦 [12/20] Processando Rimadyl
2026-08-31 23:30:25,731 - scraper_base - INFO - 🔍 Petlove: Buscando Rimadyl
2026-08-31 23:30:26,399 - scraper_base - INFO - ✅ Petlove: 1 produto(s) encontrado(s) para Rimadyl
2026-08-31 23:30:28,787 - scraper_base - INFO - 📦 [13/20] Processando Onsior
2026-08-31 23:30:28,787 - scraper_base - INFO - 🔍 Petlove: Buscando Onsior
2026-08-31 23:30:29,465 - scraper_base - INFO - ✅ Petlove: 4 produto(s) encontrado(s) para Onsior
2026-08-31 23:30:32,202 - scraper_base - INFO - 📦 [14/20] Processando Maxicam
2026-08-31 23:30:32,202 - scraper_base - INFO - 🔍 Petlove: Buscando Maxicam
2026-08-31 23:30:33,081 - scraper_base - INFO - ✅ Petlove: 3 produto(s) encontrado(s) para Maxicam
2026-08-31 23:30:34,104 - scraper_base - INFO - 📦 [15/20] Processando Carproflan
2026-08-31 23:30:34,104 - scraper_base - INFO - 🔍 Petlove: Buscando Carproflan
2026-08-31 23:30:35,466 - scraper_base - INFO - ✅ Petlove: 7 produto(s) encontrado(s) para Carproflan
2026-08-31 23:30:38,443 - scraper_base - INFO - 📦 [16/20] Processando Previcox
2026-08-31 23:30:38,443 - scraper_base - INFO - 🔍 Petlove: Buscando Previcox
2026-08-31 23:30:39,370 - scraper_base - INFO - ✅ Petlove: 4 produto(s) encontrado(s) para Previcox
2026-08-31 23:30:40,609 - scraper_base - INFO - 📦 [17/20] Processando Apoquel
2026-08-31 23:30:40,609 - scraper_base - INFO - 🔍 Petlove: Buscando Apoquel
2026-08-31 23:30:41,461 - scraper_base - INFO - ✅ Petlove: 16 produto(s) encontrado(s) para Apoquel
2026-08-31 23:30:43,911 - scraper_base - INFO - 📦 [18/20] Processando Zenrelia
2026-08-31 23:30:43,911 - scraper_base - INFO - 🔍 Petlove: Buscando Zenrelia
2026-08-31 23:30:44,552 - scraper_base - INFO - ✅ Petlove: 4 produto(s) encontrado(s) para Zenrelia
2026-08-31 23:30:47,503 - scraper_base - INFO - 📦 [19/20] Processando Synulox
2026-08-31 23:30:47,503 - scraper_base - INFO - 🔍 Petlove: Buscando Synulox
2026-08-31 23:30:48,092 - scraper_base - INFO - ✅ Petlove: 1 produto(s) encontrado(s) para Synulox
2026-08-31 23:30:51,056 - scraper_base - INFO - 📦 [20/20] Processando Baytril
2026-08-31 23:30:51,056 - scraper_base - INFO - 🔍 Petlove: Buscando Baytril
2026-08-31 23:30:51,820 - scraper_base - INFO - ✅ Petlove: 6 produto(s) encontrado(s) para Baytril
2026-08-31 23:30:53,098 - scraper_base - INFO - 📊 Petlove - Estatísticas finais:
2026-08-31 23:30:53,098 - scraper_base - INFO -    • Medicamentos processados: 20
2026-08-31 23:30:53,098 - scraper_base - INFO -    • Produtos encontrados: 248
2026-08-31 23:30:53,098 - scraper_base - INFO -    • Medicamentos sem resultado: 0
2026-08-31 23:30:53,098 - scraper_base - INFO -    • Tempo total: 60.0s
2026-08-31 23:30:53,098 - scraper_base - INFO -    • Tempo médio por medicamento: 3.0s
2026-08-31 23:30:53,143 - gerenciador_arquivos - INFO - Excel salvo: dados_coletados/petlove_20260831_233053.xlsx (248 produtos)
2026-08-31 23:30:53,143 - gerenciador_principal - INFO - Petlove: Arquivo individual salvo com sucesso
2026-08-31 23:30:53,143 - gerenciador_principal - INFO - Pausando entre sites...
2026-08-31 23:30:55,143 - gerenciador_principal - INFO - [3/3] Processando Petz
2026-08-31 23:30:55,143 - scraper_base - INFO - 🚀 Iniciando scraping completo - Petz
2026-08-31 23:30:55,457 - scraper_base - INFO - 📋 20 medicamentos para processar
2026-08-31 23:30:55,457 - scraper_base - INFO - 📦 [1/20] Processando Simparic
2026-08-31 23:30:55,458 - scraper_base - INFO - 🔍 Petz: Buscando Simparic
2026-08-31 23:31:03,019 - gerenciador_conexoes - INFO - Chrome inicializado com otimizacoes de velocidade
2026-08-31 23:31:07,578 - scraper_petz - INFO - Petz: Nenhum product-card encontrado para Simparic
2026-08-31 23:31:07,578 - scraper_base - INFO - ⚪ Petz: Nenhum produto encontrado para Simparic
2026-08-31 23:31:10,530 - scraper_base - INFO - 📦 [2/20] Processando Revolution
2026-08-31 23:31:10,530 - scraper_base - INFO - 🔍 Petz: Buscando Revolution
2026-08-31 23:31:13,787 - scraper_petz - INFO - Petz: Nenhum product-card encontrado para Revolution
2026-08-31 23:31:13,787 - scraper_base - INFO - ⚪ Petz: Nenhum produto encontrado para Revolution
2026-08-31 23:31:15,880 - scraper_base - INFO - 📦 [3/20] Processando NexGard
2026-08-31 23:31:15,881 - scraper_base - INFO - 🔍 Petz: Buscando NexGard
2026-08-31 23:31:18,520 - scraper_petz - INFO - Petz: Nenhum product-card encontrado para NexGard
2026-08-31 23:31:18,521 - scraper_base - INFO - ⚪ Petz: Nenhum produto encontrado para NexGard
2026-08-31 23:31:20,630 - scraper_base - INFO - 📦 [4/20] Processando NexGard Spectra
2026-08-31 23:31:20,630 - scraper_base - INFO - 🔍 Petz: Buscando NexGard Spectra
2026-08-31 23:31:22,959 - scraper_petz - INFO - Petz: Nenhum product-card encontrado para NexGard Spectra
2026-08-31 23:31:22,959 - scraper_base - INFO - ⚪ Petz: Nenhum produto encontrado para NexGard Spectra
2026-08-31 23:31:25,016 - scraper_base - INFO - 📦 [5/20] Processando NexGard Combo
2026-08-31 23:31:25,016 - scraper_base - INFO - 🔍 Petz: Buscando NexGard Combo
2026-08-31 23:31:26,953 - scraper_petz - INFO - Petz: Nenhum product-card encontrado para NexGard Combo
2026-08-31 23:31:26,953 - scraper_base - INFO - ⚪ Petz: Nenhum produto encontrado para NexGard Combo
2026-08-31 23:31:28,047 - scraper_base - INFO - 📦 [6/20] Processando Bravecto
2026-08-31 23:31:28,047 - scraper_base - INFO - 🔍 Petz: Buscando Bravecto
2026-08-31 23:31:30,820 - scraper_petz - INFO - Petz: Nenhum product-card encontrado para Bravecto
2026-08-31 23:31:30,820 - scraper_base - INFO - ⚪ Petz: Nenhum produto encontrado para Bravecto
2026-08-31 23:31:33,272 - scraper_base - INFO - 📦 [7/20] Processando Frontline
2026-08-31 23:31:33,272 - scraper_base - INFO - 🔍 Petz: Buscando Frontline
2026-08-31 23:31:35,862 - scraper_petz - INFO - Petz: Nenhum product-card encontrado para Frontline
2026-08-31 23:31:35,863 - scraper_base - INFO - ⚪ Petz: Nenhum produto encontrado para Frontline
2026-08-31 23:31:38,478 - scraper_base - INFO - 📦 [8/20] Processando Advocate
2026-08-31 23:31:38,478 - scraper_base - INFO - 🔍 Petz: Buscando Advocate
2026-08-31 23:31:40,755 - scraper_petz - INFO - Petz: Nenhum product-card encontrado para Advocate
2026-08-31 23:31:40,755 - scraper_base - INFO - ⚪ Petz: Nenhum produto encontrado para Advocate
2026-08-31 23:31:42,283 - scraper_base - INFO - 📦 [9/20] Processando Drontal
2026-08-31 23:31:42,283 - scraper_base - INFO - 🔍 Petz: Buscando Drontal
2026-08-31 23:31:45,613 - scraper_petz - INFO - Petz: Nenhum product-card encontrado para Drontal
2026-08-31 23:31:45,613 - scraper_base - INFO - ⚪ Petz: Nenhum produto encontrado para Drontal
2026-08-31 23:31:48,460 - scraper_base - INFO - 📦 [10/20] Processando Milbemax
2026-08-31 23:31:48,460 - scraper_base - INFO - 🔍 Petz: Buscando Milbemax
2026-08-31 23:31:50,364 - scraper_petz - INFO - Petz: Nenhum product-card encontrado para Milbemax
2026-08-31 23:31:50,365 - scraper_base - INFO - ⚪ Petz: Nenhum produto encontrado para Milbemax
2026-08-31 23:31:52,439 - scraper_base - INFO - 📦 [11/20] Processando Vermivet
2026-08-31 23:31:52,439 - scraper_base - INFO - 🔍 Petz: Buscando Vermivet
2026-08-31 23:31:54,835 - scraper_petz - INFO - Petz: Nenhum product-card encontrado para Vermivet
2026-08-31 23:31:54,835 - scraper_base - INFO - ⚪ Petz: Nenhum produto encontrado para Vermivet
2026-08-31 23:31:57,038 - scraper_base - INFO - 📦 [12/20] Processando Rimadyl
2026-08-31 23:31:57,039 - scraper_base - INFO - 🔍 Petz: Buscando Rimadyl
2026-08-31 23:31:58,808 - scraper_petz - INFO - Petz: Nenhum product-card encontrado para Rimadyl
2026-08-31 23:31:58,808 - scraper_base - INFO - ⚪ Petz: Nenhum produto encontrado para Rimadyl
2026-08-31 23:32:00,449 - scraper_base - INFO - 📦 [13/20] Processando Onsior
2026-08-31 23:32:00,450 - scraper_base - INFO - 🔍 Petz: Buscando Onsior
2026-08-31 23:32:02,891 - scraper_petz - INFO - Petz: Nenhum product-card encontrado para Onsior
2026-08-31 23:32:02,891 - scraper_base - INFO - ⚪ Petz: Nenhum produto encontrado para Onsior
2026-08-31 23:32:04,164 - scraper_base - INFO - 📦 [14/20] Processando Maxicam
2026-08-31 23:32:04,165 - scraper_base - INFO - 🔍 Petz: Buscando Maxicam
2026-08-31 23:32:06,886 - scraper_petz - INFO - Petz: Nenhum product-card encontrado para Maxicam
2026-08-31 23:32:06,886 - scraper_base - INFO - ⚪ Petz: Nenhum produto encontrado para Maxicam
2026-08-31 23:32:08,928 - scraper_base - INFO - 📦 [15/20] Processando Carproflan
2026-08-31 23:32:08,928 - scraper_base - INFO - 🔍 Petz: Buscando Carproflan
2026-08-31 23:32:11,184 - scraper_petz - INFO - Petz: Nenhum product-card encontrado para Carproflan
2026-08-31 23:32:11,184 - scraper_base - INFO - ⚪ Petz: Nenhum produto encontrado para Carproflan
2026-08-31 23:32:12,564 - scraper_base - INFO - 📦 [16/20] Processando Previcox
2026-08-31 23:32:12,564 - scraper_base - INFO - 🔍 Petz: Buscando Previcox
2026-08-31 23:32:14,741 - scraper_petz - INFO - Petz: Nenhum product-card encontrado para Previcox
2026-08-31 23:32:14,741 - scraper_base - INFO - ⚪ Petz: Nenhum produto encontrado para Previcox
2026-08-31 23:32:16,331 - scraper_base - INFO - 📦 [17/20] Processando Apoquel
2026-08-31 23:32:16,331 - scraper_base - INFO - 🔍 Petz: Buscando Apoquel
2026-08-31 23:32:18,605 - scraper_petz - INFO - Petz: Nenhum product-card encontrado para Apoquel
2026-08-31 23:32:18,605 - scraper_base - INFO - ⚪ Petz: Nenhum produto encontrado para Apoquel
2026-08-31 23:32:20,983 - scraper_base - INFO - 📦 [18/20] Processando Zenrelia
2026-08-31 23:32:20,984 - scraper_base - INFO - 🔍 Petz: Buscando Zenrelia
2026-08-31 23:32:23,331 - scraper_petz - INFO - Petz: Nenhum product-card encontrado para Zenrelia
2026-08-31 23:32:23,332 - scraper_base - INFO - ⚪ Petz: Nenhum produto encontrado para Zenrelia
2026-08-31 23:32:24,920 - scraper_base - INFO - 📦 [19/20] Processando Synulox
2026-08-31 23:32:24,920 - scraper_base - INFO - 🔍 Petz: Buscando Synulox
2026-08-31 23:32:26,864 - scraper_petz - INFO - Petz: Nenhum product-card encontrado para Synulox
2026-08-31 23:32:26,864 - scraper_base - INFO - ⚪ Petz: Nenhum produto encontrado para Synulox
2026-08-31 23:32:28,982 - scraper_base - INFO - 📦 [20/20] Processando Baytril
2026-08-31 23:32:28,982 - scraper_base - INFO - 🔍 Petz: Buscando Baytril
2026-08-31 23:32:31,042 - scraper_petz - INFO - Petz: Nenhum product-card encontrado para Baytril
2026-08-31 23:32:31,042 - scraper_base - INFO - ⚪ Petz: Nenhum produto encontrado para Baytril
2026-08-31 23:32:33,495 - scraper_base - INFO - 📊 Petz - Estatísticas finais:
2026-08-31 23:32:33,495 - scraper_base - INFO -    • Medicamentos processados: 20
2026-08-31 23:32:33,495 - scraper_base - INFO -    • Produtos encontrados: 0
2026-08-31 23:32:33,495 - scraper_base - INFO -    • Medicamentos sem resultado: 20
2026-08-31 23:32:33,495 - scraper_base - INFO -    • Tempo total: 98.4s
2026-08-31 23:32:33,495 - scraper_base - INFO -    • Tempo médio por medicamento: 4.9s
2026-08-31 23:32:33,495 - gerenciador_principal - WARNING - Petz: Nenhum produto coletado
2026-08-31 23:32:33,495 - gerenciador_principal - INFO - Gerando relatório consolidado...
2026-08-31 23:32:33,681 - gerenciador_arquivos - INFO - Relatório consolidado salvo: dados_relatorios/relatorio_consolidado_20260831_233233.xlsx
2026-08-31 23:32:33,761 - gerenciador_conexoes - INFO - Chrome fechado
2026-08-31 23:32:33,761 - gerenciador_conexoes - INFO - Métodos utilizados - Requests: 66.7%, Selenium: 33.3%, Falhas: 0.0%
2026-08-31 23:32:33,761 - gerenciador_principal - INFO - ============================================================
2026-08-31 23:32:33,761 - gerenciador_principal - INFO - RELATORIO FINAL DE EXECUÇÃO
2026-08-31 23:32:33,761 - gerenciador_principal - INFO - ============================================================
2026-08-31 23:32:33,761 - gerenciador_principal - INFO - Sites processados: 3
2026-08-31 23:32:33,761 - gerenciador_principal - INFO - Sites com sucesso: 2
2026-08-31 23:32:33,761 - gerenciador_principal - INFO - Total de produtos coletados: 408
2026-08-31 23:32:33,761 - gerenciador_principal - WARNING - Sites com falhas: Petz
2026-08-31 23:32:33,761 - gerenciador_principal - INFO - Tempo total de execução: 292.0 segundos
2026-08-31 23:32:33,761 - gerenciador_principal - INFO - Estatísticas de conexão:
2026-08-31 23:32:33,761 - gerenciador_principal - INFO -   - Requests bem-sucedidos: 66.7%
2026-08-31 23:32:33,761 - gerenciador_principal - INFO -   - Selenium fallback: 33.3%
2026-08-31 23:32:33,761 - gerenciador_principal - INFO -   - Falhas totais: 0.0%
2026-08-31 23:32:33,765 - gerenciador_principal - INFO - Arquivos salvos na pasta: dados_coletados
2026-08-31 23:32:33,765 - gerenciador_principal - INFO - Total de arquivos: 963
2026-08-31 23:32:33,765 - gerenciador_principal - INFO - ============================================================
