2026-02-12 20:21:15,748 - configurador_logs - INFO - Sistema de logs configurado com sucesso
2026-02-12 20:21:15,748 - configurador_logs - INFO - 🚀 Logs configurados para MODO PRODUÇÃO
2026-02-12 20:21:15,748 - gerenciador_principal - INFO - Inicializando sistema - Modo: PRODUCAO
2026-02-12 20:21:15,749 - gerenciador_arquivos - INFO - Pasta dados_coletados preparada
2026-02-12 20:21:15,749 - gerenciador_principal - INFO - Sistema inicializado com 3 scrapers
2026-02-12 20:21:15,749 - gerenciador_principal - INFO - ============================================================
2026-02-12 20:21:15,749 - gerenciador_principal - INFO - INICIANDO SCRAPING COMPLETO - PRODUCAO
2026-02-12 20:21:15,749 - gerenciador_principal - INFO - ============================================================
2026-02-12 20:21:15,749 - gerenciador_principal - INFO - [1/3] Processando Cobasi
2026-02-12 20:21:15,749 - scraper_base - INFO - 🚀 Iniciando scraping completo - Cobasi
2026-02-12 20:21:16,030 - gerenciador_conexoes - INFO - Sessao estabelecida com cobasi.com.br
2026-02-12 20:21:16,030 - scraper_base - INFO - 📋 20 medicamentos para processar
2026-02-12 20:21:16,030 - scraper_base - INFO - 📦 [1/20] Processando Simparic
2026-02-12 20:21:16,030 - scraper_base - INFO - 🔍 Cobasi: Buscando Simparic
2026-02-12 20:21:18,284 - scraper_cobasi - INFO - Cobasi: Dados extraídos via JSON para Simparic
2026-02-12 20:21:18,284 - scraper_base - INFO - ✅ Cobasi: 12 produto(s) encontrado(s) para Simparic
2026-02-12 20:21:20,919 - scraper_base - INFO - 📦 [2/20] Processando Revolution
2026-02-12 20:21:20,919 - scraper_base - INFO - 🔍 Cobasi: Buscando Revolution
2026-02-12 20:21:23,326 - scraper_cobasi - INFO - Cobasi: Dados extraídos via JSON para Revolution
2026-02-12 20:21:23,326 - scraper_base - INFO - ✅ Cobasi: 18 produto(s) encontrado(s) para Revolution
2026-02-12 20:21:25,277 - scraper_base - INFO - 📦 [3/20] Processando NexGard
2026-02-12 20:21:25,277 - scraper_base - INFO - 🔍 Cobasi: Buscando NexGard
2026-02-12 20:21:28,270 - scraper_cobasi - INFO - Cobasi: Dados extraídos via JSON para NexGard
2026-02-12 20:21:28,270 - scraper_base - INFO - ✅ Cobasi: 22 produto(s) encontrado(s) para NexGard
2026-02-12 20:21:30,795 - scraper_base - INFO - 📦 [4/20] Processando NexGard Spectra
2026-02-12 20:21:30,796 - scraper_base - INFO - 🔍 Cobasi: Buscando NexGard Spectra
2026-02-12 20:21:32,687 - scraper_cobasi - INFO - Cobasi: Dados extraídos via JSON para NexGard Spectra
2026-02-12 20:21:32,687 - scraper_base - INFO - ✅ Cobasi: 10 produto(s) encontrado(s) para NexGard Spectra
2026-02-12 20:21:34,272 - scraper_base - INFO - 📦 [5/20] Processando NexGard Combo
2026-02-12 20:21:34,273 - scraper_base - INFO - 🔍 Cobasi: Buscando NexGard Combo
2026-02-12 20:21:36,133 - scraper_cobasi - INFO - Cobasi: Dados extraídos via JSON para NexGard Combo
2026-02-12 20:21:36,133 - scraper_base - INFO - ✅ Cobasi: 4 produto(s) encontrado(s) para NexGard Combo
2026-02-12 20:21:38,848 - scraper_base - INFO - 📦 [6/20] Processando Bravecto
2026-02-12 20:21:38,848 - scraper_base - INFO - 🔍 Cobasi: Buscando Bravecto
2026-02-12 20:21:42,234 - scraper_cobasi - INFO - Cobasi: Dados extraídos via JSON para Bravecto
2026-02-12 20:21:42,234 - scraper_base - INFO - ✅ Cobasi: 16 produto(s) encontrado(s) para Bravecto
2026-02-12 20:21:43,571 - scraper_base - INFO - 📦 [7/20] Processando Frontline
2026-02-12 20:21:43,571 - scraper_base - INFO - 🔍 Cobasi: Buscando Frontline
2026-02-12 20:21:46,507 - scraper_cobasi - INFO - Cobasi: Dados extraídos via JSON para Frontline
2026-02-12 20:21:46,507 - scraper_base - INFO - ✅ Cobasi: 10 produto(s) encontrado(s) para Frontline
2026-02-12 20:21:48,404 - scraper_base - INFO - 📦 [8/20] Processando Advocate
2026-02-12 20:21:48,404 - scraper_base - INFO - 🔍 Cobasi: Buscando Advocate
2026-02-12 20:21:50,578 - scraper_cobasi - INFO - Cobasi: Dados extraídos via JSON para Advocate
2026-02-12 20:21:50,579 - scraper_base - INFO - ✅ Cobasi: 12 produto(s) encontrado(s) para Advocate
2026-02-12 20:21:51,858 - scraper_base - INFO - 📦 [9/20] Processando Drontal
2026-02-12 20:21:51,858 - scraper_base - INFO - 🔍 Cobasi: Buscando Drontal
2026-02-12 20:21:54,145 - scraper_cobasi - INFO - Cobasi: Dados extraídos via JSON para Drontal
2026-02-12 20:21:54,145 - scraper_base - INFO - ✅ Cobasi: 8 produto(s) encontrado(s) para Drontal
2026-02-12 20:21:55,382 - scraper_base - INFO - 📦 [10/20] Processando Milbemax
2026-02-12 20:21:55,382 - scraper_base - INFO - 🔍 Cobasi: Buscando Milbemax
2026-02-12 20:21:57,195 - scraper_cobasi - INFO - Cobasi: Dados extraídos via JSON para Milbemax
2026-02-12 20:21:57,195 - scraper_base - INFO - ✅ Cobasi: 4 produto(s) encontrado(s) para Milbemax
2026-02-12 20:21:59,555 - scraper_base - INFO - 📦 [11/20] Processando Vermivet
2026-02-12 20:21:59,555 - scraper_base - INFO - 🔍 Cobasi: Buscando Vermivet
2026-02-12 20:22:02,206 - scraper_cobasi - INFO - Cobasi: Dados extraídos via JSON para Vermivet
2026-02-12 20:22:02,207 - scraper_base - INFO - ✅ Cobasi: 5 produto(s) encontrado(s) para Vermivet
2026-02-12 20:22:04,239 - scraper_base - INFO - 📦 [12/20] Processando Rimadyl
2026-02-12 20:22:04,239 - scraper_base - INFO - 🔍 Cobasi: Buscando Rimadyl
2026-02-12 20:22:05,861 - scraper_cobasi - INFO - Cobasi: Dados extraídos via JSON para Rimadyl
2026-02-12 20:22:05,861 - scraper_base - INFO - ✅ Cobasi: 3 produto(s) encontrado(s) para Rimadyl
2026-02-12 20:22:08,835 - scraper_base - INFO - 📦 [13/20] Processando Onsior
2026-02-12 20:22:08,835 - scraper_base - INFO - 🔍 Cobasi: Buscando Onsior
2026-02-12 20:22:10,908 - scraper_cobasi - INFO - Cobasi: Dados extraídos via JSON para Onsior
2026-02-12 20:22:10,908 - scraper_base - INFO - ✅ Cobasi: 4 produto(s) encontrado(s) para Onsior
2026-02-12 20:22:13,308 - scraper_base - INFO - 📦 [14/20] Processando Maxicam
2026-02-12 20:22:13,308 - scraper_base - INFO - 🔍 Cobasi: Buscando Maxicam
2026-02-12 20:22:16,075 - scraper_cobasi - INFO - Cobasi: Dados extraídos via JSON para Maxicam
2026-02-12 20:22:16,075 - scraper_base - INFO - ✅ Cobasi: 21 produto(s) encontrado(s) para Maxicam
2026-02-12 20:22:17,636 - scraper_base - INFO - 📦 [15/20] Processando Carproflan
2026-02-12 20:22:17,636 - scraper_base - INFO - 🔍 Cobasi: Buscando Carproflan
2026-02-12 20:22:19,435 - scraper_cobasi - INFO - Cobasi: Dados extraídos via JSON para Carproflan
2026-02-12 20:22:19,435 - scraper_base - INFO - ✅ Cobasi: 3 produto(s) encontrado(s) para Carproflan
2026-02-12 20:22:21,314 - scraper_base - INFO - 📦 [16/20] Processando Previcox
2026-02-12 20:22:21,314 - scraper_base - INFO - 🔍 Cobasi: Buscando Previcox
2026-02-12 20:22:23,844 - scraper_cobasi - INFO - Cobasi: Dados extraídos via JSON para Previcox
2026-02-12 20:22:23,844 - scraper_base - INFO - ✅ Cobasi: 2 produto(s) encontrado(s) para Previcox
2026-02-12 20:22:25,585 - scraper_base - INFO - 📦 [17/20] Processando Apoquel
2026-02-12 20:22:25,585 - scraper_base - INFO - 🔍 Cobasi: Buscando Apoquel
2026-02-12 20:22:27,392 - scraper_cobasi - INFO - Cobasi: Dados extraídos via JSON para Apoquel
2026-02-12 20:22:27,392 - scraper_base - INFO - ✅ Cobasi: 3 produto(s) encontrado(s) para Apoquel
2026-02-12 20:22:30,057 - scraper_base - INFO - 📦 [18/20] Processando Zenrelia
2026-02-12 20:22:30,057 - scraper_base - INFO - 🔍 Cobasi: Buscando Zenrelia
2026-02-12 20:22:32,575 - scraper_cobasi - INFO - Cobasi: Dados extraídos via JSON para Zenrelia
2026-02-12 20:22:32,575 - scraper_base - INFO - ✅ Cobasi: 4 produto(s) encontrado(s) para Zenrelia
2026-02-12 20:22:35,361 - scraper_base - INFO - 📦 [19/20] Processando Synulox
2026-02-12 20:22:35,361 - scraper_base - INFO - 🔍 Cobasi: Buscando Synulox
2026-02-12 20:22:36,993 - scraper_cobasi - INFO - Cobasi: Dados extraídos via JSON para Synulox
2026-02-12 20:22:36,993 - scraper_base - INFO - ✅ Cobasi: 2 produto(s) encontrado(s) para Synulox
2026-02-12 20:22:38,112 - scraper_base - INFO - 📦 [20/20] Processando Baytril
2026-02-12 20:22:38,112 - scraper_base - INFO - 🔍 Cobasi: Buscando Baytril
2026-02-12 20:22:40,010 - scraper_cobasi - INFO - Cobasi: Dados extraídos via JSON para Baytril
2026-02-12 20:22:40,010 - scraper_base - INFO - ✅ Cobasi: 4 produto(s) encontrado(s) para Baytril
2026-02-12 20:22:41,724 - scraper_base - INFO - 📊 Cobasi - Estatísticas finais:
2026-02-12 20:22:41,724 - scraper_base - INFO -    • Medicamentos processados: 20
2026-02-12 20:22:41,724 - scraper_base - INFO -    • Produtos encontrados: 167
2026-02-12 20:22:41,724 - scraper_base - INFO -    • Medicamentos sem resultado: 0
2026-02-12 20:22:41,724 - scraper_base - INFO -    • Tempo total: 86.0s
2026-02-12 20:22:41,724 - scraper_base - INFO -    • Tempo médio por medicamento: 4.3s
2026-02-12 20:22:41,877 - gerenciador_arquivos - INFO - Excel salvo: dados_coletados/cobasi_20260212_202241.xlsx (167 produtos)
2026-02-12 20:22:41,877 - gerenciador_principal - INFO - Cobasi: Arquivo individual salvo com sucesso
2026-02-12 20:22:41,877 - gerenciador_principal - INFO - Pausando entre sites...
2026-02-12 20:22:43,877 - gerenciador_principal - INFO - [2/3] Processando Petlove
2026-02-12 20:22:43,877 - scraper_base - INFO - 🚀 Iniciando scraping completo - Petlove
2026-02-12 20:22:43,976 - scraper_base - INFO - 📋 20 medicamentos para processar
2026-02-12 20:22:43,976 - scraper_base - INFO - 📦 [1/20] Processando Simparic
2026-02-12 20:22:43,976 - scraper_base - INFO - 🔍 Petlove: Buscando Simparic
2026-02-12 20:22:49,472 - gerenciador_conexoes - INFO - Chrome inicializado com otimizacoes de velocidade
2026-02-12 20:22:52,887 - scraper_base - INFO - ✅ Petlove: 33 produto(s) encontrado(s) para Simparic
2026-02-12 20:22:54,316 - scraper_base - INFO - 📦 [2/20] Processando Revolution
2026-02-12 20:22:54,316 - scraper_base - INFO - 🔍 Petlove: Buscando Revolution
2026-02-12 20:22:55,966 - scraper_base - INFO - ✅ Petlove: 18 produto(s) encontrado(s) para Revolution
2026-02-12 20:22:58,659 - scraper_base - INFO - 📦 [3/20] Processando NexGard
2026-02-12 20:22:58,659 - scraper_base - INFO - 🔍 Petlove: Buscando NexGard
2026-02-12 20:23:00,267 - scraper_base - INFO - ✅ Petlove: 11 produto(s) encontrado(s) para NexGard
2026-02-12 20:23:02,134 - scraper_base - INFO - 📦 [4/20] Processando NexGard Spectra
2026-02-12 20:23:02,134 - scraper_base - INFO - 🔍 Petlove: Buscando NexGard Spectra
2026-02-12 20:23:03,321 - scraper_base - INFO - ✅ Petlove: 5 produto(s) encontrado(s) para NexGard Spectra
2026-02-12 20:23:04,404 - scraper_base - INFO - 📦 [5/20] Processando NexGard Combo
2026-02-12 20:23:04,404 - scraper_base - INFO - 🔍 Petlove: Buscando NexGard Combo
2026-02-12 20:23:05,571 - scraper_base - INFO - ✅ Petlove: 2 produto(s) encontrado(s) para NexGard Combo
2026-02-12 20:23:06,710 - scraper_base - INFO - 📦 [6/20] Processando Bravecto
2026-02-12 20:23:06,710 - scraper_base - INFO - 🔍 Petlove: Buscando Bravecto
2026-02-12 20:23:08,576 - scraper_base - INFO - ✅ Petlove: 28 produto(s) encontrado(s) para Bravecto
2026-02-12 20:23:10,132 - scraper_base - INFO - 📦 [7/20] Processando Frontline
2026-02-12 20:23:10,132 - scraper_base - INFO - 🔍 Petlove: Buscando Frontline
2026-02-12 20:23:11,783 - scraper_base - INFO - ✅ Petlove: 11 produto(s) encontrado(s) para Frontline
2026-02-12 20:23:13,246 - scraper_base - INFO - 📦 [8/20] Processando Advocate
2026-02-12 20:23:13,247 - scraper_base - INFO - 🔍 Petlove: Buscando Advocate
2026-02-12 20:23:15,022 - scraper_base - INFO - ✅ Petlove: 12 produto(s) encontrado(s) para Advocate
2026-02-12 20:23:16,050 - scraper_base - INFO - 📦 [9/20] Processando Drontal
2026-02-12 20:23:16,050 - scraper_base - INFO - 🔍 Petlove: Buscando Drontal
2026-02-12 20:23:17,831 - scraper_base - INFO - ✅ Petlove: 36 produto(s) encontrado(s) para Drontal
2026-02-12 20:23:19,159 - scraper_base - INFO - 📦 [10/20] Processando Milbemax
2026-02-12 20:23:19,159 - scraper_base - INFO - 🔍 Petlove: Buscando Milbemax
2026-02-12 20:23:20,812 - scraper_base - INFO - ✅ Petlove: 15 produto(s) encontrado(s) para Milbemax
2026-02-12 20:23:23,271 - scraper_base - INFO - 📦 [11/20] Processando Vermivet
2026-02-12 20:23:23,271 - scraper_base - INFO - 🔍 Petlove: Buscando Vermivet
2026-02-12 20:23:25,158 - scraper_base - INFO - ✅ Petlove: 36 produto(s) encontrado(s) para Vermivet
2026-02-12 20:23:26,356 - scraper_base - INFO - 📦 [12/20] Processando Rimadyl
2026-02-12 20:23:26,357 - scraper_base - INFO - 🔍 Petlove: Buscando Rimadyl
2026-02-12 20:23:28,695 - scraper_base - INFO - ✅ Petlove: 1 produto(s) encontrado(s) para Rimadyl
2026-02-12 20:23:31,413 - scraper_base - INFO - 📦 [13/20] Processando Onsior
2026-02-12 20:23:31,413 - scraper_base - INFO - 🔍 Petlove: Buscando Onsior
2026-02-12 20:23:33,049 - scraper_base - INFO - ✅ Petlove: 4 produto(s) encontrado(s) para Onsior
2026-02-12 20:23:35,816 - scraper_base - INFO - 📦 [14/20] Processando Maxicam
2026-02-12 20:23:35,816 - scraper_base - INFO - 🔍 Petlove: Buscando Maxicam
2026-02-12 20:23:37,110 - scraper_base - INFO - ✅ Petlove: 3 produto(s) encontrado(s) para Maxicam
2026-02-12 20:23:38,783 - scraper_base - INFO - 📦 [15/20] Processando Carproflan
2026-02-12 20:23:38,783 - scraper_base - INFO - 🔍 Petlove: Buscando Carproflan
2026-02-12 20:23:40,064 - scraper_base - INFO - ✅ Petlove: 8 produto(s) encontrado(s) para Carproflan
2026-02-12 20:23:41,820 - scraper_base - INFO - 📦 [16/20] Processando Previcox
2026-02-12 20:23:41,820 - scraper_base - INFO - 🔍 Petlove: Buscando Previcox
2026-02-12 20:23:43,142 - scraper_base - INFO - ✅ Petlove: 4 produto(s) encontrado(s) para Previcox
2026-02-12 20:23:45,650 - scraper_base - INFO - 📦 [17/20] Processando Apoquel
2026-02-12 20:23:45,650 - scraper_base - INFO - 🔍 Petlove: Buscando Apoquel
2026-02-12 20:23:46,983 - scraper_base - INFO - ✅ Petlove: 16 produto(s) encontrado(s) para Apoquel
2026-02-12 20:23:49,471 - scraper_base - INFO - 📦 [18/20] Processando Zenrelia
2026-02-12 20:23:49,471 - scraper_base - INFO - 🔍 Petlove: Buscando Zenrelia
2026-02-12 20:23:50,759 - scraper_base - INFO - ✅ Petlove: 4 produto(s) encontrado(s) para Zenrelia
2026-02-12 20:23:52,641 - scraper_base - INFO - 📦 [19/20] Processando Synulox
2026-02-12 20:23:52,641 - scraper_base - INFO - 🔍 Petlove: Buscando Synulox
2026-02-12 20:23:54,282 - scraper_base - INFO - ✅ Petlove: 1 produto(s) encontrado(s) para Synulox
2026-02-12 20:23:56,822 - scraper_base - INFO - 📦 [20/20] Processando Baytril
2026-02-12 20:23:56,822 - scraper_base - INFO - 🔍 Petlove: Buscando Baytril
2026-02-12 20:23:58,382 - scraper_base - INFO - ✅ Petlove: 4 produto(s) encontrado(s) para Baytril
2026-02-12 20:24:01,090 - scraper_base - INFO - 📊 Petlove - Estatísticas finais:
2026-02-12 20:24:01,090 - scraper_base - INFO -    • Medicamentos processados: 20
2026-02-12 20:24:01,090 - scraper_base - INFO -    • Produtos encontrados: 252
2026-02-12 20:24:01,090 - scraper_base - INFO -    • Medicamentos sem resultado: 0
2026-02-12 20:24:01,090 - scraper_base - INFO -    • Tempo total: 77.2s
2026-02-12 20:24:01,090 - scraper_base - INFO -    • Tempo médio por medicamento: 3.9s
2026-02-12 20:24:01,136 - gerenciador_arquivos - INFO - Excel salvo: dados_coletados/petlove_20260212_202401.xlsx (252 produtos)
2026-02-12 20:24:01,136 - gerenciador_principal - INFO - Petlove: Arquivo individual salvo com sucesso
2026-02-12 20:24:01,136 - gerenciador_principal - INFO - Pausando entre sites...
2026-02-12 20:24:03,136 - gerenciador_principal - INFO - [3/3] Processando Petz
2026-02-12 20:24:03,136 - scraper_base - INFO - 🚀 Iniciando scraping completo - Petz
2026-02-12 20:24:03,329 - scraper_base - INFO - 📋 20 medicamentos para processar
2026-02-12 20:24:03,329 - scraper_base - INFO - 📦 [1/20] Processando Simparic
2026-02-12 20:24:03,329 - scraper_base - INFO - 🔍 Petz: Buscando Simparic
2026-02-12 20:24:07,824 - scraper_base - INFO - ✅ Petz: 12 produto(s) encontrado(s) para Simparic
2026-02-12 20:24:09,621 - scraper_base - INFO - 📦 [2/20] Processando Revolution
2026-02-12 20:24:09,621 - scraper_base - INFO - 🔍 Petz: Buscando Revolution
2026-02-12 20:24:11,960 - scraper_base - INFO - ✅ Petz: 26 produto(s) encontrado(s) para Revolution
2026-02-12 20:24:14,727 - scraper_base - INFO - 📦 [3/20] Processando NexGard
2026-02-12 20:24:14,728 - scraper_base - INFO - 🔍 Petz: Buscando NexGard
2026-02-12 20:24:17,180 - scraper_base - INFO - ✅ Petz: 22 produto(s) encontrado(s) para NexGard
2026-02-12 20:24:20,010 - scraper_base - INFO - 📦 [4/20] Processando NexGard Spectra
2026-02-12 20:24:20,010 - scraper_base - INFO - 🔍 Petz: Buscando NexGard Spectra
2026-02-12 20:24:21,464 - scraper_base - INFO - ✅ Petz: 10 produto(s) encontrado(s) para NexGard Spectra
2026-02-12 20:24:23,334 - scraper_base - INFO - 📦 [5/20] Processando NexGard Combo
2026-02-12 20:24:23,335 - scraper_base - INFO - 🔍 Petz: Buscando NexGard Combo
2026-02-12 20:24:25,269 - scraper_base - INFO - ✅ Petz: 4 produto(s) encontrado(s) para NexGard Combo
2026-02-12 20:24:27,479 - scraper_base - INFO - 📦 [6/20] Processando Bravecto
2026-02-12 20:24:27,479 - scraper_base - INFO - 🔍 Petz: Buscando Bravecto
2026-02-12 20:24:29,792 - scraper_base - INFO - ✅ Petz: 16 produto(s) encontrado(s) para Bravecto
2026-02-12 20:24:31,896 - scraper_base - INFO - 📦 [7/20] Processando Frontline
2026-02-12 20:24:31,896 - scraper_base - INFO - 🔍 Petz: Buscando Frontline
2026-02-12 20:24:34,146 - scraper_base - INFO - ✅ Petz: 11 produto(s) encontrado(s) para Frontline
2026-02-12 20:24:37,042 - scraper_base - INFO - 📦 [8/20] Processando Advocate
2026-02-12 20:24:37,042 - scraper_base - INFO - 🔍 Petz: Buscando Advocate
2026-02-12 20:24:38,775 - scraper_base - INFO - ✅ Petz: 12 produto(s) encontrado(s) para Advocate
2026-02-12 20:24:41,411 - scraper_base - INFO - 📦 [9/20] Processando Drontal
2026-02-12 20:24:41,411 - scraper_base - INFO - 🔍 Petz: Buscando Drontal
2026-02-12 20:24:44,159 - scraper_base - INFO - ✅ Petz: 30 produto(s) encontrado(s) para Drontal
2026-02-12 20:24:46,078 - scraper_base - INFO - 📦 [10/20] Processando Milbemax
2026-02-12 20:24:46,078 - scraper_base - INFO - 🔍 Petz: Buscando Milbemax
2026-02-12 20:24:47,653 - scraper_base - INFO - ✅ Petz: 4 produto(s) encontrado(s) para Milbemax
2026-02-12 20:24:48,922 - scraper_base - INFO - 📦 [11/20] Processando Vermivet
2026-02-12 20:24:48,922 - scraper_base - INFO - 🔍 Petz: Buscando Vermivet
2026-02-12 20:24:50,600 - scraper_base - INFO - ✅ Petz: 5 produto(s) encontrado(s) para Vermivet
2026-02-12 20:24:52,136 - scraper_base - INFO - 📦 [12/20] Processando Rimadyl
2026-02-12 20:24:52,136 - scraper_base - INFO - 🔍 Petz: Buscando Rimadyl
2026-02-12 20:24:53,781 - scraper_base - INFO - ✅ Petz: 3 produto(s) encontrado(s) para Rimadyl
2026-02-12 20:24:54,962 - scraper_base - INFO - 📦 [13/20] Processando Onsior
2026-02-12 20:24:54,962 - scraper_base - INFO - 🔍 Petz: Buscando Onsior
2026-02-12 20:24:56,510 - scraper_base - INFO - ✅ Petz: 4 produto(s) encontrado(s) para Onsior
2026-02-12 20:24:58,833 - scraper_base - INFO - 📦 [14/20] Processando Maxicam
2026-02-12 20:24:58,834 - scraper_base - INFO - 🔍 Petz: Buscando Maxicam
2026-02-12 20:25:02,134 - scraper_base - INFO - ✅ Petz: 30 produto(s) encontrado(s) para Maxicam
2026-02-12 20:25:04,275 - scraper_base - INFO - 📦 [15/20] Processando Carproflan
2026-02-12 20:25:04,275 - scraper_base - INFO - 🔍 Petz: Buscando Carproflan
2026-02-12 20:25:06,092 - scraper_base - INFO - ✅ Petz: 3 produto(s) encontrado(s) para Carproflan
2026-02-12 20:25:08,983 - scraper_base - INFO - 📦 [16/20] Processando Previcox
2026-02-12 20:25:08,983 - scraper_base - INFO - 🔍 Petz: Buscando Previcox
2026-02-12 20:25:10,877 - scraper_base - INFO - ✅ Petz: 2 produto(s) encontrado(s) para Previcox
2026-02-12 20:25:13,601 - scraper_base - INFO - 📦 [17/20] Processando Apoquel
2026-02-12 20:25:13,601 - scraper_base - INFO - 🔍 Petz: Buscando Apoquel
2026-02-12 20:25:15,360 - scraper_base - INFO - ✅ Petz: 3 produto(s) encontrado(s) para Apoquel
2026-02-12 20:25:16,795 - scraper_base - INFO - 📦 [18/20] Processando Zenrelia
2026-02-12 20:25:16,795 - scraper_base - INFO - 🔍 Petz: Buscando Zenrelia
2026-02-12 20:25:18,420 - scraper_base - INFO - ✅ Petz: 4 produto(s) encontrado(s) para Zenrelia
2026-02-12 20:25:21,130 - scraper_base - INFO - 📦 [19/20] Processando Synulox
2026-02-12 20:25:21,131 - scraper_base - INFO - 🔍 Petz: Buscando Synulox
2026-02-12 20:25:22,778 - scraper_base - INFO - ✅ Petz: 2 produto(s) encontrado(s) para Synulox
2026-02-12 20:25:23,820 - scraper_base - INFO - 📦 [20/20] Processando Baytril
2026-02-12 20:25:23,820 - scraper_base - INFO - 🔍 Petz: Buscando Baytril
2026-02-12 20:25:25,912 - scraper_base - INFO - ✅ Petz: 9 produto(s) encontrado(s) para Baytril
2026-02-12 20:25:27,040 - scraper_base - INFO - 📊 Petz - Estatísticas finais:
2026-02-12 20:25:27,041 - scraper_base - INFO -    • Medicamentos processados: 20
2026-02-12 20:25:27,041 - scraper_base - INFO -    • Produtos encontrados: 212
2026-02-12 20:25:27,041 - scraper_base - INFO -    • Medicamentos sem resultado: 0
2026-02-12 20:25:27,041 - scraper_base - INFO -    • Tempo total: 83.9s
2026-02-12 20:25:27,041 - scraper_base - INFO -    • Tempo médio por medicamento: 4.2s
2026-02-12 20:25:27,084 - gerenciador_arquivos - INFO - Excel salvo: dados_coletados/petz_20260212_202527.xlsx (212 produtos)
2026-02-12 20:25:27,084 - gerenciador_principal - INFO - Petz: Arquivo individual salvo com sucesso
2026-02-12 20:25:27,084 - gerenciador_principal - INFO - Gerando relatório consolidado...
2026-02-12 20:25:27,360 - gerenciador_arquivos - INFO - Relatório consolidado salvo: dados_relatorios/relatorio_consolidado_20260212_202527.xlsx
2026-02-12 20:25:27,517 - gerenciador_conexoes - INFO - Chrome fechado
2026-02-12 20:25:27,517 - gerenciador_conexoes - INFO - Métodos utilizados - Requests: 33.3%, Selenium: 66.7%, Falhas: 0.0%
2026-02-12 20:25:27,517 - gerenciador_principal - INFO - ============================================================
2026-02-12 20:25:27,517 - gerenciador_principal - INFO - RELATORIO FINAL DE EXECUÇÃO
2026-02-12 20:25:27,517 - gerenciador_principal - INFO - ============================================================
2026-02-12 20:25:27,517 - gerenciador_principal - INFO - Sites processados: 3
2026-02-12 20:25:27,518 - gerenciador_principal - INFO - Sites com sucesso: 3
2026-02-12 20:25:27,518 - gerenciador_principal - INFO - Total de produtos coletados: 631
2026-02-12 20:25:27,518 - gerenciador_principal - INFO - Tempo total de execução: 251.3 segundos
2026-02-12 20:25:27,518 - gerenciador_principal - INFO - Estatísticas de conexão:
2026-02-12 20:25:27,518 - gerenciador_principal - INFO -   - Requests bem-sucedidos: 33.3%
2026-02-12 20:25:27,518 - gerenciador_principal - INFO -   - Selenium fallback: 66.7%
2026-02-12 20:25:27,518 - gerenciador_principal - INFO -   - Falhas totais: 0.0%
2026-02-12 20:25:27,521 - gerenciador_principal - INFO - Arquivos salvos na pasta: dados_coletados
2026-02-12 20:25:27,521 - gerenciador_principal - INFO - Total de arquivos: 400
2026-02-12 20:25:27,521 - gerenciador_principal - INFO - ============================================================
