2026-09-16 22:25:51,867 - configurador_logs - INFO - Sistema de logs configurado com sucesso
2026-09-16 22:25:51,867 - configurador_logs - INFO - 🚀 Logs configurados para MODO PRODUÇÃO
2026-09-16 22:25:51,868 - gerenciador_principal - INFO - Inicializando sistema - Modo: PRODUCAO
2026-09-16 22:25:51,868 - gerenciador_arquivos - INFO - Pasta dados_coletados preparada
2026-09-16 22:25:51,868 - gerenciador_principal - INFO - Sistema inicializado com 3 scrapers
2026-09-16 22:25:51,868 - gerenciador_principal - INFO - ============================================================
2026-09-16 22:25:51,868 - gerenciador_principal - INFO - INICIANDO SCRAPING COMPLETO - PRODUCAO
2026-09-16 22:25:51,868 - gerenciador_principal - INFO - ============================================================
2026-09-16 22:25:51,868 - gerenciador_principal - INFO - [1/3] Processando Cobasi
2026-09-16 22:25:51,868 - scraper_base - INFO - 🚀 Iniciando scraping completo - Cobasi
2026-09-16 22:25:52,417 - gerenciador_conexoes - INFO - Sessao estabelecida com cobasi.com.br
2026-09-16 22:25:52,417 - scraper_base - INFO - 📋 20 medicamentos para processar
2026-09-16 22:25:52,417 - scraper_base - INFO - 📦 [1/20] Processando Simparic
2026-09-16 22:25:52,417 - scraper_base - INFO - 🔍 Cobasi: Buscando Simparic
2026-09-16 22:25:55,951 - scraper_cobasi - INFO - Cobasi: Dados extraídos via JSON para Simparic
2026-09-16 22:25:55,951 - scraper_base - INFO - ✅ Cobasi: 24 produto(s) encontrado(s) para Simparic
2026-09-16 22:25:57,745 - scraper_base - INFO - 📦 [2/20] Processando Revolution
2026-09-16 22:25:57,745 - scraper_base - INFO - 🔍 Cobasi: Buscando Revolution
2026-09-16 22:25:59,805 - scraper_cobasi - INFO - Cobasi: Dados extraídos via JSON para Revolution
2026-09-16 22:25:59,805 - scraper_base - INFO - ✅ Cobasi: 17 produto(s) encontrado(s) para Revolution
2026-09-16 22:26:01,508 - scraper_base - INFO - 📦 [3/20] Processando NexGard
2026-09-16 22:26:01,508 - scraper_base - INFO - 🔍 Cobasi: Buscando NexGard
2026-09-16 22:26:04,502 - scraper_cobasi - INFO - Cobasi: Dados extraídos via JSON para NexGard
2026-09-16 22:26:04,502 - scraper_base - INFO - ✅ Cobasi: 22 produto(s) encontrado(s) para NexGard
2026-09-16 22:26:07,430 - scraper_base - INFO - 📦 [4/20] Processando NexGard Spectra
2026-09-16 22:26:07,430 - scraper_base - INFO - 🔍 Cobasi: Buscando NexGard Spectra
2026-09-16 22:26:09,468 - scraper_cobasi - INFO - Cobasi: Dados extraídos via JSON para NexGard Spectra
2026-09-16 22:26:09,469 - scraper_base - INFO - ✅ Cobasi: 10 produto(s) encontrado(s) para NexGard Spectra
2026-09-16 22:26:11,702 - scraper_base - INFO - 📦 [5/20] Processando NexGard Combo
2026-09-16 22:26:11,702 - scraper_base - INFO - 🔍 Cobasi: Buscando NexGard Combo
2026-09-16 22:26:15,817 - scraper_cobasi - INFO - Cobasi: Dados extraídos via JSON para NexGard Combo
2026-09-16 22:26:15,817 - scraper_base - INFO - ✅ Cobasi: 4 produto(s) encontrado(s) para NexGard Combo
2026-09-16 22:26:18,814 - scraper_base - INFO - 📦 [6/20] Processando Bravecto
2026-09-16 22:26:18,814 - scraper_base - INFO - 🔍 Cobasi: Buscando Bravecto
2026-09-16 22:26:23,314 - scraper_cobasi - INFO - Cobasi: Dados extraídos via JSON para Bravecto
2026-09-16 22:26:23,314 - scraper_base - INFO - ✅ Cobasi: 16 produto(s) encontrado(s) para Bravecto
2026-09-16 22:26:25,113 - scraper_base - INFO - 📦 [7/20] Processando Frontline
2026-09-16 22:26:25,113 - scraper_base - INFO - 🔍 Cobasi: Buscando Frontline
2026-09-16 22:26:29,570 - scraper_cobasi - INFO - Cobasi: Dados extraídos via JSON para Frontline
2026-09-16 22:26:29,570 - scraper_base - INFO - ✅ Cobasi: 11 produto(s) encontrado(s) para Frontline
2026-09-16 22:26:32,416 - scraper_base - INFO - 📦 [8/20] Processando Advocate
2026-09-16 22:26:32,416 - scraper_base - INFO - 🔍 Cobasi: Buscando Advocate
2026-09-16 22:26:35,886 - scraper_cobasi - INFO - Cobasi: Dados extraídos via JSON para Advocate
2026-09-16 22:26:35,886 - scraper_base - INFO - ✅ Cobasi: 12 produto(s) encontrado(s) para Advocate
2026-09-16 22:26:37,306 - scraper_base - INFO - 📦 [9/20] Processando Drontal
2026-09-16 22:26:37,306 - scraper_base - INFO - 🔍 Cobasi: Buscando Drontal
2026-09-16 22:26:39,917 - scraper_cobasi - INFO - Cobasi: Dados extraídos via JSON para Drontal
2026-09-16 22:26:39,917 - scraper_base - INFO - ✅ Cobasi: 8 produto(s) encontrado(s) para Drontal
2026-09-16 22:26:41,844 - scraper_base - INFO - 📦 [10/20] Processando Milbemax
2026-09-16 22:26:41,844 - scraper_base - INFO - 🔍 Cobasi: Buscando Milbemax
2026-09-16 22:26:44,160 - scraper_cobasi - INFO - Cobasi: Dados extraídos via JSON para Milbemax
2026-09-16 22:26:44,160 - scraper_base - INFO - ✅ Cobasi: 4 produto(s) encontrado(s) para Milbemax
2026-09-16 22:26:47,038 - scraper_base - INFO - 📦 [11/20] Processando Vermivet
2026-09-16 22:26:47,038 - scraper_base - INFO - 🔍 Cobasi: Buscando Vermivet
2026-09-16 22:26:50,785 - scraper_cobasi - INFO - Cobasi: Dados extraídos via JSON para Vermivet
2026-09-16 22:26:50,785 - scraper_base - INFO - ✅ Cobasi: 5 produto(s) encontrado(s) para Vermivet
2026-09-16 22:26:53,418 - scraper_base - INFO - 📦 [12/20] Processando Rimadyl
2026-09-16 22:26:53,418 - scraper_base - INFO - 🔍 Cobasi: Buscando Rimadyl
2026-09-16 22:26:55,608 - scraper_cobasi - INFO - Cobasi: Dados extraídos via JSON para Rimadyl
2026-09-16 22:26:55,608 - scraper_base - INFO - ✅ Cobasi: 3 produto(s) encontrado(s) para Rimadyl
2026-09-16 22:26:57,253 - scraper_base - INFO - 📦 [13/20] Processando Onsior
2026-09-16 22:26:57,253 - scraper_base - INFO - 🔍 Cobasi: Buscando Onsior
2026-09-16 22:26:59,852 - scraper_cobasi - INFO - Cobasi: Dados extraídos via JSON para Onsior
2026-09-16 22:26:59,852 - scraper_base - INFO - ✅ Cobasi: 4 produto(s) encontrado(s) para Onsior
2026-09-16 22:27:02,322 - scraper_base - INFO - 📦 [14/20] Processando Maxicam
2026-09-16 22:27:02,322 - scraper_base - INFO - 🔍 Cobasi: Buscando Maxicam
2026-09-16 22:27:03,625 - scraper_cobasi - INFO - Cobasi: Dados extraídos via JSON para Maxicam
2026-09-16 22:27:03,625 - scraper_base - INFO - ✅ Cobasi: 3 produto(s) encontrado(s) para Maxicam
2026-09-16 22:27:06,428 - scraper_base - INFO - 📦 [15/20] Processando Carproflan
2026-09-16 22:27:06,428 - scraper_base - INFO - 🔍 Cobasi: Buscando Carproflan
2026-09-16 22:27:09,125 - scraper_cobasi - INFO - Cobasi: Dados extraídos via JSON para Carproflan
2026-09-16 22:27:09,125 - scraper_base - INFO - ✅ Cobasi: 3 produto(s) encontrado(s) para Carproflan
2026-09-16 22:27:11,805 - scraper_base - INFO - 📦 [16/20] Processando Previcox
2026-09-16 22:27:11,805 - scraper_base - INFO - 🔍 Cobasi: Buscando Previcox
2026-09-16 22:27:14,315 - scraper_cobasi - INFO - Cobasi: Dados extraídos via JSON para Previcox
2026-09-16 22:27:14,315 - scraper_base - INFO - ✅ Cobasi: 2 produto(s) encontrado(s) para Previcox
2026-09-16 22:27:15,758 - scraper_base - INFO - 📦 [17/20] Processando Apoquel
2026-09-16 22:27:15,758 - scraper_base - INFO - 🔍 Cobasi: Buscando Apoquel
2026-09-16 22:27:18,930 - scraper_cobasi - INFO - Cobasi: Dados extraídos via JSON para Apoquel
2026-09-16 22:27:18,930 - scraper_base - INFO - ✅ Cobasi: 3 produto(s) encontrado(s) para Apoquel
2026-09-16 22:27:21,256 - scraper_base - INFO - 📦 [18/20] Processando Zenrelia
2026-09-16 22:27:21,256 - scraper_base - INFO - 🔍 Cobasi: Buscando Zenrelia
2026-09-16 22:27:23,542 - scraper_cobasi - INFO - Cobasi: Dados extraídos via JSON para Zenrelia
2026-09-16 22:27:23,542 - scraper_base - INFO - ✅ Cobasi: 4 produto(s) encontrado(s) para Zenrelia
2026-09-16 22:27:25,868 - scraper_base - INFO - 📦 [19/20] Processando Synulox
2026-09-16 22:27:25,868 - scraper_base - INFO - 🔍 Cobasi: Buscando Synulox
2026-09-16 22:27:28,413 - scraper_cobasi - INFO - Cobasi: Dados extraídos via JSON para Synulox
2026-09-16 22:27:28,413 - scraper_base - INFO - ✅ Cobasi: 2 produto(s) encontrado(s) para Synulox
2026-09-16 22:27:30,368 - scraper_base - INFO - 📦 [20/20] Processando Baytril
2026-09-16 22:27:30,368 - scraper_base - INFO - 🔍 Cobasi: Buscando Baytril
2026-09-16 22:27:32,369 - scraper_cobasi - INFO - Cobasi: Dados extraídos via JSON para Baytril
2026-09-16 22:27:32,369 - scraper_base - INFO - ✅ Cobasi: 2 produto(s) encontrado(s) para Baytril
2026-09-16 22:27:33,602 - scraper_base - INFO - 📊 Cobasi - Estatísticas finais:
2026-09-16 22:27:33,602 - scraper_base - INFO -    • Medicamentos processados: 20
2026-09-16 22:27:33,602 - scraper_base - INFO -    • Produtos encontrados: 159
2026-09-16 22:27:33,602 - scraper_base - INFO -    • Medicamentos sem resultado: 0
2026-09-16 22:27:33,602 - scraper_base - INFO -    • Tempo total: 101.7s
2026-09-16 22:27:33,603 - scraper_base - INFO -    • Tempo médio por medicamento: 5.1s
2026-09-16 22:27:33,787 - gerenciador_arquivos - INFO - Excel salvo: dados_coletados/cobasi_20260916_222733.xlsx (159 produtos)
2026-09-16 22:27:33,787 - gerenciador_principal - INFO - Cobasi: Arquivo individual salvo com sucesso
2026-09-16 22:27:33,787 - gerenciador_principal - INFO - Pausando entre sites...
2026-09-16 22:27:35,787 - gerenciador_principal - INFO - [2/3] Processando Petlove
2026-09-16 22:27:35,787 - scraper_base - INFO - 🚀 Iniciando scraping completo - Petlove
2026-09-16 22:27:36,350 - gerenciador_conexoes - INFO - Sessao estabelecida com petlove.com.br
2026-09-16 22:27:36,350 - scraper_base - INFO - 📋 20 medicamentos para processar
2026-09-16 22:27:36,350 - scraper_base - INFO - 📦 [1/20] Processando Simparic
2026-09-16 22:27:36,351 - scraper_base - INFO - 🔍 Petlove: Buscando Simparic
2026-09-16 22:27:37,362 - scraper_base - INFO - ✅ Petlove: 36 produto(s) encontrado(s) para Simparic
2026-09-16 22:27:39,485 - scraper_base - INFO - 📦 [2/20] Processando Revolution
2026-09-16 22:27:39,486 - scraper_base - INFO - 🔍 Petlove: Buscando Revolution
2026-09-16 22:27:40,878 - scraper_base - INFO - ✅ Petlove: 19 produto(s) encontrado(s) para Revolution
2026-09-16 22:27:43,524 - scraper_base - INFO - 📦 [3/20] Processando NexGard
2026-09-16 22:27:43,524 - scraper_base - INFO - 🔍 Petlove: Buscando NexGard
2026-09-16 22:27:44,352 - scraper_base - INFO - ✅ Petlove: 11 produto(s) encontrado(s) para NexGard
2026-09-16 22:27:45,389 - scraper_base - INFO - 📦 [4/20] Processando NexGard Spectra
2026-09-16 22:27:45,389 - scraper_base - INFO - 🔍 Petlove: Buscando NexGard Spectra
2026-09-16 22:27:46,884 - scraper_base - INFO - ✅ Petlove: 5 produto(s) encontrado(s) para NexGard Spectra
2026-09-16 22:27:48,949 - scraper_base - INFO - 📦 [5/20] Processando NexGard Combo
2026-09-16 22:27:48,949 - scraper_base - INFO - 🔍 Petlove: Buscando NexGard Combo
2026-09-16 22:27:49,710 - scraper_base - INFO - ✅ Petlove: 2 produto(s) encontrado(s) para NexGard Combo
2026-09-16 22:27:51,786 - scraper_base - INFO - 📦 [6/20] Processando Bravecto
2026-09-16 22:27:51,786 - scraper_base - INFO - 🔍 Petlove: Buscando Bravecto
2026-09-16 22:27:52,649 - scraper_base - INFO - ✅ Petlove: 20 produto(s) encontrado(s) para Bravecto
2026-09-16 22:27:53,919 - scraper_base - INFO - 📦 [7/20] Processando Frontline
2026-09-16 22:27:53,919 - scraper_base - INFO - 🔍 Petlove: Buscando Frontline
2026-09-16 22:27:54,653 - scraper_base - INFO - ✅ Petlove: 11 produto(s) encontrado(s) para Frontline
2026-09-16 22:27:57,223 - scraper_base - INFO - 📦 [8/20] Processando Advocate
2026-09-16 22:27:57,223 - scraper_base - INFO - 🔍 Petlove: Buscando Advocate
2026-09-16 22:27:58,044 - scraper_base - INFO - ✅ Petlove: 9 produto(s) encontrado(s) para Advocate
2026-09-16 22:27:59,523 - scraper_base - INFO - 📦 [9/20] Processando Drontal
2026-09-16 22:27:59,523 - scraper_base - INFO - 🔍 Petlove: Buscando Drontal
2026-09-16 22:28:00,591 - scraper_base - INFO - ✅ Petlove: 36 produto(s) encontrado(s) para Drontal
2026-09-16 22:28:02,170 - scraper_base - INFO - 📦 [10/20] Processando Milbemax
2026-09-16 22:28:02,170 - scraper_base - INFO - 🔍 Petlove: Buscando Milbemax
2026-09-16 22:28:03,004 - scraper_base - INFO - ✅ Petlove: 14 produto(s) encontrado(s) para Milbemax
2026-09-16 22:28:04,377 - scraper_base - INFO - 📦 [11/20] Processando Vermivet
2026-09-16 22:28:04,377 - scraper_base - INFO - 🔍 Petlove: Buscando Vermivet
2026-09-16 22:28:06,169 - scraper_base - INFO - ✅ Petlove: 36 produto(s) encontrado(s) para Vermivet
2026-09-16 22:28:08,797 - scraper_base - INFO - 📦 [12/20] Processando Rimadyl
2026-09-16 22:28:08,797 - scraper_base - INFO - 🔍 Petlove: Buscando Rimadyl
2026-09-16 22:28:09,579 - scraper_base - INFO - ✅ Petlove: 1 produto(s) encontrado(s) para Rimadyl
2026-09-16 22:28:11,680 - scraper_base - INFO - 📦 [13/20] Processando Onsior
2026-09-16 22:28:11,680 - scraper_base - INFO - 🔍 Petlove: Buscando Onsior
2026-09-16 22:28:12,476 - scraper_base - INFO - ✅ Petlove: 4 produto(s) encontrado(s) para Onsior
2026-09-16 22:28:14,483 - scraper_base - INFO - 📦 [14/20] Processando Maxicam
2026-09-16 22:28:14,484 - scraper_base - INFO - 🔍 Petlove: Buscando Maxicam
2026-09-16 22:28:15,230 - scraper_base - INFO - ✅ Petlove: 3 produto(s) encontrado(s) para Maxicam
2026-09-16 22:28:17,210 - scraper_base - INFO - 📦 [15/20] Processando Carproflan
2026-09-16 22:28:17,210 - scraper_base - INFO - 🔍 Petlove: Buscando Carproflan
2026-09-16 22:28:18,033 - scraper_base - INFO - ✅ Petlove: 7 produto(s) encontrado(s) para Carproflan
2026-09-16 22:28:19,985 - scraper_base - INFO - 📦 [16/20] Processando Previcox
2026-09-16 22:28:19,985 - scraper_base - INFO - 🔍 Petlove: Buscando Previcox
2026-09-16 22:28:20,731 - scraper_base - INFO - ✅ Petlove: 4 produto(s) encontrado(s) para Previcox
2026-09-16 22:28:23,639 - scraper_base - INFO - 📦 [17/20] Processando Apoquel
2026-09-16 22:28:23,639 - scraper_base - INFO - 🔍 Petlove: Buscando Apoquel
2026-09-16 22:28:24,436 - scraper_base - INFO - ✅ Petlove: 16 produto(s) encontrado(s) para Apoquel
2026-09-16 22:28:26,689 - scraper_base - INFO - 📦 [18/20] Processando Zenrelia
2026-09-16 22:28:26,689 - scraper_base - INFO - 🔍 Petlove: Buscando Zenrelia
2026-09-16 22:28:27,711 - scraper_base - INFO - ✅ Petlove: 4 produto(s) encontrado(s) para Zenrelia
2026-09-16 22:28:28,793 - scraper_base - INFO - 📦 [19/20] Processando Synulox
2026-09-16 22:28:28,793 - scraper_base - INFO - 🔍 Petlove: Buscando Synulox
2026-09-16 22:28:29,496 - scraper_base - INFO - ✅ Petlove: 1 produto(s) encontrado(s) para Synulox
2026-09-16 22:28:31,372 - scraper_base - INFO - 📦 [20/20] Processando Baytril
2026-09-16 22:28:31,372 - scraper_base - INFO - 🔍 Petlove: Buscando Baytril
2026-09-16 22:28:32,484 - scraper_base - INFO - ✅ Petlove: 6 produto(s) encontrado(s) para Baytril
2026-09-16 22:28:34,734 - scraper_base - INFO - 📊 Petlove - Estatísticas finais:
2026-09-16 22:28:34,734 - scraper_base - INFO -    • Medicamentos processados: 20
2026-09-16 22:28:34,734 - scraper_base - INFO -    • Produtos encontrados: 245
2026-09-16 22:28:34,735 - scraper_base - INFO -    • Medicamentos sem resultado: 0
2026-09-16 22:28:34,735 - scraper_base - INFO -    • Tempo total: 58.9s
2026-09-16 22:28:34,735 - scraper_base - INFO -    • Tempo médio por medicamento: 2.9s
2026-09-16 22:28:34,781 - gerenciador_arquivos - INFO - Excel salvo: dados_coletados/petlove_20260916_222834.xlsx (245 produtos)
2026-09-16 22:28:34,781 - gerenciador_principal - INFO - Petlove: Arquivo individual salvo com sucesso
2026-09-16 22:28:34,781 - gerenciador_principal - INFO - Pausando entre sites...
2026-09-16 22:28:36,781 - gerenciador_principal - INFO - [3/3] Processando Petz
2026-09-16 22:28:36,781 - scraper_base - INFO - 🚀 Iniciando scraping completo - Petz
2026-09-16 22:28:37,076 - scraper_base - INFO - 📋 20 medicamentos para processar
2026-09-16 22:28:37,076 - scraper_base - INFO - 📦 [1/20] Processando Simparic
2026-09-16 22:28:37,076 - scraper_base - INFO - 🔍 Petz: Buscando Simparic
2026-09-16 22:28:45,932 - gerenciador_conexoes - INFO - Chrome inicializado com otimizacoes de velocidade
2026-09-16 22:28:51,434 - scraper_petz - INFO - Petz: Nenhum product-card encontrado para Simparic
2026-09-16 22:28:51,434 - scraper_base - INFO - ⚪ Petz: Nenhum produto encontrado para Simparic
2026-09-16 22:28:52,863 - scraper_base - INFO - 📦 [2/20] Processando Revolution
2026-09-16 22:28:52,864 - scraper_base - INFO - 🔍 Petz: Buscando Revolution
2026-09-16 22:28:55,363 - scraper_petz - INFO - Petz: Nenhum product-card encontrado para Revolution
2026-09-16 22:28:55,363 - scraper_base - INFO - ⚪ Petz: Nenhum produto encontrado para Revolution
2026-09-16 22:28:56,747 - scraper_base - INFO - 📦 [3/20] Processando NexGard
2026-09-16 22:28:56,747 - scraper_base - INFO - 🔍 Petz: Buscando NexGard
2026-09-16 22:28:58,650 - scraper_petz - INFO - Petz: Nenhum product-card encontrado para NexGard
2026-09-16 22:28:58,650 - scraper_base - INFO - ⚪ Petz: Nenhum produto encontrado para NexGard
2026-09-16 22:29:00,410 - scraper_base - INFO - 📦 [4/20] Processando NexGard Spectra
2026-09-16 22:29:00,410 - scraper_base - INFO - 🔍 Petz: Buscando NexGard Spectra
2026-09-16 22:29:02,364 - scraper_petz - INFO - Petz: Nenhum product-card encontrado para NexGard Spectra
2026-09-16 22:29:02,364 - scraper_base - INFO - ⚪ Petz: Nenhum produto encontrado para NexGard Spectra
2026-09-16 22:29:04,934 - scraper_base - INFO - 📦 [5/20] Processando NexGard Combo
2026-09-16 22:29:04,935 - scraper_base - INFO - 🔍 Petz: Buscando NexGard Combo
2026-09-16 22:29:06,366 - scraper_petz - INFO - Petz: Nenhum product-card encontrado para NexGard Combo
2026-09-16 22:29:06,366 - scraper_base - INFO - ⚪ Petz: Nenhum produto encontrado para NexGard Combo
2026-09-16 22:29:08,806 - scraper_base - INFO - 📦 [6/20] Processando Bravecto
2026-09-16 22:29:08,806 - scraper_base - INFO - 🔍 Petz: Buscando Bravecto
2026-09-16 22:29:10,745 - scraper_petz - INFO - Petz: Nenhum product-card encontrado para Bravecto
2026-09-16 22:29:10,745 - scraper_base - INFO - ⚪ Petz: Nenhum produto encontrado para Bravecto
2026-09-16 22:29:12,282 - scraper_base - INFO - 📦 [7/20] Processando Frontline
2026-09-16 22:29:12,282 - scraper_base - INFO - 🔍 Petz: Buscando Frontline
2026-09-16 22:29:14,236 - scraper_petz - INFO - Petz: Nenhum product-card encontrado para Frontline
2026-09-16 22:29:14,236 - scraper_base - INFO - ⚪ Petz: Nenhum produto encontrado para Frontline
2026-09-16 22:29:15,470 - scraper_base - INFO - 📦 [8/20] Processando Advocate
2026-09-16 22:29:15,470 - scraper_base - INFO - 🔍 Petz: Buscando Advocate
2026-09-16 22:29:17,319 - scraper_petz - INFO - Petz: Nenhum product-card encontrado para Advocate
2026-09-16 22:29:17,319 - scraper_base - INFO - ⚪ Petz: Nenhum produto encontrado para Advocate
2026-09-16 22:29:19,497 - scraper_base - INFO - 📦 [9/20] Processando Drontal
2026-09-16 22:29:19,497 - scraper_base - INFO - 🔍 Petz: Buscando Drontal
2026-09-16 22:29:21,989 - scraper_petz - INFO - Petz: Nenhum product-card encontrado para Drontal
2026-09-16 22:29:21,989 - scraper_base - INFO - ⚪ Petz: Nenhum produto encontrado para Drontal
2026-09-16 22:29:24,545 - scraper_base - INFO - 📦 [10/20] Processando Milbemax
2026-09-16 22:29:24,545 - scraper_base - INFO - 🔍 Petz: Buscando Milbemax
2026-09-16 22:29:26,657 - scraper_petz - INFO - Petz: Nenhum product-card encontrado para Milbemax
2026-09-16 22:29:26,658 - scraper_base - INFO - ⚪ Petz: Nenhum produto encontrado para Milbemax
2026-09-16 22:29:29,131 - scraper_base - INFO - 📦 [11/20] Processando Vermivet
2026-09-16 22:29:29,131 - scraper_base - INFO - 🔍 Petz: Buscando Vermivet
2026-09-16 22:29:31,063 - scraper_petz - INFO - Petz: Nenhum product-card encontrado para Vermivet
2026-09-16 22:29:31,063 - scraper_base - INFO - ⚪ Petz: Nenhum produto encontrado para Vermivet
2026-09-16 22:29:34,054 - scraper_base - INFO - 📦 [12/20] Processando Rimadyl
2026-09-16 22:29:34,054 - scraper_base - INFO - 🔍 Petz: Buscando Rimadyl
2026-09-16 22:29:35,667 - scraper_petz - INFO - Petz: Nenhum product-card encontrado para Rimadyl
2026-09-16 22:29:35,667 - scraper_base - INFO - ⚪ Petz: Nenhum produto encontrado para Rimadyl
2026-09-16 22:29:37,505 - scraper_base - INFO - 📦 [13/20] Processando Onsior
2026-09-16 22:29:37,505 - scraper_base - INFO - 🔍 Petz: Buscando Onsior
2026-09-16 22:29:39,685 - scraper_petz - INFO - Petz: Nenhum product-card encontrado para Onsior
2026-09-16 22:29:39,685 - scraper_base - INFO - ⚪ Petz: Nenhum produto encontrado para Onsior
2026-09-16 22:29:42,293 - scraper_base - INFO - 📦 [14/20] Processando Maxicam
2026-09-16 22:29:42,293 - scraper_base - INFO - 🔍 Petz: Buscando Maxicam
2026-09-16 22:29:44,378 - scraper_petz - INFO - Petz: Nenhum product-card encontrado para Maxicam
2026-09-16 22:29:44,379 - scraper_base - INFO - ⚪ Petz: Nenhum produto encontrado para Maxicam
2026-09-16 22:29:46,696 - scraper_base - INFO - 📦 [15/20] Processando Carproflan
2026-09-16 22:29:46,696 - scraper_base - INFO - 🔍 Petz: Buscando Carproflan
2026-09-16 22:29:48,259 - scraper_petz - INFO - Petz: Nenhum product-card encontrado para Carproflan
2026-09-16 22:29:48,259 - scraper_base - INFO - ⚪ Petz: Nenhum produto encontrado para Carproflan
2026-09-16 22:29:50,635 - scraper_base - INFO - 📦 [16/20] Processando Previcox
2026-09-16 22:29:50,635 - scraper_base - INFO - 🔍 Petz: Buscando Previcox
2026-09-16 22:29:53,151 - scraper_petz - INFO - Petz: Nenhum product-card encontrado para Previcox
2026-09-16 22:29:53,151 - scraper_base - INFO - ⚪ Petz: Nenhum produto encontrado para Previcox
2026-09-16 22:29:55,573 - scraper_base - INFO - 📦 [17/20] Processando Apoquel
2026-09-16 22:29:55,574 - scraper_base - INFO - 🔍 Petz: Buscando Apoquel
2026-09-16 22:29:57,589 - scraper_petz - INFO - Petz: Nenhum product-card encontrado para Apoquel
2026-09-16 22:29:57,589 - scraper_base - INFO - ⚪ Petz: Nenhum produto encontrado para Apoquel
2026-09-16 22:29:59,353 - scraper_base - INFO - 📦 [18/20] Processando Zenrelia
2026-09-16 22:29:59,353 - scraper_base - INFO - 🔍 Petz: Buscando Zenrelia
2026-09-16 22:30:00,786 - scraper_petz - INFO - Petz: Nenhum product-card encontrado para Zenrelia
2026-09-16 22:30:00,786 - scraper_base - INFO - ⚪ Petz: Nenhum produto encontrado para Zenrelia
2026-09-16 22:30:01,807 - scraper_base - INFO - 📦 [19/20] Processando Synulox
2026-09-16 22:30:01,807 - scraper_base - INFO - 🔍 Petz: Buscando Synulox
2026-09-16 22:30:03,112 - scraper_petz - INFO - Petz: Nenhum product-card encontrado para Synulox
2026-09-16 22:30:03,112 - scraper_base - INFO - ⚪ Petz: Nenhum produto encontrado para Synulox
2026-09-16 22:30:05,222 - scraper_base - INFO - 📦 [20/20] Processando Baytril
2026-09-16 22:30:05,222 - scraper_base - INFO - 🔍 Petz: Buscando Baytril
2026-09-16 22:30:07,040 - scraper_petz - INFO - Petz: Nenhum product-card encontrado para Baytril
2026-09-16 22:30:07,040 - scraper_base - INFO - ⚪ Petz: Nenhum produto encontrado para Baytril
2026-09-16 22:30:09,323 - scraper_base - INFO - 📊 Petz - Estatísticas finais:
2026-09-16 22:30:09,323 - scraper_base - INFO -    • Medicamentos processados: 20
2026-09-16 22:30:09,323 - scraper_base - INFO -    • Produtos encontrados: 0
2026-09-16 22:30:09,323 - scraper_base - INFO -    • Medicamentos sem resultado: 20
2026-09-16 22:30:09,323 - scraper_base - INFO -    • Tempo total: 92.5s
2026-09-16 22:30:09,323 - scraper_base - INFO -    • Tempo médio por medicamento: 4.6s
2026-09-16 22:30:09,323 - gerenciador_principal - WARNING - Petz: Nenhum produto coletado
2026-09-16 22:30:09,324 - gerenciador_principal - INFO - Gerando relatório consolidado...
2026-09-16 22:30:09,509 - gerenciador_arquivos - INFO - Relatório consolidado salvo: dados_relatorios/relatorio_consolidado_20260916_223009.xlsx
2026-09-16 22:30:09,603 - gerenciador_conexoes - INFO - Chrome fechado
2026-09-16 22:30:09,603 - gerenciador_conexoes - INFO - Métodos utilizados - Requests: 66.7%, Selenium: 33.3%, Falhas: 0.0%
2026-09-16 22:30:09,603 - gerenciador_principal - INFO - ============================================================
2026-09-16 22:30:09,604 - gerenciador_principal - INFO - RELATORIO FINAL DE EXECUÇÃO
2026-09-16 22:30:09,604 - gerenciador_principal - INFO - ============================================================
2026-09-16 22:30:09,604 - gerenciador_principal - INFO - Sites processados: 3
2026-09-16 22:30:09,604 - gerenciador_principal - INFO - Sites com sucesso: 2
2026-09-16 22:30:09,604 - gerenciador_principal - INFO - Total de produtos coletados: 404
2026-09-16 22:30:09,604 - gerenciador_principal - WARNING - Sites com falhas: Petz
2026-09-16 22:30:09,604 - gerenciador_principal - INFO - Tempo total de execução: 257.5 segundos
2026-09-16 22:30:09,604 - gerenciador_principal - INFO - Estatísticas de conexão:
2026-09-16 22:30:09,604 - gerenciador_principal - INFO -   - Requests bem-sucedidos: 66.7%
2026-09-16 22:30:09,604 - gerenciador_principal - INFO -   - Selenium fallback: 33.3%
2026-09-16 22:30:09,604 - gerenciador_principal - INFO -   - Falhas totais: 0.0%
2026-09-16 22:30:09,609 - gerenciador_principal - INFO - Arquivos salvos na pasta: dados_coletados
2026-09-16 22:30:09,609 - gerenciador_principal - INFO - Total de arquivos: 995
2026-09-16 22:30:09,609 - gerenciador_principal - INFO - ============================================================
