2026-03-16 20:25:40,577 - configurador_logs - INFO - Sistema de logs configurado com sucesso
2026-03-16 20:25:40,577 - configurador_logs - INFO - 🚀 Logs configurados para MODO PRODUÇÃO
2026-03-16 20:25:40,577 - gerenciador_principal - INFO - Inicializando sistema - Modo: PRODUCAO
2026-03-16 20:25:40,577 - gerenciador_arquivos - INFO - Pasta dados_coletados preparada
2026-03-16 20:25:40,577 - gerenciador_principal - INFO - Sistema inicializado com 3 scrapers
2026-03-16 20:25:40,577 - gerenciador_principal - INFO - ============================================================
2026-03-16 20:25:40,577 - gerenciador_principal - INFO - INICIANDO SCRAPING COMPLETO - PRODUCAO
2026-03-16 20:25:40,577 - gerenciador_principal - INFO - ============================================================
2026-03-16 20:25:40,578 - gerenciador_principal - INFO - [1/3] Processando Cobasi
2026-03-16 20:25:40,578 - scraper_base - INFO - 🚀 Iniciando scraping completo - Cobasi
2026-03-16 20:25:40,980 - gerenciador_conexoes - INFO - Sessao estabelecida com cobasi.com.br
2026-03-16 20:25:40,980 - scraper_base - INFO - 📋 20 medicamentos para processar
2026-03-16 20:25:40,980 - scraper_base - INFO - 📦 [1/20] Processando Simparic
2026-03-16 20:25:40,980 - scraper_base - INFO - 🔍 Cobasi: Buscando Simparic
2026-03-16 20:25:44,983 - scraper_cobasi - INFO - Cobasi: Dados extraídos via JSON para Simparic
2026-03-16 20:25:44,983 - scraper_base - INFO - ✅ Cobasi: 12 produto(s) encontrado(s) para Simparic
2026-03-16 20:25:46,005 - scraper_base - INFO - 📦 [2/20] Processando Revolution
2026-03-16 20:25:46,005 - scraper_base - INFO - 🔍 Cobasi: Buscando Revolution
2026-03-16 20:25:52,232 - scraper_cobasi - INFO - Cobasi: Dados extraídos via JSON para Revolution
2026-03-16 20:25:52,232 - scraper_base - INFO - ✅ Cobasi: 18 produto(s) encontrado(s) para Revolution
2026-03-16 20:25:54,717 - scraper_base - INFO - 📦 [3/20] Processando NexGard
2026-03-16 20:25:54,717 - scraper_base - INFO - 🔍 Cobasi: Buscando NexGard
2026-03-16 20:25:58,487 - scraper_cobasi - INFO - Cobasi: Dados extraídos via JSON para NexGard
2026-03-16 20:25:58,487 - scraper_base - INFO - ✅ Cobasi: 22 produto(s) encontrado(s) para NexGard
2026-03-16 20:26:00,891 - scraper_base - INFO - 📦 [4/20] Processando NexGard Spectra
2026-03-16 20:26:00,891 - scraper_base - INFO - 🔍 Cobasi: Buscando NexGard Spectra
2026-03-16 20:26:04,299 - scraper_cobasi - INFO - Cobasi: Dados extraídos via JSON para NexGard Spectra
2026-03-16 20:26:04,299 - scraper_base - INFO - ✅ Cobasi: 10 produto(s) encontrado(s) para NexGard Spectra
2026-03-16 20:26:06,739 - scraper_base - INFO - 📦 [5/20] Processando NexGard Combo
2026-03-16 20:26:06,739 - scraper_base - INFO - 🔍 Cobasi: Buscando NexGard Combo
2026-03-16 20:26:09,951 - scraper_cobasi - INFO - Cobasi: Dados extraídos via JSON para NexGard Combo
2026-03-16 20:26:09,951 - scraper_base - INFO - ✅ Cobasi: 4 produto(s) encontrado(s) para NexGard Combo
2026-03-16 20:26:11,051 - scraper_base - INFO - 📦 [6/20] Processando Bravecto
2026-03-16 20:26:11,051 - scraper_base - INFO - 🔍 Cobasi: Buscando Bravecto
2026-03-16 20:26:15,565 - scraper_cobasi - INFO - Cobasi: Dados extraídos via JSON para Bravecto
2026-03-16 20:26:15,565 - scraper_base - INFO - ✅ Cobasi: 16 produto(s) encontrado(s) para Bravecto
2026-03-16 20:26:17,958 - scraper_base - INFO - 📦 [7/20] Processando Frontline
2026-03-16 20:26:17,958 - scraper_base - INFO - 🔍 Cobasi: Buscando Frontline
2026-03-16 20:26:21,372 - scraper_cobasi - INFO - Cobasi: Dados extraídos via JSON para Frontline
2026-03-16 20:26:21,372 - scraper_base - INFO - ✅ Cobasi: 11 produto(s) encontrado(s) para Frontline
2026-03-16 20:26:22,817 - scraper_base - INFO - 📦 [8/20] Processando Advocate
2026-03-16 20:26:22,817 - scraper_base - INFO - 🔍 Cobasi: Buscando Advocate
2026-03-16 20:26:25,995 - scraper_cobasi - INFO - Cobasi: Dados extraídos via JSON para Advocate
2026-03-16 20:26:25,996 - scraper_base - INFO - ✅ Cobasi: 12 produto(s) encontrado(s) para Advocate
2026-03-16 20:26:27,325 - scraper_base - INFO - 📦 [9/20] Processando Drontal
2026-03-16 20:26:27,325 - scraper_base - INFO - 🔍 Cobasi: Buscando Drontal
2026-03-16 20:26:31,800 - scraper_cobasi - INFO - Cobasi: Dados extraídos via JSON para Drontal
2026-03-16 20:26:31,800 - scraper_base - INFO - ✅ Cobasi: 8 produto(s) encontrado(s) para Drontal
2026-03-16 20:26:34,419 - scraper_base - INFO - 📦 [10/20] Processando Milbemax
2026-03-16 20:26:34,419 - scraper_base - INFO - 🔍 Cobasi: Buscando Milbemax
2026-03-16 20:26:38,161 - scraper_cobasi - INFO - Cobasi: Dados extraídos via JSON para Milbemax
2026-03-16 20:26:38,161 - scraper_base - INFO - ✅ Cobasi: 4 produto(s) encontrado(s) para Milbemax
2026-03-16 20:26:39,589 - scraper_base - INFO - 📦 [11/20] Processando Vermivet
2026-03-16 20:26:39,589 - scraper_base - INFO - 🔍 Cobasi: Buscando Vermivet
2026-03-16 20:26:44,019 - scraper_cobasi - INFO - Cobasi: Dados extraídos via JSON para Vermivet
2026-03-16 20:26:44,019 - scraper_base - INFO - ✅ Cobasi: 5 produto(s) encontrado(s) para Vermivet
2026-03-16 20:26:45,179 - scraper_base - INFO - 📦 [12/20] Processando Rimadyl
2026-03-16 20:26:45,180 - scraper_base - INFO - 🔍 Cobasi: Buscando Rimadyl
2026-03-16 20:26:47,793 - scraper_cobasi - INFO - Cobasi: Dados extraídos via JSON para Rimadyl
2026-03-16 20:26:47,794 - scraper_base - INFO - ✅ Cobasi: 3 produto(s) encontrado(s) para Rimadyl
2026-03-16 20:26:49,527 - scraper_base - INFO - 📦 [13/20] Processando Onsior
2026-03-16 20:26:49,527 - scraper_base - INFO - 🔍 Cobasi: Buscando Onsior
2026-03-16 20:26:52,921 - scraper_cobasi - INFO - Cobasi: Dados extraídos via JSON para Onsior
2026-03-16 20:26:52,921 - scraper_base - INFO - ✅ Cobasi: 4 produto(s) encontrado(s) para Onsior
2026-03-16 20:26:55,639 - scraper_base - INFO - 📦 [14/20] Processando Maxicam
2026-03-16 20:26:55,639 - scraper_base - INFO - 🔍 Cobasi: Buscando Maxicam
2026-03-16 20:26:58,113 - scraper_cobasi - INFO - Cobasi: Dados extraídos via JSON para Maxicam
2026-03-16 20:26:58,114 - scraper_base - INFO - ✅ Cobasi: 3 produto(s) encontrado(s) para Maxicam
2026-03-16 20:26:59,591 - scraper_base - INFO - 📦 [15/20] Processando Carproflan
2026-03-16 20:26:59,591 - scraper_base - INFO - 🔍 Cobasi: Buscando Carproflan
2026-03-16 20:27:02,606 - scraper_cobasi - INFO - Cobasi: Dados extraídos via JSON para Carproflan
2026-03-16 20:27:02,606 - scraper_base - INFO - ✅ Cobasi: 3 produto(s) encontrado(s) para Carproflan
2026-03-16 20:27:04,709 - scraper_base - INFO - 📦 [16/20] Processando Previcox
2026-03-16 20:27:04,709 - scraper_base - INFO - 🔍 Cobasi: Buscando Previcox
2026-03-16 20:27:07,618 - scraper_cobasi - INFO - Cobasi: Dados extraídos via JSON para Previcox
2026-03-16 20:27:07,618 - scraper_base - INFO - ✅ Cobasi: 2 produto(s) encontrado(s) para Previcox
2026-03-16 20:27:09,545 - scraper_base - INFO - 📦 [17/20] Processando Apoquel
2026-03-16 20:27:09,545 - scraper_base - INFO - 🔍 Cobasi: Buscando Apoquel
2026-03-16 20:27:09,887 - scraper_cobasi - INFO - Cobasi: Dados extraídos via JSON para Apoquel
2026-03-16 20:27:09,887 - scraper_base - INFO - ✅ Cobasi: 3 produto(s) encontrado(s) para Apoquel
2026-03-16 20:27:11,125 - scraper_base - INFO - 📦 [18/20] Processando Zenrelia
2026-03-16 20:27:11,125 - scraper_base - INFO - 🔍 Cobasi: Buscando Zenrelia
2026-03-16 20:27:13,906 - scraper_cobasi - INFO - Cobasi: Dados extraídos via JSON para Zenrelia
2026-03-16 20:27:13,906 - scraper_base - INFO - ✅ Cobasi: 4 produto(s) encontrado(s) para Zenrelia
2026-03-16 20:27:16,597 - scraper_base - INFO - 📦 [19/20] Processando Synulox
2026-03-16 20:27:16,597 - scraper_base - INFO - 🔍 Cobasi: Buscando Synulox
2026-03-16 20:27:19,485 - scraper_cobasi - INFO - Cobasi: Dados extraídos via JSON para Synulox
2026-03-16 20:27:19,485 - scraper_base - INFO - ✅ Cobasi: 2 produto(s) encontrado(s) para Synulox
2026-03-16 20:27:21,423 - scraper_base - INFO - 📦 [20/20] Processando Baytril
2026-03-16 20:27:21,423 - scraper_base - INFO - 🔍 Cobasi: Buscando Baytril
2026-03-16 20:27:26,386 - scraper_cobasi - INFO - Cobasi: Dados extraídos via JSON para Baytril
2026-03-16 20:27:26,386 - scraper_base - INFO - ✅ Cobasi: 3 produto(s) encontrado(s) para Baytril
2026-03-16 20:27:28,783 - scraper_base - INFO - 📊 Cobasi - Estatísticas finais:
2026-03-16 20:27:28,783 - scraper_base - INFO -    • Medicamentos processados: 20
2026-03-16 20:27:28,783 - scraper_base - INFO -    • Produtos encontrados: 149
2026-03-16 20:27:28,783 - scraper_base - INFO -    • Medicamentos sem resultado: 0
2026-03-16 20:27:28,783 - scraper_base - INFO -    • Tempo total: 108.2s
2026-03-16 20:27:28,783 - scraper_base - INFO -    • Tempo médio por medicamento: 5.4s
2026-03-16 20:27:29,136 - gerenciador_arquivos - INFO - Excel salvo: dados_coletados/cobasi_20260316_202728.xlsx (149 produtos)
2026-03-16 20:27:29,136 - gerenciador_principal - INFO - Cobasi: Arquivo individual salvo com sucesso
2026-03-16 20:27:29,136 - gerenciador_principal - INFO - Pausando entre sites...
2026-03-16 20:27:31,136 - gerenciador_principal - INFO - [2/3] Processando Petlove
2026-03-16 20:27:31,136 - scraper_base - INFO - 🚀 Iniciando scraping completo - Petlove
2026-03-16 20:27:31,381 - scraper_base - INFO - 📋 20 medicamentos para processar
2026-03-16 20:27:31,382 - scraper_base - INFO - 📦 [1/20] Processando Simparic
2026-03-16 20:27:31,382 - scraper_base - INFO - 🔍 Petlove: Buscando Simparic
2026-03-16 20:27:47,894 - gerenciador_conexoes - INFO - Chrome inicializado com otimizacoes de velocidade
2026-03-16 20:27:52,054 - scraper_base - INFO - ✅ Petlove: 20 produto(s) encontrado(s) para Simparic
2026-03-16 20:27:53,759 - scraper_base - INFO - 📦 [2/20] Processando Revolution
2026-03-16 20:27:53,759 - scraper_base - INFO - 🔍 Petlove: Buscando Revolution
2026-03-16 20:27:55,932 - scraper_base - INFO - ✅ Petlove: 13 produto(s) encontrado(s) para Revolution
2026-03-16 20:27:58,337 - scraper_base - INFO - 📦 [3/20] Processando NexGard
2026-03-16 20:27:58,337 - scraper_base - INFO - 🔍 Petlove: Buscando NexGard
2026-03-16 20:27:59,765 - scraper_base - INFO - ✅ Petlove: 11 produto(s) encontrado(s) para NexGard
2026-03-16 20:28:02,288 - scraper_base - INFO - 📦 [4/20] Processando NexGard Spectra
2026-03-16 20:28:02,288 - scraper_base - INFO - 🔍 Petlove: Buscando NexGard Spectra
2026-03-16 20:28:03,609 - scraper_base - INFO - ✅ Petlove: 5 produto(s) encontrado(s) para NexGard Spectra
2026-03-16 20:28:05,033 - scraper_base - INFO - 📦 [5/20] Processando NexGard Combo
2026-03-16 20:28:05,033 - scraper_base - INFO - 🔍 Petlove: Buscando NexGard Combo
2026-03-16 20:28:06,413 - scraper_base - INFO - ✅ Petlove: 2 produto(s) encontrado(s) para NexGard Combo
2026-03-16 20:28:07,988 - scraper_base - INFO - 📦 [6/20] Processando Bravecto
2026-03-16 20:28:07,988 - scraper_base - INFO - 🔍 Petlove: Buscando Bravecto
2026-03-16 20:28:10,485 - scraper_base - INFO - ✅ Petlove: 28 produto(s) encontrado(s) para Bravecto
2026-03-16 20:28:12,943 - scraper_base - INFO - 📦 [7/20] Processando Frontline
2026-03-16 20:28:12,943 - scraper_base - INFO - 🔍 Petlove: Buscando Frontline
2026-03-16 20:28:14,823 - scraper_base - INFO - ✅ Petlove: 11 produto(s) encontrado(s) para Frontline
2026-03-16 20:28:16,357 - scraper_base - INFO - 📦 [8/20] Processando Advocate
2026-03-16 20:28:16,357 - scraper_base - INFO - 🔍 Petlove: Buscando Advocate
2026-03-16 20:28:18,038 - scraper_base - INFO - ✅ Petlove: 9 produto(s) encontrado(s) para Advocate
2026-03-16 20:28:20,479 - scraper_base - INFO - 📦 [9/20] Processando Drontal
2026-03-16 20:28:20,479 - scraper_base - INFO - 🔍 Petlove: Buscando Drontal
2026-03-16 20:28:22,250 - scraper_base - INFO - ✅ Petlove: 36 produto(s) encontrado(s) para Drontal
2026-03-16 20:28:24,188 - scraper_base - INFO - 📦 [10/20] Processando Milbemax
2026-03-16 20:28:24,188 - scraper_base - INFO - 🔍 Petlove: Buscando Milbemax
2026-03-16 20:28:25,805 - scraper_base - INFO - ✅ Petlove: 13 produto(s) encontrado(s) para Milbemax
2026-03-16 20:28:27,196 - scraper_base - INFO - 📦 [11/20] Processando Vermivet
2026-03-16 20:28:27,196 - scraper_base - INFO - 🔍 Petlove: Buscando Vermivet
2026-03-16 20:28:28,805 - scraper_base - INFO - ✅ Petlove: 36 produto(s) encontrado(s) para Vermivet
2026-03-16 20:28:31,386 - scraper_base - INFO - 📦 [12/20] Processando Rimadyl
2026-03-16 20:28:31,386 - scraper_base - INFO - 🔍 Petlove: Buscando Rimadyl
2026-03-16 20:28:33,017 - scraper_base - INFO - ✅ Petlove: 1 produto(s) encontrado(s) para Rimadyl
2026-03-16 20:28:34,496 - scraper_base - INFO - 📦 [13/20] Processando Onsior
2026-03-16 20:28:34,496 - scraper_base - INFO - 🔍 Petlove: Buscando Onsior
2026-03-16 20:28:36,183 - scraper_base - INFO - ✅ Petlove: 4 produto(s) encontrado(s) para Onsior
2026-03-16 20:28:37,967 - scraper_base - INFO - 📦 [14/20] Processando Maxicam
2026-03-16 20:28:37,968 - scraper_base - INFO - 🔍 Petlove: Buscando Maxicam
2026-03-16 20:28:39,327 - scraper_base - INFO - ✅ Petlove: 3 produto(s) encontrado(s) para Maxicam
2026-03-16 20:28:41,891 - scraper_base - INFO - 📦 [15/20] Processando Carproflan
2026-03-16 20:28:41,891 - scraper_base - INFO - 🔍 Petlove: Buscando Carproflan
2026-03-16 20:28:43,157 - scraper_base - INFO - ✅ Petlove: 6 produto(s) encontrado(s) para Carproflan
2026-03-16 20:28:44,255 - scraper_base - INFO - 📦 [16/20] Processando Previcox
2026-03-16 20:28:44,255 - scraper_base - INFO - 🔍 Petlove: Buscando Previcox
2026-03-16 20:28:45,604 - scraper_base - INFO - ✅ Petlove: 4 produto(s) encontrado(s) para Previcox
2026-03-16 20:28:47,002 - scraper_base - INFO - 📦 [17/20] Processando Apoquel
2026-03-16 20:28:47,002 - scraper_base - INFO - 🔍 Petlove: Buscando Apoquel
2026-03-16 20:28:48,658 - scraper_base - INFO - ✅ Petlove: 17 produto(s) encontrado(s) para Apoquel
2026-03-16 20:28:50,381 - scraper_base - INFO - 📦 [18/20] Processando Zenrelia
2026-03-16 20:28:50,381 - scraper_base - INFO - 🔍 Petlove: Buscando Zenrelia
2026-03-16 20:28:51,877 - scraper_base - INFO - ✅ Petlove: 4 produto(s) encontrado(s) para Zenrelia
2026-03-16 20:28:53,438 - scraper_base - INFO - 📦 [19/20] Processando Synulox
2026-03-16 20:28:53,438 - scraper_base - INFO - 🔍 Petlove: Buscando Synulox
2026-03-16 20:28:54,600 - scraper_base - INFO - ✅ Petlove: 1 produto(s) encontrado(s) para Synulox
2026-03-16 20:28:57,045 - scraper_base - INFO - 📦 [20/20] Processando Baytril
2026-03-16 20:28:57,045 - scraper_base - INFO - 🔍 Petlove: Buscando Baytril
2026-03-16 20:28:58,187 - scraper_base - INFO - ✅ Petlove: 4 produto(s) encontrado(s) para Baytril
2026-03-16 20:29:01,148 - scraper_base - INFO - 📊 Petlove - Estatísticas finais:
2026-03-16 20:29:01,148 - scraper_base - INFO -    • Medicamentos processados: 20
2026-03-16 20:29:01,148 - scraper_base - INFO -    • Produtos encontrados: 228
2026-03-16 20:29:01,148 - scraper_base - INFO -    • Medicamentos sem resultado: 0
2026-03-16 20:29:01,148 - scraper_base - INFO -    • Tempo total: 90.0s
2026-03-16 20:29:01,148 - scraper_base - INFO -    • Tempo médio por medicamento: 4.5s
2026-03-16 20:29:01,191 - gerenciador_arquivos - INFO - Excel salvo: dados_coletados/petlove_20260316_202901.xlsx (228 produtos)
2026-03-16 20:29:01,191 - gerenciador_principal - INFO - Petlove: Arquivo individual salvo com sucesso
2026-03-16 20:29:01,191 - gerenciador_principal - INFO - Pausando entre sites...
2026-03-16 20:29:03,192 - gerenciador_principal - INFO - [3/3] Processando Petz
2026-03-16 20:29:03,192 - scraper_base - INFO - 🚀 Iniciando scraping completo - Petz
2026-03-16 20:29:03,604 - scraper_base - INFO - 📋 20 medicamentos para processar
2026-03-16 20:29:03,604 - scraper_base - INFO - 📦 [1/20] Processando Simparic
2026-03-16 20:29:03,604 - scraper_base - INFO - 🔍 Petz: Buscando Simparic
2026-03-16 20:29:09,139 - scraper_base - INFO - ✅ Petz: 12 produto(s) encontrado(s) para Simparic
2026-03-16 20:29:11,312 - scraper_base - INFO - 📦 [2/20] Processando Revolution
2026-03-16 20:29:11,312 - scraper_base - INFO - 🔍 Petz: Buscando Revolution
2026-03-16 20:29:14,004 - scraper_base - INFO - ✅ Petz: 21 produto(s) encontrado(s) para Revolution
2026-03-16 20:29:16,034 - scraper_base - INFO - 📦 [3/20] Processando NexGard
2026-03-16 20:29:16,034 - scraper_base - INFO - 🔍 Petz: Buscando NexGard
2026-03-16 20:29:18,178 - scraper_base - INFO - ✅ Petz: 22 produto(s) encontrado(s) para NexGard
2026-03-16 20:29:19,699 - scraper_base - INFO - 📦 [4/20] Processando NexGard Spectra
2026-03-16 20:29:19,699 - scraper_base - INFO - 🔍 Petz: Buscando NexGard Spectra
2026-03-16 20:29:22,455 - scraper_base - INFO - ✅ Petz: 10 produto(s) encontrado(s) para NexGard Spectra
2026-03-16 20:29:24,788 - scraper_base - INFO - 📦 [5/20] Processando NexGard Combo
2026-03-16 20:29:24,788 - scraper_base - INFO - 🔍 Petz: Buscando NexGard Combo
2026-03-16 20:29:27,186 - scraper_base - INFO - ✅ Petz: 4 produto(s) encontrado(s) para NexGard Combo
2026-03-16 20:29:29,164 - scraper_base - INFO - 📦 [6/20] Processando Bravecto
2026-03-16 20:29:29,164 - scraper_base - INFO - 🔍 Petz: Buscando Bravecto
2026-03-16 20:29:31,599 - scraper_base - INFO - ✅ Petz: 16 produto(s) encontrado(s) para Bravecto
2026-03-16 20:29:33,966 - scraper_base - INFO - 📦 [7/20] Processando Frontline
2026-03-16 20:29:33,966 - scraper_base - INFO - 🔍 Petz: Buscando Frontline
2026-03-16 20:29:36,092 - scraper_base - INFO - ✅ Petz: 11 produto(s) encontrado(s) para Frontline
2026-03-16 20:29:37,873 - scraper_base - INFO - 📦 [8/20] Processando Advocate
2026-03-16 20:29:37,874 - scraper_base - INFO - 🔍 Petz: Buscando Advocate
2026-03-16 20:29:40,517 - scraper_base - INFO - ✅ Petz: 12 produto(s) encontrado(s) para Advocate
2026-03-16 20:29:43,095 - scraper_base - INFO - 📦 [9/20] Processando Drontal
2026-03-16 20:29:43,095 - scraper_base - INFO - 🔍 Petz: Buscando Drontal
2026-03-16 20:29:46,535 - scraper_base - INFO - ✅ Petz: 32 produto(s) encontrado(s) para Drontal
2026-03-16 20:29:48,855 - scraper_base - INFO - 📦 [10/20] Processando Milbemax
2026-03-16 20:29:48,856 - scraper_base - INFO - 🔍 Petz: Buscando Milbemax
2026-03-16 20:29:51,858 - scraper_base - INFO - ✅ Petz: 4 produto(s) encontrado(s) para Milbemax
2026-03-16 20:29:53,098 - scraper_base - INFO - 📦 [11/20] Processando Vermivet
2026-03-16 20:29:53,098 - scraper_base - INFO - 🔍 Petz: Buscando Vermivet
2026-03-16 20:29:55,246 - scraper_base - INFO - ✅ Petz: 5 produto(s) encontrado(s) para Vermivet
2026-03-16 20:29:57,466 - scraper_base - INFO - 📦 [12/20] Processando Rimadyl
2026-03-16 20:29:57,466 - scraper_base - INFO - 🔍 Petz: Buscando Rimadyl
2026-03-16 20:29:59,399 - scraper_base - INFO - ✅ Petz: 3 produto(s) encontrado(s) para Rimadyl
2026-03-16 20:30:00,912 - scraper_base - INFO - 📦 [13/20] Processando Onsior
2026-03-16 20:30:00,912 - scraper_base - INFO - 🔍 Petz: Buscando Onsior
2026-03-16 20:30:03,330 - scraper_base - INFO - ✅ Petz: 4 produto(s) encontrado(s) para Onsior
2026-03-16 20:30:05,895 - scraper_base - INFO - 📦 [14/20] Processando Maxicam
2026-03-16 20:30:05,895 - scraper_base - INFO - 🔍 Petz: Buscando Maxicam
2026-03-16 20:30:08,648 - scraper_base - INFO - ✅ Petz: 30 produto(s) encontrado(s) para Maxicam
2026-03-16 20:30:10,214 - scraper_base - INFO - 📦 [15/20] Processando Carproflan
2026-03-16 20:30:10,215 - scraper_base - INFO - 🔍 Petz: Buscando Carproflan
2026-03-16 20:30:12,342 - scraper_base - INFO - ✅ Petz: 3 produto(s) encontrado(s) para Carproflan
2026-03-16 20:30:14,117 - scraper_base - INFO - 📦 [16/20] Processando Previcox
2026-03-16 20:30:14,117 - scraper_base - INFO - 🔍 Petz: Buscando Previcox
2026-03-16 20:30:16,090 - scraper_base - INFO - ✅ Petz: 2 produto(s) encontrado(s) para Previcox
2026-03-16 20:30:18,355 - scraper_base - INFO - 📦 [17/20] Processando Apoquel
2026-03-16 20:30:18,355 - scraper_base - INFO - 🔍 Petz: Buscando Apoquel
2026-03-16 20:30:20,179 - scraper_base - INFO - ✅ Petz: 3 produto(s) encontrado(s) para Apoquel
2026-03-16 20:30:21,941 - scraper_base - INFO - 📦 [18/20] Processando Zenrelia
2026-03-16 20:30:21,941 - scraper_base - INFO - 🔍 Petz: Buscando Zenrelia
2026-03-16 20:30:23,836 - scraper_base - INFO - ✅ Petz: 4 produto(s) encontrado(s) para Zenrelia
2026-03-16 20:30:25,229 - scraper_base - INFO - 📦 [19/20] Processando Synulox
2026-03-16 20:30:25,229 - scraper_base - INFO - 🔍 Petz: Buscando Synulox
2026-03-16 20:30:27,269 - scraper_base - INFO - ✅ Petz: 2 produto(s) encontrado(s) para Synulox
2026-03-16 20:30:28,897 - scraper_base - INFO - 📦 [20/20] Processando Baytril
2026-03-16 20:30:28,897 - scraper_base - INFO - 🔍 Petz: Buscando Baytril
2026-03-16 20:30:31,452 - scraper_base - INFO - ✅ Petz: 9 produto(s) encontrado(s) para Baytril
2026-03-16 20:30:32,925 - scraper_base - INFO - 📊 Petz - Estatísticas finais:
2026-03-16 20:30:32,925 - scraper_base - INFO -    • Medicamentos processados: 20
2026-03-16 20:30:32,925 - scraper_base - INFO -    • Produtos encontrados: 209
2026-03-16 20:30:32,926 - scraper_base - INFO -    • Medicamentos sem resultado: 0
2026-03-16 20:30:32,926 - scraper_base - INFO -    • Tempo total: 89.7s
2026-03-16 20:30:32,926 - scraper_base - INFO -    • Tempo médio por medicamento: 4.5s
2026-03-16 20:30:32,969 - gerenciador_arquivos - INFO - Excel salvo: dados_coletados/petz_20260316_203032.xlsx (209 produtos)
2026-03-16 20:30:32,969 - gerenciador_principal - INFO - Petz: Arquivo individual salvo com sucesso
2026-03-16 20:30:32,969 - gerenciador_principal - INFO - Gerando relatório consolidado...
2026-03-16 20:30:33,224 - gerenciador_arquivos - INFO - Relatório consolidado salvo: dados_relatorios/relatorio_consolidado_20260316_203032.xlsx
2026-03-16 20:30:33,377 - gerenciador_conexoes - INFO - Chrome fechado
2026-03-16 20:30:33,377 - gerenciador_conexoes - INFO - Métodos utilizados - Requests: 33.3%, Selenium: 66.7%, Falhas: 0.0%
2026-03-16 20:30:33,377 - gerenciador_principal - INFO - ============================================================
2026-03-16 20:30:33,377 - gerenciador_principal - INFO - RELATORIO FINAL DE EXECUÇÃO
2026-03-16 20:30:33,377 - gerenciador_principal - INFO - ============================================================
2026-03-16 20:30:33,377 - gerenciador_principal - INFO - Sites processados: 3
2026-03-16 20:30:33,377 - gerenciador_principal - INFO - Sites com sucesso: 3
2026-03-16 20:30:33,377 - gerenciador_principal - INFO - Total de produtos coletados: 586
2026-03-16 20:30:33,377 - gerenciador_principal - INFO - Tempo total de execução: 292.4 segundos
2026-03-16 20:30:33,377 - gerenciador_principal - INFO - Estatísticas de conexão:
2026-03-16 20:30:33,377 - gerenciador_principal - INFO -   - Requests bem-sucedidos: 33.3%
2026-03-16 20:30:33,377 - gerenciador_principal - INFO -   - Selenium fallback: 66.7%
2026-03-16 20:30:33,377 - gerenciador_principal - INFO -   - Falhas totais: 0.0%
2026-03-16 20:30:33,380 - gerenciador_principal - INFO - Arquivos salvos na pasta: dados_coletados
2026-03-16 20:30:33,380 - gerenciador_principal - INFO - Total de arquivos: 494
2026-03-16 20:30:33,380 - gerenciador_principal - INFO - ============================================================
