2026-06-03 22:20:28,963 - configurador_logs - INFO - Sistema de logs configurado com sucesso
2026-06-03 22:20:28,963 - configurador_logs - INFO - 🚀 Logs configurados para MODO PRODUÇÃO
2026-06-03 22:20:28,963 - gerenciador_principal - INFO - Inicializando sistema - Modo: PRODUCAO
2026-06-03 22:20:28,964 - gerenciador_arquivos - INFO - Pasta dados_coletados preparada
2026-06-03 22:20:28,964 - gerenciador_principal - INFO - Sistema inicializado com 3 scrapers
2026-06-03 22:20:28,964 - gerenciador_principal - INFO - ============================================================
2026-06-03 22:20:28,964 - gerenciador_principal - INFO - INICIANDO SCRAPING COMPLETO - PRODUCAO
2026-06-03 22:20:28,964 - gerenciador_principal - INFO - ============================================================
2026-06-03 22:20:28,964 - gerenciador_principal - INFO - [1/3] Processando Cobasi
2026-06-03 22:20:28,964 - scraper_base - INFO - 🚀 Iniciando scraping completo - Cobasi
2026-06-03 22:20:29,649 - gerenciador_conexoes - INFO - Sessao estabelecida com cobasi.com.br
2026-06-03 22:20:29,649 - scraper_base - INFO - 📋 20 medicamentos para processar
2026-06-03 22:20:29,649 - scraper_base - INFO - 📦 [1/20] Processando Simparic
2026-06-03 22:20:29,649 - scraper_base - INFO - 🔍 Cobasi: Buscando Simparic
2026-06-03 22:20:30,271 - scraper_cobasi - INFO - Cobasi: Dados extraídos via JSON para Simparic
2026-06-03 22:20:30,271 - scraper_base - INFO - ✅ Cobasi: 24 produto(s) encontrado(s) para Simparic
2026-06-03 22:20:33,030 - scraper_base - INFO - 📦 [2/20] Processando Revolution
2026-06-03 22:20:33,031 - scraper_base - INFO - 🔍 Cobasi: Buscando Revolution
2026-06-03 22:20:36,752 - scraper_cobasi - INFO - Cobasi: Dados extraídos via JSON para Revolution
2026-06-03 22:20:36,752 - scraper_base - INFO - ✅ Cobasi: 18 produto(s) encontrado(s) para Revolution
2026-06-03 22:20:39,374 - scraper_base - INFO - 📦 [3/20] Processando NexGard
2026-06-03 22:20:39,374 - scraper_base - INFO - 🔍 Cobasi: Buscando NexGard
2026-06-03 22:20:43,541 - scraper_cobasi - INFO - Cobasi: Dados extraídos via JSON para NexGard
2026-06-03 22:20:43,541 - scraper_base - INFO - ✅ Cobasi: 22 produto(s) encontrado(s) para NexGard
2026-06-03 22:20:45,826 - scraper_base - INFO - 📦 [4/20] Processando NexGard Spectra
2026-06-03 22:20:45,826 - scraper_base - INFO - 🔍 Cobasi: Buscando NexGard Spectra
2026-06-03 22:20:49,790 - scraper_cobasi - INFO - Cobasi: Dados extraídos via JSON para NexGard Spectra
2026-06-03 22:20:49,790 - scraper_base - INFO - ✅ Cobasi: 10 produto(s) encontrado(s) para NexGard Spectra
2026-06-03 22:20:51,756 - scraper_base - INFO - 📦 [5/20] Processando NexGard Combo
2026-06-03 22:20:51,757 - scraper_base - INFO - 🔍 Cobasi: Buscando NexGard Combo
2026-06-03 22:20:54,596 - scraper_cobasi - INFO - Cobasi: Dados extraídos via JSON para NexGard Combo
2026-06-03 22:20:54,597 - scraper_base - INFO - ✅ Cobasi: 4 produto(s) encontrado(s) para NexGard Combo
2026-06-03 22:20:56,278 - scraper_base - INFO - 📦 [6/20] Processando Bravecto
2026-06-03 22:20:56,279 - scraper_base - INFO - 🔍 Cobasi: Buscando Bravecto
2026-06-03 22:21:00,279 - scraper_cobasi - INFO - Cobasi: Dados extraídos via JSON para Bravecto
2026-06-03 22:21:00,280 - scraper_base - INFO - ✅ Cobasi: 16 produto(s) encontrado(s) para Bravecto
2026-06-03 22:21:01,775 - scraper_base - INFO - 📦 [7/20] Processando Frontline
2026-06-03 22:21:01,775 - scraper_base - INFO - 🔍 Cobasi: Buscando Frontline
2026-06-03 22:21:06,136 - scraper_cobasi - INFO - Cobasi: Dados extraídos via JSON para Frontline
2026-06-03 22:21:06,137 - scraper_base - INFO - ✅ Cobasi: 11 produto(s) encontrado(s) para Frontline
2026-06-03 22:21:07,287 - scraper_base - INFO - 📦 [8/20] Processando Advocate
2026-06-03 22:21:07,287 - scraper_base - INFO - 🔍 Cobasi: Buscando Advocate
2026-06-03 22:21:10,605 - scraper_cobasi - INFO - Cobasi: Dados extraídos via JSON para Advocate
2026-06-03 22:21:10,605 - scraper_base - INFO - ✅ Cobasi: 12 produto(s) encontrado(s) para Advocate
2026-06-03 22:21:13,427 - scraper_base - INFO - 📦 [9/20] Processando Drontal
2026-06-03 22:21:13,428 - scraper_base - INFO - 🔍 Cobasi: Buscando Drontal
2026-06-03 22:21:16,862 - scraper_cobasi - INFO - Cobasi: Dados extraídos via JSON para Drontal
2026-06-03 22:21:16,863 - scraper_base - INFO - ✅ Cobasi: 8 produto(s) encontrado(s) para Drontal
2026-06-03 22:21:19,497 - scraper_base - INFO - 📦 [10/20] Processando Milbemax
2026-06-03 22:21:19,498 - scraper_base - INFO - 🔍 Cobasi: Buscando Milbemax
2026-06-03 22:21:22,307 - scraper_cobasi - INFO - Cobasi: Dados extraídos via JSON para Milbemax
2026-06-03 22:21:22,308 - scraper_base - INFO - ✅ Cobasi: 4 produto(s) encontrado(s) para Milbemax
2026-06-03 22:21:24,984 - scraper_base - INFO - 📦 [11/20] Processando Vermivet
2026-06-03 22:21:24,984 - scraper_base - INFO - 🔍 Cobasi: Buscando Vermivet
2026-06-03 22:21:28,171 - scraper_cobasi - INFO - Cobasi: Dados extraídos via JSON para Vermivet
2026-06-03 22:21:28,171 - scraper_base - INFO - ✅ Cobasi: 5 produto(s) encontrado(s) para Vermivet
2026-06-03 22:21:29,476 - scraper_base - INFO - 📦 [12/20] Processando Rimadyl
2026-06-03 22:21:29,476 - scraper_base - INFO - 🔍 Cobasi: Buscando Rimadyl
2026-06-03 22:21:32,257 - scraper_cobasi - INFO - Cobasi: Dados extraídos via JSON para Rimadyl
2026-06-03 22:21:32,257 - scraper_base - INFO - ✅ Cobasi: 3 produto(s) encontrado(s) para Rimadyl
2026-06-03 22:21:34,532 - scraper_base - INFO - 📦 [13/20] Processando Onsior
2026-06-03 22:21:34,532 - scraper_base - INFO - 🔍 Cobasi: Buscando Onsior
2026-06-03 22:21:37,451 - scraper_cobasi - INFO - Cobasi: Dados extraídos via JSON para Onsior
2026-06-03 22:21:37,452 - scraper_base - INFO - ✅ Cobasi: 4 produto(s) encontrado(s) para Onsior
2026-06-03 22:21:38,888 - scraper_base - INFO - 📦 [14/20] Processando Maxicam
2026-06-03 22:21:38,888 - scraper_base - INFO - 🔍 Cobasi: Buscando Maxicam
2026-06-03 22:21:41,313 - scraper_cobasi - INFO - Cobasi: Dados extraídos via JSON para Maxicam
2026-06-03 22:21:41,313 - scraper_base - INFO - ✅ Cobasi: 3 produto(s) encontrado(s) para Maxicam
2026-06-03 22:21:43,274 - scraper_base - INFO - 📦 [15/20] Processando Carproflan
2026-06-03 22:21:43,274 - scraper_base - INFO - 🔍 Cobasi: Buscando Carproflan
2026-06-03 22:21:46,306 - scraper_cobasi - INFO - Cobasi: Dados extraídos via JSON para Carproflan
2026-06-03 22:21:46,306 - scraper_base - INFO - ✅ Cobasi: 3 produto(s) encontrado(s) para Carproflan
2026-06-03 22:21:47,462 - scraper_base - INFO - 📦 [16/20] Processando Previcox
2026-06-03 22:21:47,462 - scraper_base - INFO - 🔍 Cobasi: Buscando Previcox
2026-06-03 22:21:50,432 - scraper_cobasi - INFO - Cobasi: Dados extraídos via JSON para Previcox
2026-06-03 22:21:50,433 - scraper_base - INFO - ✅ Cobasi: 2 produto(s) encontrado(s) para Previcox
2026-06-03 22:21:52,537 - scraper_base - INFO - 📦 [17/20] Processando Apoquel
2026-06-03 22:21:52,537 - scraper_base - INFO - 🔍 Cobasi: Buscando Apoquel
2026-06-03 22:21:55,178 - scraper_cobasi - INFO - Cobasi: Dados extraídos via JSON para Apoquel
2026-06-03 22:21:55,178 - scraper_base - INFO - ✅ Cobasi: 3 produto(s) encontrado(s) para Apoquel
2026-06-03 22:21:56,465 - scraper_base - INFO - 📦 [18/20] Processando Zenrelia
2026-06-03 22:21:56,465 - scraper_base - INFO - 🔍 Cobasi: Buscando Zenrelia
2026-06-03 22:21:59,359 - scraper_cobasi - INFO - Cobasi: Dados extraídos via JSON para Zenrelia
2026-06-03 22:21:59,359 - scraper_base - INFO - ✅ Cobasi: 4 produto(s) encontrado(s) para Zenrelia
2026-06-03 22:22:01,188 - scraper_base - INFO - 📦 [19/20] Processando Synulox
2026-06-03 22:22:01,188 - scraper_base - INFO - 🔍 Cobasi: Buscando Synulox
2026-06-03 22:22:03,652 - scraper_cobasi - INFO - Cobasi: Dados extraídos via JSON para Synulox
2026-06-03 22:22:03,653 - scraper_base - INFO - ✅ Cobasi: 2 produto(s) encontrado(s) para Synulox
2026-06-03 22:22:04,731 - scraper_base - INFO - 📦 [20/20] Processando Baytril
2026-06-03 22:22:04,731 - scraper_base - INFO - 🔍 Cobasi: Buscando Baytril
2026-06-03 22:22:07,980 - scraper_cobasi - INFO - Cobasi: Dados extraídos via JSON para Baytril
2026-06-03 22:22:07,980 - scraper_base - INFO - ✅ Cobasi: 2 produto(s) encontrado(s) para Baytril
2026-06-03 22:22:09,756 - scraper_base - INFO - 📊 Cobasi - Estatísticas finais:
2026-06-03 22:22:09,756 - scraper_base - INFO -    • Medicamentos processados: 20
2026-06-03 22:22:09,756 - scraper_base - INFO -    • Produtos encontrados: 160
2026-06-03 22:22:09,756 - scraper_base - INFO -    • Medicamentos sem resultado: 0
2026-06-03 22:22:09,756 - scraper_base - INFO -    • Tempo total: 100.8s
2026-06-03 22:22:09,756 - scraper_base - INFO -    • Tempo médio por medicamento: 5.0s
2026-06-03 22:22:09,940 - gerenciador_arquivos - INFO - Excel salvo: dados_coletados/cobasi_20260603_222209.xlsx (160 produtos)
2026-06-03 22:22:09,940 - gerenciador_principal - INFO - Cobasi: Arquivo individual salvo com sucesso
2026-06-03 22:22:09,940 - gerenciador_principal - INFO - Pausando entre sites...
2026-06-03 22:22:11,941 - gerenciador_principal - INFO - [2/3] Processando Petlove
2026-06-03 22:22:11,941 - scraper_base - INFO - 🚀 Iniciando scraping completo - Petlove
2026-06-03 22:22:12,275 - gerenciador_conexoes - INFO - Sessao estabelecida com petlove.com.br
2026-06-03 22:22:12,275 - scraper_base - INFO - 📋 20 medicamentos para processar
2026-06-03 22:22:12,275 - scraper_base - INFO - 📦 [1/20] Processando Simparic
2026-06-03 22:22:12,275 - scraper_base - INFO - 🔍 Petlove: Buscando Simparic
2026-06-03 22:22:13,038 - scraper_base - INFO - ✅ Petlove: 36 produto(s) encontrado(s) para Simparic
2026-06-03 22:22:14,447 - scraper_base - INFO - 📦 [2/20] Processando Revolution
2026-06-03 22:22:14,447 - scraper_base - INFO - 🔍 Petlove: Buscando Revolution
2026-06-03 22:22:15,144 - scraper_base - INFO - ✅ Petlove: 20 produto(s) encontrado(s) para Revolution
2026-06-03 22:22:17,622 - scraper_base - INFO - 📦 [3/20] Processando NexGard
2026-06-03 22:22:17,622 - scraper_base - INFO - 🔍 Petlove: Buscando NexGard
2026-06-03 22:22:18,442 - scraper_base - INFO - ✅ Petlove: 11 produto(s) encontrado(s) para NexGard
2026-06-03 22:22:21,049 - scraper_base - INFO - 📦 [4/20] Processando NexGard Spectra
2026-06-03 22:22:21,049 - scraper_base - INFO - 🔍 Petlove: Buscando NexGard Spectra
2026-06-03 22:22:21,637 - scraper_base - INFO - ✅ Petlove: 5 produto(s) encontrado(s) para NexGard Spectra
2026-06-03 22:22:22,651 - scraper_base - INFO - 📦 [5/20] Processando NexGard Combo
2026-06-03 22:22:22,651 - scraper_base - INFO - 🔍 Petlove: Buscando NexGard Combo
2026-06-03 22:22:23,277 - scraper_base - INFO - ✅ Petlove: 2 produto(s) encontrado(s) para NexGard Combo
2026-06-03 22:22:24,601 - scraper_base - INFO - 📦 [6/20] Processando Bravecto
2026-06-03 22:22:24,601 - scraper_base - INFO - 🔍 Petlove: Buscando Bravecto
2026-06-03 22:22:25,296 - scraper_base - INFO - ✅ Petlove: 22 produto(s) encontrado(s) para Bravecto
2026-06-03 22:22:26,619 - scraper_base - INFO - 📦 [7/20] Processando Frontline
2026-06-03 22:22:26,619 - scraper_base - INFO - 🔍 Petlove: Buscando Frontline
2026-06-03 22:22:27,516 - scraper_base - INFO - ✅ Petlove: 11 produto(s) encontrado(s) para Frontline
2026-06-03 22:22:29,888 - scraper_base - INFO - 📦 [8/20] Processando Advocate
2026-06-03 22:22:29,888 - scraper_base - INFO - 🔍 Petlove: Buscando Advocate
2026-06-03 22:22:30,592 - scraper_base - INFO - ✅ Petlove: 9 produto(s) encontrado(s) para Advocate
2026-06-03 22:22:31,618 - scraper_base - INFO - 📦 [9/20] Processando Drontal
2026-06-03 22:22:31,618 - scraper_base - INFO - 🔍 Petlove: Buscando Drontal
2026-06-03 22:22:32,458 - scraper_base - INFO - ✅ Petlove: 36 produto(s) encontrado(s) para Drontal
2026-06-03 22:22:34,309 - scraper_base - INFO - 📦 [10/20] Processando Milbemax
2026-06-03 22:22:34,309 - scraper_base - INFO - 🔍 Petlove: Buscando Milbemax
2026-06-03 22:22:35,043 - scraper_base - INFO - ✅ Petlove: 14 produto(s) encontrado(s) para Milbemax
2026-06-03 22:22:36,514 - scraper_base - INFO - 📦 [11/20] Processando Vermivet
2026-06-03 22:22:36,515 - scraper_base - INFO - 🔍 Petlove: Buscando Vermivet
2026-06-03 22:22:37,276 - scraper_base - INFO - ✅ Petlove: 36 produto(s) encontrado(s) para Vermivet
2026-06-03 22:22:38,293 - scraper_base - INFO - 📦 [12/20] Processando Rimadyl
2026-06-03 22:22:38,293 - scraper_base - INFO - 🔍 Petlove: Buscando Rimadyl
2026-06-03 22:22:38,862 - scraper_base - INFO - ✅ Petlove: 1 produto(s) encontrado(s) para Rimadyl
2026-06-03 22:22:41,391 - scraper_base - INFO - 📦 [13/20] Processando Onsior
2026-06-03 22:22:41,391 - scraper_base - INFO - 🔍 Petlove: Buscando Onsior
2026-06-03 22:22:42,058 - scraper_base - INFO - ✅ Petlove: 4 produto(s) encontrado(s) para Onsior
2026-06-03 22:22:44,910 - scraper_base - INFO - 📦 [14/20] Processando Maxicam
2026-06-03 22:22:44,910 - scraper_base - INFO - 🔍 Petlove: Buscando Maxicam
2026-06-03 22:22:45,476 - scraper_base - INFO - ✅ Petlove: 3 produto(s) encontrado(s) para Maxicam
2026-06-03 22:22:47,122 - scraper_base - INFO - 📦 [15/20] Processando Carproflan
2026-06-03 22:22:47,123 - scraper_base - INFO - 🔍 Petlove: Buscando Carproflan
2026-06-03 22:22:47,774 - scraper_base - INFO - ✅ Petlove: 8 produto(s) encontrado(s) para Carproflan
2026-06-03 22:22:49,921 - scraper_base - INFO - 📦 [16/20] Processando Previcox
2026-06-03 22:22:49,922 - scraper_base - INFO - 🔍 Petlove: Buscando Previcox
2026-06-03 22:22:50,742 - scraper_base - INFO - ✅ Petlove: 4 produto(s) encontrado(s) para Previcox
2026-06-03 22:22:52,118 - scraper_base - INFO - 📦 [17/20] Processando Apoquel
2026-06-03 22:22:52,118 - scraper_base - INFO - 🔍 Petlove: Buscando Apoquel
2026-06-03 22:22:52,859 - scraper_base - INFO - ✅ Petlove: 16 produto(s) encontrado(s) para Apoquel
2026-06-03 22:22:54,280 - scraper_base - INFO - 📦 [18/20] Processando Zenrelia
2026-06-03 22:22:54,280 - scraper_base - INFO - 🔍 Petlove: Buscando Zenrelia
2026-06-03 22:22:54,859 - scraper_base - INFO - ✅ Petlove: 4 produto(s) encontrado(s) para Zenrelia
2026-06-03 22:22:57,467 - scraper_base - INFO - 📦 [19/20] Processando Synulox
2026-06-03 22:22:57,467 - scraper_base - INFO - 🔍 Petlove: Buscando Synulox
2026-06-03 22:22:58,050 - scraper_base - INFO - ✅ Petlove: 1 produto(s) encontrado(s) para Synulox
2026-06-03 22:22:59,063 - scraper_base - INFO - 📦 [20/20] Processando Baytril
2026-06-03 22:22:59,063 - scraper_base - INFO - 🔍 Petlove: Buscando Baytril
2026-06-03 22:22:59,959 - scraper_base - INFO - ✅ Petlove: 6 produto(s) encontrado(s) para Baytril
2026-06-03 22:23:01,935 - scraper_base - INFO - 📊 Petlove - Estatísticas finais:
2026-06-03 22:23:01,935 - scraper_base - INFO -    • Medicamentos processados: 20
2026-06-03 22:23:01,935 - scraper_base - INFO -    • Produtos encontrados: 249
2026-06-03 22:23:01,935 - scraper_base - INFO -    • Medicamentos sem resultado: 0
2026-06-03 22:23:01,935 - scraper_base - INFO -    • Tempo total: 50.0s
2026-06-03 22:23:01,935 - scraper_base - INFO -    • Tempo médio por medicamento: 2.5s
2026-06-03 22:23:01,980 - gerenciador_arquivos - INFO - Excel salvo: dados_coletados/petlove_20260603_222301.xlsx (249 produtos)
2026-06-03 22:23:01,980 - gerenciador_principal - INFO - Petlove: Arquivo individual salvo com sucesso
2026-06-03 22:23:01,980 - gerenciador_principal - INFO - Pausando entre sites...
2026-06-03 22:23:03,980 - gerenciador_principal - INFO - [3/3] Processando Petz
2026-06-03 22:23:03,980 - scraper_base - INFO - 🚀 Iniciando scraping completo - Petz
2026-06-03 22:23:04,268 - scraper_base - INFO - 📋 20 medicamentos para processar
2026-06-03 22:23:04,268 - scraper_base - INFO - 📦 [1/20] Processando Simparic
2026-06-03 22:23:04,268 - scraper_base - INFO - 🔍 Petz: Buscando Simparic
2026-06-03 22:23:13,218 - gerenciador_conexoes - INFO - Chrome inicializado com otimizacoes de velocidade
2026-06-03 22:23:18,430 - scraper_base - INFO - ✅ Petz: 24 produto(s) encontrado(s) para Simparic
2026-06-03 22:23:21,190 - scraper_base - INFO - 📦 [2/20] Processando Revolution
2026-06-03 22:23:21,190 - scraper_base - INFO - 🔍 Petz: Buscando Revolution
2026-06-03 22:23:24,326 - scraper_base - INFO - ✅ Petz: 21 produto(s) encontrado(s) para Revolution
2026-06-03 22:23:27,155 - scraper_base - INFO - 📦 [3/20] Processando NexGard
2026-06-03 22:23:27,156 - scraper_base - INFO - 🔍 Petz: Buscando NexGard
2026-06-03 22:23:29,705 - scraper_base - INFO - ✅ Petz: 22 produto(s) encontrado(s) para NexGard
2026-06-03 22:23:31,027 - scraper_base - INFO - 📦 [4/20] Processando NexGard Spectra
2026-06-03 22:23:31,027 - scraper_base - INFO - 🔍 Petz: Buscando NexGard Spectra
2026-06-03 22:23:32,977 - scraper_base - INFO - ✅ Petz: 10 produto(s) encontrado(s) para NexGard Spectra
2026-06-03 22:23:35,976 - scraper_base - INFO - 📦 [5/20] Processando NexGard Combo
2026-06-03 22:23:35,976 - scraper_base - INFO - 🔍 Petz: Buscando NexGard Combo
2026-06-03 22:23:37,601 - scraper_base - INFO - ✅ Petz: 4 produto(s) encontrado(s) para NexGard Combo
2026-06-03 22:23:40,089 - scraper_base - INFO - 📦 [6/20] Processando Bravecto
2026-06-03 22:23:40,089 - scraper_base - INFO - 🔍 Petz: Buscando Bravecto
2026-06-03 22:23:42,332 - scraper_base - INFO - ✅ Petz: 16 produto(s) encontrado(s) para Bravecto
2026-06-03 22:23:43,996 - scraper_base - INFO - 📦 [7/20] Processando Frontline
2026-06-03 22:23:43,996 - scraper_base - INFO - 🔍 Petz: Buscando Frontline
2026-06-03 22:23:45,834 - scraper_base - INFO - ✅ Petz: 11 produto(s) encontrado(s) para Frontline
2026-06-03 22:23:47,144 - scraper_base - INFO - 📦 [8/20] Processando Advocate
2026-06-03 22:23:47,144 - scraper_base - INFO - 🔍 Petz: Buscando Advocate
2026-06-03 22:23:48,962 - scraper_base - INFO - ✅ Petz: 12 produto(s) encontrado(s) para Advocate
2026-06-03 22:23:51,454 - scraper_base - INFO - 📦 [9/20] Processando Drontal
2026-06-03 22:23:51,455 - scraper_base - INFO - 🔍 Petz: Buscando Drontal
2026-06-03 22:23:54,446 - scraper_base - INFO - ✅ Petz: 31 produto(s) encontrado(s) para Drontal
2026-06-03 22:23:56,526 - scraper_base - INFO - 📦 [10/20] Processando Milbemax
2026-06-03 22:23:56,526 - scraper_base - INFO - 🔍 Petz: Buscando Milbemax
2026-06-03 22:23:58,208 - scraper_base - INFO - ✅ Petz: 4 produto(s) encontrado(s) para Milbemax
2026-06-03 22:24:00,158 - scraper_base - INFO - 📦 [11/20] Processando Vermivet
2026-06-03 22:24:00,159 - scraper_base - INFO - 🔍 Petz: Buscando Vermivet
2026-06-03 22:24:01,798 - scraper_base - INFO - ✅ Petz: 5 produto(s) encontrado(s) para Vermivet
2026-06-03 22:24:04,030 - scraper_base - INFO - 📦 [12/20] Processando Rimadyl
2026-06-03 22:24:04,030 - scraper_base - INFO - 🔍 Petz: Buscando Rimadyl
2026-06-03 22:24:05,611 - scraper_base - INFO - ✅ Petz: 3 produto(s) encontrado(s) para Rimadyl
2026-06-03 22:24:07,700 - scraper_base - INFO - 📦 [13/20] Processando Onsior
2026-06-03 22:24:07,700 - scraper_base - INFO - 🔍 Petz: Buscando Onsior
2026-06-03 22:24:09,310 - scraper_base - INFO - ✅ Petz: 4 produto(s) encontrado(s) para Onsior
2026-06-03 22:24:10,509 - scraper_base - INFO - 📦 [14/20] Processando Maxicam
2026-06-03 22:24:10,509 - scraper_base - INFO - 🔍 Petz: Buscando Maxicam
2026-06-03 22:24:12,975 - scraper_base - INFO - ✅ Petz: 29 produto(s) encontrado(s) para Maxicam
2026-06-03 22:24:13,985 - scraper_base - INFO - 📦 [15/20] Processando Carproflan
2026-06-03 22:24:13,985 - scraper_base - INFO - 🔍 Petz: Buscando Carproflan
2026-06-03 22:24:15,887 - scraper_base - INFO - ✅ Petz: 3 produto(s) encontrado(s) para Carproflan
2026-06-03 22:24:18,039 - scraper_base - INFO - 📦 [16/20] Processando Previcox
2026-06-03 22:24:18,039 - scraper_base - INFO - 🔍 Petz: Buscando Previcox
2026-06-03 22:24:19,694 - scraper_base - INFO - ✅ Petz: 2 produto(s) encontrado(s) para Previcox
2026-06-03 22:24:22,022 - scraper_base - INFO - 📦 [17/20] Processando Apoquel
2026-06-03 22:24:22,022 - scraper_base - INFO - 🔍 Petz: Buscando Apoquel
2026-06-03 22:24:23,851 - scraper_base - INFO - ✅ Petz: 3 produto(s) encontrado(s) para Apoquel
2026-06-03 22:24:25,895 - scraper_base - INFO - 📦 [18/20] Processando Zenrelia
2026-06-03 22:24:25,895 - scraper_base - INFO - 🔍 Petz: Buscando Zenrelia
2026-06-03 22:24:27,472 - scraper_base - INFO - ✅ Petz: 4 produto(s) encontrado(s) para Zenrelia
2026-06-03 22:24:29,722 - scraper_base - INFO - 📦 [19/20] Processando Synulox
2026-06-03 22:24:29,722 - scraper_base - INFO - 🔍 Petz: Buscando Synulox
2026-06-03 22:24:31,241 - scraper_base - INFO - ✅ Petz: 2 produto(s) encontrado(s) para Synulox
2026-06-03 22:24:32,790 - scraper_base - INFO - 📦 [20/20] Processando Baytril
2026-06-03 22:24:32,790 - scraper_base - INFO - 🔍 Petz: Buscando Baytril
2026-06-03 22:24:34,573 - scraper_base - INFO - ✅ Petz: 9 produto(s) encontrado(s) para Baytril
2026-06-03 22:24:37,356 - scraper_base - INFO - 📊 Petz - Estatísticas finais:
2026-06-03 22:24:37,356 - scraper_base - INFO -    • Medicamentos processados: 20
2026-06-03 22:24:37,356 - scraper_base - INFO -    • Produtos encontrados: 219
2026-06-03 22:24:37,356 - scraper_base - INFO -    • Medicamentos sem resultado: 0
2026-06-03 22:24:37,356 - scraper_base - INFO -    • Tempo total: 93.4s
2026-06-03 22:24:37,356 - scraper_base - INFO -    • Tempo médio por medicamento: 4.7s
2026-06-03 22:24:37,469 - gerenciador_arquivos - INFO - Excel salvo: dados_coletados/petz_20260603_222437.xlsx (219 produtos)
2026-06-03 22:24:37,469 - gerenciador_principal - INFO - Petz: Arquivo individual salvo com sucesso
2026-06-03 22:24:37,469 - gerenciador_principal - INFO - Gerando relatório consolidado...
2026-06-03 22:24:37,689 - gerenciador_arquivos - INFO - Relatório consolidado salvo: dados_relatorios/relatorio_consolidado_20260603_222437.xlsx
2026-06-03 22:24:37,792 - gerenciador_conexoes - INFO - Chrome fechado
2026-06-03 22:24:37,793 - gerenciador_conexoes - INFO - Métodos utilizados - Requests: 66.7%, Selenium: 33.3%, Falhas: 0.0%
2026-06-03 22:24:37,793 - gerenciador_principal - INFO - ============================================================
2026-06-03 22:24:37,793 - gerenciador_principal - INFO - RELATORIO FINAL DE EXECUÇÃO
2026-06-03 22:24:37,793 - gerenciador_principal - INFO - ============================================================
2026-06-03 22:24:37,793 - gerenciador_principal - INFO - Sites processados: 3
2026-06-03 22:24:37,793 - gerenciador_principal - INFO - Sites com sucesso: 3
2026-06-03 22:24:37,793 - gerenciador_principal - INFO - Total de produtos coletados: 628
2026-06-03 22:24:37,793 - gerenciador_principal - INFO - Tempo total de execução: 248.5 segundos
2026-06-03 22:24:37,793 - gerenciador_principal - INFO - Estatísticas de conexão:
2026-06-03 22:24:37,793 - gerenciador_principal - INFO -   - Requests bem-sucedidos: 66.7%
2026-06-03 22:24:37,793 - gerenciador_principal - INFO -   - Selenium fallback: 33.3%
2026-06-03 22:24:37,793 - gerenciador_principal - INFO -   - Falhas totais: 0.0%
2026-06-03 22:24:37,796 - gerenciador_principal - INFO - Arquivos salvos na pasta: dados_coletados
2026-06-03 22:24:37,796 - gerenciador_principal - INFO - Total de arquivos: 721
2026-06-03 22:24:37,796 - gerenciador_principal - INFO - ============================================================
