2026-04-28 20:56:16,816 - configurador_logs - INFO - Sistema de logs configurado com sucesso
2026-04-28 20:56:16,816 - configurador_logs - INFO - 🚀 Logs configurados para MODO PRODUÇÃO
2026-04-28 20:56:16,817 - gerenciador_principal - INFO - Inicializando sistema - Modo: PRODUCAO
2026-04-28 20:56:16,817 - gerenciador_arquivos - INFO - Pasta dados_coletados preparada
2026-04-28 20:56:16,817 - gerenciador_principal - INFO - Sistema inicializado com 3 scrapers
2026-04-28 20:56:16,817 - gerenciador_principal - INFO - ============================================================
2026-04-28 20:56:16,817 - gerenciador_principal - INFO - INICIANDO SCRAPING COMPLETO - PRODUCAO
2026-04-28 20:56:16,817 - gerenciador_principal - INFO - ============================================================
2026-04-28 20:56:16,817 - gerenciador_principal - INFO - [1/3] Processando Cobasi
2026-04-28 20:56:16,817 - scraper_base - INFO - 🚀 Iniciando scraping completo - Cobasi
2026-04-28 20:56:17,460 - gerenciador_conexoes - INFO - Sessao estabelecida com cobasi.com.br
2026-04-28 20:56:17,461 - scraper_base - INFO - 📋 20 medicamentos para processar
2026-04-28 20:56:17,461 - scraper_base - INFO - 📦 [1/20] Processando Simparic
2026-04-28 20:56:17,461 - scraper_base - INFO - 🔍 Cobasi: Buscando Simparic
2026-04-28 20:56:27,103 - scraper_cobasi - INFO - Cobasi: Dados extraídos via JSON para Simparic
2026-04-28 20:56:27,103 - scraper_base - INFO - ✅ Cobasi: 12 produto(s) encontrado(s) para Simparic
2026-04-28 20:56:29,889 - scraper_base - INFO - 📦 [2/20] Processando Revolution
2026-04-28 20:56:29,889 - scraper_base - INFO - 🔍 Cobasi: Buscando Revolution
2026-04-28 20:56:36,055 - scraper_cobasi - INFO - Cobasi: Dados extraídos via JSON para Revolution
2026-04-28 20:56:36,055 - scraper_base - INFO - ✅ Cobasi: 18 produto(s) encontrado(s) para Revolution
2026-04-28 20:56:38,909 - scraper_base - INFO - 📦 [3/20] Processando NexGard
2026-04-28 20:56:38,910 - scraper_base - INFO - 🔍 Cobasi: Buscando NexGard
2026-04-28 20:56:46,740 - scraper_cobasi - INFO - Cobasi: Dados extraídos via JSON para NexGard
2026-04-28 20:56:46,740 - scraper_base - INFO - ✅ Cobasi: 22 produto(s) encontrado(s) para NexGard
2026-04-28 20:56:49,418 - scraper_base - INFO - 📦 [4/20] Processando NexGard Spectra
2026-04-28 20:56:49,418 - scraper_base - INFO - 🔍 Cobasi: Buscando NexGard Spectra
2026-04-28 20:56:55,007 - scraper_cobasi - INFO - Cobasi: Dados extraídos via JSON para NexGard Spectra
2026-04-28 20:56:55,007 - scraper_base - INFO - ✅ Cobasi: 10 produto(s) encontrado(s) para NexGard Spectra
2026-04-28 20:56:56,821 - scraper_base - INFO - 📦 [5/20] Processando NexGard Combo
2026-04-28 20:56:56,822 - scraper_base - INFO - 🔍 Cobasi: Buscando NexGard Combo
2026-04-28 20:57:00,569 - scraper_cobasi - INFO - Cobasi: Dados extraídos via JSON para NexGard Combo
2026-04-28 20:57:00,569 - scraper_base - INFO - ✅ Cobasi: 4 produto(s) encontrado(s) para NexGard Combo
2026-04-28 20:57:01,804 - scraper_base - INFO - 📦 [6/20] Processando Bravecto
2026-04-28 20:57:01,804 - scraper_base - INFO - 🔍 Cobasi: Buscando Bravecto
2026-04-28 20:57:10,896 - scraper_cobasi - INFO - Cobasi: Dados extraídos via JSON para Bravecto
2026-04-28 20:57:10,896 - scraper_base - INFO - ✅ Cobasi: 16 produto(s) encontrado(s) para Bravecto
2026-04-28 20:57:13,673 - scraper_base - INFO - 📦 [7/20] Processando Frontline
2026-04-28 20:57:13,674 - scraper_base - INFO - 🔍 Cobasi: Buscando Frontline
2026-04-28 20:57:17,955 - scraper_cobasi - INFO - Cobasi: Dados extraídos via JSON para Frontline
2026-04-28 20:57:17,955 - scraper_base - INFO - ✅ Cobasi: 11 produto(s) encontrado(s) para Frontline
2026-04-28 20:57:19,242 - scraper_base - INFO - 📦 [8/20] Processando Advocate
2026-04-28 20:57:19,243 - scraper_base - INFO - 🔍 Cobasi: Buscando Advocate
2026-04-28 20:57:25,092 - scraper_cobasi - INFO - Cobasi: Dados extraídos via JSON para Advocate
2026-04-28 20:57:25,092 - scraper_base - INFO - ✅ Cobasi: 12 produto(s) encontrado(s) para Advocate
2026-04-28 20:57:26,492 - scraper_base - INFO - 📦 [9/20] Processando Drontal
2026-04-28 20:57:26,492 - scraper_base - INFO - 🔍 Cobasi: Buscando Drontal
2026-04-28 20:57:30,816 - scraper_cobasi - INFO - Cobasi: Dados extraídos via JSON para Drontal
2026-04-28 20:57:30,816 - scraper_base - INFO - ✅ Cobasi: 8 produto(s) encontrado(s) para Drontal
2026-04-28 20:57:32,014 - scraper_base - INFO - 📦 [10/20] Processando Milbemax
2026-04-28 20:57:32,014 - scraper_base - INFO - 🔍 Cobasi: Buscando Milbemax
2026-04-28 20:57:36,643 - scraper_cobasi - INFO - Cobasi: Dados extraídos via JSON para Milbemax
2026-04-28 20:57:36,643 - scraper_base - INFO - ✅ Cobasi: 4 produto(s) encontrado(s) para Milbemax
2026-04-28 20:57:37,687 - scraper_base - INFO - 📦 [11/20] Processando Vermivet
2026-04-28 20:57:37,687 - scraper_base - INFO - 🔍 Cobasi: Buscando Vermivet
2026-04-28 20:57:41,898 - scraper_cobasi - INFO - Cobasi: Dados extraídos via JSON para Vermivet
2026-04-28 20:57:41,898 - scraper_base - INFO - ✅ Cobasi: 5 produto(s) encontrado(s) para Vermivet
2026-04-28 20:57:44,738 - scraper_base - INFO - 📦 [12/20] Processando Rimadyl
2026-04-28 20:57:44,738 - scraper_base - INFO - 🔍 Cobasi: Buscando Rimadyl
2026-04-28 20:57:48,678 - scraper_cobasi - INFO - Cobasi: Dados extraídos via JSON para Rimadyl
2026-04-28 20:57:48,678 - scraper_base - INFO - ✅ Cobasi: 3 produto(s) encontrado(s) para Rimadyl
2026-04-28 20:57:51,012 - scraper_base - INFO - 📦 [13/20] Processando Onsior
2026-04-28 20:57:51,012 - scraper_base - INFO - 🔍 Cobasi: Buscando Onsior
2026-04-28 20:57:53,905 - scraper_cobasi - INFO - Cobasi: Dados extraídos via JSON para Onsior
2026-04-28 20:57:53,906 - scraper_base - INFO - ✅ Cobasi: 4 produto(s) encontrado(s) para Onsior
2026-04-28 20:57:56,005 - scraper_base - INFO - 📦 [14/20] Processando Maxicam
2026-04-28 20:57:56,005 - scraper_base - INFO - 🔍 Cobasi: Buscando Maxicam
2026-04-28 20:57:58,794 - scraper_cobasi - INFO - Cobasi: Dados extraídos via JSON para Maxicam
2026-04-28 20:57:58,794 - scraper_base - INFO - ✅ Cobasi: 3 produto(s) encontrado(s) para Maxicam
2026-04-28 20:57:59,888 - scraper_base - INFO - 📦 [15/20] Processando Carproflan
2026-04-28 20:57:59,888 - scraper_base - INFO - 🔍 Cobasi: Buscando Carproflan
2026-04-28 20:58:03,225 - scraper_cobasi - INFO - Cobasi: Dados extraídos via JSON para Carproflan
2026-04-28 20:58:03,225 - scraper_base - INFO - ✅ Cobasi: 3 produto(s) encontrado(s) para Carproflan
2026-04-28 20:58:05,272 - scraper_base - INFO - 📦 [16/20] Processando Previcox
2026-04-28 20:58:05,272 - scraper_base - INFO - 🔍 Cobasi: Buscando Previcox
2026-04-28 20:58:07,862 - scraper_cobasi - INFO - Cobasi: Dados extraídos via JSON para Previcox
2026-04-28 20:58:07,862 - scraper_base - INFO - ✅ Cobasi: 2 produto(s) encontrado(s) para Previcox
2026-04-28 20:58:10,830 - scraper_base - INFO - 📦 [17/20] Processando Apoquel
2026-04-28 20:58:10,830 - scraper_base - INFO - 🔍 Cobasi: Buscando Apoquel
2026-04-28 20:58:14,216 - scraper_cobasi - INFO - Cobasi: Dados extraídos via JSON para Apoquel
2026-04-28 20:58:14,216 - scraper_base - INFO - ✅ Cobasi: 3 produto(s) encontrado(s) para Apoquel
2026-04-28 20:58:16,527 - scraper_base - INFO - 📦 [18/20] Processando Zenrelia
2026-04-28 20:58:16,527 - scraper_base - INFO - 🔍 Cobasi: Buscando Zenrelia
2026-04-28 20:58:19,643 - scraper_cobasi - INFO - Cobasi: Dados extraídos via JSON para Zenrelia
2026-04-28 20:58:19,643 - scraper_base - INFO - ✅ Cobasi: 4 produto(s) encontrado(s) para Zenrelia
2026-04-28 20:58:20,937 - scraper_base - INFO - 📦 [19/20] Processando Synulox
2026-04-28 20:58:20,937 - scraper_base - INFO - 🔍 Cobasi: Buscando Synulox
2026-04-28 20:58:23,738 - scraper_cobasi - INFO - Cobasi: Dados extraídos via JSON para Synulox
2026-04-28 20:58:23,738 - scraper_base - INFO - ✅ Cobasi: 2 produto(s) encontrado(s) para Synulox
2026-04-28 20:58:26,456 - scraper_base - INFO - 📦 [20/20] Processando Baytril
2026-04-28 20:58:26,456 - scraper_base - INFO - 🔍 Cobasi: Buscando Baytril
2026-04-28 20:58:29,349 - scraper_cobasi - INFO - Cobasi: Dados extraídos via JSON para Baytril
2026-04-28 20:58:29,349 - scraper_base - INFO - ✅ Cobasi: 3 produto(s) encontrado(s) para Baytril
2026-04-28 20:58:31,585 - scraper_base - INFO - 📊 Cobasi - Estatísticas finais:
2026-04-28 20:58:31,586 - scraper_base - INFO -    • Medicamentos processados: 20
2026-04-28 20:58:31,586 - scraper_base - INFO -    • Produtos encontrados: 149
2026-04-28 20:58:31,586 - scraper_base - INFO -    • Medicamentos sem resultado: 0
2026-04-28 20:58:31,586 - scraper_base - INFO -    • Tempo total: 134.8s
2026-04-28 20:58:31,586 - scraper_base - INFO -    • Tempo médio por medicamento: 6.7s
2026-04-28 20:58:31,775 - gerenciador_arquivos - INFO - Excel salvo: dados_coletados/cobasi_20260428_205831.xlsx (149 produtos)
2026-04-28 20:58:31,775 - gerenciador_principal - INFO - Cobasi: Arquivo individual salvo com sucesso
2026-04-28 20:58:31,775 - gerenciador_principal - INFO - Pausando entre sites...
2026-04-28 20:58:33,775 - gerenciador_principal - INFO - [2/3] Processando Petlove
2026-04-28 20:58:33,775 - scraper_base - INFO - 🚀 Iniciando scraping completo - Petlove
2026-04-28 20:58:33,937 - scraper_base - INFO - 📋 20 medicamentos para processar
2026-04-28 20:58:33,937 - scraper_base - INFO - 📦 [1/20] Processando Simparic
2026-04-28 20:58:33,937 - scraper_base - INFO - 🔍 Petlove: Buscando Simparic
2026-04-28 20:58:57,297 - gerenciador_conexoes - INFO - Chrome inicializado com otimizacoes de velocidade
2026-04-28 20:59:00,688 - scraper_base - INFO - ✅ Petlove: 36 produto(s) encontrado(s) para Simparic
2026-04-28 20:59:03,283 - scraper_base - INFO - 📦 [2/20] Processando Revolution
2026-04-28 20:59:03,283 - scraper_base - INFO - 🔍 Petlove: Buscando Revolution
2026-04-28 20:59:05,629 - scraper_base - INFO - ✅ Petlove: 20 produto(s) encontrado(s) para Revolution
2026-04-28 20:59:07,698 - scraper_base - INFO - 📦 [3/20] Processando NexGard
2026-04-28 20:59:07,698 - scraper_base - INFO - 🔍 Petlove: Buscando NexGard
2026-04-28 20:59:09,630 - scraper_base - INFO - ✅ Petlove: 11 produto(s) encontrado(s) para NexGard
2026-04-28 20:59:10,721 - scraper_base - INFO - 📦 [4/20] Processando NexGard Spectra
2026-04-28 20:59:10,721 - scraper_base - INFO - 🔍 Petlove: Buscando NexGard Spectra
2026-04-28 20:59:11,930 - scraper_base - INFO - ✅ Petlove: 5 produto(s) encontrado(s) para NexGard Spectra
2026-04-28 20:59:14,244 - scraper_base - INFO - 📦 [5/20] Processando NexGard Combo
2026-04-28 20:59:14,245 - scraper_base - INFO - 🔍 Petlove: Buscando NexGard Combo
2026-04-28 20:59:15,608 - scraper_base - INFO - ✅ Petlove: 2 produto(s) encontrado(s) para NexGard Combo
2026-04-28 20:59:17,093 - scraper_base - INFO - 📦 [6/20] Processando Bravecto
2026-04-28 20:59:17,093 - scraper_base - INFO - 🔍 Petlove: Buscando Bravecto
2026-04-28 20:59:19,786 - scraper_base - INFO - ✅ Petlove: 38 produto(s) encontrado(s) para Bravecto
2026-04-28 20:59:20,960 - scraper_base - INFO - 📦 [7/20] Processando Frontline
2026-04-28 20:59:20,960 - scraper_base - INFO - 🔍 Petlove: Buscando Frontline
2026-04-28 20:59:22,794 - scraper_base - INFO - ✅ Petlove: 11 produto(s) encontrado(s) para Frontline
2026-04-28 20:59:25,598 - scraper_base - INFO - 📦 [8/20] Processando Advocate
2026-04-28 20:59:25,599 - scraper_base - INFO - 🔍 Petlove: Buscando Advocate
2026-04-28 20:59:27,268 - scraper_base - INFO - ✅ Petlove: 9 produto(s) encontrado(s) para Advocate
2026-04-28 20:59:29,341 - scraper_base - INFO - 📦 [9/20] Processando Drontal
2026-04-28 20:59:29,341 - scraper_base - INFO - 🔍 Petlove: Buscando Drontal
2026-04-28 20:59:31,643 - scraper_base - INFO - ✅ Petlove: 36 produto(s) encontrado(s) para Drontal
2026-04-28 20:59:34,020 - scraper_base - INFO - 📦 [10/20] Processando Milbemax
2026-04-28 20:59:34,020 - scraper_base - INFO - 🔍 Petlove: Buscando Milbemax
2026-04-28 20:59:35,546 - scraper_base - INFO - ✅ Petlove: 14 produto(s) encontrado(s) para Milbemax
2026-04-28 20:59:36,787 - scraper_base - INFO - 📦 [11/20] Processando Vermivet
2026-04-28 20:59:36,788 - scraper_base - INFO - 🔍 Petlove: Buscando Vermivet
2026-04-28 20:59:38,750 - scraper_base - INFO - ✅ Petlove: 36 produto(s) encontrado(s) para Vermivet
2026-04-28 20:59:40,317 - scraper_base - INFO - 📦 [12/20] Processando Rimadyl
2026-04-28 20:59:40,317 - scraper_base - INFO - 🔍 Petlove: Buscando Rimadyl
2026-04-28 20:59:42,048 - scraper_base - INFO - ✅ Petlove: 1 produto(s) encontrado(s) para Rimadyl
2026-04-28 20:59:43,922 - scraper_base - INFO - 📦 [13/20] Processando Onsior
2026-04-28 20:59:43,922 - scraper_base - INFO - 🔍 Petlove: Buscando Onsior
2026-04-28 20:59:45,353 - scraper_base - INFO - ✅ Petlove: 4 produto(s) encontrado(s) para Onsior
2026-04-28 20:59:47,163 - scraper_base - INFO - 📦 [14/20] Processando Maxicam
2026-04-28 20:59:47,163 - scraper_base - INFO - 🔍 Petlove: Buscando Maxicam
2026-04-28 20:59:48,367 - scraper_base - INFO - ✅ Petlove: 3 produto(s) encontrado(s) para Maxicam
2026-04-28 20:59:50,090 - scraper_base - INFO - 📦 [15/20] Processando Carproflan
2026-04-28 20:59:50,090 - scraper_base - INFO - 🔍 Petlove: Buscando Carproflan
2026-04-28 20:59:51,338 - scraper_base - INFO - ✅ Petlove: 8 produto(s) encontrado(s) para Carproflan
2026-04-28 20:59:52,777 - scraper_base - INFO - 📦 [16/20] Processando Previcox
2026-04-28 20:59:52,777 - scraper_base - INFO - 🔍 Petlove: Buscando Previcox
2026-04-28 20:59:53,964 - scraper_base - INFO - ✅ Petlove: 4 produto(s) encontrado(s) para Previcox
2026-04-28 20:59:55,851 - scraper_base - INFO - 📦 [17/20] Processando Apoquel
2026-04-28 20:59:55,851 - scraper_base - INFO - 🔍 Petlove: Buscando Apoquel
2026-04-28 20:59:57,552 - scraper_base - INFO - ✅ Petlove: 16 produto(s) encontrado(s) para Apoquel
2026-04-28 20:59:59,153 - scraper_base - INFO - 📦 [18/20] Processando Zenrelia
2026-04-28 20:59:59,153 - scraper_base - INFO - 🔍 Petlove: Buscando Zenrelia
2026-04-28 21:00:00,535 - scraper_base - INFO - ✅ Petlove: 4 produto(s) encontrado(s) para Zenrelia
2026-04-28 21:00:03,226 - scraper_base - INFO - 📦 [19/20] Processando Synulox
2026-04-28 21:00:03,226 - scraper_base - INFO - 🔍 Petlove: Buscando Synulox
2026-04-28 21:00:04,478 - scraper_base - INFO - ✅ Petlove: 1 produto(s) encontrado(s) para Synulox
2026-04-28 21:00:07,449 - scraper_base - INFO - 📦 [20/20] Processando Baytril
2026-04-28 21:00:07,449 - scraper_base - INFO - 🔍 Petlove: Buscando Baytril
2026-04-28 21:00:08,863 - scraper_base - INFO - ✅ Petlove: 5 produto(s) encontrado(s) para Baytril
2026-04-28 21:00:10,081 - scraper_base - INFO - 📊 Petlove - Estatísticas finais:
2026-04-28 21:00:10,082 - scraper_base - INFO -    • Medicamentos processados: 20
2026-04-28 21:00:10,082 - scraper_base - INFO -    • Produtos encontrados: 264
2026-04-28 21:00:10,082 - scraper_base - INFO -    • Medicamentos sem resultado: 0
2026-04-28 21:00:10,082 - scraper_base - INFO -    • Tempo total: 96.3s
2026-04-28 21:00:10,082 - scraper_base - INFO -    • Tempo médio por medicamento: 4.8s
2026-04-28 21:00:10,265 - gerenciador_arquivos - INFO - Excel salvo: dados_coletados/petlove_20260428_210010.xlsx (264 produtos)
2026-04-28 21:00:10,266 - gerenciador_principal - INFO - Petlove: Arquivo individual salvo com sucesso
2026-04-28 21:00:10,266 - gerenciador_principal - INFO - Pausando entre sites...
2026-04-28 21:00:12,266 - gerenciador_principal - INFO - [3/3] Processando Petz
2026-04-28 21:00:12,266 - scraper_base - INFO - 🚀 Iniciando scraping completo - Petz
2026-04-28 21:00:12,459 - scraper_base - INFO - 📋 20 medicamentos para processar
2026-04-28 21:00:12,460 - scraper_base - INFO - 📦 [1/20] Processando Simparic
2026-04-28 21:00:12,460 - scraper_base - INFO - 🔍 Petz: Buscando Simparic
2026-04-28 21:00:16,277 - scraper_base - INFO - ✅ Petz: 12 produto(s) encontrado(s) para Simparic
2026-04-28 21:00:17,917 - scraper_base - INFO - 📦 [2/20] Processando Revolution
2026-04-28 21:00:17,918 - scraper_base - INFO - 🔍 Petz: Buscando Revolution
2026-04-28 21:00:21,428 - scraper_base - INFO - ✅ Petz: 21 produto(s) encontrado(s) para Revolution
2026-04-28 21:00:24,184 - scraper_base - INFO - 📦 [3/20] Processando NexGard
2026-04-28 21:00:24,184 - scraper_base - INFO - 🔍 Petz: Buscando NexGard
2026-04-28 21:00:26,937 - scraper_base - INFO - ✅ Petz: 22 produto(s) encontrado(s) para NexGard
2026-04-28 21:00:29,441 - scraper_base - INFO - 📦 [4/20] Processando NexGard Spectra
2026-04-28 21:00:29,441 - scraper_base - INFO - 🔍 Petz: Buscando NexGard Spectra
2026-04-28 21:00:31,855 - scraper_base - INFO - ✅ Petz: 10 produto(s) encontrado(s) para NexGard Spectra
2026-04-28 21:00:33,596 - scraper_base - INFO - 📦 [5/20] Processando NexGard Combo
2026-04-28 21:00:33,596 - scraper_base - INFO - 🔍 Petz: Buscando NexGard Combo
2026-04-28 21:00:35,399 - scraper_base - INFO - ✅ Petz: 4 produto(s) encontrado(s) para NexGard Combo
2026-04-28 21:00:36,745 - scraper_base - INFO - 📦 [6/20] Processando Bravecto
2026-04-28 21:00:36,745 - scraper_base - INFO - 🔍 Petz: Buscando Bravecto
2026-04-28 21:00:39,087 - scraper_base - INFO - ✅ Petz: 16 produto(s) encontrado(s) para Bravecto
2026-04-28 21:00:40,866 - scraper_base - INFO - 📦 [7/20] Processando Frontline
2026-04-28 21:00:40,866 - scraper_base - INFO - 🔍 Petz: Buscando Frontline
2026-04-28 21:00:43,243 - scraper_base - INFO - ✅ Petz: 11 produto(s) encontrado(s) para Frontline
2026-04-28 21:00:44,336 - scraper_base - INFO - 📦 [8/20] Processando Advocate
2026-04-28 21:00:44,337 - scraper_base - INFO - 🔍 Petz: Buscando Advocate
2026-04-28 21:00:46,492 - scraper_base - INFO - ✅ Petz: 12 produto(s) encontrado(s) para Advocate
2026-04-28 21:00:48,361 - scraper_base - INFO - 📦 [9/20] Processando Drontal
2026-04-28 21:00:48,361 - scraper_base - INFO - 🔍 Petz: Buscando Drontal
2026-04-28 21:00:51,256 - scraper_base - INFO - ✅ Petz: 32 produto(s) encontrado(s) para Drontal
2026-04-28 21:00:53,497 - scraper_base - INFO - 📦 [10/20] Processando Milbemax
2026-04-28 21:00:53,497 - scraper_base - INFO - 🔍 Petz: Buscando Milbemax
2026-04-28 21:00:55,870 - scraper_base - INFO - ✅ Petz: 4 produto(s) encontrado(s) para Milbemax
2026-04-28 21:00:58,808 - scraper_base - INFO - 📦 [11/20] Processando Vermivet
2026-04-28 21:00:58,808 - scraper_base - INFO - 🔍 Petz: Buscando Vermivet
2026-04-28 21:01:00,836 - scraper_base - INFO - ✅ Petz: 5 produto(s) encontrado(s) para Vermivet
2026-04-28 21:01:02,120 - scraper_base - INFO - 📦 [12/20] Processando Rimadyl
2026-04-28 21:01:02,120 - scraper_base - INFO - 🔍 Petz: Buscando Rimadyl
2026-04-28 21:01:04,227 - scraper_base - INFO - ✅ Petz: 3 produto(s) encontrado(s) para Rimadyl
2026-04-28 21:01:05,783 - scraper_base - INFO - 📦 [13/20] Processando Onsior
2026-04-28 21:01:05,783 - scraper_base - INFO - 🔍 Petz: Buscando Onsior
2026-04-28 21:01:07,737 - scraper_base - INFO - ✅ Petz: 4 produto(s) encontrado(s) para Onsior
2026-04-28 21:01:09,621 - scraper_base - INFO - 📦 [14/20] Processando Maxicam
2026-04-28 21:01:09,621 - scraper_base - INFO - 🔍 Petz: Buscando Maxicam
2026-04-28 21:01:12,613 - scraper_base - INFO - ✅ Petz: 28 produto(s) encontrado(s) para Maxicam
2026-04-28 21:01:14,700 - scraper_base - INFO - 📦 [15/20] Processando Carproflan
2026-04-28 21:01:14,700 - scraper_base - INFO - 🔍 Petz: Buscando Carproflan
2026-04-28 21:01:16,743 - scraper_base - INFO - ✅ Petz: 3 produto(s) encontrado(s) para Carproflan
2026-04-28 21:01:19,106 - scraper_base - INFO - 📦 [16/20] Processando Previcox
2026-04-28 21:01:19,106 - scraper_base - INFO - 🔍 Petz: Buscando Previcox
2026-04-28 21:01:21,229 - scraper_base - INFO - ✅ Petz: 2 produto(s) encontrado(s) para Previcox
2026-04-28 21:01:23,108 - scraper_base - INFO - 📦 [17/20] Processando Apoquel
2026-04-28 21:01:23,108 - scraper_base - INFO - 🔍 Petz: Buscando Apoquel
2026-04-28 21:01:24,839 - scraper_base - INFO - ✅ Petz: 3 produto(s) encontrado(s) para Apoquel
2026-04-28 21:01:26,633 - scraper_base - INFO - 📦 [18/20] Processando Zenrelia
2026-04-28 21:01:26,633 - scraper_base - INFO - 🔍 Petz: Buscando Zenrelia
2026-04-28 21:01:28,464 - scraper_base - INFO - ✅ Petz: 4 produto(s) encontrado(s) para Zenrelia
2026-04-28 21:01:29,594 - scraper_base - INFO - 📦 [19/20] Processando Synulox
2026-04-28 21:01:29,594 - scraper_base - INFO - 🔍 Petz: Buscando Synulox
2026-04-28 21:01:31,490 - scraper_base - INFO - ✅ Petz: 2 produto(s) encontrado(s) para Synulox
2026-04-28 21:01:32,611 - scraper_base - INFO - 📦 [20/20] Processando Baytril
2026-04-28 21:01:32,611 - scraper_base - INFO - 🔍 Petz: Buscando Baytril
2026-04-28 21:01:34,644 - scraper_base - INFO - ✅ Petz: 9 produto(s) encontrado(s) para Baytril
2026-04-28 21:01:35,942 - scraper_base - INFO - 📊 Petz - Estatísticas finais:
2026-04-28 21:01:35,942 - scraper_base - INFO -    • Medicamentos processados: 20
2026-04-28 21:01:35,942 - scraper_base - INFO -    • Produtos encontrados: 207
2026-04-28 21:01:35,943 - scraper_base - INFO -    • Medicamentos sem resultado: 0
2026-04-28 21:01:35,943 - scraper_base - INFO -    • Tempo total: 83.7s
2026-04-28 21:01:35,943 - scraper_base - INFO -    • Tempo médio por medicamento: 4.2s
2026-04-28 21:01:36,051 - gerenciador_arquivos - INFO - Excel salvo: dados_coletados/petz_20260428_210135.xlsx (207 produtos)
2026-04-28 21:01:36,051 - gerenciador_principal - INFO - Petz: Arquivo individual salvo com sucesso
2026-04-28 21:01:36,051 - gerenciador_principal - INFO - Gerando relatório consolidado...
2026-04-28 21:01:36,272 - gerenciador_arquivos - INFO - Relatório consolidado salvo: dados_relatorios/relatorio_consolidado_20260428_210136.xlsx
2026-04-28 21:01:36,399 - gerenciador_conexoes - INFO - Chrome fechado
2026-04-28 21:01:36,399 - gerenciador_conexoes - INFO - Métodos utilizados - Requests: 33.3%, Selenium: 66.7%, Falhas: 0.0%
2026-04-28 21:01:36,399 - gerenciador_principal - INFO - ============================================================
2026-04-28 21:01:36,399 - gerenciador_principal - INFO - RELATORIO FINAL DE EXECUÇÃO
2026-04-28 21:01:36,399 - gerenciador_principal - INFO - ============================================================
2026-04-28 21:01:36,399 - gerenciador_principal - INFO - Sites processados: 3
2026-04-28 21:01:36,399 - gerenciador_principal - INFO - Sites com sucesso: 3
2026-04-28 21:01:36,399 - gerenciador_principal - INFO - Total de produtos coletados: 620
2026-04-28 21:01:36,400 - gerenciador_principal - INFO - Tempo total de execução: 319.2 segundos
2026-04-28 21:01:36,400 - gerenciador_principal - INFO - Estatísticas de conexão:
2026-04-28 21:01:36,400 - gerenciador_principal - INFO -   - Requests bem-sucedidos: 33.3%
2026-04-28 21:01:36,400 - gerenciador_principal - INFO -   - Selenium fallback: 66.7%
2026-04-28 21:01:36,400 - gerenciador_principal - INFO -   - Falhas totais: 0.0%
2026-04-28 21:01:36,402 - gerenciador_principal - INFO - Arquivos salvos na pasta: dados_coletados
2026-04-28 21:01:36,403 - gerenciador_principal - INFO - Total de arquivos: 618
2026-04-28 21:01:36,403 - gerenciador_principal - INFO - ============================================================
