2026-03-14 20:13:53,879 - configurador_logs - INFO - Sistema de logs configurado com sucesso
2026-03-14 20:13:53,880 - configurador_logs - INFO - 🚀 Logs configurados para MODO PRODUÇÃO
2026-03-14 20:13:53,880 - gerenciador_principal - INFO - Inicializando sistema - Modo: PRODUCAO
2026-03-14 20:13:53,880 - gerenciador_arquivos - INFO - Pasta dados_coletados preparada
2026-03-14 20:13:53,880 - gerenciador_principal - INFO - Sistema inicializado com 3 scrapers
2026-03-14 20:13:53,880 - gerenciador_principal - INFO - ============================================================
2026-03-14 20:13:53,880 - gerenciador_principal - INFO - INICIANDO SCRAPING COMPLETO - PRODUCAO
2026-03-14 20:13:53,880 - gerenciador_principal - INFO - ============================================================
2026-03-14 20:13:53,880 - gerenciador_principal - INFO - [1/3] Processando Cobasi
2026-03-14 20:13:53,880 - scraper_base - INFO - 🚀 Iniciando scraping completo - Cobasi
2026-03-14 20:13:54,399 - gerenciador_conexoes - INFO - Sessao estabelecida com cobasi.com.br
2026-03-14 20:13:54,399 - scraper_base - INFO - 📋 20 medicamentos para processar
2026-03-14 20:13:54,399 - scraper_base - INFO - 📦 [1/20] Processando Simparic
2026-03-14 20:13:54,400 - scraper_base - INFO - 🔍 Cobasi: Buscando Simparic
2026-03-14 20:13:57,890 - scraper_cobasi - INFO - Cobasi: Dados extraídos via JSON para Simparic
2026-03-14 20:13:57,890 - scraper_base - INFO - ✅ Cobasi: 12 produto(s) encontrado(s) para Simparic
2026-03-14 20:14:00,632 - scraper_base - INFO - 📦 [2/20] Processando Revolution
2026-03-14 20:14:00,632 - scraper_base - INFO - 🔍 Cobasi: Buscando Revolution
2026-03-14 20:14:04,885 - scraper_cobasi - INFO - Cobasi: Dados extraídos via JSON para Revolution
2026-03-14 20:14:04,885 - scraper_base - INFO - ✅ Cobasi: 18 produto(s) encontrado(s) para Revolution
2026-03-14 20:14:05,927 - scraper_base - INFO - 📦 [3/20] Processando NexGard
2026-03-14 20:14:05,927 - scraper_base - INFO - 🔍 Cobasi: Buscando NexGard
2026-03-14 20:14:09,798 - scraper_cobasi - INFO - Cobasi: Dados extraídos via JSON para NexGard
2026-03-14 20:14:09,798 - scraper_base - INFO - ✅ Cobasi: 22 produto(s) encontrado(s) para NexGard
2026-03-14 20:14:11,742 - scraper_base - INFO - 📦 [4/20] Processando NexGard Spectra
2026-03-14 20:14:11,742 - scraper_base - INFO - 🔍 Cobasi: Buscando NexGard Spectra
2026-03-14 20:14:15,082 - scraper_cobasi - INFO - Cobasi: Dados extraídos via JSON para NexGard Spectra
2026-03-14 20:14:15,082 - scraper_base - INFO - ✅ Cobasi: 10 produto(s) encontrado(s) para NexGard Spectra
2026-03-14 20:14:17,906 - scraper_base - INFO - 📦 [5/20] Processando NexGard Combo
2026-03-14 20:14:17,906 - scraper_base - INFO - 🔍 Cobasi: Buscando NexGard Combo
2026-03-14 20:14:22,528 - scraper_cobasi - INFO - Cobasi: Dados extraídos via JSON para NexGard Combo
2026-03-14 20:14:22,528 - scraper_base - INFO - ✅ Cobasi: 4 produto(s) encontrado(s) para NexGard Combo
2026-03-14 20:14:24,134 - scraper_base - INFO - 📦 [6/20] Processando Bravecto
2026-03-14 20:14:24,134 - scraper_base - INFO - 🔍 Cobasi: Buscando Bravecto
2026-03-14 20:14:29,886 - scraper_cobasi - INFO - Cobasi: Dados extraídos via JSON para Bravecto
2026-03-14 20:14:29,887 - scraper_base - INFO - ✅ Cobasi: 16 produto(s) encontrado(s) para Bravecto
2026-03-14 20:14:31,104 - scraper_base - INFO - 📦 [7/20] Processando Frontline
2026-03-14 20:14:31,104 - scraper_base - INFO - 🔍 Cobasi: Buscando Frontline
2026-03-14 20:14:35,656 - scraper_cobasi - INFO - Cobasi: Dados extraídos via JSON para Frontline
2026-03-14 20:14:35,656 - scraper_base - INFO - ✅ Cobasi: 11 produto(s) encontrado(s) para Frontline
2026-03-14 20:14:38,098 - scraper_base - INFO - 📦 [8/20] Processando Advocate
2026-03-14 20:14:38,098 - scraper_base - INFO - 🔍 Cobasi: Buscando Advocate
2026-03-14 20:14:41,783 - scraper_cobasi - INFO - Cobasi: Dados extraídos via JSON para Advocate
2026-03-14 20:14:41,783 - scraper_base - INFO - ✅ Cobasi: 12 produto(s) encontrado(s) para Advocate
2026-03-14 20:14:43,993 - scraper_base - INFO - 📦 [9/20] Processando Drontal
2026-03-14 20:14:43,993 - scraper_base - INFO - 🔍 Cobasi: Buscando Drontal
2026-03-14 20:14:47,399 - scraper_cobasi - INFO - Cobasi: Dados extraídos via JSON para Drontal
2026-03-14 20:14:47,399 - scraper_base - INFO - ✅ Cobasi: 8 produto(s) encontrado(s) para Drontal
2026-03-14 20:14:49,642 - scraper_base - INFO - 📦 [10/20] Processando Milbemax
2026-03-14 20:14:49,642 - scraper_base - INFO - 🔍 Cobasi: Buscando Milbemax
2026-03-14 20:14:52,486 - scraper_cobasi - INFO - Cobasi: Dados extraídos via JSON para Milbemax
2026-03-14 20:14:52,486 - scraper_base - INFO - ✅ Cobasi: 4 produto(s) encontrado(s) para Milbemax
2026-03-14 20:14:53,676 - scraper_base - INFO - 📦 [11/20] Processando Vermivet
2026-03-14 20:14:53,676 - scraper_base - INFO - 🔍 Cobasi: Buscando Vermivet
2026-03-14 20:14:56,312 - scraper_cobasi - INFO - Cobasi: Dados extraídos via JSON para Vermivet
2026-03-14 20:14:56,312 - scraper_base - INFO - ✅ Cobasi: 5 produto(s) encontrado(s) para Vermivet
2026-03-14 20:14:57,659 - scraper_base - INFO - 📦 [12/20] Processando Rimadyl
2026-03-14 20:14:57,659 - scraper_base - INFO - 🔍 Cobasi: Buscando Rimadyl
2026-03-14 20:15:00,791 - scraper_cobasi - INFO - Cobasi: Dados extraídos via JSON para Rimadyl
2026-03-14 20:15:00,791 - scraper_base - INFO - ✅ Cobasi: 3 produto(s) encontrado(s) para Rimadyl
2026-03-14 20:15:01,880 - scraper_base - INFO - 📦 [13/20] Processando Onsior
2026-03-14 20:15:01,880 - scraper_base - INFO - 🔍 Cobasi: Buscando Onsior
2026-03-14 20:15:05,516 - scraper_cobasi - INFO - Cobasi: Dados extraídos via JSON para Onsior
2026-03-14 20:15:05,516 - scraper_base - INFO - ✅ Cobasi: 4 produto(s) encontrado(s) para Onsior
2026-03-14 20:15:08,474 - scraper_base - INFO - 📦 [14/20] Processando Maxicam
2026-03-14 20:15:08,475 - scraper_base - INFO - 🔍 Cobasi: Buscando Maxicam
2026-03-14 20:15:11,386 - scraper_cobasi - INFO - Cobasi: Dados extraídos via JSON para Maxicam
2026-03-14 20:15:11,386 - scraper_base - INFO - ✅ Cobasi: 3 produto(s) encontrado(s) para Maxicam
2026-03-14 20:15:13,347 - scraper_base - INFO - 📦 [15/20] Processando Carproflan
2026-03-14 20:15:13,347 - scraper_base - INFO - 🔍 Cobasi: Buscando Carproflan
2026-03-14 20:15:16,075 - scraper_cobasi - INFO - Cobasi: Dados extraídos via JSON para Carproflan
2026-03-14 20:15:16,075 - scraper_base - INFO - ✅ Cobasi: 3 produto(s) encontrado(s) para Carproflan
2026-03-14 20:15:18,222 - scraper_base - INFO - 📦 [16/20] Processando Previcox
2026-03-14 20:15:18,222 - scraper_base - INFO - 🔍 Cobasi: Buscando Previcox
2026-03-14 20:15:20,573 - scraper_cobasi - INFO - Cobasi: Dados extraídos via JSON para Previcox
2026-03-14 20:15:20,573 - scraper_base - INFO - ✅ Cobasi: 2 produto(s) encontrado(s) para Previcox
2026-03-14 20:15:22,869 - scraper_base - INFO - 📦 [17/20] Processando Apoquel
2026-03-14 20:15:22,869 - scraper_base - INFO - 🔍 Cobasi: Buscando Apoquel
2026-03-14 20:15:27,064 - scraper_cobasi - INFO - Cobasi: Dados extraídos via JSON para Apoquel
2026-03-14 20:15:27,064 - scraper_base - INFO - ✅ Cobasi: 3 produto(s) encontrado(s) para Apoquel
2026-03-14 20:15:28,941 - scraper_base - INFO - 📦 [18/20] Processando Zenrelia
2026-03-14 20:15:28,941 - scraper_base - INFO - 🔍 Cobasi: Buscando Zenrelia
2026-03-14 20:15:32,085 - scraper_cobasi - INFO - Cobasi: Dados extraídos via JSON para Zenrelia
2026-03-14 20:15:32,085 - scraper_base - INFO - ✅ Cobasi: 4 produto(s) encontrado(s) para Zenrelia
2026-03-14 20:15:33,402 - scraper_base - INFO - 📦 [19/20] Processando Synulox
2026-03-14 20:15:33,402 - scraper_base - INFO - 🔍 Cobasi: Buscando Synulox
2026-03-14 20:15:37,075 - scraper_cobasi - INFO - Cobasi: Dados extraídos via JSON para Synulox
2026-03-14 20:15:37,075 - scraper_base - INFO - ✅ Cobasi: 2 produto(s) encontrado(s) para Synulox
2026-03-14 20:15:39,858 - scraper_base - INFO - 📦 [20/20] Processando Baytril
2026-03-14 20:15:39,858 - scraper_base - INFO - 🔍 Cobasi: Buscando Baytril
2026-03-14 20:15:43,470 - scraper_cobasi - INFO - Cobasi: Dados extraídos via JSON para Baytril
2026-03-14 20:15:43,470 - scraper_base - INFO - ✅ Cobasi: 3 produto(s) encontrado(s) para Baytril
2026-03-14 20:15:44,513 - scraper_base - INFO - 📊 Cobasi - Estatísticas finais:
2026-03-14 20:15:44,513 - scraper_base - INFO -    • Medicamentos processados: 20
2026-03-14 20:15:44,513 - scraper_base - INFO -    • Produtos encontrados: 149
2026-03-14 20:15:44,513 - scraper_base - INFO -    • Medicamentos sem resultado: 0
2026-03-14 20:15:44,513 - scraper_base - INFO -    • Tempo total: 110.6s
2026-03-14 20:15:44,513 - scraper_base - INFO -    • Tempo médio por medicamento: 5.5s
2026-03-14 20:15:44,668 - gerenciador_arquivos - INFO - Excel salvo: dados_coletados/cobasi_20260314_201544.xlsx (149 produtos)
2026-03-14 20:15:44,668 - gerenciador_principal - INFO - Cobasi: Arquivo individual salvo com sucesso
2026-03-14 20:15:44,668 - gerenciador_principal - INFO - Pausando entre sites...
2026-03-14 20:15:46,669 - gerenciador_principal - INFO - [2/3] Processando Petlove
2026-03-14 20:15:46,669 - scraper_base - INFO - 🚀 Iniciando scraping completo - Petlove
2026-03-14 20:15:46,848 - scraper_base - INFO - 📋 20 medicamentos para processar
2026-03-14 20:15:46,848 - scraper_base - INFO - 📦 [1/20] Processando Simparic
2026-03-14 20:15:46,848 - scraper_base - INFO - 🔍 Petlove: Buscando Simparic
2026-03-14 20:15:53,496 - gerenciador_conexoes - INFO - Chrome inicializado com otimizacoes de velocidade
2026-03-14 20:15:57,407 - scraper_base - INFO - ✅ Petlove: 21 produto(s) encontrado(s) para Simparic
2026-03-14 20:15:59,612 - scraper_base - INFO - 📦 [2/20] Processando Revolution
2026-03-14 20:15:59,612 - scraper_base - INFO - 🔍 Petlove: Buscando Revolution
2026-03-14 20:16:01,259 - scraper_base - INFO - ✅ Petlove: 13 produto(s) encontrado(s) para Revolution
2026-03-14 20:16:04,029 - scraper_base - INFO - 📦 [3/20] Processando NexGard
2026-03-14 20:16:04,029 - scraper_base - INFO - 🔍 Petlove: Buscando NexGard
2026-03-14 20:16:05,547 - scraper_base - INFO - ✅ Petlove: 10 produto(s) encontrado(s) para NexGard
2026-03-14 20:16:07,626 - scraper_base - INFO - 📦 [4/20] Processando NexGard Spectra
2026-03-14 20:16:07,627 - scraper_base - INFO - 🔍 Petlove: Buscando NexGard Spectra
2026-03-14 20:16:08,920 - scraper_base - INFO - ✅ Petlove: 5 produto(s) encontrado(s) para NexGard Spectra
2026-03-14 20:16:10,878 - scraper_base - INFO - 📦 [5/20] Processando NexGard Combo
2026-03-14 20:16:10,878 - scraper_base - INFO - 🔍 Petlove: Buscando NexGard Combo
2026-03-14 20:16:11,878 - scraper_base - INFO - ✅ Petlove: 1 produto(s) encontrado(s) para NexGard Combo
2026-03-14 20:16:14,277 - scraper_base - INFO - 📦 [6/20] Processando Bravecto
2026-03-14 20:16:14,278 - scraper_base - INFO - 🔍 Petlove: Buscando Bravecto
2026-03-14 20:16:16,989 - scraper_base - INFO - ✅ Petlove: 28 produto(s) encontrado(s) para Bravecto
2026-03-14 20:16:19,236 - scraper_base - INFO - 📦 [7/20] Processando Frontline
2026-03-14 20:16:19,236 - scraper_base - INFO - 🔍 Petlove: Buscando Frontline
2026-03-14 20:16:20,988 - scraper_base - INFO - ✅ Petlove: 11 produto(s) encontrado(s) para Frontline
2026-03-14 20:16:23,943 - scraper_base - INFO - 📦 [8/20] Processando Advocate
2026-03-14 20:16:23,944 - scraper_base - INFO - 🔍 Petlove: Buscando Advocate
2026-03-14 20:16:26,196 - scraper_base - INFO - ✅ Petlove: 9 produto(s) encontrado(s) para Advocate
2026-03-14 20:16:28,929 - scraper_base - INFO - 📦 [9/20] Processando Drontal
2026-03-14 20:16:28,929 - scraper_base - INFO - 🔍 Petlove: Buscando Drontal
2026-03-14 20:16:31,086 - scraper_base - INFO - ✅ Petlove: 36 produto(s) encontrado(s) para Drontal
2026-03-14 20:16:32,734 - scraper_base - INFO - 📦 [10/20] Processando Milbemax
2026-03-14 20:16:32,735 - scraper_base - INFO - 🔍 Petlove: Buscando Milbemax
2026-03-14 20:16:34,461 - scraper_base - INFO - ✅ Petlove: 14 produto(s) encontrado(s) para Milbemax
2026-03-14 20:16:37,307 - scraper_base - INFO - 📦 [11/20] Processando Vermivet
2026-03-14 20:16:37,308 - scraper_base - INFO - 🔍 Petlove: Buscando Vermivet
2026-03-14 20:16:39,095 - scraper_base - INFO - ✅ Petlove: 36 produto(s) encontrado(s) para Vermivet
2026-03-14 20:16:41,543 - scraper_base - INFO - 📦 [12/20] Processando Rimadyl
2026-03-14 20:16:41,543 - scraper_base - INFO - 🔍 Petlove: Buscando Rimadyl
2026-03-14 20:16:43,212 - scraper_base - INFO - ✅ Petlove: 1 produto(s) encontrado(s) para Rimadyl
2026-03-14 20:16:45,247 - scraper_base - INFO - 📦 [13/20] Processando Onsior
2026-03-14 20:16:45,247 - scraper_base - INFO - 🔍 Petlove: Buscando Onsior
2026-03-14 20:16:46,500 - scraper_base - INFO - ✅ Petlove: 4 produto(s) encontrado(s) para Onsior
2026-03-14 20:16:48,634 - scraper_base - INFO - 📦 [14/20] Processando Maxicam
2026-03-14 20:16:48,634 - scraper_base - INFO - 🔍 Petlove: Buscando Maxicam
2026-03-14 20:16:49,895 - scraper_base - INFO - ✅ Petlove: 3 produto(s) encontrado(s) para Maxicam
2026-03-14 20:16:51,275 - scraper_base - INFO - 📦 [15/20] Processando Carproflan
2026-03-14 20:16:51,275 - scraper_base - INFO - 🔍 Petlove: Buscando Carproflan
2026-03-14 20:16:52,465 - scraper_base - INFO - ✅ Petlove: 6 produto(s) encontrado(s) para Carproflan
2026-03-14 20:16:54,351 - scraper_base - INFO - 📦 [16/20] Processando Previcox
2026-03-14 20:16:54,351 - scraper_base - INFO - 🔍 Petlove: Buscando Previcox
2026-03-14 20:16:55,484 - scraper_base - INFO - ✅ Petlove: 4 produto(s) encontrado(s) para Previcox
2026-03-14 20:16:56,803 - scraper_base - INFO - 📦 [17/20] Processando Apoquel
2026-03-14 20:16:56,803 - scraper_base - INFO - 🔍 Petlove: Buscando Apoquel
2026-03-14 20:16:58,505 - scraper_base - INFO - ✅ Petlove: 19 produto(s) encontrado(s) para Apoquel
2026-03-14 20:16:59,705 - scraper_base - INFO - 📦 [18/20] Processando Zenrelia
2026-03-14 20:16:59,705 - scraper_base - INFO - 🔍 Petlove: Buscando Zenrelia
2026-03-14 20:17:01,128 - scraper_base - INFO - ✅ Petlove: 4 produto(s) encontrado(s) para Zenrelia
2026-03-14 20:17:04,021 - scraper_base - INFO - 📦 [19/20] Processando Synulox
2026-03-14 20:17:04,021 - scraper_base - INFO - 🔍 Petlove: Buscando Synulox
2026-03-14 20:17:05,688 - scraper_base - INFO - ✅ Petlove: 1 produto(s) encontrado(s) para Synulox
2026-03-14 20:17:08,577 - scraper_base - INFO - 📦 [20/20] Processando Baytril
2026-03-14 20:17:08,577 - scraper_base - INFO - 🔍 Petlove: Buscando Baytril
2026-03-14 20:17:09,633 - scraper_base - INFO - ✅ Petlove: 4 produto(s) encontrado(s) para Baytril
2026-03-14 20:17:10,751 - scraper_base - INFO - 📊 Petlove - Estatísticas finais:
2026-03-14 20:17:10,751 - scraper_base - INFO -    • Medicamentos processados: 20
2026-03-14 20:17:10,751 - scraper_base - INFO -    • Produtos encontrados: 230
2026-03-14 20:17:10,751 - scraper_base - INFO -    • Medicamentos sem resultado: 0
2026-03-14 20:17:10,751 - scraper_base - INFO -    • Tempo total: 84.1s
2026-03-14 20:17:10,751 - scraper_base - INFO -    • Tempo médio por medicamento: 4.2s
2026-03-14 20:17:10,795 - gerenciador_arquivos - INFO - Excel salvo: dados_coletados/petlove_20260314_201710.xlsx (230 produtos)
2026-03-14 20:17:10,795 - gerenciador_principal - INFO - Petlove: Arquivo individual salvo com sucesso
2026-03-14 20:17:10,796 - gerenciador_principal - INFO - Pausando entre sites...
2026-03-14 20:17:12,796 - gerenciador_principal - INFO - [3/3] Processando Petz
2026-03-14 20:17:12,796 - scraper_base - INFO - 🚀 Iniciando scraping completo - Petz
2026-03-14 20:17:13,024 - scraper_base - INFO - 📋 20 medicamentos para processar
2026-03-14 20:17:13,025 - scraper_base - INFO - 📦 [1/20] Processando Simparic
2026-03-14 20:17:13,025 - scraper_base - INFO - 🔍 Petz: Buscando Simparic
2026-03-14 20:17:17,724 - scraper_base - INFO - ✅ Petz: 12 produto(s) encontrado(s) para Simparic
2026-03-14 20:17:20,646 - scraper_base - INFO - 📦 [2/20] Processando Revolution
2026-03-14 20:17:20,646 - scraper_base - INFO - 🔍 Petz: Buscando Revolution
2026-03-14 20:17:23,057 - scraper_base - INFO - ✅ Petz: 21 produto(s) encontrado(s) para Revolution
2026-03-14 20:17:25,813 - scraper_base - INFO - 📦 [3/20] Processando NexGard
2026-03-14 20:17:25,813 - scraper_base - INFO - 🔍 Petz: Buscando NexGard
2026-03-14 20:17:28,016 - scraper_base - INFO - ✅ Petz: 22 produto(s) encontrado(s) para NexGard
2026-03-14 20:17:29,283 - scraper_base - INFO - 📦 [4/20] Processando NexGard Spectra
2026-03-14 20:17:29,283 - scraper_base - INFO - 🔍 Petz: Buscando NexGard Spectra
2026-03-14 20:17:31,335 - scraper_base - INFO - ✅ Petz: 10 produto(s) encontrado(s) para NexGard Spectra
2026-03-14 20:17:33,509 - scraper_base - INFO - 📦 [5/20] Processando NexGard Combo
2026-03-14 20:17:33,509 - scraper_base - INFO - 🔍 Petz: Buscando NexGard Combo
2026-03-14 20:17:35,295 - scraper_base - INFO - ✅ Petz: 4 produto(s) encontrado(s) para NexGard Combo
2026-03-14 20:17:37,326 - scraper_base - INFO - 📦 [6/20] Processando Bravecto
2026-03-14 20:17:37,326 - scraper_base - INFO - 🔍 Petz: Buscando Bravecto
2026-03-14 20:17:39,375 - scraper_base - INFO - ✅ Petz: 16 produto(s) encontrado(s) para Bravecto
2026-03-14 20:17:40,727 - scraper_base - INFO - 📦 [7/20] Processando Frontline
2026-03-14 20:17:40,727 - scraper_base - INFO - 🔍 Petz: Buscando Frontline
2026-03-14 20:17:42,571 - scraper_base - INFO - ✅ Petz: 11 produto(s) encontrado(s) para Frontline
2026-03-14 20:17:44,973 - scraper_base - INFO - 📦 [8/20] Processando Advocate
2026-03-14 20:17:44,973 - scraper_base - INFO - 🔍 Petz: Buscando Advocate
2026-03-14 20:17:46,793 - scraper_base - INFO - ✅ Petz: 12 produto(s) encontrado(s) para Advocate
2026-03-14 20:17:47,875 - scraper_base - INFO - 📦 [9/20] Processando Drontal
2026-03-14 20:17:47,875 - scraper_base - INFO - 🔍 Petz: Buscando Drontal
2026-03-14 20:17:51,030 - scraper_base - INFO - ✅ Petz: 32 produto(s) encontrado(s) para Drontal
2026-03-14 20:17:53,701 - scraper_base - INFO - 📦 [10/20] Processando Milbemax
2026-03-14 20:17:53,702 - scraper_base - INFO - 🔍 Petz: Buscando Milbemax
2026-03-14 20:17:55,860 - scraper_base - INFO - ✅ Petz: 4 produto(s) encontrado(s) para Milbemax
2026-03-14 20:17:57,316 - scraper_base - INFO - 📦 [11/20] Processando Vermivet
2026-03-14 20:17:57,316 - scraper_base - INFO - 🔍 Petz: Buscando Vermivet
2026-03-14 20:17:59,134 - scraper_base - INFO - ✅ Petz: 5 produto(s) encontrado(s) para Vermivet
2026-03-14 20:18:01,911 - scraper_base - INFO - 📦 [12/20] Processando Rimadyl
2026-03-14 20:18:01,912 - scraper_base - INFO - 🔍 Petz: Buscando Rimadyl
2026-03-14 20:18:03,379 - scraper_base - INFO - ✅ Petz: 3 produto(s) encontrado(s) para Rimadyl
2026-03-14 20:18:06,248 - scraper_base - INFO - 📦 [13/20] Processando Onsior
2026-03-14 20:18:06,249 - scraper_base - INFO - 🔍 Petz: Buscando Onsior
2026-03-14 20:18:07,999 - scraper_base - INFO - ✅ Petz: 4 produto(s) encontrado(s) para Onsior
2026-03-14 20:18:10,248 - scraper_base - INFO - 📦 [14/20] Processando Maxicam
2026-03-14 20:18:10,248 - scraper_base - INFO - 🔍 Petz: Buscando Maxicam
2026-03-14 20:18:12,961 - scraper_base - INFO - ✅ Petz: 30 produto(s) encontrado(s) para Maxicam
2026-03-14 20:18:14,027 - scraper_base - INFO - 📦 [15/20] Processando Carproflan
2026-03-14 20:18:14,027 - scraper_base - INFO - 🔍 Petz: Buscando Carproflan
2026-03-14 20:18:15,539 - scraper_base - INFO - ✅ Petz: 3 produto(s) encontrado(s) para Carproflan
2026-03-14 20:18:17,759 - scraper_base - INFO - 📦 [16/20] Processando Previcox
2026-03-14 20:18:17,759 - scraper_base - INFO - 🔍 Petz: Buscando Previcox
2026-03-14 20:18:19,474 - scraper_base - INFO - ✅ Petz: 2 produto(s) encontrado(s) para Previcox
2026-03-14 20:18:21,921 - scraper_base - INFO - 📦 [17/20] Processando Apoquel
2026-03-14 20:18:21,921 - scraper_base - INFO - 🔍 Petz: Buscando Apoquel
2026-03-14 20:18:23,480 - scraper_base - INFO - ✅ Petz: 3 produto(s) encontrado(s) para Apoquel
2026-03-14 20:18:26,266 - scraper_base - INFO - 📦 [18/20] Processando Zenrelia
2026-03-14 20:18:26,267 - scraper_base - INFO - 🔍 Petz: Buscando Zenrelia
2026-03-14 20:18:27,725 - scraper_base - INFO - ✅ Petz: 4 produto(s) encontrado(s) para Zenrelia
2026-03-14 20:18:29,946 - scraper_base - INFO - 📦 [19/20] Processando Synulox
2026-03-14 20:18:29,946 - scraper_base - INFO - 🔍 Petz: Buscando Synulox
2026-03-14 20:18:31,391 - scraper_base - INFO - ✅ Petz: 2 produto(s) encontrado(s) para Synulox
2026-03-14 20:18:32,860 - scraper_base - INFO - 📦 [20/20] Processando Baytril
2026-03-14 20:18:32,860 - scraper_base - INFO - 🔍 Petz: Buscando Baytril
2026-03-14 20:18:34,910 - scraper_base - INFO - ✅ Petz: 9 produto(s) encontrado(s) para Baytril
2026-03-14 20:18:36,732 - scraper_base - INFO - 📊 Petz - Estatísticas finais:
2026-03-14 20:18:36,733 - scraper_base - INFO -    • Medicamentos processados: 20
2026-03-14 20:18:36,733 - scraper_base - INFO -    • Produtos encontrados: 209
2026-03-14 20:18:36,733 - scraper_base - INFO -    • Medicamentos sem resultado: 0
2026-03-14 20:18:36,733 - scraper_base - INFO -    • Tempo total: 83.9s
2026-03-14 20:18:36,733 - scraper_base - INFO -    • Tempo médio por medicamento: 4.2s
2026-03-14 20:18:36,777 - gerenciador_arquivos - INFO - Excel salvo: dados_coletados/petz_20260314_201836.xlsx (209 produtos)
2026-03-14 20:18:36,777 - gerenciador_principal - INFO - Petz: Arquivo individual salvo com sucesso
2026-03-14 20:18:36,777 - gerenciador_principal - INFO - Gerando relatório consolidado...
2026-03-14 20:18:37,034 - gerenciador_arquivos - INFO - Relatório consolidado salvo: dados_relatorios/relatorio_consolidado_20260314_201836.xlsx
2026-03-14 20:18:37,168 - gerenciador_conexoes - INFO - Chrome fechado
2026-03-14 20:18:37,168 - gerenciador_conexoes - INFO - Métodos utilizados - Requests: 33.3%, Selenium: 66.7%, Falhas: 0.0%
2026-03-14 20:18:37,168 - gerenciador_principal - INFO - ============================================================
2026-03-14 20:18:37,169 - gerenciador_principal - INFO - RELATORIO FINAL DE EXECUÇÃO
2026-03-14 20:18:37,169 - gerenciador_principal - INFO - ============================================================
2026-03-14 20:18:37,169 - gerenciador_principal - INFO - Sites processados: 3
2026-03-14 20:18:37,169 - gerenciador_principal - INFO - Sites com sucesso: 3
2026-03-14 20:18:37,169 - gerenciador_principal - INFO - Total de produtos coletados: 588
2026-03-14 20:18:37,169 - gerenciador_principal - INFO - Tempo total de execução: 282.9 segundos
2026-03-14 20:18:37,169 - gerenciador_principal - INFO - Estatísticas de conexão:
2026-03-14 20:18:37,169 - gerenciador_principal - INFO -   - Requests bem-sucedidos: 33.3%
2026-03-14 20:18:37,169 - gerenciador_principal - INFO -   - Selenium fallback: 66.7%
2026-03-14 20:18:37,169 - gerenciador_principal - INFO -   - Falhas totais: 0.0%
2026-03-14 20:18:37,171 - gerenciador_principal - INFO - Arquivos salvos na pasta: dados_coletados
2026-03-14 20:18:37,171 - gerenciador_principal - INFO - Total de arquivos: 488
2026-03-14 20:18:37,171 - gerenciador_principal - INFO - ============================================================
