2026-04-12 20:21:24,671 - configurador_logs - INFO - Sistema de logs configurado com sucesso
2026-04-12 20:21:24,671 - configurador_logs - INFO - 🚀 Logs configurados para MODO PRODUÇÃO
2026-04-12 20:21:24,671 - gerenciador_principal - INFO - Inicializando sistema - Modo: PRODUCAO
2026-04-12 20:21:24,672 - gerenciador_arquivos - INFO - Pasta dados_coletados preparada
2026-04-12 20:21:24,672 - gerenciador_principal - INFO - Sistema inicializado com 3 scrapers
2026-04-12 20:21:24,672 - gerenciador_principal - INFO - ============================================================
2026-04-12 20:21:24,672 - gerenciador_principal - INFO - INICIANDO SCRAPING COMPLETO - PRODUCAO
2026-04-12 20:21:24,672 - gerenciador_principal - INFO - ============================================================
2026-04-12 20:21:24,672 - gerenciador_principal - INFO - [1/3] Processando Cobasi
2026-04-12 20:21:24,672 - scraper_base - INFO - 🚀 Iniciando scraping completo - Cobasi
2026-04-12 20:21:25,073 - gerenciador_conexoes - INFO - Sessao estabelecida com cobasi.com.br
2026-04-12 20:21:25,074 - scraper_base - INFO - 📋 20 medicamentos para processar
2026-04-12 20:21:25,074 - scraper_base - INFO - 📦 [1/20] Processando Simparic
2026-04-12 20:21:25,074 - scraper_base - INFO - 🔍 Cobasi: Buscando Simparic
2026-04-12 20:21:31,355 - scraper_cobasi - INFO - Cobasi: Dados extraídos via JSON para Simparic
2026-04-12 20:21:31,355 - scraper_base - INFO - ✅ Cobasi: 12 produto(s) encontrado(s) para Simparic
2026-04-12 20:21:32,903 - scraper_base - INFO - 📦 [2/20] Processando Revolution
2026-04-12 20:21:32,903 - scraper_base - INFO - 🔍 Cobasi: Buscando Revolution
2026-04-12 20:21:36,889 - scraper_cobasi - INFO - Cobasi: Dados extraídos via JSON para Revolution
2026-04-12 20:21:36,889 - scraper_base - INFO - ✅ Cobasi: 18 produto(s) encontrado(s) para Revolution
2026-04-12 20:21:38,986 - scraper_base - INFO - 📦 [3/20] Processando NexGard
2026-04-12 20:21:38,986 - scraper_base - INFO - 🔍 Cobasi: Buscando NexGard
2026-04-12 20:21:44,341 - scraper_cobasi - INFO - Cobasi: Dados extraídos via JSON para NexGard
2026-04-12 20:21:44,341 - scraper_base - INFO - ✅ Cobasi: 22 produto(s) encontrado(s) para NexGard
2026-04-12 20:21:45,962 - scraper_base - INFO - 📦 [4/20] Processando NexGard Spectra
2026-04-12 20:21:45,962 - scraper_base - INFO - 🔍 Cobasi: Buscando NexGard Spectra
2026-04-12 20:21:49,603 - scraper_cobasi - INFO - Cobasi: Dados extraídos via JSON para NexGard Spectra
2026-04-12 20:21:49,604 - scraper_base - INFO - ✅ Cobasi: 10 produto(s) encontrado(s) para NexGard Spectra
2026-04-12 20:21:51,891 - scraper_base - INFO - 📦 [5/20] Processando NexGard Combo
2026-04-12 20:21:51,891 - scraper_base - INFO - 🔍 Cobasi: Buscando NexGard Combo
2026-04-12 20:21:55,058 - scraper_cobasi - INFO - Cobasi: Dados extraídos via JSON para NexGard Combo
2026-04-12 20:21:55,058 - scraper_base - INFO - ✅ Cobasi: 4 produto(s) encontrado(s) para NexGard Combo
2026-04-12 20:21:57,840 - scraper_base - INFO - 📦 [6/20] Processando Bravecto
2026-04-12 20:21:57,840 - scraper_base - INFO - 🔍 Cobasi: Buscando Bravecto
2026-04-12 20:22:02,290 - scraper_cobasi - INFO - Cobasi: Dados extraídos via JSON para Bravecto
2026-04-12 20:22:02,290 - scraper_base - INFO - ✅ Cobasi: 16 produto(s) encontrado(s) para Bravecto
2026-04-12 20:22:03,354 - scraper_base - INFO - 📦 [7/20] Processando Frontline
2026-04-12 20:22:03,354 - scraper_base - INFO - 🔍 Cobasi: Buscando Frontline
2026-04-12 20:22:08,178 - scraper_cobasi - INFO - Cobasi: Dados extraídos via JSON para Frontline
2026-04-12 20:22:08,178 - scraper_base - INFO - ✅ Cobasi: 11 produto(s) encontrado(s) para Frontline
2026-04-12 20:22:11,005 - scraper_base - INFO - 📦 [8/20] Processando Advocate
2026-04-12 20:22:11,005 - scraper_base - INFO - 🔍 Cobasi: Buscando Advocate
2026-04-12 20:22:14,334 - scraper_cobasi - INFO - Cobasi: Dados extraídos via JSON para Advocate
2026-04-12 20:22:14,334 - scraper_base - INFO - ✅ Cobasi: 12 produto(s) encontrado(s) para Advocate
2026-04-12 20:22:16,262 - scraper_base - INFO - 📦 [9/20] Processando Drontal
2026-04-12 20:22:16,263 - scraper_base - INFO - 🔍 Cobasi: Buscando Drontal
2026-04-12 20:22:19,717 - scraper_cobasi - INFO - Cobasi: Dados extraídos via JSON para Drontal
2026-04-12 20:22:19,717 - scraper_base - INFO - ✅ Cobasi: 8 produto(s) encontrado(s) para Drontal
2026-04-12 20:22:20,813 - scraper_base - INFO - 📦 [10/20] Processando Milbemax
2026-04-12 20:22:20,813 - scraper_base - INFO - 🔍 Cobasi: Buscando Milbemax
2026-04-12 20:22:24,294 - scraper_cobasi - INFO - Cobasi: Dados extraídos via JSON para Milbemax
2026-04-12 20:22:24,294 - scraper_base - INFO - ✅ Cobasi: 4 produto(s) encontrado(s) para Milbemax
2026-04-12 20:22:27,104 - scraper_base - INFO - 📦 [11/20] Processando Vermivet
2026-04-12 20:22:27,105 - scraper_base - INFO - 🔍 Cobasi: Buscando Vermivet
2026-04-12 20:22:30,616 - scraper_cobasi - INFO - Cobasi: Dados extraídos via JSON para Vermivet
2026-04-12 20:22:30,616 - scraper_base - INFO - ✅ Cobasi: 5 produto(s) encontrado(s) para Vermivet
2026-04-12 20:22:33,199 - scraper_base - INFO - 📦 [12/20] Processando Rimadyl
2026-04-12 20:22:33,199 - scraper_base - INFO - 🔍 Cobasi: Buscando Rimadyl
2026-04-12 20:22:35,991 - scraper_cobasi - INFO - Cobasi: Dados extraídos via JSON para Rimadyl
2026-04-12 20:22:35,991 - scraper_base - INFO - ✅ Cobasi: 3 produto(s) encontrado(s) para Rimadyl
2026-04-12 20:22:38,218 - scraper_base - INFO - 📦 [13/20] Processando Onsior
2026-04-12 20:22:38,218 - scraper_base - INFO - 🔍 Cobasi: Buscando Onsior
2026-04-12 20:22:42,058 - scraper_cobasi - INFO - Cobasi: Dados extraídos via JSON para Onsior
2026-04-12 20:22:42,058 - scraper_base - INFO - ✅ Cobasi: 4 produto(s) encontrado(s) para Onsior
2026-04-12 20:22:43,366 - scraper_base - INFO - 📦 [14/20] Processando Maxicam
2026-04-12 20:22:43,366 - scraper_base - INFO - 🔍 Cobasi: Buscando Maxicam
2026-04-12 20:22:46,884 - scraper_cobasi - INFO - Cobasi: Dados extraídos via JSON para Maxicam
2026-04-12 20:22:46,884 - scraper_base - INFO - ✅ Cobasi: 3 produto(s) encontrado(s) para Maxicam
2026-04-12 20:22:49,744 - scraper_base - INFO - 📦 [15/20] Processando Carproflan
2026-04-12 20:22:49,744 - scraper_base - INFO - 🔍 Cobasi: Buscando Carproflan
2026-04-12 20:22:53,486 - scraper_cobasi - INFO - Cobasi: Dados extraídos via JSON para Carproflan
2026-04-12 20:22:53,486 - scraper_base - INFO - ✅ Cobasi: 3 produto(s) encontrado(s) para Carproflan
2026-04-12 20:22:55,368 - scraper_base - INFO - 📦 [16/20] Processando Previcox
2026-04-12 20:22:55,368 - scraper_base - INFO - 🔍 Cobasi: Buscando Previcox
2026-04-12 20:23:00,700 - scraper_cobasi - INFO - Cobasi: Dados extraídos via JSON para Previcox
2026-04-12 20:23:00,700 - scraper_base - INFO - ✅ Cobasi: 2 produto(s) encontrado(s) para Previcox
2026-04-12 20:23:02,324 - scraper_base - INFO - 📦 [17/20] Processando Apoquel
2026-04-12 20:23:02,324 - scraper_base - INFO - 🔍 Cobasi: Buscando Apoquel
2026-04-12 20:23:06,173 - scraper_cobasi - INFO - Cobasi: Dados extraídos via JSON para Apoquel
2026-04-12 20:23:06,173 - scraper_base - INFO - ✅ Cobasi: 3 produto(s) encontrado(s) para Apoquel
2026-04-12 20:23:08,057 - scraper_base - INFO - 📦 [18/20] Processando Zenrelia
2026-04-12 20:23:08,057 - scraper_base - INFO - 🔍 Cobasi: Buscando Zenrelia
2026-04-12 20:23:14,041 - scraper_cobasi - INFO - Cobasi: Dados extraídos via JSON para Zenrelia
2026-04-12 20:23:14,041 - scraper_base - INFO - ✅ Cobasi: 4 produto(s) encontrado(s) para Zenrelia
2026-04-12 20:23:15,324 - scraper_base - INFO - 📦 [19/20] Processando Synulox
2026-04-12 20:23:15,324 - scraper_base - INFO - 🔍 Cobasi: Buscando Synulox
2026-04-12 20:23:18,514 - scraper_cobasi - INFO - Cobasi: Dados extraídos via JSON para Synulox
2026-04-12 20:23:18,514 - scraper_base - INFO - ✅ Cobasi: 2 produto(s) encontrado(s) para Synulox
2026-04-12 20:23:21,119 - scraper_base - INFO - 📦 [20/20] Processando Baytril
2026-04-12 20:23:21,119 - scraper_base - INFO - 🔍 Cobasi: Buscando Baytril
2026-04-12 20:23:24,120 - scraper_cobasi - INFO - Cobasi: Dados extraídos via JSON para Baytril
2026-04-12 20:23:24,120 - scraper_base - INFO - ✅ Cobasi: 3 produto(s) encontrado(s) para Baytril
2026-04-12 20:23:25,506 - scraper_base - INFO - 📊 Cobasi - Estatísticas finais:
2026-04-12 20:23:25,506 - scraper_base - INFO -    • Medicamentos processados: 20
2026-04-12 20:23:25,506 - scraper_base - INFO -    • Produtos encontrados: 149
2026-04-12 20:23:25,506 - scraper_base - INFO -    • Medicamentos sem resultado: 0
2026-04-12 20:23:25,507 - scraper_base - INFO -    • Tempo total: 120.8s
2026-04-12 20:23:25,507 - scraper_base - INFO -    • Tempo médio por medicamento: 6.0s
2026-04-12 20:23:25,665 - gerenciador_arquivos - INFO - Excel salvo: dados_coletados/cobasi_20260412_202325.xlsx (149 produtos)
2026-04-12 20:23:25,665 - gerenciador_principal - INFO - Cobasi: Arquivo individual salvo com sucesso
2026-04-12 20:23:25,665 - gerenciador_principal - INFO - Pausando entre sites...
2026-04-12 20:23:27,665 - gerenciador_principal - INFO - [2/3] Processando Petlove
2026-04-12 20:23:27,666 - scraper_base - INFO - 🚀 Iniciando scraping completo - Petlove
2026-04-12 20:23:27,842 - scraper_base - INFO - 📋 20 medicamentos para processar
2026-04-12 20:23:27,842 - scraper_base - INFO - 📦 [1/20] Processando Simparic
2026-04-12 20:23:27,842 - scraper_base - INFO - 🔍 Petlove: Buscando Simparic
2026-04-12 20:23:33,273 - gerenciador_conexoes - INFO - Chrome inicializado com otimizacoes de velocidade
2026-04-12 20:23:35,950 - scraper_base - INFO - ✅ Petlove: 27 produto(s) encontrado(s) para Simparic
2026-04-12 20:23:37,542 - scraper_base - INFO - 📦 [2/20] Processando Revolution
2026-04-12 20:23:37,543 - scraper_base - INFO - 🔍 Petlove: Buscando Revolution
2026-04-12 20:23:39,263 - scraper_base - INFO - ✅ Petlove: 20 produto(s) encontrado(s) para Revolution
2026-04-12 20:23:40,625 - scraper_base - INFO - 📦 [3/20] Processando NexGard
2026-04-12 20:23:40,625 - scraper_base - INFO - 🔍 Petlove: Buscando NexGard
2026-04-12 20:23:42,659 - scraper_base - INFO - ✅ Petlove: 19 produto(s) encontrado(s) para NexGard
2026-04-12 20:23:45,185 - scraper_base - INFO - 📦 [4/20] Processando NexGard Spectra
2026-04-12 20:23:45,185 - scraper_base - INFO - 🔍 Petlove: Buscando NexGard Spectra
2026-04-12 20:23:46,563 - scraper_base - INFO - ✅ Petlove: 11 produto(s) encontrado(s) para NexGard Spectra
2026-04-12 20:23:48,057 - scraper_base - INFO - 📦 [5/20] Processando NexGard Combo
2026-04-12 20:23:48,057 - scraper_base - INFO - 🔍 Petlove: Buscando NexGard Combo
2026-04-12 20:23:49,512 - scraper_base - INFO - ✅ Petlove: 4 produto(s) encontrado(s) para NexGard Combo
2026-04-12 20:23:51,078 - scraper_base - INFO - 📦 [6/20] Processando Bravecto
2026-04-12 20:23:51,078 - scraper_base - INFO - 🔍 Petlove: Buscando Bravecto
2026-04-12 20:23:53,873 - scraper_base - INFO - ✅ Petlove: 22 produto(s) encontrado(s) para Bravecto
2026-04-12 20:23:56,272 - scraper_base - INFO - 📦 [7/20] Processando Frontline
2026-04-12 20:23:56,272 - scraper_base - INFO - 🔍 Petlove: Buscando Frontline
2026-04-12 20:23:57,795 - scraper_base - INFO - ✅ Petlove: 11 produto(s) encontrado(s) para Frontline
2026-04-12 20:23:59,745 - scraper_base - INFO - 📦 [8/20] Processando Advocate
2026-04-12 20:23:59,745 - scraper_base - INFO - 🔍 Petlove: Buscando Advocate
2026-04-12 20:24:01,815 - scraper_base - INFO - ✅ Petlove: 9 produto(s) encontrado(s) para Advocate
2026-04-12 20:24:04,740 - scraper_base - INFO - 📦 [9/20] Processando Drontal
2026-04-12 20:24:04,740 - scraper_base - INFO - 🔍 Petlove: Buscando Drontal
2026-04-12 20:24:06,602 - scraper_base - INFO - ✅ Petlove: 36 produto(s) encontrado(s) para Drontal
2026-04-12 20:24:09,548 - scraper_base - INFO - 📦 [10/20] Processando Milbemax
2026-04-12 20:24:09,548 - scraper_base - INFO - 🔍 Petlove: Buscando Milbemax
2026-04-12 20:24:11,240 - scraper_base - INFO - ✅ Petlove: 20 produto(s) encontrado(s) para Milbemax
2026-04-12 20:24:13,928 - scraper_base - INFO - 📦 [11/20] Processando Vermivet
2026-04-12 20:24:13,929 - scraper_base - INFO - 🔍 Petlove: Buscando Vermivet
2026-04-12 20:24:15,773 - scraper_base - INFO - ✅ Petlove: 36 produto(s) encontrado(s) para Vermivet
2026-04-12 20:24:17,121 - scraper_base - INFO - 📦 [12/20] Processando Rimadyl
2026-04-12 20:24:17,121 - scraper_base - INFO - 🔍 Petlove: Buscando Rimadyl
2026-04-12 20:24:18,771 - scraper_base - INFO - ✅ Petlove: 1 produto(s) encontrado(s) para Rimadyl
2026-04-12 20:24:21,526 - scraper_base - INFO - 📦 [13/20] Processando Onsior
2026-04-12 20:24:21,526 - scraper_base - INFO - 🔍 Petlove: Buscando Onsior
2026-04-12 20:24:23,638 - scraper_base - INFO - ✅ Petlove: 4 produto(s) encontrado(s) para Onsior
2026-04-12 20:24:25,002 - scraper_base - INFO - 📦 [14/20] Processando Maxicam
2026-04-12 20:24:25,002 - scraper_base - INFO - 🔍 Petlove: Buscando Maxicam
2026-04-12 20:24:26,276 - scraper_base - INFO - ✅ Petlove: 3 produto(s) encontrado(s) para Maxicam
2026-04-12 20:24:27,374 - scraper_base - INFO - 📦 [15/20] Processando Carproflan
2026-04-12 20:24:27,374 - scraper_base - INFO - 🔍 Petlove: Buscando Carproflan
2026-04-12 20:24:28,617 - scraper_base - INFO - ✅ Petlove: 8 produto(s) encontrado(s) para Carproflan
2026-04-12 20:24:30,968 - scraper_base - INFO - 📦 [16/20] Processando Previcox
2026-04-12 20:24:30,968 - scraper_base - INFO - 🔍 Petlove: Buscando Previcox
2026-04-12 20:24:32,278 - scraper_base - INFO - ✅ Petlove: 4 produto(s) encontrado(s) para Previcox
2026-04-12 20:24:33,731 - scraper_base - INFO - 📦 [17/20] Processando Apoquel
2026-04-12 20:24:33,731 - scraper_base - INFO - 🔍 Petlove: Buscando Apoquel
2026-04-12 20:24:35,311 - scraper_base - INFO - ✅ Petlove: 16 produto(s) encontrado(s) para Apoquel
2026-04-12 20:24:36,536 - scraper_base - INFO - 📦 [18/20] Processando Zenrelia
2026-04-12 20:24:36,536 - scraper_base - INFO - 🔍 Petlove: Buscando Zenrelia
2026-04-12 20:24:38,027 - scraper_base - INFO - ✅ Petlove: 8 produto(s) encontrado(s) para Zenrelia
2026-04-12 20:24:39,690 - scraper_base - INFO - 📦 [19/20] Processando Synulox
2026-04-12 20:24:39,691 - scraper_base - INFO - 🔍 Petlove: Buscando Synulox
2026-04-12 20:24:41,068 - scraper_base - INFO - ✅ Petlove: 1 produto(s) encontrado(s) para Synulox
2026-04-12 20:24:42,996 - scraper_base - INFO - 📦 [20/20] Processando Baytril
2026-04-12 20:24:42,996 - scraper_base - INFO - 🔍 Petlove: Buscando Baytril
2026-04-12 20:24:44,457 - scraper_base - INFO - ✅ Petlove: 4 produto(s) encontrado(s) para Baytril
2026-04-12 20:24:46,563 - scraper_base - INFO - 📊 Petlove - Estatísticas finais:
2026-04-12 20:24:46,563 - scraper_base - INFO -    • Medicamentos processados: 20
2026-04-12 20:24:46,563 - scraper_base - INFO -    • Produtos encontrados: 264
2026-04-12 20:24:46,563 - scraper_base - INFO -    • Medicamentos sem resultado: 0
2026-04-12 20:24:46,563 - scraper_base - INFO -    • Tempo total: 78.9s
2026-04-12 20:24:46,563 - scraper_base - INFO -    • Tempo médio por medicamento: 3.9s
2026-04-12 20:24:46,679 - gerenciador_arquivos - INFO - Excel salvo: dados_coletados/petlove_20260412_202446.xlsx (264 produtos)
2026-04-12 20:24:46,679 - gerenciador_principal - INFO - Petlove: Arquivo individual salvo com sucesso
2026-04-12 20:24:46,679 - gerenciador_principal - INFO - Pausando entre sites...
2026-04-12 20:24:48,680 - gerenciador_principal - INFO - [3/3] Processando Petz
2026-04-12 20:24:48,680 - scraper_base - INFO - 🚀 Iniciando scraping completo - Petz
2026-04-12 20:24:48,945 - scraper_base - INFO - 📋 20 medicamentos para processar
2026-04-12 20:24:48,945 - scraper_base - INFO - 📦 [1/20] Processando Simparic
2026-04-12 20:24:48,945 - scraper_base - INFO - 🔍 Petz: Buscando Simparic
2026-04-12 20:24:52,811 - scraper_base - INFO - ✅ Petz: 12 produto(s) encontrado(s) para Simparic
2026-04-12 20:24:54,042 - scraper_base - INFO - 📦 [2/20] Processando Revolution
2026-04-12 20:24:54,043 - scraper_base - INFO - 🔍 Petz: Buscando Revolution
2026-04-12 20:24:56,904 - scraper_base - INFO - ✅ Petz: 21 produto(s) encontrado(s) para Revolution
2026-04-12 20:24:59,296 - scraper_base - INFO - 📦 [3/20] Processando NexGard
2026-04-12 20:24:59,296 - scraper_base - INFO - 🔍 Petz: Buscando NexGard
2026-04-12 20:25:01,368 - scraper_base - INFO - ✅ Petz: 22 produto(s) encontrado(s) para NexGard
2026-04-12 20:25:03,465 - scraper_base - INFO - 📦 [4/20] Processando NexGard Spectra
2026-04-12 20:25:03,465 - scraper_base - INFO - 🔍 Petz: Buscando NexGard Spectra
2026-04-12 20:25:05,751 - scraper_base - INFO - ✅ Petz: 10 produto(s) encontrado(s) para NexGard Spectra
2026-04-12 20:25:07,524 - scraper_base - INFO - 📦 [5/20] Processando NexGard Combo
2026-04-12 20:25:07,524 - scraper_base - INFO - 🔍 Petz: Buscando NexGard Combo
2026-04-12 20:25:09,327 - scraper_base - INFO - ✅ Petz: 4 produto(s) encontrado(s) para NexGard Combo
2026-04-12 20:25:11,629 - scraper_base - INFO - 📦 [6/20] Processando Bravecto
2026-04-12 20:25:11,629 - scraper_base - INFO - 🔍 Petz: Buscando Bravecto
2026-04-12 20:25:13,833 - scraper_base - INFO - ✅ Petz: 16 produto(s) encontrado(s) para Bravecto
2026-04-12 20:25:15,119 - scraper_base - INFO - 📦 [7/20] Processando Frontline
2026-04-12 20:25:15,120 - scraper_base - INFO - 🔍 Petz: Buscando Frontline
2026-04-12 20:25:16,910 - scraper_base - INFO - ✅ Petz: 11 produto(s) encontrado(s) para Frontline
2026-04-12 20:25:18,749 - scraper_base - INFO - 📦 [8/20] Processando Advocate
2026-04-12 20:25:18,749 - scraper_base - INFO - 🔍 Petz: Buscando Advocate
2026-04-12 20:25:20,874 - scraper_base - INFO - ✅ Petz: 12 produto(s) encontrado(s) para Advocate
2026-04-12 20:25:23,412 - scraper_base - INFO - 📦 [9/20] Processando Drontal
2026-04-12 20:25:23,412 - scraper_base - INFO - 🔍 Petz: Buscando Drontal
2026-04-12 20:25:26,153 - scraper_base - INFO - ✅ Petz: 28 produto(s) encontrado(s) para Drontal
2026-04-12 20:25:27,367 - scraper_base - INFO - 📦 [10/20] Processando Milbemax
2026-04-12 20:25:27,367 - scraper_base - INFO - 🔍 Petz: Buscando Milbemax
2026-04-12 20:25:29,262 - scraper_base - INFO - ✅ Petz: 4 produto(s) encontrado(s) para Milbemax
2026-04-12 20:25:31,617 - scraper_base - INFO - 📦 [11/20] Processando Vermivet
2026-04-12 20:25:31,618 - scraper_base - INFO - 🔍 Petz: Buscando Vermivet
2026-04-12 20:25:33,286 - scraper_base - INFO - ✅ Petz: 5 produto(s) encontrado(s) para Vermivet
2026-04-12 20:25:34,941 - scraper_base - INFO - 📦 [12/20] Processando Rimadyl
2026-04-12 20:25:34,941 - scraper_base - INFO - 🔍 Petz: Buscando Rimadyl
2026-04-12 20:25:36,758 - scraper_base - INFO - ✅ Petz: 3 produto(s) encontrado(s) para Rimadyl
2026-04-12 20:25:38,761 - scraper_base - INFO - 📦 [13/20] Processando Onsior
2026-04-12 20:25:38,761 - scraper_base - INFO - 🔍 Petz: Buscando Onsior
2026-04-12 20:25:40,488 - scraper_base - INFO - ✅ Petz: 4 produto(s) encontrado(s) para Onsior
2026-04-12 20:25:41,969 - scraper_base - INFO - 📦 [14/20] Processando Maxicam
2026-04-12 20:25:41,969 - scraper_base - INFO - 🔍 Petz: Buscando Maxicam
2026-04-12 20:25:44,545 - scraper_base - INFO - ✅ Petz: 29 produto(s) encontrado(s) para Maxicam
2026-04-12 20:25:46,240 - scraper_base - INFO - 📦 [15/20] Processando Carproflan
2026-04-12 20:25:46,241 - scraper_base - INFO - 🔍 Petz: Buscando Carproflan
2026-04-12 20:25:47,928 - scraper_base - INFO - ✅ Petz: 3 produto(s) encontrado(s) para Carproflan
2026-04-12 20:25:50,539 - scraper_base - INFO - 📦 [16/20] Processando Previcox
2026-04-12 20:25:50,539 - scraper_base - INFO - 🔍 Petz: Buscando Previcox
2026-04-12 20:25:52,571 - scraper_base - INFO - ✅ Petz: 2 produto(s) encontrado(s) para Previcox
2026-04-12 20:25:53,663 - scraper_base - INFO - 📦 [17/20] Processando Apoquel
2026-04-12 20:25:53,663 - scraper_base - INFO - 🔍 Petz: Buscando Apoquel
2026-04-12 20:25:55,279 - scraper_base - INFO - ✅ Petz: 3 produto(s) encontrado(s) para Apoquel
2026-04-12 20:25:57,998 - scraper_base - INFO - 📦 [18/20] Processando Zenrelia
2026-04-12 20:25:57,998 - scraper_base - INFO - 🔍 Petz: Buscando Zenrelia
2026-04-12 20:25:59,851 - scraper_base - INFO - ✅ Petz: 4 produto(s) encontrado(s) para Zenrelia
2026-04-12 20:26:01,940 - scraper_base - INFO - 📦 [19/20] Processando Synulox
2026-04-12 20:26:01,940 - scraper_base - INFO - 🔍 Petz: Buscando Synulox
2026-04-12 20:26:04,709 - scraper_base - INFO - ✅ Petz: 2 produto(s) encontrado(s) para Synulox
2026-04-12 20:26:06,916 - scraper_base - INFO - 📦 [20/20] Processando Baytril
2026-04-12 20:26:06,916 - scraper_base - INFO - 🔍 Petz: Buscando Baytril
2026-04-12 20:26:08,772 - scraper_base - INFO - ✅ Petz: 9 produto(s) encontrado(s) para Baytril
2026-04-12 20:26:10,107 - scraper_base - INFO - 📊 Petz - Estatísticas finais:
2026-04-12 20:26:10,107 - scraper_base - INFO -    • Medicamentos processados: 20
2026-04-12 20:26:10,107 - scraper_base - INFO -    • Produtos encontrados: 204
2026-04-12 20:26:10,107 - scraper_base - INFO -    • Medicamentos sem resultado: 0
2026-04-12 20:26:10,107 - scraper_base - INFO -    • Tempo total: 81.4s
2026-04-12 20:26:10,108 - scraper_base - INFO -    • Tempo médio por medicamento: 4.1s
2026-04-12 20:26:10,230 - gerenciador_arquivos - INFO - Excel salvo: dados_coletados/petz_20260412_202610.xlsx (204 produtos)
2026-04-12 20:26:10,231 - gerenciador_principal - INFO - Petz: Arquivo individual salvo com sucesso
2026-04-12 20:26:10,231 - gerenciador_principal - INFO - Gerando relatório consolidado...
2026-04-12 20:26:10,450 - gerenciador_arquivos - INFO - Relatório consolidado salvo: dados_relatorios/relatorio_consolidado_20260412_202610.xlsx
2026-04-12 20:26:10,583 - gerenciador_conexoes - INFO - Chrome fechado
2026-04-12 20:26:10,583 - gerenciador_conexoes - INFO - Métodos utilizados - Requests: 33.3%, Selenium: 66.7%, Falhas: 0.0%
2026-04-12 20:26:10,583 - gerenciador_principal - INFO - ============================================================
2026-04-12 20:26:10,584 - gerenciador_principal - INFO - RELATORIO FINAL DE EXECUÇÃO
2026-04-12 20:26:10,584 - gerenciador_principal - INFO - ============================================================
2026-04-12 20:26:10,584 - gerenciador_principal - INFO - Sites processados: 3
2026-04-12 20:26:10,584 - gerenciador_principal - INFO - Sites com sucesso: 3
2026-04-12 20:26:10,584 - gerenciador_principal - INFO - Total de produtos coletados: 617
2026-04-12 20:26:10,584 - gerenciador_principal - INFO - Tempo total de execução: 285.6 segundos
2026-04-12 20:26:10,584 - gerenciador_principal - INFO - Estatísticas de conexão:
2026-04-12 20:26:10,585 - gerenciador_principal - INFO -   - Requests bem-sucedidos: 33.3%
2026-04-12 20:26:10,585 - gerenciador_principal - INFO -   - Selenium fallback: 66.7%
2026-04-12 20:26:10,585 - gerenciador_principal - INFO -   - Falhas totais: 0.0%
2026-04-12 20:26:10,587 - gerenciador_principal - INFO - Arquivos salvos na pasta: dados_coletados
2026-04-12 20:26:10,587 - gerenciador_principal - INFO - Total de arquivos: 572
2026-04-12 20:26:10,588 - gerenciador_principal - INFO - ============================================================
