2026-05-20 21:27:13,776 - configurador_logs - INFO - Sistema de logs configurado com sucesso
2026-05-20 21:27:13,776 - configurador_logs - INFO - 🚀 Logs configurados para MODO PRODUÇÃO
2026-05-20 21:27:13,776 - gerenciador_principal - INFO - Inicializando sistema - Modo: PRODUCAO
2026-05-20 21:27:13,776 - gerenciador_arquivos - INFO - Pasta dados_coletados preparada
2026-05-20 21:27:13,776 - gerenciador_principal - INFO - Sistema inicializado com 3 scrapers
2026-05-20 21:27:13,776 - gerenciador_principal - INFO - ============================================================
2026-05-20 21:27:13,776 - gerenciador_principal - INFO - INICIANDO SCRAPING COMPLETO - PRODUCAO
2026-05-20 21:27:13,777 - gerenciador_principal - INFO - ============================================================
2026-05-20 21:27:13,777 - gerenciador_principal - INFO - [1/3] Processando Cobasi
2026-05-20 21:27:13,777 - scraper_base - INFO - 🚀 Iniciando scraping completo - Cobasi
2026-05-20 21:27:14,347 - gerenciador_conexoes - INFO - Sessao estabelecida com cobasi.com.br
2026-05-20 21:27:14,347 - scraper_base - INFO - 📋 20 medicamentos para processar
2026-05-20 21:27:14,347 - scraper_base - INFO - 📦 [1/20] Processando Simparic
2026-05-20 21:27:14,347 - scraper_base - INFO - 🔍 Cobasi: Buscando Simparic
2026-05-20 21:27:18,148 - scraper_cobasi - INFO - Cobasi: Dados extraídos via JSON para Simparic
2026-05-20 21:27:18,148 - scraper_base - INFO - ✅ Cobasi: 23 produto(s) encontrado(s) para Simparic
2026-05-20 21:27:20,991 - scraper_base - INFO - 📦 [2/20] Processando Revolution
2026-05-20 21:27:20,991 - scraper_base - INFO - 🔍 Cobasi: Buscando Revolution
2026-05-20 21:27:24,910 - scraper_cobasi - INFO - Cobasi: Dados extraídos via JSON para Revolution
2026-05-20 21:27:24,910 - scraper_base - INFO - ✅ Cobasi: 18 produto(s) encontrado(s) para Revolution
2026-05-20 21:27:26,165 - scraper_base - INFO - 📦 [3/20] Processando NexGard
2026-05-20 21:27:26,166 - scraper_base - INFO - 🔍 Cobasi: Buscando NexGard
2026-05-20 21:27:30,488 - scraper_cobasi - INFO - Cobasi: Dados extraídos via JSON para NexGard
2026-05-20 21:27:30,488 - scraper_base - INFO - ✅ Cobasi: 22 produto(s) encontrado(s) para NexGard
2026-05-20 21:27:32,105 - scraper_base - INFO - 📦 [4/20] Processando NexGard Spectra
2026-05-20 21:27:32,105 - scraper_base - INFO - 🔍 Cobasi: Buscando NexGard Spectra
2026-05-20 21:27:35,625 - scraper_cobasi - INFO - Cobasi: Dados extraídos via JSON para NexGard Spectra
2026-05-20 21:27:35,625 - scraper_base - INFO - ✅ Cobasi: 10 produto(s) encontrado(s) para NexGard Spectra
2026-05-20 21:27:37,484 - scraper_base - INFO - 📦 [5/20] Processando NexGard Combo
2026-05-20 21:27:37,484 - scraper_base - INFO - 🔍 Cobasi: Buscando NexGard Combo
2026-05-20 21:27:40,352 - scraper_cobasi - INFO - Cobasi: Dados extraídos via JSON para NexGard Combo
2026-05-20 21:27:40,352 - scraper_base - INFO - ✅ Cobasi: 4 produto(s) encontrado(s) para NexGard Combo
2026-05-20 21:27:42,868 - scraper_base - INFO - 📦 [6/20] Processando Bravecto
2026-05-20 21:27:42,868 - scraper_base - INFO - 🔍 Cobasi: Buscando Bravecto
2026-05-20 21:27:46,816 - scraper_cobasi - INFO - Cobasi: Dados extraídos via JSON para Bravecto
2026-05-20 21:27:46,816 - scraper_base - INFO - ✅ Cobasi: 16 produto(s) encontrado(s) para Bravecto
2026-05-20 21:27:49,603 - scraper_base - INFO - 📦 [7/20] Processando Frontline
2026-05-20 21:27:49,603 - scraper_base - INFO - 🔍 Cobasi: Buscando Frontline
2026-05-20 21:27:53,473 - scraper_cobasi - INFO - Cobasi: Dados extraídos via JSON para Frontline
2026-05-20 21:27:53,473 - scraper_base - INFO - ✅ Cobasi: 11 produto(s) encontrado(s) para Frontline
2026-05-20 21:27:55,322 - scraper_base - INFO - 📦 [8/20] Processando Advocate
2026-05-20 21:27:55,322 - scraper_base - INFO - 🔍 Cobasi: Buscando Advocate
2026-05-20 21:27:58,905 - scraper_cobasi - INFO - Cobasi: Dados extraídos via JSON para Advocate
2026-05-20 21:27:58,905 - scraper_base - INFO - ✅ Cobasi: 12 produto(s) encontrado(s) para Advocate
2026-05-20 21:28:01,676 - scraper_base - INFO - 📦 [9/20] Processando Drontal
2026-05-20 21:28:01,676 - scraper_base - INFO - 🔍 Cobasi: Buscando Drontal
2026-05-20 21:28:04,654 - scraper_cobasi - INFO - Cobasi: Dados extraídos via JSON para Drontal
2026-05-20 21:28:04,654 - scraper_base - INFO - ✅ Cobasi: 8 produto(s) encontrado(s) para Drontal
2026-05-20 21:28:06,480 - scraper_base - INFO - 📦 [10/20] Processando Milbemax
2026-05-20 21:28:06,480 - scraper_base - INFO - 🔍 Cobasi: Buscando Milbemax
2026-05-20 21:28:09,410 - scraper_cobasi - INFO - Cobasi: Dados extraídos via JSON para Milbemax
2026-05-20 21:28:09,410 - scraper_base - INFO - ✅ Cobasi: 4 produto(s) encontrado(s) para Milbemax
2026-05-20 21:28:10,683 - scraper_base - INFO - 📦 [11/20] Processando Vermivet
2026-05-20 21:28:10,683 - scraper_base - INFO - 🔍 Cobasi: Buscando Vermivet
2026-05-20 21:28:13,865 - scraper_cobasi - INFO - Cobasi: Dados extraídos via JSON para Vermivet
2026-05-20 21:28:13,865 - scraper_base - INFO - ✅ Cobasi: 5 produto(s) encontrado(s) para Vermivet
2026-05-20 21:28:16,762 - scraper_base - INFO - 📦 [12/20] Processando Rimadyl
2026-05-20 21:28:16,762 - scraper_base - INFO - 🔍 Cobasi: Buscando Rimadyl
2026-05-20 21:28:19,375 - scraper_cobasi - INFO - Cobasi: Dados extraídos via JSON para Rimadyl
2026-05-20 21:28:19,375 - scraper_base - INFO - ✅ Cobasi: 3 produto(s) encontrado(s) para Rimadyl
2026-05-20 21:28:21,221 - scraper_base - INFO - 📦 [13/20] Processando Onsior
2026-05-20 21:28:21,221 - scraper_base - INFO - 🔍 Cobasi: Buscando Onsior
2026-05-20 21:28:26,772 - scraper_cobasi - INFO - Cobasi: Dados extraídos via JSON para Onsior
2026-05-20 21:28:26,773 - scraper_base - INFO - ✅ Cobasi: 4 produto(s) encontrado(s) para Onsior
2026-05-20 21:28:28,445 - scraper_base - INFO - 📦 [14/20] Processando Maxicam
2026-05-20 21:28:28,445 - scraper_base - INFO - 🔍 Cobasi: Buscando Maxicam
2026-05-20 21:28:31,071 - scraper_cobasi - INFO - Cobasi: Dados extraídos via JSON para Maxicam
2026-05-20 21:28:31,072 - scraper_base - INFO - ✅ Cobasi: 3 produto(s) encontrado(s) para Maxicam
2026-05-20 21:28:33,429 - scraper_base - INFO - 📦 [15/20] Processando Carproflan
2026-05-20 21:28:33,429 - scraper_base - INFO - 🔍 Cobasi: Buscando Carproflan
2026-05-20 21:28:36,206 - scraper_cobasi - INFO - Cobasi: Dados extraídos via JSON para Carproflan
2026-05-20 21:28:36,206 - scraper_base - INFO - ✅ Cobasi: 3 produto(s) encontrado(s) para Carproflan
2026-05-20 21:28:37,386 - scraper_base - INFO - 📦 [16/20] Processando Previcox
2026-05-20 21:28:37,386 - scraper_base - INFO - 🔍 Cobasi: Buscando Previcox
2026-05-20 21:28:40,166 - scraper_cobasi - INFO - Cobasi: Dados extraídos via JSON para Previcox
2026-05-20 21:28:40,166 - scraper_base - INFO - ✅ Cobasi: 2 produto(s) encontrado(s) para Previcox
2026-05-20 21:28:41,281 - scraper_base - INFO - 📦 [17/20] Processando Apoquel
2026-05-20 21:28:41,281 - scraper_base - INFO - 🔍 Cobasi: Buscando Apoquel
2026-05-20 21:28:44,436 - scraper_cobasi - INFO - Cobasi: Dados extraídos via JSON para Apoquel
2026-05-20 21:28:44,436 - scraper_base - INFO - ✅ Cobasi: 3 produto(s) encontrado(s) para Apoquel
2026-05-20 21:28:45,840 - scraper_base - INFO - 📦 [18/20] Processando Zenrelia
2026-05-20 21:28:45,840 - scraper_base - INFO - 🔍 Cobasi: Buscando Zenrelia
2026-05-20 21:28:48,595 - scraper_cobasi - INFO - Cobasi: Dados extraídos via JSON para Zenrelia
2026-05-20 21:28:48,596 - scraper_base - INFO - ✅ Cobasi: 4 produto(s) encontrado(s) para Zenrelia
2026-05-20 21:28:50,092 - scraper_base - INFO - 📦 [19/20] Processando Synulox
2026-05-20 21:28:50,092 - scraper_base - INFO - 🔍 Cobasi: Buscando Synulox
2026-05-20 21:28:52,660 - scraper_cobasi - INFO - Cobasi: Dados extraídos via JSON para Synulox
2026-05-20 21:28:52,660 - scraper_base - INFO - ✅ Cobasi: 2 produto(s) encontrado(s) para Synulox
2026-05-20 21:28:53,803 - scraper_base - INFO - 📦 [20/20] Processando Baytril
2026-05-20 21:28:53,803 - scraper_base - INFO - 🔍 Cobasi: Buscando Baytril
2026-05-20 21:28:56,283 - scraper_cobasi - INFO - Cobasi: Dados extraídos via JSON para Baytril
2026-05-20 21:28:56,283 - scraper_base - INFO - ✅ Cobasi: 2 produto(s) encontrado(s) para Baytril
2026-05-20 21:28:59,193 - scraper_base - INFO - 📊 Cobasi - Estatísticas finais:
2026-05-20 21:28:59,193 - scraper_base - INFO -    • Medicamentos processados: 20
2026-05-20 21:28:59,193 - scraper_base - INFO -    • Produtos encontrados: 159
2026-05-20 21:28:59,193 - scraper_base - INFO -    • Medicamentos sem resultado: 0
2026-05-20 21:28:59,193 - scraper_base - INFO -    • Tempo total: 105.4s
2026-05-20 21:28:59,193 - scraper_base - INFO -    • Tempo médio por medicamento: 5.3s
2026-05-20 21:28:59,357 - gerenciador_arquivos - INFO - Excel salvo: dados_coletados/cobasi_20260520_212859.xlsx (159 produtos)
2026-05-20 21:28:59,358 - gerenciador_principal - INFO - Cobasi: Arquivo individual salvo com sucesso
2026-05-20 21:28:59,358 - gerenciador_principal - INFO - Pausando entre sites...
2026-05-20 21:29:01,358 - gerenciador_principal - INFO - [2/3] Processando Petlove
2026-05-20 21:29:01,358 - scraper_base - INFO - 🚀 Iniciando scraping completo - Petlove
2026-05-20 21:29:01,593 - gerenciador_conexoes - INFO - Sessao estabelecida com petlove.com.br
2026-05-20 21:29:01,593 - scraper_base - INFO - 📋 20 medicamentos para processar
2026-05-20 21:29:01,593 - scraper_base - INFO - 📦 [1/20] Processando Simparic
2026-05-20 21:29:01,593 - scraper_base - INFO - 🔍 Petlove: Buscando Simparic
2026-05-20 21:29:02,417 - scraper_base - INFO - ✅ Petlove: 36 produto(s) encontrado(s) para Simparic
2026-05-20 21:29:04,975 - scraper_base - INFO - 📦 [2/20] Processando Revolution
2026-05-20 21:29:04,975 - scraper_base - INFO - 🔍 Petlove: Buscando Revolution
2026-05-20 21:29:05,822 - scraper_base - INFO - ✅ Petlove: 20 produto(s) encontrado(s) para Revolution
2026-05-20 21:29:07,556 - scraper_base - INFO - 📦 [3/20] Processando NexGard
2026-05-20 21:29:07,556 - scraper_base - INFO - 🔍 Petlove: Buscando NexGard
2026-05-20 21:29:08,187 - scraper_base - INFO - ✅ Petlove: 11 produto(s) encontrado(s) para NexGard
2026-05-20 21:29:10,695 - scraper_base - INFO - 📦 [4/20] Processando NexGard Spectra
2026-05-20 21:29:10,695 - scraper_base - INFO - 🔍 Petlove: Buscando NexGard Spectra
2026-05-20 21:29:11,288 - scraper_base - INFO - ✅ Petlove: 5 produto(s) encontrado(s) para NexGard Spectra
2026-05-20 21:29:13,672 - scraper_base - INFO - 📦 [5/20] Processando NexGard Combo
2026-05-20 21:29:13,673 - scraper_base - INFO - 🔍 Petlove: Buscando NexGard Combo
2026-05-20 21:29:14,493 - scraper_base - INFO - ✅ Petlove: 2 produto(s) encontrado(s) para NexGard Combo
2026-05-20 21:29:15,856 - scraper_base - INFO - 📦 [6/20] Processando Bravecto
2026-05-20 21:29:15,856 - scraper_base - INFO - 🔍 Petlove: Buscando Bravecto
2026-05-20 21:29:16,847 - scraper_base - INFO - ✅ Petlove: 22 produto(s) encontrado(s) para Bravecto
2026-05-20 21:29:18,028 - scraper_base - INFO - 📦 [7/20] Processando Frontline
2026-05-20 21:29:18,028 - scraper_base - INFO - 🔍 Petlove: Buscando Frontline
2026-05-20 21:29:19,032 - scraper_base - INFO - ✅ Petlove: 11 produto(s) encontrado(s) para Frontline
2026-05-20 21:29:20,893 - scraper_base - INFO - 📦 [8/20] Processando Advocate
2026-05-20 21:29:20,893 - scraper_base - INFO - 🔍 Petlove: Buscando Advocate
2026-05-20 21:29:21,524 - scraper_base - INFO - ✅ Petlove: 9 produto(s) encontrado(s) para Advocate
2026-05-20 21:29:23,066 - scraper_base - INFO - 📦 [9/20] Processando Drontal
2026-05-20 21:29:23,066 - scraper_base - INFO - 🔍 Petlove: Buscando Drontal
2026-05-20 21:29:24,067 - scraper_base - INFO - ✅ Petlove: 36 produto(s) encontrado(s) para Drontal
2026-05-20 21:29:25,151 - scraper_base - INFO - 📦 [10/20] Processando Milbemax
2026-05-20 21:29:25,151 - scraper_base - INFO - 🔍 Petlove: Buscando Milbemax
2026-05-20 21:29:25,839 - scraper_base - INFO - ✅ Petlove: 14 produto(s) encontrado(s) para Milbemax
2026-05-20 21:29:28,595 - scraper_base - INFO - 📦 [11/20] Processando Vermivet
2026-05-20 21:29:28,595 - scraper_base - INFO - 🔍 Petlove: Buscando Vermivet
2026-05-20 21:29:29,310 - scraper_base - INFO - ✅ Petlove: 36 produto(s) encontrado(s) para Vermivet
2026-05-20 21:29:31,364 - scraper_base - INFO - 📦 [12/20] Processando Rimadyl
2026-05-20 21:29:31,365 - scraper_base - INFO - 🔍 Petlove: Buscando Rimadyl
2026-05-20 21:29:31,961 - scraper_base - INFO - ✅ Petlove: 1 produto(s) encontrado(s) para Rimadyl
2026-05-20 21:29:33,902 - scraper_base - INFO - 📦 [13/20] Processando Onsior
2026-05-20 21:29:33,902 - scraper_base - INFO - 🔍 Petlove: Buscando Onsior
2026-05-20 21:29:34,533 - scraper_base - INFO - ✅ Petlove: 4 produto(s) encontrado(s) para Onsior
2026-05-20 21:29:35,784 - scraper_base - INFO - 📦 [14/20] Processando Maxicam
2026-05-20 21:29:35,785 - scraper_base - INFO - 🔍 Petlove: Buscando Maxicam
2026-05-20 21:29:36,663 - scraper_base - INFO - ✅ Petlove: 3 produto(s) encontrado(s) para Maxicam
2026-05-20 21:29:38,460 - scraper_base - INFO - 📦 [15/20] Processando Carproflan
2026-05-20 21:29:38,460 - scraper_base - INFO - 🔍 Petlove: Buscando Carproflan
2026-05-20 21:29:39,300 - scraper_base - INFO - ✅ Petlove: 8 produto(s) encontrado(s) para Carproflan
2026-05-20 21:29:40,369 - scraper_base - INFO - 📦 [16/20] Processando Previcox
2026-05-20 21:29:40,369 - scraper_base - INFO - 🔍 Petlove: Buscando Previcox
2026-05-20 21:29:41,030 - scraper_base - INFO - ✅ Petlove: 4 produto(s) encontrado(s) para Previcox
2026-05-20 21:29:43,004 - scraper_base - INFO - 📦 [17/20] Processando Apoquel
2026-05-20 21:29:43,004 - scraper_base - INFO - 🔍 Petlove: Buscando Apoquel
2026-05-20 21:29:43,652 - scraper_base - INFO - ✅ Petlove: 16 produto(s) encontrado(s) para Apoquel
2026-05-20 21:29:46,248 - scraper_base - INFO - 📦 [18/20] Processando Zenrelia
2026-05-20 21:29:46,248 - scraper_base - INFO - 🔍 Petlove: Buscando Zenrelia
2026-05-20 21:29:46,921 - scraper_base - INFO - ✅ Petlove: 4 produto(s) encontrado(s) para Zenrelia
2026-05-20 21:29:47,921 - scraper_base - INFO - 📦 [19/20] Processando Synulox
2026-05-20 21:29:47,921 - scraper_base - INFO - 🔍 Petlove: Buscando Synulox
2026-05-20 21:29:48,524 - scraper_base - INFO - ✅ Petlove: 1 produto(s) encontrado(s) para Synulox
2026-05-20 21:29:50,158 - scraper_base - INFO - 📦 [20/20] Processando Baytril
2026-05-20 21:29:50,158 - scraper_base - INFO - 🔍 Petlove: Buscando Baytril
2026-05-20 21:29:50,720 - scraper_base - INFO - ✅ Petlove: 6 produto(s) encontrado(s) para Baytril
2026-05-20 21:29:53,249 - scraper_base - INFO - 📊 Petlove - Estatísticas finais:
2026-05-20 21:29:53,249 - scraper_base - INFO -    • Medicamentos processados: 20
2026-05-20 21:29:53,249 - scraper_base - INFO -    • Produtos encontrados: 249
2026-05-20 21:29:53,249 - scraper_base - INFO -    • Medicamentos sem resultado: 0
2026-05-20 21:29:53,249 - scraper_base - INFO -    • Tempo total: 51.9s
2026-05-20 21:29:53,249 - scraper_base - INFO -    • Tempo médio por medicamento: 2.6s
2026-05-20 21:29:53,297 - gerenciador_arquivos - INFO - Excel salvo: dados_coletados/petlove_20260520_212953.xlsx (249 produtos)
2026-05-20 21:29:53,297 - gerenciador_principal - INFO - Petlove: Arquivo individual salvo com sucesso
2026-05-20 21:29:53,297 - gerenciador_principal - INFO - Pausando entre sites...
2026-05-20 21:29:55,297 - gerenciador_principal - INFO - [3/3] Processando Petz
2026-05-20 21:29:55,297 - scraper_base - INFO - 🚀 Iniciando scraping completo - Petz
2026-05-20 21:29:55,604 - scraper_base - INFO - 📋 20 medicamentos para processar
2026-05-20 21:29:55,605 - scraper_base - INFO - 📦 [1/20] Processando Simparic
2026-05-20 21:29:55,605 - scraper_base - INFO - 🔍 Petz: Buscando Simparic
2026-05-20 21:30:05,798 - gerenciador_conexoes - INFO - Chrome inicializado com otimizacoes de velocidade
2026-05-20 21:30:11,495 - scraper_base - INFO - ✅ Petz: 24 produto(s) encontrado(s) para Simparic
2026-05-20 21:30:13,984 - scraper_base - INFO - 📦 [2/20] Processando Revolution
2026-05-20 21:30:13,985 - scraper_base - INFO - 🔍 Petz: Buscando Revolution
2026-05-20 21:30:19,426 - scraper_base - INFO - ✅ Petz: 21 produto(s) encontrado(s) para Revolution
2026-05-20 21:30:20,508 - scraper_base - INFO - 📦 [3/20] Processando NexGard
2026-05-20 21:30:20,508 - scraper_base - INFO - 🔍 Petz: Buscando NexGard
2026-05-20 21:30:23,209 - scraper_base - INFO - ✅ Petz: 22 produto(s) encontrado(s) para NexGard
2026-05-20 21:30:25,756 - scraper_base - INFO - 📦 [4/20] Processando NexGard Spectra
2026-05-20 21:30:25,757 - scraper_base - INFO - 🔍 Petz: Buscando NexGard Spectra
2026-05-20 21:30:28,273 - scraper_base - INFO - ✅ Petz: 10 produto(s) encontrado(s) para NexGard Spectra
2026-05-20 21:30:29,434 - scraper_base - INFO - 📦 [5/20] Processando NexGard Combo
2026-05-20 21:30:29,434 - scraper_base - INFO - 🔍 Petz: Buscando NexGard Combo
2026-05-20 21:30:31,192 - scraper_base - INFO - ✅ Petz: 4 produto(s) encontrado(s) para NexGard Combo
2026-05-20 21:30:33,410 - scraper_base - INFO - 📦 [6/20] Processando Bravecto
2026-05-20 21:30:33,410 - scraper_base - INFO - 🔍 Petz: Buscando Bravecto
2026-05-20 21:30:35,851 - scraper_base - INFO - ✅ Petz: 16 produto(s) encontrado(s) para Bravecto
2026-05-20 21:30:38,221 - scraper_base - INFO - 📦 [7/20] Processando Frontline
2026-05-20 21:30:38,222 - scraper_base - INFO - 🔍 Petz: Buscando Frontline
2026-05-20 21:30:40,159 - scraper_base - INFO - ✅ Petz: 11 produto(s) encontrado(s) para Frontline
2026-05-20 21:30:41,233 - scraper_base - INFO - 📦 [8/20] Processando Advocate
2026-05-20 21:30:41,233 - scraper_base - INFO - 🔍 Petz: Buscando Advocate
2026-05-20 21:30:44,897 - scraper_base - INFO - ✅ Petz: 12 produto(s) encontrado(s) para Advocate
2026-05-20 21:30:46,440 - scraper_base - INFO - 📦 [9/20] Processando Drontal
2026-05-20 21:30:46,441 - scraper_base - INFO - 🔍 Petz: Buscando Drontal
2026-05-20 21:30:50,236 - scraper_base - INFO - ✅ Petz: 32 produto(s) encontrado(s) para Drontal
2026-05-20 21:30:51,572 - scraper_base - INFO - 📦 [10/20] Processando Milbemax
2026-05-20 21:30:51,572 - scraper_base - INFO - 🔍 Petz: Buscando Milbemax
2026-05-20 21:30:53,283 - scraper_base - INFO - ✅ Petz: 4 produto(s) encontrado(s) para Milbemax
2026-05-20 21:30:56,238 - scraper_base - INFO - 📦 [11/20] Processando Vermivet
2026-05-20 21:30:56,239 - scraper_base - INFO - 🔍 Petz: Buscando Vermivet
2026-05-20 21:30:57,886 - scraper_base - INFO - ✅ Petz: 5 produto(s) encontrado(s) para Vermivet
2026-05-20 21:31:00,869 - scraper_base - INFO - 📦 [12/20] Processando Rimadyl
2026-05-20 21:31:00,869 - scraper_base - INFO - 🔍 Petz: Buscando Rimadyl
2026-05-20 21:31:02,651 - scraper_base - INFO - ✅ Petz: 3 produto(s) encontrado(s) para Rimadyl
2026-05-20 21:31:04,967 - scraper_base - INFO - 📦 [13/20] Processando Onsior
2026-05-20 21:31:04,967 - scraper_base - INFO - 🔍 Petz: Buscando Onsior
2026-05-20 21:31:06,901 - scraper_base - INFO - ✅ Petz: 4 produto(s) encontrado(s) para Onsior
2026-05-20 21:31:09,461 - scraper_base - INFO - 📦 [14/20] Processando Maxicam
2026-05-20 21:31:09,461 - scraper_base - INFO - 🔍 Petz: Buscando Maxicam
2026-05-20 21:31:12,346 - scraper_base - INFO - ✅ Petz: 30 produto(s) encontrado(s) para Maxicam
2026-05-20 21:31:15,329 - scraper_base - INFO - 📦 [15/20] Processando Carproflan
2026-05-20 21:31:15,329 - scraper_base - INFO - 🔍 Petz: Buscando Carproflan
2026-05-20 21:31:16,980 - scraper_base - INFO - ✅ Petz: 3 produto(s) encontrado(s) para Carproflan
2026-05-20 21:31:18,654 - scraper_base - INFO - 📦 [16/20] Processando Previcox
2026-05-20 21:31:18,654 - scraper_base - INFO - 🔍 Petz: Buscando Previcox
2026-05-20 21:31:20,348 - scraper_base - INFO - ✅ Petz: 2 produto(s) encontrado(s) para Previcox
2026-05-20 21:31:21,839 - scraper_base - INFO - 📦 [17/20] Processando Apoquel
2026-05-20 21:31:21,839 - scraper_base - INFO - 🔍 Petz: Buscando Apoquel
2026-05-20 21:31:23,672 - scraper_base - INFO - ✅ Petz: 3 produto(s) encontrado(s) para Apoquel
2026-05-20 21:31:25,052 - scraper_base - INFO - 📦 [18/20] Processando Zenrelia
2026-05-20 21:31:25,052 - scraper_base - INFO - 🔍 Petz: Buscando Zenrelia
2026-05-20 21:31:26,622 - scraper_base - INFO - ✅ Petz: 4 produto(s) encontrado(s) para Zenrelia
2026-05-20 21:31:27,718 - scraper_base - INFO - 📦 [19/20] Processando Synulox
2026-05-20 21:31:27,719 - scraper_base - INFO - 🔍 Petz: Buscando Synulox
2026-05-20 21:31:29,273 - scraper_base - INFO - ✅ Petz: 2 produto(s) encontrado(s) para Synulox
2026-05-20 21:31:32,264 - scraper_base - INFO - 📦 [20/20] Processando Baytril
2026-05-20 21:31:32,265 - scraper_base - INFO - 🔍 Petz: Buscando Baytril
2026-05-20 21:31:34,094 - scraper_base - INFO - ✅ Petz: 9 produto(s) encontrado(s) para Baytril
2026-05-20 21:31:36,332 - scraper_base - INFO - 📊 Petz - Estatísticas finais:
2026-05-20 21:31:36,332 - scraper_base - INFO -    • Medicamentos processados: 20
2026-05-20 21:31:36,332 - scraper_base - INFO -    • Produtos encontrados: 221
2026-05-20 21:31:36,332 - scraper_base - INFO -    • Medicamentos sem resultado: 0
2026-05-20 21:31:36,332 - scraper_base - INFO -    • Tempo total: 101.0s
2026-05-20 21:31:36,332 - scraper_base - INFO -    • Tempo médio por medicamento: 5.1s
2026-05-20 21:31:36,450 - gerenciador_arquivos - INFO - Excel salvo: dados_coletados/petz_20260520_213136.xlsx (221 produtos)
2026-05-20 21:31:36,450 - gerenciador_principal - INFO - Petz: Arquivo individual salvo com sucesso
2026-05-20 21:31:36,450 - gerenciador_principal - INFO - Gerando relatório consolidado...
2026-05-20 21:31:36,665 - gerenciador_arquivos - INFO - Relatório consolidado salvo: dados_relatorios/relatorio_consolidado_20260520_213136.xlsx
2026-05-20 21:31:36,770 - gerenciador_conexoes - INFO - Chrome fechado
2026-05-20 21:31:36,770 - gerenciador_conexoes - INFO - Métodos utilizados - Requests: 66.7%, Selenium: 33.3%, Falhas: 0.0%
2026-05-20 21:31:36,771 - gerenciador_principal - INFO - ============================================================
2026-05-20 21:31:36,771 - gerenciador_principal - INFO - RELATORIO FINAL DE EXECUÇÃO
2026-05-20 21:31:36,771 - gerenciador_principal - INFO - ============================================================
2026-05-20 21:31:36,771 - gerenciador_principal - INFO - Sites processados: 3
2026-05-20 21:31:36,771 - gerenciador_principal - INFO - Sites com sucesso: 3
2026-05-20 21:31:36,771 - gerenciador_principal - INFO - Total de produtos coletados: 629
2026-05-20 21:31:36,771 - gerenciador_principal - INFO - Tempo total de execução: 262.7 segundos
2026-05-20 21:31:36,771 - gerenciador_principal - INFO - Estatísticas de conexão:
2026-05-20 21:31:36,771 - gerenciador_principal - INFO -   - Requests bem-sucedidos: 66.7%
2026-05-20 21:31:36,771 - gerenciador_principal - INFO -   - Selenium fallback: 33.3%
2026-05-20 21:31:36,771 - gerenciador_principal - INFO -   - Falhas totais: 0.0%
2026-05-20 21:31:36,774 - gerenciador_principal - INFO - Arquivos salvos na pasta: dados_coletados
2026-05-20 21:31:36,774 - gerenciador_principal - INFO - Total de arquivos: 680
2026-05-20 21:31:36,774 - gerenciador_principal - INFO - ============================================================
