2026-01-22 20:13:20,368 - configurador_logs - INFO - Sistema de logs configurado com sucesso
2026-01-22 20:13:20,368 - configurador_logs - INFO - 🚀 Logs configurados para MODO PRODUÇÃO
2026-01-22 20:13:20,368 - gerenciador_principal - INFO - Inicializando sistema - Modo: PRODUCAO
2026-01-22 20:13:20,368 - gerenciador_arquivos - INFO - Pasta dados_coletados preparada
2026-01-22 20:13:20,368 - gerenciador_principal - INFO - Sistema inicializado com 3 scrapers
2026-01-22 20:13:20,369 - gerenciador_principal - INFO - ============================================================
2026-01-22 20:13:20,369 - gerenciador_principal - INFO - INICIANDO SCRAPING COMPLETO - PRODUCAO
2026-01-22 20:13:20,369 - gerenciador_principal - INFO - ============================================================
2026-01-22 20:13:20,369 - gerenciador_principal - INFO - [1/3] Processando Cobasi
2026-01-22 20:13:20,369 - scraper_base - INFO - 🚀 Iniciando scraping completo - Cobasi
2026-01-22 20:13:21,876 - gerenciador_conexoes - INFO - Sessao estabelecida com cobasi.com.br
2026-01-22 20:13:21,876 - scraper_base - INFO - 📋 20 medicamentos para processar
2026-01-22 20:13:21,876 - scraper_base - INFO - 📦 [1/20] Processando Simparic
2026-01-22 20:13:21,876 - scraper_base - INFO - 🔍 Cobasi: Buscando Simparic
2026-01-22 20:13:24,825 - scraper_cobasi - INFO - Cobasi: Dados extraídos via JSON para Simparic
2026-01-22 20:13:24,825 - scraper_base - INFO - ✅ Cobasi: 12 produto(s) encontrado(s) para Simparic
2026-01-22 20:13:26,849 - scraper_base - INFO - 📦 [2/20] Processando Revolution
2026-01-22 20:13:26,849 - scraper_base - INFO - 🔍 Cobasi: Buscando Revolution
2026-01-22 20:13:29,066 - scraper_cobasi - INFO - Cobasi: Dados extraídos via JSON para Revolution
2026-01-22 20:13:29,066 - scraper_base - INFO - ✅ Cobasi: 18 produto(s) encontrado(s) para Revolution
2026-01-22 20:13:31,170 - scraper_base - INFO - 📦 [3/20] Processando NexGard
2026-01-22 20:13:31,170 - scraper_base - INFO - 🔍 Cobasi: Buscando NexGard
2026-01-22 20:13:33,977 - scraper_cobasi - INFO - Cobasi: Dados extraídos via JSON para NexGard
2026-01-22 20:13:33,977 - scraper_base - INFO - ✅ Cobasi: 22 produto(s) encontrado(s) para NexGard
2026-01-22 20:13:36,693 - scraper_base - INFO - 📦 [4/20] Processando NexGard Spectra
2026-01-22 20:13:36,693 - scraper_base - INFO - 🔍 Cobasi: Buscando NexGard Spectra
2026-01-22 20:13:38,928 - scraper_cobasi - INFO - Cobasi: Dados extraídos via JSON para NexGard Spectra
2026-01-22 20:13:38,928 - scraper_base - INFO - ✅ Cobasi: 10 produto(s) encontrado(s) para NexGard Spectra
2026-01-22 20:13:41,352 - scraper_base - INFO - 📦 [5/20] Processando NexGard Combo
2026-01-22 20:13:41,353 - scraper_base - INFO - 🔍 Cobasi: Buscando NexGard Combo
2026-01-22 20:13:43,051 - scraper_cobasi - INFO - Cobasi: Dados extraídos via JSON para NexGard Combo
2026-01-22 20:13:43,051 - scraper_base - INFO - ✅ Cobasi: 4 produto(s) encontrado(s) para NexGard Combo
2026-01-22 20:13:44,172 - scraper_base - INFO - 📦 [6/20] Processando Bravecto
2026-01-22 20:13:44,172 - scraper_base - INFO - 🔍 Cobasi: Buscando Bravecto
2026-01-22 20:13:47,565 - scraper_cobasi - INFO - Cobasi: Dados extraídos via JSON para Bravecto
2026-01-22 20:13:47,565 - scraper_base - INFO - ✅ Cobasi: 16 produto(s) encontrado(s) para Bravecto
2026-01-22 20:13:48,640 - scraper_base - INFO - 📦 [7/20] Processando Frontline
2026-01-22 20:13:48,640 - scraper_base - INFO - 🔍 Cobasi: Buscando Frontline
2026-01-22 20:13:51,963 - scraper_cobasi - INFO - Cobasi: Dados extraídos via JSON para Frontline
2026-01-22 20:13:51,963 - scraper_base - INFO - ✅ Cobasi: 10 produto(s) encontrado(s) para Frontline
2026-01-22 20:13:54,775 - scraper_base - INFO - 📦 [8/20] Processando Advocate
2026-01-22 20:13:54,776 - scraper_base - INFO - 🔍 Cobasi: Buscando Advocate
2026-01-22 20:13:57,048 - scraper_cobasi - INFO - Cobasi: Dados extraídos via JSON para Advocate
2026-01-22 20:13:57,048 - scraper_base - INFO - ✅ Cobasi: 12 produto(s) encontrado(s) para Advocate
2026-01-22 20:13:58,156 - scraper_base - INFO - 📦 [9/20] Processando Drontal
2026-01-22 20:13:58,156 - scraper_base - INFO - 🔍 Cobasi: Buscando Drontal
2026-01-22 20:14:01,118 - scraper_cobasi - INFO - Cobasi: Dados extraídos via JSON para Drontal
2026-01-22 20:14:01,118 - scraper_base - INFO - ✅ Cobasi: 8 produto(s) encontrado(s) para Drontal
2026-01-22 20:14:03,094 - scraper_base - INFO - 📦 [10/20] Processando Milbemax
2026-01-22 20:14:03,094 - scraper_base - INFO - 🔍 Cobasi: Buscando Milbemax
2026-01-22 20:14:04,987 - scraper_cobasi - INFO - Cobasi: Dados extraídos via JSON para Milbemax
2026-01-22 20:14:04,987 - scraper_base - INFO - ✅ Cobasi: 4 produto(s) encontrado(s) para Milbemax
2026-01-22 20:14:07,464 - scraper_base - INFO - 📦 [11/20] Processando Vermivet
2026-01-22 20:14:07,465 - scraper_base - INFO - 🔍 Cobasi: Buscando Vermivet
2026-01-22 20:14:09,379 - scraper_cobasi - INFO - Cobasi: Dados extraídos via JSON para Vermivet
2026-01-22 20:14:09,379 - scraper_base - INFO - ✅ Cobasi: 5 produto(s) encontrado(s) para Vermivet
2026-01-22 20:14:12,038 - scraper_base - INFO - 📦 [12/20] Processando Rimadyl
2026-01-22 20:14:12,038 - scraper_base - INFO - 🔍 Cobasi: Buscando Rimadyl
2026-01-22 20:14:13,774 - scraper_cobasi - INFO - Cobasi: Dados extraídos via JSON para Rimadyl
2026-01-22 20:14:13,774 - scraper_base - INFO - ✅ Cobasi: 3 produto(s) encontrado(s) para Rimadyl
2026-01-22 20:14:14,858 - scraper_base - INFO - 📦 [13/20] Processando Onsior
2026-01-22 20:14:14,858 - scraper_base - INFO - 🔍 Cobasi: Buscando Onsior
2026-01-22 20:14:17,048 - scraper_cobasi - INFO - Cobasi: Dados extraídos via JSON para Onsior
2026-01-22 20:14:17,049 - scraper_base - INFO - ✅ Cobasi: 4 produto(s) encontrado(s) para Onsior
2026-01-22 20:14:18,507 - scraper_base - INFO - 📦 [14/20] Processando Maxicam
2026-01-22 20:14:18,508 - scraper_base - INFO - 🔍 Cobasi: Buscando Maxicam
2026-01-22 20:14:21,291 - scraper_cobasi - INFO - Cobasi: Dados extraídos via JSON para Maxicam
2026-01-22 20:14:21,291 - scraper_base - INFO - ✅ Cobasi: 21 produto(s) encontrado(s) para Maxicam
2026-01-22 20:14:22,752 - scraper_base - INFO - 📦 [15/20] Processando Carproflan
2026-01-22 20:14:22,752 - scraper_base - INFO - 🔍 Cobasi: Buscando Carproflan
2026-01-22 20:14:24,441 - scraper_cobasi - INFO - Cobasi: Dados extraídos via JSON para Carproflan
2026-01-22 20:14:24,441 - scraper_base - INFO - ✅ Cobasi: 3 produto(s) encontrado(s) para Carproflan
2026-01-22 20:14:25,961 - scraper_base - INFO - 📦 [16/20] Processando Previcox
2026-01-22 20:14:25,961 - scraper_base - INFO - 🔍 Cobasi: Buscando Previcox
2026-01-22 20:14:27,624 - scraper_cobasi - INFO - Cobasi: Dados extraídos via JSON para Previcox
2026-01-22 20:14:27,624 - scraper_base - INFO - ✅ Cobasi: 2 produto(s) encontrado(s) para Previcox
2026-01-22 20:14:28,875 - scraper_base - INFO - 📦 [17/20] Processando Apoquel
2026-01-22 20:14:28,875 - scraper_base - INFO - 🔍 Cobasi: Buscando Apoquel
2026-01-22 20:14:30,772 - scraper_cobasi - INFO - Cobasi: Dados extraídos via JSON para Apoquel
2026-01-22 20:14:30,772 - scraper_base - INFO - ✅ Cobasi: 3 produto(s) encontrado(s) para Apoquel
2026-01-22 20:14:32,032 - scraper_base - INFO - 📦 [18/20] Processando Zenrelia
2026-01-22 20:14:32,033 - scraper_base - INFO - 🔍 Cobasi: Buscando Zenrelia
2026-01-22 20:14:33,961 - scraper_cobasi - INFO - Cobasi: Dados extraídos via JSON para Zenrelia
2026-01-22 20:14:33,961 - scraper_base - INFO - ✅ Cobasi: 4 produto(s) encontrado(s) para Zenrelia
2026-01-22 20:14:36,141 - scraper_base - INFO - 📦 [19/20] Processando Synulox
2026-01-22 20:14:36,142 - scraper_base - INFO - 🔍 Cobasi: Buscando Synulox
2026-01-22 20:14:37,748 - scraper_cobasi - INFO - Cobasi: Dados extraídos via JSON para Synulox
2026-01-22 20:14:37,748 - scraper_base - INFO - ✅ Cobasi: 2 produto(s) encontrado(s) para Synulox
2026-01-22 20:14:39,679 - scraper_base - INFO - 📦 [20/20] Processando Baytril
2026-01-22 20:14:39,679 - scraper_base - INFO - 🔍 Cobasi: Buscando Baytril
2026-01-22 20:14:42,142 - scraper_cobasi - INFO - Cobasi: Dados extraídos via JSON para Baytril
2026-01-22 20:14:42,142 - scraper_base - INFO - ✅ Cobasi: 4 produto(s) encontrado(s) para Baytril
2026-01-22 20:14:44,376 - scraper_base - INFO - 📊 Cobasi - Estatísticas finais:
2026-01-22 20:14:44,376 - scraper_base - INFO -    • Medicamentos processados: 20
2026-01-22 20:14:44,376 - scraper_base - INFO -    • Produtos encontrados: 167
2026-01-22 20:14:44,376 - scraper_base - INFO -    • Medicamentos sem resultado: 0
2026-01-22 20:14:44,377 - scraper_base - INFO -    • Tempo total: 84.0s
2026-01-22 20:14:44,377 - scraper_base - INFO -    • Tempo médio por medicamento: 4.2s
2026-01-22 20:14:44,559 - gerenciador_arquivos - INFO - Excel salvo: dados_coletados/cobasi_20260122_201444.xlsx (167 produtos)
2026-01-22 20:14:44,559 - gerenciador_principal - INFO - Cobasi: Arquivo individual salvo com sucesso
2026-01-22 20:14:44,559 - gerenciador_principal - INFO - Pausando entre sites...
2026-01-22 20:14:46,559 - gerenciador_principal - INFO - [2/3] Processando Petlove
2026-01-22 20:14:46,559 - scraper_base - INFO - 🚀 Iniciando scraping completo - Petlove
2026-01-22 20:14:46,844 - scraper_base - INFO - 📋 20 medicamentos para processar
2026-01-22 20:14:46,844 - scraper_base - INFO - 📦 [1/20] Processando Simparic
2026-01-22 20:14:46,844 - scraper_base - INFO - 🔍 Petlove: Buscando Simparic
2026-01-22 20:14:55,311 - gerenciador_conexoes - INFO - Chrome inicializado com otimizacoes de velocidade
2026-01-22 20:14:58,566 - scraper_base - INFO - ✅ Petlove: 34 produto(s) encontrado(s) para Simparic
2026-01-22 20:15:01,454 - scraper_base - INFO - 📦 [2/20] Processando Revolution
2026-01-22 20:15:01,454 - scraper_base - INFO - 🔍 Petlove: Buscando Revolution
2026-01-22 20:15:03,260 - scraper_base - INFO - ✅ Petlove: 17 produto(s) encontrado(s) para Revolution
2026-01-22 20:15:05,328 - scraper_base - INFO - 📦 [3/20] Processando NexGard
2026-01-22 20:15:05,328 - scraper_base - INFO - 🔍 Petlove: Buscando NexGard
2026-01-22 20:15:06,989 - scraper_base - INFO - ✅ Petlove: 11 produto(s) encontrado(s) para NexGard
2026-01-22 20:15:09,410 - scraper_base - INFO - 📦 [4/20] Processando NexGard Spectra
2026-01-22 20:15:09,410 - scraper_base - INFO - 🔍 Petlove: Buscando NexGard Spectra
2026-01-22 20:15:10,909 - scraper_base - INFO - ✅ Petlove: 5 produto(s) encontrado(s) para NexGard Spectra
2026-01-22 20:15:13,731 - scraper_base - INFO - 📦 [5/20] Processando NexGard Combo
2026-01-22 20:15:13,731 - scraper_base - INFO - 🔍 Petlove: Buscando NexGard Combo
2026-01-22 20:15:14,988 - scraper_base - INFO - ✅ Petlove: 2 produto(s) encontrado(s) para NexGard Combo
2026-01-22 20:15:16,549 - scraper_base - INFO - 📦 [6/20] Processando Bravecto
2026-01-22 20:15:16,549 - scraper_base - INFO - 🔍 Petlove: Buscando Bravecto
2026-01-22 20:15:18,185 - scraper_base - INFO - ✅ Petlove: 23 produto(s) encontrado(s) para Bravecto
2026-01-22 20:15:20,163 - scraper_base - INFO - 📦 [7/20] Processando Frontline
2026-01-22 20:15:20,163 - scraper_base - INFO - 🔍 Petlove: Buscando Frontline
2026-01-22 20:15:21,694 - scraper_base - INFO - ✅ Petlove: 11 produto(s) encontrado(s) para Frontline
2026-01-22 20:15:24,554 - scraper_base - INFO - 📦 [8/20] Processando Advocate
2026-01-22 20:15:24,554 - scraper_base - INFO - 🔍 Petlove: Buscando Advocate
2026-01-22 20:15:26,566 - scraper_base - INFO - ✅ Petlove: 12 produto(s) encontrado(s) para Advocate
2026-01-22 20:15:28,899 - scraper_base - INFO - 📦 [9/20] Processando Drontal
2026-01-22 20:15:28,900 - scraper_base - INFO - 🔍 Petlove: Buscando Drontal
2026-01-22 20:15:30,787 - scraper_base - INFO - ✅ Petlove: 36 produto(s) encontrado(s) para Drontal
2026-01-22 20:15:31,813 - scraper_base - INFO - 📦 [10/20] Processando Milbemax
2026-01-22 20:15:31,813 - scraper_base - INFO - 🔍 Petlove: Buscando Milbemax
2026-01-22 20:15:33,332 - scraper_base - INFO - ✅ Petlove: 14 produto(s) encontrado(s) para Milbemax
2026-01-22 20:15:36,323 - scraper_base - INFO - 📦 [11/20] Processando Vermivet
2026-01-22 20:15:36,324 - scraper_base - INFO - 🔍 Petlove: Buscando Vermivet
2026-01-22 20:15:38,186 - scraper_base - INFO - ✅ Petlove: 36 produto(s) encontrado(s) para Vermivet
2026-01-22 20:15:40,612 - scraper_base - INFO - 📦 [12/20] Processando Rimadyl
2026-01-22 20:15:40,612 - scraper_base - INFO - 🔍 Petlove: Buscando Rimadyl
2026-01-22 20:15:42,457 - scraper_base - INFO - ✅ Petlove: 1 produto(s) encontrado(s) para Rimadyl
2026-01-22 20:15:44,010 - scraper_base - INFO - 📦 [13/20] Processando Onsior
2026-01-22 20:15:44,010 - scraper_base - INFO - 🔍 Petlove: Buscando Onsior
2026-01-22 20:15:45,567 - scraper_base - INFO - ✅ Petlove: 4 produto(s) encontrado(s) para Onsior
2026-01-22 20:15:46,993 - scraper_base - INFO - 📦 [14/20] Processando Maxicam
2026-01-22 20:15:46,993 - scraper_base - INFO - 🔍 Petlove: Buscando Maxicam
2026-01-22 20:15:48,358 - scraper_base - INFO - ✅ Petlove: 3 produto(s) encontrado(s) para Maxicam
2026-01-22 20:15:49,677 - scraper_base - INFO - 📦 [15/20] Processando Carproflan
2026-01-22 20:15:49,677 - scraper_base - INFO - 🔍 Petlove: Buscando Carproflan
2026-01-22 20:15:51,078 - scraper_base - INFO - ✅ Petlove: 8 produto(s) encontrado(s) para Carproflan
2026-01-22 20:15:52,230 - scraper_base - INFO - 📦 [16/20] Processando Previcox
2026-01-22 20:15:52,230 - scraper_base - INFO - 🔍 Petlove: Buscando Previcox
2026-01-22 20:15:53,544 - scraper_base - INFO - ✅ Petlove: 4 produto(s) encontrado(s) para Previcox
2026-01-22 20:15:56,400 - scraper_base - INFO - 📦 [17/20] Processando Apoquel
2026-01-22 20:15:56,401 - scraper_base - INFO - 🔍 Petlove: Buscando Apoquel
2026-01-22 20:15:58,073 - scraper_base - INFO - ✅ Petlove: 16 produto(s) encontrado(s) para Apoquel
2026-01-22 20:15:59,947 - scraper_base - INFO - 📦 [18/20] Processando Zenrelia
2026-01-22 20:15:59,947 - scraper_base - INFO - 🔍 Petlove: Buscando Zenrelia
2026-01-22 20:16:01,591 - scraper_base - INFO - ✅ Petlove: 4 produto(s) encontrado(s) para Zenrelia
2026-01-22 20:16:04,206 - scraper_base - INFO - 📦 [19/20] Processando Synulox
2026-01-22 20:16:04,206 - scraper_base - INFO - 🔍 Petlove: Buscando Synulox
2026-01-22 20:16:05,425 - scraper_base - INFO - ✅ Petlove: 1 produto(s) encontrado(s) para Synulox
2026-01-22 20:16:07,469 - scraper_base - INFO - 📦 [20/20] Processando Baytril
2026-01-22 20:16:07,470 - scraper_base - INFO - 🔍 Petlove: Buscando Baytril
2026-01-22 20:16:09,110 - scraper_base - INFO - ✅ Petlove: 4 produto(s) encontrado(s) para Baytril
2026-01-22 20:16:11,882 - scraper_base - INFO - 📊 Petlove - Estatísticas finais:
2026-01-22 20:16:11,882 - scraper_base - INFO -    • Medicamentos processados: 20
2026-01-22 20:16:11,882 - scraper_base - INFO -    • Produtos encontrados: 246
2026-01-22 20:16:11,882 - scraper_base - INFO -    • Medicamentos sem resultado: 0
2026-01-22 20:16:11,882 - scraper_base - INFO -    • Tempo total: 85.3s
2026-01-22 20:16:11,882 - scraper_base - INFO -    • Tempo médio por medicamento: 4.3s
2026-01-22 20:16:11,928 - gerenciador_arquivos - INFO - Excel salvo: dados_coletados/petlove_20260122_201611.xlsx (246 produtos)
2026-01-22 20:16:11,928 - gerenciador_principal - INFO - Petlove: Arquivo individual salvo com sucesso
2026-01-22 20:16:11,928 - gerenciador_principal - INFO - Pausando entre sites...
2026-01-22 20:16:13,929 - gerenciador_principal - INFO - [3/3] Processando Petz
2026-01-22 20:16:13,929 - scraper_base - INFO - 🚀 Iniciando scraping completo - Petz
2026-01-22 20:16:14,371 - scraper_base - INFO - 📋 20 medicamentos para processar
2026-01-22 20:16:14,371 - scraper_base - INFO - 📦 [1/20] Processando Simparic
2026-01-22 20:16:14,371 - scraper_base - INFO - 🔍 Petz: Buscando Simparic
2026-01-22 20:16:19,539 - scraper_base - INFO - ✅ Petz: 12 produto(s) encontrado(s) para Simparic
2026-01-22 20:16:21,216 - scraper_base - INFO - 📦 [2/20] Processando Revolution
2026-01-22 20:16:21,216 - scraper_base - INFO - 🔍 Petz: Buscando Revolution
2026-01-22 20:16:23,923 - scraper_base - INFO - ✅ Petz: 24 produto(s) encontrado(s) para Revolution
2026-01-22 20:16:26,065 - scraper_base - INFO - 📦 [3/20] Processando NexGard
2026-01-22 20:16:26,065 - scraper_base - INFO - 🔍 Petz: Buscando NexGard
2026-01-22 20:16:28,243 - scraper_base - INFO - ✅ Petz: 22 produto(s) encontrado(s) para NexGard
2026-01-22 20:16:30,769 - scraper_base - INFO - 📦 [4/20] Processando NexGard Spectra
2026-01-22 20:16:30,770 - scraper_base - INFO - 🔍 Petz: Buscando NexGard Spectra
2026-01-22 20:16:32,533 - scraper_base - INFO - ✅ Petz: 10 produto(s) encontrado(s) para NexGard Spectra
2026-01-22 20:16:35,008 - scraper_base - INFO - 📦 [5/20] Processando NexGard Combo
2026-01-22 20:16:35,008 - scraper_base - INFO - 🔍 Petz: Buscando NexGard Combo
2026-01-22 20:16:36,725 - scraper_base - INFO - ✅ Petz: 4 produto(s) encontrado(s) para NexGard Combo
2026-01-22 20:16:38,503 - scraper_base - INFO - 📦 [6/20] Processando Bravecto
2026-01-22 20:16:38,503 - scraper_base - INFO - 🔍 Petz: Buscando Bravecto
2026-01-22 20:16:40,737 - scraper_base - INFO - ✅ Petz: 16 produto(s) encontrado(s) para Bravecto
2026-01-22 20:16:42,502 - scraper_base - INFO - 📦 [7/20] Processando Frontline
2026-01-22 20:16:42,502 - scraper_base - INFO - 🔍 Petz: Buscando Frontline
2026-01-22 20:16:44,407 - scraper_base - INFO - ✅ Petz: 11 produto(s) encontrado(s) para Frontline
2026-01-22 20:16:47,214 - scraper_base - INFO - 📦 [8/20] Processando Advocate
2026-01-22 20:16:47,214 - scraper_base - INFO - 🔍 Petz: Buscando Advocate
2026-01-22 20:16:49,278 - scraper_base - INFO - ✅ Petz: 12 produto(s) encontrado(s) para Advocate
2026-01-22 20:16:51,978 - scraper_base - INFO - 📦 [9/20] Processando Drontal
2026-01-22 20:16:51,978 - scraper_base - INFO - 🔍 Petz: Buscando Drontal
2026-01-22 20:16:54,402 - scraper_base - INFO - ✅ Petz: 30 produto(s) encontrado(s) para Drontal
2026-01-22 20:16:57,200 - scraper_base - INFO - 📦 [10/20] Processando Milbemax
2026-01-22 20:16:57,200 - scraper_base - INFO - 🔍 Petz: Buscando Milbemax
2026-01-22 20:16:58,978 - scraper_base - INFO - ✅ Petz: 4 produto(s) encontrado(s) para Milbemax
2026-01-22 20:17:01,606 - scraper_base - INFO - 📦 [11/20] Processando Vermivet
2026-01-22 20:17:01,606 - scraper_base - INFO - 🔍 Petz: Buscando Vermivet
2026-01-22 20:17:03,532 - scraper_base - INFO - ✅ Petz: 5 produto(s) encontrado(s) para Vermivet
2026-01-22 20:17:05,092 - scraper_base - INFO - 📦 [12/20] Processando Rimadyl
2026-01-22 20:17:05,092 - scraper_base - INFO - 🔍 Petz: Buscando Rimadyl
2026-01-22 20:17:07,151 - scraper_base - INFO - ✅ Petz: 3 produto(s) encontrado(s) para Rimadyl
2026-01-22 20:17:09,729 - scraper_base - INFO - 📦 [13/20] Processando Onsior
2026-01-22 20:17:09,729 - scraper_base - INFO - 🔍 Petz: Buscando Onsior
2026-01-22 20:17:11,457 - scraper_base - INFO - ✅ Petz: 4 produto(s) encontrado(s) para Onsior
2026-01-22 20:17:14,406 - scraper_base - INFO - 📦 [14/20] Processando Maxicam
2026-01-22 20:17:14,407 - scraper_base - INFO - 🔍 Petz: Buscando Maxicam
2026-01-22 20:17:16,792 - scraper_base - INFO - ✅ Petz: 31 produto(s) encontrado(s) para Maxicam
2026-01-22 20:17:18,761 - scraper_base - INFO - 📦 [15/20] Processando Carproflan
2026-01-22 20:17:18,761 - scraper_base - INFO - 🔍 Petz: Buscando Carproflan
2026-01-22 20:17:20,592 - scraper_base - INFO - ✅ Petz: 3 produto(s) encontrado(s) para Carproflan
2026-01-22 20:17:23,007 - scraper_base - INFO - 📦 [16/20] Processando Previcox
2026-01-22 20:17:23,007 - scraper_base - INFO - 🔍 Petz: Buscando Previcox
2026-01-22 20:17:24,736 - scraper_base - INFO - ✅ Petz: 2 produto(s) encontrado(s) para Previcox
2026-01-22 20:17:26,695 - scraper_base - INFO - 📦 [17/20] Processando Apoquel
2026-01-22 20:17:26,695 - scraper_base - INFO - 🔍 Petz: Buscando Apoquel
2026-01-22 20:17:28,515 - scraper_base - INFO - ✅ Petz: 3 produto(s) encontrado(s) para Apoquel
2026-01-22 20:17:29,662 - scraper_base - INFO - 📦 [18/20] Processando Zenrelia
2026-01-22 20:17:29,662 - scraper_base - INFO - 🔍 Petz: Buscando Zenrelia
2026-01-22 20:17:31,334 - scraper_base - INFO - ✅ Petz: 4 produto(s) encontrado(s) para Zenrelia
2026-01-22 20:17:33,923 - scraper_base - INFO - 📦 [19/20] Processando Synulox
2026-01-22 20:17:33,923 - scraper_base - INFO - 🔍 Petz: Buscando Synulox
2026-01-22 20:17:35,444 - scraper_base - INFO - ✅ Petz: 2 produto(s) encontrado(s) para Synulox
2026-01-22 20:17:37,873 - scraper_base - INFO - 📦 [20/20] Processando Baytril
2026-01-22 20:17:37,873 - scraper_base - INFO - 🔍 Petz: Buscando Baytril
2026-01-22 20:17:40,001 - scraper_base - INFO - ✅ Petz: 9 produto(s) encontrado(s) para Baytril
2026-01-22 20:17:41,485 - scraper_base - INFO - 📊 Petz - Estatísticas finais:
2026-01-22 20:17:41,485 - scraper_base - INFO -    • Medicamentos processados: 20
2026-01-22 20:17:41,485 - scraper_base - INFO -    • Produtos encontrados: 211
2026-01-22 20:17:41,486 - scraper_base - INFO -    • Medicamentos sem resultado: 0
2026-01-22 20:17:41,486 - scraper_base - INFO -    • Tempo total: 87.6s
2026-01-22 20:17:41,486 - scraper_base - INFO -    • Tempo médio por medicamento: 4.4s
2026-01-22 20:17:41,529 - gerenciador_arquivos - INFO - Excel salvo: dados_coletados/petz_20260122_201741.xlsx (211 produtos)
2026-01-22 20:17:41,529 - gerenciador_principal - INFO - Petz: Arquivo individual salvo com sucesso
2026-01-22 20:17:41,529 - gerenciador_principal - INFO - Gerando relatório consolidado...
2026-01-22 20:17:41,741 - gerenciador_arquivos - INFO - Relatório consolidado salvo: dados_relatorios/relatorio_consolidado_20260122_201741.xlsx
2026-01-22 20:17:41,878 - gerenciador_conexoes - INFO - Chrome fechado
2026-01-22 20:17:41,879 - gerenciador_conexoes - INFO - Métodos utilizados - Requests: 33.3%, Selenium: 66.7%, Falhas: 0.0%
2026-01-22 20:17:41,879 - gerenciador_principal - INFO - ============================================================
2026-01-22 20:17:41,879 - gerenciador_principal - INFO - RELATORIO FINAL DE EXECUÇÃO
2026-01-22 20:17:41,879 - gerenciador_principal - INFO - ============================================================
2026-01-22 20:17:41,879 - gerenciador_principal - INFO - Sites processados: 3
2026-01-22 20:17:41,879 - gerenciador_principal - INFO - Sites com sucesso: 3
2026-01-22 20:17:41,879 - gerenciador_principal - INFO - Total de produtos coletados: 624
2026-01-22 20:17:41,879 - gerenciador_principal - INFO - Tempo total de execução: 261.2 segundos
2026-01-22 20:17:41,879 - gerenciador_principal - INFO - Estatísticas de conexão:
2026-01-22 20:17:41,879 - gerenciador_principal - INFO -   - Requests bem-sucedidos: 33.3%
2026-01-22 20:17:41,879 - gerenciador_principal - INFO -   - Selenium fallback: 66.7%
2026-01-22 20:17:41,879 - gerenciador_principal - INFO -   - Falhas totais: 0.0%
2026-01-22 20:17:41,881 - gerenciador_principal - INFO - Arquivos salvos na pasta: dados_coletados
2026-01-22 20:17:41,881 - gerenciador_principal - INFO - Total de arquivos: 342
2026-01-22 20:17:41,881 - gerenciador_principal - INFO - ============================================================
