2026-07-14 20:47:03,848 - configurador_logs - INFO - Sistema de logs configurado com sucesso
2026-07-14 20:47:03,849 - configurador_logs - INFO - 🚀 Logs configurados para MODO PRODUÇÃO
2026-07-14 20:47:03,849 - gerenciador_principal - INFO - Inicializando sistema - Modo: PRODUCAO
2026-07-14 20:47:03,849 - gerenciador_arquivos - INFO - Pasta dados_coletados preparada
2026-07-14 20:47:03,849 - gerenciador_principal - INFO - Sistema inicializado com 3 scrapers
2026-07-14 20:47:03,849 - gerenciador_principal - INFO - ============================================================
2026-07-14 20:47:03,849 - gerenciador_principal - INFO - INICIANDO SCRAPING COMPLETO - PRODUCAO
2026-07-14 20:47:03,849 - gerenciador_principal - INFO - ============================================================
2026-07-14 20:47:03,849 - gerenciador_principal - INFO - [1/3] Processando Cobasi
2026-07-14 20:47:03,849 - scraper_base - INFO - 🚀 Iniciando scraping completo - Cobasi
2026-07-14 20:47:04,481 - gerenciador_conexoes - INFO - Sessao estabelecida com cobasi.com.br
2026-07-14 20:47:04,481 - scraper_base - INFO - 📋 20 medicamentos para processar
2026-07-14 20:47:04,481 - scraper_base - INFO - 📦 [1/20] Processando Simparic
2026-07-14 20:47:04,481 - scraper_base - INFO - 🔍 Cobasi: Buscando Simparic
2026-07-14 20:47:09,825 - scraper_cobasi - INFO - Cobasi: Dados extraídos via JSON para Simparic
2026-07-14 20:47:09,825 - scraper_base - INFO - ✅ Cobasi: 24 produto(s) encontrado(s) para Simparic
2026-07-14 20:47:11,360 - scraper_base - INFO - 📦 [2/20] Processando Revolution
2026-07-14 20:47:11,360 - scraper_base - INFO - 🔍 Cobasi: Buscando Revolution
2026-07-14 20:47:15,462 - scraper_cobasi - INFO - Cobasi: Dados extraídos via JSON para Revolution
2026-07-14 20:47:15,462 - scraper_base - INFO - ✅ Cobasi: 18 produto(s) encontrado(s) para Revolution
2026-07-14 20:47:18,001 - scraper_base - INFO - 📦 [3/20] Processando NexGard
2026-07-14 20:47:18,001 - scraper_base - INFO - 🔍 Cobasi: Buscando NexGard
2026-07-14 20:47:23,116 - scraper_cobasi - INFO - Cobasi: Dados extraídos via JSON para NexGard
2026-07-14 20:47:23,116 - scraper_base - INFO - ✅ Cobasi: 22 produto(s) encontrado(s) para NexGard
2026-07-14 20:47:24,494 - scraper_base - INFO - 📦 [4/20] Processando NexGard Spectra
2026-07-14 20:47:24,494 - scraper_base - INFO - 🔍 Cobasi: Buscando NexGard Spectra
2026-07-14 20:47:28,811 - scraper_cobasi - INFO - Cobasi: Dados extraídos via JSON para NexGard Spectra
2026-07-14 20:47:28,811 - scraper_base - INFO - ✅ Cobasi: 10 produto(s) encontrado(s) para NexGard Spectra
2026-07-14 20:47:29,839 - scraper_base - INFO - 📦 [5/20] Processando NexGard Combo
2026-07-14 20:47:29,839 - scraper_base - INFO - 🔍 Cobasi: Buscando NexGard Combo
2026-07-14 20:47:33,293 - scraper_cobasi - INFO - Cobasi: Dados extraídos via JSON para NexGard Combo
2026-07-14 20:47:33,293 - scraper_base - INFO - ✅ Cobasi: 4 produto(s) encontrado(s) para NexGard Combo
2026-07-14 20:47:35,579 - scraper_base - INFO - 📦 [6/20] Processando Bravecto
2026-07-14 20:47:35,579 - scraper_base - INFO - 🔍 Cobasi: Buscando Bravecto
2026-07-14 20:47:39,150 - scraper_cobasi - INFO - Cobasi: Dados extraídos via JSON para Bravecto
2026-07-14 20:47:39,150 - scraper_base - INFO - ✅ Cobasi: 16 produto(s) encontrado(s) para Bravecto
2026-07-14 20:47:41,070 - scraper_base - INFO - 📦 [7/20] Processando Frontline
2026-07-14 20:47:41,070 - scraper_base - INFO - 🔍 Cobasi: Buscando Frontline
2026-07-14 20:47:45,888 - scraper_cobasi - INFO - Cobasi: Dados extraídos via JSON para Frontline
2026-07-14 20:47:45,888 - scraper_base - INFO - ✅ Cobasi: 11 produto(s) encontrado(s) para Frontline
2026-07-14 20:47:48,039 - scraper_base - INFO - 📦 [8/20] Processando Advocate
2026-07-14 20:47:48,039 - scraper_base - INFO - 🔍 Cobasi: Buscando Advocate
2026-07-14 20:47:51,985 - scraper_cobasi - INFO - Cobasi: Dados extraídos via JSON para Advocate
2026-07-14 20:47:51,985 - scraper_base - INFO - ✅ Cobasi: 12 produto(s) encontrado(s) para Advocate
2026-07-14 20:47:53,686 - scraper_base - INFO - 📦 [9/20] Processando Drontal
2026-07-14 20:47:53,686 - scraper_base - INFO - 🔍 Cobasi: Buscando Drontal
2026-07-14 20:47:57,054 - scraper_cobasi - INFO - Cobasi: Dados extraídos via JSON para Drontal
2026-07-14 20:47:57,055 - scraper_base - INFO - ✅ Cobasi: 8 produto(s) encontrado(s) para Drontal
2026-07-14 20:47:59,290 - scraper_base - INFO - 📦 [10/20] Processando Milbemax
2026-07-14 20:47:59,290 - scraper_base - INFO - 🔍 Cobasi: Buscando Milbemax
2026-07-14 20:48:02,791 - scraper_cobasi - INFO - Cobasi: Dados extraídos via JSON para Milbemax
2026-07-14 20:48:02,791 - scraper_base - INFO - ✅ Cobasi: 4 produto(s) encontrado(s) para Milbemax
2026-07-14 20:48:04,294 - scraper_base - INFO - 📦 [11/20] Processando Vermivet
2026-07-14 20:48:04,294 - scraper_base - INFO - 🔍 Cobasi: Buscando Vermivet
2026-07-14 20:48:09,146 - scraper_cobasi - INFO - Cobasi: Dados extraídos via JSON para Vermivet
2026-07-14 20:48:09,146 - scraper_base - INFO - ✅ Cobasi: 5 produto(s) encontrado(s) para Vermivet
2026-07-14 20:48:10,200 - scraper_base - INFO - 📦 [12/20] Processando Rimadyl
2026-07-14 20:48:10,200 - scraper_base - INFO - 🔍 Cobasi: Buscando Rimadyl
2026-07-14 20:48:14,339 - scraper_cobasi - INFO - Cobasi: Dados extraídos via JSON para Rimadyl
2026-07-14 20:48:14,339 - scraper_base - INFO - ✅ Cobasi: 3 produto(s) encontrado(s) para Rimadyl
2026-07-14 20:48:17,021 - scraper_base - INFO - 📦 [13/20] Processando Onsior
2026-07-14 20:48:17,021 - scraper_base - INFO - 🔍 Cobasi: Buscando Onsior
2026-07-14 20:48:20,582 - scraper_cobasi - INFO - Cobasi: Dados extraídos via JSON para Onsior
2026-07-14 20:48:20,582 - scraper_base - INFO - ✅ Cobasi: 4 produto(s) encontrado(s) para Onsior
2026-07-14 20:48:23,475 - scraper_base - INFO - 📦 [14/20] Processando Maxicam
2026-07-14 20:48:23,475 - scraper_base - INFO - 🔍 Cobasi: Buscando Maxicam
2026-07-14 20:48:26,530 - scraper_cobasi - INFO - Cobasi: Dados extraídos via JSON para Maxicam
2026-07-14 20:48:26,530 - scraper_base - INFO - ✅ Cobasi: 3 produto(s) encontrado(s) para Maxicam
2026-07-14 20:48:28,406 - scraper_base - INFO - 📦 [15/20] Processando Carproflan
2026-07-14 20:48:28,406 - scraper_base - INFO - 🔍 Cobasi: Buscando Carproflan
2026-07-14 20:48:31,738 - scraper_cobasi - INFO - Cobasi: Dados extraídos via JSON para Carproflan
2026-07-14 20:48:31,738 - scraper_base - INFO - ✅ Cobasi: 3 produto(s) encontrado(s) para Carproflan
2026-07-14 20:48:33,909 - scraper_base - INFO - 📦 [16/20] Processando Previcox
2026-07-14 20:48:33,909 - scraper_base - INFO - 🔍 Cobasi: Buscando Previcox
2026-07-14 20:48:36,768 - scraper_cobasi - INFO - Cobasi: Dados extraídos via JSON para Previcox
2026-07-14 20:48:36,768 - scraper_base - INFO - ✅ Cobasi: 2 produto(s) encontrado(s) para Previcox
2026-07-14 20:48:38,430 - scraper_base - INFO - 📦 [17/20] Processando Apoquel
2026-07-14 20:48:38,430 - scraper_base - INFO - 🔍 Cobasi: Buscando Apoquel
2026-07-14 20:48:41,921 - scraper_cobasi - INFO - Cobasi: Dados extraídos via JSON para Apoquel
2026-07-14 20:48:41,922 - scraper_base - INFO - ✅ Cobasi: 3 produto(s) encontrado(s) para Apoquel
2026-07-14 20:48:43,425 - scraper_base - INFO - 📦 [18/20] Processando Zenrelia
2026-07-14 20:48:43,426 - scraper_base - INFO - 🔍 Cobasi: Buscando Zenrelia
2026-07-14 20:48:47,181 - scraper_cobasi - INFO - Cobasi: Dados extraídos via JSON para Zenrelia
2026-07-14 20:48:47,182 - scraper_base - INFO - ✅ Cobasi: 4 produto(s) encontrado(s) para Zenrelia
2026-07-14 20:48:49,014 - scraper_base - INFO - 📦 [19/20] Processando Synulox
2026-07-14 20:48:49,014 - scraper_base - INFO - 🔍 Cobasi: Buscando Synulox
2026-07-14 20:48:53,471 - scraper_cobasi - INFO - Cobasi: Dados extraídos via JSON para Synulox
2026-07-14 20:48:53,471 - scraper_base - INFO - ✅ Cobasi: 2 produto(s) encontrado(s) para Synulox
2026-07-14 20:48:54,694 - scraper_base - INFO - 📦 [20/20] Processando Baytril
2026-07-14 20:48:54,694 - scraper_base - INFO - 🔍 Cobasi: Buscando Baytril
2026-07-14 20:48:59,058 - scraper_cobasi - INFO - Cobasi: Dados extraídos via JSON para Baytril
2026-07-14 20:48:59,058 - scraper_base - INFO - ✅ Cobasi: 2 produto(s) encontrado(s) para Baytril
2026-07-14 20:49:01,424 - scraper_base - INFO - 📊 Cobasi - Estatísticas finais:
2026-07-14 20:49:01,424 - scraper_base - INFO -    • Medicamentos processados: 20
2026-07-14 20:49:01,424 - scraper_base - INFO -    • Produtos encontrados: 160
2026-07-14 20:49:01,424 - scraper_base - INFO -    • Medicamentos sem resultado: 0
2026-07-14 20:49:01,424 - scraper_base - INFO -    • Tempo total: 117.6s
2026-07-14 20:49:01,424 - scraper_base - INFO -    • Tempo médio por medicamento: 5.9s
2026-07-14 20:49:01,659 - gerenciador_arquivos - INFO - Excel salvo: dados_coletados/cobasi_20260714_204901.xlsx (160 produtos)
2026-07-14 20:49:01,659 - gerenciador_principal - INFO - Cobasi: Arquivo individual salvo com sucesso
2026-07-14 20:49:01,659 - gerenciador_principal - INFO - Pausando entre sites...
2026-07-14 20:49:03,659 - gerenciador_principal - INFO - [2/3] Processando Petlove
2026-07-14 20:49:03,660 - scraper_base - INFO - 🚀 Iniciando scraping completo - Petlove
2026-07-14 20:49:04,046 - gerenciador_conexoes - INFO - Sessao estabelecida com petlove.com.br
2026-07-14 20:49:04,046 - scraper_base - INFO - 📋 20 medicamentos para processar
2026-07-14 20:49:04,046 - scraper_base - INFO - 📦 [1/20] Processando Simparic
2026-07-14 20:49:04,046 - scraper_base - INFO - 🔍 Petlove: Buscando Simparic
2026-07-14 20:49:05,000 - scraper_base - INFO - ✅ Petlove: 36 produto(s) encontrado(s) para Simparic
2026-07-14 20:49:06,560 - scraper_base - INFO - 📦 [2/20] Processando Revolution
2026-07-14 20:49:06,560 - scraper_base - INFO - 🔍 Petlove: Buscando Revolution
2026-07-14 20:49:07,377 - scraper_base - INFO - ✅ Petlove: 20 produto(s) encontrado(s) para Revolution
2026-07-14 20:49:08,440 - scraper_base - INFO - 📦 [3/20] Processando NexGard
2026-07-14 20:49:08,440 - scraper_base - INFO - 🔍 Petlove: Buscando NexGard
2026-07-14 20:49:09,292 - scraper_base - INFO - ✅ Petlove: 11 produto(s) encontrado(s) para NexGard
2026-07-14 20:49:12,235 - scraper_base - INFO - 📦 [4/20] Processando NexGard Spectra
2026-07-14 20:49:12,235 - scraper_base - INFO - 🔍 Petlove: Buscando NexGard Spectra
2026-07-14 20:49:12,932 - scraper_base - INFO - ✅ Petlove: 5 produto(s) encontrado(s) para NexGard Spectra
2026-07-14 20:49:14,501 - scraper_base - INFO - 📦 [5/20] Processando NexGard Combo
2026-07-14 20:49:14,501 - scraper_base - INFO - 🔍 Petlove: Buscando NexGard Combo
2026-07-14 20:49:15,868 - scraper_base - INFO - ✅ Petlove: 2 produto(s) encontrado(s) para NexGard Combo
2026-07-14 20:49:18,759 - scraper_base - INFO - 📦 [6/20] Processando Bravecto
2026-07-14 20:49:18,759 - scraper_base - INFO - 🔍 Petlove: Buscando Bravecto
2026-07-14 20:49:19,789 - scraper_base - INFO - ✅ Petlove: 22 produto(s) encontrado(s) para Bravecto
2026-07-14 20:49:21,212 - scraper_base - INFO - 📦 [7/20] Processando Frontline
2026-07-14 20:49:21,212 - scraper_base - INFO - 🔍 Petlove: Buscando Frontline
2026-07-14 20:49:22,089 - scraper_base - INFO - ✅ Petlove: 11 produto(s) encontrado(s) para Frontline
2026-07-14 20:49:24,898 - scraper_base - INFO - 📦 [8/20] Processando Advocate
2026-07-14 20:49:24,898 - scraper_base - INFO - 🔍 Petlove: Buscando Advocate
2026-07-14 20:49:25,658 - scraper_base - INFO - ✅ Petlove: 9 produto(s) encontrado(s) para Advocate
2026-07-14 20:49:27,512 - scraper_base - INFO - 📦 [9/20] Processando Drontal
2026-07-14 20:49:27,512 - scraper_base - INFO - 🔍 Petlove: Buscando Drontal
2026-07-14 20:49:28,348 - scraper_base - INFO - ✅ Petlove: 36 produto(s) encontrado(s) para Drontal
2026-07-14 20:49:30,426 - scraper_base - INFO - 📦 [10/20] Processando Milbemax
2026-07-14 20:49:30,426 - scraper_base - INFO - 🔍 Petlove: Buscando Milbemax
2026-07-14 20:49:31,144 - scraper_base - INFO - ✅ Petlove: 14 produto(s) encontrado(s) para Milbemax
2026-07-14 20:49:34,094 - scraper_base - INFO - 📦 [11/20] Processando Vermivet
2026-07-14 20:49:34,094 - scraper_base - INFO - 🔍 Petlove: Buscando Vermivet
2026-07-14 20:49:35,209 - scraper_base - INFO - ✅ Petlove: 36 produto(s) encontrado(s) para Vermivet
2026-07-14 20:49:37,358 - scraper_base - INFO - 📦 [12/20] Processando Rimadyl
2026-07-14 20:49:37,358 - scraper_base - INFO - 🔍 Petlove: Buscando Rimadyl
2026-07-14 20:49:38,656 - scraper_base - INFO - ✅ Petlove: 1 produto(s) encontrado(s) para Rimadyl
2026-07-14 20:49:40,311 - scraper_base - INFO - 📦 [13/20] Processando Onsior
2026-07-14 20:49:40,311 - scraper_base - INFO - 🔍 Petlove: Buscando Onsior
2026-07-14 20:49:41,333 - scraper_base - INFO - ✅ Petlove: 4 produto(s) encontrado(s) para Onsior
2026-07-14 20:49:43,431 - scraper_base - INFO - 📦 [14/20] Processando Maxicam
2026-07-14 20:49:43,431 - scraper_base - INFO - 🔍 Petlove: Buscando Maxicam
2026-07-14 20:49:44,326 - scraper_base - INFO - ✅ Petlove: 3 produto(s) encontrado(s) para Maxicam
2026-07-14 20:49:45,633 - scraper_base - INFO - 📦 [15/20] Processando Carproflan
2026-07-14 20:49:45,633 - scraper_base - INFO - 🔍 Petlove: Buscando Carproflan
2026-07-14 20:49:46,333 - scraper_base - INFO - ✅ Petlove: 8 produto(s) encontrado(s) para Carproflan
2026-07-14 20:49:47,610 - scraper_base - INFO - 📦 [16/20] Processando Previcox
2026-07-14 20:49:47,611 - scraper_base - INFO - 🔍 Petlove: Buscando Previcox
2026-07-14 20:49:48,279 - scraper_base - INFO - ✅ Petlove: 4 produto(s) encontrado(s) para Previcox
2026-07-14 20:49:49,505 - scraper_base - INFO - 📦 [17/20] Processando Apoquel
2026-07-14 20:49:49,505 - scraper_base - INFO - 🔍 Petlove: Buscando Apoquel
2026-07-14 20:49:50,275 - scraper_base - INFO - ✅ Petlove: 16 produto(s) encontrado(s) para Apoquel
2026-07-14 20:49:52,259 - scraper_base - INFO - 📦 [18/20] Processando Zenrelia
2026-07-14 20:49:52,259 - scraper_base - INFO - 🔍 Petlove: Buscando Zenrelia
2026-07-14 20:49:52,973 - scraper_base - INFO - ✅ Petlove: 4 produto(s) encontrado(s) para Zenrelia
2026-07-14 20:49:54,195 - scraper_base - INFO - 📦 [19/20] Processando Synulox
2026-07-14 20:49:54,196 - scraper_base - INFO - 🔍 Petlove: Buscando Synulox
2026-07-14 20:49:54,991 - scraper_base - INFO - ✅ Petlove: 1 produto(s) encontrado(s) para Synulox
2026-07-14 20:49:57,788 - scraper_base - INFO - 📦 [20/20] Processando Baytril
2026-07-14 20:49:57,788 - scraper_base - INFO - 🔍 Petlove: Buscando Baytril
2026-07-14 20:49:58,484 - scraper_base - INFO - ✅ Petlove: 6 produto(s) encontrado(s) para Baytril
2026-07-14 20:50:00,744 - scraper_base - INFO - 📊 Petlove - Estatísticas finais:
2026-07-14 20:50:00,744 - scraper_base - INFO -    • Medicamentos processados: 20
2026-07-14 20:50:00,744 - scraper_base - INFO -    • Produtos encontrados: 249
2026-07-14 20:50:00,744 - scraper_base - INFO -    • Medicamentos sem resultado: 0
2026-07-14 20:50:00,744 - scraper_base - INFO -    • Tempo total: 57.1s
2026-07-14 20:50:00,744 - scraper_base - INFO -    • Tempo médio por medicamento: 2.9s
2026-07-14 20:50:00,801 - gerenciador_arquivos - INFO - Excel salvo: dados_coletados/petlove_20260714_205000.xlsx (249 produtos)
2026-07-14 20:50:00,801 - gerenciador_principal - INFO - Petlove: Arquivo individual salvo com sucesso
2026-07-14 20:50:00,801 - gerenciador_principal - INFO - Pausando entre sites...
2026-07-14 20:50:02,802 - gerenciador_principal - INFO - [3/3] Processando Petz
2026-07-14 20:50:02,802 - scraper_base - INFO - 🚀 Iniciando scraping completo - Petz
2026-07-14 20:50:03,272 - scraper_base - INFO - 📋 20 medicamentos para processar
2026-07-14 20:50:03,273 - scraper_base - INFO - 📦 [1/20] Processando Simparic
2026-07-14 20:50:03,273 - scraper_base - INFO - 🔍 Petz: Buscando Simparic
2026-07-14 20:50:13,592 - gerenciador_conexoes - INFO - Chrome inicializado com otimizacoes de velocidade
2026-07-14 20:50:19,076 - scraper_base - INFO - ✅ Petz: 24 produto(s) encontrado(s) para Simparic
2026-07-14 20:50:20,192 - scraper_base - INFO - 📦 [2/20] Processando Revolution
2026-07-14 20:50:20,192 - scraper_base - INFO - 🔍 Petz: Buscando Revolution
2026-07-14 20:50:24,010 - scraper_base - INFO - ✅ Petz: 27 produto(s) encontrado(s) para Revolution
2026-07-14 20:50:25,630 - scraper_base - INFO - 📦 [3/20] Processando NexGard
2026-07-14 20:50:25,630 - scraper_base - INFO - 🔍 Petz: Buscando NexGard
2026-07-14 20:50:28,585 - scraper_base - INFO - ✅ Petz: 22 produto(s) encontrado(s) para NexGard
2026-07-14 20:50:30,271 - scraper_base - INFO - 📦 [4/20] Processando NexGard Spectra
2026-07-14 20:50:30,271 - scraper_base - INFO - 🔍 Petz: Buscando NexGard Spectra
2026-07-14 20:50:32,517 - scraper_base - INFO - ✅ Petz: 10 produto(s) encontrado(s) para NexGard Spectra
2026-07-14 20:50:33,801 - scraper_base - INFO - 📦 [5/20] Processando NexGard Combo
2026-07-14 20:50:33,801 - scraper_base - INFO - 🔍 Petz: Buscando NexGard Combo
2026-07-14 20:50:36,347 - scraper_base - INFO - ✅ Petz: 4 produto(s) encontrado(s) para NexGard Combo
2026-07-14 20:50:37,610 - scraper_base - INFO - 📦 [6/20] Processando Bravecto
2026-07-14 20:50:37,611 - scraper_base - INFO - 🔍 Petz: Buscando Bravecto
2026-07-14 20:50:40,553 - scraper_base - INFO - ✅ Petz: 16 produto(s) encontrado(s) para Bravecto
2026-07-14 20:50:42,101 - scraper_base - INFO - 📦 [7/20] Processando Frontline
2026-07-14 20:50:42,101 - scraper_base - INFO - 🔍 Petz: Buscando Frontline
2026-07-14 20:50:44,569 - scraper_base - INFO - ✅ Petz: 11 produto(s) encontrado(s) para Frontline
2026-07-14 20:50:47,421 - scraper_base - INFO - 📦 [8/20] Processando Advocate
2026-07-14 20:50:47,421 - scraper_base - INFO - 🔍 Petz: Buscando Advocate
2026-07-14 20:50:50,235 - scraper_base - INFO - ✅ Petz: 12 produto(s) encontrado(s) para Advocate
2026-07-14 20:50:51,976 - scraper_base - INFO - 📦 [9/20] Processando Drontal
2026-07-14 20:50:51,976 - scraper_base - INFO - 🔍 Petz: Buscando Drontal
2026-07-14 20:50:55,041 - scraper_base - INFO - ✅ Petz: 34 produto(s) encontrado(s) para Drontal
2026-07-14 20:50:56,179 - scraper_base - INFO - 📦 [10/20] Processando Milbemax
2026-07-14 20:50:56,179 - scraper_base - INFO - 🔍 Petz: Buscando Milbemax
2026-07-14 20:50:58,045 - scraper_base - INFO - ✅ Petz: 4 produto(s) encontrado(s) para Milbemax
2026-07-14 20:50:59,977 - scraper_base - INFO - 📦 [11/20] Processando Vermivet
2026-07-14 20:50:59,977 - scraper_base - INFO - 🔍 Petz: Buscando Vermivet
2026-07-14 20:51:02,135 - scraper_base - INFO - ✅ Petz: 5 produto(s) encontrado(s) para Vermivet
2026-07-14 20:51:03,441 - scraper_base - INFO - 📦 [12/20] Processando Rimadyl
2026-07-14 20:51:03,441 - scraper_base - INFO - 🔍 Petz: Buscando Rimadyl
2026-07-14 20:51:05,451 - scraper_base - INFO - ✅ Petz: 3 produto(s) encontrado(s) para Rimadyl
2026-07-14 20:51:06,736 - scraper_base - INFO - 📦 [13/20] Processando Onsior
2026-07-14 20:51:06,736 - scraper_base - INFO - 🔍 Petz: Buscando Onsior
2026-07-14 20:51:08,555 - scraper_base - INFO - ✅ Petz: 4 produto(s) encontrado(s) para Onsior
2026-07-14 20:51:09,927 - scraper_base - INFO - 📦 [14/20] Processando Maxicam
2026-07-14 20:51:09,927 - scraper_base - INFO - 🔍 Petz: Buscando Maxicam
2026-07-14 20:51:13,463 - scraper_base - INFO - ✅ Petz: 26 produto(s) encontrado(s) para Maxicam
2026-07-14 20:51:15,105 - scraper_base - INFO - 📦 [15/20] Processando Carproflan
2026-07-14 20:51:15,106 - scraper_base - INFO - 🔍 Petz: Buscando Carproflan
2026-07-14 20:51:16,920 - scraper_base - INFO - ✅ Petz: 3 produto(s) encontrado(s) para Carproflan
2026-07-14 20:51:19,677 - scraper_base - INFO - 📦 [16/20] Processando Previcox
2026-07-14 20:51:19,677 - scraper_base - INFO - 🔍 Petz: Buscando Previcox
2026-07-14 20:51:22,595 - scraper_base - INFO - ✅ Petz: 2 produto(s) encontrado(s) para Previcox
2026-07-14 20:51:25,469 - scraper_base - INFO - 📦 [17/20] Processando Apoquel
2026-07-14 20:51:25,469 - scraper_base - INFO - 🔍 Petz: Buscando Apoquel
2026-07-14 20:51:27,576 - scraper_base - INFO - ✅ Petz: 3 produto(s) encontrado(s) para Apoquel
2026-07-14 20:51:30,121 - scraper_base - INFO - 📦 [18/20] Processando Zenrelia
2026-07-14 20:51:30,122 - scraper_base - INFO - 🔍 Petz: Buscando Zenrelia
2026-07-14 20:51:32,142 - scraper_base - INFO - ✅ Petz: 4 produto(s) encontrado(s) para Zenrelia
2026-07-14 20:51:34,880 - scraper_base - INFO - 📦 [19/20] Processando Synulox
2026-07-14 20:51:34,881 - scraper_base - INFO - 🔍 Petz: Buscando Synulox
2026-07-14 20:51:37,216 - scraper_base - INFO - ✅ Petz: 2 produto(s) encontrado(s) para Synulox
2026-07-14 20:51:38,603 - scraper_base - INFO - 📦 [20/20] Processando Baytril
2026-07-14 20:51:38,603 - scraper_base - INFO - 🔍 Petz: Buscando Baytril
2026-07-14 20:51:41,126 - scraper_base - INFO - ✅ Petz: 9 produto(s) encontrado(s) para Baytril
2026-07-14 20:51:42,881 - scraper_base - INFO - 📊 Petz - Estatísticas finais:
2026-07-14 20:51:42,881 - scraper_base - INFO -    • Medicamentos processados: 20
2026-07-14 20:51:42,881 - scraper_base - INFO -    • Produtos encontrados: 225
2026-07-14 20:51:42,881 - scraper_base - INFO -    • Medicamentos sem resultado: 0
2026-07-14 20:51:42,881 - scraper_base - INFO -    • Tempo total: 100.1s
2026-07-14 20:51:42,881 - scraper_base - INFO -    • Tempo médio por medicamento: 5.0s
2026-07-14 20:51:42,927 - gerenciador_arquivos - INFO - Excel salvo: dados_coletados/petz_20260714_205142.xlsx (225 produtos)
2026-07-14 20:51:42,927 - gerenciador_principal - INFO - Petz: Arquivo individual salvo com sucesso
2026-07-14 20:51:42,927 - gerenciador_principal - INFO - Gerando relatório consolidado...
2026-07-14 20:51:43,144 - gerenciador_arquivos - INFO - Relatório consolidado salvo: dados_relatorios/relatorio_consolidado_20260714_205142.xlsx
2026-07-14 20:51:43,249 - gerenciador_conexoes - INFO - Chrome fechado
2026-07-14 20:51:43,249 - gerenciador_conexoes - INFO - Métodos utilizados - Requests: 66.7%, Selenium: 33.3%, Falhas: 0.0%
2026-07-14 20:51:43,249 - gerenciador_principal - INFO - ============================================================
2026-07-14 20:51:43,250 - gerenciador_principal - INFO - RELATORIO FINAL DE EXECUÇÃO
2026-07-14 20:51:43,250 - gerenciador_principal - INFO - ============================================================
2026-07-14 20:51:43,250 - gerenciador_principal - INFO - Sites processados: 3
2026-07-14 20:51:43,250 - gerenciador_principal - INFO - Sites com sucesso: 3
2026-07-14 20:51:43,250 - gerenciador_principal - INFO - Total de produtos coletados: 634
2026-07-14 20:51:43,250 - gerenciador_principal - INFO - Tempo total de execução: 279.1 segundos
2026-07-14 20:51:43,250 - gerenciador_principal - INFO - Estatísticas de conexão:
2026-07-14 20:51:43,250 - gerenciador_principal - INFO -   - Requests bem-sucedidos: 66.7%
2026-07-14 20:51:43,250 - gerenciador_principal - INFO -   - Selenium fallback: 33.3%
2026-07-14 20:51:43,250 - gerenciador_principal - INFO -   - Falhas totais: 0.0%
2026-07-14 20:51:43,255 - gerenciador_principal - INFO - Arquivos salvos na pasta: dados_coletados
2026-07-14 20:51:43,255 - gerenciador_principal - INFO - Total de arquivos: 842
2026-07-14 20:51:43,255 - gerenciador_principal - INFO - ============================================================
