2026-02-17 20:23:31,029 - configurador_logs - INFO - Sistema de logs configurado com sucesso
2026-02-17 20:23:31,029 - configurador_logs - INFO - 🚀 Logs configurados para MODO PRODUÇÃO
2026-02-17 20:23:31,029 - gerenciador_principal - INFO - Inicializando sistema - Modo: PRODUCAO
2026-02-17 20:23:31,030 - gerenciador_arquivos - INFO - Pasta dados_coletados preparada
2026-02-17 20:23:31,030 - gerenciador_principal - INFO - Sistema inicializado com 3 scrapers
2026-02-17 20:23:31,030 - gerenciador_principal - INFO - ============================================================
2026-02-17 20:23:31,030 - gerenciador_principal - INFO - INICIANDO SCRAPING COMPLETO - PRODUCAO
2026-02-17 20:23:31,030 - gerenciador_principal - INFO - ============================================================
2026-02-17 20:23:31,030 - gerenciador_principal - INFO - [1/3] Processando Cobasi
2026-02-17 20:23:31,030 - scraper_base - INFO - 🚀 Iniciando scraping completo - Cobasi
2026-02-17 20:23:31,476 - gerenciador_conexoes - INFO - Sessao estabelecida com cobasi.com.br
2026-02-17 20:23:31,476 - scraper_base - INFO - 📋 20 medicamentos para processar
2026-02-17 20:23:31,476 - scraper_base - INFO - 📦 [1/20] Processando Simparic
2026-02-17 20:23:31,476 - scraper_base - INFO - 🔍 Cobasi: Buscando Simparic
2026-02-17 20:23:34,496 - scraper_cobasi - INFO - Cobasi: Dados extraídos via JSON para Simparic
2026-02-17 20:23:34,496 - scraper_base - INFO - ✅ Cobasi: 12 produto(s) encontrado(s) para Simparic
2026-02-17 20:23:35,796 - scraper_base - INFO - 📦 [2/20] Processando Revolution
2026-02-17 20:23:35,796 - scraper_base - INFO - 🔍 Cobasi: Buscando Revolution
2026-02-17 20:23:38,624 - scraper_cobasi - INFO - Cobasi: Dados extraídos via JSON para Revolution
2026-02-17 20:23:38,625 - scraper_base - INFO - ✅ Cobasi: 18 produto(s) encontrado(s) para Revolution
2026-02-17 20:23:41,220 - scraper_base - INFO - 📦 [3/20] Processando NexGard
2026-02-17 20:23:41,221 - scraper_base - INFO - 🔍 Cobasi: Buscando NexGard
2026-02-17 20:23:43,695 - scraper_cobasi - INFO - Cobasi: Dados extraídos via JSON para NexGard
2026-02-17 20:23:43,695 - scraper_base - INFO - ✅ Cobasi: 22 produto(s) encontrado(s) para NexGard
2026-02-17 20:23:46,489 - scraper_base - INFO - 📦 [4/20] Processando NexGard Spectra
2026-02-17 20:23:46,489 - scraper_base - INFO - 🔍 Cobasi: Buscando NexGard Spectra
2026-02-17 20:23:48,518 - scraper_cobasi - INFO - Cobasi: Dados extraídos via JSON para NexGard Spectra
2026-02-17 20:23:48,518 - scraper_base - INFO - ✅ Cobasi: 10 produto(s) encontrado(s) para NexGard Spectra
2026-02-17 20:23:51,110 - scraper_base - INFO - 📦 [5/20] Processando NexGard Combo
2026-02-17 20:23:51,110 - scraper_base - INFO - 🔍 Cobasi: Buscando NexGard Combo
2026-02-17 20:23:52,992 - scraper_cobasi - INFO - Cobasi: Dados extraídos via JSON para NexGard Combo
2026-02-17 20:23:52,992 - scraper_base - INFO - ✅ Cobasi: 4 produto(s) encontrado(s) para NexGard Combo
2026-02-17 20:23:54,609 - scraper_base - INFO - 📦 [6/20] Processando Bravecto
2026-02-17 20:23:54,609 - scraper_base - INFO - 🔍 Cobasi: Buscando Bravecto
2026-02-17 20:23:57,218 - scraper_cobasi - INFO - Cobasi: Dados extraídos via JSON para Bravecto
2026-02-17 20:23:57,218 - scraper_base - INFO - ✅ Cobasi: 16 produto(s) encontrado(s) para Bravecto
2026-02-17 20:23:59,047 - scraper_base - INFO - 📦 [7/20] Processando Frontline
2026-02-17 20:23:59,047 - scraper_base - INFO - 🔍 Cobasi: Buscando Frontline
2026-02-17 20:24:02,173 - scraper_cobasi - INFO - Cobasi: Dados extraídos via JSON para Frontline
2026-02-17 20:24:02,173 - scraper_base - INFO - ✅ Cobasi: 10 produto(s) encontrado(s) para Frontline
2026-02-17 20:24:04,908 - scraper_base - INFO - 📦 [8/20] Processando Advocate
2026-02-17 20:24:04,909 - scraper_base - INFO - 🔍 Cobasi: Buscando Advocate
2026-02-17 20:24:07,566 - scraper_cobasi - INFO - Cobasi: Dados extraídos via JSON para Advocate
2026-02-17 20:24:07,566 - scraper_base - INFO - ✅ Cobasi: 12 produto(s) encontrado(s) para Advocate
2026-02-17 20:24:10,505 - scraper_base - INFO - 📦 [9/20] Processando Drontal
2026-02-17 20:24:10,505 - scraper_base - INFO - 🔍 Cobasi: Buscando Drontal
2026-02-17 20:24:14,134 - scraper_cobasi - INFO - Cobasi: Dados extraídos via JSON para Drontal
2026-02-17 20:24:14,134 - scraper_base - INFO - ✅ Cobasi: 8 produto(s) encontrado(s) para Drontal
2026-02-17 20:24:15,311 - scraper_base - INFO - 📦 [10/20] Processando Milbemax
2026-02-17 20:24:15,311 - scraper_base - INFO - 🔍 Cobasi: Buscando Milbemax
2026-02-17 20:24:17,221 - scraper_cobasi - INFO - Cobasi: Dados extraídos via JSON para Milbemax
2026-02-17 20:24:17,221 - scraper_base - INFO - ✅ Cobasi: 4 produto(s) encontrado(s) para Milbemax
2026-02-17 20:24:18,573 - scraper_base - INFO - 📦 [11/20] Processando Vermivet
2026-02-17 20:24:18,573 - scraper_base - INFO - 🔍 Cobasi: Buscando Vermivet
2026-02-17 20:24:20,869 - scraper_cobasi - INFO - Cobasi: Dados extraídos via JSON para Vermivet
2026-02-17 20:24:20,869 - scraper_base - INFO - ✅ Cobasi: 5 produto(s) encontrado(s) para Vermivet
2026-02-17 20:24:22,520 - scraper_base - INFO - 📦 [12/20] Processando Rimadyl
2026-02-17 20:24:22,520 - scraper_base - INFO - 🔍 Cobasi: Buscando Rimadyl
2026-02-17 20:24:24,097 - scraper_cobasi - INFO - Cobasi: Dados extraídos via JSON para Rimadyl
2026-02-17 20:24:24,097 - scraper_base - INFO - ✅ Cobasi: 3 produto(s) encontrado(s) para Rimadyl
2026-02-17 20:24:26,806 - scraper_base - INFO - 📦 [13/20] Processando Onsior
2026-02-17 20:24:26,806 - scraper_base - INFO - 🔍 Cobasi: Buscando Onsior
2026-02-17 20:24:28,972 - scraper_cobasi - INFO - Cobasi: Dados extraídos via JSON para Onsior
2026-02-17 20:24:28,972 - scraper_base - INFO - ✅ Cobasi: 4 produto(s) encontrado(s) para Onsior
2026-02-17 20:24:31,797 - scraper_base - INFO - 📦 [14/20] Processando Maxicam
2026-02-17 20:24:31,797 - scraper_base - INFO - 🔍 Cobasi: Buscando Maxicam
2026-02-17 20:24:34,692 - scraper_cobasi - INFO - Cobasi: Dados extraídos via JSON para Maxicam
2026-02-17 20:24:34,692 - scraper_base - INFO - ✅ Cobasi: 20 produto(s) encontrado(s) para Maxicam
2026-02-17 20:24:36,219 - scraper_base - INFO - 📦 [15/20] Processando Carproflan
2026-02-17 20:24:36,220 - scraper_base - INFO - 🔍 Cobasi: Buscando Carproflan
2026-02-17 20:24:38,043 - scraper_cobasi - INFO - Cobasi: Dados extraídos via JSON para Carproflan
2026-02-17 20:24:38,043 - scraper_base - INFO - ✅ Cobasi: 3 produto(s) encontrado(s) para Carproflan
2026-02-17 20:24:39,051 - scraper_base - INFO - 📦 [16/20] Processando Previcox
2026-02-17 20:24:39,051 - scraper_base - INFO - 🔍 Cobasi: Buscando Previcox
2026-02-17 20:24:40,874 - scraper_cobasi - INFO - Cobasi: Dados extraídos via JSON para Previcox
2026-02-17 20:24:40,874 - scraper_base - INFO - ✅ Cobasi: 2 produto(s) encontrado(s) para Previcox
2026-02-17 20:24:43,057 - scraper_base - INFO - 📦 [17/20] Processando Apoquel
2026-02-17 20:24:43,057 - scraper_base - INFO - 🔍 Cobasi: Buscando Apoquel
2026-02-17 20:24:44,810 - scraper_cobasi - INFO - Cobasi: Dados extraídos via JSON para Apoquel
2026-02-17 20:24:44,811 - scraper_base - INFO - ✅ Cobasi: 3 produto(s) encontrado(s) para Apoquel
2026-02-17 20:24:47,081 - scraper_base - INFO - 📦 [18/20] Processando Zenrelia
2026-02-17 20:24:47,081 - scraper_base - INFO - 🔍 Cobasi: Buscando Zenrelia
2026-02-17 20:24:49,501 - scraper_cobasi - INFO - Cobasi: Dados extraídos via JSON para Zenrelia
2026-02-17 20:24:49,501 - scraper_base - INFO - ✅ Cobasi: 4 produto(s) encontrado(s) para Zenrelia
2026-02-17 20:24:52,373 - scraper_base - INFO - 📦 [19/20] Processando Synulox
2026-02-17 20:24:52,374 - scraper_base - INFO - 🔍 Cobasi: Buscando Synulox
2026-02-17 20:24:53,838 - scraper_cobasi - INFO - Cobasi: Dados extraídos via JSON para Synulox
2026-02-17 20:24:53,838 - scraper_base - INFO - ✅ Cobasi: 2 produto(s) encontrado(s) para Synulox
2026-02-17 20:24:56,506 - scraper_base - INFO - 📦 [20/20] Processando Baytril
2026-02-17 20:24:56,507 - scraper_base - INFO - 🔍 Cobasi: Buscando Baytril
2026-02-17 20:24:58,275 - scraper_cobasi - INFO - Cobasi: Dados extraídos via JSON para Baytril
2026-02-17 20:24:58,275 - scraper_base - INFO - ✅ Cobasi: 4 produto(s) encontrado(s) para Baytril
2026-02-17 20:24:59,496 - scraper_base - INFO - 📊 Cobasi - Estatísticas finais:
2026-02-17 20:24:59,496 - scraper_base - INFO -    • Medicamentos processados: 20
2026-02-17 20:24:59,496 - scraper_base - INFO -    • Produtos encontrados: 166
2026-02-17 20:24:59,496 - scraper_base - INFO -    • Medicamentos sem resultado: 0
2026-02-17 20:24:59,497 - scraper_base - INFO -    • Tempo total: 88.5s
2026-02-17 20:24:59,497 - scraper_base - INFO -    • Tempo médio por medicamento: 4.4s
2026-02-17 20:24:59,645 - gerenciador_arquivos - INFO - Excel salvo: dados_coletados/cobasi_20260217_202459.xlsx (166 produtos)
2026-02-17 20:24:59,645 - gerenciador_principal - INFO - Cobasi: Arquivo individual salvo com sucesso
2026-02-17 20:24:59,645 - gerenciador_principal - INFO - Pausando entre sites...
2026-02-17 20:25:01,646 - gerenciador_principal - INFO - [2/3] Processando Petlove
2026-02-17 20:25:01,646 - scraper_base - INFO - 🚀 Iniciando scraping completo - Petlove
2026-02-17 20:25:01,856 - scraper_base - INFO - 📋 20 medicamentos para processar
2026-02-17 20:25:01,857 - scraper_base - INFO - 📦 [1/20] Processando Simparic
2026-02-17 20:25:01,857 - scraper_base - INFO - 🔍 Petlove: Buscando Simparic
2026-02-17 20:25:08,063 - gerenciador_conexoes - INFO - Chrome inicializado com otimizacoes de velocidade
2026-02-17 20:25:11,474 - scraper_base - INFO - ✅ Petlove: 36 produto(s) encontrado(s) para Simparic
2026-02-17 20:25:13,668 - scraper_base - INFO - 📦 [2/20] Processando Revolution
2026-02-17 20:25:13,668 - scraper_base - INFO - 🔍 Petlove: Buscando Revolution
2026-02-17 20:25:15,255 - scraper_base - INFO - ✅ Petlove: 18 produto(s) encontrado(s) para Revolution
2026-02-17 20:25:16,696 - scraper_base - INFO - 📦 [3/20] Processando NexGard
2026-02-17 20:25:16,696 - scraper_base - INFO - 🔍 Petlove: Buscando NexGard
2026-02-17 20:25:18,278 - scraper_base - INFO - ✅ Petlove: 11 produto(s) encontrado(s) para NexGard
2026-02-17 20:25:19,442 - scraper_base - INFO - 📦 [4/20] Processando NexGard Spectra
2026-02-17 20:25:19,442 - scraper_base - INFO - 🔍 Petlove: Buscando NexGard Spectra
2026-02-17 20:25:20,561 - scraper_base - INFO - ✅ Petlove: 5 produto(s) encontrado(s) para NexGard Spectra
2026-02-17 20:25:21,881 - scraper_base - INFO - 📦 [5/20] Processando NexGard Combo
2026-02-17 20:25:21,881 - scraper_base - INFO - 🔍 Petlove: Buscando NexGard Combo
2026-02-17 20:25:22,928 - scraper_base - INFO - ✅ Petlove: 2 produto(s) encontrado(s) para NexGard Combo
2026-02-17 20:25:24,669 - scraper_base - INFO - 📦 [6/20] Processando Bravecto
2026-02-17 20:25:24,669 - scraper_base - INFO - 🔍 Petlove: Buscando Bravecto
2026-02-17 20:25:27,156 - scraper_base - INFO - ✅ Petlove: 23 produto(s) encontrado(s) para Bravecto
2026-02-17 20:25:28,746 - scraper_base - INFO - 📦 [7/20] Processando Frontline
2026-02-17 20:25:28,746 - scraper_base - INFO - 🔍 Petlove: Buscando Frontline
2026-02-17 20:25:30,377 - scraper_base - INFO - ✅ Petlove: 11 produto(s) encontrado(s) para Frontline
2026-02-17 20:25:31,832 - scraper_base - INFO - 📦 [8/20] Processando Advocate
2026-02-17 20:25:31,832 - scraper_base - INFO - 🔍 Petlove: Buscando Advocate
2026-02-17 20:25:33,386 - scraper_base - INFO - ✅ Petlove: 12 produto(s) encontrado(s) para Advocate
2026-02-17 20:25:34,555 - scraper_base - INFO - 📦 [9/20] Processando Drontal
2026-02-17 20:25:34,555 - scraper_base - INFO - 🔍 Petlove: Buscando Drontal
2026-02-17 20:25:36,566 - scraper_base - INFO - ✅ Petlove: 36 produto(s) encontrado(s) para Drontal
2026-02-17 20:25:37,619 - scraper_base - INFO - 📦 [10/20] Processando Milbemax
2026-02-17 20:25:37,619 - scraper_base - INFO - 🔍 Petlove: Buscando Milbemax
2026-02-17 20:25:39,466 - scraper_base - INFO - ✅ Petlove: 14 produto(s) encontrado(s) para Milbemax
2026-02-17 20:25:41,735 - scraper_base - INFO - 📦 [11/20] Processando Vermivet
2026-02-17 20:25:41,735 - scraper_base - INFO - 🔍 Petlove: Buscando Vermivet
2026-02-17 20:25:43,578 - scraper_base - INFO - ✅ Petlove: 36 produto(s) encontrado(s) para Vermivet
2026-02-17 20:25:44,812 - scraper_base - INFO - 📦 [12/20] Processando Rimadyl
2026-02-17 20:25:44,813 - scraper_base - INFO - 🔍 Petlove: Buscando Rimadyl
2026-02-17 20:25:46,428 - scraper_base - INFO - ✅ Petlove: 1 produto(s) encontrado(s) para Rimadyl
2026-02-17 20:25:48,285 - scraper_base - INFO - 📦 [13/20] Processando Onsior
2026-02-17 20:25:48,286 - scraper_base - INFO - 🔍 Petlove: Buscando Onsior
2026-02-17 20:25:49,707 - scraper_base - INFO - ✅ Petlove: 4 produto(s) encontrado(s) para Onsior
2026-02-17 20:25:52,096 - scraper_base - INFO - 📦 [14/20] Processando Maxicam
2026-02-17 20:25:52,096 - scraper_base - INFO - 🔍 Petlove: Buscando Maxicam
2026-02-17 20:25:53,330 - scraper_base - INFO - ✅ Petlove: 3 produto(s) encontrado(s) para Maxicam
2026-02-17 20:25:56,020 - scraper_base - INFO - 📦 [15/20] Processando Carproflan
2026-02-17 20:25:56,021 - scraper_base - INFO - 🔍 Petlove: Buscando Carproflan
2026-02-17 20:25:58,139 - scraper_base - INFO - ✅ Petlove: 7 produto(s) encontrado(s) para Carproflan
2026-02-17 20:25:59,337 - scraper_base - INFO - 📦 [16/20] Processando Previcox
2026-02-17 20:25:59,337 - scraper_base - INFO - 🔍 Petlove: Buscando Previcox
2026-02-17 20:26:00,732 - scraper_base - INFO - ✅ Petlove: 4 produto(s) encontrado(s) para Previcox
2026-02-17 20:26:01,811 - scraper_base - INFO - 📦 [17/20] Processando Apoquel
2026-02-17 20:26:01,811 - scraper_base - INFO - 🔍 Petlove: Buscando Apoquel
2026-02-17 20:26:03,134 - scraper_base - INFO - ✅ Petlove: 16 produto(s) encontrado(s) para Apoquel
2026-02-17 20:26:05,035 - scraper_base - INFO - 📦 [18/20] Processando Zenrelia
2026-02-17 20:26:05,036 - scraper_base - INFO - 🔍 Petlove: Buscando Zenrelia
2026-02-17 20:26:06,362 - scraper_base - INFO - ✅ Petlove: 4 produto(s) encontrado(s) para Zenrelia
2026-02-17 20:26:08,137 - scraper_base - INFO - 📦 [19/20] Processando Synulox
2026-02-17 20:26:08,138 - scraper_base - INFO - 🔍 Petlove: Buscando Synulox
2026-02-17 20:26:09,627 - scraper_base - INFO - ✅ Petlove: 1 produto(s) encontrado(s) para Synulox
2026-02-17 20:26:12,304 - scraper_base - INFO - 📦 [20/20] Processando Baytril
2026-02-17 20:26:12,304 - scraper_base - INFO - 🔍 Petlove: Buscando Baytril
2026-02-17 20:26:14,164 - scraper_base - INFO - ✅ Petlove: 4 produto(s) encontrado(s) para Baytril
2026-02-17 20:26:15,934 - scraper_base - INFO - 📊 Petlove - Estatísticas finais:
2026-02-17 20:26:15,934 - scraper_base - INFO -    • Medicamentos processados: 20
2026-02-17 20:26:15,934 - scraper_base - INFO -    • Produtos encontrados: 248
2026-02-17 20:26:15,934 - scraper_base - INFO -    • Medicamentos sem resultado: 0
2026-02-17 20:26:15,934 - scraper_base - INFO -    • Tempo total: 74.3s
2026-02-17 20:26:15,934 - scraper_base - INFO -    • Tempo médio por medicamento: 3.7s
2026-02-17 20:26:15,976 - gerenciador_arquivos - INFO - Excel salvo: dados_coletados/petlove_20260217_202615.xlsx (248 produtos)
2026-02-17 20:26:15,977 - gerenciador_principal - INFO - Petlove: Arquivo individual salvo com sucesso
2026-02-17 20:26:15,977 - gerenciador_principal - INFO - Pausando entre sites...
2026-02-17 20:26:17,977 - gerenciador_principal - INFO - [3/3] Processando Petz
2026-02-17 20:26:17,977 - scraper_base - INFO - 🚀 Iniciando scraping completo - Petz
2026-02-17 20:26:18,435 - scraper_base - INFO - 📋 20 medicamentos para processar
2026-02-17 20:26:18,436 - scraper_base - INFO - 📦 [1/20] Processando Simparic
2026-02-17 20:26:18,436 - scraper_base - INFO - 🔍 Petz: Buscando Simparic
2026-02-17 20:26:23,299 - scraper_base - INFO - ✅ Petz: 12 produto(s) encontrado(s) para Simparic
2026-02-17 20:26:26,196 - scraper_base - INFO - 📦 [2/20] Processando Revolution
2026-02-17 20:26:26,196 - scraper_base - INFO - 🔍 Petz: Buscando Revolution
2026-02-17 20:26:28,457 - scraper_base - INFO - ✅ Petz: 26 produto(s) encontrado(s) para Revolution
2026-02-17 20:26:30,173 - scraper_base - INFO - 📦 [3/20] Processando NexGard
2026-02-17 20:26:30,173 - scraper_base - INFO - 🔍 Petz: Buscando NexGard
2026-02-17 20:26:32,228 - scraper_base - INFO - ✅ Petz: 22 produto(s) encontrado(s) para NexGard
2026-02-17 20:26:33,650 - scraper_base - INFO - 📦 [4/20] Processando NexGard Spectra
2026-02-17 20:26:33,651 - scraper_base - INFO - 🔍 Petz: Buscando NexGard Spectra
2026-02-17 20:26:35,687 - scraper_base - INFO - ✅ Petz: 10 produto(s) encontrado(s) para NexGard Spectra
2026-02-17 20:26:38,439 - scraper_base - INFO - 📦 [5/20] Processando NexGard Combo
2026-02-17 20:26:38,439 - scraper_base - INFO - 🔍 Petz: Buscando NexGard Combo
2026-02-17 20:26:40,211 - scraper_base - INFO - ✅ Petz: 4 produto(s) encontrado(s) para NexGard Combo
2026-02-17 20:26:41,846 - scraper_base - INFO - 📦 [6/20] Processando Bravecto
2026-02-17 20:26:41,846 - scraper_base - INFO - 🔍 Petz: Buscando Bravecto
2026-02-17 20:26:43,607 - scraper_base - INFO - ✅ Petz: 16 produto(s) encontrado(s) para Bravecto
2026-02-17 20:26:46,510 - scraper_base - INFO - 📦 [7/20] Processando Frontline
2026-02-17 20:26:46,510 - scraper_base - INFO - 🔍 Petz: Buscando Frontline
2026-02-17 20:26:48,168 - scraper_base - INFO - ✅ Petz: 11 produto(s) encontrado(s) para Frontline
2026-02-17 20:26:51,120 - scraper_base - INFO - 📦 [8/20] Processando Advocate
2026-02-17 20:26:51,120 - scraper_base - INFO - 🔍 Petz: Buscando Advocate
2026-02-17 20:26:52,733 - scraper_base - INFO - ✅ Petz: 12 produto(s) encontrado(s) para Advocate
2026-02-17 20:26:55,137 - scraper_base - INFO - 📦 [9/20] Processando Drontal
2026-02-17 20:26:55,137 - scraper_base - INFO - 🔍 Petz: Buscando Drontal
2026-02-17 20:26:57,357 - scraper_base - INFO - ✅ Petz: 30 produto(s) encontrado(s) para Drontal
2026-02-17 20:26:59,763 - scraper_base - INFO - 📦 [10/20] Processando Milbemax
2026-02-17 20:26:59,763 - scraper_base - INFO - 🔍 Petz: Buscando Milbemax
2026-02-17 20:27:01,238 - scraper_base - INFO - ✅ Petz: 4 produto(s) encontrado(s) para Milbemax
2026-02-17 20:27:02,402 - scraper_base - INFO - 📦 [11/20] Processando Vermivet
2026-02-17 20:27:02,402 - scraper_base - INFO - 🔍 Petz: Buscando Vermivet
2026-02-17 20:27:03,897 - scraper_base - INFO - ✅ Petz: 5 produto(s) encontrado(s) para Vermivet
2026-02-17 20:27:06,715 - scraper_base - INFO - 📦 [12/20] Processando Rimadyl
2026-02-17 20:27:06,715 - scraper_base - INFO - 🔍 Petz: Buscando Rimadyl
2026-02-17 20:27:08,664 - scraper_base - INFO - ✅ Petz: 3 produto(s) encontrado(s) para Rimadyl
2026-02-17 20:27:10,035 - scraper_base - INFO - 📦 [13/20] Processando Onsior
2026-02-17 20:27:10,035 - scraper_base - INFO - 🔍 Petz: Buscando Onsior
2026-02-17 20:27:11,872 - scraper_base - INFO - ✅ Petz: 4 produto(s) encontrado(s) para Onsior
2026-02-17 20:27:13,772 - scraper_base - INFO - 📦 [14/20] Processando Maxicam
2026-02-17 20:27:13,772 - scraper_base - INFO - 🔍 Petz: Buscando Maxicam
2026-02-17 20:27:15,881 - scraper_base - INFO - ✅ Petz: 29 produto(s) encontrado(s) para Maxicam
2026-02-17 20:27:18,161 - scraper_base - INFO - 📦 [15/20] Processando Carproflan
2026-02-17 20:27:18,161 - scraper_base - INFO - 🔍 Petz: Buscando Carproflan
2026-02-17 20:27:19,845 - scraper_base - INFO - ✅ Petz: 3 produto(s) encontrado(s) para Carproflan
2026-02-17 20:27:21,322 - scraper_base - INFO - 📦 [16/20] Processando Previcox
2026-02-17 20:27:21,323 - scraper_base - INFO - 🔍 Petz: Buscando Previcox
2026-02-17 20:27:23,889 - scraper_base - INFO - ✅ Petz: 2 produto(s) encontrado(s) para Previcox
2026-02-17 20:27:25,602 - scraper_base - INFO - 📦 [17/20] Processando Apoquel
2026-02-17 20:27:25,602 - scraper_base - INFO - 🔍 Petz: Buscando Apoquel
2026-02-17 20:27:27,084 - scraper_base - INFO - ✅ Petz: 3 produto(s) encontrado(s) para Apoquel
2026-02-17 20:27:28,978 - scraper_base - INFO - 📦 [18/20] Processando Zenrelia
2026-02-17 20:27:28,978 - scraper_base - INFO - 🔍 Petz: Buscando Zenrelia
2026-02-17 20:27:30,500 - scraper_base - INFO - ✅ Petz: 4 produto(s) encontrado(s) para Zenrelia
2026-02-17 20:27:33,269 - scraper_base - INFO - 📦 [19/20] Processando Synulox
2026-02-17 20:27:33,269 - scraper_base - INFO - 🔍 Petz: Buscando Synulox
2026-02-17 20:27:34,735 - scraper_base - INFO - ✅ Petz: 2 produto(s) encontrado(s) para Synulox
2026-02-17 20:27:35,748 - scraper_base - INFO - 📦 [20/20] Processando Baytril
2026-02-17 20:27:35,748 - scraper_base - INFO - 🔍 Petz: Buscando Baytril
2026-02-17 20:27:37,322 - scraper_base - INFO - ✅ Petz: 9 produto(s) encontrado(s) para Baytril
2026-02-17 20:27:39,493 - scraper_base - INFO - 📊 Petz - Estatísticas finais:
2026-02-17 20:27:39,493 - scraper_base - INFO -    • Medicamentos processados: 20
2026-02-17 20:27:39,493 - scraper_base - INFO -    • Produtos encontrados: 211
2026-02-17 20:27:39,494 - scraper_base - INFO -    • Medicamentos sem resultado: 0
2026-02-17 20:27:39,494 - scraper_base - INFO -    • Tempo total: 81.5s
2026-02-17 20:27:39,494 - scraper_base - INFO -    • Tempo médio por medicamento: 4.1s
2026-02-17 20:27:39,584 - gerenciador_arquivos - INFO - Excel salvo: dados_coletados/petz_20260217_202739.xlsx (211 produtos)
2026-02-17 20:27:39,585 - gerenciador_principal - INFO - Petz: Arquivo individual salvo com sucesso
2026-02-17 20:27:39,585 - gerenciador_principal - INFO - Gerando relatório consolidado...
2026-02-17 20:27:39,784 - gerenciador_arquivos - INFO - Relatório consolidado salvo: dados_relatorios/relatorio_consolidado_20260217_202739.xlsx
2026-02-17 20:27:39,883 - gerenciador_conexoes - INFO - Chrome fechado
2026-02-17 20:27:39,883 - gerenciador_conexoes - INFO - Métodos utilizados - Requests: 33.3%, Selenium: 66.7%, Falhas: 0.0%
2026-02-17 20:27:39,883 - gerenciador_principal - INFO - ============================================================
2026-02-17 20:27:39,883 - gerenciador_principal - INFO - RELATORIO FINAL DE EXECUÇÃO
2026-02-17 20:27:39,883 - gerenciador_principal - INFO - ============================================================
2026-02-17 20:27:39,883 - gerenciador_principal - INFO - Sites processados: 3
2026-02-17 20:27:39,883 - gerenciador_principal - INFO - Sites com sucesso: 3
2026-02-17 20:27:39,883 - gerenciador_principal - INFO - Total de produtos coletados: 625
2026-02-17 20:27:39,883 - gerenciador_principal - INFO - Tempo total de execução: 248.6 segundos
2026-02-17 20:27:39,883 - gerenciador_principal - INFO - Estatísticas de conexão:
2026-02-17 20:27:39,883 - gerenciador_principal - INFO -   - Requests bem-sucedidos: 33.3%
2026-02-17 20:27:39,883 - gerenciador_principal - INFO -   - Selenium fallback: 66.7%
2026-02-17 20:27:39,883 - gerenciador_principal - INFO -   - Falhas totais: 0.0%
2026-02-17 20:27:39,886 - gerenciador_principal - INFO - Arquivos salvos na pasta: dados_coletados
2026-02-17 20:27:39,886 - gerenciador_principal - INFO - Total de arquivos: 415
2026-02-17 20:27:39,886 - gerenciador_principal - INFO - ============================================================
