2026-03-12 20:21:02,502 - configurador_logs - INFO - Sistema de logs configurado com sucesso
2026-03-12 20:21:02,503 - configurador_logs - INFO - 🚀 Logs configurados para MODO PRODUÇÃO
2026-03-12 20:21:02,503 - gerenciador_principal - INFO - Inicializando sistema - Modo: PRODUCAO
2026-03-12 20:21:02,503 - gerenciador_arquivos - INFO - Pasta dados_coletados preparada
2026-03-12 20:21:02,503 - gerenciador_principal - INFO - Sistema inicializado com 3 scrapers
2026-03-12 20:21:02,503 - gerenciador_principal - INFO - ============================================================
2026-03-12 20:21:02,503 - gerenciador_principal - INFO - INICIANDO SCRAPING COMPLETO - PRODUCAO
2026-03-12 20:21:02,503 - gerenciador_principal - INFO - ============================================================
2026-03-12 20:21:02,503 - gerenciador_principal - INFO - [1/3] Processando Cobasi
2026-03-12 20:21:02,504 - scraper_base - INFO - 🚀 Iniciando scraping completo - Cobasi
2026-03-12 20:21:02,811 - gerenciador_conexoes - INFO - Sessao estabelecida com cobasi.com.br
2026-03-12 20:21:02,811 - scraper_base - INFO - 📋 20 medicamentos para processar
2026-03-12 20:21:02,811 - scraper_base - INFO - 📦 [1/20] Processando Simparic
2026-03-12 20:21:02,811 - scraper_base - INFO - 🔍 Cobasi: Buscando Simparic
2026-03-12 20:21:07,402 - scraper_cobasi - INFO - Cobasi: Dados extraídos via JSON para Simparic
2026-03-12 20:21:07,402 - scraper_base - INFO - ✅ Cobasi: 12 produto(s) encontrado(s) para Simparic
2026-03-12 20:21:10,283 - scraper_base - INFO - 📦 [2/20] Processando Revolution
2026-03-12 20:21:10,283 - scraper_base - INFO - 🔍 Cobasi: Buscando Revolution
2026-03-12 20:21:13,648 - scraper_cobasi - INFO - Cobasi: Dados extraídos via JSON para Revolution
2026-03-12 20:21:13,648 - scraper_base - INFO - ✅ Cobasi: 18 produto(s) encontrado(s) para Revolution
2026-03-12 20:21:15,901 - scraper_base - INFO - 📦 [3/20] Processando NexGard
2026-03-12 20:21:15,901 - scraper_base - INFO - 🔍 Cobasi: Buscando NexGard
2026-03-12 20:21:20,198 - scraper_cobasi - INFO - Cobasi: Dados extraídos via JSON para NexGard
2026-03-12 20:21:20,199 - scraper_base - INFO - ✅ Cobasi: 22 produto(s) encontrado(s) para NexGard
2026-03-12 20:21:21,303 - scraper_base - INFO - 📦 [4/20] Processando NexGard Spectra
2026-03-12 20:21:21,303 - scraper_base - INFO - 🔍 Cobasi: Buscando NexGard Spectra
2026-03-12 20:21:24,419 - scraper_cobasi - INFO - Cobasi: Dados extraídos via JSON para NexGard Spectra
2026-03-12 20:21:24,419 - scraper_base - INFO - ✅ Cobasi: 10 produto(s) encontrado(s) para NexGard Spectra
2026-03-12 20:21:26,305 - scraper_base - INFO - 📦 [5/20] Processando NexGard Combo
2026-03-12 20:21:26,305 - scraper_base - INFO - 🔍 Cobasi: Buscando NexGard Combo
2026-03-12 20:21:29,288 - scraper_cobasi - INFO - Cobasi: Dados extraídos via JSON para NexGard Combo
2026-03-12 20:21:29,288 - scraper_base - INFO - ✅ Cobasi: 4 produto(s) encontrado(s) para NexGard Combo
2026-03-12 20:21:31,210 - scraper_base - INFO - 📦 [6/20] Processando Bravecto
2026-03-12 20:21:31,210 - scraper_base - INFO - 🔍 Cobasi: Buscando Bravecto
2026-03-12 20:21:35,037 - scraper_cobasi - INFO - Cobasi: Dados extraídos via JSON para Bravecto
2026-03-12 20:21:35,037 - scraper_base - INFO - ✅ Cobasi: 16 produto(s) encontrado(s) para Bravecto
2026-03-12 20:21:37,440 - scraper_base - INFO - 📦 [7/20] Processando Frontline
2026-03-12 20:21:37,440 - scraper_base - INFO - 🔍 Cobasi: Buscando Frontline
2026-03-12 20:21:41,813 - scraper_cobasi - INFO - Cobasi: Dados extraídos via JSON para Frontline
2026-03-12 20:21:41,813 - scraper_base - INFO - ✅ Cobasi: 11 produto(s) encontrado(s) para Frontline
2026-03-12 20:21:43,258 - scraper_base - INFO - 📦 [8/20] Processando Advocate
2026-03-12 20:21:43,258 - scraper_base - INFO - 🔍 Cobasi: Buscando Advocate
2026-03-12 20:21:46,815 - scraper_cobasi - INFO - Cobasi: Dados extraídos via JSON para Advocate
2026-03-12 20:21:46,815 - scraper_base - INFO - ✅ Cobasi: 12 produto(s) encontrado(s) para Advocate
2026-03-12 20:21:49,403 - scraper_base - INFO - 📦 [9/20] Processando Drontal
2026-03-12 20:21:49,403 - scraper_base - INFO - 🔍 Cobasi: Buscando Drontal
2026-03-12 20:21:55,504 - scraper_cobasi - INFO - Cobasi: Dados extraídos via JSON para Drontal
2026-03-12 20:21:55,504 - scraper_base - INFO - ✅ Cobasi: 8 produto(s) encontrado(s) para Drontal
2026-03-12 20:21:56,842 - scraper_base - INFO - 📦 [10/20] Processando Milbemax
2026-03-12 20:21:56,842 - scraper_base - INFO - 🔍 Cobasi: Buscando Milbemax
2026-03-12 20:22:00,121 - scraper_cobasi - INFO - Cobasi: Dados extraídos via JSON para Milbemax
2026-03-12 20:22:00,121 - scraper_base - INFO - ✅ Cobasi: 4 produto(s) encontrado(s) para Milbemax
2026-03-12 20:22:02,203 - scraper_base - INFO - 📦 [11/20] Processando Vermivet
2026-03-12 20:22:02,204 - scraper_base - INFO - 🔍 Cobasi: Buscando Vermivet
2026-03-12 20:22:05,347 - scraper_cobasi - INFO - Cobasi: Dados extraídos via JSON para Vermivet
2026-03-12 20:22:05,347 - scraper_base - INFO - ✅ Cobasi: 5 produto(s) encontrado(s) para Vermivet
2026-03-12 20:22:08,122 - scraper_base - INFO - 📦 [12/20] Processando Rimadyl
2026-03-12 20:22:08,122 - scraper_base - INFO - 🔍 Cobasi: Buscando Rimadyl
2026-03-12 20:22:11,263 - scraper_cobasi - INFO - Cobasi: Dados extraídos via JSON para Rimadyl
2026-03-12 20:22:11,263 - scraper_base - INFO - ✅ Cobasi: 3 produto(s) encontrado(s) para Rimadyl
2026-03-12 20:22:13,433 - scraper_base - INFO - 📦 [13/20] Processando Onsior
2026-03-12 20:22:13,433 - scraper_base - INFO - 🔍 Cobasi: Buscando Onsior
2026-03-12 20:22:16,725 - scraper_cobasi - INFO - Cobasi: Dados extraídos via JSON para Onsior
2026-03-12 20:22:16,725 - scraper_base - INFO - ✅ Cobasi: 4 produto(s) encontrado(s) para Onsior
2026-03-12 20:22:18,116 - scraper_base - INFO - 📦 [14/20] Processando Maxicam
2026-03-12 20:22:18,116 - scraper_base - INFO - 🔍 Cobasi: Buscando Maxicam
2026-03-12 20:22:25,367 - scraper_cobasi - INFO - Cobasi: Dados extraídos via JSON para Maxicam
2026-03-12 20:22:25,367 - scraper_base - INFO - ✅ Cobasi: 3 produto(s) encontrado(s) para Maxicam
2026-03-12 20:22:27,950 - scraper_base - INFO - 📦 [15/20] Processando Carproflan
2026-03-12 20:22:27,951 - scraper_base - INFO - 🔍 Cobasi: Buscando Carproflan
2026-03-12 20:22:32,357 - scraper_cobasi - INFO - Cobasi: Dados extraídos via JSON para Carproflan
2026-03-12 20:22:32,357 - scraper_base - INFO - ✅ Cobasi: 3 produto(s) encontrado(s) para Carproflan
2026-03-12 20:22:33,795 - scraper_base - INFO - 📦 [16/20] Processando Previcox
2026-03-12 20:22:33,795 - scraper_base - INFO - 🔍 Cobasi: Buscando Previcox
2026-03-12 20:22:37,383 - scraper_cobasi - INFO - Cobasi: Dados extraídos via JSON para Previcox
2026-03-12 20:22:37,383 - scraper_base - INFO - ✅ Cobasi: 2 produto(s) encontrado(s) para Previcox
2026-03-12 20:22:38,425 - scraper_base - INFO - 📦 [17/20] Processando Apoquel
2026-03-12 20:22:38,425 - scraper_base - INFO - 🔍 Cobasi: Buscando Apoquel
2026-03-12 20:22:41,950 - scraper_cobasi - INFO - Cobasi: Dados extraídos via JSON para Apoquel
2026-03-12 20:22:41,951 - scraper_base - INFO - ✅ Cobasi: 3 produto(s) encontrado(s) para Apoquel
2026-03-12 20:22:44,917 - scraper_base - INFO - 📦 [18/20] Processando Zenrelia
2026-03-12 20:22:44,917 - scraper_base - INFO - 🔍 Cobasi: Buscando Zenrelia
2026-03-12 20:22:51,680 - scraper_cobasi - INFO - Cobasi: Dados extraídos via JSON para Zenrelia
2026-03-12 20:22:51,680 - scraper_base - INFO - ✅ Cobasi: 4 produto(s) encontrado(s) para Zenrelia
2026-03-12 20:22:54,267 - scraper_base - INFO - 📦 [19/20] Processando Synulox
2026-03-12 20:22:54,267 - scraper_base - INFO - 🔍 Cobasi: Buscando Synulox
2026-03-12 20:22:57,585 - scraper_cobasi - INFO - Cobasi: Dados extraídos via JSON para Synulox
2026-03-12 20:22:57,586 - scraper_base - INFO - ✅ Cobasi: 2 produto(s) encontrado(s) para Synulox
2026-03-12 20:22:59,458 - scraper_base - INFO - 📦 [20/20] Processando Baytril
2026-03-12 20:22:59,458 - scraper_base - INFO - 🔍 Cobasi: Buscando Baytril
2026-03-12 20:23:02,521 - scraper_cobasi - INFO - Cobasi: Dados extraídos via JSON para Baytril
2026-03-12 20:23:02,521 - scraper_base - INFO - ✅ Cobasi: 3 produto(s) encontrado(s) para Baytril
2026-03-12 20:23:04,171 - scraper_base - INFO - 📊 Cobasi - Estatísticas finais:
2026-03-12 20:23:04,171 - scraper_base - INFO -    • Medicamentos processados: 20
2026-03-12 20:23:04,171 - scraper_base - INFO -    • Produtos encontrados: 149
2026-03-12 20:23:04,171 - scraper_base - INFO -    • Medicamentos sem resultado: 0
2026-03-12 20:23:04,171 - scraper_base - INFO -    • Tempo total: 121.7s
2026-03-12 20:23:04,171 - scraper_base - INFO -    • Tempo médio por medicamento: 6.1s
2026-03-12 20:23:04,385 - gerenciador_arquivos - INFO - Excel salvo: dados_coletados/cobasi_20260312_202304.xlsx (149 produtos)
2026-03-12 20:23:04,385 - gerenciador_principal - INFO - Cobasi: Arquivo individual salvo com sucesso
2026-03-12 20:23:04,385 - gerenciador_principal - INFO - Pausando entre sites...
2026-03-12 20:23:06,386 - gerenciador_principal - INFO - [2/3] Processando Petlove
2026-03-12 20:23:06,386 - scraper_base - INFO - 🚀 Iniciando scraping completo - Petlove
2026-03-12 20:23:06,639 - scraper_base - INFO - 📋 20 medicamentos para processar
2026-03-12 20:23:06,640 - scraper_base - INFO - 📦 [1/20] Processando Simparic
2026-03-12 20:23:06,640 - scraper_base - INFO - 🔍 Petlove: Buscando Simparic
2026-03-12 20:23:12,837 - gerenciador_conexoes - INFO - Chrome inicializado com otimizacoes de velocidade
2026-03-12 20:23:16,134 - scraper_base - INFO - ✅ Petlove: 18 produto(s) encontrado(s) para Simparic
2026-03-12 20:23:17,490 - scraper_base - INFO - 📦 [2/20] Processando Revolution
2026-03-12 20:23:17,490 - scraper_base - INFO - 🔍 Petlove: Buscando Revolution
2026-03-12 20:23:19,334 - scraper_base - INFO - ✅ Petlove: 12 produto(s) encontrado(s) para Revolution
2026-03-12 20:23:20,435 - scraper_base - INFO - 📦 [3/20] Processando NexGard
2026-03-12 20:23:20,435 - scraper_base - INFO - 🔍 Petlove: Buscando NexGard
2026-03-12 20:23:21,746 - scraper_base - INFO - ✅ Petlove: 11 produto(s) encontrado(s) para NexGard
2026-03-12 20:23:24,011 - scraper_base - INFO - 📦 [4/20] Processando NexGard Spectra
2026-03-12 20:23:24,011 - scraper_base - INFO - 🔍 Petlove: Buscando NexGard Spectra
2026-03-12 20:23:25,676 - scraper_base - INFO - ✅ Petlove: 5 produto(s) encontrado(s) para NexGard Spectra
2026-03-12 20:23:26,847 - scraper_base - INFO - 📦 [5/20] Processando NexGard Combo
2026-03-12 20:23:26,847 - scraper_base - INFO - 🔍 Petlove: Buscando NexGard Combo
2026-03-12 20:23:28,298 - scraper_base - INFO - ✅ Petlove: 2 produto(s) encontrado(s) para NexGard Combo
2026-03-12 20:23:29,323 - scraper_base - INFO - 📦 [6/20] Processando Bravecto
2026-03-12 20:23:29,323 - scraper_base - INFO - 🔍 Petlove: Buscando Bravecto
2026-03-12 20:23:31,578 - scraper_base - INFO - ✅ Petlove: 28 produto(s) encontrado(s) para Bravecto
2026-03-12 20:23:33,665 - scraper_base - INFO - 📦 [7/20] Processando Frontline
2026-03-12 20:23:33,665 - scraper_base - INFO - 🔍 Petlove: Buscando Frontline
2026-03-12 20:23:35,234 - scraper_base - INFO - ✅ Petlove: 11 produto(s) encontrado(s) para Frontline
2026-03-12 20:23:38,130 - scraper_base - INFO - 📦 [8/20] Processando Advocate
2026-03-12 20:23:38,130 - scraper_base - INFO - 🔍 Petlove: Buscando Advocate
2026-03-12 20:23:39,780 - scraper_base - INFO - ✅ Petlove: 8 produto(s) encontrado(s) para Advocate
2026-03-12 20:23:41,096 - scraper_base - INFO - 📦 [9/20] Processando Drontal
2026-03-12 20:23:41,096 - scraper_base - INFO - 🔍 Petlove: Buscando Drontal
2026-03-12 20:23:43,483 - scraper_base - INFO - ✅ Petlove: 36 produto(s) encontrado(s) para Drontal
2026-03-12 20:23:44,852 - scraper_base - INFO - 📦 [10/20] Processando Milbemax
2026-03-12 20:23:44,852 - scraper_base - INFO - 🔍 Petlove: Buscando Milbemax
2026-03-12 20:23:46,150 - scraper_base - INFO - ✅ Petlove: 14 produto(s) encontrado(s) para Milbemax
2026-03-12 20:23:48,411 - scraper_base - INFO - 📦 [11/20] Processando Vermivet
2026-03-12 20:23:48,411 - scraper_base - INFO - 🔍 Petlove: Buscando Vermivet
2026-03-12 20:23:50,670 - scraper_base - INFO - ✅ Petlove: 36 produto(s) encontrado(s) para Vermivet
2026-03-12 20:23:53,522 - scraper_base - INFO - 📦 [12/20] Processando Rimadyl
2026-03-12 20:23:53,522 - scraper_base - INFO - 🔍 Petlove: Buscando Rimadyl
2026-03-12 20:23:55,360 - scraper_base - INFO - ✅ Petlove: 1 produto(s) encontrado(s) para Rimadyl
2026-03-12 20:23:58,186 - scraper_base - INFO - 📦 [13/20] Processando Onsior
2026-03-12 20:23:58,186 - scraper_base - INFO - 🔍 Petlove: Buscando Onsior
2026-03-12 20:24:02,952 - scraper_base - INFO - ✅ Petlove: 4 produto(s) encontrado(s) para Onsior
2026-03-12 20:24:04,368 - scraper_base - INFO - 📦 [14/20] Processando Maxicam
2026-03-12 20:24:04,368 - scraper_base - INFO - 🔍 Petlove: Buscando Maxicam
2026-03-12 20:24:05,635 - scraper_base - INFO - ✅ Petlove: 3 produto(s) encontrado(s) para Maxicam
2026-03-12 20:24:07,098 - scraper_base - INFO - 📦 [15/20] Processando Carproflan
2026-03-12 20:24:07,098 - scraper_base - INFO - 🔍 Petlove: Buscando Carproflan
2026-03-12 20:24:08,640 - scraper_base - INFO - ✅ Petlove: 6 produto(s) encontrado(s) para Carproflan
2026-03-12 20:24:10,491 - scraper_base - INFO - 📦 [16/20] Processando Previcox
2026-03-12 20:24:10,491 - scraper_base - INFO - 🔍 Petlove: Buscando Previcox
2026-03-12 20:24:12,777 - scraper_base - INFO - ✅ Petlove: 4 produto(s) encontrado(s) para Previcox
2026-03-12 20:24:13,821 - scraper_base - INFO - 📦 [17/20] Processando Apoquel
2026-03-12 20:24:13,821 - scraper_base - INFO - 🔍 Petlove: Buscando Apoquel
2026-03-12 20:24:15,786 - scraper_base - INFO - ✅ Petlove: 17 produto(s) encontrado(s) para Apoquel
2026-03-12 20:24:18,409 - scraper_base - INFO - 📦 [18/20] Processando Zenrelia
2026-03-12 20:24:18,409 - scraper_base - INFO - 🔍 Petlove: Buscando Zenrelia
2026-03-12 20:24:19,873 - scraper_base - INFO - ✅ Petlove: 4 produto(s) encontrado(s) para Zenrelia
2026-03-12 20:24:21,636 - scraper_base - INFO - 📦 [19/20] Processando Synulox
2026-03-12 20:24:21,636 - scraper_base - INFO - 🔍 Petlove: Buscando Synulox
2026-03-12 20:24:23,251 - scraper_base - INFO - ✅ Petlove: 1 produto(s) encontrado(s) para Synulox
2026-03-12 20:24:26,128 - scraper_base - INFO - 📦 [20/20] Processando Baytril
2026-03-12 20:24:26,128 - scraper_base - INFO - 🔍 Petlove: Buscando Baytril
2026-03-12 20:24:27,783 - scraper_base - INFO - ✅ Petlove: 3 produto(s) encontrado(s) para Baytril
2026-03-12 20:24:29,272 - scraper_base - INFO - 📊 Petlove - Estatísticas finais:
2026-03-12 20:24:29,272 - scraper_base - INFO -    • Medicamentos processados: 20
2026-03-12 20:24:29,272 - scraper_base - INFO -    • Produtos encontrados: 224
2026-03-12 20:24:29,273 - scraper_base - INFO -    • Medicamentos sem resultado: 0
2026-03-12 20:24:29,273 - scraper_base - INFO -    • Tempo total: 82.9s
2026-03-12 20:24:29,273 - scraper_base - INFO -    • Tempo médio por medicamento: 4.1s
2026-03-12 20:24:29,317 - gerenciador_arquivos - INFO - Excel salvo: dados_coletados/petlove_20260312_202429.xlsx (224 produtos)
2026-03-12 20:24:29,317 - gerenciador_principal - INFO - Petlove: Arquivo individual salvo com sucesso
2026-03-12 20:24:29,317 - gerenciador_principal - INFO - Pausando entre sites...
2026-03-12 20:24:31,317 - gerenciador_principal - INFO - [3/3] Processando Petz
2026-03-12 20:24:31,318 - scraper_base - INFO - 🚀 Iniciando scraping completo - Petz
2026-03-12 20:24:31,631 - scraper_base - INFO - 📋 20 medicamentos para processar
2026-03-12 20:24:31,632 - scraper_base - INFO - 📦 [1/20] Processando Simparic
2026-03-12 20:24:31,632 - scraper_base - INFO - 🔍 Petz: Buscando Simparic
2026-03-12 20:24:35,912 - scraper_base - INFO - ✅ Petz: 12 produto(s) encontrado(s) para Simparic
2026-03-12 20:24:37,989 - scraper_base - INFO - 📦 [2/20] Processando Revolution
2026-03-12 20:24:37,989 - scraper_base - INFO - 🔍 Petz: Buscando Revolution
2026-03-12 20:24:42,134 - scraper_base - INFO - ✅ Petz: 21 produto(s) encontrado(s) para Revolution
2026-03-12 20:24:43,665 - scraper_base - INFO - 📦 [3/20] Processando NexGard
2026-03-12 20:24:43,665 - scraper_base - INFO - 🔍 Petz: Buscando NexGard
2026-03-12 20:24:45,735 - scraper_base - INFO - ✅ Petz: 22 produto(s) encontrado(s) para NexGard
2026-03-12 20:24:47,767 - scraper_base - INFO - 📦 [4/20] Processando NexGard Spectra
2026-03-12 20:24:47,768 - scraper_base - INFO - 🔍 Petz: Buscando NexGard Spectra
2026-03-12 20:24:50,118 - scraper_base - INFO - ✅ Petz: 10 produto(s) encontrado(s) para NexGard Spectra
2026-03-12 20:24:52,122 - scraper_base - INFO - 📦 [5/20] Processando NexGard Combo
2026-03-12 20:24:52,122 - scraper_base - INFO - 🔍 Petz: Buscando NexGard Combo
2026-03-12 20:24:54,087 - scraper_base - INFO - ✅ Petz: 4 produto(s) encontrado(s) para NexGard Combo
2026-03-12 20:24:55,361 - scraper_base - INFO - 📦 [6/20] Processando Bravecto
2026-03-12 20:24:55,362 - scraper_base - INFO - 🔍 Petz: Buscando Bravecto
2026-03-12 20:24:57,532 - scraper_base - INFO - ✅ Petz: 16 produto(s) encontrado(s) para Bravecto
2026-03-12 20:24:59,678 - scraper_base - INFO - 📦 [7/20] Processando Frontline
2026-03-12 20:24:59,678 - scraper_base - INFO - 🔍 Petz: Buscando Frontline
2026-03-12 20:25:02,417 - scraper_base - INFO - ✅ Petz: 11 produto(s) encontrado(s) para Frontline
2026-03-12 20:25:04,015 - scraper_base - INFO - 📦 [8/20] Processando Advocate
2026-03-12 20:25:04,015 - scraper_base - INFO - 🔍 Petz: Buscando Advocate
2026-03-12 20:25:06,212 - scraper_base - INFO - ✅ Petz: 12 produto(s) encontrado(s) para Advocate
2026-03-12 20:25:09,052 - scraper_base - INFO - 📦 [9/20] Processando Drontal
2026-03-12 20:25:09,052 - scraper_base - INFO - 🔍 Petz: Buscando Drontal
2026-03-12 20:25:12,245 - scraper_base - INFO - ✅ Petz: 32 produto(s) encontrado(s) para Drontal
2026-03-12 20:25:14,375 - scraper_base - INFO - 📦 [10/20] Processando Milbemax
2026-03-12 20:25:14,375 - scraper_base - INFO - 🔍 Petz: Buscando Milbemax
2026-03-12 20:25:16,286 - scraper_base - INFO - ✅ Petz: 4 produto(s) encontrado(s) para Milbemax
2026-03-12 20:25:17,389 - scraper_base - INFO - 📦 [11/20] Processando Vermivet
2026-03-12 20:25:17,389 - scraper_base - INFO - 🔍 Petz: Buscando Vermivet
2026-03-12 20:25:19,285 - scraper_base - INFO - ✅ Petz: 5 produto(s) encontrado(s) para Vermivet
2026-03-12 20:25:20,775 - scraper_base - INFO - 📦 [12/20] Processando Rimadyl
2026-03-12 20:25:20,776 - scraper_base - INFO - 🔍 Petz: Buscando Rimadyl
2026-03-12 20:25:22,557 - scraper_base - INFO - ✅ Petz: 3 produto(s) encontrado(s) para Rimadyl
2026-03-12 20:25:24,403 - scraper_base - INFO - 📦 [13/20] Processando Onsior
2026-03-12 20:25:24,403 - scraper_base - INFO - 🔍 Petz: Buscando Onsior
2026-03-12 20:25:26,246 - scraper_base - INFO - ✅ Petz: 4 produto(s) encontrado(s) para Onsior
2026-03-12 20:25:28,169 - scraper_base - INFO - 📦 [14/20] Processando Maxicam
2026-03-12 20:25:28,169 - scraper_base - INFO - 🔍 Petz: Buscando Maxicam
2026-03-12 20:25:30,594 - scraper_base - INFO - ✅ Petz: 31 produto(s) encontrado(s) para Maxicam
2026-03-12 20:25:32,153 - scraper_base - INFO - 📦 [15/20] Processando Carproflan
2026-03-12 20:25:32,153 - scraper_base - INFO - 🔍 Petz: Buscando Carproflan
2026-03-12 20:25:34,039 - scraper_base - INFO - ✅ Petz: 3 produto(s) encontrado(s) para Carproflan
2026-03-12 20:25:35,165 - scraper_base - INFO - 📦 [16/20] Processando Previcox
2026-03-12 20:25:35,165 - scraper_base - INFO - 🔍 Petz: Buscando Previcox
2026-03-12 20:25:37,088 - scraper_base - INFO - ✅ Petz: 2 produto(s) encontrado(s) para Previcox
2026-03-12 20:25:39,411 - scraper_base - INFO - 📦 [17/20] Processando Apoquel
2026-03-12 20:25:39,412 - scraper_base - INFO - 🔍 Petz: Buscando Apoquel
2026-03-12 20:25:40,967 - scraper_base - INFO - ✅ Petz: 3 produto(s) encontrado(s) para Apoquel
2026-03-12 20:25:42,102 - scraper_base - INFO - 📦 [18/20] Processando Zenrelia
2026-03-12 20:25:42,103 - scraper_base - INFO - 🔍 Petz: Buscando Zenrelia
2026-03-12 20:25:44,463 - scraper_base - INFO - ✅ Petz: 4 produto(s) encontrado(s) para Zenrelia
2026-03-12 20:25:45,529 - scraper_base - INFO - 📦 [19/20] Processando Synulox
2026-03-12 20:25:45,529 - scraper_base - INFO - 🔍 Petz: Buscando Synulox
2026-03-12 20:25:47,252 - scraper_base - INFO - ✅ Petz: 2 produto(s) encontrado(s) para Synulox
2026-03-12 20:25:48,452 - scraper_base - INFO - 📦 [20/20] Processando Baytril
2026-03-12 20:25:48,452 - scraper_base - INFO - 🔍 Petz: Buscando Baytril
2026-03-12 20:25:50,662 - scraper_base - INFO - ✅ Petz: 9 produto(s) encontrado(s) para Baytril
2026-03-12 20:25:51,720 - scraper_base - INFO - 📊 Petz - Estatísticas finais:
2026-03-12 20:25:51,720 - scraper_base - INFO -    • Medicamentos processados: 20
2026-03-12 20:25:51,720 - scraper_base - INFO -    • Produtos encontrados: 210
2026-03-12 20:25:51,720 - scraper_base - INFO -    • Medicamentos sem resultado: 0
2026-03-12 20:25:51,720 - scraper_base - INFO -    • Tempo total: 80.4s
2026-03-12 20:25:51,720 - scraper_base - INFO -    • Tempo médio por medicamento: 4.0s
2026-03-12 20:25:51,764 - gerenciador_arquivos - INFO - Excel salvo: dados_coletados/petz_20260312_202551.xlsx (210 produtos)
2026-03-12 20:25:51,764 - gerenciador_principal - INFO - Petz: Arquivo individual salvo com sucesso
2026-03-12 20:25:51,764 - gerenciador_principal - INFO - Gerando relatório consolidado...
2026-03-12 20:25:52,010 - gerenciador_arquivos - INFO - Relatório consolidado salvo: dados_relatorios/relatorio_consolidado_20260312_202551.xlsx
2026-03-12 20:25:52,145 - gerenciador_conexoes - INFO - Chrome fechado
2026-03-12 20:25:52,145 - gerenciador_conexoes - INFO - Métodos utilizados - Requests: 33.3%, Selenium: 66.7%, Falhas: 0.0%
2026-03-12 20:25:52,145 - gerenciador_principal - INFO - ============================================================
2026-03-12 20:25:52,145 - gerenciador_principal - INFO - RELATORIO FINAL DE EXECUÇÃO
2026-03-12 20:25:52,145 - gerenciador_principal - INFO - ============================================================
2026-03-12 20:25:52,145 - gerenciador_principal - INFO - Sites processados: 3
2026-03-12 20:25:52,145 - gerenciador_principal - INFO - Sites com sucesso: 3
2026-03-12 20:25:52,145 - gerenciador_principal - INFO - Total de produtos coletados: 583
2026-03-12 20:25:52,145 - gerenciador_principal - INFO - Tempo total de execução: 289.3 segundos
2026-03-12 20:25:52,146 - gerenciador_principal - INFO - Estatísticas de conexão:
2026-03-12 20:25:52,146 - gerenciador_principal - INFO -   - Requests bem-sucedidos: 33.3%
2026-03-12 20:25:52,146 - gerenciador_principal - INFO -   - Selenium fallback: 66.7%
2026-03-12 20:25:52,146 - gerenciador_principal - INFO -   - Falhas totais: 0.0%
2026-03-12 20:25:52,148 - gerenciador_principal - INFO - Arquivos salvos na pasta: dados_coletados
2026-03-12 20:25:52,148 - gerenciador_principal - INFO - Total de arquivos: 482
2026-03-12 20:25:52,148 - gerenciador_principal - INFO - ============================================================
