2026-06-21 21:01:17,619 - configurador_logs - INFO - Sistema de logs configurado com sucesso
2026-06-21 21:01:17,619 - configurador_logs - INFO - 🚀 Logs configurados para MODO PRODUÇÃO
2026-06-21 21:01:17,619 - gerenciador_principal - INFO - Inicializando sistema - Modo: PRODUCAO
2026-06-21 21:01:17,620 - gerenciador_arquivos - INFO - Pasta dados_coletados preparada
2026-06-21 21:01:17,620 - gerenciador_principal - INFO - Sistema inicializado com 3 scrapers
2026-06-21 21:01:17,620 - gerenciador_principal - INFO - ============================================================
2026-06-21 21:01:17,620 - gerenciador_principal - INFO - INICIANDO SCRAPING COMPLETO - PRODUCAO
2026-06-21 21:01:17,620 - gerenciador_principal - INFO - ============================================================
2026-06-21 21:01:17,620 - gerenciador_principal - INFO - [1/3] Processando Cobasi
2026-06-21 21:01:17,620 - scraper_base - INFO - 🚀 Iniciando scraping completo - Cobasi
2026-06-21 21:01:19,196 - gerenciador_conexoes - INFO - Sessao estabelecida com cobasi.com.br
2026-06-21 21:01:19,196 - scraper_base - INFO - 📋 20 medicamentos para processar
2026-06-21 21:01:19,196 - scraper_base - INFO - 📦 [1/20] Processando Simparic
2026-06-21 21:01:19,196 - scraper_base - INFO - 🔍 Cobasi: Buscando Simparic
2026-06-21 21:01:24,122 - scraper_cobasi - INFO - Cobasi: Dados extraídos via JSON para Simparic
2026-06-21 21:01:24,123 - scraper_base - INFO - ✅ Cobasi: 24 produto(s) encontrado(s) para Simparic
2026-06-21 21:01:27,027 - scraper_base - INFO - 📦 [2/20] Processando Revolution
2026-06-21 21:01:27,027 - scraper_base - INFO - 🔍 Cobasi: Buscando Revolution
2026-06-21 21:01:31,313 - scraper_cobasi - INFO - Cobasi: Dados extraídos via JSON para Revolution
2026-06-21 21:01:31,313 - scraper_base - INFO - ✅ Cobasi: 18 produto(s) encontrado(s) para Revolution
2026-06-21 21:01:33,935 - scraper_base - INFO - 📦 [3/20] Processando NexGard
2026-06-21 21:01:33,935 - scraper_base - INFO - 🔍 Cobasi: Buscando NexGard
2026-06-21 21:01:39,949 - scraper_cobasi - INFO - Cobasi: Dados extraídos via JSON para NexGard
2026-06-21 21:01:39,949 - scraper_base - INFO - ✅ Cobasi: 22 produto(s) encontrado(s) para NexGard
2026-06-21 21:01:41,761 - scraper_base - INFO - 📦 [4/20] Processando NexGard Spectra
2026-06-21 21:01:41,761 - scraper_base - INFO - 🔍 Cobasi: Buscando NexGard Spectra
2026-06-21 21:01:45,360 - scraper_cobasi - INFO - Cobasi: Dados extraídos via JSON para NexGard Spectra
2026-06-21 21:01:45,360 - scraper_base - INFO - ✅ Cobasi: 10 produto(s) encontrado(s) para NexGard Spectra
2026-06-21 21:01:47,372 - scraper_base - INFO - 📦 [5/20] Processando NexGard Combo
2026-06-21 21:01:47,372 - scraper_base - INFO - 🔍 Cobasi: Buscando NexGard Combo
2026-06-21 21:01:52,246 - scraper_cobasi - INFO - Cobasi: Dados extraídos via JSON para NexGard Combo
2026-06-21 21:01:52,246 - scraper_base - INFO - ✅ Cobasi: 4 produto(s) encontrado(s) para NexGard Combo
2026-06-21 21:01:55,040 - scraper_base - INFO - 📦 [6/20] Processando Bravecto
2026-06-21 21:01:55,040 - scraper_base - INFO - 🔍 Cobasi: Buscando Bravecto
2026-06-21 21:02:01,319 - scraper_cobasi - INFO - Cobasi: Dados extraídos via JSON para Bravecto
2026-06-21 21:02:01,319 - scraper_base - INFO - ✅ Cobasi: 16 produto(s) encontrado(s) para Bravecto
2026-06-21 21:02:02,443 - scraper_base - INFO - 📦 [7/20] Processando Frontline
2026-06-21 21:02:02,443 - scraper_base - INFO - 🔍 Cobasi: Buscando Frontline
2026-06-21 21:02:08,461 - scraper_cobasi - INFO - Cobasi: Dados extraídos via JSON para Frontline
2026-06-21 21:02:08,461 - scraper_base - INFO - ✅ Cobasi: 11 produto(s) encontrado(s) para Frontline
2026-06-21 21:02:09,474 - scraper_base - INFO - 📦 [8/20] Processando Advocate
2026-06-21 21:02:09,474 - scraper_base - INFO - 🔍 Cobasi: Buscando Advocate
2026-06-21 21:02:15,392 - scraper_cobasi - INFO - Cobasi: Dados extraídos via JSON para Advocate
2026-06-21 21:02:15,392 - scraper_base - INFO - ✅ Cobasi: 12 produto(s) encontrado(s) para Advocate
2026-06-21 21:02:18,259 - scraper_base - INFO - 📦 [9/20] Processando Drontal
2026-06-21 21:02:18,260 - scraper_base - INFO - 🔍 Cobasi: Buscando Drontal
2026-06-21 21:02:23,730 - scraper_cobasi - INFO - Cobasi: Dados extraídos via JSON para Drontal
2026-06-21 21:02:23,730 - scraper_base - INFO - ✅ Cobasi: 8 produto(s) encontrado(s) para Drontal
2026-06-21 21:02:26,305 - scraper_base - INFO - 📦 [10/20] Processando Milbemax
2026-06-21 21:02:26,305 - scraper_base - INFO - 🔍 Cobasi: Buscando Milbemax
2026-06-21 21:02:29,941 - scraper_cobasi - INFO - Cobasi: Dados extraídos via JSON para Milbemax
2026-06-21 21:02:29,941 - scraper_base - INFO - ✅ Cobasi: 4 produto(s) encontrado(s) para Milbemax
2026-06-21 21:02:31,524 - scraper_base - INFO - 📦 [11/20] Processando Vermivet
2026-06-21 21:02:31,525 - scraper_base - INFO - 🔍 Cobasi: Buscando Vermivet
2026-06-21 21:02:36,839 - scraper_cobasi - INFO - Cobasi: Dados extraídos via JSON para Vermivet
2026-06-21 21:02:36,839 - scraper_base - INFO - ✅ Cobasi: 5 produto(s) encontrado(s) para Vermivet
2026-06-21 21:02:39,164 - scraper_base - INFO - 📦 [12/20] Processando Rimadyl
2026-06-21 21:02:39,164 - scraper_base - INFO - 🔍 Cobasi: Buscando Rimadyl
2026-06-21 21:02:41,852 - scraper_cobasi - INFO - Cobasi: Dados extraídos via JSON para Rimadyl
2026-06-21 21:02:41,852 - scraper_base - INFO - ✅ Cobasi: 3 produto(s) encontrado(s) para Rimadyl
2026-06-21 21:02:43,068 - scraper_base - INFO - 📦 [13/20] Processando Onsior
2026-06-21 21:02:43,068 - scraper_base - INFO - 🔍 Cobasi: Buscando Onsior
2026-06-21 21:02:47,646 - scraper_cobasi - INFO - Cobasi: Dados extraídos via JSON para Onsior
2026-06-21 21:02:47,646 - scraper_base - INFO - ✅ Cobasi: 4 produto(s) encontrado(s) para Onsior
2026-06-21 21:02:49,538 - scraper_base - INFO - 📦 [14/20] Processando Maxicam
2026-06-21 21:02:49,538 - scraper_base - INFO - 🔍 Cobasi: Buscando Maxicam
2026-06-21 21:02:52,528 - scraper_cobasi - INFO - Cobasi: Dados extraídos via JSON para Maxicam
2026-06-21 21:02:52,528 - scraper_base - INFO - ✅ Cobasi: 3 produto(s) encontrado(s) para Maxicam
2026-06-21 21:02:55,056 - scraper_base - INFO - 📦 [15/20] Processando Carproflan
2026-06-21 21:02:55,056 - scraper_base - INFO - 🔍 Cobasi: Buscando Carproflan
2026-06-21 21:02:58,479 - scraper_cobasi - INFO - Cobasi: Dados extraídos via JSON para Carproflan
2026-06-21 21:02:58,480 - scraper_base - INFO - ✅ Cobasi: 3 produto(s) encontrado(s) para Carproflan
2026-06-21 21:02:59,500 - scraper_base - INFO - 📦 [16/20] Processando Previcox
2026-06-21 21:02:59,500 - scraper_base - INFO - 🔍 Cobasi: Buscando Previcox
2026-06-21 21:03:03,034 - scraper_cobasi - INFO - Cobasi: Dados extraídos via JSON para Previcox
2026-06-21 21:03:03,034 - scraper_base - INFO - ✅ Cobasi: 2 produto(s) encontrado(s) para Previcox
2026-06-21 21:03:04,359 - scraper_base - INFO - 📦 [17/20] Processando Apoquel
2026-06-21 21:03:04,359 - scraper_base - INFO - 🔍 Cobasi: Buscando Apoquel
2026-06-21 21:03:07,796 - scraper_cobasi - INFO - Cobasi: Dados extraídos via JSON para Apoquel
2026-06-21 21:03:07,796 - scraper_base - INFO - ✅ Cobasi: 3 produto(s) encontrado(s) para Apoquel
2026-06-21 21:03:10,632 - scraper_base - INFO - 📦 [18/20] Processando Zenrelia
2026-06-21 21:03:10,632 - scraper_base - INFO - 🔍 Cobasi: Buscando Zenrelia
2026-06-21 21:03:14,110 - scraper_cobasi - INFO - Cobasi: Dados extraídos via JSON para Zenrelia
2026-06-21 21:03:14,111 - scraper_base - INFO - ✅ Cobasi: 3 produto(s) encontrado(s) para Zenrelia
2026-06-21 21:03:16,434 - scraper_base - INFO - 📦 [19/20] Processando Synulox
2026-06-21 21:03:16,434 - scraper_base - INFO - 🔍 Cobasi: Buscando Synulox
2026-06-21 21:03:21,793 - scraper_cobasi - INFO - Cobasi: Dados extraídos via JSON para Synulox
2026-06-21 21:03:21,794 - scraper_base - INFO - ✅ Cobasi: 2 produto(s) encontrado(s) para Synulox
2026-06-21 21:03:22,954 - scraper_base - INFO - 📦 [20/20] Processando Baytril
2026-06-21 21:03:22,954 - scraper_base - INFO - 🔍 Cobasi: Buscando Baytril
2026-06-21 21:03:26,829 - scraper_cobasi - INFO - Cobasi: Dados extraídos via JSON para Baytril
2026-06-21 21:03:26,829 - scraper_base - INFO - ✅ Cobasi: 2 produto(s) encontrado(s) para Baytril
2026-06-21 21:03:28,397 - scraper_base - INFO - 📊 Cobasi - Estatísticas finais:
2026-06-21 21:03:28,397 - scraper_base - INFO -    • Medicamentos processados: 20
2026-06-21 21:03:28,397 - scraper_base - INFO -    • Produtos encontrados: 159
2026-06-21 21:03:28,397 - scraper_base - INFO -    • Medicamentos sem resultado: 0
2026-06-21 21:03:28,397 - scraper_base - INFO -    • Tempo total: 130.8s
2026-06-21 21:03:28,397 - scraper_base - INFO -    • Tempo médio por medicamento: 6.5s
2026-06-21 21:03:28,580 - gerenciador_arquivos - INFO - Excel salvo: dados_coletados/cobasi_20260621_210328.xlsx (159 produtos)
2026-06-21 21:03:28,580 - gerenciador_principal - INFO - Cobasi: Arquivo individual salvo com sucesso
2026-06-21 21:03:28,580 - gerenciador_principal - INFO - Pausando entre sites...
2026-06-21 21:03:30,580 - gerenciador_principal - INFO - [2/3] Processando Petlove
2026-06-21 21:03:30,580 - scraper_base - INFO - 🚀 Iniciando scraping completo - Petlove
2026-06-21 21:03:31,110 - gerenciador_conexoes - INFO - Sessao estabelecida com petlove.com.br
2026-06-21 21:03:31,111 - scraper_base - INFO - 📋 20 medicamentos para processar
2026-06-21 21:03:31,111 - scraper_base - INFO - 📦 [1/20] Processando Simparic
2026-06-21 21:03:31,111 - scraper_base - INFO - 🔍 Petlove: Buscando Simparic
2026-06-21 21:03:32,547 - scraper_base - INFO - ✅ Petlove: 36 produto(s) encontrado(s) para Simparic
2026-06-21 21:03:34,617 - scraper_base - INFO - 📦 [2/20] Processando Revolution
2026-06-21 21:03:34,617 - scraper_base - INFO - 🔍 Petlove: Buscando Revolution
2026-06-21 21:03:35,532 - scraper_base - INFO - ✅ Petlove: 20 produto(s) encontrado(s) para Revolution
2026-06-21 21:03:37,729 - scraper_base - INFO - 📦 [3/20] Processando NexGard
2026-06-21 21:03:37,729 - scraper_base - INFO - 🔍 Petlove: Buscando NexGard
2026-06-21 21:03:38,546 - scraper_base - INFO - ✅ Petlove: 11 produto(s) encontrado(s) para NexGard
2026-06-21 21:03:39,993 - scraper_base - INFO - 📦 [4/20] Processando NexGard Spectra
2026-06-21 21:03:39,993 - scraper_base - INFO - 🔍 Petlove: Buscando NexGard Spectra
2026-06-21 21:03:40,643 - scraper_base - INFO - ✅ Petlove: 5 produto(s) encontrado(s) para NexGard Spectra
2026-06-21 21:03:42,746 - scraper_base - INFO - 📦 [5/20] Processando NexGard Combo
2026-06-21 21:03:42,746 - scraper_base - INFO - 🔍 Petlove: Buscando NexGard Combo
2026-06-21 21:03:43,504 - scraper_base - INFO - ✅ Petlove: 2 produto(s) encontrado(s) para NexGard Combo
2026-06-21 21:03:45,419 - scraper_base - INFO - 📦 [6/20] Processando Bravecto
2026-06-21 21:03:45,420 - scraper_base - INFO - 🔍 Petlove: Buscando Bravecto
2026-06-21 21:03:46,190 - scraper_base - INFO - ✅ Petlove: 22 produto(s) encontrado(s) para Bravecto
2026-06-21 21:03:48,774 - scraper_base - INFO - 📦 [7/20] Processando Frontline
2026-06-21 21:03:48,774 - scraper_base - INFO - 🔍 Petlove: Buscando Frontline
2026-06-21 21:03:49,562 - scraper_base - INFO - ✅ Petlove: 11 produto(s) encontrado(s) para Frontline
2026-06-21 21:03:51,611 - scraper_base - INFO - 📦 [8/20] Processando Advocate
2026-06-21 21:03:51,612 - scraper_base - INFO - 🔍 Petlove: Buscando Advocate
2026-06-21 21:03:52,308 - scraper_base - INFO - ✅ Petlove: 9 produto(s) encontrado(s) para Advocate
2026-06-21 21:03:53,935 - scraper_base - INFO - 📦 [9/20] Processando Drontal
2026-06-21 21:03:53,935 - scraper_base - INFO - 🔍 Petlove: Buscando Drontal
2026-06-21 21:03:54,785 - scraper_base - INFO - ✅ Petlove: 36 produto(s) encontrado(s) para Drontal
2026-06-21 21:03:57,497 - scraper_base - INFO - 📦 [10/20] Processando Milbemax
2026-06-21 21:03:57,497 - scraper_base - INFO - 🔍 Petlove: Buscando Milbemax
2026-06-21 21:03:58,371 - scraper_base - INFO - ✅ Petlove: 14 produto(s) encontrado(s) para Milbemax
2026-06-21 21:04:00,715 - scraper_base - INFO - 📦 [11/20] Processando Vermivet
2026-06-21 21:04:00,716 - scraper_base - INFO - 🔍 Petlove: Buscando Vermivet
2026-06-21 21:04:01,648 - scraper_base - INFO - ✅ Petlove: 36 produto(s) encontrado(s) para Vermivet
2026-06-21 21:04:02,823 - scraper_base - INFO - 📦 [12/20] Processando Rimadyl
2026-06-21 21:04:02,823 - scraper_base - INFO - 🔍 Petlove: Buscando Rimadyl
2026-06-21 21:04:03,591 - scraper_base - INFO - ✅ Petlove: 1 produto(s) encontrado(s) para Rimadyl
2026-06-21 21:04:05,767 - scraper_base - INFO - 📦 [13/20] Processando Onsior
2026-06-21 21:04:05,767 - scraper_base - INFO - 🔍 Petlove: Buscando Onsior
2026-06-21 21:04:06,495 - scraper_base - INFO - ✅ Petlove: 4 produto(s) encontrado(s) para Onsior
2026-06-21 21:04:08,465 - scraper_base - INFO - 📦 [14/20] Processando Maxicam
2026-06-21 21:04:08,465 - scraper_base - INFO - 🔍 Petlove: Buscando Maxicam
2026-06-21 21:04:09,144 - scraper_base - INFO - ✅ Petlove: 3 produto(s) encontrado(s) para Maxicam
2026-06-21 21:04:10,666 - scraper_base - INFO - 📦 [15/20] Processando Carproflan
2026-06-21 21:04:10,666 - scraper_base - INFO - 🔍 Petlove: Buscando Carproflan
2026-06-21 21:04:11,372 - scraper_base - INFO - ✅ Petlove: 8 produto(s) encontrado(s) para Carproflan
2026-06-21 21:04:13,687 - scraper_base - INFO - 📦 [16/20] Processando Previcox
2026-06-21 21:04:13,688 - scraper_base - INFO - 🔍 Petlove: Buscando Previcox
2026-06-21 21:04:14,314 - scraper_base - INFO - ✅ Petlove: 4 produto(s) encontrado(s) para Previcox
2026-06-21 21:04:16,505 - scraper_base - INFO - 📦 [17/20] Processando Apoquel
2026-06-21 21:04:16,505 - scraper_base - INFO - 🔍 Petlove: Buscando Apoquel
2026-06-21 21:04:17,194 - scraper_base - INFO - ✅ Petlove: 16 produto(s) encontrado(s) para Apoquel
2026-06-21 21:04:19,554 - scraper_base - INFO - 📦 [18/20] Processando Zenrelia
2026-06-21 21:04:19,554 - scraper_base - INFO - 🔍 Petlove: Buscando Zenrelia
2026-06-21 21:04:20,216 - scraper_base - INFO - ✅ Petlove: 4 produto(s) encontrado(s) para Zenrelia
2026-06-21 21:04:22,006 - scraper_base - INFO - 📦 [19/20] Processando Synulox
2026-06-21 21:04:22,006 - scraper_base - INFO - 🔍 Petlove: Buscando Synulox
2026-06-21 21:04:22,665 - scraper_base - INFO - ✅ Petlove: 1 produto(s) encontrado(s) para Synulox
2026-06-21 21:04:24,490 - scraper_base - INFO - 📦 [20/20] Processando Baytril
2026-06-21 21:04:24,490 - scraper_base - INFO - 🔍 Petlove: Buscando Baytril
2026-06-21 21:04:25,178 - scraper_base - INFO - ✅ Petlove: 6 produto(s) encontrado(s) para Baytril
2026-06-21 21:04:27,227 - scraper_base - INFO - 📊 Petlove - Estatísticas finais:
2026-06-21 21:04:27,228 - scraper_base - INFO -    • Medicamentos processados: 20
2026-06-21 21:04:27,228 - scraper_base - INFO -    • Produtos encontrados: 249
2026-06-21 21:04:27,228 - scraper_base - INFO -    • Medicamentos sem resultado: 0
2026-06-21 21:04:27,228 - scraper_base - INFO -    • Tempo total: 56.6s
2026-06-21 21:04:27,228 - scraper_base - INFO -    • Tempo médio por medicamento: 2.8s
2026-06-21 21:04:27,276 - gerenciador_arquivos - INFO - Excel salvo: dados_coletados/petlove_20260621_210427.xlsx (249 produtos)
2026-06-21 21:04:27,276 - gerenciador_principal - INFO - Petlove: Arquivo individual salvo com sucesso
2026-06-21 21:04:27,276 - gerenciador_principal - INFO - Pausando entre sites...
2026-06-21 21:04:29,276 - gerenciador_principal - INFO - [3/3] Processando Petz
2026-06-21 21:04:29,276 - scraper_base - INFO - 🚀 Iniciando scraping completo - Petz
2026-06-21 21:04:29,551 - scraper_base - INFO - 📋 20 medicamentos para processar
2026-06-21 21:04:29,551 - scraper_base - INFO - 📦 [1/20] Processando Simparic
2026-06-21 21:04:29,551 - scraper_base - INFO - 🔍 Petz: Buscando Simparic
2026-06-21 21:04:35,791 - gerenciador_conexoes - INFO - Chrome inicializado com otimizacoes de velocidade
2026-06-21 21:04:41,575 - scraper_base - INFO - ✅ Petz: 24 produto(s) encontrado(s) para Simparic
2026-06-21 21:04:43,612 - scraper_base - INFO - 📦 [2/20] Processando Revolution
2026-06-21 21:04:43,613 - scraper_base - INFO - 🔍 Petz: Buscando Revolution
2026-06-21 21:04:46,554 - scraper_base - INFO - ✅ Petz: 27 produto(s) encontrado(s) para Revolution
2026-06-21 21:04:49,508 - scraper_base - INFO - 📦 [3/20] Processando NexGard
2026-06-21 21:04:49,508 - scraper_base - INFO - 🔍 Petz: Buscando NexGard
2026-06-21 21:04:52,252 - scraper_base - INFO - ✅ Petz: 22 produto(s) encontrado(s) para NexGard
2026-06-21 21:04:54,153 - scraper_base - INFO - 📦 [4/20] Processando NexGard Spectra
2026-06-21 21:04:54,154 - scraper_base - INFO - 🔍 Petz: Buscando NexGard Spectra
2026-06-21 21:04:56,230 - scraper_base - INFO - ✅ Petz: 10 produto(s) encontrado(s) para NexGard Spectra
2026-06-21 21:04:58,772 - scraper_base - INFO - 📦 [5/20] Processando NexGard Combo
2026-06-21 21:04:58,772 - scraper_base - INFO - 🔍 Petz: Buscando NexGard Combo
2026-06-21 21:05:00,591 - scraper_base - INFO - ✅ Petz: 4 produto(s) encontrado(s) para NexGard Combo
2026-06-21 21:05:03,023 - scraper_base - INFO - 📦 [6/20] Processando Bravecto
2026-06-21 21:05:03,023 - scraper_base - INFO - 🔍 Petz: Buscando Bravecto
2026-06-21 21:05:05,431 - scraper_base - INFO - ✅ Petz: 16 produto(s) encontrado(s) para Bravecto
2026-06-21 21:05:06,632 - scraper_base - INFO - 📦 [7/20] Processando Frontline
2026-06-21 21:05:06,632 - scraper_base - INFO - 🔍 Petz: Buscando Frontline
2026-06-21 21:05:08,686 - scraper_base - INFO - ✅ Petz: 11 produto(s) encontrado(s) para Frontline
2026-06-21 21:05:10,148 - scraper_base - INFO - 📦 [8/20] Processando Advocate
2026-06-21 21:05:10,148 - scraper_base - INFO - 🔍 Petz: Buscando Advocate
2026-06-21 21:05:12,807 - scraper_base - INFO - ✅ Petz: 12 produto(s) encontrado(s) para Advocate
2026-06-21 21:05:14,089 - scraper_base - INFO - 📦 [9/20] Processando Drontal
2026-06-21 21:05:14,089 - scraper_base - INFO - 🔍 Petz: Buscando Drontal
2026-06-21 21:05:17,305 - scraper_base - INFO - ✅ Petz: 37 produto(s) encontrado(s) para Drontal
2026-06-21 21:05:19,401 - scraper_base - INFO - 📦 [10/20] Processando Milbemax
2026-06-21 21:05:19,401 - scraper_base - INFO - 🔍 Petz: Buscando Milbemax
2026-06-21 21:05:21,201 - scraper_base - INFO - ✅ Petz: 4 produto(s) encontrado(s) para Milbemax
2026-06-21 21:05:22,259 - scraper_base - INFO - 📦 [11/20] Processando Vermivet
2026-06-21 21:05:22,259 - scraper_base - INFO - 🔍 Petz: Buscando Vermivet
2026-06-21 21:05:24,036 - scraper_base - INFO - ✅ Petz: 5 produto(s) encontrado(s) para Vermivet
2026-06-21 21:05:26,154 - scraper_base - INFO - 📦 [12/20] Processando Rimadyl
2026-06-21 21:05:26,154 - scraper_base - INFO - 🔍 Petz: Buscando Rimadyl
2026-06-21 21:05:27,999 - scraper_base - INFO - ✅ Petz: 3 produto(s) encontrado(s) para Rimadyl
2026-06-21 21:05:29,833 - scraper_base - INFO - 📦 [13/20] Processando Onsior
2026-06-21 21:05:29,834 - scraper_base - INFO - 🔍 Petz: Buscando Onsior
2026-06-21 21:05:31,679 - scraper_base - INFO - ✅ Petz: 4 produto(s) encontrado(s) para Onsior
2026-06-21 21:05:34,668 - scraper_base - INFO - 📦 [14/20] Processando Maxicam
2026-06-21 21:05:34,668 - scraper_base - INFO - 🔍 Petz: Buscando Maxicam
2026-06-21 21:05:37,420 - scraper_base - INFO - ✅ Petz: 29 produto(s) encontrado(s) para Maxicam
2026-06-21 21:05:40,144 - scraper_base - INFO - 📦 [15/20] Processando Carproflan
2026-06-21 21:05:40,144 - scraper_base - INFO - 🔍 Petz: Buscando Carproflan
2026-06-21 21:05:41,964 - scraper_base - INFO - ✅ Petz: 3 produto(s) encontrado(s) para Carproflan
2026-06-21 21:05:43,841 - scraper_base - INFO - 📦 [16/20] Processando Previcox
2026-06-21 21:05:43,842 - scraper_base - INFO - 🔍 Petz: Buscando Previcox
2026-06-21 21:05:45,786 - scraper_base - INFO - ✅ Petz: 2 produto(s) encontrado(s) para Previcox
2026-06-21 21:05:48,429 - scraper_base - INFO - 📦 [17/20] Processando Apoquel
2026-06-21 21:05:48,429 - scraper_base - INFO - 🔍 Petz: Buscando Apoquel
2026-06-21 21:05:50,293 - scraper_base - INFO - ✅ Petz: 3 produto(s) encontrado(s) para Apoquel
2026-06-21 21:05:52,084 - scraper_base - INFO - 📦 [18/20] Processando Zenrelia
2026-06-21 21:05:52,084 - scraper_base - INFO - 🔍 Petz: Buscando Zenrelia
2026-06-21 21:05:54,081 - scraper_base - INFO - ✅ Petz: 4 produto(s) encontrado(s) para Zenrelia
2026-06-21 21:05:56,634 - scraper_base - INFO - 📦 [19/20] Processando Synulox
2026-06-21 21:05:56,635 - scraper_base - INFO - 🔍 Petz: Buscando Synulox
2026-06-21 21:05:58,732 - scraper_base - INFO - ✅ Petz: 2 produto(s) encontrado(s) para Synulox
2026-06-21 21:06:01,627 - scraper_base - INFO - 📦 [20/20] Processando Baytril
2026-06-21 21:06:01,627 - scraper_base - INFO - 🔍 Petz: Buscando Baytril
2026-06-21 21:06:03,585 - scraper_base - INFO - ✅ Petz: 9 produto(s) encontrado(s) para Baytril
2026-06-21 21:06:05,091 - scraper_base - INFO - 📊 Petz - Estatísticas finais:
2026-06-21 21:06:05,091 - scraper_base - INFO -    • Medicamentos processados: 20
2026-06-21 21:06:05,091 - scraper_base - INFO -    • Produtos encontrados: 231
2026-06-21 21:06:05,091 - scraper_base - INFO -    • Medicamentos sem resultado: 0
2026-06-21 21:06:05,092 - scraper_base - INFO -    • Tempo total: 95.8s
2026-06-21 21:06:05,092 - scraper_base - INFO -    • Tempo médio por medicamento: 4.8s
2026-06-21 21:06:05,198 - gerenciador_arquivos - INFO - Excel salvo: dados_coletados/petz_20260621_210605.xlsx (231 produtos)
2026-06-21 21:06:05,198 - gerenciador_principal - INFO - Petz: Arquivo individual salvo com sucesso
2026-06-21 21:06:05,198 - gerenciador_principal - INFO - Gerando relatório consolidado...
2026-06-21 21:06:05,416 - gerenciador_arquivos - INFO - Relatório consolidado salvo: dados_relatorios/relatorio_consolidado_20260621_210605.xlsx
2026-06-21 21:06:05,516 - gerenciador_conexoes - INFO - Chrome fechado
2026-06-21 21:06:05,516 - gerenciador_conexoes - INFO - Métodos utilizados - Requests: 66.7%, Selenium: 33.3%, Falhas: 0.0%
2026-06-21 21:06:05,516 - gerenciador_principal - INFO - ============================================================
2026-06-21 21:06:05,516 - gerenciador_principal - INFO - RELATORIO FINAL DE EXECUÇÃO
2026-06-21 21:06:05,516 - gerenciador_principal - INFO - ============================================================
2026-06-21 21:06:05,516 - gerenciador_principal - INFO - Sites processados: 3
2026-06-21 21:06:05,516 - gerenciador_principal - INFO - Sites com sucesso: 3
2026-06-21 21:06:05,516 - gerenciador_principal - INFO - Total de produtos coletados: 639
2026-06-21 21:06:05,516 - gerenciador_principal - INFO - Tempo total de execução: 287.6 segundos
2026-06-21 21:06:05,517 - gerenciador_principal - INFO - Estatísticas de conexão:
2026-06-21 21:06:05,517 - gerenciador_principal - INFO -   - Requests bem-sucedidos: 66.7%
2026-06-21 21:06:05,517 - gerenciador_principal - INFO -   - Selenium fallback: 33.3%
2026-06-21 21:06:05,517 - gerenciador_principal - INFO -   - Falhas totais: 0.0%
2026-06-21 21:06:05,520 - gerenciador_principal - INFO - Arquivos salvos na pasta: dados_coletados
2026-06-21 21:06:05,520 - gerenciador_principal - INFO - Total de arquivos: 775
2026-06-21 21:06:05,520 - gerenciador_principal - INFO - ============================================================
