2026-04-11 20:18:31,467 - configurador_logs - INFO - Sistema de logs configurado com sucesso
2026-04-11 20:18:31,467 - configurador_logs - INFO - 🚀 Logs configurados para MODO PRODUÇÃO
2026-04-11 20:18:31,467 - gerenciador_principal - INFO - Inicializando sistema - Modo: PRODUCAO
2026-04-11 20:18:31,467 - gerenciador_arquivos - INFO - Pasta dados_coletados preparada
2026-04-11 20:18:31,467 - gerenciador_principal - INFO - Sistema inicializado com 3 scrapers
2026-04-11 20:18:31,467 - gerenciador_principal - INFO - ============================================================
2026-04-11 20:18:31,467 - gerenciador_principal - INFO - INICIANDO SCRAPING COMPLETO - PRODUCAO
2026-04-11 20:18:31,467 - gerenciador_principal - INFO - ============================================================
2026-04-11 20:18:31,467 - gerenciador_principal - INFO - [1/3] Processando Cobasi
2026-04-11 20:18:31,467 - scraper_base - INFO - 🚀 Iniciando scraping completo - Cobasi
2026-04-11 20:18:31,997 - gerenciador_conexoes - INFO - Sessao estabelecida com cobasi.com.br
2026-04-11 20:18:31,997 - scraper_base - INFO - 📋 20 medicamentos para processar
2026-04-11 20:18:31,997 - scraper_base - INFO - 📦 [1/20] Processando Simparic
2026-04-11 20:18:31,997 - scraper_base - INFO - 🔍 Cobasi: Buscando Simparic
2026-04-11 20:18:35,725 - scraper_cobasi - INFO - Cobasi: Dados extraídos via JSON para Simparic
2026-04-11 20:18:35,725 - scraper_base - INFO - ✅ Cobasi: 12 produto(s) encontrado(s) para Simparic
2026-04-11 20:18:37,087 - scraper_base - INFO - 📦 [2/20] Processando Revolution
2026-04-11 20:18:37,087 - scraper_base - INFO - 🔍 Cobasi: Buscando Revolution
2026-04-11 20:18:40,821 - scraper_cobasi - INFO - Cobasi: Dados extraídos via JSON para Revolution
2026-04-11 20:18:40,821 - scraper_base - INFO - ✅ Cobasi: 18 produto(s) encontrado(s) para Revolution
2026-04-11 20:18:42,286 - scraper_base - INFO - 📦 [3/20] Processando NexGard
2026-04-11 20:18:42,286 - scraper_base - INFO - 🔍 Cobasi: Buscando NexGard
2026-04-11 20:18:46,230 - scraper_cobasi - INFO - Cobasi: Dados extraídos via JSON para NexGard
2026-04-11 20:18:46,230 - scraper_base - INFO - ✅ Cobasi: 22 produto(s) encontrado(s) para NexGard
2026-04-11 20:18:48,309 - scraper_base - INFO - 📦 [4/20] Processando NexGard Spectra
2026-04-11 20:18:48,310 - scraper_base - INFO - 🔍 Cobasi: Buscando NexGard Spectra
2026-04-11 20:18:51,689 - scraper_cobasi - INFO - Cobasi: Dados extraídos via JSON para NexGard Spectra
2026-04-11 20:18:51,689 - scraper_base - INFO - ✅ Cobasi: 10 produto(s) encontrado(s) para NexGard Spectra
2026-04-11 20:18:52,738 - scraper_base - INFO - 📦 [5/20] Processando NexGard Combo
2026-04-11 20:18:52,739 - scraper_base - INFO - 🔍 Cobasi: Buscando NexGard Combo
2026-04-11 20:18:55,485 - scraper_cobasi - INFO - Cobasi: Dados extraídos via JSON para NexGard Combo
2026-04-11 20:18:55,485 - scraper_base - INFO - ✅ Cobasi: 4 produto(s) encontrado(s) para NexGard Combo
2026-04-11 20:18:58,437 - scraper_base - INFO - 📦 [6/20] Processando Bravecto
2026-04-11 20:18:58,437 - scraper_base - INFO - 🔍 Cobasi: Buscando Bravecto
2026-04-11 20:19:02,144 - scraper_cobasi - INFO - Cobasi: Dados extraídos via JSON para Bravecto
2026-04-11 20:19:02,144 - scraper_base - INFO - ✅ Cobasi: 16 produto(s) encontrado(s) para Bravecto
2026-04-11 20:19:04,037 - scraper_base - INFO - 📦 [7/20] Processando Frontline
2026-04-11 20:19:04,037 - scraper_base - INFO - 🔍 Cobasi: Buscando Frontline
2026-04-11 20:19:07,561 - scraper_cobasi - INFO - Cobasi: Dados extraídos via JSON para Frontline
2026-04-11 20:19:07,561 - scraper_base - INFO - ✅ Cobasi: 11 produto(s) encontrado(s) para Frontline
2026-04-11 20:19:10,084 - scraper_base - INFO - 📦 [8/20] Processando Advocate
2026-04-11 20:19:10,084 - scraper_base - INFO - 🔍 Cobasi: Buscando Advocate
2026-04-11 20:19:16,823 - scraper_cobasi - INFO - Cobasi: Dados extraídos via JSON para Advocate
2026-04-11 20:19:16,823 - scraper_base - INFO - ✅ Cobasi: 12 produto(s) encontrado(s) para Advocate
2026-04-11 20:19:19,146 - scraper_base - INFO - 📦 [9/20] Processando Drontal
2026-04-11 20:19:19,146 - scraper_base - INFO - 🔍 Cobasi: Buscando Drontal
2026-04-11 20:19:22,555 - scraper_cobasi - INFO - Cobasi: Dados extraídos via JSON para Drontal
2026-04-11 20:19:22,556 - scraper_base - INFO - ✅ Cobasi: 8 produto(s) encontrado(s) para Drontal
2026-04-11 20:19:25,093 - scraper_base - INFO - 📦 [10/20] Processando Milbemax
2026-04-11 20:19:25,093 - scraper_base - INFO - 🔍 Cobasi: Buscando Milbemax
2026-04-11 20:19:30,208 - scraper_cobasi - INFO - Cobasi: Dados extraídos via JSON para Milbemax
2026-04-11 20:19:30,208 - scraper_base - INFO - ✅ Cobasi: 4 produto(s) encontrado(s) para Milbemax
2026-04-11 20:19:32,236 - scraper_base - INFO - 📦 [11/20] Processando Vermivet
2026-04-11 20:19:32,236 - scraper_base - INFO - 🔍 Cobasi: Buscando Vermivet
2026-04-11 20:19:35,394 - scraper_cobasi - INFO - Cobasi: Dados extraídos via JSON para Vermivet
2026-04-11 20:19:35,394 - scraper_base - INFO - ✅ Cobasi: 5 produto(s) encontrado(s) para Vermivet
2026-04-11 20:19:38,209 - scraper_base - INFO - 📦 [12/20] Processando Rimadyl
2026-04-11 20:19:38,209 - scraper_base - INFO - 🔍 Cobasi: Buscando Rimadyl
2026-04-11 20:19:41,284 - scraper_cobasi - INFO - Cobasi: Dados extraídos via JSON para Rimadyl
2026-04-11 20:19:41,284 - scraper_base - INFO - ✅ Cobasi: 3 produto(s) encontrado(s) para Rimadyl
2026-04-11 20:19:43,882 - scraper_base - INFO - 📦 [13/20] Processando Onsior
2026-04-11 20:19:43,882 - scraper_base - INFO - 🔍 Cobasi: Buscando Onsior
2026-04-11 20:19:47,259 - scraper_cobasi - INFO - Cobasi: Dados extraídos via JSON para Onsior
2026-04-11 20:19:47,260 - scraper_base - INFO - ✅ Cobasi: 4 produto(s) encontrado(s) para Onsior
2026-04-11 20:19:48,507 - scraper_base - INFO - 📦 [14/20] Processando Maxicam
2026-04-11 20:19:48,507 - scraper_base - INFO - 🔍 Cobasi: Buscando Maxicam
2026-04-11 20:19:51,328 - scraper_cobasi - INFO - Cobasi: Dados extraídos via JSON para Maxicam
2026-04-11 20:19:51,329 - scraper_base - INFO - ✅ Cobasi: 3 produto(s) encontrado(s) para Maxicam
2026-04-11 20:19:53,522 - scraper_base - INFO - 📦 [15/20] Processando Carproflan
2026-04-11 20:19:53,522 - scraper_base - INFO - 🔍 Cobasi: Buscando Carproflan
2026-04-11 20:19:56,639 - scraper_cobasi - INFO - Cobasi: Dados extraídos via JSON para Carproflan
2026-04-11 20:19:56,639 - scraper_base - INFO - ✅ Cobasi: 3 produto(s) encontrado(s) para Carproflan
2026-04-11 20:19:58,439 - scraper_base - INFO - 📦 [16/20] Processando Previcox
2026-04-11 20:19:58,439 - scraper_base - INFO - 🔍 Cobasi: Buscando Previcox
2026-04-11 20:20:01,058 - scraper_cobasi - INFO - Cobasi: Dados extraídos via JSON para Previcox
2026-04-11 20:20:01,058 - scraper_base - INFO - ✅ Cobasi: 2 produto(s) encontrado(s) para Previcox
2026-04-11 20:20:03,558 - scraper_base - INFO - 📦 [17/20] Processando Apoquel
2026-04-11 20:20:03,558 - scraper_base - INFO - 🔍 Cobasi: Buscando Apoquel
2026-04-11 20:20:06,704 - scraper_cobasi - INFO - Cobasi: Dados extraídos via JSON para Apoquel
2026-04-11 20:20:06,704 - scraper_base - INFO - ✅ Cobasi: 3 produto(s) encontrado(s) para Apoquel
2026-04-11 20:20:08,157 - scraper_base - INFO - 📦 [18/20] Processando Zenrelia
2026-04-11 20:20:08,157 - scraper_base - INFO - 🔍 Cobasi: Buscando Zenrelia
2026-04-11 20:20:10,765 - scraper_cobasi - INFO - Cobasi: Dados extraídos via JSON para Zenrelia
2026-04-11 20:20:10,765 - scraper_base - INFO - ✅ Cobasi: 4 produto(s) encontrado(s) para Zenrelia
2026-04-11 20:20:13,547 - scraper_base - INFO - 📦 [19/20] Processando Synulox
2026-04-11 20:20:13,548 - scraper_base - INFO - 🔍 Cobasi: Buscando Synulox
2026-04-11 20:20:16,728 - scraper_cobasi - INFO - Cobasi: Dados extraídos via JSON para Synulox
2026-04-11 20:20:16,728 - scraper_base - INFO - ✅ Cobasi: 2 produto(s) encontrado(s) para Synulox
2026-04-11 20:20:18,573 - scraper_base - INFO - 📦 [20/20] Processando Baytril
2026-04-11 20:20:18,573 - scraper_base - INFO - 🔍 Cobasi: Buscando Baytril
2026-04-11 20:20:21,239 - scraper_cobasi - INFO - Cobasi: Dados extraídos via JSON para Baytril
2026-04-11 20:20:21,239 - scraper_base - INFO - ✅ Cobasi: 3 produto(s) encontrado(s) para Baytril
2026-04-11 20:20:23,082 - scraper_base - INFO - 📊 Cobasi - Estatísticas finais:
2026-04-11 20:20:23,082 - scraper_base - INFO -    • Medicamentos processados: 20
2026-04-11 20:20:23,082 - scraper_base - INFO -    • Produtos encontrados: 149
2026-04-11 20:20:23,082 - scraper_base - INFO -    • Medicamentos sem resultado: 0
2026-04-11 20:20:23,083 - scraper_base - INFO -    • Tempo total: 111.6s
2026-04-11 20:20:23,083 - scraper_base - INFO -    • Tempo médio por medicamento: 5.6s
2026-04-11 20:20:23,264 - gerenciador_arquivos - INFO - Excel salvo: dados_coletados/cobasi_20260411_202023.xlsx (149 produtos)
2026-04-11 20:20:23,264 - gerenciador_principal - INFO - Cobasi: Arquivo individual salvo com sucesso
2026-04-11 20:20:23,264 - gerenciador_principal - INFO - Pausando entre sites...
2026-04-11 20:20:25,265 - gerenciador_principal - INFO - [2/3] Processando Petlove
2026-04-11 20:20:25,265 - scraper_base - INFO - 🚀 Iniciando scraping completo - Petlove
2026-04-11 20:20:25,513 - scraper_base - INFO - 📋 20 medicamentos para processar
2026-04-11 20:20:25,514 - scraper_base - INFO - 📦 [1/20] Processando Simparic
2026-04-11 20:20:25,514 - scraper_base - INFO - 🔍 Petlove: Buscando Simparic
2026-04-11 20:20:30,318 - gerenciador_conexoes - INFO - Chrome inicializado com otimizacoes de velocidade
2026-04-11 20:20:33,005 - scraper_base - INFO - ✅ Petlove: 27 produto(s) encontrado(s) para Simparic
2026-04-11 20:20:35,358 - scraper_base - INFO - 📦 [2/20] Processando Revolution
2026-04-11 20:20:35,358 - scraper_base - INFO - 🔍 Petlove: Buscando Revolution
2026-04-11 20:20:37,253 - scraper_base - INFO - ✅ Petlove: 20 produto(s) encontrado(s) para Revolution
2026-04-11 20:20:38,579 - scraper_base - INFO - 📦 [3/20] Processando NexGard
2026-04-11 20:20:38,579 - scraper_base - INFO - 🔍 Petlove: Buscando NexGard
2026-04-11 20:20:40,276 - scraper_base - INFO - ✅ Petlove: 19 produto(s) encontrado(s) para NexGard
2026-04-11 20:20:42,163 - scraper_base - INFO - 📦 [4/20] Processando NexGard Spectra
2026-04-11 20:20:42,163 - scraper_base - INFO - 🔍 Petlove: Buscando NexGard Spectra
2026-04-11 20:20:43,644 - scraper_base - INFO - ✅ Petlove: 11 produto(s) encontrado(s) para NexGard Spectra
2026-04-11 20:20:45,222 - scraper_base - INFO - 📦 [5/20] Processando NexGard Combo
2026-04-11 20:20:45,222 - scraper_base - INFO - 🔍 Petlove: Buscando NexGard Combo
2026-04-11 20:20:46,720 - scraper_base - INFO - ✅ Petlove: 4 produto(s) encontrado(s) para NexGard Combo
2026-04-11 20:20:48,163 - scraper_base - INFO - 📦 [6/20] Processando Bravecto
2026-04-11 20:20:48,163 - scraper_base - INFO - 🔍 Petlove: Buscando Bravecto
2026-04-11 20:20:50,957 - scraper_base - INFO - ✅ Petlove: 22 produto(s) encontrado(s) para Bravecto
2026-04-11 20:20:52,601 - scraper_base - INFO - 📦 [7/20] Processando Frontline
2026-04-11 20:20:52,601 - scraper_base - INFO - 🔍 Petlove: Buscando Frontline
2026-04-11 20:20:54,317 - scraper_base - INFO - ✅ Petlove: 11 produto(s) encontrado(s) para Frontline
2026-04-11 20:20:55,768 - scraper_base - INFO - 📦 [8/20] Processando Advocate
2026-04-11 20:20:55,768 - scraper_base - INFO - 🔍 Petlove: Buscando Advocate
2026-04-11 20:20:57,383 - scraper_base - INFO - ✅ Petlove: 9 produto(s) encontrado(s) para Advocate
2026-04-11 20:20:58,613 - scraper_base - INFO - 📦 [9/20] Processando Drontal
2026-04-11 20:20:58,613 - scraper_base - INFO - 🔍 Petlove: Buscando Drontal
2026-04-11 20:21:00,585 - scraper_base - INFO - ✅ Petlove: 36 produto(s) encontrado(s) para Drontal
2026-04-11 20:21:01,929 - scraper_base - INFO - 📦 [10/20] Processando Milbemax
2026-04-11 20:21:01,929 - scraper_base - INFO - 🔍 Petlove: Buscando Milbemax
2026-04-11 20:21:03,962 - scraper_base - INFO - ✅ Petlove: 20 produto(s) encontrado(s) para Milbemax
2026-04-11 20:21:05,736 - scraper_base - INFO - 📦 [11/20] Processando Vermivet
2026-04-11 20:21:05,736 - scraper_base - INFO - 🔍 Petlove: Buscando Vermivet
2026-04-11 20:21:07,290 - scraper_base - INFO - ✅ Petlove: 36 produto(s) encontrado(s) para Vermivet
2026-04-11 20:21:08,765 - scraper_base - INFO - 📦 [12/20] Processando Rimadyl
2026-04-11 20:21:08,765 - scraper_base - INFO - 🔍 Petlove: Buscando Rimadyl
2026-04-11 20:21:10,449 - scraper_base - INFO - ✅ Petlove: 1 produto(s) encontrado(s) para Rimadyl
2026-04-11 20:21:12,725 - scraper_base - INFO - 📦 [13/20] Processando Onsior
2026-04-11 20:21:12,725 - scraper_base - INFO - 🔍 Petlove: Buscando Onsior
2026-04-11 20:21:14,362 - scraper_base - INFO - ✅ Petlove: 4 produto(s) encontrado(s) para Onsior
2026-04-11 20:21:15,678 - scraper_base - INFO - 📦 [14/20] Processando Maxicam
2026-04-11 20:21:15,678 - scraper_base - INFO - 🔍 Petlove: Buscando Maxicam
2026-04-11 20:21:18,830 - scraper_base - INFO - ✅ Petlove: 3 produto(s) encontrado(s) para Maxicam
2026-04-11 20:21:21,816 - scraper_base - INFO - 📦 [15/20] Processando Carproflan
2026-04-11 20:21:21,816 - scraper_base - INFO - 🔍 Petlove: Buscando Carproflan
2026-04-11 20:21:23,211 - scraper_base - INFO - ✅ Petlove: 8 produto(s) encontrado(s) para Carproflan
2026-04-11 20:21:25,643 - scraper_base - INFO - 📦 [16/20] Processando Previcox
2026-04-11 20:21:25,644 - scraper_base - INFO - 🔍 Petlove: Buscando Previcox
2026-04-11 20:21:27,008 - scraper_base - INFO - ✅ Petlove: 4 produto(s) encontrado(s) para Previcox
2026-04-11 20:21:29,918 - scraper_base - INFO - 📦 [17/20] Processando Apoquel
2026-04-11 20:21:29,918 - scraper_base - INFO - 🔍 Petlove: Buscando Apoquel
2026-04-11 20:21:31,324 - scraper_base - INFO - ✅ Petlove: 16 produto(s) encontrado(s) para Apoquel
2026-04-11 20:21:32,747 - scraper_base - INFO - 📦 [18/20] Processando Zenrelia
2026-04-11 20:21:32,747 - scraper_base - INFO - 🔍 Petlove: Buscando Zenrelia
2026-04-11 20:21:34,341 - scraper_base - INFO - ✅ Petlove: 8 produto(s) encontrado(s) para Zenrelia
2026-04-11 20:21:36,849 - scraper_base - INFO - 📦 [19/20] Processando Synulox
2026-04-11 20:21:36,849 - scraper_base - INFO - 🔍 Petlove: Buscando Synulox
2026-04-11 20:21:38,232 - scraper_base - INFO - ✅ Petlove: 1 produto(s) encontrado(s) para Synulox
2026-04-11 20:21:39,687 - scraper_base - INFO - 📦 [20/20] Processando Baytril
2026-04-11 20:21:39,687 - scraper_base - INFO - 🔍 Petlove: Buscando Baytril
2026-04-11 20:21:40,978 - scraper_base - INFO - ✅ Petlove: 4 produto(s) encontrado(s) para Baytril
2026-04-11 20:21:43,845 - scraper_base - INFO - 📊 Petlove - Estatísticas finais:
2026-04-11 20:21:43,845 - scraper_base - INFO -    • Medicamentos processados: 20
2026-04-11 20:21:43,846 - scraper_base - INFO -    • Produtos encontrados: 264
2026-04-11 20:21:43,846 - scraper_base - INFO -    • Medicamentos sem resultado: 0
2026-04-11 20:21:43,846 - scraper_base - INFO -    • Tempo total: 78.6s
2026-04-11 20:21:43,846 - scraper_base - INFO -    • Tempo médio por medicamento: 3.9s
2026-04-11 20:21:43,943 - gerenciador_arquivos - INFO - Excel salvo: dados_coletados/petlove_20260411_202143.xlsx (264 produtos)
2026-04-11 20:21:43,943 - gerenciador_principal - INFO - Petlove: Arquivo individual salvo com sucesso
2026-04-11 20:21:43,943 - gerenciador_principal - INFO - Pausando entre sites...
2026-04-11 20:21:45,943 - gerenciador_principal - INFO - [3/3] Processando Petz
2026-04-11 20:21:45,944 - scraper_base - INFO - 🚀 Iniciando scraping completo - Petz
2026-04-11 20:21:46,329 - scraper_base - INFO - 📋 20 medicamentos para processar
2026-04-11 20:21:46,329 - scraper_base - INFO - 📦 [1/20] Processando Simparic
2026-04-11 20:21:46,329 - scraper_base - INFO - 🔍 Petz: Buscando Simparic
2026-04-11 20:21:51,306 - scraper_base - INFO - ✅ Petz: 12 produto(s) encontrado(s) para Simparic
2026-04-11 20:21:53,675 - scraper_base - INFO - 📦 [2/20] Processando Revolution
2026-04-11 20:21:53,675 - scraper_base - INFO - 🔍 Petz: Buscando Revolution
2026-04-11 20:21:57,122 - scraper_base - INFO - ✅ Petz: 21 produto(s) encontrado(s) para Revolution
2026-04-11 20:21:58,901 - scraper_base - INFO - 📦 [3/20] Processando NexGard
2026-04-11 20:21:58,901 - scraper_base - INFO - 🔍 Petz: Buscando NexGard
2026-04-11 20:22:01,424 - scraper_base - INFO - ✅ Petz: 22 produto(s) encontrado(s) para NexGard
2026-04-11 20:22:03,883 - scraper_base - INFO - 📦 [4/20] Processando NexGard Spectra
2026-04-11 20:22:03,883 - scraper_base - INFO - 🔍 Petz: Buscando NexGard Spectra
2026-04-11 20:22:05,803 - scraper_base - INFO - ✅ Petz: 10 produto(s) encontrado(s) para NexGard Spectra
2026-04-11 20:22:06,846 - scraper_base - INFO - 📦 [5/20] Processando NexGard Combo
2026-04-11 20:22:06,846 - scraper_base - INFO - 🔍 Petz: Buscando NexGard Combo
2026-04-11 20:22:09,045 - scraper_base - INFO - ✅ Petz: 4 produto(s) encontrado(s) para NexGard Combo
2026-04-11 20:22:11,994 - scraper_base - INFO - 📦 [6/20] Processando Bravecto
2026-04-11 20:22:11,994 - scraper_base - INFO - 🔍 Petz: Buscando Bravecto
2026-04-11 20:22:14,845 - scraper_base - INFO - ✅ Petz: 16 produto(s) encontrado(s) para Bravecto
2026-04-11 20:22:17,693 - scraper_base - INFO - 📦 [7/20] Processando Frontline
2026-04-11 20:22:17,694 - scraper_base - INFO - 🔍 Petz: Buscando Frontline
2026-04-11 20:22:19,844 - scraper_base - INFO - ✅ Petz: 11 produto(s) encontrado(s) para Frontline
2026-04-11 20:22:22,420 - scraper_base - INFO - 📦 [8/20] Processando Advocate
2026-04-11 20:22:22,420 - scraper_base - INFO - 🔍 Petz: Buscando Advocate
2026-04-11 20:22:24,861 - scraper_base - INFO - ✅ Petz: 12 produto(s) encontrado(s) para Advocate
2026-04-11 20:22:26,710 - scraper_base - INFO - 📦 [9/20] Processando Drontal
2026-04-11 20:22:26,710 - scraper_base - INFO - 🔍 Petz: Buscando Drontal
2026-04-11 20:22:30,139 - scraper_base - INFO - ✅ Petz: 28 produto(s) encontrado(s) para Drontal
2026-04-11 20:22:32,316 - scraper_base - INFO - 📦 [10/20] Processando Milbemax
2026-04-11 20:22:32,316 - scraper_base - INFO - 🔍 Petz: Buscando Milbemax
2026-04-11 20:22:34,729 - scraper_base - INFO - ✅ Petz: 4 produto(s) encontrado(s) para Milbemax
2026-04-11 20:22:36,920 - scraper_base - INFO - 📦 [11/20] Processando Vermivet
2026-04-11 20:22:36,920 - scraper_base - INFO - 🔍 Petz: Buscando Vermivet
2026-04-11 20:22:38,829 - scraper_base - INFO - ✅ Petz: 5 produto(s) encontrado(s) para Vermivet
2026-04-11 20:22:39,845 - scraper_base - INFO - 📦 [12/20] Processando Rimadyl
2026-04-11 20:22:39,846 - scraper_base - INFO - 🔍 Petz: Buscando Rimadyl
2026-04-11 20:22:41,627 - scraper_base - INFO - ✅ Petz: 3 produto(s) encontrado(s) para Rimadyl
2026-04-11 20:22:43,053 - scraper_base - INFO - 📦 [13/20] Processando Onsior
2026-04-11 20:22:43,053 - scraper_base - INFO - 🔍 Petz: Buscando Onsior
2026-04-11 20:22:45,243 - scraper_base - INFO - ✅ Petz: 4 produto(s) encontrado(s) para Onsior
2026-04-11 20:22:47,014 - scraper_base - INFO - 📦 [14/20] Processando Maxicam
2026-04-11 20:22:47,014 - scraper_base - INFO - 🔍 Petz: Buscando Maxicam
2026-04-11 20:22:50,145 - scraper_base - INFO - ✅ Petz: 29 produto(s) encontrado(s) para Maxicam
2026-04-11 20:22:52,348 - scraper_base - INFO - 📦 [15/20] Processando Carproflan
2026-04-11 20:22:52,348 - scraper_base - INFO - 🔍 Petz: Buscando Carproflan
2026-04-11 20:22:54,400 - scraper_base - INFO - ✅ Petz: 3 produto(s) encontrado(s) para Carproflan
2026-04-11 20:22:56,042 - scraper_base - INFO - 📦 [16/20] Processando Previcox
2026-04-11 20:22:56,042 - scraper_base - INFO - 🔍 Petz: Buscando Previcox
2026-04-11 20:22:58,075 - scraper_base - INFO - ✅ Petz: 2 produto(s) encontrado(s) para Previcox
2026-04-11 20:23:00,316 - scraper_base - INFO - 📦 [17/20] Processando Apoquel
2026-04-11 20:23:00,317 - scraper_base - INFO - 🔍 Petz: Buscando Apoquel
2026-04-11 20:23:02,037 - scraper_base - INFO - ✅ Petz: 3 produto(s) encontrado(s) para Apoquel
2026-04-11 20:23:03,833 - scraper_base - INFO - 📦 [18/20] Processando Zenrelia
2026-04-11 20:23:03,833 - scraper_base - INFO - 🔍 Petz: Buscando Zenrelia
2026-04-11 20:23:05,844 - scraper_base - INFO - ✅ Petz: 4 produto(s) encontrado(s) para Zenrelia
2026-04-11 20:23:07,386 - scraper_base - INFO - 📦 [19/20] Processando Synulox
2026-04-11 20:23:07,386 - scraper_base - INFO - 🔍 Petz: Buscando Synulox
2026-04-11 20:23:09,581 - scraper_base - INFO - ✅ Petz: 2 produto(s) encontrado(s) para Synulox
2026-04-11 20:23:11,323 - scraper_base - INFO - 📦 [20/20] Processando Baytril
2026-04-11 20:23:11,324 - scraper_base - INFO - 🔍 Petz: Buscando Baytril
2026-04-11 20:23:13,550 - scraper_base - INFO - ✅ Petz: 9 produto(s) encontrado(s) para Baytril
2026-04-11 20:23:15,088 - scraper_base - INFO - 📊 Petz - Estatísticas finais:
2026-04-11 20:23:15,089 - scraper_base - INFO -    • Medicamentos processados: 20
2026-04-11 20:23:15,089 - scraper_base - INFO -    • Produtos encontrados: 204
2026-04-11 20:23:15,089 - scraper_base - INFO -    • Medicamentos sem resultado: 0
2026-04-11 20:23:15,089 - scraper_base - INFO -    • Tempo total: 89.1s
2026-04-11 20:23:15,089 - scraper_base - INFO -    • Tempo médio por medicamento: 4.5s
2026-04-11 20:23:15,184 - gerenciador_arquivos - INFO - Excel salvo: dados_coletados/petz_20260411_202315.xlsx (204 produtos)
2026-04-11 20:23:15,185 - gerenciador_principal - INFO - Petz: Arquivo individual salvo com sucesso
2026-04-11 20:23:15,185 - gerenciador_principal - INFO - Gerando relatório consolidado...
2026-04-11 20:23:15,401 - gerenciador_arquivos - INFO - Relatório consolidado salvo: dados_relatorios/relatorio_consolidado_20260411_202315.xlsx
2026-04-11 20:23:15,523 - gerenciador_conexoes - INFO - Chrome fechado
2026-04-11 20:23:15,523 - gerenciador_conexoes - INFO - Métodos utilizados - Requests: 33.3%, Selenium: 66.7%, Falhas: 0.0%
2026-04-11 20:23:15,523 - gerenciador_principal - INFO - ============================================================
2026-04-11 20:23:15,523 - gerenciador_principal - INFO - RELATORIO FINAL DE EXECUÇÃO
2026-04-11 20:23:15,523 - gerenciador_principal - INFO - ============================================================
2026-04-11 20:23:15,523 - gerenciador_principal - INFO - Sites processados: 3
2026-04-11 20:23:15,523 - gerenciador_principal - INFO - Sites com sucesso: 3
2026-04-11 20:23:15,524 - gerenciador_principal - INFO - Total de produtos coletados: 617
2026-04-11 20:23:15,524 - gerenciador_principal - INFO - Tempo total de execução: 283.7 segundos
2026-04-11 20:23:15,524 - gerenciador_principal - INFO - Estatísticas de conexão:
2026-04-11 20:23:15,524 - gerenciador_principal - INFO -   - Requests bem-sucedidos: 33.3%
2026-04-11 20:23:15,524 - gerenciador_principal - INFO -   - Selenium fallback: 66.7%
2026-04-11 20:23:15,524 - gerenciador_principal - INFO -   - Falhas totais: 0.0%
2026-04-11 20:23:15,526 - gerenciador_principal - INFO - Arquivos salvos na pasta: dados_coletados
2026-04-11 20:23:15,526 - gerenciador_principal - INFO - Total de arquivos: 569
2026-04-11 20:23:15,526 - gerenciador_principal - INFO - ============================================================
