2026-04-20 20:33:28,471 - configurador_logs - INFO - Sistema de logs configurado com sucesso
2026-04-20 20:33:28,471 - configurador_logs - INFO - 🚀 Logs configurados para MODO PRODUÇÃO
2026-04-20 20:33:28,472 - gerenciador_principal - INFO - Inicializando sistema - Modo: PRODUCAO
2026-04-20 20:33:28,472 - gerenciador_arquivos - INFO - Pasta dados_coletados preparada
2026-04-20 20:33:28,472 - gerenciador_principal - INFO - Sistema inicializado com 3 scrapers
2026-04-20 20:33:28,472 - gerenciador_principal - INFO - ============================================================
2026-04-20 20:33:28,472 - gerenciador_principal - INFO - INICIANDO SCRAPING COMPLETO - PRODUCAO
2026-04-20 20:33:28,472 - gerenciador_principal - INFO - ============================================================
2026-04-20 20:33:28,472 - gerenciador_principal - INFO - [1/3] Processando Cobasi
2026-04-20 20:33:28,472 - scraper_base - INFO - 🚀 Iniciando scraping completo - Cobasi
2026-04-20 20:33:28,973 - gerenciador_conexoes - INFO - Sessao estabelecida com cobasi.com.br
2026-04-20 20:33:28,973 - scraper_base - INFO - 📋 20 medicamentos para processar
2026-04-20 20:33:28,973 - scraper_base - INFO - 📦 [1/20] Processando Simparic
2026-04-20 20:33:28,973 - scraper_base - INFO - 🔍 Cobasi: Buscando Simparic
2026-04-20 20:33:33,878 - scraper_cobasi - INFO - Cobasi: Dados extraídos via JSON para Simparic
2026-04-20 20:33:33,878 - scraper_base - INFO - ✅ Cobasi: 12 produto(s) encontrado(s) para Simparic
2026-04-20 20:33:35,842 - scraper_base - INFO - 📦 [2/20] Processando Revolution
2026-04-20 20:33:35,842 - scraper_base - INFO - 🔍 Cobasi: Buscando Revolution
2026-04-20 20:33:39,882 - scraper_cobasi - INFO - Cobasi: Dados extraídos via JSON para Revolution
2026-04-20 20:33:39,883 - scraper_base - INFO - ✅ Cobasi: 18 produto(s) encontrado(s) para Revolution
2026-04-20 20:33:41,927 - scraper_base - INFO - 📦 [3/20] Processando NexGard
2026-04-20 20:33:41,928 - scraper_base - INFO - 🔍 Cobasi: Buscando NexGard
2026-04-20 20:33:46,045 - scraper_cobasi - INFO - Cobasi: Dados extraídos via JSON para NexGard
2026-04-20 20:33:46,045 - scraper_base - INFO - ✅ Cobasi: 22 produto(s) encontrado(s) para NexGard
2026-04-20 20:33:47,810 - scraper_base - INFO - 📦 [4/20] Processando NexGard Spectra
2026-04-20 20:33:47,810 - scraper_base - INFO - 🔍 Cobasi: Buscando NexGard Spectra
2026-04-20 20:33:52,105 - scraper_cobasi - INFO - Cobasi: Dados extraídos via JSON para NexGard Spectra
2026-04-20 20:33:52,106 - scraper_base - INFO - ✅ Cobasi: 10 produto(s) encontrado(s) para NexGard Spectra
2026-04-20 20:33:54,862 - scraper_base - INFO - 📦 [5/20] Processando NexGard Combo
2026-04-20 20:33:54,862 - scraper_base - INFO - 🔍 Cobasi: Buscando NexGard Combo
2026-04-20 20:33:57,710 - scraper_cobasi - INFO - Cobasi: Dados extraídos via JSON para NexGard Combo
2026-04-20 20:33:57,710 - scraper_base - INFO - ✅ Cobasi: 4 produto(s) encontrado(s) para NexGard Combo
2026-04-20 20:33:59,986 - scraper_base - INFO - 📦 [6/20] Processando Bravecto
2026-04-20 20:33:59,986 - scraper_base - INFO - 🔍 Cobasi: Buscando Bravecto
2026-04-20 20:34:04,055 - scraper_cobasi - INFO - Cobasi: Dados extraídos via JSON para Bravecto
2026-04-20 20:34:04,055 - scraper_base - INFO - ✅ Cobasi: 16 produto(s) encontrado(s) para Bravecto
2026-04-20 20:34:05,824 - scraper_base - INFO - 📦 [7/20] Processando Frontline
2026-04-20 20:34:05,824 - scraper_base - INFO - 🔍 Cobasi: Buscando Frontline
2026-04-20 20:34:09,801 - scraper_cobasi - INFO - Cobasi: Dados extraídos via JSON para Frontline
2026-04-20 20:34:09,801 - scraper_base - INFO - ✅ Cobasi: 11 produto(s) encontrado(s) para Frontline
2026-04-20 20:34:12,576 - scraper_base - INFO - 📦 [8/20] Processando Advocate
2026-04-20 20:34:12,576 - scraper_base - INFO - 🔍 Cobasi: Buscando Advocate
2026-04-20 20:34:16,771 - scraper_cobasi - INFO - Cobasi: Dados extraídos via JSON para Advocate
2026-04-20 20:34:16,771 - scraper_base - INFO - ✅ Cobasi: 12 produto(s) encontrado(s) para Advocate
2026-04-20 20:34:19,572 - scraper_base - INFO - 📦 [9/20] Processando Drontal
2026-04-20 20:34:19,572 - scraper_base - INFO - 🔍 Cobasi: Buscando Drontal
2026-04-20 20:34:23,085 - scraper_cobasi - INFO - Cobasi: Dados extraídos via JSON para Drontal
2026-04-20 20:34:23,085 - scraper_base - INFO - ✅ Cobasi: 8 produto(s) encontrado(s) para Drontal
2026-04-20 20:34:26,071 - scraper_base - INFO - 📦 [10/20] Processando Milbemax
2026-04-20 20:34:26,071 - scraper_base - INFO - 🔍 Cobasi: Buscando Milbemax
2026-04-20 20:34:29,118 - scraper_cobasi - INFO - Cobasi: Dados extraídos via JSON para Milbemax
2026-04-20 20:34:29,119 - scraper_base - INFO - ✅ Cobasi: 4 produto(s) encontrado(s) para Milbemax
2026-04-20 20:34:30,606 - scraper_base - INFO - 📦 [11/20] Processando Vermivet
2026-04-20 20:34:30,606 - scraper_base - INFO - 🔍 Cobasi: Buscando Vermivet
2026-04-20 20:34:37,551 - scraper_cobasi - INFO - Cobasi: Dados extraídos via JSON para Vermivet
2026-04-20 20:34:37,551 - scraper_base - INFO - ✅ Cobasi: 5 produto(s) encontrado(s) para Vermivet
2026-04-20 20:34:40,220 - scraper_base - INFO - 📦 [12/20] Processando Rimadyl
2026-04-20 20:34:40,220 - scraper_base - INFO - 🔍 Cobasi: Buscando Rimadyl
2026-04-20 20:34:43,381 - scraper_cobasi - INFO - Cobasi: Dados extraídos via JSON para Rimadyl
2026-04-20 20:34:43,381 - scraper_base - INFO - ✅ Cobasi: 3 produto(s) encontrado(s) para Rimadyl
2026-04-20 20:34:44,552 - scraper_base - INFO - 📦 [13/20] Processando Onsior
2026-04-20 20:34:44,552 - scraper_base - INFO - 🔍 Cobasi: Buscando Onsior
2026-04-20 20:34:48,262 - scraper_cobasi - INFO - Cobasi: Dados extraídos via JSON para Onsior
2026-04-20 20:34:48,262 - scraper_base - INFO - ✅ Cobasi: 4 produto(s) encontrado(s) para Onsior
2026-04-20 20:34:50,641 - scraper_base - INFO - 📦 [14/20] Processando Maxicam
2026-04-20 20:34:50,641 - scraper_base - INFO - 🔍 Cobasi: Buscando Maxicam
2026-04-20 20:34:53,673 - scraper_cobasi - INFO - Cobasi: Dados extraídos via JSON para Maxicam
2026-04-20 20:34:53,674 - scraper_base - INFO - ✅ Cobasi: 3 produto(s) encontrado(s) para Maxicam
2026-04-20 20:34:55,165 - scraper_base - INFO - 📦 [15/20] Processando Carproflan
2026-04-20 20:34:55,165 - scraper_base - INFO - 🔍 Cobasi: Buscando Carproflan
2026-04-20 20:34:58,294 - scraper_cobasi - INFO - Cobasi: Dados extraídos via JSON para Carproflan
2026-04-20 20:34:58,294 - scraper_base - INFO - ✅ Cobasi: 3 produto(s) encontrado(s) para Carproflan
2026-04-20 20:35:00,354 - scraper_base - INFO - 📦 [16/20] Processando Previcox
2026-04-20 20:35:00,354 - scraper_base - INFO - 🔍 Cobasi: Buscando Previcox
2026-04-20 20:35:03,554 - scraper_cobasi - INFO - Cobasi: Dados extraídos via JSON para Previcox
2026-04-20 20:35:03,555 - scraper_base - INFO - ✅ Cobasi: 2 produto(s) encontrado(s) para Previcox
2026-04-20 20:35:05,099 - scraper_base - INFO - 📦 [17/20] Processando Apoquel
2026-04-20 20:35:05,099 - scraper_base - INFO - 🔍 Cobasi: Buscando Apoquel
2026-04-20 20:35:08,090 - scraper_cobasi - INFO - Cobasi: Dados extraídos via JSON para Apoquel
2026-04-20 20:35:08,090 - scraper_base - INFO - ✅ Cobasi: 3 produto(s) encontrado(s) para Apoquel
2026-04-20 20:35:09,626 - scraper_base - INFO - 📦 [18/20] Processando Zenrelia
2026-04-20 20:35:09,626 - scraper_base - INFO - 🔍 Cobasi: Buscando Zenrelia
2026-04-20 20:35:12,603 - scraper_cobasi - INFO - Cobasi: Dados extraídos via JSON para Zenrelia
2026-04-20 20:35:12,603 - scraper_base - INFO - ✅ Cobasi: 4 produto(s) encontrado(s) para Zenrelia
2026-04-20 20:35:15,216 - scraper_base - INFO - 📦 [19/20] Processando Synulox
2026-04-20 20:35:15,216 - scraper_base - INFO - 🔍 Cobasi: Buscando Synulox
2026-04-20 20:35:18,081 - scraper_cobasi - INFO - Cobasi: Dados extraídos via JSON para Synulox
2026-04-20 20:35:18,081 - scraper_base - INFO - ✅ Cobasi: 2 produto(s) encontrado(s) para Synulox
2026-04-20 20:35:20,089 - scraper_base - INFO - 📦 [20/20] Processando Baytril
2026-04-20 20:35:20,090 - scraper_base - INFO - 🔍 Cobasi: Buscando Baytril
2026-04-20 20:35:23,444 - scraper_cobasi - INFO - Cobasi: Dados extraídos via JSON para Baytril
2026-04-20 20:35:23,444 - scraper_base - INFO - ✅ Cobasi: 3 produto(s) encontrado(s) para Baytril
2026-04-20 20:35:25,906 - scraper_base - INFO - 📊 Cobasi - Estatísticas finais:
2026-04-20 20:35:25,906 - scraper_base - INFO -    • Medicamentos processados: 20
2026-04-20 20:35:25,906 - scraper_base - INFO -    • Produtos encontrados: 149
2026-04-20 20:35:25,907 - scraper_base - INFO -    • Medicamentos sem resultado: 0
2026-04-20 20:35:25,907 - scraper_base - INFO -    • Tempo total: 117.4s
2026-04-20 20:35:25,907 - scraper_base - INFO -    • Tempo médio por medicamento: 5.9s
2026-04-20 20:35:26,062 - gerenciador_arquivos - INFO - Excel salvo: dados_coletados/cobasi_20260420_203525.xlsx (149 produtos)
2026-04-20 20:35:26,062 - gerenciador_principal - INFO - Cobasi: Arquivo individual salvo com sucesso
2026-04-20 20:35:26,062 - gerenciador_principal - INFO - Pausando entre sites...
2026-04-20 20:35:28,062 - gerenciador_principal - INFO - [2/3] Processando Petlove
2026-04-20 20:35:28,062 - scraper_base - INFO - 🚀 Iniciando scraping completo - Petlove
2026-04-20 20:35:28,325 - scraper_base - INFO - 📋 20 medicamentos para processar
2026-04-20 20:35:28,325 - scraper_base - INFO - 📦 [1/20] Processando Simparic
2026-04-20 20:35:28,325 - scraper_base - INFO - 🔍 Petlove: Buscando Simparic
2026-04-20 20:35:34,722 - gerenciador_conexoes - INFO - Chrome inicializado com otimizacoes de velocidade
2026-04-20 20:35:37,831 - scraper_base - INFO - ✅ Petlove: 27 produto(s) encontrado(s) para Simparic
2026-04-20 20:35:39,380 - scraper_base - INFO - 📦 [2/20] Processando Revolution
2026-04-20 20:35:39,381 - scraper_base - INFO - 🔍 Petlove: Buscando Revolution
2026-04-20 20:35:41,126 - scraper_base - INFO - ✅ Petlove: 20 produto(s) encontrado(s) para Revolution
2026-04-20 20:35:42,436 - scraper_base - INFO - 📦 [3/20] Processando NexGard
2026-04-20 20:35:42,436 - scraper_base - INFO - 🔍 Petlove: Buscando NexGard
2026-04-20 20:35:44,039 - scraper_base - INFO - ✅ Petlove: 19 produto(s) encontrado(s) para NexGard
2026-04-20 20:35:46,065 - scraper_base - INFO - 📦 [4/20] Processando NexGard Spectra
2026-04-20 20:35:46,066 - scraper_base - INFO - 🔍 Petlove: Buscando NexGard Spectra
2026-04-20 20:35:47,307 - scraper_base - INFO - ✅ Petlove: 11 produto(s) encontrado(s) para NexGard Spectra
2026-04-20 20:35:49,645 - scraper_base - INFO - 📦 [5/20] Processando NexGard Combo
2026-04-20 20:35:49,646 - scraper_base - INFO - 🔍 Petlove: Buscando NexGard Combo
2026-04-20 20:35:51,038 - scraper_base - INFO - ✅ Petlove: 4 produto(s) encontrado(s) para NexGard Combo
2026-04-20 20:35:53,157 - scraper_base - INFO - 📦 [6/20] Processando Bravecto
2026-04-20 20:35:53,157 - scraper_base - INFO - 🔍 Petlove: Buscando Bravecto
2026-04-20 20:35:55,928 - scraper_base - INFO - ✅ Petlove: 34 produto(s) encontrado(s) para Bravecto
2026-04-20 20:35:57,325 - scraper_base - INFO - 📦 [7/20] Processando Frontline
2026-04-20 20:35:57,325 - scraper_base - INFO - 🔍 Petlove: Buscando Frontline
2026-04-20 20:35:59,041 - scraper_base - INFO - ✅ Petlove: 11 produto(s) encontrado(s) para Frontline
2026-04-20 20:36:00,122 - scraper_base - INFO - 📦 [8/20] Processando Advocate
2026-04-20 20:36:00,122 - scraper_base - INFO - 🔍 Petlove: Buscando Advocate
2026-04-20 20:36:01,648 - scraper_base - INFO - ✅ Petlove: 9 produto(s) encontrado(s) para Advocate
2026-04-20 20:36:03,957 - scraper_base - INFO - 📦 [9/20] Processando Drontal
2026-04-20 20:36:03,958 - scraper_base - INFO - 🔍 Petlove: Buscando Drontal
2026-04-20 20:36:05,742 - scraper_base - INFO - ✅ Petlove: 36 produto(s) encontrado(s) para Drontal
2026-04-20 20:36:08,605 - scraper_base - INFO - 📦 [10/20] Processando Milbemax
2026-04-20 20:36:08,605 - scraper_base - INFO - 🔍 Petlove: Buscando Milbemax
2026-04-20 20:36:10,340 - scraper_base - INFO - ✅ Petlove: 20 produto(s) encontrado(s) para Milbemax
2026-04-20 20:36:11,881 - scraper_base - INFO - 📦 [11/20] Processando Vermivet
2026-04-20 20:36:11,881 - scraper_base - INFO - 🔍 Petlove: Buscando Vermivet
2026-04-20 20:36:13,826 - scraper_base - INFO - ✅ Petlove: 36 produto(s) encontrado(s) para Vermivet
2026-04-20 20:36:15,905 - scraper_base - INFO - 📦 [12/20] Processando Rimadyl
2026-04-20 20:36:15,905 - scraper_base - INFO - 🔍 Petlove: Buscando Rimadyl
2026-04-20 20:36:17,341 - scraper_base - INFO - ✅ Petlove: 1 produto(s) encontrado(s) para Rimadyl
2026-04-20 20:36:19,768 - scraper_base - INFO - 📦 [13/20] Processando Onsior
2026-04-20 20:36:19,768 - scraper_base - INFO - 🔍 Petlove: Buscando Onsior
2026-04-20 20:36:21,486 - scraper_base - INFO - ✅ Petlove: 4 produto(s) encontrado(s) para Onsior
2026-04-20 20:36:23,387 - scraper_base - INFO - 📦 [14/20] Processando Maxicam
2026-04-20 20:36:23,387 - scraper_base - INFO - 🔍 Petlove: Buscando Maxicam
2026-04-20 20:36:24,928 - scraper_base - INFO - ✅ Petlove: 3 produto(s) encontrado(s) para Maxicam
2026-04-20 20:36:27,794 - scraper_base - INFO - 📦 [15/20] Processando Carproflan
2026-04-20 20:36:27,795 - scraper_base - INFO - 🔍 Petlove: Buscando Carproflan
2026-04-20 20:36:29,288 - scraper_base - INFO - ✅ Petlove: 8 produto(s) encontrado(s) para Carproflan
2026-04-20 20:36:32,274 - scraper_base - INFO - 📦 [16/20] Processando Previcox
2026-04-20 20:36:32,274 - scraper_base - INFO - 🔍 Petlove: Buscando Previcox
2026-04-20 20:36:33,958 - scraper_base - INFO - ✅ Petlove: 4 produto(s) encontrado(s) para Previcox
2026-04-20 20:36:35,697 - scraper_base - INFO - 📦 [17/20] Processando Apoquel
2026-04-20 20:36:35,697 - scraper_base - INFO - 🔍 Petlove: Buscando Apoquel
2026-04-20 20:36:37,623 - scraper_base - INFO - ✅ Petlove: 16 produto(s) encontrado(s) para Apoquel
2026-04-20 20:36:39,949 - scraper_base - INFO - 📦 [18/20] Processando Zenrelia
2026-04-20 20:36:39,949 - scraper_base - INFO - 🔍 Petlove: Buscando Zenrelia
2026-04-20 20:36:41,437 - scraper_base - INFO - ✅ Petlove: 8 produto(s) encontrado(s) para Zenrelia
2026-04-20 20:36:43,389 - scraper_base - INFO - 📦 [19/20] Processando Synulox
2026-04-20 20:36:43,390 - scraper_base - INFO - 🔍 Petlove: Buscando Synulox
2026-04-20 20:36:44,841 - scraper_base - INFO - ✅ Petlove: 1 produto(s) encontrado(s) para Synulox
2026-04-20 20:36:46,927 - scraper_base - INFO - 📦 [20/20] Processando Baytril
2026-04-20 20:36:46,927 - scraper_base - INFO - 🔍 Petlove: Buscando Baytril
2026-04-20 20:36:48,517 - scraper_base - INFO - ✅ Petlove: 5 produto(s) encontrado(s) para Baytril
2026-04-20 20:36:49,889 - scraper_base - INFO - 📊 Petlove - Estatísticas finais:
2026-04-20 20:36:49,889 - scraper_base - INFO -    • Medicamentos processados: 20
2026-04-20 20:36:49,889 - scraper_base - INFO -    • Produtos encontrados: 277
2026-04-20 20:36:49,889 - scraper_base - INFO -    • Medicamentos sem resultado: 0
2026-04-20 20:36:49,890 - scraper_base - INFO -    • Tempo total: 81.8s
2026-04-20 20:36:49,890 - scraper_base - INFO -    • Tempo médio por medicamento: 4.1s
2026-04-20 20:36:49,941 - gerenciador_arquivos - INFO - Excel salvo: dados_coletados/petlove_20260420_203649.xlsx (277 produtos)
2026-04-20 20:36:49,941 - gerenciador_principal - INFO - Petlove: Arquivo individual salvo com sucesso
2026-04-20 20:36:49,941 - gerenciador_principal - INFO - Pausando entre sites...
2026-04-20 20:36:51,941 - gerenciador_principal - INFO - [3/3] Processando Petz
2026-04-20 20:36:51,942 - scraper_base - INFO - 🚀 Iniciando scraping completo - Petz
2026-04-20 20:36:52,174 - scraper_base - INFO - 📋 20 medicamentos para processar
2026-04-20 20:36:52,174 - scraper_base - INFO - 📦 [1/20] Processando Simparic
2026-04-20 20:36:52,175 - scraper_base - INFO - 🔍 Petz: Buscando Simparic
2026-04-20 20:36:56,304 - scraper_base - INFO - ✅ Petz: 12 produto(s) encontrado(s) para Simparic
2026-04-20 20:36:57,601 - scraper_base - INFO - 📦 [2/20] Processando Revolution
2026-04-20 20:36:57,601 - scraper_base - INFO - 🔍 Petz: Buscando Revolution
2026-04-20 20:37:00,881 - scraper_base - INFO - ✅ Petz: 21 produto(s) encontrado(s) para Revolution
2026-04-20 20:37:03,622 - scraper_base - INFO - 📦 [3/20] Processando NexGard
2026-04-20 20:37:03,622 - scraper_base - INFO - 🔍 Petz: Buscando NexGard
2026-04-20 20:37:06,168 - scraper_base - INFO - ✅ Petz: 22 produto(s) encontrado(s) para NexGard
2026-04-20 20:37:08,266 - scraper_base - INFO - 📦 [4/20] Processando NexGard Spectra
2026-04-20 20:37:08,266 - scraper_base - INFO - 🔍 Petz: Buscando NexGard Spectra
2026-04-20 20:37:10,873 - scraper_base - INFO - ✅ Petz: 10 produto(s) encontrado(s) para NexGard Spectra
2026-04-20 20:37:12,254 - scraper_base - INFO - 📦 [5/20] Processando NexGard Combo
2026-04-20 20:37:12,255 - scraper_base - INFO - 🔍 Petz: Buscando NexGard Combo
2026-04-20 20:37:14,557 - scraper_base - INFO - ✅ Petz: 4 produto(s) encontrado(s) para NexGard Combo
2026-04-20 20:37:17,103 - scraper_base - INFO - 📦 [6/20] Processando Bravecto
2026-04-20 20:37:17,103 - scraper_base - INFO - 🔍 Petz: Buscando Bravecto
2026-04-20 20:37:19,498 - scraper_base - INFO - ✅ Petz: 16 produto(s) encontrado(s) para Bravecto
2026-04-20 20:37:22,137 - scraper_base - INFO - 📦 [7/20] Processando Frontline
2026-04-20 20:37:22,137 - scraper_base - INFO - 🔍 Petz: Buscando Frontline
2026-04-20 20:37:24,382 - scraper_base - INFO - ✅ Petz: 11 produto(s) encontrado(s) para Frontline
2026-04-20 20:37:25,914 - scraper_base - INFO - 📦 [8/20] Processando Advocate
2026-04-20 20:37:25,914 - scraper_base - INFO - 🔍 Petz: Buscando Advocate
2026-04-20 20:37:28,116 - scraper_base - INFO - ✅ Petz: 12 produto(s) encontrado(s) para Advocate
2026-04-20 20:37:30,870 - scraper_base - INFO - 📦 [9/20] Processando Drontal
2026-04-20 20:37:30,870 - scraper_base - INFO - 🔍 Petz: Buscando Drontal
2026-04-20 20:37:34,660 - scraper_base - INFO - ✅ Petz: 32 produto(s) encontrado(s) para Drontal
2026-04-20 20:37:36,721 - scraper_base - INFO - 📦 [10/20] Processando Milbemax
2026-04-20 20:37:36,722 - scraper_base - INFO - 🔍 Petz: Buscando Milbemax
2026-04-20 20:37:38,884 - scraper_base - INFO - ✅ Petz: 4 produto(s) encontrado(s) para Milbemax
2026-04-20 20:37:41,607 - scraper_base - INFO - 📦 [11/20] Processando Vermivet
2026-04-20 20:37:41,607 - scraper_base - INFO - 🔍 Petz: Buscando Vermivet
2026-04-20 20:37:43,560 - scraper_base - INFO - ✅ Petz: 5 produto(s) encontrado(s) para Vermivet
2026-04-20 20:37:44,949 - scraper_base - INFO - 📦 [12/20] Processando Rimadyl
2026-04-20 20:37:44,949 - scraper_base - INFO - 🔍 Petz: Buscando Rimadyl
2026-04-20 20:37:46,840 - scraper_base - INFO - ✅ Petz: 3 produto(s) encontrado(s) para Rimadyl
2026-04-20 20:37:47,923 - scraper_base - INFO - 📦 [13/20] Processando Onsior
2026-04-20 20:37:47,923 - scraper_base - INFO - 🔍 Petz: Buscando Onsior
2026-04-20 20:37:49,889 - scraper_base - INFO - ✅ Petz: 4 produto(s) encontrado(s) para Onsior
2026-04-20 20:37:50,940 - scraper_base - INFO - 📦 [14/20] Processando Maxicam
2026-04-20 20:37:50,940 - scraper_base - INFO - 🔍 Petz: Buscando Maxicam
2026-04-20 20:37:53,650 - scraper_base - INFO - ✅ Petz: 27 produto(s) encontrado(s) para Maxicam
2026-04-20 20:37:56,198 - scraper_base - INFO - 📦 [15/20] Processando Carproflan
2026-04-20 20:37:56,198 - scraper_base - INFO - 🔍 Petz: Buscando Carproflan
2026-04-20 20:37:58,116 - scraper_base - INFO - ✅ Petz: 3 produto(s) encontrado(s) para Carproflan
2026-04-20 20:38:00,745 - scraper_base - INFO - 📦 [16/20] Processando Previcox
2026-04-20 20:38:00,745 - scraper_base - INFO - 🔍 Petz: Buscando Previcox
2026-04-20 20:38:03,001 - scraper_base - INFO - ✅ Petz: 2 produto(s) encontrado(s) para Previcox
2026-04-20 20:38:04,998 - scraper_base - INFO - 📦 [17/20] Processando Apoquel
2026-04-20 20:38:04,998 - scraper_base - INFO - 🔍 Petz: Buscando Apoquel
2026-04-20 20:38:07,079 - scraper_base - INFO - ✅ Petz: 3 produto(s) encontrado(s) para Apoquel
2026-04-20 20:38:08,617 - scraper_base - INFO - 📦 [18/20] Processando Zenrelia
2026-04-20 20:38:08,618 - scraper_base - INFO - 🔍 Petz: Buscando Zenrelia
2026-04-20 20:38:10,538 - scraper_base - INFO - ✅ Petz: 4 produto(s) encontrado(s) para Zenrelia
2026-04-20 20:38:12,230 - scraper_base - INFO - 📦 [19/20] Processando Synulox
2026-04-20 20:38:12,230 - scraper_base - INFO - 🔍 Petz: Buscando Synulox
2026-04-20 20:38:14,523 - scraper_base - INFO - ✅ Petz: 2 produto(s) encontrado(s) para Synulox
2026-04-20 20:38:16,357 - scraper_base - INFO - 📦 [20/20] Processando Baytril
2026-04-20 20:38:16,357 - scraper_base - INFO - 🔍 Petz: Buscando Baytril
2026-04-20 20:38:18,555 - scraper_base - INFO - ✅ Petz: 9 produto(s) encontrado(s) para Baytril
2026-04-20 20:38:20,678 - scraper_base - INFO - 📊 Petz - Estatísticas finais:
2026-04-20 20:38:20,678 - scraper_base - INFO -    • Medicamentos processados: 20
2026-04-20 20:38:20,678 - scraper_base - INFO -    • Produtos encontrados: 206
2026-04-20 20:38:20,678 - scraper_base - INFO -    • Medicamentos sem resultado: 0
2026-04-20 20:38:20,679 - scraper_base - INFO -    • Tempo total: 88.7s
2026-04-20 20:38:20,679 - scraper_base - INFO -    • Tempo médio por medicamento: 4.4s
2026-04-20 20:38:20,721 - gerenciador_arquivos - INFO - Excel salvo: dados_coletados/petz_20260420_203820.xlsx (206 produtos)
2026-04-20 20:38:20,722 - gerenciador_principal - INFO - Petz: Arquivo individual salvo com sucesso
2026-04-20 20:38:20,722 - gerenciador_principal - INFO - Gerando relatório consolidado...
2026-04-20 20:38:20,943 - gerenciador_arquivos - INFO - Relatório consolidado salvo: dados_relatorios/relatorio_consolidado_20260420_203820.xlsx
2026-04-20 20:38:21,069 - gerenciador_conexoes - INFO - Chrome fechado
2026-04-20 20:38:21,069 - gerenciador_conexoes - INFO - Métodos utilizados - Requests: 33.3%, Selenium: 66.7%, Falhas: 0.0%
2026-04-20 20:38:21,069 - gerenciador_principal - INFO - ============================================================
2026-04-20 20:38:21,069 - gerenciador_principal - INFO - RELATORIO FINAL DE EXECUÇÃO
2026-04-20 20:38:21,070 - gerenciador_principal - INFO - ============================================================
2026-04-20 20:38:21,070 - gerenciador_principal - INFO - Sites processados: 3
2026-04-20 20:38:21,070 - gerenciador_principal - INFO - Sites com sucesso: 3
2026-04-20 20:38:21,070 - gerenciador_principal - INFO - Total de produtos coletados: 632
2026-04-20 20:38:21,070 - gerenciador_principal - INFO - Tempo total de execução: 292.2 segundos
2026-04-20 20:38:21,070 - gerenciador_principal - INFO - Estatísticas de conexão:
2026-04-20 20:38:21,070 - gerenciador_principal - INFO -   - Requests bem-sucedidos: 33.3%
2026-04-20 20:38:21,070 - gerenciador_principal - INFO -   - Selenium fallback: 66.7%
2026-04-20 20:38:21,070 - gerenciador_principal - INFO -   - Falhas totais: 0.0%
2026-04-20 20:38:21,074 - gerenciador_principal - INFO - Arquivos salvos na pasta: dados_coletados
2026-04-20 20:38:21,074 - gerenciador_principal - INFO - Total de arquivos: 596
2026-04-20 20:38:21,074 - gerenciador_principal - INFO - ============================================================
