2026-08-25 20:13:55,153 - configurador_logs - INFO - Sistema de logs configurado com sucesso
2026-08-25 20:13:55,153 - configurador_logs - INFO - 🚀 Logs configurados para MODO PRODUÇÃO
2026-08-25 20:13:55,153 - gerenciador_principal - INFO - Inicializando sistema - Modo: PRODUCAO
2026-08-25 20:13:55,153 - gerenciador_arquivos - INFO - Pasta dados_coletados preparada
2026-08-25 20:13:55,153 - gerenciador_principal - INFO - Sistema inicializado com 3 scrapers
2026-08-25 20:13:55,153 - gerenciador_principal - INFO - ============================================================
2026-08-25 20:13:55,153 - gerenciador_principal - INFO - INICIANDO SCRAPING COMPLETO - PRODUCAO
2026-08-25 20:13:55,153 - gerenciador_principal - INFO - ============================================================
2026-08-25 20:13:55,154 - gerenciador_principal - INFO - [1/3] Processando Cobasi
2026-08-25 20:13:55,154 - scraper_base - INFO - 🚀 Iniciando scraping completo - Cobasi
2026-08-25 20:13:56,656 - gerenciador_conexoes - INFO - Sessao estabelecida com cobasi.com.br
2026-08-25 20:13:56,657 - scraper_base - INFO - 📋 20 medicamentos para processar
2026-08-25 20:13:56,657 - scraper_base - INFO - 📦 [1/20] Processando Simparic
2026-08-25 20:13:56,657 - scraper_base - INFO - 🔍 Cobasi: Buscando Simparic
2026-08-25 20:14:00,914 - scraper_cobasi - INFO - Cobasi: Dados extraídos via JSON para Simparic
2026-08-25 20:14:00,914 - scraper_base - INFO - ✅ Cobasi: 24 produto(s) encontrado(s) para Simparic
2026-08-25 20:14:03,174 - scraper_base - INFO - 📦 [2/20] Processando Revolution
2026-08-25 20:14:03,174 - scraper_base - INFO - 🔍 Cobasi: Buscando Revolution
2026-08-25 20:14:08,481 - scraper_cobasi - INFO - Cobasi: Dados extraídos via JSON para Revolution
2026-08-25 20:14:08,481 - scraper_base - INFO - ✅ Cobasi: 18 produto(s) encontrado(s) para Revolution
2026-08-25 20:14:09,490 - scraper_base - INFO - 📦 [3/20] Processando NexGard
2026-08-25 20:14:09,490 - scraper_base - INFO - 🔍 Cobasi: Buscando NexGard
2026-08-25 20:14:14,970 - scraper_cobasi - INFO - Cobasi: Dados extraídos via JSON para NexGard
2026-08-25 20:14:14,970 - scraper_base - INFO - ✅ Cobasi: 22 produto(s) encontrado(s) para NexGard
2026-08-25 20:14:16,719 - scraper_base - INFO - 📦 [4/20] Processando NexGard Spectra
2026-08-25 20:14:16,719 - scraper_base - INFO - 🔍 Cobasi: Buscando NexGard Spectra
2026-08-25 20:14:20,490 - scraper_cobasi - INFO - Cobasi: Dados extraídos via JSON para NexGard Spectra
2026-08-25 20:14:20,490 - scraper_base - INFO - ✅ Cobasi: 10 produto(s) encontrado(s) para NexGard Spectra
2026-08-25 20:14:22,756 - scraper_base - INFO - 📦 [5/20] Processando NexGard Combo
2026-08-25 20:14:22,756 - scraper_base - INFO - 🔍 Cobasi: Buscando NexGard Combo
2026-08-25 20:14:27,014 - scraper_cobasi - INFO - Cobasi: Dados extraídos via JSON para NexGard Combo
2026-08-25 20:14:27,014 - scraper_base - INFO - ✅ Cobasi: 4 produto(s) encontrado(s) para NexGard Combo
2026-08-25 20:14:28,691 - scraper_base - INFO - 📦 [6/20] Processando Bravecto
2026-08-25 20:14:28,691 - scraper_base - INFO - 🔍 Cobasi: Buscando Bravecto
2026-08-25 20:14:34,552 - scraper_cobasi - INFO - Cobasi: Dados extraídos via JSON para Bravecto
2026-08-25 20:14:34,552 - scraper_base - INFO - ✅ Cobasi: 16 produto(s) encontrado(s) para Bravecto
2026-08-25 20:14:36,738 - scraper_base - INFO - 📦 [7/20] Processando Frontline
2026-08-25 20:14:36,738 - scraper_base - INFO - 🔍 Cobasi: Buscando Frontline
2026-08-25 20:14:42,183 - scraper_cobasi - INFO - Cobasi: Dados extraídos via JSON para Frontline
2026-08-25 20:14:42,183 - scraper_base - INFO - ✅ Cobasi: 11 produto(s) encontrado(s) para Frontline
2026-08-25 20:14:43,499 - scraper_base - INFO - 📦 [8/20] Processando Advocate
2026-08-25 20:14:43,499 - scraper_base - INFO - 🔍 Cobasi: Buscando Advocate
2026-08-25 20:14:48,263 - scraper_cobasi - INFO - Cobasi: Dados extraídos via JSON para Advocate
2026-08-25 20:14:48,263 - scraper_base - INFO - ✅ Cobasi: 12 produto(s) encontrado(s) para Advocate
2026-08-25 20:14:50,529 - scraper_base - INFO - 📦 [9/20] Processando Drontal
2026-08-25 20:14:50,529 - scraper_base - INFO - 🔍 Cobasi: Buscando Drontal
2026-08-25 20:14:58,549 - scraper_cobasi - INFO - Cobasi: Dados extraídos via JSON para Drontal
2026-08-25 20:14:58,549 - scraper_base - INFO - ✅ Cobasi: 8 produto(s) encontrado(s) para Drontal
2026-08-25 20:14:59,617 - scraper_base - INFO - 📦 [10/20] Processando Milbemax
2026-08-25 20:14:59,618 - scraper_base - INFO - 🔍 Cobasi: Buscando Milbemax
2026-08-25 20:15:04,943 - scraper_cobasi - INFO - Cobasi: Dados extraídos via JSON para Milbemax
2026-08-25 20:15:04,943 - scraper_base - INFO - ✅ Cobasi: 4 produto(s) encontrado(s) para Milbemax
2026-08-25 20:15:06,154 - scraper_base - INFO - 📦 [11/20] Processando Vermivet
2026-08-25 20:15:06,154 - scraper_base - INFO - 🔍 Cobasi: Buscando Vermivet
2026-08-25 20:15:09,725 - scraper_cobasi - INFO - Cobasi: Dados extraídos via JSON para Vermivet
2026-08-25 20:15:09,725 - scraper_base - INFO - ✅ Cobasi: 5 produto(s) encontrado(s) para Vermivet
2026-08-25 20:15:11,524 - scraper_base - INFO - 📦 [12/20] Processando Rimadyl
2026-08-25 20:15:11,524 - scraper_base - INFO - 🔍 Cobasi: Buscando Rimadyl
2026-08-25 20:15:15,498 - scraper_cobasi - INFO - Cobasi: Dados extraídos via JSON para Rimadyl
2026-08-25 20:15:15,498 - scraper_base - INFO - ✅ Cobasi: 3 produto(s) encontrado(s) para Rimadyl
2026-08-25 20:15:17,359 - scraper_base - INFO - 📦 [13/20] Processando Onsior
2026-08-25 20:15:17,359 - scraper_base - INFO - 🔍 Cobasi: Buscando Onsior
2026-08-25 20:15:21,426 - scraper_cobasi - INFO - Cobasi: Dados extraídos via JSON para Onsior
2026-08-25 20:15:21,426 - scraper_base - INFO - ✅ Cobasi: 4 produto(s) encontrado(s) para Onsior
2026-08-25 20:15:22,598 - scraper_base - INFO - 📦 [14/20] Processando Maxicam
2026-08-25 20:15:22,598 - scraper_base - INFO - 🔍 Cobasi: Buscando Maxicam
2026-08-25 20:15:26,807 - scraper_cobasi - INFO - Cobasi: Dados extraídos via JSON para Maxicam
2026-08-25 20:15:26,807 - scraper_base - INFO - ✅ Cobasi: 3 produto(s) encontrado(s) para Maxicam
2026-08-25 20:15:28,461 - scraper_base - INFO - 📦 [15/20] Processando Carproflan
2026-08-25 20:15:28,461 - scraper_base - INFO - 🔍 Cobasi: Buscando Carproflan
2026-08-25 20:15:32,227 - scraper_cobasi - INFO - Cobasi: Dados extraídos via JSON para Carproflan
2026-08-25 20:15:32,227 - scraper_base - INFO - ✅ Cobasi: 3 produto(s) encontrado(s) para Carproflan
2026-08-25 20:15:34,118 - scraper_base - INFO - 📦 [16/20] Processando Previcox
2026-08-25 20:15:34,118 - scraper_base - INFO - 🔍 Cobasi: Buscando Previcox
2026-08-25 20:15:37,208 - scraper_cobasi - INFO - Cobasi: Dados extraídos via JSON para Previcox
2026-08-25 20:15:37,208 - scraper_base - INFO - ✅ Cobasi: 2 produto(s) encontrado(s) para Previcox
2026-08-25 20:15:39,745 - scraper_base - INFO - 📦 [17/20] Processando Apoquel
2026-08-25 20:15:39,746 - scraper_base - INFO - 🔍 Cobasi: Buscando Apoquel
2026-08-25 20:15:43,787 - scraper_cobasi - INFO - Cobasi: Dados extraídos via JSON para Apoquel
2026-08-25 20:15:43,787 - scraper_base - INFO - ✅ Cobasi: 3 produto(s) encontrado(s) para Apoquel
2026-08-25 20:15:45,044 - scraper_base - INFO - 📦 [18/20] Processando Zenrelia
2026-08-25 20:15:45,045 - scraper_base - INFO - 🔍 Cobasi: Buscando Zenrelia
2026-08-25 20:15:48,283 - scraper_cobasi - INFO - Cobasi: Dados extraídos via JSON para Zenrelia
2026-08-25 20:15:48,283 - scraper_base - INFO - ✅ Cobasi: 4 produto(s) encontrado(s) para Zenrelia
2026-08-25 20:15:50,066 - scraper_base - INFO - 📦 [19/20] Processando Synulox
2026-08-25 20:15:50,066 - scraper_base - INFO - 🔍 Cobasi: Buscando Synulox
2026-08-25 20:15:55,795 - scraper_cobasi - INFO - Cobasi: Dados extraídos via JSON para Synulox
2026-08-25 20:15:55,795 - scraper_base - INFO - ✅ Cobasi: 2 produto(s) encontrado(s) para Synulox
2026-08-25 20:15:56,804 - scraper_base - INFO - 📦 [20/20] Processando Baytril
2026-08-25 20:15:56,804 - scraper_base - INFO - 🔍 Cobasi: Buscando Baytril
2026-08-25 20:16:01,103 - scraper_cobasi - INFO - Cobasi: Dados extraídos via JSON para Baytril
2026-08-25 20:16:01,103 - scraper_base - INFO - ✅ Cobasi: 2 produto(s) encontrado(s) para Baytril
2026-08-25 20:16:03,050 - scraper_base - INFO - 📊 Cobasi - Estatísticas finais:
2026-08-25 20:16:03,050 - scraper_base - INFO -    • Medicamentos processados: 20
2026-08-25 20:16:03,050 - scraper_base - INFO -    • Produtos encontrados: 160
2026-08-25 20:16:03,050 - scraper_base - INFO -    • Medicamentos sem resultado: 0
2026-08-25 20:16:03,050 - scraper_base - INFO -    • Tempo total: 127.9s
2026-08-25 20:16:03,050 - scraper_base - INFO -    • Tempo médio por medicamento: 6.4s
2026-08-25 20:16:03,207 - gerenciador_arquivos - INFO - Excel salvo: dados_coletados/cobasi_20260825_201603.xlsx (160 produtos)
2026-08-25 20:16:03,207 - gerenciador_principal - INFO - Cobasi: Arquivo individual salvo com sucesso
2026-08-25 20:16:03,207 - gerenciador_principal - INFO - Pausando entre sites...
2026-08-25 20:16:05,207 - gerenciador_principal - INFO - [2/3] Processando Petlove
2026-08-25 20:16:05,207 - scraper_base - INFO - 🚀 Iniciando scraping completo - Petlove
2026-08-25 20:16:05,635 - gerenciador_conexoes - INFO - Sessao estabelecida com petlove.com.br
2026-08-25 20:16:05,636 - scraper_base - INFO - 📋 20 medicamentos para processar
2026-08-25 20:16:05,636 - scraper_base - INFO - 📦 [1/20] Processando Simparic
2026-08-25 20:16:05,636 - scraper_base - INFO - 🔍 Petlove: Buscando Simparic
2026-08-25 20:16:06,711 - scraper_base - INFO - ✅ Petlove: 36 produto(s) encontrado(s) para Simparic
2026-08-25 20:16:09,290 - scraper_base - INFO - 📦 [2/20] Processando Revolution
2026-08-25 20:16:09,290 - scraper_base - INFO - 🔍 Petlove: Buscando Revolution
2026-08-25 20:16:10,187 - scraper_base - INFO - ✅ Petlove: 19 produto(s) encontrado(s) para Revolution
2026-08-25 20:16:11,636 - scraper_base - INFO - 📦 [3/20] Processando NexGard
2026-08-25 20:16:11,636 - scraper_base - INFO - 🔍 Petlove: Buscando NexGard
2026-08-25 20:16:12,515 - scraper_base - INFO - ✅ Petlove: 11 produto(s) encontrado(s) para NexGard
2026-08-25 20:16:13,799 - scraper_base - INFO - 📦 [4/20] Processando NexGard Spectra
2026-08-25 20:16:13,799 - scraper_base - INFO - 🔍 Petlove: Buscando NexGard Spectra
2026-08-25 20:16:14,522 - scraper_base - INFO - ✅ Petlove: 5 produto(s) encontrado(s) para NexGard Spectra
2026-08-25 20:16:16,820 - scraper_base - INFO - 📦 [5/20] Processando NexGard Combo
2026-08-25 20:16:16,820 - scraper_base - INFO - 🔍 Petlove: Buscando NexGard Combo
2026-08-25 20:16:17,468 - scraper_base - INFO - ✅ Petlove: 2 produto(s) encontrado(s) para NexGard Combo
2026-08-25 20:16:18,997 - scraper_base - INFO - 📦 [6/20] Processando Bravecto
2026-08-25 20:16:18,997 - scraper_base - INFO - 🔍 Petlove: Buscando Bravecto
2026-08-25 20:16:20,073 - scraper_base - INFO - ✅ Petlove: 23 produto(s) encontrado(s) para Bravecto
2026-08-25 20:16:21,371 - scraper_base - INFO - 📦 [7/20] Processando Frontline
2026-08-25 20:16:21,372 - scraper_base - INFO - 🔍 Petlove: Buscando Frontline
2026-08-25 20:16:22,093 - scraper_base - INFO - ✅ Petlove: 11 produto(s) encontrado(s) para Frontline
2026-08-25 20:16:24,222 - scraper_base - INFO - 📦 [8/20] Processando Advocate
2026-08-25 20:16:24,222 - scraper_base - INFO - 🔍 Petlove: Buscando Advocate
2026-08-25 20:16:25,109 - scraper_base - INFO - ✅ Petlove: 9 produto(s) encontrado(s) para Advocate
2026-08-25 20:16:27,079 - scraper_base - INFO - 📦 [9/20] Processando Drontal
2026-08-25 20:16:27,079 - scraper_base - INFO - 🔍 Petlove: Buscando Drontal
2026-08-25 20:16:28,080 - scraper_base - INFO - ✅ Petlove: 36 produto(s) encontrado(s) para Drontal
2026-08-25 20:16:30,390 - scraper_base - INFO - 📦 [10/20] Processando Milbemax
2026-08-25 20:16:30,390 - scraper_base - INFO - 🔍 Petlove: Buscando Milbemax
2026-08-25 20:16:31,148 - scraper_base - INFO - ✅ Petlove: 14 produto(s) encontrado(s) para Milbemax
2026-08-25 20:16:33,530 - scraper_base - INFO - 📦 [11/20] Processando Vermivet
2026-08-25 20:16:33,530 - scraper_base - INFO - 🔍 Petlove: Buscando Vermivet
2026-08-25 20:16:34,557 - scraper_base - INFO - ✅ Petlove: 36 produto(s) encontrado(s) para Vermivet
2026-08-25 20:16:35,891 - scraper_base - INFO - 📦 [12/20] Processando Rimadyl
2026-08-25 20:16:35,891 - scraper_base - INFO - 🔍 Petlove: Buscando Rimadyl
2026-08-25 20:16:36,503 - scraper_base - INFO - ✅ Petlove: 1 produto(s) encontrado(s) para Rimadyl
2026-08-25 20:16:37,825 - scraper_base - INFO - 📦 [13/20] Processando Onsior
2026-08-25 20:16:37,826 - scraper_base - INFO - 🔍 Petlove: Buscando Onsior
2026-08-25 20:16:38,657 - scraper_base - INFO - ✅ Petlove: 4 produto(s) encontrado(s) para Onsior
2026-08-25 20:16:40,279 - scraper_base - INFO - 📦 [14/20] Processando Maxicam
2026-08-25 20:16:40,279 - scraper_base - INFO - 🔍 Petlove: Buscando Maxicam
2026-08-25 20:16:40,947 - scraper_base - INFO - ✅ Petlove: 3 produto(s) encontrado(s) para Maxicam
2026-08-25 20:16:43,753 - scraper_base - INFO - 📦 [15/20] Processando Carproflan
2026-08-25 20:16:43,753 - scraper_base - INFO - 🔍 Petlove: Buscando Carproflan
2026-08-25 20:16:44,392 - scraper_base - INFO - ✅ Petlove: 7 produto(s) encontrado(s) para Carproflan
2026-08-25 20:16:46,470 - scraper_base - INFO - 📦 [16/20] Processando Previcox
2026-08-25 20:16:46,471 - scraper_base - INFO - 🔍 Petlove: Buscando Previcox
2026-08-25 20:16:47,134 - scraper_base - INFO - ✅ Petlove: 4 produto(s) encontrado(s) para Previcox
2026-08-25 20:16:48,952 - scraper_base - INFO - 📦 [17/20] Processando Apoquel
2026-08-25 20:16:48,952 - scraper_base - INFO - 🔍 Petlove: Buscando Apoquel
2026-08-25 20:16:49,592 - scraper_base - INFO - ✅ Petlove: 16 produto(s) encontrado(s) para Apoquel
2026-08-25 20:16:51,252 - scraper_base - INFO - 📦 [18/20] Processando Zenrelia
2026-08-25 20:16:51,252 - scraper_base - INFO - 🔍 Petlove: Buscando Zenrelia
2026-08-25 20:16:51,999 - scraper_base - INFO - ✅ Petlove: 4 produto(s) encontrado(s) para Zenrelia
2026-08-25 20:16:53,244 - scraper_base - INFO - 📦 [19/20] Processando Synulox
2026-08-25 20:16:53,244 - scraper_base - INFO - 🔍 Petlove: Buscando Synulox
2026-08-25 20:16:53,964 - scraper_base - INFO - ✅ Petlove: 1 produto(s) encontrado(s) para Synulox
2026-08-25 20:16:56,018 - scraper_base - INFO - 📦 [20/20] Processando Baytril
2026-08-25 20:16:56,018 - scraper_base - INFO - 🔍 Petlove: Buscando Baytril
2026-08-25 20:16:56,693 - scraper_base - INFO - ✅ Petlove: 6 produto(s) encontrado(s) para Baytril
2026-08-25 20:16:59,185 - scraper_base - INFO - 📊 Petlove - Estatísticas finais:
2026-08-25 20:16:59,186 - scraper_base - INFO -    • Medicamentos processados: 20
2026-08-25 20:16:59,186 - scraper_base - INFO -    • Produtos encontrados: 248
2026-08-25 20:16:59,186 - scraper_base - INFO -    • Medicamentos sem resultado: 0
2026-08-25 20:16:59,186 - scraper_base - INFO -    • Tempo total: 54.0s
2026-08-25 20:16:59,186 - scraper_base - INFO -    • Tempo médio por medicamento: 2.7s
2026-08-25 20:16:59,226 - gerenciador_arquivos - INFO - Excel salvo: dados_coletados/petlove_20260825_201659.xlsx (248 produtos)
2026-08-25 20:16:59,226 - gerenciador_principal - INFO - Petlove: Arquivo individual salvo com sucesso
2026-08-25 20:16:59,226 - gerenciador_principal - INFO - Pausando entre sites...
2026-08-25 20:17:01,227 - gerenciador_principal - INFO - [3/3] Processando Petz
2026-08-25 20:17:01,227 - scraper_base - INFO - 🚀 Iniciando scraping completo - Petz
2026-08-25 20:17:01,530 - scraper_base - INFO - 📋 20 medicamentos para processar
2026-08-25 20:17:01,530 - scraper_base - INFO - 📦 [1/20] Processando Simparic
2026-08-25 20:17:01,530 - scraper_base - INFO - 🔍 Petz: Buscando Simparic
2026-08-25 20:17:09,994 - gerenciador_conexoes - INFO - Chrome inicializado com otimizacoes de velocidade
2026-08-25 20:17:17,478 - scraper_petz - INFO - Petz: Nenhum product-card encontrado para Simparic
2026-08-25 20:17:17,478 - scraper_base - INFO - ⚪ Petz: Nenhum produto encontrado para Simparic
2026-08-25 20:17:20,411 - scraper_base - INFO - 📦 [2/20] Processando Revolution
2026-08-25 20:17:20,411 - scraper_base - INFO - 🔍 Petz: Buscando Revolution
2026-08-25 20:17:24,220 - scraper_petz - INFO - Petz: Nenhum product-card encontrado para Revolution
2026-08-25 20:17:24,220 - scraper_base - INFO - ⚪ Petz: Nenhum produto encontrado para Revolution
2026-08-25 20:17:25,900 - scraper_base - INFO - 📦 [3/20] Processando NexGard
2026-08-25 20:17:25,900 - scraper_base - INFO - 🔍 Petz: Buscando NexGard
2026-08-25 20:17:28,680 - scraper_petz - INFO - Petz: Nenhum product-card encontrado para NexGard
2026-08-25 20:17:28,680 - scraper_base - INFO - ⚪ Petz: Nenhum produto encontrado para NexGard
2026-08-25 20:17:30,810 - scraper_base - INFO - 📦 [4/20] Processando NexGard Spectra
2026-08-25 20:17:30,811 - scraper_base - INFO - 🔍 Petz: Buscando NexGard Spectra
2026-08-25 20:17:32,871 - scraper_petz - INFO - Petz: Nenhum product-card encontrado para NexGard Spectra
2026-08-25 20:17:32,871 - scraper_base - INFO - ⚪ Petz: Nenhum produto encontrado para NexGard Spectra
2026-08-25 20:17:35,157 - scraper_base - INFO - 📦 [5/20] Processando NexGard Combo
2026-08-25 20:17:35,157 - scraper_base - INFO - 🔍 Petz: Buscando NexGard Combo
2026-08-25 20:17:37,069 - scraper_petz - INFO - Petz: Nenhum product-card encontrado para NexGard Combo
2026-08-25 20:17:37,069 - scraper_base - INFO - ⚪ Petz: Nenhum produto encontrado para NexGard Combo
2026-08-25 20:17:38,396 - scraper_base - INFO - 📦 [6/20] Processando Bravecto
2026-08-25 20:17:38,397 - scraper_base - INFO - 🔍 Petz: Buscando Bravecto
2026-08-25 20:17:40,785 - scraper_petz - INFO - Petz: Nenhum product-card encontrado para Bravecto
2026-08-25 20:17:40,785 - scraper_base - INFO - ⚪ Petz: Nenhum produto encontrado para Bravecto
2026-08-25 20:17:43,504 - scraper_base - INFO - 📦 [7/20] Processando Frontline
2026-08-25 20:17:43,504 - scraper_base - INFO - 🔍 Petz: Buscando Frontline
2026-08-25 20:17:45,660 - scraper_petz - INFO - Petz: Nenhum product-card encontrado para Frontline
2026-08-25 20:17:45,661 - scraper_base - INFO - ⚪ Petz: Nenhum produto encontrado para Frontline
2026-08-25 20:17:47,658 - scraper_base - INFO - 📦 [8/20] Processando Advocate
2026-08-25 20:17:47,658 - scraper_base - INFO - 🔍 Petz: Buscando Advocate
2026-08-25 20:17:50,544 - scraper_petz - INFO - Petz: Nenhum product-card encontrado para Advocate
2026-08-25 20:17:50,544 - scraper_base - INFO - ⚪ Petz: Nenhum produto encontrado para Advocate
2026-08-25 20:17:53,337 - scraper_base - INFO - 📦 [9/20] Processando Drontal
2026-08-25 20:17:53,337 - scraper_base - INFO - 🔍 Petz: Buscando Drontal
2026-08-25 20:17:56,474 - scraper_petz - INFO - Petz: Nenhum product-card encontrado para Drontal
2026-08-25 20:17:56,475 - scraper_base - INFO - ⚪ Petz: Nenhum produto encontrado para Drontal
2026-08-25 20:17:58,046 - scraper_base - INFO - 📦 [10/20] Processando Milbemax
2026-08-25 20:17:58,046 - scraper_base - INFO - 🔍 Petz: Buscando Milbemax
2026-08-25 20:17:59,829 - scraper_petz - INFO - Petz: Nenhum product-card encontrado para Milbemax
2026-08-25 20:17:59,829 - scraper_base - INFO - ⚪ Petz: Nenhum produto encontrado para Milbemax
2026-08-25 20:18:02,637 - scraper_base - INFO - 📦 [11/20] Processando Vermivet
2026-08-25 20:18:02,637 - scraper_base - INFO - 🔍 Petz: Buscando Vermivet
2026-08-25 20:18:05,055 - scraper_petz - INFO - Petz: Nenhum product-card encontrado para Vermivet
2026-08-25 20:18:05,055 - scraper_base - INFO - ⚪ Petz: Nenhum produto encontrado para Vermivet
2026-08-25 20:18:07,615 - scraper_base - INFO - 📦 [12/20] Processando Rimadyl
2026-08-25 20:18:07,615 - scraper_base - INFO - 🔍 Petz: Buscando Rimadyl
2026-08-25 20:18:09,817 - scraper_petz - INFO - Petz: Nenhum product-card encontrado para Rimadyl
2026-08-25 20:18:09,817 - scraper_base - INFO - ⚪ Petz: Nenhum produto encontrado para Rimadyl
2026-08-25 20:18:11,132 - scraper_base - INFO - 📦 [13/20] Processando Onsior
2026-08-25 20:18:11,132 - scraper_base - INFO - 🔍 Petz: Buscando Onsior
2026-08-25 20:18:13,295 - scraper_petz - INFO - Petz: Nenhum product-card encontrado para Onsior
2026-08-25 20:18:13,295 - scraper_base - INFO - ⚪ Petz: Nenhum produto encontrado para Onsior
2026-08-25 20:18:14,819 - scraper_base - INFO - 📦 [14/20] Processando Maxicam
2026-08-25 20:18:14,819 - scraper_base - INFO - 🔍 Petz: Buscando Maxicam
2026-08-25 20:18:18,324 - scraper_petz - INFO - Petz: Nenhum product-card encontrado para Maxicam
2026-08-25 20:18:18,324 - scraper_base - INFO - ⚪ Petz: Nenhum produto encontrado para Maxicam
2026-08-25 20:18:19,589 - scraper_base - INFO - 📦 [15/20] Processando Carproflan
2026-08-25 20:18:19,590 - scraper_base - INFO - 🔍 Petz: Buscando Carproflan
2026-08-25 20:18:21,833 - scraper_petz - INFO - Petz: Nenhum product-card encontrado para Carproflan
2026-08-25 20:18:21,833 - scraper_base - INFO - ⚪ Petz: Nenhum produto encontrado para Carproflan
2026-08-25 20:18:23,150 - scraper_base - INFO - 📦 [16/20] Processando Previcox
2026-08-25 20:18:23,150 - scraper_base - INFO - 🔍 Petz: Buscando Previcox
2026-08-25 20:18:24,899 - scraper_petz - INFO - Petz: Nenhum product-card encontrado para Previcox
2026-08-25 20:18:24,899 - scraper_base - INFO - ⚪ Petz: Nenhum produto encontrado para Previcox
2026-08-25 20:18:27,058 - scraper_base - INFO - 📦 [17/20] Processando Apoquel
2026-08-25 20:18:27,058 - scraper_base - INFO - 🔍 Petz: Buscando Apoquel
2026-08-25 20:18:29,040 - scraper_petz - INFO - Petz: Nenhum product-card encontrado para Apoquel
2026-08-25 20:18:29,040 - scraper_base - INFO - ⚪ Petz: Nenhum produto encontrado para Apoquel
2026-08-25 20:18:31,617 - scraper_base - INFO - 📦 [18/20] Processando Zenrelia
2026-08-25 20:18:31,617 - scraper_base - INFO - 🔍 Petz: Buscando Zenrelia
2026-08-25 20:18:33,946 - scraper_petz - INFO - Petz: Nenhum product-card encontrado para Zenrelia
2026-08-25 20:18:33,947 - scraper_base - INFO - ⚪ Petz: Nenhum produto encontrado para Zenrelia
2026-08-25 20:18:36,752 - scraper_base - INFO - 📦 [19/20] Processando Synulox
2026-08-25 20:18:36,753 - scraper_base - INFO - 🔍 Petz: Buscando Synulox
2026-08-25 20:18:38,835 - scraper_petz - INFO - Petz: Nenhum product-card encontrado para Synulox
2026-08-25 20:18:38,835 - scraper_base - INFO - ⚪ Petz: Nenhum produto encontrado para Synulox
2026-08-25 20:18:41,308 - scraper_base - INFO - 📦 [20/20] Processando Baytril
2026-08-25 20:18:41,308 - scraper_base - INFO - 🔍 Petz: Buscando Baytril
2026-08-25 20:18:47,750 - scraper_petz - INFO - Petz: Nenhum product-card encontrado para Baytril
2026-08-25 20:18:47,750 - scraper_base - INFO - ⚪ Petz: Nenhum produto encontrado para Baytril
2026-08-25 20:18:49,236 - scraper_base - INFO - 📊 Petz - Estatísticas finais:
2026-08-25 20:18:49,237 - scraper_base - INFO -    • Medicamentos processados: 20
2026-08-25 20:18:49,237 - scraper_base - INFO -    • Produtos encontrados: 0
2026-08-25 20:18:49,237 - scraper_base - INFO -    • Medicamentos sem resultado: 20
2026-08-25 20:18:49,237 - scraper_base - INFO -    • Tempo total: 108.0s
2026-08-25 20:18:49,237 - scraper_base - INFO -    • Tempo médio por medicamento: 5.4s
2026-08-25 20:18:49,237 - gerenciador_principal - WARNING - Petz: Nenhum produto coletado
2026-08-25 20:18:49,237 - gerenciador_principal - INFO - Gerando relatório consolidado...
2026-08-25 20:18:49,360 - gerenciador_arquivos - INFO - Relatório consolidado salvo: dados_relatorios/relatorio_consolidado_20260825_201849.xlsx
2026-08-25 20:18:49,441 - gerenciador_conexoes - INFO - Chrome fechado
2026-08-25 20:18:49,441 - gerenciador_conexoes - INFO - Métodos utilizados - Requests: 66.7%, Selenium: 33.3%, Falhas: 0.0%
2026-08-25 20:18:49,441 - gerenciador_principal - INFO - ============================================================
2026-08-25 20:18:49,441 - gerenciador_principal - INFO - RELATORIO FINAL DE EXECUÇÃO
2026-08-25 20:18:49,441 - gerenciador_principal - INFO - ============================================================
2026-08-25 20:18:49,441 - gerenciador_principal - INFO - Sites processados: 3
2026-08-25 20:18:49,441 - gerenciador_principal - INFO - Sites com sucesso: 2
2026-08-25 20:18:49,441 - gerenciador_principal - INFO - Total de produtos coletados: 408
2026-08-25 20:18:49,441 - gerenciador_principal - WARNING - Sites com falhas: Petz
2026-08-25 20:18:49,441 - gerenciador_principal - INFO - Tempo total de execução: 294.1 segundos
2026-08-25 20:18:49,441 - gerenciador_principal - INFO - Estatísticas de conexão:
2026-08-25 20:18:49,442 - gerenciador_principal - INFO -   - Requests bem-sucedidos: 66.7%
2026-08-25 20:18:49,442 - gerenciador_principal - INFO -   - Selenium fallback: 33.3%
2026-08-25 20:18:49,442 - gerenciador_principal - INFO -   - Falhas totais: 0.0%
2026-08-25 20:18:49,445 - gerenciador_principal - INFO - Arquivos salvos na pasta: dados_coletados
2026-08-25 20:18:49,445 - gerenciador_principal - INFO - Total de arquivos: 951
2026-08-25 20:18:49,445 - gerenciador_principal - INFO - ============================================================
