2026-01-15 20:12:12,525 - configurador_logs - INFO - Sistema de logs configurado com sucesso
2026-01-15 20:12:12,525 - configurador_logs - INFO - 🚀 Logs configurados para MODO PRODUÇÃO
2026-01-15 20:12:12,525 - gerenciador_principal - INFO - Inicializando sistema - Modo: PRODUCAO
2026-01-15 20:12:12,525 - gerenciador_arquivos - INFO - Pasta dados_coletados preparada
2026-01-15 20:12:12,525 - gerenciador_principal - INFO - Sistema inicializado com 3 scrapers
2026-01-15 20:12:12,525 - gerenciador_principal - INFO - ============================================================
2026-01-15 20:12:12,525 - gerenciador_principal - INFO - INICIANDO SCRAPING COMPLETO - PRODUCAO
2026-01-15 20:12:12,525 - gerenciador_principal - INFO - ============================================================
2026-01-15 20:12:12,526 - gerenciador_principal - INFO - [1/3] Processando Cobasi
2026-01-15 20:12:12,526 - scraper_base - INFO - 🚀 Iniciando scraping completo - Cobasi
2026-01-15 20:12:13,187 - gerenciador_conexoes - INFO - Sessao estabelecida com cobasi.com.br
2026-01-15 20:12:13,188 - scraper_base - INFO - 📋 20 medicamentos para processar
2026-01-15 20:12:13,188 - scraper_base - INFO - 📦 [1/20] Processando Simparic
2026-01-15 20:12:13,188 - scraper_base - INFO - 🔍 Cobasi: Buscando Simparic
2026-01-15 20:12:15,454 - scraper_cobasi - INFO - Cobasi: Dados extraídos via JSON para Simparic
2026-01-15 20:12:15,454 - scraper_base - INFO - ✅ Cobasi: 12 produto(s) encontrado(s) para Simparic
2026-01-15 20:12:16,602 - scraper_base - INFO - 📦 [2/20] Processando Revolution
2026-01-15 20:12:16,602 - scraper_base - INFO - 🔍 Cobasi: Buscando Revolution
2026-01-15 20:12:17,179 - scraper_cobasi - INFO - Cobasi: Dados extraídos via JSON para Revolution
2026-01-15 20:12:17,179 - scraper_base - INFO - ✅ Cobasi: 18 produto(s) encontrado(s) para Revolution
2026-01-15 20:12:18,494 - scraper_base - INFO - 📦 [3/20] Processando NexGard
2026-01-15 20:12:18,494 - scraper_base - INFO - 🔍 Cobasi: Buscando NexGard
2026-01-15 20:12:21,040 - scraper_cobasi - INFO - Cobasi: Dados extraídos via JSON para NexGard
2026-01-15 20:12:21,040 - scraper_base - INFO - ✅ Cobasi: 22 produto(s) encontrado(s) para NexGard
2026-01-15 20:12:23,591 - scraper_base - INFO - 📦 [4/20] Processando NexGard Spectra
2026-01-15 20:12:23,591 - scraper_base - INFO - 🔍 Cobasi: Buscando NexGard Spectra
2026-01-15 20:12:25,950 - scraper_cobasi - INFO - Cobasi: Dados extraídos via JSON para NexGard Spectra
2026-01-15 20:12:25,950 - scraper_base - INFO - ✅ Cobasi: 10 produto(s) encontrado(s) para NexGard Spectra
2026-01-15 20:12:28,760 - scraper_base - INFO - 📦 [5/20] Processando NexGard Combo
2026-01-15 20:12:28,760 - scraper_base - INFO - 🔍 Cobasi: Buscando NexGard Combo
2026-01-15 20:12:30,604 - scraper_cobasi - INFO - Cobasi: Dados extraídos via JSON para NexGard Combo
2026-01-15 20:12:30,604 - scraper_base - INFO - ✅ Cobasi: 4 produto(s) encontrado(s) para NexGard Combo
2026-01-15 20:12:33,001 - scraper_base - INFO - 📦 [6/20] Processando Bravecto
2026-01-15 20:12:33,001 - scraper_base - INFO - 🔍 Cobasi: Buscando Bravecto
2026-01-15 20:12:36,016 - scraper_cobasi - INFO - Cobasi: Dados extraídos via JSON para Bravecto
2026-01-15 20:12:36,016 - scraper_base - INFO - ✅ Cobasi: 16 produto(s) encontrado(s) para Bravecto
2026-01-15 20:12:38,654 - scraper_base - INFO - 📦 [7/20] Processando Frontline
2026-01-15 20:12:38,654 - scraper_base - INFO - 🔍 Cobasi: Buscando Frontline
2026-01-15 20:12:39,185 - scraper_cobasi - INFO - Cobasi: Dados extraídos via JSON para Frontline
2026-01-15 20:12:39,185 - scraper_base - INFO - ✅ Cobasi: 10 produto(s) encontrado(s) para Frontline
2026-01-15 20:12:41,357 - scraper_base - INFO - 📦 [8/20] Processando Advocate
2026-01-15 20:12:41,358 - scraper_base - INFO - 🔍 Cobasi: Buscando Advocate
2026-01-15 20:12:43,789 - scraper_cobasi - INFO - Cobasi: Dados extraídos via JSON para Advocate
2026-01-15 20:12:43,789 - scraper_base - INFO - ✅ Cobasi: 12 produto(s) encontrado(s) para Advocate
2026-01-15 20:12:46,493 - scraper_base - INFO - 📦 [9/20] Processando Drontal
2026-01-15 20:12:46,493 - scraper_base - INFO - 🔍 Cobasi: Buscando Drontal
2026-01-15 20:12:49,062 - scraper_cobasi - INFO - Cobasi: Dados extraídos via JSON para Drontal
2026-01-15 20:12:49,062 - scraper_base - INFO - ✅ Cobasi: 8 produto(s) encontrado(s) para Drontal
2026-01-15 20:12:50,846 - scraper_base - INFO - 📦 [10/20] Processando Milbemax
2026-01-15 20:12:50,846 - scraper_base - INFO - 🔍 Cobasi: Buscando Milbemax
2026-01-15 20:12:52,990 - scraper_cobasi - INFO - Cobasi: Dados extraídos via JSON para Milbemax
2026-01-15 20:12:52,990 - scraper_base - INFO - ✅ Cobasi: 4 produto(s) encontrado(s) para Milbemax
2026-01-15 20:12:54,093 - scraper_base - INFO - 📦 [11/20] Processando Vermivet
2026-01-15 20:12:54,093 - scraper_base - INFO - 🔍 Cobasi: Buscando Vermivet
2026-01-15 20:12:56,353 - scraper_cobasi - INFO - Cobasi: Dados extraídos via JSON para Vermivet
2026-01-15 20:12:56,353 - scraper_base - INFO - ✅ Cobasi: 5 produto(s) encontrado(s) para Vermivet
2026-01-15 20:12:58,176 - scraper_base - INFO - 📦 [12/20] Processando Rimadyl
2026-01-15 20:12:58,177 - scraper_base - INFO - 🔍 Cobasi: Buscando Rimadyl
2026-01-15 20:13:00,553 - scraper_cobasi - INFO - Cobasi: Dados extraídos via JSON para Rimadyl
2026-01-15 20:13:00,553 - scraper_base - INFO - ✅ Cobasi: 3 produto(s) encontrado(s) para Rimadyl
2026-01-15 20:13:02,420 - scraper_base - INFO - 📦 [13/20] Processando Onsior
2026-01-15 20:13:02,420 - scraper_base - INFO - 🔍 Cobasi: Buscando Onsior
2026-01-15 20:13:04,596 - scraper_cobasi - INFO - Cobasi: Dados extraídos via JSON para Onsior
2026-01-15 20:13:04,596 - scraper_base - INFO - ✅ Cobasi: 4 produto(s) encontrado(s) para Onsior
2026-01-15 20:13:05,762 - scraper_base - INFO - 📦 [14/20] Processando Maxicam
2026-01-15 20:13:05,762 - scraper_base - INFO - 🔍 Cobasi: Buscando Maxicam
2026-01-15 20:13:08,742 - scraper_cobasi - INFO - Cobasi: Dados extraídos via JSON para Maxicam
2026-01-15 20:13:08,742 - scraper_base - INFO - ✅ Cobasi: 21 produto(s) encontrado(s) para Maxicam
2026-01-15 20:13:10,531 - scraper_base - INFO - 📦 [15/20] Processando Carproflan
2026-01-15 20:13:10,531 - scraper_base - INFO - 🔍 Cobasi: Buscando Carproflan
2026-01-15 20:13:12,546 - scraper_cobasi - INFO - Cobasi: Dados extraídos via JSON para Carproflan
2026-01-15 20:13:12,546 - scraper_base - INFO - ✅ Cobasi: 3 produto(s) encontrado(s) para Carproflan
2026-01-15 20:13:14,488 - scraper_base - INFO - 📦 [16/20] Processando Previcox
2026-01-15 20:13:14,488 - scraper_base - INFO - 🔍 Cobasi: Buscando Previcox
2026-01-15 20:13:16,179 - scraper_cobasi - INFO - Cobasi: Dados extraídos via JSON para Previcox
2026-01-15 20:13:16,179 - scraper_base - INFO - ✅ Cobasi: 2 produto(s) encontrado(s) para Previcox
2026-01-15 20:13:18,967 - scraper_base - INFO - 📦 [17/20] Processando Apoquel
2026-01-15 20:13:18,967 - scraper_base - INFO - 🔍 Cobasi: Buscando Apoquel
2026-01-15 20:13:21,094 - scraper_cobasi - INFO - Cobasi: Dados extraídos via JSON para Apoquel
2026-01-15 20:13:21,094 - scraper_base - INFO - ✅ Cobasi: 3 produto(s) encontrado(s) para Apoquel
2026-01-15 20:13:23,365 - scraper_base - INFO - 📦 [18/20] Processando Zenrelia
2026-01-15 20:13:23,365 - scraper_base - INFO - 🔍 Cobasi: Buscando Zenrelia
2026-01-15 20:13:25,264 - scraper_cobasi - INFO - Cobasi: Dados extraídos via JSON para Zenrelia
2026-01-15 20:13:25,264 - scraper_base - INFO - ✅ Cobasi: 4 produto(s) encontrado(s) para Zenrelia
2026-01-15 20:13:28,147 - scraper_base - INFO - 📦 [19/20] Processando Synulox
2026-01-15 20:13:28,147 - scraper_base - INFO - 🔍 Cobasi: Buscando Synulox
2026-01-15 20:13:30,173 - scraper_cobasi - INFO - Cobasi: Dados extraídos via JSON para Synulox
2026-01-15 20:13:30,173 - scraper_base - INFO - ✅ Cobasi: 2 produto(s) encontrado(s) para Synulox
2026-01-15 20:13:32,835 - scraper_base - INFO - 📦 [20/20] Processando Baytril
2026-01-15 20:13:32,835 - scraper_base - INFO - 🔍 Cobasi: Buscando Baytril
2026-01-15 20:13:35,156 - scraper_cobasi - INFO - Cobasi: Dados extraídos via JSON para Baytril
2026-01-15 20:13:35,156 - scraper_base - INFO - ✅ Cobasi: 4 produto(s) encontrado(s) para Baytril
2026-01-15 20:13:37,068 - scraper_base - INFO - 📊 Cobasi - Estatísticas finais:
2026-01-15 20:13:37,068 - scraper_base - INFO -    • Medicamentos processados: 20
2026-01-15 20:13:37,068 - scraper_base - INFO -    • Produtos encontrados: 167
2026-01-15 20:13:37,068 - scraper_base - INFO -    • Medicamentos sem resultado: 0
2026-01-15 20:13:37,068 - scraper_base - INFO -    • Tempo total: 84.5s
2026-01-15 20:13:37,068 - scraper_base - INFO -    • Tempo médio por medicamento: 4.2s
2026-01-15 20:13:37,309 - gerenciador_arquivos - INFO - Excel salvo: dados_coletados/cobasi_20260115_201337.xlsx (167 produtos)
2026-01-15 20:13:37,309 - gerenciador_principal - INFO - Cobasi: Arquivo individual salvo com sucesso
2026-01-15 20:13:37,309 - gerenciador_principal - INFO - Pausando entre sites...
2026-01-15 20:13:39,309 - gerenciador_principal - INFO - [2/3] Processando Petlove
2026-01-15 20:13:39,310 - scraper_base - INFO - 🚀 Iniciando scraping completo - Petlove
2026-01-15 20:13:39,582 - scraper_base - INFO - 📋 20 medicamentos para processar
2026-01-15 20:13:39,582 - scraper_base - INFO - 📦 [1/20] Processando Simparic
2026-01-15 20:13:39,582 - scraper_base - INFO - 🔍 Petlove: Buscando Simparic
2026-01-15 20:13:40,896 - gerenciador_conexoes - INFO - Chrome inicializado com otimizacoes de velocidade
2026-01-15 20:13:44,659 - scraper_base - INFO - ✅ Petlove: 34 produto(s) encontrado(s) para Simparic
2026-01-15 20:13:47,250 - scraper_base - INFO - 📦 [2/20] Processando Revolution
2026-01-15 20:13:47,251 - scraper_base - INFO - 🔍 Petlove: Buscando Revolution
2026-01-15 20:13:49,422 - scraper_base - INFO - ✅ Petlove: 17 produto(s) encontrado(s) para Revolution
2026-01-15 20:13:51,369 - scraper_base - INFO - 📦 [3/20] Processando NexGard
2026-01-15 20:13:51,369 - scraper_base - INFO - 🔍 Petlove: Buscando NexGard
2026-01-15 20:13:52,816 - scraper_base - INFO - ✅ Petlove: 11 produto(s) encontrado(s) para NexGard
2026-01-15 20:13:54,483 - scraper_base - INFO - 📦 [4/20] Processando NexGard Spectra
2026-01-15 20:13:54,483 - scraper_base - INFO - 🔍 Petlove: Buscando NexGard Spectra
2026-01-15 20:13:55,992 - scraper_base - INFO - ✅ Petlove: 5 produto(s) encontrado(s) para NexGard Spectra
2026-01-15 20:13:58,654 - scraper_base - INFO - 📦 [5/20] Processando NexGard Combo
2026-01-15 20:13:58,654 - scraper_base - INFO - 🔍 Petlove: Buscando NexGard Combo
2026-01-15 20:14:00,163 - scraper_base - INFO - ✅ Petlove: 2 produto(s) encontrado(s) para NexGard Combo
2026-01-15 20:14:02,382 - scraper_base - INFO - 📦 [6/20] Processando Bravecto
2026-01-15 20:14:02,382 - scraper_base - INFO - 🔍 Petlove: Buscando Bravecto
2026-01-15 20:14:04,533 - scraper_base - INFO - ✅ Petlove: 23 produto(s) encontrado(s) para Bravecto
2026-01-15 20:14:06,990 - scraper_base - INFO - 📦 [7/20] Processando Frontline
2026-01-15 20:14:06,990 - scraper_base - INFO - 🔍 Petlove: Buscando Frontline
2026-01-15 20:14:08,552 - scraper_base - INFO - ✅ Petlove: 11 produto(s) encontrado(s) para Frontline
2026-01-15 20:14:10,195 - scraper_base - INFO - 📦 [8/20] Processando Advocate
2026-01-15 20:14:10,195 - scraper_base - INFO - 🔍 Petlove: Buscando Advocate
2026-01-15 20:14:11,752 - scraper_base - INFO - ✅ Petlove: 10 produto(s) encontrado(s) para Advocate
2026-01-15 20:14:14,285 - scraper_base - INFO - 📦 [9/20] Processando Drontal
2026-01-15 20:14:14,285 - scraper_base - INFO - 🔍 Petlove: Buscando Drontal
2026-01-15 20:14:16,276 - scraper_base - INFO - ✅ Petlove: 36 produto(s) encontrado(s) para Drontal
2026-01-15 20:14:17,917 - scraper_base - INFO - 📦 [10/20] Processando Milbemax
2026-01-15 20:14:17,917 - scraper_base - INFO - 🔍 Petlove: Buscando Milbemax
2026-01-15 20:14:19,489 - scraper_base - INFO - ✅ Petlove: 14 produto(s) encontrado(s) para Milbemax
2026-01-15 20:14:21,463 - scraper_base - INFO - 📦 [11/20] Processando Vermivet
2026-01-15 20:14:21,463 - scraper_base - INFO - 🔍 Petlove: Buscando Vermivet
2026-01-15 20:14:23,363 - scraper_base - INFO - ✅ Petlove: 36 produto(s) encontrado(s) para Vermivet
2026-01-15 20:14:24,429 - scraper_base - INFO - 📦 [12/20] Processando Rimadyl
2026-01-15 20:14:24,429 - scraper_base - INFO - 🔍 Petlove: Buscando Rimadyl
2026-01-15 20:14:26,244 - scraper_base - INFO - ✅ Petlove: 1 produto(s) encontrado(s) para Rimadyl
2026-01-15 20:14:29,208 - scraper_base - INFO - 📦 [13/20] Processando Onsior
2026-01-15 20:14:29,208 - scraper_base - INFO - 🔍 Petlove: Buscando Onsior
2026-01-15 20:14:30,689 - scraper_base - INFO - ✅ Petlove: 4 produto(s) encontrado(s) para Onsior
2026-01-15 20:14:33,248 - scraper_base - INFO - 📦 [14/20] Processando Maxicam
2026-01-15 20:14:33,248 - scraper_base - INFO - 🔍 Petlove: Buscando Maxicam
2026-01-15 20:14:34,712 - scraper_base - INFO - ✅ Petlove: 3 produto(s) encontrado(s) para Maxicam
2026-01-15 20:14:37,534 - scraper_base - INFO - 📦 [15/20] Processando Carproflan
2026-01-15 20:14:37,534 - scraper_base - INFO - 🔍 Petlove: Buscando Carproflan
2026-01-15 20:14:38,983 - scraper_base - INFO - ✅ Petlove: 8 produto(s) encontrado(s) para Carproflan
2026-01-15 20:14:40,045 - scraper_base - INFO - 📦 [16/20] Processando Previcox
2026-01-15 20:14:40,045 - scraper_base - INFO - 🔍 Petlove: Buscando Previcox
2026-01-15 20:14:42,015 - scraper_base - INFO - ✅ Petlove: 4 produto(s) encontrado(s) para Previcox
2026-01-15 20:14:44,001 - scraper_base - INFO - 📦 [17/20] Processando Apoquel
2026-01-15 20:14:44,002 - scraper_base - INFO - 🔍 Petlove: Buscando Apoquel
2026-01-15 20:14:45,702 - scraper_base - INFO - ✅ Petlove: 16 produto(s) encontrado(s) para Apoquel
2026-01-15 20:14:47,448 - scraper_base - INFO - 📦 [18/20] Processando Zenrelia
2026-01-15 20:14:47,448 - scraper_base - INFO - 🔍 Petlove: Buscando Zenrelia
2026-01-15 20:14:48,660 - scraper_base - INFO - ✅ Petlove: 4 produto(s) encontrado(s) para Zenrelia
2026-01-15 20:14:51,020 - scraper_base - INFO - 📦 [19/20] Processando Synulox
2026-01-15 20:14:51,020 - scraper_base - INFO - 🔍 Petlove: Buscando Synulox
2026-01-15 20:14:52,463 - scraper_base - INFO - ✅ Petlove: 1 produto(s) encontrado(s) para Synulox
2026-01-15 20:14:54,431 - scraper_base - INFO - 📦 [20/20] Processando Baytril
2026-01-15 20:14:54,432 - scraper_base - INFO - 🔍 Petlove: Buscando Baytril
2026-01-15 20:14:55,982 - scraper_base - INFO - ✅ Petlove: 4 produto(s) encontrado(s) para Baytril
2026-01-15 20:14:58,228 - scraper_base - INFO - 📊 Petlove - Estatísticas finais:
2026-01-15 20:14:58,228 - scraper_base - INFO -    • Medicamentos processados: 20
2026-01-15 20:14:58,228 - scraper_base - INFO -    • Produtos encontrados: 244
2026-01-15 20:14:58,228 - scraper_base - INFO -    • Medicamentos sem resultado: 0
2026-01-15 20:14:58,228 - scraper_base - INFO -    • Tempo total: 78.9s
2026-01-15 20:14:58,228 - scraper_base - INFO -    • Tempo médio por medicamento: 3.9s
2026-01-15 20:14:58,271 - gerenciador_arquivos - INFO - Excel salvo: dados_coletados/petlove_20260115_201458.xlsx (244 produtos)
2026-01-15 20:14:58,271 - gerenciador_principal - INFO - Petlove: Arquivo individual salvo com sucesso
2026-01-15 20:14:58,271 - gerenciador_principal - INFO - Pausando entre sites...
2026-01-15 20:15:00,272 - gerenciador_principal - INFO - [3/3] Processando Petz
2026-01-15 20:15:00,272 - scraper_base - INFO - 🚀 Iniciando scraping completo - Petz
2026-01-15 20:15:00,669 - scraper_base - INFO - 📋 20 medicamentos para processar
2026-01-15 20:15:00,670 - scraper_base - INFO - 📦 [1/20] Processando Simparic
2026-01-15 20:15:00,670 - scraper_base - INFO - 🔍 Petz: Buscando Simparic
2026-01-15 20:15:00,829 - scraper_petz - INFO - Petz: Nenhum product-card encontrado para Simparic
2026-01-15 20:15:00,829 - scraper_base - INFO - ⚪ Petz: Nenhum produto encontrado para Simparic
2026-01-15 20:15:02,280 - scraper_base - INFO - 📦 [2/20] Processando Revolution
2026-01-15 20:15:02,280 - scraper_base - INFO - 🔍 Petz: Buscando Revolution
2026-01-15 20:15:02,384 - scraper_petz - INFO - Petz: Nenhum product-card encontrado para Revolution
2026-01-15 20:15:02,385 - scraper_base - INFO - ⚪ Petz: Nenhum produto encontrado para Revolution
2026-01-15 20:15:03,657 - scraper_base - INFO - 📦 [3/20] Processando NexGard
2026-01-15 20:15:03,657 - scraper_base - INFO - 🔍 Petz: Buscando NexGard
2026-01-15 20:15:03,768 - scraper_petz - INFO - Petz: Nenhum product-card encontrado para NexGard
2026-01-15 20:15:03,768 - scraper_base - INFO - ⚪ Petz: Nenhum produto encontrado para NexGard
2026-01-15 20:15:05,119 - scraper_base - INFO - 📦 [4/20] Processando NexGard Spectra
2026-01-15 20:15:05,119 - scraper_base - INFO - 🔍 Petz: Buscando NexGard Spectra
2026-01-15 20:15:05,243 - scraper_petz - INFO - Petz: Nenhum product-card encontrado para NexGard Spectra
2026-01-15 20:15:05,243 - scraper_base - INFO - ⚪ Petz: Nenhum produto encontrado para NexGard Spectra
2026-01-15 20:15:08,061 - scraper_base - INFO - 📦 [5/20] Processando NexGard Combo
2026-01-15 20:15:08,061 - scraper_base - INFO - 🔍 Petz: Buscando NexGard Combo
2026-01-15 20:15:08,168 - scraper_petz - INFO - Petz: Nenhum product-card encontrado para NexGard Combo
2026-01-15 20:15:08,169 - scraper_base - INFO - ⚪ Petz: Nenhum produto encontrado para NexGard Combo
2026-01-15 20:15:10,471 - scraper_base - INFO - 📦 [6/20] Processando Bravecto
2026-01-15 20:15:10,471 - scraper_base - INFO - 🔍 Petz: Buscando Bravecto
2026-01-15 20:15:10,575 - scraper_petz - INFO - Petz: Nenhum product-card encontrado para Bravecto
2026-01-15 20:15:10,575 - scraper_base - INFO - ⚪ Petz: Nenhum produto encontrado para Bravecto
2026-01-15 20:15:11,602 - scraper_base - INFO - 📦 [7/20] Processando Frontline
2026-01-15 20:15:11,602 - scraper_base - INFO - 🔍 Petz: Buscando Frontline
2026-01-15 20:15:11,703 - scraper_petz - INFO - Petz: Nenhum product-card encontrado para Frontline
2026-01-15 20:15:11,703 - scraper_base - INFO - ⚪ Petz: Nenhum produto encontrado para Frontline
2026-01-15 20:15:13,356 - scraper_base - INFO - 📦 [8/20] Processando Advocate
2026-01-15 20:15:13,356 - scraper_base - INFO - 🔍 Petz: Buscando Advocate
2026-01-15 20:15:13,463 - scraper_petz - INFO - Petz: Nenhum product-card encontrado para Advocate
2026-01-15 20:15:13,463 - scraper_base - INFO - ⚪ Petz: Nenhum produto encontrado para Advocate
2026-01-15 20:15:14,533 - scraper_base - INFO - 📦 [9/20] Processando Drontal
2026-01-15 20:15:14,534 - scraper_base - INFO - 🔍 Petz: Buscando Drontal
2026-01-15 20:15:14,641 - scraper_petz - INFO - Petz: Nenhum product-card encontrado para Drontal
2026-01-15 20:15:14,641 - scraper_base - INFO - ⚪ Petz: Nenhum produto encontrado para Drontal
2026-01-15 20:15:17,186 - scraper_base - INFO - 📦 [10/20] Processando Milbemax
2026-01-15 20:15:17,186 - scraper_base - INFO - 🔍 Petz: Buscando Milbemax
2026-01-15 20:15:17,292 - scraper_petz - INFO - Petz: Nenhum product-card encontrado para Milbemax
2026-01-15 20:15:17,292 - scraper_base - INFO - ⚪ Petz: Nenhum produto encontrado para Milbemax
2026-01-15 20:15:19,106 - scraper_base - INFO - 📦 [11/20] Processando Vermivet
2026-01-15 20:15:19,107 - scraper_base - INFO - 🔍 Petz: Buscando Vermivet
2026-01-15 20:15:19,210 - scraper_petz - INFO - Petz: Nenhum product-card encontrado para Vermivet
2026-01-15 20:15:19,210 - scraper_base - INFO - ⚪ Petz: Nenhum produto encontrado para Vermivet
2026-01-15 20:15:20,809 - scraper_base - INFO - 📦 [12/20] Processando Rimadyl
2026-01-15 20:15:20,810 - scraper_base - INFO - 🔍 Petz: Buscando Rimadyl
2026-01-15 20:15:21,108 - scraper_petz - INFO - Petz: Nenhum product-card encontrado para Rimadyl
2026-01-15 20:15:21,108 - scraper_base - INFO - ⚪ Petz: Nenhum produto encontrado para Rimadyl
2026-01-15 20:15:22,677 - scraper_base - INFO - 📦 [13/20] Processando Onsior
2026-01-15 20:15:22,677 - scraper_base - INFO - 🔍 Petz: Buscando Onsior
2026-01-15 20:15:22,781 - scraper_petz - INFO - Petz: Nenhum product-card encontrado para Onsior
2026-01-15 20:15:22,781 - scraper_base - INFO - ⚪ Petz: Nenhum produto encontrado para Onsior
2026-01-15 20:15:24,034 - scraper_base - INFO - 📦 [14/20] Processando Maxicam
2026-01-15 20:15:24,034 - scraper_base - INFO - 🔍 Petz: Buscando Maxicam
2026-01-15 20:15:24,142 - scraper_petz - INFO - Petz: Nenhum product-card encontrado para Maxicam
2026-01-15 20:15:24,142 - scraper_base - INFO - ⚪ Petz: Nenhum produto encontrado para Maxicam
2026-01-15 20:15:25,711 - scraper_base - INFO - 📦 [15/20] Processando Carproflan
2026-01-15 20:15:25,711 - scraper_base - INFO - 🔍 Petz: Buscando Carproflan
2026-01-15 20:15:25,823 - scraper_petz - INFO - Petz: Nenhum product-card encontrado para Carproflan
2026-01-15 20:15:25,823 - scraper_base - INFO - ⚪ Petz: Nenhum produto encontrado para Carproflan
2026-01-15 20:15:28,412 - scraper_base - INFO - 📦 [16/20] Processando Previcox
2026-01-15 20:15:28,412 - scraper_base - INFO - 🔍 Petz: Buscando Previcox
2026-01-15 20:15:28,521 - scraper_petz - INFO - Petz: Nenhum product-card encontrado para Previcox
2026-01-15 20:15:28,521 - scraper_base - INFO - ⚪ Petz: Nenhum produto encontrado para Previcox
2026-01-15 20:15:29,932 - scraper_base - INFO - 📦 [17/20] Processando Apoquel
2026-01-15 20:15:29,932 - scraper_base - INFO - 🔍 Petz: Buscando Apoquel
2026-01-15 20:15:30,037 - scraper_petz - INFO - Petz: Nenhum product-card encontrado para Apoquel
2026-01-15 20:15:30,037 - scraper_base - INFO - ⚪ Petz: Nenhum produto encontrado para Apoquel
2026-01-15 20:15:31,844 - scraper_base - INFO - 📦 [18/20] Processando Zenrelia
2026-01-15 20:15:31,844 - scraper_base - INFO - 🔍 Petz: Buscando Zenrelia
2026-01-15 20:15:31,949 - scraper_petz - INFO - Petz: Nenhum product-card encontrado para Zenrelia
2026-01-15 20:15:31,949 - scraper_base - INFO - ⚪ Petz: Nenhum produto encontrado para Zenrelia
2026-01-15 20:15:34,687 - scraper_base - INFO - 📦 [19/20] Processando Synulox
2026-01-15 20:15:34,687 - scraper_base - INFO - 🔍 Petz: Buscando Synulox
2026-01-15 20:15:34,791 - scraper_petz - INFO - Petz: Nenhum product-card encontrado para Synulox
2026-01-15 20:15:34,791 - scraper_base - INFO - ⚪ Petz: Nenhum produto encontrado para Synulox
2026-01-15 20:15:37,262 - scraper_base - INFO - 📦 [20/20] Processando Baytril
2026-01-15 20:15:37,262 - scraper_base - INFO - 🔍 Petz: Buscando Baytril
2026-01-15 20:15:37,366 - scraper_petz - INFO - Petz: Nenhum product-card encontrado para Baytril
2026-01-15 20:15:37,366 - scraper_base - INFO - ⚪ Petz: Nenhum produto encontrado para Baytril
2026-01-15 20:15:38,852 - scraper_base - INFO - 📊 Petz - Estatísticas finais:
2026-01-15 20:15:38,853 - scraper_base - INFO -    • Medicamentos processados: 20
2026-01-15 20:15:38,853 - scraper_base - INFO -    • Produtos encontrados: 0
2026-01-15 20:15:38,853 - scraper_base - INFO -    • Medicamentos sem resultado: 20
2026-01-15 20:15:38,853 - scraper_base - INFO -    • Tempo total: 38.6s
2026-01-15 20:15:38,853 - scraper_base - INFO -    • Tempo médio por medicamento: 1.9s
2026-01-15 20:15:38,853 - gerenciador_principal - WARNING - Petz: Nenhum produto coletado
2026-01-15 20:15:38,853 - gerenciador_principal - INFO - Gerando relatório consolidado...
2026-01-15 20:15:38,982 - gerenciador_arquivos - INFO - Relatório consolidado salvo: dados_relatorios/relatorio_consolidado_20260115_201538.xlsx
2026-01-15 20:15:39,064 - gerenciador_conexoes - INFO - Chrome fechado
2026-01-15 20:15:39,064 - gerenciador_conexoes - INFO - Métodos utilizados - Requests: 33.3%, Selenium: 66.7%, Falhas: 0.0%
2026-01-15 20:15:39,064 - gerenciador_principal - INFO - ============================================================
2026-01-15 20:15:39,064 - gerenciador_principal - INFO - RELATORIO FINAL DE EXECUÇÃO
2026-01-15 20:15:39,064 - gerenciador_principal - INFO - ============================================================
2026-01-15 20:15:39,064 - gerenciador_principal - INFO - Sites processados: 3
2026-01-15 20:15:39,064 - gerenciador_principal - INFO - Sites com sucesso: 2
2026-01-15 20:15:39,064 - gerenciador_principal - INFO - Total de produtos coletados: 411
2026-01-15 20:15:39,064 - gerenciador_principal - WARNING - Sites com falhas: Petz
2026-01-15 20:15:39,064 - gerenciador_principal - INFO - Tempo total de execução: 206.3 segundos
2026-01-15 20:15:39,064 - gerenciador_principal - INFO - Estatísticas de conexão:
2026-01-15 20:15:39,064 - gerenciador_principal - INFO -   - Requests bem-sucedidos: 33.3%
2026-01-15 20:15:39,064 - gerenciador_principal - INFO -   - Selenium fallback: 66.7%
2026-01-15 20:15:39,064 - gerenciador_principal - INFO -   - Falhas totais: 0.0%
2026-01-15 20:15:39,066 - gerenciador_principal - INFO - Arquivos salvos na pasta: dados_coletados
2026-01-15 20:15:39,066 - gerenciador_principal - INFO - Total de arquivos: 322
2026-01-15 20:15:39,066 - gerenciador_principal - INFO - ============================================================
