2026-05-29 21:30:10,953 - configurador_logs - INFO - Sistema de logs configurado com sucesso
2026-05-29 21:30:10,954 - configurador_logs - INFO - 🚀 Logs configurados para MODO PRODUÇÃO
2026-05-29 21:30:10,954 - gerenciador_principal - INFO - Inicializando sistema - Modo: PRODUCAO
2026-05-29 21:30:10,954 - gerenciador_arquivos - INFO - Pasta dados_coletados preparada
2026-05-29 21:30:10,954 - gerenciador_principal - INFO - Sistema inicializado com 3 scrapers
2026-05-29 21:30:10,954 - gerenciador_principal - INFO - ============================================================
2026-05-29 21:30:10,954 - gerenciador_principal - INFO - INICIANDO SCRAPING COMPLETO - PRODUCAO
2026-05-29 21:30:10,954 - gerenciador_principal - INFO - ============================================================
2026-05-29 21:30:10,954 - gerenciador_principal - INFO - [1/3] Processando Cobasi
2026-05-29 21:30:10,954 - scraper_base - INFO - 🚀 Iniciando scraping completo - Cobasi
2026-05-29 21:30:11,794 - gerenciador_conexoes - INFO - Sessao estabelecida com cobasi.com.br
2026-05-29 21:30:11,795 - scraper_base - INFO - 📋 20 medicamentos para processar
2026-05-29 21:30:11,795 - scraper_base - INFO - 📦 [1/20] Processando Simparic
2026-05-29 21:30:11,795 - scraper_base - INFO - 🔍 Cobasi: Buscando Simparic
2026-05-29 21:30:16,244 - scraper_cobasi - INFO - Cobasi: Dados extraídos via JSON para Simparic
2026-05-29 21:30:16,244 - scraper_base - INFO - ✅ Cobasi: 24 produto(s) encontrado(s) para Simparic
2026-05-29 21:30:17,658 - scraper_base - INFO - 📦 [2/20] Processando Revolution
2026-05-29 21:30:17,658 - scraper_base - INFO - 🔍 Cobasi: Buscando Revolution
2026-05-29 21:30:21,533 - scraper_cobasi - INFO - Cobasi: Dados extraídos via JSON para Revolution
2026-05-29 21:30:21,533 - scraper_base - INFO - ✅ Cobasi: 18 produto(s) encontrado(s) para Revolution
2026-05-29 21:30:23,410 - scraper_base - INFO - 📦 [3/20] Processando NexGard
2026-05-29 21:30:23,410 - scraper_base - INFO - 🔍 Cobasi: Buscando NexGard
2026-05-29 21:30:28,261 - scraper_cobasi - INFO - Cobasi: Dados extraídos via JSON para NexGard
2026-05-29 21:30:28,261 - scraper_base - INFO - ✅ Cobasi: 22 produto(s) encontrado(s) para NexGard
2026-05-29 21:30:30,944 - scraper_base - INFO - 📦 [4/20] Processando NexGard Spectra
2026-05-29 21:30:30,944 - scraper_base - INFO - 🔍 Cobasi: Buscando NexGard Spectra
2026-05-29 21:30:34,652 - scraper_cobasi - INFO - Cobasi: Dados extraídos via JSON para NexGard Spectra
2026-05-29 21:30:34,652 - scraper_base - INFO - ✅ Cobasi: 10 produto(s) encontrado(s) para NexGard Spectra
2026-05-29 21:30:35,667 - scraper_base - INFO - 📦 [5/20] Processando NexGard Combo
2026-05-29 21:30:35,667 - scraper_base - INFO - 🔍 Cobasi: Buscando NexGard Combo
2026-05-29 21:30:38,379 - scraper_cobasi - INFO - Cobasi: Dados extraídos via JSON para NexGard Combo
2026-05-29 21:30:38,379 - scraper_base - INFO - ✅ Cobasi: 4 produto(s) encontrado(s) para NexGard Combo
2026-05-29 21:30:39,978 - scraper_base - INFO - 📦 [6/20] Processando Bravecto
2026-05-29 21:30:39,979 - scraper_base - INFO - 🔍 Cobasi: Buscando Bravecto
2026-05-29 21:30:43,862 - scraper_cobasi - INFO - Cobasi: Dados extraídos via JSON para Bravecto
2026-05-29 21:30:43,862 - scraper_base - INFO - ✅ Cobasi: 16 produto(s) encontrado(s) para Bravecto
2026-05-29 21:30:45,786 - scraper_base - INFO - 📦 [7/20] Processando Frontline
2026-05-29 21:30:45,786 - scraper_base - INFO - 🔍 Cobasi: Buscando Frontline
2026-05-29 21:30:50,851 - scraper_cobasi - INFO - Cobasi: Dados extraídos via JSON para Frontline
2026-05-29 21:30:50,851 - scraper_base - INFO - ✅ Cobasi: 11 produto(s) encontrado(s) para Frontline
2026-05-29 21:30:52,954 - scraper_base - INFO - 📦 [8/20] Processando Advocate
2026-05-29 21:30:52,954 - scraper_base - INFO - 🔍 Cobasi: Buscando Advocate
2026-05-29 21:30:56,445 - scraper_cobasi - INFO - Cobasi: Dados extraídos via JSON para Advocate
2026-05-29 21:30:56,445 - scraper_base - INFO - ✅ Cobasi: 12 produto(s) encontrado(s) para Advocate
2026-05-29 21:30:58,365 - scraper_base - INFO - 📦 [9/20] Processando Drontal
2026-05-29 21:30:58,365 - scraper_base - INFO - 🔍 Cobasi: Buscando Drontal
2026-05-29 21:31:02,954 - scraper_cobasi - INFO - Cobasi: Dados extraídos via JSON para Drontal
2026-05-29 21:31:02,955 - scraper_base - INFO - ✅ Cobasi: 8 produto(s) encontrado(s) para Drontal
2026-05-29 21:31:04,121 - scraper_base - INFO - 📦 [10/20] Processando Milbemax
2026-05-29 21:31:04,121 - scraper_base - INFO - 🔍 Cobasi: Buscando Milbemax
2026-05-29 21:31:09,093 - scraper_cobasi - INFO - Cobasi: Dados extraídos via JSON para Milbemax
2026-05-29 21:31:09,093 - scraper_base - INFO - ✅ Cobasi: 4 produto(s) encontrado(s) para Milbemax
2026-05-29 21:31:11,517 - scraper_base - INFO - 📦 [11/20] Processando Vermivet
2026-05-29 21:31:11,517 - scraper_base - INFO - 🔍 Cobasi: Buscando Vermivet
2026-05-29 21:31:15,153 - scraper_cobasi - INFO - Cobasi: Dados extraídos via JSON para Vermivet
2026-05-29 21:31:15,153 - scraper_base - INFO - ✅ Cobasi: 5 produto(s) encontrado(s) para Vermivet
2026-05-29 21:31:16,893 - scraper_base - INFO - 📦 [12/20] Processando Rimadyl
2026-05-29 21:31:16,893 - scraper_base - INFO - 🔍 Cobasi: Buscando Rimadyl
2026-05-29 21:31:19,975 - scraper_cobasi - INFO - Cobasi: Dados extraídos via JSON para Rimadyl
2026-05-29 21:31:19,975 - scraper_base - INFO - ✅ Cobasi: 3 produto(s) encontrado(s) para Rimadyl
2026-05-29 21:31:22,316 - scraper_base - INFO - 📦 [13/20] Processando Onsior
2026-05-29 21:31:22,316 - scraper_base - INFO - 🔍 Cobasi: Buscando Onsior
2026-05-29 21:31:25,245 - scraper_cobasi - INFO - Cobasi: Dados extraídos via JSON para Onsior
2026-05-29 21:31:25,245 - scraper_base - INFO - ✅ Cobasi: 4 produto(s) encontrado(s) para Onsior
2026-05-29 21:31:26,694 - scraper_base - INFO - 📦 [14/20] Processando Maxicam
2026-05-29 21:31:26,694 - scraper_base - INFO - 🔍 Cobasi: Buscando Maxicam
2026-05-29 21:31:30,809 - scraper_cobasi - INFO - Cobasi: Dados extraídos via JSON para Maxicam
2026-05-29 21:31:30,809 - scraper_base - INFO - ✅ Cobasi: 3 produto(s) encontrado(s) para Maxicam
2026-05-29 21:31:32,875 - scraper_base - INFO - 📦 [15/20] Processando Carproflan
2026-05-29 21:31:32,876 - scraper_base - INFO - 🔍 Cobasi: Buscando Carproflan
2026-05-29 21:31:35,355 - scraper_cobasi - INFO - Cobasi: Dados extraídos via JSON para Carproflan
2026-05-29 21:31:35,355 - scraper_base - INFO - ✅ Cobasi: 3 produto(s) encontrado(s) para Carproflan
2026-05-29 21:31:38,328 - scraper_base - INFO - 📦 [16/20] Processando Previcox
2026-05-29 21:31:38,329 - scraper_base - INFO - 🔍 Cobasi: Buscando Previcox
2026-05-29 21:31:41,063 - scraper_cobasi - INFO - Cobasi: Dados extraídos via JSON para Previcox
2026-05-29 21:31:41,063 - scraper_base - INFO - ✅ Cobasi: 2 produto(s) encontrado(s) para Previcox
2026-05-29 21:31:43,057 - scraper_base - INFO - 📦 [17/20] Processando Apoquel
2026-05-29 21:31:43,057 - scraper_base - INFO - 🔍 Cobasi: Buscando Apoquel
2026-05-29 21:31:46,152 - scraper_cobasi - INFO - Cobasi: Dados extraídos via JSON para Apoquel
2026-05-29 21:31:46,152 - scraper_base - INFO - ✅ Cobasi: 3 produto(s) encontrado(s) para Apoquel
2026-05-29 21:31:48,714 - scraper_base - INFO - 📦 [18/20] Processando Zenrelia
2026-05-29 21:31:48,714 - scraper_base - INFO - 🔍 Cobasi: Buscando Zenrelia
2026-05-29 21:31:51,420 - scraper_cobasi - INFO - Cobasi: Dados extraídos via JSON para Zenrelia
2026-05-29 21:31:51,420 - scraper_base - INFO - ✅ Cobasi: 4 produto(s) encontrado(s) para Zenrelia
2026-05-29 21:31:53,927 - scraper_base - INFO - 📦 [19/20] Processando Synulox
2026-05-29 21:31:53,927 - scraper_base - INFO - 🔍 Cobasi: Buscando Synulox
2026-05-29 21:31:56,936 - scraper_cobasi - INFO - Cobasi: Dados extraídos via JSON para Synulox
2026-05-29 21:31:56,936 - scraper_base - INFO - ✅ Cobasi: 2 produto(s) encontrado(s) para Synulox
2026-05-29 21:31:59,112 - scraper_base - INFO - 📦 [20/20] Processando Baytril
2026-05-29 21:31:59,112 - scraper_base - INFO - 🔍 Cobasi: Buscando Baytril
2026-05-29 21:32:02,749 - scraper_cobasi - INFO - Cobasi: Dados extraídos via JSON para Baytril
2026-05-29 21:32:02,749 - scraper_base - INFO - ✅ Cobasi: 2 produto(s) encontrado(s) para Baytril
2026-05-29 21:32:03,912 - scraper_base - INFO - 📊 Cobasi - Estatísticas finais:
2026-05-29 21:32:03,912 - scraper_base - INFO -    • Medicamentos processados: 20
2026-05-29 21:32:03,913 - scraper_base - INFO -    • Produtos encontrados: 160
2026-05-29 21:32:03,913 - scraper_base - INFO -    • Medicamentos sem resultado: 0
2026-05-29 21:32:03,913 - scraper_base - INFO -    • Tempo total: 113.0s
2026-05-29 21:32:03,913 - scraper_base - INFO -    • Tempo médio por medicamento: 5.6s
2026-05-29 21:32:04,066 - gerenciador_arquivos - INFO - Excel salvo: dados_coletados/cobasi_20260529_213203.xlsx (160 produtos)
2026-05-29 21:32:04,066 - gerenciador_principal - INFO - Cobasi: Arquivo individual salvo com sucesso
2026-05-29 21:32:04,067 - gerenciador_principal - INFO - Pausando entre sites...
2026-05-29 21:32:06,067 - gerenciador_principal - INFO - [2/3] Processando Petlove
2026-05-29 21:32:06,067 - scraper_base - INFO - 🚀 Iniciando scraping completo - Petlove
2026-05-29 21:32:06,567 - gerenciador_conexoes - INFO - Sessao estabelecida com petlove.com.br
2026-05-29 21:32:06,567 - scraper_base - INFO - 📋 20 medicamentos para processar
2026-05-29 21:32:06,567 - scraper_base - INFO - 📦 [1/20] Processando Simparic
2026-05-29 21:32:06,567 - scraper_base - INFO - 🔍 Petlove: Buscando Simparic
2026-05-29 21:32:08,055 - scraper_base - INFO - ✅ Petlove: 36 produto(s) encontrado(s) para Simparic
2026-05-29 21:32:10,766 - scraper_base - INFO - 📦 [2/20] Processando Revolution
2026-05-29 21:32:10,766 - scraper_base - INFO - 🔍 Petlove: Buscando Revolution
2026-05-29 21:32:11,525 - scraper_base - INFO - ✅ Petlove: 20 produto(s) encontrado(s) para Revolution
2026-05-29 21:32:14,162 - scraper_base - INFO - 📦 [3/20] Processando NexGard
2026-05-29 21:32:14,163 - scraper_base - INFO - 🔍 Petlove: Buscando NexGard
2026-05-29 21:32:14,819 - scraper_base - INFO - ✅ Petlove: 11 produto(s) encontrado(s) para NexGard
2026-05-29 21:32:15,826 - scraper_base - INFO - 📦 [4/20] Processando NexGard Spectra
2026-05-29 21:32:15,826 - scraper_base - INFO - 🔍 Petlove: Buscando NexGard Spectra
2026-05-29 21:32:16,585 - scraper_base - INFO - ✅ Petlove: 5 produto(s) encontrado(s) para NexGard Spectra
2026-05-29 21:32:19,496 - scraper_base - INFO - 📦 [5/20] Processando NexGard Combo
2026-05-29 21:32:19,496 - scraper_base - INFO - 🔍 Petlove: Buscando NexGard Combo
2026-05-29 21:32:20,651 - scraper_base - INFO - ✅ Petlove: 2 produto(s) encontrado(s) para NexGard Combo
2026-05-29 21:32:23,545 - scraper_base - INFO - 📦 [6/20] Processando Bravecto
2026-05-29 21:32:23,545 - scraper_base - INFO - 🔍 Petlove: Buscando Bravecto
2026-05-29 21:32:24,550 - scraper_base - INFO - ✅ Petlove: 22 produto(s) encontrado(s) para Bravecto
2026-05-29 21:32:25,591 - scraper_base - INFO - 📦 [7/20] Processando Frontline
2026-05-29 21:32:25,592 - scraper_base - INFO - 🔍 Petlove: Buscando Frontline
2026-05-29 21:32:26,555 - scraper_base - INFO - ✅ Petlove: 11 produto(s) encontrado(s) para Frontline
2026-05-29 21:32:27,831 - scraper_base - INFO - 📦 [8/20] Processando Advocate
2026-05-29 21:32:27,832 - scraper_base - INFO - 🔍 Petlove: Buscando Advocate
2026-05-29 21:32:28,673 - scraper_base - INFO - ✅ Petlove: 9 produto(s) encontrado(s) para Advocate
2026-05-29 21:32:31,527 - scraper_base - INFO - 📦 [9/20] Processando Drontal
2026-05-29 21:32:31,527 - scraper_base - INFO - 🔍 Petlove: Buscando Drontal
2026-05-29 21:32:32,304 - scraper_base - INFO - ✅ Petlove: 36 produto(s) encontrado(s) para Drontal
2026-05-29 21:32:34,487 - scraper_base - INFO - 📦 [10/20] Processando Milbemax
2026-05-29 21:32:34,487 - scraper_base - INFO - 🔍 Petlove: Buscando Milbemax
2026-05-29 21:32:35,414 - scraper_base - INFO - ✅ Petlove: 14 produto(s) encontrado(s) para Milbemax
2026-05-29 21:32:36,731 - scraper_base - INFO - 📦 [11/20] Processando Vermivet
2026-05-29 21:32:36,731 - scraper_base - INFO - 🔍 Petlove: Buscando Vermivet
2026-05-29 21:32:37,489 - scraper_base - INFO - ✅ Petlove: 36 produto(s) encontrado(s) para Vermivet
2026-05-29 21:32:40,203 - scraper_base - INFO - 📦 [12/20] Processando Rimadyl
2026-05-29 21:32:40,203 - scraper_base - INFO - 🔍 Petlove: Buscando Rimadyl
2026-05-29 21:32:40,831 - scraper_base - INFO - ✅ Petlove: 1 produto(s) encontrado(s) para Rimadyl
2026-05-29 21:32:43,372 - scraper_base - INFO - 📦 [13/20] Processando Onsior
2026-05-29 21:32:43,372 - scraper_base - INFO - 🔍 Petlove: Buscando Onsior
2026-05-29 21:32:44,214 - scraper_base - INFO - ✅ Petlove: 4 produto(s) encontrado(s) para Onsior
2026-05-29 21:32:45,463 - scraper_base - INFO - 📦 [14/20] Processando Maxicam
2026-05-29 21:32:45,463 - scraper_base - INFO - 🔍 Petlove: Buscando Maxicam
2026-05-29 21:32:46,305 - scraper_base - INFO - ✅ Petlove: 3 produto(s) encontrado(s) para Maxicam
2026-05-29 21:32:47,864 - scraper_base - INFO - 📦 [15/20] Processando Carproflan
2026-05-29 21:32:47,864 - scraper_base - INFO - 🔍 Petlove: Buscando Carproflan
2026-05-29 21:32:48,567 - scraper_base - INFO - ✅ Petlove: 8 produto(s) encontrado(s) para Carproflan
2026-05-29 21:32:50,414 - scraper_base - INFO - 📦 [16/20] Processando Previcox
2026-05-29 21:32:50,414 - scraper_base - INFO - 🔍 Petlove: Buscando Previcox
2026-05-29 21:32:51,008 - scraper_base - INFO - ✅ Petlove: 4 produto(s) encontrado(s) para Previcox
2026-05-29 21:32:53,014 - scraper_base - INFO - 📦 [17/20] Processando Apoquel
2026-05-29 21:32:53,014 - scraper_base - INFO - 🔍 Petlove: Buscando Apoquel
2026-05-29 21:32:53,670 - scraper_base - INFO - ✅ Petlove: 16 produto(s) encontrado(s) para Apoquel
2026-05-29 21:32:56,565 - scraper_base - INFO - 📦 [18/20] Processando Zenrelia
2026-05-29 21:32:56,566 - scraper_base - INFO - 🔍 Petlove: Buscando Zenrelia
2026-05-29 21:32:57,415 - scraper_base - INFO - ✅ Petlove: 4 produto(s) encontrado(s) para Zenrelia
2026-05-29 21:32:58,462 - scraper_base - INFO - 📦 [19/20] Processando Synulox
2026-05-29 21:32:58,462 - scraper_base - INFO - 🔍 Petlove: Buscando Synulox
2026-05-29 21:32:59,344 - scraper_base - INFO - ✅ Petlove: 1 produto(s) encontrado(s) para Synulox
2026-05-29 21:33:02,010 - scraper_base - INFO - 📦 [20/20] Processando Baytril
2026-05-29 21:33:02,010 - scraper_base - INFO - 🔍 Petlove: Buscando Baytril
2026-05-29 21:33:02,620 - scraper_base - INFO - ✅ Petlove: 6 produto(s) encontrado(s) para Baytril
2026-05-29 21:33:04,519 - scraper_base - INFO - 📊 Petlove - Estatísticas finais:
2026-05-29 21:33:04,519 - scraper_base - INFO -    • Medicamentos processados: 20
2026-05-29 21:33:04,519 - scraper_base - INFO -    • Produtos encontrados: 249
2026-05-29 21:33:04,519 - scraper_base - INFO -    • Medicamentos sem resultado: 0
2026-05-29 21:33:04,519 - scraper_base - INFO -    • Tempo total: 58.5s
2026-05-29 21:33:04,519 - scraper_base - INFO -    • Tempo médio por medicamento: 2.9s
2026-05-29 21:33:04,565 - gerenciador_arquivos - INFO - Excel salvo: dados_coletados/petlove_20260529_213304.xlsx (249 produtos)
2026-05-29 21:33:04,565 - gerenciador_principal - INFO - Petlove: Arquivo individual salvo com sucesso
2026-05-29 21:33:04,565 - gerenciador_principal - INFO - Pausando entre sites...
2026-05-29 21:33:06,565 - gerenciador_principal - INFO - [3/3] Processando Petz
2026-05-29 21:33:06,566 - scraper_base - INFO - 🚀 Iniciando scraping completo - Petz
2026-05-29 21:33:06,844 - scraper_base - INFO - 📋 20 medicamentos para processar
2026-05-29 21:33:06,844 - scraper_base - INFO - 📦 [1/20] Processando Simparic
2026-05-29 21:33:06,844 - scraper_base - INFO - 🔍 Petz: Buscando Simparic
2026-05-29 21:33:15,930 - gerenciador_conexoes - INFO - Chrome inicializado com otimizacoes de velocidade
2026-05-29 21:33:21,149 - scraper_base - INFO - ✅ Petz: 24 produto(s) encontrado(s) para Simparic
2026-05-29 21:33:23,249 - scraper_base - INFO - 📦 [2/20] Processando Revolution
2026-05-29 21:33:23,249 - scraper_base - INFO - 🔍 Petz: Buscando Revolution
2026-05-29 21:33:26,194 - scraper_base - INFO - ✅ Petz: 21 produto(s) encontrado(s) para Revolution
2026-05-29 21:33:28,604 - scraper_base - INFO - 📦 [3/20] Processando NexGard
2026-05-29 21:33:28,604 - scraper_base - INFO - 🔍 Petz: Buscando NexGard
2026-05-29 21:33:31,291 - scraper_base - INFO - ✅ Petz: 22 produto(s) encontrado(s) para NexGard
2026-05-29 21:33:33,294 - scraper_base - INFO - 📦 [4/20] Processando NexGard Spectra
2026-05-29 21:33:33,294 - scraper_base - INFO - 🔍 Petz: Buscando NexGard Spectra
2026-05-29 21:33:35,512 - scraper_base - INFO - ✅ Petz: 10 produto(s) encontrado(s) para NexGard Spectra
2026-05-29 21:33:38,313 - scraper_base - INFO - 📦 [5/20] Processando NexGard Combo
2026-05-29 21:33:38,313 - scraper_base - INFO - 🔍 Petz: Buscando NexGard Combo
2026-05-29 21:33:40,524 - scraper_base - INFO - ✅ Petz: 4 produto(s) encontrado(s) para NexGard Combo
2026-05-29 21:33:42,328 - scraper_base - INFO - 📦 [6/20] Processando Bravecto
2026-05-29 21:33:42,328 - scraper_base - INFO - 🔍 Petz: Buscando Bravecto
2026-05-29 21:33:44,505 - scraper_base - INFO - ✅ Petz: 16 produto(s) encontrado(s) para Bravecto
2026-05-29 21:33:45,740 - scraper_base - INFO - 📦 [7/20] Processando Frontline
2026-05-29 21:33:45,741 - scraper_base - INFO - 🔍 Petz: Buscando Frontline
2026-05-29 21:33:47,813 - scraper_base - INFO - ✅ Petz: 11 produto(s) encontrado(s) para Frontline
2026-05-29 21:33:50,527 - scraper_base - INFO - 📦 [8/20] Processando Advocate
2026-05-29 21:33:50,527 - scraper_base - INFO - 🔍 Petz: Buscando Advocate
2026-05-29 21:33:52,499 - scraper_base - INFO - ✅ Petz: 12 produto(s) encontrado(s) para Advocate
2026-05-29 21:33:53,675 - scraper_base - INFO - 📦 [9/20] Processando Drontal
2026-05-29 21:33:53,675 - scraper_base - INFO - 🔍 Petz: Buscando Drontal
2026-05-29 21:33:56,493 - scraper_base - INFO - ✅ Petz: 32 produto(s) encontrado(s) para Drontal
2026-05-29 21:33:58,955 - scraper_base - INFO - 📦 [10/20] Processando Milbemax
2026-05-29 21:33:58,955 - scraper_base - INFO - 🔍 Petz: Buscando Milbemax
2026-05-29 21:34:00,625 - scraper_base - INFO - ✅ Petz: 4 produto(s) encontrado(s) para Milbemax
2026-05-29 21:34:02,522 - scraper_base - INFO - 📦 [11/20] Processando Vermivet
2026-05-29 21:34:02,522 - scraper_base - INFO - 🔍 Petz: Buscando Vermivet
2026-05-29 21:34:04,484 - scraper_base - INFO - ✅ Petz: 5 produto(s) encontrado(s) para Vermivet
2026-05-29 21:34:05,685 - scraper_base - INFO - 📦 [12/20] Processando Rimadyl
2026-05-29 21:34:05,685 - scraper_base - INFO - 🔍 Petz: Buscando Rimadyl
2026-05-29 21:34:07,644 - scraper_base - INFO - ✅ Petz: 3 produto(s) encontrado(s) para Rimadyl
2026-05-29 21:34:09,241 - scraper_base - INFO - 📦 [13/20] Processando Onsior
2026-05-29 21:34:09,241 - scraper_base - INFO - 🔍 Petz: Buscando Onsior
2026-05-29 21:34:10,871 - scraper_base - INFO - ✅ Petz: 4 produto(s) encontrado(s) para Onsior
2026-05-29 21:34:11,897 - scraper_base - INFO - 📦 [14/20] Processando Maxicam
2026-05-29 21:34:11,898 - scraper_base - INFO - 🔍 Petz: Buscando Maxicam
2026-05-29 21:34:14,680 - scraper_base - INFO - ✅ Petz: 30 produto(s) encontrado(s) para Maxicam
2026-05-29 21:34:17,372 - scraper_base - INFO - 📦 [15/20] Processando Carproflan
2026-05-29 21:34:17,372 - scraper_base - INFO - 🔍 Petz: Buscando Carproflan
2026-05-29 21:34:19,105 - scraper_base - INFO - ✅ Petz: 3 produto(s) encontrado(s) para Carproflan
2026-05-29 21:34:20,901 - scraper_base - INFO - 📦 [16/20] Processando Previcox
2026-05-29 21:34:20,901 - scraper_base - INFO - 🔍 Petz: Buscando Previcox
2026-05-29 21:34:22,797 - scraper_base - INFO - ✅ Petz: 2 produto(s) encontrado(s) para Previcox
2026-05-29 21:34:25,014 - scraper_base - INFO - 📦 [17/20] Processando Apoquel
2026-05-29 21:34:25,015 - scraper_base - INFO - 🔍 Petz: Buscando Apoquel
2026-05-29 21:34:26,617 - scraper_base - INFO - ✅ Petz: 3 produto(s) encontrado(s) para Apoquel
2026-05-29 21:34:27,685 - scraper_base - INFO - 📦 [18/20] Processando Zenrelia
2026-05-29 21:34:27,685 - scraper_base - INFO - 🔍 Petz: Buscando Zenrelia
2026-05-29 21:34:29,610 - scraper_base - INFO - ✅ Petz: 4 produto(s) encontrado(s) para Zenrelia
2026-05-29 21:34:31,430 - scraper_base - INFO - 📦 [19/20] Processando Synulox
2026-05-29 21:34:31,430 - scraper_base - INFO - 🔍 Petz: Buscando Synulox
2026-05-29 21:34:33,264 - scraper_base - INFO - ✅ Petz: 2 produto(s) encontrado(s) para Synulox
2026-05-29 21:34:34,400 - scraper_base - INFO - 📦 [20/20] Processando Baytril
2026-05-29 21:34:34,400 - scraper_base - INFO - 🔍 Petz: Buscando Baytril
2026-05-29 21:34:36,502 - scraper_base - INFO - ✅ Petz: 9 produto(s) encontrado(s) para Baytril
2026-05-29 21:34:38,189 - scraper_base - INFO - 📊 Petz - Estatísticas finais:
2026-05-29 21:34:38,189 - scraper_base - INFO -    • Medicamentos processados: 20
2026-05-29 21:34:38,189 - scraper_base - INFO -    • Produtos encontrados: 221
2026-05-29 21:34:38,189 - scraper_base - INFO -    • Medicamentos sem resultado: 0
2026-05-29 21:34:38,189 - scraper_base - INFO -    • Tempo total: 91.6s
2026-05-29 21:34:38,190 - scraper_base - INFO -    • Tempo médio por medicamento: 4.6s
2026-05-29 21:34:38,291 - gerenciador_arquivos - INFO - Excel salvo: dados_coletados/petz_20260529_213438.xlsx (221 produtos)
2026-05-29 21:34:38,291 - gerenciador_principal - INFO - Petz: Arquivo individual salvo com sucesso
2026-05-29 21:34:38,291 - gerenciador_principal - INFO - Gerando relatório consolidado...
2026-05-29 21:34:38,507 - gerenciador_arquivos - INFO - Relatório consolidado salvo: dados_relatorios/relatorio_consolidado_20260529_213438.xlsx
2026-05-29 21:34:38,611 - gerenciador_conexoes - INFO - Chrome fechado
2026-05-29 21:34:38,611 - gerenciador_conexoes - INFO - Métodos utilizados - Requests: 66.7%, Selenium: 33.3%, Falhas: 0.0%
2026-05-29 21:34:38,611 - gerenciador_principal - INFO - ============================================================
2026-05-29 21:34:38,611 - gerenciador_principal - INFO - RELATORIO FINAL DE EXECUÇÃO
2026-05-29 21:34:38,611 - gerenciador_principal - INFO - ============================================================
2026-05-29 21:34:38,611 - gerenciador_principal - INFO - Sites processados: 3
2026-05-29 21:34:38,611 - gerenciador_principal - INFO - Sites com sucesso: 3
2026-05-29 21:34:38,611 - gerenciador_principal - INFO - Total de produtos coletados: 630
2026-05-29 21:34:38,611 - gerenciador_principal - INFO - Tempo total de execução: 267.3 segundos
2026-05-29 21:34:38,611 - gerenciador_principal - INFO - Estatísticas de conexão:
2026-05-29 21:34:38,612 - gerenciador_principal - INFO -   - Requests bem-sucedidos: 66.7%
2026-05-29 21:34:38,612 - gerenciador_principal - INFO -   - Selenium fallback: 33.3%
2026-05-29 21:34:38,612 - gerenciador_principal - INFO -   - Falhas totais: 0.0%
2026-05-29 21:34:38,615 - gerenciador_principal - INFO - Arquivos salvos na pasta: dados_coletados
2026-05-29 21:34:38,615 - gerenciador_principal - INFO - Total de arquivos: 706
2026-05-29 21:34:38,615 - gerenciador_principal - INFO - ============================================================
