2026-01-13 20:12:05,343 - configurador_logs - INFO - Sistema de logs configurado com sucesso
2026-01-13 20:12:05,343 - configurador_logs - INFO - 🚀 Logs configurados para MODO PRODUÇÃO
2026-01-13 20:12:05,343 - gerenciador_principal - INFO - Inicializando sistema - Modo: PRODUCAO
2026-01-13 20:12:05,343 - gerenciador_arquivos - INFO - Pasta dados_coletados preparada
2026-01-13 20:12:05,343 - gerenciador_principal - INFO - Sistema inicializado com 3 scrapers
2026-01-13 20:12:05,343 - gerenciador_principal - INFO - ============================================================
2026-01-13 20:12:05,343 - gerenciador_principal - INFO - INICIANDO SCRAPING COMPLETO - PRODUCAO
2026-01-13 20:12:05,343 - gerenciador_principal - INFO - ============================================================
2026-01-13 20:12:05,344 - gerenciador_principal - INFO - [1/3] Processando Cobasi
2026-01-13 20:12:05,344 - scraper_base - INFO - 🚀 Iniciando scraping completo - Cobasi
2026-01-13 20:12:05,771 - gerenciador_conexoes - INFO - Sessao estabelecida com cobasi.com.br
2026-01-13 20:12:05,771 - scraper_base - INFO - 📋 20 medicamentos para processar
2026-01-13 20:12:05,771 - scraper_base - INFO - 📦 [1/20] Processando Simparic
2026-01-13 20:12:05,772 - scraper_base - INFO - 🔍 Cobasi: Buscando Simparic
2026-01-13 20:12:08,130 - scraper_cobasi - INFO - Cobasi: Dados extraídos via JSON para Simparic
2026-01-13 20:12:08,130 - scraper_base - INFO - ✅ Cobasi: 12 produto(s) encontrado(s) para Simparic
2026-01-13 20:12:10,118 - scraper_base - INFO - 📦 [2/20] Processando Revolution
2026-01-13 20:12:10,118 - scraper_base - INFO - 🔍 Cobasi: Buscando Revolution
2026-01-13 20:12:12,531 - scraper_cobasi - INFO - Cobasi: Dados extraídos via JSON para Revolution
2026-01-13 20:12:12,532 - scraper_base - INFO - ✅ Cobasi: 18 produto(s) encontrado(s) para Revolution
2026-01-13 20:12:14,058 - scraper_base - INFO - 📦 [3/20] Processando NexGard
2026-01-13 20:12:14,058 - scraper_base - INFO - 🔍 Cobasi: Buscando NexGard
2026-01-13 20:12:16,567 - scraper_cobasi - INFO - Cobasi: Dados extraídos via JSON para NexGard
2026-01-13 20:12:16,567 - scraper_base - INFO - ✅ Cobasi: 22 produto(s) encontrado(s) para NexGard
2026-01-13 20:12:19,075 - scraper_base - INFO - 📦 [4/20] Processando NexGard Spectra
2026-01-13 20:12:19,075 - scraper_base - INFO - 🔍 Cobasi: Buscando NexGard Spectra
2026-01-13 20:12:22,019 - scraper_cobasi - INFO - Cobasi: Dados extraídos via JSON para NexGard Spectra
2026-01-13 20:12:22,019 - scraper_base - INFO - ✅ Cobasi: 10 produto(s) encontrado(s) para NexGard Spectra
2026-01-13 20:12:23,809 - scraper_base - INFO - 📦 [5/20] Processando NexGard Combo
2026-01-13 20:12:23,810 - scraper_base - INFO - 🔍 Cobasi: Buscando NexGard Combo
2026-01-13 20:12:25,774 - scraper_cobasi - INFO - Cobasi: Dados extraídos via JSON para NexGard Combo
2026-01-13 20:12:25,774 - scraper_base - INFO - ✅ Cobasi: 4 produto(s) encontrado(s) para NexGard Combo
2026-01-13 20:12:28,040 - scraper_base - INFO - 📦 [6/20] Processando Bravecto
2026-01-13 20:12:28,041 - scraper_base - INFO - 🔍 Cobasi: Buscando Bravecto
2026-01-13 20:12:28,468 - scraper_cobasi - INFO - Cobasi: Dados extraídos via JSON para Bravecto
2026-01-13 20:12:28,468 - scraper_base - INFO - ✅ Cobasi: 16 produto(s) encontrado(s) para Bravecto
2026-01-13 20:12:31,046 - scraper_base - INFO - 📦 [7/20] Processando Frontline
2026-01-13 20:12:31,046 - scraper_base - INFO - 🔍 Cobasi: Buscando Frontline
2026-01-13 20:12:33,737 - scraper_cobasi - INFO - Cobasi: Dados extraídos via JSON para Frontline
2026-01-13 20:12:33,737 - scraper_base - INFO - ✅ Cobasi: 10 produto(s) encontrado(s) para Frontline
2026-01-13 20:12:36,545 - scraper_base - INFO - 📦 [8/20] Processando Advocate
2026-01-13 20:12:36,545 - scraper_base - INFO - 🔍 Cobasi: Buscando Advocate
2026-01-13 20:12:38,647 - scraper_cobasi - INFO - Cobasi: Dados extraídos via JSON para Advocate
2026-01-13 20:12:38,647 - scraper_base - INFO - ✅ Cobasi: 12 produto(s) encontrado(s) para Advocate
2026-01-13 20:12:39,873 - scraper_base - INFO - 📦 [9/20] Processando Drontal
2026-01-13 20:12:39,873 - scraper_base - INFO - 🔍 Cobasi: Buscando Drontal
2026-01-13 20:12:42,251 - scraper_cobasi - INFO - Cobasi: Dados extraídos via JSON para Drontal
2026-01-13 20:12:42,251 - scraper_base - INFO - ✅ Cobasi: 8 produto(s) encontrado(s) para Drontal
2026-01-13 20:12:45,090 - scraper_base - INFO - 📦 [10/20] Processando Milbemax
2026-01-13 20:12:45,090 - scraper_base - INFO - 🔍 Cobasi: Buscando Milbemax
2026-01-13 20:12:47,112 - scraper_cobasi - INFO - Cobasi: Dados extraídos via JSON para Milbemax
2026-01-13 20:12:47,112 - scraper_base - INFO - ✅ Cobasi: 4 produto(s) encontrado(s) para Milbemax
2026-01-13 20:12:48,386 - scraper_base - INFO - 📦 [11/20] Processando Vermivet
2026-01-13 20:12:48,387 - scraper_base - INFO - 🔍 Cobasi: Buscando Vermivet
2026-01-13 20:12:50,948 - scraper_cobasi - INFO - Cobasi: Dados extraídos via JSON para Vermivet
2026-01-13 20:12:50,949 - scraper_base - INFO - ✅ Cobasi: 5 produto(s) encontrado(s) para Vermivet
2026-01-13 20:12:53,771 - scraper_base - INFO - 📦 [12/20] Processando Rimadyl
2026-01-13 20:12:53,771 - scraper_base - INFO - 🔍 Cobasi: Buscando Rimadyl
2026-01-13 20:12:55,513 - scraper_cobasi - INFO - Cobasi: Dados extraídos via JSON para Rimadyl
2026-01-13 20:12:55,513 - scraper_base - INFO - ✅ Cobasi: 3 produto(s) encontrado(s) para Rimadyl
2026-01-13 20:12:57,127 - scraper_base - INFO - 📦 [13/20] Processando Onsior
2026-01-13 20:12:57,127 - scraper_base - INFO - 🔍 Cobasi: Buscando Onsior
2026-01-13 20:12:59,458 - scraper_cobasi - INFO - Cobasi: Dados extraídos via JSON para Onsior
2026-01-13 20:12:59,459 - scraper_base - INFO - ✅ Cobasi: 4 produto(s) encontrado(s) para Onsior
2026-01-13 20:13:01,561 - scraper_base - INFO - 📦 [14/20] Processando Maxicam
2026-01-13 20:13:01,561 - scraper_base - INFO - 🔍 Cobasi: Buscando Maxicam
2026-01-13 20:13:04,219 - scraper_cobasi - INFO - Cobasi: Dados extraídos via JSON para Maxicam
2026-01-13 20:13:04,219 - scraper_base - INFO - ✅ Cobasi: 21 produto(s) encontrado(s) para Maxicam
2026-01-13 20:13:06,475 - scraper_base - INFO - 📦 [15/20] Processando Carproflan
2026-01-13 20:13:06,475 - scraper_base - INFO - 🔍 Cobasi: Buscando Carproflan
2026-01-13 20:13:08,119 - scraper_cobasi - INFO - Cobasi: Dados extraídos via JSON para Carproflan
2026-01-13 20:13:08,119 - scraper_base - INFO - ✅ Cobasi: 3 produto(s) encontrado(s) para Carproflan
2026-01-13 20:13:11,111 - scraper_base - INFO - 📦 [16/20] Processando Previcox
2026-01-13 20:13:11,111 - scraper_base - INFO - 🔍 Cobasi: Buscando Previcox
2026-01-13 20:13:12,758 - scraper_cobasi - INFO - Cobasi: Dados extraídos via JSON para Previcox
2026-01-13 20:13:12,758 - scraper_base - INFO - ✅ Cobasi: 2 produto(s) encontrado(s) para Previcox
2026-01-13 20:13:14,481 - scraper_base - INFO - 📦 [17/20] Processando Apoquel
2026-01-13 20:13:14,481 - scraper_base - INFO - 🔍 Cobasi: Buscando Apoquel
2026-01-13 20:13:16,231 - scraper_cobasi - INFO - Cobasi: Dados extraídos via JSON para Apoquel
2026-01-13 20:13:16,231 - scraper_base - INFO - ✅ Cobasi: 3 produto(s) encontrado(s) para Apoquel
2026-01-13 20:13:18,942 - scraper_base - INFO - 📦 [18/20] Processando Zenrelia
2026-01-13 20:13:18,942 - scraper_base - INFO - 🔍 Cobasi: Buscando Zenrelia
2026-01-13 20:13:20,955 - scraper_cobasi - INFO - Cobasi: Dados extraídos via JSON para Zenrelia
2026-01-13 20:13:20,955 - scraper_base - INFO - ✅ Cobasi: 4 produto(s) encontrado(s) para Zenrelia
2026-01-13 20:13:22,895 - scraper_base - INFO - 📦 [19/20] Processando Synulox
2026-01-13 20:13:22,895 - scraper_base - INFO - 🔍 Cobasi: Buscando Synulox
2026-01-13 20:13:24,428 - scraper_cobasi - INFO - Cobasi: Dados extraídos via JSON para Synulox
2026-01-13 20:13:24,428 - scraper_base - INFO - ✅ Cobasi: 2 produto(s) encontrado(s) para Synulox
2026-01-13 20:13:26,781 - scraper_base - INFO - 📦 [20/20] Processando Baytril
2026-01-13 20:13:26,781 - scraper_base - INFO - 🔍 Cobasi: Buscando Baytril
2026-01-13 20:13:28,645 - scraper_cobasi - INFO - Cobasi: Dados extraídos via JSON para Baytril
2026-01-13 20:13:28,645 - scraper_base - INFO - ✅ Cobasi: 4 produto(s) encontrado(s) para Baytril
2026-01-13 20:13:30,088 - scraper_base - INFO - 📊 Cobasi - Estatísticas finais:
2026-01-13 20:13:30,088 - scraper_base - INFO -    • Medicamentos processados: 20
2026-01-13 20:13:30,088 - scraper_base - INFO -    • Produtos encontrados: 167
2026-01-13 20:13:30,088 - scraper_base - INFO -    • Medicamentos sem resultado: 0
2026-01-13 20:13:30,088 - scraper_base - INFO -    • Tempo total: 84.7s
2026-01-13 20:13:30,088 - scraper_base - INFO -    • Tempo médio por medicamento: 4.2s
2026-01-13 20:13:30,298 - gerenciador_arquivos - INFO - Excel salvo: dados_coletados/cobasi_20260113_201330.xlsx (167 produtos)
2026-01-13 20:13:30,298 - gerenciador_principal - INFO - Cobasi: Arquivo individual salvo com sucesso
2026-01-13 20:13:30,298 - gerenciador_principal - INFO - Pausando entre sites...
2026-01-13 20:13:32,299 - gerenciador_principal - INFO - [2/3] Processando Petlove
2026-01-13 20:13:32,299 - scraper_base - INFO - 🚀 Iniciando scraping completo - Petlove
2026-01-13 20:13:32,623 - scraper_base - INFO - 📋 20 medicamentos para processar
2026-01-13 20:13:32,623 - scraper_base - INFO - 📦 [1/20] Processando Simparic
2026-01-13 20:13:32,623 - scraper_base - INFO - 🔍 Petlove: Buscando Simparic
2026-01-13 20:13:47,793 - gerenciador_conexoes - INFO - Chrome inicializado com otimizacoes de velocidade
2026-01-13 20:13:52,033 - scraper_base - INFO - ✅ Petlove: 33 produto(s) encontrado(s) para Simparic
2026-01-13 20:13:53,323 - scraper_base - INFO - 📦 [2/20] Processando Revolution
2026-01-13 20:13:53,323 - scraper_base - INFO - 🔍 Petlove: Buscando Revolution
2026-01-13 20:13:55,046 - scraper_base - INFO - ✅ Petlove: 17 produto(s) encontrado(s) para Revolution
2026-01-13 20:13:57,110 - scraper_base - INFO - 📦 [3/20] Processando NexGard
2026-01-13 20:13:57,111 - scraper_base - INFO - 🔍 Petlove: Buscando NexGard
2026-01-13 20:13:58,552 - scraper_base - INFO - ✅ Petlove: 11 produto(s) encontrado(s) para NexGard
2026-01-13 20:14:00,281 - scraper_base - INFO - 📦 [4/20] Processando NexGard Spectra
2026-01-13 20:14:00,282 - scraper_base - INFO - 🔍 Petlove: Buscando NexGard Spectra
2026-01-13 20:14:01,681 - scraper_base - INFO - ✅ Petlove: 5 produto(s) encontrado(s) para NexGard Spectra
2026-01-13 20:14:03,040 - scraper_base - INFO - 📦 [5/20] Processando NexGard Combo
2026-01-13 20:14:03,040 - scraper_base - INFO - 🔍 Petlove: Buscando NexGard Combo
2026-01-13 20:14:04,448 - scraper_base - INFO - ✅ Petlove: 2 produto(s) encontrado(s) para NexGard Combo
2026-01-13 20:14:06,819 - scraper_base - INFO - 📦 [6/20] Processando Bravecto
2026-01-13 20:14:06,819 - scraper_base - INFO - 🔍 Petlove: Buscando Bravecto
2026-01-13 20:14:09,201 - scraper_base - INFO - ✅ Petlove: 23 produto(s) encontrado(s) para Bravecto
2026-01-13 20:14:11,589 - scraper_base - INFO - 📦 [7/20] Processando Frontline
2026-01-13 20:14:11,589 - scraper_base - INFO - 🔍 Petlove: Buscando Frontline
2026-01-13 20:14:13,343 - scraper_base - INFO - ✅ Petlove: 11 produto(s) encontrado(s) para Frontline
2026-01-13 20:14:16,098 - scraper_base - INFO - 📦 [8/20] Processando Advocate
2026-01-13 20:14:16,098 - scraper_base - INFO - 🔍 Petlove: Buscando Advocate
2026-01-13 20:14:17,654 - scraper_base - INFO - ✅ Petlove: 10 produto(s) encontrado(s) para Advocate
2026-01-13 20:14:20,293 - scraper_base - INFO - 📦 [9/20] Processando Drontal
2026-01-13 20:14:20,293 - scraper_base - INFO - 🔍 Petlove: Buscando Drontal
2026-01-13 20:14:22,166 - scraper_base - INFO - ✅ Petlove: 36 produto(s) encontrado(s) para Drontal
2026-01-13 20:14:23,692 - scraper_base - INFO - 📦 [10/20] Processando Milbemax
2026-01-13 20:14:23,692 - scraper_base - INFO - 🔍 Petlove: Buscando Milbemax
2026-01-13 20:14:25,138 - scraper_base - INFO - ✅ Petlove: 14 produto(s) encontrado(s) para Milbemax
2026-01-13 20:14:27,592 - scraper_base - INFO - 📦 [11/20] Processando Vermivet
2026-01-13 20:14:27,592 - scraper_base - INFO - 🔍 Petlove: Buscando Vermivet
2026-01-13 20:14:29,573 - scraper_base - INFO - ✅ Petlove: 36 produto(s) encontrado(s) para Vermivet
2026-01-13 20:14:30,894 - scraper_base - INFO - 📦 [12/20] Processando Rimadyl
2026-01-13 20:14:30,894 - scraper_base - INFO - 🔍 Petlove: Buscando Rimadyl
2026-01-13 20:14:33,376 - scraper_base - INFO - ✅ Petlove: 1 produto(s) encontrado(s) para Rimadyl
2026-01-13 20:14:35,254 - scraper_base - INFO - 📦 [13/20] Processando Onsior
2026-01-13 20:14:35,254 - scraper_base - INFO - 🔍 Petlove: Buscando Onsior
2026-01-13 20:14:36,621 - scraper_base - INFO - ✅ Petlove: 4 produto(s) encontrado(s) para Onsior
2026-01-13 20:14:39,384 - scraper_base - INFO - 📦 [14/20] Processando Maxicam
2026-01-13 20:14:39,384 - scraper_base - INFO - 🔍 Petlove: Buscando Maxicam
2026-01-13 20:14:41,114 - scraper_base - INFO - ✅ Petlove: 4 produto(s) encontrado(s) para Maxicam
2026-01-13 20:14:42,244 - scraper_base - INFO - 📦 [15/20] Processando Carproflan
2026-01-13 20:14:42,244 - scraper_base - INFO - 🔍 Petlove: Buscando Carproflan
2026-01-13 20:14:43,858 - scraper_base - INFO - ✅ Petlove: 8 produto(s) encontrado(s) para Carproflan
2026-01-13 20:14:46,085 - scraper_base - INFO - 📦 [16/20] Processando Previcox
2026-01-13 20:14:46,085 - scraper_base - INFO - 🔍 Petlove: Buscando Previcox
2026-01-13 20:14:47,674 - scraper_base - INFO - ✅ Petlove: 4 produto(s) encontrado(s) para Previcox
2026-01-13 20:14:50,311 - scraper_base - INFO - 📦 [17/20] Processando Apoquel
2026-01-13 20:14:50,311 - scraper_base - INFO - 🔍 Petlove: Buscando Apoquel
2026-01-13 20:14:51,974 - scraper_base - INFO - ✅ Petlove: 16 produto(s) encontrado(s) para Apoquel
2026-01-13 20:14:54,561 - scraper_base - INFO - 📦 [18/20] Processando Zenrelia
2026-01-13 20:14:54,562 - scraper_base - INFO - 🔍 Petlove: Buscando Zenrelia
2026-01-13 20:14:55,960 - scraper_base - INFO - ✅ Petlove: 4 produto(s) encontrado(s) para Zenrelia
2026-01-13 20:14:57,731 - scraper_base - INFO - 📦 [19/20] Processando Synulox
2026-01-13 20:14:57,731 - scraper_base - INFO - 🔍 Petlove: Buscando Synulox
2026-01-13 20:14:59,020 - scraper_base - INFO - ✅ Petlove: 1 produto(s) encontrado(s) para Synulox
2026-01-13 20:15:00,072 - scraper_base - INFO - 📦 [20/20] Processando Baytril
2026-01-13 20:15:00,072 - scraper_base - INFO - 🔍 Petlove: Buscando Baytril
2026-01-13 20:15:01,538 - scraper_base - INFO - ✅ Petlove: 4 produto(s) encontrado(s) para Baytril
2026-01-13 20:15:04,219 - scraper_base - INFO - 📊 Petlove - Estatísticas finais:
2026-01-13 20:15:04,219 - scraper_base - INFO -    • Medicamentos processados: 20
2026-01-13 20:15:04,219 - scraper_base - INFO -    • Produtos encontrados: 244
2026-01-13 20:15:04,219 - scraper_base - INFO -    • Medicamentos sem resultado: 0
2026-01-13 20:15:04,219 - scraper_base - INFO -    • Tempo total: 91.9s
2026-01-13 20:15:04,219 - scraper_base - INFO -    • Tempo médio por medicamento: 4.6s
2026-01-13 20:15:04,265 - gerenciador_arquivos - INFO - Excel salvo: dados_coletados/petlove_20260113_201504.xlsx (244 produtos)
2026-01-13 20:15:04,265 - gerenciador_principal - INFO - Petlove: Arquivo individual salvo com sucesso
2026-01-13 20:15:04,265 - gerenciador_principal - INFO - Pausando entre sites...
2026-01-13 20:15:06,265 - gerenciador_principal - INFO - [3/3] Processando Petz
2026-01-13 20:15:06,265 - scraper_base - INFO - 🚀 Iniciando scraping completo - Petz
2026-01-13 20:15:06,555 - scraper_base - INFO - 📋 20 medicamentos para processar
2026-01-13 20:15:06,556 - scraper_base - INFO - 📦 [1/20] Processando Simparic
2026-01-13 20:15:06,556 - scraper_base - INFO - 🔍 Petz: Buscando Simparic
2026-01-13 20:15:09,925 - scraper_base - INFO - ✅ Petz: 12 produto(s) encontrado(s) para Simparic
2026-01-13 20:15:12,392 - scraper_base - INFO - 📦 [2/20] Processando Revolution
2026-01-13 20:15:12,392 - scraper_base - INFO - 🔍 Petz: Buscando Revolution
2026-01-13 20:15:14,954 - scraper_base - INFO - ✅ Petz: 24 produto(s) encontrado(s) para Revolution
2026-01-13 20:15:17,093 - scraper_base - INFO - 📦 [3/20] Processando NexGard
2026-01-13 20:15:17,093 - scraper_base - INFO - 🔍 Petz: Buscando NexGard
2026-01-13 20:15:19,599 - scraper_base - INFO - ✅ Petz: 22 produto(s) encontrado(s) para NexGard
2026-01-13 20:15:20,869 - scraper_base - INFO - 📦 [4/20] Processando NexGard Spectra
2026-01-13 20:15:20,869 - scraper_base - INFO - 🔍 Petz: Buscando NexGard Spectra
2026-01-13 20:15:22,774 - scraper_base - INFO - ✅ Petz: 10 produto(s) encontrado(s) para NexGard Spectra
2026-01-13 20:15:25,631 - scraper_base - INFO - 📦 [5/20] Processando NexGard Combo
2026-01-13 20:15:25,631 - scraper_base - INFO - 🔍 Petz: Buscando NexGard Combo
2026-01-13 20:15:27,169 - scraper_base - INFO - ✅ Petz: 4 produto(s) encontrado(s) para NexGard Combo
2026-01-13 20:15:28,744 - scraper_base - INFO - 📦 [6/20] Processando Bravecto
2026-01-13 20:15:28,744 - scraper_base - INFO - 🔍 Petz: Buscando Bravecto
2026-01-13 20:15:30,756 - scraper_base - INFO - ✅ Petz: 16 produto(s) encontrado(s) para Bravecto
2026-01-13 20:15:32,898 - scraper_base - INFO - 📦 [7/20] Processando Frontline
2026-01-13 20:15:32,898 - scraper_base - INFO - 🔍 Petz: Buscando Frontline
2026-01-13 20:15:34,787 - scraper_base - INFO - ✅ Petz: 11 produto(s) encontrado(s) para Frontline
2026-01-13 20:15:36,324 - scraper_base - INFO - 📦 [8/20] Processando Advocate
2026-01-13 20:15:36,325 - scraper_base - INFO - 🔍 Petz: Buscando Advocate
2026-01-13 20:15:37,977 - scraper_base - INFO - ✅ Petz: 12 produto(s) encontrado(s) para Advocate
2026-01-13 20:15:40,379 - scraper_base - INFO - 📦 [9/20] Processando Drontal
2026-01-13 20:15:40,379 - scraper_base - INFO - 🔍 Petz: Buscando Drontal
2026-01-13 20:15:43,053 - scraper_base - INFO - ✅ Petz: 29 produto(s) encontrado(s) para Drontal
2026-01-13 20:15:45,654 - scraper_base - INFO - 📦 [10/20] Processando Milbemax
2026-01-13 20:15:45,655 - scraper_base - INFO - 🔍 Petz: Buscando Milbemax
2026-01-13 20:15:47,138 - scraper_base - INFO - ✅ Petz: 4 produto(s) encontrado(s) para Milbemax
2026-01-13 20:15:48,464 - scraper_base - INFO - 📦 [11/20] Processando Vermivet
2026-01-13 20:15:48,465 - scraper_base - INFO - 🔍 Petz: Buscando Vermivet
2026-01-13 20:15:50,158 - scraper_base - INFO - ✅ Petz: 5 produto(s) encontrado(s) para Vermivet
2026-01-13 20:15:52,382 - scraper_base - INFO - 📦 [12/20] Processando Rimadyl
2026-01-13 20:15:52,382 - scraper_base - INFO - 🔍 Petz: Buscando Rimadyl
2026-01-13 20:15:54,251 - scraper_base - INFO - ✅ Petz: 3 produto(s) encontrado(s) para Rimadyl
2026-01-13 20:15:56,826 - scraper_base - INFO - 📦 [13/20] Processando Onsior
2026-01-13 20:15:56,826 - scraper_base - INFO - 🔍 Petz: Buscando Onsior
2026-01-13 20:15:58,431 - scraper_base - INFO - ✅ Petz: 4 produto(s) encontrado(s) para Onsior
2026-01-13 20:16:00,751 - scraper_base - INFO - 📦 [14/20] Processando Maxicam
2026-01-13 20:16:00,751 - scraper_base - INFO - 🔍 Petz: Buscando Maxicam
2026-01-13 20:16:03,661 - scraper_base - INFO - ✅ Petz: 31 produto(s) encontrado(s) para Maxicam
2026-01-13 20:16:05,045 - scraper_base - INFO - 📦 [15/20] Processando Carproflan
2026-01-13 20:16:05,045 - scraper_base - INFO - 🔍 Petz: Buscando Carproflan
2026-01-13 20:16:06,633 - scraper_base - INFO - ✅ Petz: 3 produto(s) encontrado(s) para Carproflan
2026-01-13 20:16:08,060 - scraper_base - INFO - 📦 [16/20] Processando Previcox
2026-01-13 20:16:08,060 - scraper_base - INFO - 🔍 Petz: Buscando Previcox
2026-01-13 20:16:09,548 - scraper_base - INFO - ✅ Petz: 2 produto(s) encontrado(s) para Previcox
2026-01-13 20:16:12,040 - scraper_base - INFO - 📦 [17/20] Processando Apoquel
2026-01-13 20:16:12,040 - scraper_base - INFO - 🔍 Petz: Buscando Apoquel
2026-01-13 20:16:13,454 - scraper_base - INFO - ✅ Petz: 3 produto(s) encontrado(s) para Apoquel
2026-01-13 20:16:14,932 - scraper_base - INFO - 📦 [18/20] Processando Zenrelia
2026-01-13 20:16:14,932 - scraper_base - INFO - 🔍 Petz: Buscando Zenrelia
2026-01-13 20:16:16,647 - scraper_base - INFO - ✅ Petz: 4 produto(s) encontrado(s) para Zenrelia
2026-01-13 20:16:18,992 - scraper_base - INFO - 📦 [19/20] Processando Synulox
2026-01-13 20:16:18,992 - scraper_base - INFO - 🔍 Petz: Buscando Synulox
2026-01-13 20:16:20,568 - scraper_base - INFO - ✅ Petz: 2 produto(s) encontrado(s) para Synulox
2026-01-13 20:16:22,072 - scraper_base - INFO - 📦 [20/20] Processando Baytril
2026-01-13 20:16:22,072 - scraper_base - INFO - 🔍 Petz: Buscando Baytril
2026-01-13 20:16:23,894 - scraper_base - INFO - ✅ Petz: 9 produto(s) encontrado(s) para Baytril
2026-01-13 20:16:26,554 - scraper_base - INFO - 📊 Petz - Estatísticas finais:
2026-01-13 20:16:26,554 - scraper_base - INFO -    • Medicamentos processados: 20
2026-01-13 20:16:26,554 - scraper_base - INFO -    • Produtos encontrados: 210
2026-01-13 20:16:26,554 - scraper_base - INFO -    • Medicamentos sem resultado: 0
2026-01-13 20:16:26,554 - scraper_base - INFO -    • Tempo total: 80.3s
2026-01-13 20:16:26,554 - scraper_base - INFO -    • Tempo médio por medicamento: 4.0s
2026-01-13 20:16:26,597 - gerenciador_arquivos - INFO - Excel salvo: dados_coletados/petz_20260113_201626.xlsx (210 produtos)
2026-01-13 20:16:26,597 - gerenciador_principal - INFO - Petz: Arquivo individual salvo com sucesso
2026-01-13 20:16:26,597 - gerenciador_principal - INFO - Gerando relatório consolidado...
2026-01-13 20:16:26,811 - gerenciador_arquivos - INFO - Relatório consolidado salvo: dados_relatorios/relatorio_consolidado_20260113_201626.xlsx
2026-01-13 20:16:26,948 - gerenciador_conexoes - INFO - Chrome fechado
2026-01-13 20:16:26,948 - gerenciador_conexoes - INFO - Métodos utilizados - Requests: 33.3%, Selenium: 66.7%, Falhas: 0.0%
2026-01-13 20:16:26,948 - gerenciador_principal - INFO - ============================================================
2026-01-13 20:16:26,948 - gerenciador_principal - INFO - RELATORIO FINAL DE EXECUÇÃO
2026-01-13 20:16:26,948 - gerenciador_principal - INFO - ============================================================
2026-01-13 20:16:26,948 - gerenciador_principal - INFO - Sites processados: 3
2026-01-13 20:16:26,948 - gerenciador_principal - INFO - Sites com sucesso: 3
2026-01-13 20:16:26,949 - gerenciador_principal - INFO - Total de produtos coletados: 621
2026-01-13 20:16:26,949 - gerenciador_principal - INFO - Tempo total de execução: 261.3 segundos
2026-01-13 20:16:26,949 - gerenciador_principal - INFO - Estatísticas de conexão:
2026-01-13 20:16:26,949 - gerenciador_principal - INFO -   - Requests bem-sucedidos: 33.3%
2026-01-13 20:16:26,949 - gerenciador_principal - INFO -   - Selenium fallback: 66.7%
2026-01-13 20:16:26,949 - gerenciador_principal - INFO -   - Falhas totais: 0.0%
2026-01-13 20:16:26,950 - gerenciador_principal - INFO - Arquivos salvos na pasta: dados_coletados
2026-01-13 20:16:26,950 - gerenciador_principal - INFO - Total de arquivos: 317
2026-01-13 20:16:26,950 - gerenciador_principal - INFO - ============================================================
