2025-12-13 20:09:57,846 - configurador_logs - INFO - Sistema de logs configurado com sucesso
2025-12-13 20:09:57,846 - configurador_logs - INFO - 🚀 Logs configurados para MODO PRODUÇÃO
2025-12-13 20:09:57,846 - gerenciador_principal - INFO - Inicializando sistema - Modo: PRODUCAO
2025-12-13 20:09:57,846 - gerenciador_arquivos - INFO - Pasta dados_coletados preparada
2025-12-13 20:09:57,846 - gerenciador_principal - INFO - Sistema inicializado com 3 scrapers
2025-12-13 20:09:57,846 - gerenciador_principal - INFO - ============================================================
2025-12-13 20:09:57,846 - gerenciador_principal - INFO - INICIANDO SCRAPING COMPLETO - PRODUCAO
2025-12-13 20:09:57,846 - gerenciador_principal - INFO - ============================================================
2025-12-13 20:09:57,847 - gerenciador_principal - INFO - [1/3] Processando Cobasi
2025-12-13 20:09:57,847 - scraper_base - INFO - 🚀 Iniciando scraping completo - Cobasi
2025-12-13 20:09:58,345 - gerenciador_conexoes - INFO - Sessao estabelecida com cobasi.com.br
2025-12-13 20:09:58,345 - scraper_base - INFO - 📋 20 medicamentos para processar
2025-12-13 20:09:58,346 - scraper_base - INFO - 📦 [1/20] Processando Simparic
2025-12-13 20:09:58,346 - scraper_base - INFO - 🔍 Cobasi: Buscando Simparic
2025-12-13 20:09:58,759 - scraper_cobasi - INFO - Cobasi: Dados extraídos via JSON para Simparic
2025-12-13 20:09:58,759 - scraper_base - INFO - ✅ Cobasi: 12 produto(s) encontrado(s) para Simparic
2025-12-13 20:10:00,926 - scraper_base - INFO - 📦 [2/20] Processando Revolution
2025-12-13 20:10:00,927 - scraper_base - INFO - 🔍 Cobasi: Buscando Revolution
2025-12-13 20:10:03,422 - scraper_cobasi - INFO - Cobasi: Dados extraídos via JSON para Revolution
2025-12-13 20:10:03,422 - scraper_base - INFO - ✅ Cobasi: 18 produto(s) encontrado(s) para Revolution
2025-12-13 20:10:04,434 - scraper_base - INFO - 📦 [3/20] Processando NexGard
2025-12-13 20:10:04,434 - scraper_base - INFO - 🔍 Cobasi: Buscando NexGard
2025-12-13 20:10:06,944 - scraper_cobasi - INFO - Cobasi: Dados extraídos via JSON para NexGard
2025-12-13 20:10:06,944 - scraper_base - INFO - ✅ Cobasi: 22 produto(s) encontrado(s) para NexGard
2025-12-13 20:10:09,887 - scraper_base - INFO - 📦 [4/20] Processando NexGard Spectra
2025-12-13 20:10:09,887 - scraper_base - INFO - 🔍 Cobasi: Buscando NexGard Spectra
2025-12-13 20:10:11,886 - scraper_cobasi - INFO - Cobasi: Dados extraídos via JSON para NexGard Spectra
2025-12-13 20:10:11,886 - scraper_base - INFO - ✅ Cobasi: 10 produto(s) encontrado(s) para NexGard Spectra
2025-12-13 20:10:14,285 - scraper_base - INFO - 📦 [5/20] Processando NexGard Combo
2025-12-13 20:10:14,285 - scraper_base - INFO - 🔍 Cobasi: Buscando NexGard Combo
2025-12-13 20:10:16,230 - scraper_cobasi - INFO - Cobasi: Dados extraídos via JSON para NexGard Combo
2025-12-13 20:10:16,230 - scraper_base - INFO - ✅ Cobasi: 4 produto(s) encontrado(s) para NexGard Combo
2025-12-13 20:10:18,760 - scraper_base - INFO - 📦 [6/20] Processando Bravecto
2025-12-13 20:10:18,760 - scraper_base - INFO - 🔍 Cobasi: Buscando Bravecto
2025-12-13 20:10:19,234 - scraper_cobasi - INFO - Cobasi: Dados extraídos via JSON para Bravecto
2025-12-13 20:10:19,234 - scraper_base - INFO - ✅ Cobasi: 16 produto(s) encontrado(s) para Bravecto
2025-12-13 20:10:21,097 - scraper_base - INFO - 📦 [7/20] Processando Frontline
2025-12-13 20:10:21,097 - scraper_base - INFO - 🔍 Cobasi: Buscando Frontline
2025-12-13 20:10:23,721 - scraper_cobasi - INFO - Cobasi: Dados extraídos via JSON para Frontline
2025-12-13 20:10:23,721 - scraper_base - INFO - ✅ Cobasi: 10 produto(s) encontrado(s) para Frontline
2025-12-13 20:10:25,041 - scraper_base - INFO - 📦 [8/20] Processando Advocate
2025-12-13 20:10:25,041 - scraper_base - INFO - 🔍 Cobasi: Buscando Advocate
2025-12-13 20:10:27,303 - scraper_cobasi - INFO - Cobasi: Dados extraídos via JSON para Advocate
2025-12-13 20:10:27,303 - scraper_base - INFO - ✅ Cobasi: 12 produto(s) encontrado(s) para Advocate
2025-12-13 20:10:29,745 - scraper_base - INFO - 📦 [9/20] Processando Drontal
2025-12-13 20:10:29,745 - scraper_base - INFO - 🔍 Cobasi: Buscando Drontal
2025-12-13 20:10:31,988 - scraper_cobasi - INFO - Cobasi: Dados extraídos via JSON para Drontal
2025-12-13 20:10:31,988 - scraper_base - INFO - ✅ Cobasi: 8 produto(s) encontrado(s) para Drontal
2025-12-13 20:10:34,139 - scraper_base - INFO - 📦 [10/20] Processando Milbemax
2025-12-13 20:10:34,140 - scraper_base - INFO - 🔍 Cobasi: Buscando Milbemax
2025-12-13 20:10:36,051 - scraper_cobasi - INFO - Cobasi: Dados extraídos via JSON para Milbemax
2025-12-13 20:10:36,051 - scraper_base - INFO - ✅ Cobasi: 4 produto(s) encontrado(s) para Milbemax
2025-12-13 20:10:38,603 - scraper_base - INFO - 📦 [11/20] Processando Vermivet
2025-12-13 20:10:38,603 - scraper_base - INFO - 🔍 Cobasi: Buscando Vermivet
2025-12-13 20:10:40,864 - scraper_cobasi - INFO - Cobasi: Dados extraídos via JSON para Vermivet
2025-12-13 20:10:40,864 - scraper_base - INFO - ✅ Cobasi: 5 produto(s) encontrado(s) para Vermivet
2025-12-13 20:10:42,033 - scraper_base - INFO - 📦 [12/20] Processando Rimadyl
2025-12-13 20:10:42,033 - scraper_base - INFO - 🔍 Cobasi: Buscando Rimadyl
2025-12-13 20:10:44,217 - scraper_cobasi - INFO - Cobasi: Dados extraídos via JSON para Rimadyl
2025-12-13 20:10:44,217 - scraper_base - INFO - ✅ Cobasi: 3 produto(s) encontrado(s) para Rimadyl
2025-12-13 20:10:47,073 - scraper_base - INFO - 📦 [13/20] Processando Onsior
2025-12-13 20:10:47,073 - scraper_base - INFO - 🔍 Cobasi: Buscando Onsior
2025-12-13 20:10:49,203 - scraper_cobasi - INFO - Cobasi: Dados extraídos via JSON para Onsior
2025-12-13 20:10:49,203 - scraper_base - INFO - ✅ Cobasi: 4 produto(s) encontrado(s) para Onsior
2025-12-13 20:10:50,233 - scraper_base - INFO - 📦 [14/20] Processando Maxicam
2025-12-13 20:10:50,233 - scraper_base - INFO - 🔍 Cobasi: Buscando Maxicam
2025-12-13 20:10:53,100 - scraper_cobasi - INFO - Cobasi: Dados extraídos via JSON para Maxicam
2025-12-13 20:10:53,100 - scraper_base - INFO - ✅ Cobasi: 21 produto(s) encontrado(s) para Maxicam
2025-12-13 20:10:55,112 - scraper_base - INFO - 📦 [15/20] Processando Carproflan
2025-12-13 20:10:55,113 - scraper_base - INFO - 🔍 Cobasi: Buscando Carproflan
2025-12-13 20:10:57,338 - scraper_cobasi - INFO - Cobasi: Dados extraídos via JSON para Carproflan
2025-12-13 20:10:57,338 - scraper_base - INFO - ✅ Cobasi: 3 produto(s) encontrado(s) para Carproflan
2025-12-13 20:10:58,994 - scraper_base - INFO - 📦 [16/20] Processando Previcox
2025-12-13 20:10:58,994 - scraper_base - INFO - 🔍 Cobasi: Buscando Previcox
2025-12-13 20:11:00,769 - scraper_cobasi - INFO - Cobasi: Dados extraídos via JSON para Previcox
2025-12-13 20:11:00,769 - scraper_base - INFO - ✅ Cobasi: 2 produto(s) encontrado(s) para Previcox
2025-12-13 20:11:02,158 - scraper_base - INFO - 📦 [17/20] Processando Apoquel
2025-12-13 20:11:02,158 - scraper_base - INFO - 🔍 Cobasi: Buscando Apoquel
2025-12-13 20:11:04,198 - scraper_cobasi - INFO - Cobasi: Dados extraídos via JSON para Apoquel
2025-12-13 20:11:04,198 - scraper_base - INFO - ✅ Cobasi: 3 produto(s) encontrado(s) para Apoquel
2025-12-13 20:11:05,494 - scraper_base - INFO - 📦 [18/20] Processando Zenrelia
2025-12-13 20:11:05,494 - scraper_base - INFO - 🔍 Cobasi: Buscando Zenrelia
2025-12-13 20:11:07,552 - scraper_cobasi - INFO - Cobasi: Dados extraídos via JSON para Zenrelia
2025-12-13 20:11:07,552 - scraper_base - INFO - ✅ Cobasi: 4 produto(s) encontrado(s) para Zenrelia
2025-12-13 20:11:09,464 - scraper_base - INFO - 📦 [19/20] Processando Synulox
2025-12-13 20:11:09,464 - scraper_base - INFO - 🔍 Cobasi: Buscando Synulox
2025-12-13 20:11:11,918 - scraper_cobasi - INFO - Cobasi: Dados extraídos via JSON para Synulox
2025-12-13 20:11:11,918 - scraper_base - INFO - ✅ Cobasi: 2 produto(s) encontrado(s) para Synulox
2025-12-13 20:11:13,155 - scraper_base - INFO - 📦 [20/20] Processando Baytril
2025-12-13 20:11:13,155 - scraper_base - INFO - 🔍 Cobasi: Buscando Baytril
2025-12-13 20:11:15,184 - scraper_cobasi - INFO - Cobasi: Dados extraídos via JSON para Baytril
2025-12-13 20:11:15,184 - scraper_base - INFO - ✅ Cobasi: 4 produto(s) encontrado(s) para Baytril
2025-12-13 20:11:18,070 - scraper_base - INFO - 📊 Cobasi - Estatísticas finais:
2025-12-13 20:11:18,070 - scraper_base - INFO -    • Medicamentos processados: 20
2025-12-13 20:11:18,070 - scraper_base - INFO -    • Produtos encontrados: 167
2025-12-13 20:11:18,070 - scraper_base - INFO -    • Medicamentos sem resultado: 0
2025-12-13 20:11:18,070 - scraper_base - INFO -    • Tempo total: 80.2s
2025-12-13 20:11:18,070 - scraper_base - INFO -    • Tempo médio por medicamento: 4.0s
2025-12-13 20:11:18,214 - gerenciador_arquivos - INFO - Excel salvo: dados_coletados/cobasi_20251213_201118.xlsx (167 produtos)
2025-12-13 20:11:18,214 - gerenciador_principal - INFO - Cobasi: Arquivo individual salvo com sucesso
2025-12-13 20:11:18,214 - gerenciador_principal - INFO - Pausando entre sites...
2025-12-13 20:11:20,214 - gerenciador_principal - INFO - [2/3] Processando Petlove
2025-12-13 20:11:20,214 - scraper_base - INFO - 🚀 Iniciando scraping completo - Petlove
2025-12-13 20:11:20,393 - scraper_base - INFO - 📋 20 medicamentos para processar
2025-12-13 20:11:20,393 - scraper_base - INFO - 📦 [1/20] Processando Simparic
2025-12-13 20:11:20,393 - scraper_base - INFO - 🔍 Petlove: Buscando Simparic
2025-12-13 20:11:27,022 - gerenciador_conexoes - INFO - Chrome inicializado com otimizacoes de velocidade
2025-12-13 20:11:30,084 - scraper_base - INFO - ✅ Petlove: 15 produto(s) encontrado(s) para Simparic
2025-12-13 20:11:31,399 - scraper_base - INFO - 📦 [2/20] Processando Revolution
2025-12-13 20:11:31,399 - scraper_base - INFO - 🔍 Petlove: Buscando Revolution
2025-12-13 20:11:32,935 - scraper_base - INFO - ✅ Petlove: 14 produto(s) encontrado(s) para Revolution
2025-12-13 20:11:33,967 - scraper_base - INFO - 📦 [3/20] Processando NexGard
2025-12-13 20:11:33,968 - scraper_base - INFO - 🔍 Petlove: Buscando NexGard
2025-12-13 20:11:35,478 - scraper_base - INFO - ✅ Petlove: 11 produto(s) encontrado(s) para NexGard
2025-12-13 20:11:36,660 - scraper_base - INFO - 📦 [4/20] Processando NexGard Spectra
2025-12-13 20:11:36,660 - scraper_base - INFO - 🔍 Petlove: Buscando NexGard Spectra
2025-12-13 20:11:37,798 - scraper_base - INFO - ✅ Petlove: 5 produto(s) encontrado(s) para NexGard Spectra
2025-12-13 20:11:40,475 - scraper_base - INFO - 📦 [5/20] Processando NexGard Combo
2025-12-13 20:11:40,475 - scraper_base - INFO - 🔍 Petlove: Buscando NexGard Combo
2025-12-13 20:11:41,570 - scraper_base - INFO - ✅ Petlove: 2 produto(s) encontrado(s) para NexGard Combo
2025-12-13 20:11:43,329 - scraper_base - INFO - 📦 [6/20] Processando Bravecto
2025-12-13 20:11:43,329 - scraper_base - INFO - 🔍 Petlove: Buscando Bravecto
2025-12-13 20:11:46,178 - scraper_base - INFO - ✅ Petlove: 23 produto(s) encontrado(s) para Bravecto
2025-12-13 20:11:48,074 - scraper_base - INFO - 📦 [7/20] Processando Frontline
2025-12-13 20:11:48,075 - scraper_base - INFO - 🔍 Petlove: Buscando Frontline
2025-12-13 20:11:50,078 - scraper_base - INFO - ✅ Petlove: 11 produto(s) encontrado(s) para Frontline
2025-12-13 20:11:51,212 - scraper_base - INFO - 📦 [8/20] Processando Advocate
2025-12-13 20:11:51,213 - scraper_base - INFO - 🔍 Petlove: Buscando Advocate
2025-12-13 20:11:52,828 - scraper_base - INFO - ✅ Petlove: 12 produto(s) encontrado(s) para Advocate
2025-12-13 20:11:54,723 - scraper_base - INFO - 📦 [9/20] Processando Drontal
2025-12-13 20:11:54,723 - scraper_base - INFO - 🔍 Petlove: Buscando Drontal
2025-12-13 20:11:56,108 - scraper_base - INFO - ✅ Petlove: 18 produto(s) encontrado(s) para Drontal
2025-12-13 20:11:58,053 - scraper_base - INFO - 📦 [10/20] Processando Milbemax
2025-12-13 20:11:58,053 - scraper_base - INFO - 🔍 Petlove: Buscando Milbemax
2025-12-13 20:11:59,502 - scraper_base - INFO - ✅ Petlove: 4 produto(s) encontrado(s) para Milbemax
2025-12-13 20:12:01,921 - scraper_base - INFO - 📦 [11/20] Processando Vermivet
2025-12-13 20:12:01,921 - scraper_base - INFO - 🔍 Petlove: Buscando Vermivet
2025-12-13 20:12:03,821 - scraper_base - INFO - ✅ Petlove: 36 produto(s) encontrado(s) para Vermivet
2025-12-13 20:12:05,889 - scraper_base - INFO - 📦 [12/20] Processando Rimadyl
2025-12-13 20:12:05,889 - scraper_base - INFO - 🔍 Petlove: Buscando Rimadyl
2025-12-13 20:12:07,231 - scraper_base - INFO - ✅ Petlove: 1 produto(s) encontrado(s) para Rimadyl
2025-12-13 20:12:08,335 - scraper_base - INFO - 📦 [13/20] Processando Onsior
2025-12-13 20:12:08,335 - scraper_base - INFO - 🔍 Petlove: Buscando Onsior
2025-12-13 20:12:09,560 - scraper_base - INFO - ✅ Petlove: 4 produto(s) encontrado(s) para Onsior
2025-12-13 20:12:12,086 - scraper_base - INFO - 📦 [14/20] Processando Maxicam
2025-12-13 20:12:12,086 - scraper_base - INFO - 🔍 Petlove: Buscando Maxicam
2025-12-13 20:12:13,432 - scraper_base - INFO - ✅ Petlove: 4 produto(s) encontrado(s) para Maxicam
2025-12-13 20:12:14,981 - scraper_base - INFO - 📦 [15/20] Processando Carproflan
2025-12-13 20:12:14,982 - scraper_base - INFO - 🔍 Petlove: Buscando Carproflan
2025-12-13 20:12:16,116 - scraper_base - INFO - ✅ Petlove: 4 produto(s) encontrado(s) para Carproflan
2025-12-13 20:12:18,182 - scraper_base - INFO - 📦 [16/20] Processando Previcox
2025-12-13 20:12:18,182 - scraper_base - INFO - 🔍 Petlove: Buscando Previcox
2025-12-13 20:12:19,411 - scraper_base - INFO - ✅ Petlove: 4 produto(s) encontrado(s) para Previcox
2025-12-13 20:12:20,622 - scraper_base - INFO - 📦 [17/20] Processando Apoquel
2025-12-13 20:12:20,622 - scraper_base - INFO - 🔍 Petlove: Buscando Apoquel
2025-12-13 20:12:22,227 - scraper_base - INFO - ✅ Petlove: 16 produto(s) encontrado(s) para Apoquel
2025-12-13 20:12:23,486 - scraper_base - INFO - 📦 [18/20] Processando Zenrelia
2025-12-13 20:12:23,486 - scraper_base - INFO - 🔍 Petlove: Buscando Zenrelia
2025-12-13 20:12:24,594 - scraper_base - INFO - ✅ Petlove: 4 produto(s) encontrado(s) para Zenrelia
2025-12-13 20:12:27,484 - scraper_base - INFO - 📦 [19/20] Processando Synulox
2025-12-13 20:12:27,484 - scraper_base - INFO - 🔍 Petlove: Buscando Synulox
2025-12-13 20:12:28,522 - scraper_base - INFO - ✅ Petlove: 1 produto(s) encontrado(s) para Synulox
2025-12-13 20:12:31,192 - scraper_base - INFO - 📦 [20/20] Processando Baytril
2025-12-13 20:12:31,192 - scraper_base - INFO - 🔍 Petlove: Buscando Baytril
2025-12-13 20:12:32,459 - scraper_base - INFO - ✅ Petlove: 5 produto(s) encontrado(s) para Baytril
2025-12-13 20:12:34,342 - scraper_base - INFO - 📊 Petlove - Estatísticas finais:
2025-12-13 20:12:34,342 - scraper_base - INFO -    • Medicamentos processados: 20
2025-12-13 20:12:34,342 - scraper_base - INFO -    • Produtos encontrados: 194
2025-12-13 20:12:34,342 - scraper_base - INFO -    • Medicamentos sem resultado: 0
2025-12-13 20:12:34,342 - scraper_base - INFO -    • Tempo total: 74.1s
2025-12-13 20:12:34,342 - scraper_base - INFO -    • Tempo médio por medicamento: 3.7s
2025-12-13 20:12:34,379 - gerenciador_arquivos - INFO - Excel salvo: dados_coletados/petlove_20251213_201234.xlsx (194 produtos)
2025-12-13 20:12:34,379 - gerenciador_principal - INFO - Petlove: Arquivo individual salvo com sucesso
2025-12-13 20:12:34,379 - gerenciador_principal - INFO - Pausando entre sites...
2025-12-13 20:12:36,379 - gerenciador_principal - INFO - [3/3] Processando Petz
2025-12-13 20:12:36,380 - scraper_base - INFO - 🚀 Iniciando scraping completo - Petz
2025-12-13 20:12:36,689 - scraper_base - INFO - 📋 20 medicamentos para processar
2025-12-13 20:12:36,689 - scraper_base - INFO - 📦 [1/20] Processando Simparic
2025-12-13 20:12:36,689 - scraper_base - INFO - 🔍 Petz: Buscando Simparic
2025-12-13 20:12:40,467 - scraper_base - INFO - ✅ Petz: 12 produto(s) encontrado(s) para Simparic
2025-12-13 20:12:42,260 - scraper_base - INFO - 📦 [2/20] Processando Revolution
2025-12-13 20:12:42,260 - scraper_base - INFO - 🔍 Petz: Buscando Revolution
2025-12-13 20:12:44,318 - scraper_base - INFO - ✅ Petz: 28 produto(s) encontrado(s) para Revolution
2025-12-13 20:12:46,844 - scraper_base - INFO - 📦 [3/20] Processando NexGard
2025-12-13 20:12:46,844 - scraper_base - INFO - 🔍 Petz: Buscando NexGard
2025-12-13 20:12:48,785 - scraper_base - INFO - ✅ Petz: 22 produto(s) encontrado(s) para NexGard
2025-12-13 20:12:50,112 - scraper_base - INFO - 📦 [4/20] Processando NexGard Spectra
2025-12-13 20:12:50,112 - scraper_base - INFO - 🔍 Petz: Buscando NexGard Spectra
2025-12-13 20:12:51,983 - scraper_base - INFO - ✅ Petz: 10 produto(s) encontrado(s) para NexGard Spectra
2025-12-13 20:12:53,760 - scraper_base - INFO - 📦 [5/20] Processando NexGard Combo
2025-12-13 20:12:53,760 - scraper_base - INFO - 🔍 Petz: Buscando NexGard Combo
2025-12-13 20:12:54,965 - scraper_base - INFO - ✅ Petz: 4 produto(s) encontrado(s) para NexGard Combo
2025-12-13 20:12:57,386 - scraper_base - INFO - 📦 [6/20] Processando Bravecto
2025-12-13 20:12:57,387 - scraper_base - INFO - 🔍 Petz: Buscando Bravecto
2025-12-13 20:12:59,315 - scraper_base - INFO - ✅ Petz: 16 produto(s) encontrado(s) para Bravecto
2025-12-13 20:13:01,866 - scraper_base - INFO - 📦 [7/20] Processando Frontline
2025-12-13 20:13:01,866 - scraper_base - INFO - 🔍 Petz: Buscando Frontline
2025-12-13 20:13:03,752 - scraper_base - INFO - ✅ Petz: 11 produto(s) encontrado(s) para Frontline
2025-12-13 20:13:05,845 - scraper_base - INFO - 📦 [8/20] Processando Advocate
2025-12-13 20:13:05,845 - scraper_base - INFO - 🔍 Petz: Buscando Advocate
2025-12-13 20:13:07,671 - scraper_base - INFO - ✅ Petz: 12 produto(s) encontrado(s) para Advocate
2025-12-13 20:13:10,582 - scraper_base - INFO - 📦 [9/20] Processando Drontal
2025-12-13 20:13:10,582 - scraper_base - INFO - 🔍 Petz: Buscando Drontal
2025-12-13 20:13:12,688 - scraper_base - INFO - ✅ Petz: 29 produto(s) encontrado(s) para Drontal
2025-12-13 20:13:14,270 - scraper_base - INFO - 📦 [10/20] Processando Milbemax
2025-12-13 20:13:14,271 - scraper_base - INFO - 🔍 Petz: Buscando Milbemax
2025-12-13 20:13:16,180 - scraper_base - INFO - ✅ Petz: 4 produto(s) encontrado(s) para Milbemax
2025-12-13 20:13:19,032 - scraper_base - INFO - 📦 [11/20] Processando Vermivet
2025-12-13 20:13:19,032 - scraper_base - INFO - 🔍 Petz: Buscando Vermivet
2025-12-13 20:13:21,156 - scraper_base - INFO - ✅ Petz: 5 produto(s) encontrado(s) para Vermivet
2025-12-13 20:13:22,924 - scraper_base - INFO - 📦 [12/20] Processando Rimadyl
2025-12-13 20:13:22,924 - scraper_base - INFO - 🔍 Petz: Buscando Rimadyl
2025-12-13 20:13:25,012 - scraper_base - INFO - ✅ Petz: 3 produto(s) encontrado(s) para Rimadyl
2025-12-13 20:13:26,393 - scraper_base - INFO - 📦 [13/20] Processando Onsior
2025-12-13 20:13:26,393 - scraper_base - INFO - 🔍 Petz: Buscando Onsior
2025-12-13 20:13:27,816 - scraper_base - INFO - ✅ Petz: 4 produto(s) encontrado(s) para Onsior
2025-12-13 20:13:30,008 - scraper_base - INFO - 📦 [14/20] Processando Maxicam
2025-12-13 20:13:30,008 - scraper_base - INFO - 🔍 Petz: Buscando Maxicam
2025-12-13 20:13:32,389 - scraper_base - INFO - ✅ Petz: 29 produto(s) encontrado(s) para Maxicam
2025-12-13 20:13:34,758 - scraper_base - INFO - 📦 [15/20] Processando Carproflan
2025-12-13 20:13:34,758 - scraper_base - INFO - 🔍 Petz: Buscando Carproflan
2025-12-13 20:13:37,382 - scraper_base - INFO - ✅ Petz: 3 produto(s) encontrado(s) para Carproflan
2025-12-13 20:13:39,651 - scraper_base - INFO - 📦 [16/20] Processando Previcox
2025-12-13 20:13:39,651 - scraper_base - INFO - 🔍 Petz: Buscando Previcox
2025-12-13 20:13:42,010 - scraper_base - INFO - ✅ Petz: 2 produto(s) encontrado(s) para Previcox
2025-12-13 20:13:43,685 - scraper_base - INFO - 📦 [17/20] Processando Apoquel
2025-12-13 20:13:43,686 - scraper_base - INFO - 🔍 Petz: Buscando Apoquel
2025-12-13 20:13:44,953 - scraper_base - INFO - ✅ Petz: 3 produto(s) encontrado(s) para Apoquel
2025-12-13 20:13:46,202 - scraper_base - INFO - 📦 [18/20] Processando Zenrelia
2025-12-13 20:13:46,202 - scraper_base - INFO - 🔍 Petz: Buscando Zenrelia
2025-12-13 20:13:47,814 - scraper_base - INFO - ✅ Petz: 4 produto(s) encontrado(s) para Zenrelia
2025-12-13 20:13:50,676 - scraper_base - INFO - 📦 [19/20] Processando Synulox
2025-12-13 20:13:50,676 - scraper_base - INFO - 🔍 Petz: Buscando Synulox
2025-12-13 20:13:52,049 - scraper_base - INFO - ✅ Petz: 2 produto(s) encontrado(s) para Synulox
2025-12-13 20:13:54,653 - scraper_base - INFO - 📦 [20/20] Processando Baytril
2025-12-13 20:13:54,653 - scraper_base - INFO - 🔍 Petz: Buscando Baytril
2025-12-13 20:13:56,131 - scraper_base - INFO - ✅ Petz: 10 produto(s) encontrado(s) para Baytril
2025-12-13 20:13:58,527 - scraper_base - INFO - 📊 Petz - Estatísticas finais:
2025-12-13 20:13:58,527 - scraper_base - INFO -    • Medicamentos processados: 20
2025-12-13 20:13:58,527 - scraper_base - INFO -    • Produtos encontrados: 213
2025-12-13 20:13:58,527 - scraper_base - INFO -    • Medicamentos sem resultado: 0
2025-12-13 20:13:58,527 - scraper_base - INFO -    • Tempo total: 82.1s
2025-12-13 20:13:58,527 - scraper_base - INFO -    • Tempo médio por medicamento: 4.1s
2025-12-13 20:13:58,571 - gerenciador_arquivos - INFO - Excel salvo: dados_coletados/petz_20251213_201358.xlsx (213 produtos)
2025-12-13 20:13:58,571 - gerenciador_principal - INFO - Petz: Arquivo individual salvo com sucesso
2025-12-13 20:13:58,571 - gerenciador_principal - INFO - Gerando relatório consolidado...
2025-12-13 20:13:58,767 - gerenciador_arquivos - INFO - Relatório consolidado salvo: dados_relatorios/relatorio_consolidado_20251213_201358.xlsx
2025-12-13 20:13:58,888 - gerenciador_conexoes - INFO - Chrome fechado
2025-12-13 20:13:58,888 - gerenciador_conexoes - INFO - Métodos utilizados - Requests: 33.3%, Selenium: 66.7%, Falhas: 0.0%
2025-12-13 20:13:58,889 - gerenciador_principal - INFO - ============================================================
2025-12-13 20:13:58,889 - gerenciador_principal - INFO - RELATORIO FINAL DE EXECUÇÃO
2025-12-13 20:13:58,889 - gerenciador_principal - INFO - ============================================================
2025-12-13 20:13:58,889 - gerenciador_principal - INFO - Sites processados: 3
2025-12-13 20:13:58,889 - gerenciador_principal - INFO - Sites com sucesso: 3
2025-12-13 20:13:58,889 - gerenciador_principal - INFO - Total de produtos coletados: 574
2025-12-13 20:13:58,889 - gerenciador_principal - INFO - Tempo total de execução: 240.7 segundos
2025-12-13 20:13:58,889 - gerenciador_principal - INFO - Estatísticas de conexão:
2025-12-13 20:13:58,889 - gerenciador_principal - INFO -   - Requests bem-sucedidos: 33.3%
2025-12-13 20:13:58,889 - gerenciador_principal - INFO -   - Selenium fallback: 66.7%
2025-12-13 20:13:58,889 - gerenciador_principal - INFO -   - Falhas totais: 0.0%
2025-12-13 20:13:58,890 - gerenciador_principal - INFO - Arquivos salvos na pasta: dados_coletados
2025-12-13 20:13:58,890 - gerenciador_principal - INFO - Total de arquivos: 228
2025-12-13 20:13:58,890 - gerenciador_principal - INFO - ============================================================
