2026-06-28 20:48:09,742 - configurador_logs - INFO - Sistema de logs configurado com sucesso
2026-06-28 20:48:09,742 - configurador_logs - INFO - 🚀 Logs configurados para MODO PRODUÇÃO
2026-06-28 20:48:09,742 - gerenciador_principal - INFO - Inicializando sistema - Modo: PRODUCAO
2026-06-28 20:48:09,743 - gerenciador_arquivos - INFO - Pasta dados_coletados preparada
2026-06-28 20:48:09,743 - gerenciador_principal - INFO - Sistema inicializado com 3 scrapers
2026-06-28 20:48:09,743 - gerenciador_principal - INFO - ============================================================
2026-06-28 20:48:09,743 - gerenciador_principal - INFO - INICIANDO SCRAPING COMPLETO - PRODUCAO
2026-06-28 20:48:09,743 - gerenciador_principal - INFO - ============================================================
2026-06-28 20:48:09,743 - gerenciador_principal - INFO - [1/3] Processando Cobasi
2026-06-28 20:48:09,743 - scraper_base - INFO - 🚀 Iniciando scraping completo - Cobasi
2026-06-28 20:48:09,794 - gerenciador_conexoes - INFO - Sessao estabelecida com cobasi.com.br
2026-06-28 20:48:09,794 - scraper_base - INFO - 📋 20 medicamentos para processar
2026-06-28 20:48:09,794 - scraper_base - INFO - 📦 [1/20] Processando Simparic
2026-06-28 20:48:09,794 - scraper_base - INFO - 🔍 Cobasi: Buscando Simparic
2026-06-28 20:48:16,663 - scraper_cobasi - INFO - Cobasi: Dados extraídos via JSON para Simparic
2026-06-28 20:48:16,663 - scraper_base - INFO - ✅ Cobasi: 24 produto(s) encontrado(s) para Simparic
2026-06-28 20:48:17,968 - scraper_base - INFO - 📦 [2/20] Processando Revolution
2026-06-28 20:48:17,968 - scraper_base - INFO - 🔍 Cobasi: Buscando Revolution
2026-06-28 20:48:23,018 - scraper_cobasi - INFO - Cobasi: Dados extraídos via JSON para Revolution
2026-06-28 20:48:23,018 - scraper_base - INFO - ✅ Cobasi: 18 produto(s) encontrado(s) para Revolution
2026-06-28 20:48:25,335 - scraper_base - INFO - 📦 [3/20] Processando NexGard
2026-06-28 20:48:25,335 - scraper_base - INFO - 🔍 Cobasi: Buscando NexGard
2026-06-28 20:48:28,928 - scraper_cobasi - INFO - Cobasi: Dados extraídos via JSON para NexGard
2026-06-28 20:48:28,928 - scraper_base - INFO - ✅ Cobasi: 22 produto(s) encontrado(s) para NexGard
2026-06-28 20:48:31,207 - scraper_base - INFO - 📦 [4/20] Processando NexGard Spectra
2026-06-28 20:48:31,207 - scraper_base - INFO - 🔍 Cobasi: Buscando NexGard Spectra
2026-06-28 20:48:35,563 - scraper_cobasi - INFO - Cobasi: Dados extraídos via JSON para NexGard Spectra
2026-06-28 20:48:35,564 - scraper_base - INFO - ✅ Cobasi: 10 produto(s) encontrado(s) para NexGard Spectra
2026-06-28 20:48:38,065 - scraper_base - INFO - 📦 [5/20] Processando NexGard Combo
2026-06-28 20:48:38,065 - scraper_base - INFO - 🔍 Cobasi: Buscando NexGard Combo
2026-06-28 20:48:42,509 - scraper_cobasi - INFO - Cobasi: Dados extraídos via JSON para NexGard Combo
2026-06-28 20:48:42,509 - scraper_base - INFO - ✅ Cobasi: 4 produto(s) encontrado(s) para NexGard Combo
2026-06-28 20:48:44,436 - scraper_base - INFO - 📦 [6/20] Processando Bravecto
2026-06-28 20:48:44,436 - scraper_base - INFO - 🔍 Cobasi: Buscando Bravecto
2026-06-28 20:48:50,301 - scraper_cobasi - INFO - Cobasi: Dados extraídos via JSON para Bravecto
2026-06-28 20:48:50,301 - scraper_base - INFO - ✅ Cobasi: 16 produto(s) encontrado(s) para Bravecto
2026-06-28 20:48:51,678 - scraper_base - INFO - 📦 [7/20] Processando Frontline
2026-06-28 20:48:51,679 - scraper_base - INFO - 🔍 Cobasi: Buscando Frontline
2026-06-28 20:48:57,093 - scraper_cobasi - INFO - Cobasi: Dados extraídos via JSON para Frontline
2026-06-28 20:48:57,093 - scraper_base - INFO - ✅ Cobasi: 11 produto(s) encontrado(s) para Frontline
2026-06-28 20:48:59,836 - scraper_base - INFO - 📦 [8/20] Processando Advocate
2026-06-28 20:48:59,837 - scraper_base - INFO - 🔍 Cobasi: Buscando Advocate
2026-06-28 20:49:04,706 - scraper_cobasi - INFO - Cobasi: Dados extraídos via JSON para Advocate
2026-06-28 20:49:04,706 - scraper_base - INFO - ✅ Cobasi: 12 produto(s) encontrado(s) para Advocate
2026-06-28 20:49:06,674 - scraper_base - INFO - 📦 [9/20] Processando Drontal
2026-06-28 20:49:06,674 - scraper_base - INFO - 🔍 Cobasi: Buscando Drontal
2026-06-28 20:49:10,832 - scraper_cobasi - INFO - Cobasi: Dados extraídos via JSON para Drontal
2026-06-28 20:49:10,832 - scraper_base - INFO - ✅ Cobasi: 8 produto(s) encontrado(s) para Drontal
2026-06-28 20:49:12,389 - scraper_base - INFO - 📦 [10/20] Processando Milbemax
2026-06-28 20:49:12,389 - scraper_base - INFO - 🔍 Cobasi: Buscando Milbemax
2026-06-28 20:49:17,225 - scraper_cobasi - INFO - Cobasi: Dados extraídos via JSON para Milbemax
2026-06-28 20:49:17,225 - scraper_base - INFO - ✅ Cobasi: 4 produto(s) encontrado(s) para Milbemax
2026-06-28 20:49:20,003 - scraper_base - INFO - 📦 [11/20] Processando Vermivet
2026-06-28 20:49:20,003 - scraper_base - INFO - 🔍 Cobasi: Buscando Vermivet
2026-06-28 20:49:23,924 - scraper_cobasi - INFO - Cobasi: Dados extraídos via JSON para Vermivet
2026-06-28 20:49:23,925 - scraper_base - INFO - ✅ Cobasi: 5 produto(s) encontrado(s) para Vermivet
2026-06-28 20:49:25,407 - scraper_base - INFO - 📦 [12/20] Processando Rimadyl
2026-06-28 20:49:25,408 - scraper_base - INFO - 🔍 Cobasi: Buscando Rimadyl
2026-06-28 20:49:28,987 - scraper_cobasi - INFO - Cobasi: Dados extraídos via JSON para Rimadyl
2026-06-28 20:49:28,987 - scraper_base - INFO - ✅ Cobasi: 3 produto(s) encontrado(s) para Rimadyl
2026-06-28 20:49:31,234 - scraper_base - INFO - 📦 [13/20] Processando Onsior
2026-06-28 20:49:31,234 - scraper_base - INFO - 🔍 Cobasi: Buscando Onsior
2026-06-28 20:49:35,297 - scraper_cobasi - INFO - Cobasi: Dados extraídos via JSON para Onsior
2026-06-28 20:49:35,297 - scraper_base - INFO - ✅ Cobasi: 4 produto(s) encontrado(s) para Onsior
2026-06-28 20:49:37,481 - scraper_base - INFO - 📦 [14/20] Processando Maxicam
2026-06-28 20:49:37,481 - scraper_base - INFO - 🔍 Cobasi: Buscando Maxicam
2026-06-28 20:49:40,722 - scraper_cobasi - INFO - Cobasi: Dados extraídos via JSON para Maxicam
2026-06-28 20:49:40,722 - scraper_base - INFO - ✅ Cobasi: 3 produto(s) encontrado(s) para Maxicam
2026-06-28 20:49:42,026 - scraper_base - INFO - 📦 [15/20] Processando Carproflan
2026-06-28 20:49:42,027 - scraper_base - INFO - 🔍 Cobasi: Buscando Carproflan
2026-06-28 20:49:44,804 - scraper_cobasi - INFO - Cobasi: Dados extraídos via JSON para Carproflan
2026-06-28 20:49:44,804 - scraper_base - INFO - ✅ Cobasi: 3 produto(s) encontrado(s) para Carproflan
2026-06-28 20:49:46,064 - scraper_base - INFO - 📦 [16/20] Processando Previcox
2026-06-28 20:49:46,064 - scraper_base - INFO - 🔍 Cobasi: Buscando Previcox
2026-06-28 20:49:49,986 - scraper_cobasi - INFO - Cobasi: Dados extraídos via JSON para Previcox
2026-06-28 20:49:49,986 - scraper_base - INFO - ✅ Cobasi: 2 produto(s) encontrado(s) para Previcox
2026-06-28 20:49:52,786 - scraper_base - INFO - 📦 [17/20] Processando Apoquel
2026-06-28 20:49:52,787 - scraper_base - INFO - 🔍 Cobasi: Buscando Apoquel
2026-06-28 20:49:56,266 - scraper_cobasi - INFO - Cobasi: Dados extraídos via JSON para Apoquel
2026-06-28 20:49:56,266 - scraper_base - INFO - ✅ Cobasi: 3 produto(s) encontrado(s) para Apoquel
2026-06-28 20:49:59,009 - scraper_base - INFO - 📦 [18/20] Processando Zenrelia
2026-06-28 20:49:59,010 - scraper_base - INFO - 🔍 Cobasi: Buscando Zenrelia
2026-06-28 20:50:04,190 - scraper_cobasi - INFO - Cobasi: Dados extraídos via JSON para Zenrelia
2026-06-28 20:50:04,190 - scraper_base - INFO - ✅ Cobasi: 3 produto(s) encontrado(s) para Zenrelia
2026-06-28 20:50:06,796 - scraper_base - INFO - 📦 [19/20] Processando Synulox
2026-06-28 20:50:06,796 - scraper_base - INFO - 🔍 Cobasi: Buscando Synulox
2026-06-28 20:50:12,820 - scraper_cobasi - INFO - Cobasi: Dados extraídos via JSON para Synulox
2026-06-28 20:50:12,820 - scraper_base - INFO - ✅ Cobasi: 2 produto(s) encontrado(s) para Synulox
2026-06-28 20:50:15,533 - scraper_base - INFO - 📦 [20/20] Processando Baytril
2026-06-28 20:50:15,533 - scraper_base - INFO - 🔍 Cobasi: Buscando Baytril
2026-06-28 20:50:19,272 - scraper_cobasi - INFO - Cobasi: Dados extraídos via JSON para Baytril
2026-06-28 20:50:19,272 - scraper_base - INFO - ✅ Cobasi: 2 produto(s) encontrado(s) para Baytril
2026-06-28 20:50:21,210 - scraper_base - INFO - 📊 Cobasi - Estatísticas finais:
2026-06-28 20:50:21,210 - scraper_base - INFO -    • Medicamentos processados: 20
2026-06-28 20:50:21,210 - scraper_base - INFO -    • Produtos encontrados: 159
2026-06-28 20:50:21,210 - scraper_base - INFO -    • Medicamentos sem resultado: 0
2026-06-28 20:50:21,210 - scraper_base - INFO -    • Tempo total: 131.5s
2026-06-28 20:50:21,211 - scraper_base - INFO -    • Tempo médio por medicamento: 6.6s
2026-06-28 20:50:21,404 - gerenciador_arquivos - INFO - Excel salvo: dados_coletados/cobasi_20260628_205021.xlsx (159 produtos)
2026-06-28 20:50:21,405 - gerenciador_principal - INFO - Cobasi: Arquivo individual salvo com sucesso
2026-06-28 20:50:21,405 - gerenciador_principal - INFO - Pausando entre sites...
2026-06-28 20:50:23,405 - gerenciador_principal - INFO - [2/3] Processando Petlove
2026-06-28 20:50:23,405 - scraper_base - INFO - 🚀 Iniciando scraping completo - Petlove
2026-06-28 20:50:23,562 - gerenciador_conexoes - INFO - Sessao estabelecida com petlove.com.br
2026-06-28 20:50:23,563 - scraper_base - INFO - 📋 20 medicamentos para processar
2026-06-28 20:50:23,563 - scraper_base - INFO - 📦 [1/20] Processando Simparic
2026-06-28 20:50:23,563 - scraper_base - INFO - 🔍 Petlove: Buscando Simparic
2026-06-28 20:50:24,676 - scraper_base - INFO - ✅ Petlove: 36 produto(s) encontrado(s) para Simparic
2026-06-28 20:50:27,131 - scraper_base - INFO - 📦 [2/20] Processando Revolution
2026-06-28 20:50:27,131 - scraper_base - INFO - 🔍 Petlove: Buscando Revolution
2026-06-28 20:50:27,894 - scraper_base - INFO - ✅ Petlove: 20 produto(s) encontrado(s) para Revolution
2026-06-28 20:50:29,498 - scraper_base - INFO - 📦 [3/20] Processando NexGard
2026-06-28 20:50:29,498 - scraper_base - INFO - 🔍 Petlove: Buscando NexGard
2026-06-28 20:50:30,176 - scraper_base - INFO - ✅ Petlove: 11 produto(s) encontrado(s) para NexGard
2026-06-28 20:50:31,942 - scraper_base - INFO - 📦 [4/20] Processando NexGard Spectra
2026-06-28 20:50:31,942 - scraper_base - INFO - 🔍 Petlove: Buscando NexGard Spectra
2026-06-28 20:50:32,751 - scraper_base - INFO - ✅ Petlove: 5 produto(s) encontrado(s) para NexGard Spectra
2026-06-28 20:50:33,803 - scraper_base - INFO - 📦 [5/20] Processando NexGard Combo
2026-06-28 20:50:33,803 - scraper_base - INFO - 🔍 Petlove: Buscando NexGard Combo
2026-06-28 20:50:34,449 - scraper_base - INFO - ✅ Petlove: 2 produto(s) encontrado(s) para NexGard Combo
2026-06-28 20:50:36,293 - scraper_base - INFO - 📦 [6/20] Processando Bravecto
2026-06-28 20:50:36,293 - scraper_base - INFO - 🔍 Petlove: Buscando Bravecto
2026-06-28 20:50:37,192 - scraper_base - INFO - ✅ Petlove: 22 produto(s) encontrado(s) para Bravecto
2026-06-28 20:50:39,174 - scraper_base - INFO - 📦 [7/20] Processando Frontline
2026-06-28 20:50:39,174 - scraper_base - INFO - 🔍 Petlove: Buscando Frontline
2026-06-28 20:50:39,892 - scraper_base - INFO - ✅ Petlove: 11 produto(s) encontrado(s) para Frontline
2026-06-28 20:50:41,932 - scraper_base - INFO - 📦 [8/20] Processando Advocate
2026-06-28 20:50:41,932 - scraper_base - INFO - 🔍 Petlove: Buscando Advocate
2026-06-28 20:50:42,801 - scraper_base - INFO - ✅ Petlove: 9 produto(s) encontrado(s) para Advocate
2026-06-28 20:50:45,185 - scraper_base - INFO - 📦 [9/20] Processando Drontal
2026-06-28 20:50:45,186 - scraper_base - INFO - 🔍 Petlove: Buscando Drontal
2026-06-28 20:50:46,091 - scraper_base - INFO - ✅ Petlove: 36 produto(s) encontrado(s) para Drontal
2026-06-28 20:50:48,380 - scraper_base - INFO - 📦 [10/20] Processando Milbemax
2026-06-28 20:50:48,380 - scraper_base - INFO - 🔍 Petlove: Buscando Milbemax
2026-06-28 20:50:49,139 - scraper_base - INFO - ✅ Petlove: 14 produto(s) encontrado(s) para Milbemax
2026-06-28 20:50:50,577 - scraper_base - INFO - 📦 [11/20] Processando Vermivet
2026-06-28 20:50:50,577 - scraper_base - INFO - 🔍 Petlove: Buscando Vermivet
2026-06-28 20:50:51,380 - scraper_base - INFO - ✅ Petlove: 36 produto(s) encontrado(s) para Vermivet
2026-06-28 20:50:53,574 - scraper_base - INFO - 📦 [12/20] Processando Rimadyl
2026-06-28 20:50:53,574 - scraper_base - INFO - 🔍 Petlove: Buscando Rimadyl
2026-06-28 20:50:54,247 - scraper_base - INFO - ✅ Petlove: 1 produto(s) encontrado(s) para Rimadyl
2026-06-28 20:50:56,133 - scraper_base - INFO - 📦 [13/20] Processando Onsior
2026-06-28 20:50:56,133 - scraper_base - INFO - 🔍 Petlove: Buscando Onsior
2026-06-28 20:50:57,035 - scraper_base - INFO - ✅ Petlove: 4 produto(s) encontrado(s) para Onsior
2026-06-28 20:50:59,207 - scraper_base - INFO - 📦 [14/20] Processando Maxicam
2026-06-28 20:50:59,207 - scraper_base - INFO - 🔍 Petlove: Buscando Maxicam
2026-06-28 20:50:59,880 - scraper_base - INFO - ✅ Petlove: 3 produto(s) encontrado(s) para Maxicam
2026-06-28 20:51:01,171 - scraper_base - INFO - 📦 [15/20] Processando Carproflan
2026-06-28 20:51:01,171 - scraper_base - INFO - 🔍 Petlove: Buscando Carproflan
2026-06-28 20:51:01,952 - scraper_base - INFO - ✅ Petlove: 8 produto(s) encontrado(s) para Carproflan
2026-06-28 20:51:03,253 - scraper_base - INFO - 📦 [16/20] Processando Previcox
2026-06-28 20:51:03,254 - scraper_base - INFO - 🔍 Petlove: Buscando Previcox
2026-06-28 20:51:04,583 - scraper_base - INFO - ✅ Petlove: 4 produto(s) encontrado(s) para Previcox
2026-06-28 20:51:07,061 - scraper_base - INFO - 📦 [17/20] Processando Apoquel
2026-06-28 20:51:07,061 - scraper_base - INFO - 🔍 Petlove: Buscando Apoquel
2026-06-28 20:51:07,882 - scraper_base - INFO - ✅ Petlove: 16 produto(s) encontrado(s) para Apoquel
2026-06-28 20:51:08,931 - scraper_base - INFO - 📦 [18/20] Processando Zenrelia
2026-06-28 20:51:08,932 - scraper_base - INFO - 🔍 Petlove: Buscando Zenrelia
2026-06-28 20:51:09,708 - scraper_base - INFO - ✅ Petlove: 4 produto(s) encontrado(s) para Zenrelia
2026-06-28 20:51:11,039 - scraper_base - INFO - 📦 [19/20] Processando Synulox
2026-06-28 20:51:11,039 - scraper_base - INFO - 🔍 Petlove: Buscando Synulox
2026-06-28 20:51:11,759 - scraper_base - INFO - ✅ Petlove: 1 produto(s) encontrado(s) para Synulox
2026-06-28 20:51:14,741 - scraper_base - INFO - 📦 [20/20] Processando Baytril
2026-06-28 20:51:14,741 - scraper_base - INFO - 🔍 Petlove: Buscando Baytril
2026-06-28 20:51:15,357 - scraper_base - INFO - ✅ Petlove: 6 produto(s) encontrado(s) para Baytril
2026-06-28 20:51:16,446 - scraper_base - INFO - 📊 Petlove - Estatísticas finais:
2026-06-28 20:51:16,447 - scraper_base - INFO -    • Medicamentos processados: 20
2026-06-28 20:51:16,447 - scraper_base - INFO -    • Produtos encontrados: 249
2026-06-28 20:51:16,447 - scraper_base - INFO -    • Medicamentos sem resultado: 0
2026-06-28 20:51:16,447 - scraper_base - INFO -    • Tempo total: 53.0s
2026-06-28 20:51:16,447 - scraper_base - INFO -    • Tempo médio por medicamento: 2.7s
2026-06-28 20:51:16,494 - gerenciador_arquivos - INFO - Excel salvo: dados_coletados/petlove_20260628_205116.xlsx (249 produtos)
2026-06-28 20:51:16,494 - gerenciador_principal - INFO - Petlove: Arquivo individual salvo com sucesso
2026-06-28 20:51:16,494 - gerenciador_principal - INFO - Pausando entre sites...
2026-06-28 20:51:18,495 - gerenciador_principal - INFO - [3/3] Processando Petz
2026-06-28 20:51:18,495 - scraper_base - INFO - 🚀 Iniciando scraping completo - Petz
2026-06-28 20:51:18,760 - scraper_base - INFO - 📋 20 medicamentos para processar
2026-06-28 20:51:18,760 - scraper_base - INFO - 📦 [1/20] Processando Simparic
2026-06-28 20:51:18,760 - scraper_base - INFO - 🔍 Petz: Buscando Simparic
2026-06-28 20:51:26,810 - gerenciador_conexoes - INFO - Chrome inicializado com otimizacoes de velocidade
2026-06-28 20:51:36,372 - scraper_base - INFO - ✅ Petz: 24 produto(s) encontrado(s) para Simparic
2026-06-28 20:51:38,625 - scraper_base - INFO - 📦 [2/20] Processando Revolution
2026-06-28 20:51:38,625 - scraper_base - INFO - 🔍 Petz: Buscando Revolution
2026-06-28 20:51:42,307 - scraper_base - INFO - ✅ Petz: 27 produto(s) encontrado(s) para Revolution
2026-06-28 20:51:43,421 - scraper_base - INFO - 📦 [3/20] Processando NexGard
2026-06-28 20:51:43,422 - scraper_base - INFO - 🔍 Petz: Buscando NexGard
2026-06-28 20:51:46,152 - scraper_base - INFO - ✅ Petz: 22 produto(s) encontrado(s) para NexGard
2026-06-28 20:51:47,741 - scraper_base - INFO - 📦 [4/20] Processando NexGard Spectra
2026-06-28 20:51:47,741 - scraper_base - INFO - 🔍 Petz: Buscando NexGard Spectra
2026-06-28 20:51:49,785 - scraper_base - INFO - ✅ Petz: 10 produto(s) encontrado(s) para NexGard Spectra
2026-06-28 20:51:51,794 - scraper_base - INFO - 📦 [5/20] Processando NexGard Combo
2026-06-28 20:51:51,794 - scraper_base - INFO - 🔍 Petz: Buscando NexGard Combo
2026-06-28 20:51:53,845 - scraper_base - INFO - ✅ Petz: 4 produto(s) encontrado(s) para NexGard Combo
2026-06-28 20:51:55,584 - scraper_base - INFO - 📦 [6/20] Processando Bravecto
2026-06-28 20:51:55,584 - scraper_base - INFO - 🔍 Petz: Buscando Bravecto
2026-06-28 20:51:58,264 - scraper_base - INFO - ✅ Petz: 16 produto(s) encontrado(s) para Bravecto
2026-06-28 20:52:00,881 - scraper_base - INFO - 📦 [7/20] Processando Frontline
2026-06-28 20:52:00,881 - scraper_base - INFO - 🔍 Petz: Buscando Frontline
2026-06-28 20:52:03,463 - scraper_base - INFO - ✅ Petz: 11 produto(s) encontrado(s) para Frontline
2026-06-28 20:52:05,984 - scraper_base - INFO - 📦 [8/20] Processando Advocate
2026-06-28 20:52:05,984 - scraper_base - INFO - 🔍 Petz: Buscando Advocate
2026-06-28 20:52:08,159 - scraper_base - INFO - ✅ Petz: 12 produto(s) encontrado(s) para Advocate
2026-06-28 20:52:11,123 - scraper_base - INFO - 📦 [9/20] Processando Drontal
2026-06-28 20:52:11,123 - scraper_base - INFO - 🔍 Petz: Buscando Drontal
2026-06-28 20:52:14,532 - scraper_base - INFO - ✅ Petz: 37 produto(s) encontrado(s) para Drontal
2026-06-28 20:52:16,319 - scraper_base - INFO - 📦 [10/20] Processando Milbemax
2026-06-28 20:52:16,320 - scraper_base - INFO - 🔍 Petz: Buscando Milbemax
2026-06-28 20:52:18,162 - scraper_base - INFO - ✅ Petz: 4 produto(s) encontrado(s) para Milbemax
2026-06-28 20:52:21,126 - scraper_base - INFO - 📦 [11/20] Processando Vermivet
2026-06-28 20:52:21,126 - scraper_base - INFO - 🔍 Petz: Buscando Vermivet
2026-06-28 20:52:22,996 - scraper_base - INFO - ✅ Petz: 5 produto(s) encontrado(s) para Vermivet
2026-06-28 20:52:25,196 - scraper_base - INFO - 📦 [12/20] Processando Rimadyl
2026-06-28 20:52:25,196 - scraper_base - INFO - 🔍 Petz: Buscando Rimadyl
2026-06-28 20:52:27,252 - scraper_base - INFO - ✅ Petz: 3 produto(s) encontrado(s) para Rimadyl
2026-06-28 20:52:28,936 - scraper_base - INFO - 📦 [13/20] Processando Onsior
2026-06-28 20:52:28,936 - scraper_base - INFO - 🔍 Petz: Buscando Onsior
2026-06-28 20:52:31,152 - scraper_base - INFO - ✅ Petz: 4 produto(s) encontrado(s) para Onsior
2026-06-28 20:52:33,254 - scraper_base - INFO - 📦 [14/20] Processando Maxicam
2026-06-28 20:52:33,255 - scraper_base - INFO - 🔍 Petz: Buscando Maxicam
2026-06-28 20:52:36,370 - scraper_base - INFO - ✅ Petz: 29 produto(s) encontrado(s) para Maxicam
2026-06-28 20:52:38,579 - scraper_base - INFO - 📦 [15/20] Processando Carproflan
2026-06-28 20:52:38,579 - scraper_base - INFO - 🔍 Petz: Buscando Carproflan
2026-06-28 20:52:40,694 - scraper_base - INFO - ✅ Petz: 3 produto(s) encontrado(s) para Carproflan
2026-06-28 20:52:43,067 - scraper_base - INFO - 📦 [16/20] Processando Previcox
2026-06-28 20:52:43,067 - scraper_base - INFO - 🔍 Petz: Buscando Previcox
2026-06-28 20:52:44,940 - scraper_base - INFO - ✅ Petz: 2 produto(s) encontrado(s) para Previcox
2026-06-28 20:52:46,366 - scraper_base - INFO - 📦 [17/20] Processando Apoquel
2026-06-28 20:52:46,366 - scraper_base - INFO - 🔍 Petz: Buscando Apoquel
2026-06-28 20:52:48,573 - scraper_base - INFO - ✅ Petz: 3 produto(s) encontrado(s) para Apoquel
2026-06-28 20:52:49,602 - scraper_base - INFO - 📦 [18/20] Processando Zenrelia
2026-06-28 20:52:49,602 - scraper_base - INFO - 🔍 Petz: Buscando Zenrelia
2026-06-28 20:52:51,441 - scraper_base - INFO - ✅ Petz: 4 produto(s) encontrado(s) para Zenrelia
2026-06-28 20:52:53,392 - scraper_base - INFO - 📦 [19/20] Processando Synulox
2026-06-28 20:52:53,392 - scraper_base - INFO - 🔍 Petz: Buscando Synulox
2026-06-28 20:52:55,428 - scraper_base - INFO - ✅ Petz: 2 produto(s) encontrado(s) para Synulox
2026-06-28 20:52:57,421 - scraper_base - INFO - 📦 [20/20] Processando Baytril
2026-06-28 20:52:57,421 - scraper_base - INFO - 🔍 Petz: Buscando Baytril
2026-06-28 20:52:59,802 - scraper_base - INFO - ✅ Petz: 9 produto(s) encontrado(s) para Baytril
2026-06-28 20:53:02,238 - scraper_base - INFO - 📊 Petz - Estatísticas finais:
2026-06-28 20:53:02,238 - scraper_base - INFO -    • Medicamentos processados: 20
2026-06-28 20:53:02,238 - scraper_base - INFO -    • Produtos encontrados: 231
2026-06-28 20:53:02,238 - scraper_base - INFO -    • Medicamentos sem resultado: 0
2026-06-28 20:53:02,238 - scraper_base - INFO -    • Tempo total: 103.7s
2026-06-28 20:53:02,238 - scraper_base - INFO -    • Tempo médio por medicamento: 5.2s
2026-06-28 20:53:02,359 - gerenciador_arquivos - INFO - Excel salvo: dados_coletados/petz_20260628_205302.xlsx (231 produtos)
2026-06-28 20:53:02,359 - gerenciador_principal - INFO - Petz: Arquivo individual salvo com sucesso
2026-06-28 20:53:02,359 - gerenciador_principal - INFO - Gerando relatório consolidado...
2026-06-28 20:53:02,587 - gerenciador_arquivos - INFO - Relatório consolidado salvo: dados_relatorios/relatorio_consolidado_20260628_205302.xlsx
2026-06-28 20:53:02,689 - gerenciador_conexoes - INFO - Chrome fechado
2026-06-28 20:53:02,689 - gerenciador_conexoes - INFO - Métodos utilizados - Requests: 66.7%, Selenium: 33.3%, Falhas: 0.0%
2026-06-28 20:53:02,689 - gerenciador_principal - INFO - ============================================================
2026-06-28 20:53:02,689 - gerenciador_principal - INFO - RELATORIO FINAL DE EXECUÇÃO
2026-06-28 20:53:02,689 - gerenciador_principal - INFO - ============================================================
2026-06-28 20:53:02,690 - gerenciador_principal - INFO - Sites processados: 3
2026-06-28 20:53:02,690 - gerenciador_principal - INFO - Sites com sucesso: 3
2026-06-28 20:53:02,690 - gerenciador_principal - INFO - Total de produtos coletados: 639
2026-06-28 20:53:02,690 - gerenciador_principal - INFO - Tempo total de execução: 292.6 segundos
2026-06-28 20:53:02,690 - gerenciador_principal - INFO - Estatísticas de conexão:
2026-06-28 20:53:02,690 - gerenciador_principal - INFO -   - Requests bem-sucedidos: 66.7%
2026-06-28 20:53:02,690 - gerenciador_principal - INFO -   - Selenium fallback: 33.3%
2026-06-28 20:53:02,690 - gerenciador_principal - INFO -   - Falhas totais: 0.0%
2026-06-28 20:53:02,693 - gerenciador_principal - INFO - Arquivos salvos na pasta: dados_coletados
2026-06-28 20:53:02,694 - gerenciador_principal - INFO - Total de arquivos: 795
2026-06-28 20:53:02,694 - gerenciador_principal - INFO - ============================================================
