2026-06-04 21:20:22,735 - configurador_logs - INFO - Sistema de logs configurado com sucesso
2026-06-04 21:20:22,735 - configurador_logs - INFO - 🚀 Logs configurados para MODO PRODUÇÃO
2026-06-04 21:20:22,735 - gerenciador_principal - INFO - Inicializando sistema - Modo: PRODUCAO
2026-06-04 21:20:22,735 - gerenciador_arquivos - INFO - Pasta dados_coletados preparada
2026-06-04 21:20:22,735 - gerenciador_principal - INFO - Sistema inicializado com 3 scrapers
2026-06-04 21:20:22,735 - gerenciador_principal - INFO - ============================================================
2026-06-04 21:20:22,735 - gerenciador_principal - INFO - INICIANDO SCRAPING COMPLETO - PRODUCAO
2026-06-04 21:20:22,735 - gerenciador_principal - INFO - ============================================================
2026-06-04 21:20:22,735 - gerenciador_principal - INFO - [1/3] Processando Cobasi
2026-06-04 21:20:22,736 - scraper_base - INFO - 🚀 Iniciando scraping completo - Cobasi
2026-06-04 21:20:23,029 - gerenciador_conexoes - INFO - Sessao estabelecida com cobasi.com.br
2026-06-04 21:20:23,029 - scraper_base - INFO - 📋 20 medicamentos para processar
2026-06-04 21:20:23,029 - scraper_base - INFO - 📦 [1/20] Processando Simparic
2026-06-04 21:20:23,029 - scraper_base - INFO - 🔍 Cobasi: Buscando Simparic
2026-06-04 21:20:27,641 - scraper_cobasi - INFO - Cobasi: Dados extraídos via JSON para Simparic
2026-06-04 21:20:27,641 - scraper_base - INFO - ✅ Cobasi: 24 produto(s) encontrado(s) para Simparic
2026-06-04 21:20:29,802 - scraper_base - INFO - 📦 [2/20] Processando Revolution
2026-06-04 21:20:29,803 - scraper_base - INFO - 🔍 Cobasi: Buscando Revolution
2026-06-04 21:20:34,516 - scraper_cobasi - INFO - Cobasi: Dados extraídos via JSON para Revolution
2026-06-04 21:20:34,516 - scraper_base - INFO - ✅ Cobasi: 18 produto(s) encontrado(s) para Revolution
2026-06-04 21:20:37,146 - scraper_base - INFO - 📦 [3/20] Processando NexGard
2026-06-04 21:20:37,146 - scraper_base - INFO - 🔍 Cobasi: Buscando NexGard
2026-06-04 21:20:41,409 - scraper_cobasi - INFO - Cobasi: Dados extraídos via JSON para NexGard
2026-06-04 21:20:41,410 - scraper_base - INFO - ✅ Cobasi: 22 produto(s) encontrado(s) para NexGard
2026-06-04 21:20:43,887 - scraper_base - INFO - 📦 [4/20] Processando NexGard Spectra
2026-06-04 21:20:43,887 - scraper_base - INFO - 🔍 Cobasi: Buscando NexGard Spectra
2026-06-04 21:20:48,420 - scraper_cobasi - INFO - Cobasi: Dados extraídos via JSON para NexGard Spectra
2026-06-04 21:20:48,420 - scraper_base - INFO - ✅ Cobasi: 10 produto(s) encontrado(s) para NexGard Spectra
2026-06-04 21:20:50,223 - scraper_base - INFO - 📦 [5/20] Processando NexGard Combo
2026-06-04 21:20:50,224 - scraper_base - INFO - 🔍 Cobasi: Buscando NexGard Combo
2026-06-04 21:20:53,192 - scraper_cobasi - INFO - Cobasi: Dados extraídos via JSON para NexGard Combo
2026-06-04 21:20:53,192 - scraper_base - INFO - ✅ Cobasi: 4 produto(s) encontrado(s) para NexGard Combo
2026-06-04 21:20:54,373 - scraper_base - INFO - 📦 [6/20] Processando Bravecto
2026-06-04 21:20:54,373 - scraper_base - INFO - 🔍 Cobasi: Buscando Bravecto
2026-06-04 21:20:58,849 - scraper_cobasi - INFO - Cobasi: Dados extraídos via JSON para Bravecto
2026-06-04 21:20:58,849 - scraper_base - INFO - ✅ Cobasi: 16 produto(s) encontrado(s) para Bravecto
2026-06-04 21:20:59,883 - scraper_base - INFO - 📦 [7/20] Processando Frontline
2026-06-04 21:20:59,883 - scraper_base - INFO - 🔍 Cobasi: Buscando Frontline
2026-06-04 21:21:03,594 - scraper_cobasi - INFO - Cobasi: Dados extraídos via JSON para Frontline
2026-06-04 21:21:03,595 - scraper_base - INFO - ✅ Cobasi: 11 produto(s) encontrado(s) para Frontline
2026-06-04 21:21:06,269 - scraper_base - INFO - 📦 [8/20] Processando Advocate
2026-06-04 21:21:06,269 - scraper_base - INFO - 🔍 Cobasi: Buscando Advocate
2026-06-04 21:21:09,744 - scraper_cobasi - INFO - Cobasi: Dados extraídos via JSON para Advocate
2026-06-04 21:21:09,744 - scraper_base - INFO - ✅ Cobasi: 12 produto(s) encontrado(s) para Advocate
2026-06-04 21:21:11,719 - scraper_base - INFO - 📦 [9/20] Processando Drontal
2026-06-04 21:21:11,719 - scraper_base - INFO - 🔍 Cobasi: Buscando Drontal
2026-06-04 21:21:14,995 - scraper_cobasi - INFO - Cobasi: Dados extraídos via JSON para Drontal
2026-06-04 21:21:14,995 - scraper_base - INFO - ✅ Cobasi: 8 produto(s) encontrado(s) para Drontal
2026-06-04 21:21:17,467 - scraper_base - INFO - 📦 [10/20] Processando Milbemax
2026-06-04 21:21:17,467 - scraper_base - INFO - 🔍 Cobasi: Buscando Milbemax
2026-06-04 21:21:21,058 - scraper_cobasi - INFO - Cobasi: Dados extraídos via JSON para Milbemax
2026-06-04 21:21:21,058 - scraper_base - INFO - ✅ Cobasi: 4 produto(s) encontrado(s) para Milbemax
2026-06-04 21:21:22,351 - scraper_base - INFO - 📦 [11/20] Processando Vermivet
2026-06-04 21:21:22,351 - scraper_base - INFO - 🔍 Cobasi: Buscando Vermivet
2026-06-04 21:21:25,645 - scraper_cobasi - INFO - Cobasi: Dados extraídos via JSON para Vermivet
2026-06-04 21:21:25,646 - scraper_base - INFO - ✅ Cobasi: 5 produto(s) encontrado(s) para Vermivet
2026-06-04 21:21:27,501 - scraper_base - INFO - 📦 [12/20] Processando Rimadyl
2026-06-04 21:21:27,501 - scraper_base - INFO - 🔍 Cobasi: Buscando Rimadyl
2026-06-04 21:21:31,121 - scraper_cobasi - INFO - Cobasi: Dados extraídos via JSON para Rimadyl
2026-06-04 21:21:31,121 - scraper_base - INFO - ✅ Cobasi: 3 produto(s) encontrado(s) para Rimadyl
2026-06-04 21:21:33,883 - scraper_base - INFO - 📦 [13/20] Processando Onsior
2026-06-04 21:21:33,883 - scraper_base - INFO - 🔍 Cobasi: Buscando Onsior
2026-06-04 21:21:37,617 - scraper_cobasi - INFO - Cobasi: Dados extraídos via JSON para Onsior
2026-06-04 21:21:37,617 - scraper_base - INFO - ✅ Cobasi: 4 produto(s) encontrado(s) para Onsior
2026-06-04 21:21:38,755 - scraper_base - INFO - 📦 [14/20] Processando Maxicam
2026-06-04 21:21:38,756 - scraper_base - INFO - 🔍 Cobasi: Buscando Maxicam
2026-06-04 21:21:41,475 - scraper_cobasi - INFO - Cobasi: Dados extraídos via JSON para Maxicam
2026-06-04 21:21:41,475 - scraper_base - INFO - ✅ Cobasi: 3 produto(s) encontrado(s) para Maxicam
2026-06-04 21:21:42,756 - scraper_base - INFO - 📦 [15/20] Processando Carproflan
2026-06-04 21:21:42,756 - scraper_base - INFO - 🔍 Cobasi: Buscando Carproflan
2026-06-04 21:21:45,569 - scraper_cobasi - INFO - Cobasi: Dados extraídos via JSON para Carproflan
2026-06-04 21:21:45,569 - scraper_base - INFO - ✅ Cobasi: 3 produto(s) encontrado(s) para Carproflan
2026-06-04 21:21:46,592 - scraper_base - INFO - 📦 [16/20] Processando Previcox
2026-06-04 21:21:46,592 - scraper_base - INFO - 🔍 Cobasi: Buscando Previcox
2026-06-04 21:21:49,694 - scraper_cobasi - INFO - Cobasi: Dados extraídos via JSON para Previcox
2026-06-04 21:21:49,694 - scraper_base - INFO - ✅ Cobasi: 2 produto(s) encontrado(s) para Previcox
2026-06-04 21:21:51,663 - scraper_base - INFO - 📦 [17/20] Processando Apoquel
2026-06-04 21:21:51,664 - scraper_base - INFO - 🔍 Cobasi: Buscando Apoquel
2026-06-04 21:21:55,257 - scraper_cobasi - INFO - Cobasi: Dados extraídos via JSON para Apoquel
2026-06-04 21:21:55,257 - scraper_base - INFO - ✅ Cobasi: 3 produto(s) encontrado(s) para Apoquel
2026-06-04 21:21:56,451 - scraper_base - INFO - 📦 [18/20] Processando Zenrelia
2026-06-04 21:21:56,451 - scraper_base - INFO - 🔍 Cobasi: Buscando Zenrelia
2026-06-04 21:21:59,886 - scraper_cobasi - INFO - Cobasi: Dados extraídos via JSON para Zenrelia
2026-06-04 21:21:59,886 - scraper_base - INFO - ✅ Cobasi: 4 produto(s) encontrado(s) para Zenrelia
2026-06-04 21:22:01,578 - scraper_base - INFO - 📦 [19/20] Processando Synulox
2026-06-04 21:22:01,578 - scraper_base - INFO - 🔍 Cobasi: Buscando Synulox
2026-06-04 21:22:04,925 - scraper_cobasi - INFO - Cobasi: Dados extraídos via JSON para Synulox
2026-06-04 21:22:04,925 - scraper_base - INFO - ✅ Cobasi: 2 produto(s) encontrado(s) para Synulox
2026-06-04 21:22:06,727 - scraper_base - INFO - 📦 [20/20] Processando Baytril
2026-06-04 21:22:06,727 - scraper_base - INFO - 🔍 Cobasi: Buscando Baytril
2026-06-04 21:22:09,596 - scraper_cobasi - INFO - Cobasi: Dados extraídos via JSON para Baytril
2026-06-04 21:22:09,596 - scraper_base - INFO - ✅ Cobasi: 2 produto(s) encontrado(s) para Baytril
2026-06-04 21:22:11,042 - scraper_base - INFO - 📊 Cobasi - Estatísticas finais:
2026-06-04 21:22:11,042 - scraper_base - INFO -    • Medicamentos processados: 20
2026-06-04 21:22:11,042 - scraper_base - INFO -    • Produtos encontrados: 160
2026-06-04 21:22:11,042 - scraper_base - INFO -    • Medicamentos sem resultado: 0
2026-06-04 21:22:11,042 - scraper_base - INFO -    • Tempo total: 108.3s
2026-06-04 21:22:11,042 - scraper_base - INFO -    • Tempo médio por medicamento: 5.4s
2026-06-04 21:22:11,244 - gerenciador_arquivos - INFO - Excel salvo: dados_coletados/cobasi_20260604_212211.xlsx (160 produtos)
2026-06-04 21:22:11,244 - gerenciador_principal - INFO - Cobasi: Arquivo individual salvo com sucesso
2026-06-04 21:22:11,244 - gerenciador_principal - INFO - Pausando entre sites...
2026-06-04 21:22:13,245 - gerenciador_principal - INFO - [2/3] Processando Petlove
2026-06-04 21:22:13,245 - scraper_base - INFO - 🚀 Iniciando scraping completo - Petlove
2026-06-04 21:22:14,076 - gerenciador_conexoes - INFO - Sessao estabelecida com petlove.com.br
2026-06-04 21:22:14,076 - scraper_base - INFO - 📋 20 medicamentos para processar
2026-06-04 21:22:14,077 - scraper_base - INFO - 📦 [1/20] Processando Simparic
2026-06-04 21:22:14,077 - scraper_base - INFO - 🔍 Petlove: Buscando Simparic
2026-06-04 21:22:15,010 - scraper_base - INFO - ✅ Petlove: 36 produto(s) encontrado(s) para Simparic
2026-06-04 21:22:16,380 - scraper_base - INFO - 📦 [2/20] Processando Revolution
2026-06-04 21:22:16,380 - scraper_base - INFO - 🔍 Petlove: Buscando Revolution
2026-06-04 21:22:17,221 - scraper_base - INFO - ✅ Petlove: 20 produto(s) encontrado(s) para Revolution
2026-06-04 21:22:18,604 - scraper_base - INFO - 📦 [3/20] Processando NexGard
2026-06-04 21:22:18,605 - scraper_base - INFO - 🔍 Petlove: Buscando NexGard
2026-06-04 21:22:19,375 - scraper_base - INFO - ✅ Petlove: 11 produto(s) encontrado(s) para NexGard
2026-06-04 21:22:21,366 - scraper_base - INFO - 📦 [4/20] Processando NexGard Spectra
2026-06-04 21:22:21,366 - scraper_base - INFO - 🔍 Petlove: Buscando NexGard Spectra
2026-06-04 21:22:22,041 - scraper_base - INFO - ✅ Petlove: 5 produto(s) encontrado(s) para NexGard Spectra
2026-06-04 21:22:24,948 - scraper_base - INFO - 📦 [5/20] Processando NexGard Combo
2026-06-04 21:22:24,948 - scraper_base - INFO - 🔍 Petlove: Buscando NexGard Combo
2026-06-04 21:22:25,757 - scraper_base - INFO - ✅ Petlove: 2 produto(s) encontrado(s) para NexGard Combo
2026-06-04 21:22:26,898 - scraper_base - INFO - 📦 [6/20] Processando Bravecto
2026-06-04 21:22:26,898 - scraper_base - INFO - 🔍 Petlove: Buscando Bravecto
2026-06-04 21:22:27,634 - scraper_base - INFO - ✅ Petlove: 22 produto(s) encontrado(s) para Bravecto
2026-06-04 21:22:29,511 - scraper_base - INFO - 📦 [7/20] Processando Frontline
2026-06-04 21:22:29,511 - scraper_base - INFO - 🔍 Petlove: Buscando Frontline
2026-06-04 21:22:30,362 - scraper_base - INFO - ✅ Petlove: 11 produto(s) encontrado(s) para Frontline
2026-06-04 21:22:32,491 - scraper_base - INFO - 📦 [8/20] Processando Advocate
2026-06-04 21:22:32,492 - scraper_base - INFO - 🔍 Petlove: Buscando Advocate
2026-06-04 21:22:33,832 - scraper_base - INFO - ✅ Petlove: 9 produto(s) encontrado(s) para Advocate
2026-06-04 21:22:35,579 - scraper_base - INFO - 📦 [9/20] Processando Drontal
2026-06-04 21:22:35,579 - scraper_base - INFO - 🔍 Petlove: Buscando Drontal
2026-06-04 21:22:36,766 - scraper_base - INFO - ✅ Petlove: 36 produto(s) encontrado(s) para Drontal
2026-06-04 21:22:38,339 - scraper_base - INFO - 📦 [10/20] Processando Milbemax
2026-06-04 21:22:38,339 - scraper_base - INFO - 🔍 Petlove: Buscando Milbemax
2026-06-04 21:22:39,132 - scraper_base - INFO - ✅ Petlove: 14 produto(s) encontrado(s) para Milbemax
2026-06-04 21:22:40,306 - scraper_base - INFO - 📦 [11/20] Processando Vermivet
2026-06-04 21:22:40,306 - scraper_base - INFO - 🔍 Petlove: Buscando Vermivet
2026-06-04 21:22:41,218 - scraper_base - INFO - ✅ Petlove: 36 produto(s) encontrado(s) para Vermivet
2026-06-04 21:22:43,338 - scraper_base - INFO - 📦 [12/20] Processando Rimadyl
2026-06-04 21:22:43,338 - scraper_base - INFO - 🔍 Petlove: Buscando Rimadyl
2026-06-04 21:22:43,942 - scraper_base - INFO - ✅ Petlove: 1 produto(s) encontrado(s) para Rimadyl
2026-06-04 21:22:45,864 - scraper_base - INFO - 📦 [13/20] Processando Onsior
2026-06-04 21:22:45,865 - scraper_base - INFO - 🔍 Petlove: Buscando Onsior
2026-06-04 21:22:46,560 - scraper_base - INFO - ✅ Petlove: 4 produto(s) encontrado(s) para Onsior
2026-06-04 21:22:49,268 - scraper_base - INFO - 📦 [14/20] Processando Maxicam
2026-06-04 21:22:49,268 - scraper_base - INFO - 🔍 Petlove: Buscando Maxicam
2026-06-04 21:22:50,001 - scraper_base - INFO - ✅ Petlove: 3 produto(s) encontrado(s) para Maxicam
2026-06-04 21:22:52,210 - scraper_base - INFO - 📦 [15/20] Processando Carproflan
2026-06-04 21:22:52,210 - scraper_base - INFO - 🔍 Petlove: Buscando Carproflan
2026-06-04 21:22:52,979 - scraper_base - INFO - ✅ Petlove: 8 produto(s) encontrado(s) para Carproflan
2026-06-04 21:22:55,215 - scraper_base - INFO - 📦 [16/20] Processando Previcox
2026-06-04 21:22:55,215 - scraper_base - INFO - 🔍 Petlove: Buscando Previcox
2026-06-04 21:22:55,855 - scraper_base - INFO - ✅ Petlove: 4 produto(s) encontrado(s) para Previcox
2026-06-04 21:22:57,658 - scraper_base - INFO - 📦 [17/20] Processando Apoquel
2026-06-04 21:22:57,658 - scraper_base - INFO - 🔍 Petlove: Buscando Apoquel
2026-06-04 21:22:58,352 - scraper_base - INFO - ✅ Petlove: 16 produto(s) encontrado(s) para Apoquel
2026-06-04 21:23:00,772 - scraper_base - INFO - 📦 [18/20] Processando Zenrelia
2026-06-04 21:23:00,772 - scraper_base - INFO - 🔍 Petlove: Buscando Zenrelia
2026-06-04 21:23:01,411 - scraper_base - INFO - ✅ Petlove: 4 produto(s) encontrado(s) para Zenrelia
2026-06-04 21:23:04,203 - scraper_base - INFO - 📦 [19/20] Processando Synulox
2026-06-04 21:23:04,203 - scraper_base - INFO - 🔍 Petlove: Buscando Synulox
2026-06-04 21:23:05,298 - scraper_base - INFO - ✅ Petlove: 1 produto(s) encontrado(s) para Synulox
2026-06-04 21:23:07,706 - scraper_base - INFO - 📦 [20/20] Processando Baytril
2026-06-04 21:23:07,706 - scraper_base - INFO - 🔍 Petlove: Buscando Baytril
2026-06-04 21:23:08,352 - scraper_base - INFO - ✅ Petlove: 6 produto(s) encontrado(s) para Baytril
2026-06-04 21:23:10,672 - scraper_base - INFO - 📊 Petlove - Estatísticas finais:
2026-06-04 21:23:10,672 - scraper_base - INFO -    • Medicamentos processados: 20
2026-06-04 21:23:10,672 - scraper_base - INFO -    • Produtos encontrados: 249
2026-06-04 21:23:10,672 - scraper_base - INFO -    • Medicamentos sem resultado: 0
2026-06-04 21:23:10,672 - scraper_base - INFO -    • Tempo total: 57.4s
2026-06-04 21:23:10,672 - scraper_base - INFO -    • Tempo médio por medicamento: 2.9s
2026-06-04 21:23:10,721 - gerenciador_arquivos - INFO - Excel salvo: dados_coletados/petlove_20260604_212310.xlsx (249 produtos)
2026-06-04 21:23:10,721 - gerenciador_principal - INFO - Petlove: Arquivo individual salvo com sucesso
2026-06-04 21:23:10,721 - gerenciador_principal - INFO - Pausando entre sites...
2026-06-04 21:23:12,722 - gerenciador_principal - INFO - [3/3] Processando Petz
2026-06-04 21:23:12,722 - scraper_base - INFO - 🚀 Iniciando scraping completo - Petz
2026-06-04 21:23:12,948 - scraper_base - INFO - 📋 20 medicamentos para processar
2026-06-04 21:23:12,949 - scraper_base - INFO - 📦 [1/20] Processando Simparic
2026-06-04 21:23:12,949 - scraper_base - INFO - 🔍 Petz: Buscando Simparic
2026-06-04 21:23:22,764 - gerenciador_conexoes - INFO - Chrome inicializado com otimizacoes de velocidade
2026-06-04 21:23:28,565 - scraper_base - INFO - ✅ Petz: 24 produto(s) encontrado(s) para Simparic
2026-06-04 21:23:29,999 - scraper_base - INFO - 📦 [2/20] Processando Revolution
2026-06-04 21:23:29,999 - scraper_base - INFO - 🔍 Petz: Buscando Revolution
2026-06-04 21:23:33,087 - scraper_base - INFO - ✅ Petz: 21 produto(s) encontrado(s) para Revolution
2026-06-04 21:23:35,293 - scraper_base - INFO - 📦 [3/20] Processando NexGard
2026-06-04 21:23:35,294 - scraper_base - INFO - 🔍 Petz: Buscando NexGard
2026-06-04 21:23:38,084 - scraper_base - INFO - ✅ Petz: 22 produto(s) encontrado(s) para NexGard
2026-06-04 21:23:39,180 - scraper_base - INFO - 📦 [4/20] Processando NexGard Spectra
2026-06-04 21:23:39,180 - scraper_base - INFO - 🔍 Petz: Buscando NexGard Spectra
2026-06-04 21:23:41,202 - scraper_base - INFO - ✅ Petz: 10 produto(s) encontrado(s) para NexGard Spectra
2026-06-04 21:23:42,799 - scraper_base - INFO - 📦 [5/20] Processando NexGard Combo
2026-06-04 21:23:42,799 - scraper_base - INFO - 🔍 Petz: Buscando NexGard Combo
2026-06-04 21:23:44,943 - scraper_base - INFO - ✅ Petz: 4 produto(s) encontrado(s) para NexGard Combo
2026-06-04 21:23:47,870 - scraper_base - INFO - 📦 [6/20] Processando Bravecto
2026-06-04 21:23:47,870 - scraper_base - INFO - 🔍 Petz: Buscando Bravecto
2026-06-04 21:23:50,467 - scraper_base - INFO - ✅ Petz: 16 produto(s) encontrado(s) para Bravecto
2026-06-04 21:23:52,345 - scraper_base - INFO - 📦 [7/20] Processando Frontline
2026-06-04 21:23:52,345 - scraper_base - INFO - 🔍 Petz: Buscando Frontline
2026-06-04 21:23:54,548 - scraper_base - INFO - ✅ Petz: 11 produto(s) encontrado(s) para Frontline
2026-06-04 21:23:57,181 - scraper_base - INFO - 📦 [8/20] Processando Advocate
2026-06-04 21:23:57,181 - scraper_base - INFO - 🔍 Petz: Buscando Advocate
2026-06-04 21:23:59,518 - scraper_base - INFO - ✅ Petz: 12 produto(s) encontrado(s) para Advocate
2026-06-04 21:24:00,571 - scraper_base - INFO - 📦 [9/20] Processando Drontal
2026-06-04 21:24:00,571 - scraper_base - INFO - 🔍 Petz: Buscando Drontal
2026-06-04 21:24:03,820 - scraper_base - INFO - ✅ Petz: 32 produto(s) encontrado(s) para Drontal
2026-06-04 21:24:05,424 - scraper_base - INFO - 📦 [10/20] Processando Milbemax
2026-06-04 21:24:05,424 - scraper_base - INFO - 🔍 Petz: Buscando Milbemax
2026-06-04 21:24:07,271 - scraper_base - INFO - ✅ Petz: 4 produto(s) encontrado(s) para Milbemax
2026-06-04 21:24:09,260 - scraper_base - INFO - 📦 [11/20] Processando Vermivet
2026-06-04 21:24:09,260 - scraper_base - INFO - 🔍 Petz: Buscando Vermivet
2026-06-04 21:24:11,148 - scraper_base - INFO - ✅ Petz: 5 produto(s) encontrado(s) para Vermivet
2026-06-04 21:24:13,680 - scraper_base - INFO - 📦 [12/20] Processando Rimadyl
2026-06-04 21:24:13,680 - scraper_base - INFO - 🔍 Petz: Buscando Rimadyl
2026-06-04 21:24:15,581 - scraper_base - INFO - ✅ Petz: 3 produto(s) encontrado(s) para Rimadyl
2026-06-04 21:24:17,594 - scraper_base - INFO - 📦 [13/20] Processando Onsior
2026-06-04 21:24:17,594 - scraper_base - INFO - 🔍 Petz: Buscando Onsior
2026-06-04 21:24:19,772 - scraper_base - INFO - ✅ Petz: 4 produto(s) encontrado(s) para Onsior
2026-06-04 21:24:21,694 - scraper_base - INFO - 📦 [14/20] Processando Maxicam
2026-06-04 21:24:21,695 - scraper_base - INFO - 🔍 Petz: Buscando Maxicam
2026-06-04 21:24:24,726 - scraper_base - INFO - ✅ Petz: 29 produto(s) encontrado(s) para Maxicam
2026-06-04 21:24:25,787 - scraper_base - INFO - 📦 [15/20] Processando Carproflan
2026-06-04 21:24:25,787 - scraper_base - INFO - 🔍 Petz: Buscando Carproflan
2026-06-04 21:24:27,720 - scraper_base - INFO - ✅ Petz: 3 produto(s) encontrado(s) para Carproflan
2026-06-04 21:24:29,943 - scraper_base - INFO - 📦 [16/20] Processando Previcox
2026-06-04 21:24:29,943 - scraper_base - INFO - 🔍 Petz: Buscando Previcox
2026-06-04 21:24:31,820 - scraper_base - INFO - ✅ Petz: 2 produto(s) encontrado(s) para Previcox
2026-06-04 21:24:33,902 - scraper_base - INFO - 📦 [17/20] Processando Apoquel
2026-06-04 21:24:33,902 - scraper_base - INFO - 🔍 Petz: Buscando Apoquel
2026-06-04 21:24:35,655 - scraper_base - INFO - ✅ Petz: 3 produto(s) encontrado(s) para Apoquel
2026-06-04 21:24:37,927 - scraper_base - INFO - 📦 [18/20] Processando Zenrelia
2026-06-04 21:24:37,928 - scraper_base - INFO - 🔍 Petz: Buscando Zenrelia
2026-06-04 21:24:39,933 - scraper_base - INFO - ✅ Petz: 4 produto(s) encontrado(s) para Zenrelia
2026-06-04 21:24:42,630 - scraper_base - INFO - 📦 [19/20] Processando Synulox
2026-06-04 21:24:42,630 - scraper_base - INFO - 🔍 Petz: Buscando Synulox
2026-06-04 21:24:45,461 - scraper_base - INFO - ✅ Petz: 2 produto(s) encontrado(s) para Synulox
2026-06-04 21:24:46,513 - scraper_base - INFO - 📦 [20/20] Processando Baytril
2026-06-04 21:24:46,513 - scraper_base - INFO - 🔍 Petz: Buscando Baytril
2026-06-04 21:24:48,570 - scraper_base - INFO - ✅ Petz: 9 produto(s) encontrado(s) para Baytril
2026-06-04 21:24:49,580 - scraper_base - INFO - 📊 Petz - Estatísticas finais:
2026-06-04 21:24:49,580 - scraper_base - INFO -    • Medicamentos processados: 20
2026-06-04 21:24:49,580 - scraper_base - INFO -    • Produtos encontrados: 220
2026-06-04 21:24:49,580 - scraper_base - INFO -    • Medicamentos sem resultado: 0
2026-06-04 21:24:49,580 - scraper_base - INFO -    • Tempo total: 96.9s
2026-06-04 21:24:49,580 - scraper_base - INFO -    • Tempo médio por medicamento: 4.8s
2026-06-04 21:24:49,704 - gerenciador_arquivos - INFO - Excel salvo: dados_coletados/petz_20260604_212449.xlsx (220 produtos)
2026-06-04 21:24:49,704 - gerenciador_principal - INFO - Petz: Arquivo individual salvo com sucesso
2026-06-04 21:24:49,704 - gerenciador_principal - INFO - Gerando relatório consolidado...
2026-06-04 21:24:49,933 - gerenciador_arquivos - INFO - Relatório consolidado salvo: dados_relatorios/relatorio_consolidado_20260604_212449.xlsx
2026-06-04 21:24:50,041 - gerenciador_conexoes - INFO - Chrome fechado
2026-06-04 21:24:50,041 - gerenciador_conexoes - INFO - Métodos utilizados - Requests: 66.7%, Selenium: 33.3%, Falhas: 0.0%
2026-06-04 21:24:50,041 - gerenciador_principal - INFO - ============================================================
2026-06-04 21:24:50,041 - gerenciador_principal - INFO - RELATORIO FINAL DE EXECUÇÃO
2026-06-04 21:24:50,041 - gerenciador_principal - INFO - ============================================================
2026-06-04 21:24:50,041 - gerenciador_principal - INFO - Sites processados: 3
2026-06-04 21:24:50,041 - gerenciador_principal - INFO - Sites com sucesso: 3
2026-06-04 21:24:50,042 - gerenciador_principal - INFO - Total de produtos coletados: 629
2026-06-04 21:24:50,042 - gerenciador_principal - INFO - Tempo total de execução: 267.0 segundos
2026-06-04 21:24:50,042 - gerenciador_principal - INFO - Estatísticas de conexão:
2026-06-04 21:24:50,042 - gerenciador_principal - INFO -   - Requests bem-sucedidos: 66.7%
2026-06-04 21:24:50,042 - gerenciador_principal - INFO -   - Selenium fallback: 33.3%
2026-06-04 21:24:50,042 - gerenciador_principal - INFO -   - Falhas totais: 0.0%
2026-06-04 21:24:50,045 - gerenciador_principal - INFO - Arquivos salvos na pasta: dados_coletados
2026-06-04 21:24:50,045 - gerenciador_principal - INFO - Total de arquivos: 724
2026-06-04 21:24:50,045 - gerenciador_principal - INFO - ============================================================
