2026-08-19 20:11:52,320 - configurador_logs - INFO - Sistema de logs configurado com sucesso
2026-08-19 20:11:52,320 - configurador_logs - INFO - 🚀 Logs configurados para MODO PRODUÇÃO
2026-08-19 20:11:52,321 - gerenciador_principal - INFO - Inicializando sistema - Modo: PRODUCAO
2026-08-19 20:11:52,321 - gerenciador_arquivos - INFO - Pasta dados_coletados preparada
2026-08-19 20:11:52,321 - gerenciador_principal - INFO - Sistema inicializado com 3 scrapers
2026-08-19 20:11:52,321 - gerenciador_principal - INFO - ============================================================
2026-08-19 20:11:52,321 - gerenciador_principal - INFO - INICIANDO SCRAPING COMPLETO - PRODUCAO
2026-08-19 20:11:52,321 - gerenciador_principal - INFO - ============================================================
2026-08-19 20:11:52,321 - gerenciador_principal - INFO - [1/3] Processando Cobasi
2026-08-19 20:11:52,321 - scraper_base - INFO - 🚀 Iniciando scraping completo - Cobasi
2026-08-19 20:11:52,916 - gerenciador_conexoes - INFO - Sessao estabelecida com cobasi.com.br
2026-08-19 20:11:52,916 - scraper_base - INFO - 📋 20 medicamentos para processar
2026-08-19 20:11:52,916 - scraper_base - INFO - 📦 [1/20] Processando Simparic
2026-08-19 20:11:52,916 - scraper_base - INFO - 🔍 Cobasi: Buscando Simparic
2026-08-19 20:11:57,430 - scraper_cobasi - INFO - Cobasi: Dados extraídos via JSON para Simparic
2026-08-19 20:11:57,430 - scraper_base - INFO - ✅ Cobasi: 24 produto(s) encontrado(s) para Simparic
2026-08-19 20:11:59,328 - scraper_base - INFO - 📦 [2/20] Processando Revolution
2026-08-19 20:11:59,328 - scraper_base - INFO - 🔍 Cobasi: Buscando Revolution
2026-08-19 20:12:03,823 - scraper_cobasi - INFO - Cobasi: Dados extraídos via JSON para Revolution
2026-08-19 20:12:03,823 - scraper_base - INFO - ✅ Cobasi: 16 produto(s) encontrado(s) para Revolution
2026-08-19 20:12:06,754 - scraper_base - INFO - 📦 [3/20] Processando NexGard
2026-08-19 20:12:06,755 - scraper_base - INFO - 🔍 Cobasi: Buscando NexGard
2026-08-19 20:12:11,899 - scraper_cobasi - INFO - Cobasi: Dados extraídos via JSON para NexGard
2026-08-19 20:12:11,899 - scraper_base - INFO - ✅ Cobasi: 22 produto(s) encontrado(s) para NexGard
2026-08-19 20:12:13,903 - scraper_base - INFO - 📦 [4/20] Processando NexGard Spectra
2026-08-19 20:12:13,903 - scraper_base - INFO - 🔍 Cobasi: Buscando NexGard Spectra
2026-08-19 20:12:18,055 - scraper_cobasi - INFO - Cobasi: Dados extraídos via JSON para NexGard Spectra
2026-08-19 20:12:18,055 - scraper_base - INFO - ✅ Cobasi: 10 produto(s) encontrado(s) para NexGard Spectra
2026-08-19 20:12:19,681 - scraper_base - INFO - 📦 [5/20] Processando NexGard Combo
2026-08-19 20:12:19,681 - scraper_base - INFO - 🔍 Cobasi: Buscando NexGard Combo
2026-08-19 20:12:26,536 - scraper_cobasi - INFO - Cobasi: Dados extraídos via JSON para NexGard Combo
2026-08-19 20:12:26,536 - scraper_base - INFO - ✅ Cobasi: 4 produto(s) encontrado(s) para NexGard Combo
2026-08-19 20:12:28,716 - scraper_base - INFO - 📦 [6/20] Processando Bravecto
2026-08-19 20:12:28,716 - scraper_base - INFO - 🔍 Cobasi: Buscando Bravecto
2026-08-19 20:12:34,975 - scraper_cobasi - INFO - Cobasi: Dados extraídos via JSON para Bravecto
2026-08-19 20:12:34,976 - scraper_base - INFO - ✅ Cobasi: 16 produto(s) encontrado(s) para Bravecto
2026-08-19 20:12:37,358 - scraper_base - INFO - 📦 [7/20] Processando Frontline
2026-08-19 20:12:37,358 - scraper_base - INFO - 🔍 Cobasi: Buscando Frontline
2026-08-19 20:12:44,178 - scraper_cobasi - INFO - Cobasi: Dados extraídos via JSON para Frontline
2026-08-19 20:12:44,178 - scraper_base - INFO - ✅ Cobasi: 11 produto(s) encontrado(s) para Frontline
2026-08-19 20:12:45,754 - scraper_base - INFO - 📦 [8/20] Processando Advocate
2026-08-19 20:12:45,754 - scraper_base - INFO - 🔍 Cobasi: Buscando Advocate
2026-08-19 20:12:50,913 - scraper_cobasi - INFO - Cobasi: Dados extraídos via JSON para Advocate
2026-08-19 20:12:50,913 - scraper_base - INFO - ✅ Cobasi: 12 produto(s) encontrado(s) para Advocate
2026-08-19 20:12:52,788 - scraper_base - INFO - 📦 [9/20] Processando Drontal
2026-08-19 20:12:52,788 - scraper_base - INFO - 🔍 Cobasi: Buscando Drontal
2026-08-19 20:12:57,299 - scraper_cobasi - INFO - Cobasi: Dados extraídos via JSON para Drontal
2026-08-19 20:12:57,299 - scraper_base - INFO - ✅ Cobasi: 8 produto(s) encontrado(s) para Drontal
2026-08-19 20:12:58,937 - scraper_base - INFO - 📦 [10/20] Processando Milbemax
2026-08-19 20:12:58,938 - scraper_base - INFO - 🔍 Cobasi: Buscando Milbemax
2026-08-19 20:13:03,382 - scraper_cobasi - INFO - Cobasi: Dados extraídos via JSON para Milbemax
2026-08-19 20:13:03,382 - scraper_base - INFO - ✅ Cobasi: 4 produto(s) encontrado(s) para Milbemax
2026-08-19 20:13:05,588 - scraper_base - INFO - 📦 [11/20] Processando Vermivet
2026-08-19 20:13:05,588 - scraper_base - INFO - 🔍 Cobasi: Buscando Vermivet
2026-08-19 20:13:11,695 - scraper_cobasi - INFO - Cobasi: Dados extraídos via JSON para Vermivet
2026-08-19 20:13:11,696 - scraper_base - INFO - ✅ Cobasi: 5 produto(s) encontrado(s) para Vermivet
2026-08-19 20:13:13,478 - scraper_base - INFO - 📦 [12/20] Processando Rimadyl
2026-08-19 20:13:13,478 - scraper_base - INFO - 🔍 Cobasi: Buscando Rimadyl
2026-08-19 20:13:17,701 - scraper_cobasi - INFO - Cobasi: Dados extraídos via JSON para Rimadyl
2026-08-19 20:13:17,701 - scraper_base - INFO - ✅ Cobasi: 3 produto(s) encontrado(s) para Rimadyl
2026-08-19 20:13:20,100 - scraper_base - INFO - 📦 [13/20] Processando Onsior
2026-08-19 20:13:20,100 - scraper_base - INFO - 🔍 Cobasi: Buscando Onsior
2026-08-19 20:13:25,174 - scraper_cobasi - INFO - Cobasi: Dados extraídos via JSON para Onsior
2026-08-19 20:13:25,174 - scraper_base - INFO - ✅ Cobasi: 4 produto(s) encontrado(s) para Onsior
2026-08-19 20:13:27,774 - scraper_base - INFO - 📦 [14/20] Processando Maxicam
2026-08-19 20:13:27,774 - scraper_base - INFO - 🔍 Cobasi: Buscando Maxicam
2026-08-19 20:13:34,777 - scraper_cobasi - INFO - Cobasi: Dados extraídos via JSON para Maxicam
2026-08-19 20:13:34,778 - scraper_base - INFO - ✅ Cobasi: 3 produto(s) encontrado(s) para Maxicam
2026-08-19 20:13:37,224 - scraper_base - INFO - 📦 [15/20] Processando Carproflan
2026-08-19 20:13:37,224 - scraper_base - INFO - 🔍 Cobasi: Buscando Carproflan
2026-08-19 20:13:41,585 - scraper_cobasi - INFO - Cobasi: Dados extraídos via JSON para Carproflan
2026-08-19 20:13:41,585 - scraper_base - INFO - ✅ Cobasi: 3 produto(s) encontrado(s) para Carproflan
2026-08-19 20:13:43,618 - scraper_base - INFO - 📦 [16/20] Processando Previcox
2026-08-19 20:13:43,618 - scraper_base - INFO - 🔍 Cobasi: Buscando Previcox
2026-08-19 20:13:47,169 - scraper_cobasi - INFO - Cobasi: Dados extraídos via JSON para Previcox
2026-08-19 20:13:47,169 - scraper_base - INFO - ✅ Cobasi: 2 produto(s) encontrado(s) para Previcox
2026-08-19 20:13:48,192 - scraper_base - INFO - 📦 [17/20] Processando Apoquel
2026-08-19 20:13:48,192 - scraper_base - INFO - 🔍 Cobasi: Buscando Apoquel
2026-08-19 20:13:52,423 - scraper_cobasi - INFO - Cobasi: Dados extraídos via JSON para Apoquel
2026-08-19 20:13:52,423 - scraper_base - INFO - ✅ Cobasi: 3 produto(s) encontrado(s) para Apoquel
2026-08-19 20:13:54,437 - scraper_base - INFO - 📦 [18/20] Processando Zenrelia
2026-08-19 20:13:54,438 - scraper_base - INFO - 🔍 Cobasi: Buscando Zenrelia
2026-08-19 20:13:58,274 - scraper_cobasi - INFO - Cobasi: Dados extraídos via JSON para Zenrelia
2026-08-19 20:13:58,274 - scraper_base - INFO - ✅ Cobasi: 4 produto(s) encontrado(s) para Zenrelia
2026-08-19 20:14:00,970 - scraper_base - INFO - 📦 [19/20] Processando Synulox
2026-08-19 20:14:00,970 - scraper_base - INFO - 🔍 Cobasi: Buscando Synulox
2026-08-19 20:14:05,387 - scraper_cobasi - INFO - Cobasi: Dados extraídos via JSON para Synulox
2026-08-19 20:14:05,387 - scraper_base - INFO - ✅ Cobasi: 2 produto(s) encontrado(s) para Synulox
2026-08-19 20:14:08,018 - scraper_base - INFO - 📦 [20/20] Processando Baytril
2026-08-19 20:14:08,018 - scraper_base - INFO - 🔍 Cobasi: Buscando Baytril
2026-08-19 20:14:11,460 - scraper_cobasi - INFO - Cobasi: Dados extraídos via JSON para Baytril
2026-08-19 20:14:11,460 - scraper_base - INFO - ✅ Cobasi: 2 produto(s) encontrado(s) para Baytril
2026-08-19 20:14:12,697 - scraper_base - INFO - 📊 Cobasi - Estatísticas finais:
2026-08-19 20:14:12,697 - scraper_base - INFO -    • Medicamentos processados: 20
2026-08-19 20:14:12,697 - scraper_base - INFO -    • Produtos encontrados: 158
2026-08-19 20:14:12,698 - scraper_base - INFO -    • Medicamentos sem resultado: 0
2026-08-19 20:14:12,698 - scraper_base - INFO -    • Tempo total: 140.4s
2026-08-19 20:14:12,698 - scraper_base - INFO -    • Tempo médio por medicamento: 7.0s
2026-08-19 20:14:12,820 - gerenciador_arquivos - INFO - Excel salvo: dados_coletados/cobasi_20260819_201412.xlsx (158 produtos)
2026-08-19 20:14:12,820 - gerenciador_principal - INFO - Cobasi: Arquivo individual salvo com sucesso
2026-08-19 20:14:12,820 - gerenciador_principal - INFO - Pausando entre sites...
2026-08-19 20:14:14,820 - gerenciador_principal - INFO - [2/3] Processando Petlove
2026-08-19 20:14:14,820 - scraper_base - INFO - 🚀 Iniciando scraping completo - Petlove
2026-08-19 20:14:15,127 - gerenciador_conexoes - INFO - Sessao estabelecida com petlove.com.br
2026-08-19 20:14:15,127 - scraper_base - INFO - 📋 20 medicamentos para processar
2026-08-19 20:14:15,127 - scraper_base - INFO - 📦 [1/20] Processando Simparic
2026-08-19 20:14:15,127 - scraper_base - INFO - 🔍 Petlove: Buscando Simparic
2026-08-19 20:14:16,123 - scraper_base - INFO - ✅ Petlove: 36 produto(s) encontrado(s) para Simparic
2026-08-19 20:14:18,406 - scraper_base - INFO - 📦 [2/20] Processando Revolution
2026-08-19 20:14:18,406 - scraper_base - INFO - 🔍 Petlove: Buscando Revolution
2026-08-19 20:14:19,297 - scraper_base - INFO - ✅ Petlove: 19 produto(s) encontrado(s) para Revolution
2026-08-19 20:14:20,995 - scraper_base - INFO - 📦 [3/20] Processando NexGard
2026-08-19 20:14:20,995 - scraper_base - INFO - 🔍 Petlove: Buscando NexGard
2026-08-19 20:14:21,800 - scraper_base - INFO - ✅ Petlove: 11 produto(s) encontrado(s) para NexGard
2026-08-19 20:14:24,013 - scraper_base - INFO - 📦 [4/20] Processando NexGard Spectra
2026-08-19 20:14:24,013 - scraper_base - INFO - 🔍 Petlove: Buscando NexGard Spectra
2026-08-19 20:14:24,667 - scraper_base - INFO - ✅ Petlove: 5 produto(s) encontrado(s) para NexGard Spectra
2026-08-19 20:14:27,615 - scraper_base - INFO - 📦 [5/20] Processando NexGard Combo
2026-08-19 20:14:27,615 - scraper_base - INFO - 🔍 Petlove: Buscando NexGard Combo
2026-08-19 20:14:28,536 - scraper_base - INFO - ✅ Petlove: 2 produto(s) encontrado(s) para NexGard Combo
2026-08-19 20:14:31,518 - scraper_base - INFO - 📦 [6/20] Processando Bravecto
2026-08-19 20:14:31,518 - scraper_base - INFO - 🔍 Petlove: Buscando Bravecto
2026-08-19 20:14:32,533 - scraper_base - INFO - ✅ Petlove: 23 produto(s) encontrado(s) para Bravecto
2026-08-19 20:14:33,605 - scraper_base - INFO - 📦 [7/20] Processando Frontline
2026-08-19 20:14:33,605 - scraper_base - INFO - 🔍 Petlove: Buscando Frontline
2026-08-19 20:14:34,319 - scraper_base - INFO - ✅ Petlove: 11 produto(s) encontrado(s) para Frontline
2026-08-19 20:14:36,424 - scraper_base - INFO - 📦 [8/20] Processando Advocate
2026-08-19 20:14:36,425 - scraper_base - INFO - 🔍 Petlove: Buscando Advocate
2026-08-19 20:14:37,142 - scraper_base - INFO - ✅ Petlove: 9 produto(s) encontrado(s) para Advocate
2026-08-19 20:14:38,294 - scraper_base - INFO - 📦 [9/20] Processando Drontal
2026-08-19 20:14:38,294 - scraper_base - INFO - 🔍 Petlove: Buscando Drontal
2026-08-19 20:14:39,142 - scraper_base - INFO - ✅ Petlove: 36 produto(s) encontrado(s) para Drontal
2026-08-19 20:14:41,131 - scraper_base - INFO - 📦 [10/20] Processando Milbemax
2026-08-19 20:14:41,131 - scraper_base - INFO - 🔍 Petlove: Buscando Milbemax
2026-08-19 20:14:41,963 - scraper_base - INFO - ✅ Petlove: 14 produto(s) encontrado(s) para Milbemax
2026-08-19 20:14:44,706 - scraper_base - INFO - 📦 [11/20] Processando Vermivet
2026-08-19 20:14:44,706 - scraper_base - INFO - 🔍 Petlove: Buscando Vermivet
2026-08-19 20:14:45,547 - scraper_base - INFO - ✅ Petlove: 36 produto(s) encontrado(s) para Vermivet
2026-08-19 20:14:47,934 - scraper_base - INFO - 📦 [12/20] Processando Rimadyl
2026-08-19 20:14:47,934 - scraper_base - INFO - 🔍 Petlove: Buscando Rimadyl
2026-08-19 20:14:48,635 - scraper_base - INFO - ✅ Petlove: 1 produto(s) encontrado(s) para Rimadyl
2026-08-19 20:14:51,092 - scraper_base - INFO - 📦 [13/20] Processando Onsior
2026-08-19 20:14:51,092 - scraper_base - INFO - 🔍 Petlove: Buscando Onsior
2026-08-19 20:14:51,820 - scraper_base - INFO - ✅ Petlove: 4 produto(s) encontrado(s) para Onsior
2026-08-19 20:14:54,600 - scraper_base - INFO - 📦 [14/20] Processando Maxicam
2026-08-19 20:14:54,600 - scraper_base - INFO - 🔍 Petlove: Buscando Maxicam
2026-08-19 20:14:55,431 - scraper_base - INFO - ✅ Petlove: 3 produto(s) encontrado(s) para Maxicam
2026-08-19 20:14:56,725 - scraper_base - INFO - 📦 [15/20] Processando Carproflan
2026-08-19 20:14:56,725 - scraper_base - INFO - 🔍 Petlove: Buscando Carproflan
2026-08-19 20:14:57,364 - scraper_base - INFO - ✅ Petlove: 8 produto(s) encontrado(s) para Carproflan
2026-08-19 20:14:59,443 - scraper_base - INFO - 📦 [16/20] Processando Previcox
2026-08-19 20:14:59,443 - scraper_base - INFO - 🔍 Petlove: Buscando Previcox
2026-08-19 20:15:00,113 - scraper_base - INFO - ✅ Petlove: 4 produto(s) encontrado(s) para Previcox
2026-08-19 20:15:01,852 - scraper_base - INFO - 📦 [17/20] Processando Apoquel
2026-08-19 20:15:01,852 - scraper_base - INFO - 🔍 Petlove: Buscando Apoquel
2026-08-19 20:15:02,677 - scraper_base - INFO - ✅ Petlove: 16 produto(s) encontrado(s) para Apoquel
2026-08-19 20:15:05,269 - scraper_base - INFO - 📦 [18/20] Processando Zenrelia
2026-08-19 20:15:05,269 - scraper_base - INFO - 🔍 Petlove: Buscando Zenrelia
2026-08-19 20:15:05,963 - scraper_base - INFO - ✅ Petlove: 4 produto(s) encontrado(s) para Zenrelia
2026-08-19 20:15:07,850 - scraper_base - INFO - 📦 [19/20] Processando Synulox
2026-08-19 20:15:07,850 - scraper_base - INFO - 🔍 Petlove: Buscando Synulox
2026-08-19 20:15:08,903 - scraper_base - INFO - ✅ Petlove: 1 produto(s) encontrado(s) para Synulox
2026-08-19 20:15:11,770 - scraper_base - INFO - 📦 [20/20] Processando Baytril
2026-08-19 20:15:11,770 - scraper_base - INFO - 🔍 Petlove: Buscando Baytril
2026-08-19 20:15:12,536 - scraper_base - INFO - ✅ Petlove: 6 produto(s) encontrado(s) para Baytril
2026-08-19 20:15:14,235 - scraper_base - INFO - 📊 Petlove - Estatísticas finais:
2026-08-19 20:15:14,235 - scraper_base - INFO -    • Medicamentos processados: 20
2026-08-19 20:15:14,235 - scraper_base - INFO -    • Produtos encontrados: 249
2026-08-19 20:15:14,236 - scraper_base - INFO -    • Medicamentos sem resultado: 0
2026-08-19 20:15:14,236 - scraper_base - INFO -    • Tempo total: 59.4s
2026-08-19 20:15:14,236 - scraper_base - INFO -    • Tempo médio por medicamento: 3.0s
2026-08-19 20:15:14,270 - gerenciador_arquivos - INFO - Excel salvo: dados_coletados/petlove_20260819_201514.xlsx (249 produtos)
2026-08-19 20:15:14,270 - gerenciador_principal - INFO - Petlove: Arquivo individual salvo com sucesso
2026-08-19 20:15:14,270 - gerenciador_principal - INFO - Pausando entre sites...
2026-08-19 20:15:16,270 - gerenciador_principal - INFO - [3/3] Processando Petz
2026-08-19 20:15:16,271 - scraper_base - INFO - 🚀 Iniciando scraping completo - Petz
2026-08-19 20:15:16,515 - scraper_base - INFO - 📋 20 medicamentos para processar
2026-08-19 20:15:16,515 - scraper_base - INFO - 📦 [1/20] Processando Simparic
2026-08-19 20:15:16,515 - scraper_base - INFO - 🔍 Petz: Buscando Simparic
2026-08-19 20:15:23,504 - gerenciador_conexoes - INFO - Chrome inicializado com otimizacoes de velocidade
2026-08-19 20:15:23,782 - scraper_petz - INFO - Petz: Nenhum product-card encontrado para Simparic
2026-08-19 20:15:23,782 - scraper_base - INFO - ⚪ Petz: Nenhum produto encontrado para Simparic
2026-08-19 20:15:26,093 - scraper_base - INFO - 📦 [2/20] Processando Revolution
2026-08-19 20:15:26,093 - scraper_base - INFO - 🔍 Petz: Buscando Revolution
2026-08-19 20:15:26,249 - scraper_petz - INFO - Petz: Nenhum product-card encontrado para Revolution
2026-08-19 20:15:26,249 - scraper_base - INFO - ⚪ Petz: Nenhum produto encontrado para Revolution
2026-08-19 20:15:27,999 - scraper_base - INFO - 📦 [3/20] Processando NexGard
2026-08-19 20:15:27,999 - scraper_base - INFO - 🔍 Petz: Buscando NexGard
2026-08-19 20:15:28,083 - scraper_petz - INFO - Petz: Nenhum product-card encontrado para NexGard
2026-08-19 20:15:28,083 - scraper_base - INFO - ⚪ Petz: Nenhum produto encontrado para NexGard
2026-08-19 20:15:29,423 - scraper_base - INFO - 📦 [4/20] Processando NexGard Spectra
2026-08-19 20:15:29,423 - scraper_base - INFO - 🔍 Petz: Buscando NexGard Spectra
2026-08-19 20:15:29,518 - scraper_petz - INFO - Petz: Nenhum product-card encontrado para NexGard Spectra
2026-08-19 20:15:29,518 - scraper_base - INFO - ⚪ Petz: Nenhum produto encontrado para NexGard Spectra
2026-08-19 20:15:30,926 - scraper_base - INFO - 📦 [5/20] Processando NexGard Combo
2026-08-19 20:15:30,926 - scraper_base - INFO - 🔍 Petz: Buscando NexGard Combo
2026-08-19 20:15:31,003 - scraper_petz - INFO - Petz: Nenhum product-card encontrado para NexGard Combo
2026-08-19 20:15:31,003 - scraper_base - INFO - ⚪ Petz: Nenhum produto encontrado para NexGard Combo
2026-08-19 20:15:33,168 - scraper_base - INFO - 📦 [6/20] Processando Bravecto
2026-08-19 20:15:33,168 - scraper_base - INFO - 🔍 Petz: Buscando Bravecto
2026-08-19 20:15:33,253 - scraper_petz - INFO - Petz: Nenhum product-card encontrado para Bravecto
2026-08-19 20:15:33,253 - scraper_base - INFO - ⚪ Petz: Nenhum produto encontrado para Bravecto
2026-08-19 20:15:35,766 - scraper_base - INFO - 📦 [7/20] Processando Frontline
2026-08-19 20:15:35,767 - scraper_base - INFO - 🔍 Petz: Buscando Frontline
2026-08-19 20:15:35,851 - scraper_petz - INFO - Petz: Nenhum product-card encontrado para Frontline
2026-08-19 20:15:35,851 - scraper_base - INFO - ⚪ Petz: Nenhum produto encontrado para Frontline
2026-08-19 20:15:37,749 - scraper_base - INFO - 📦 [8/20] Processando Advocate
2026-08-19 20:15:37,750 - scraper_base - INFO - 🔍 Petz: Buscando Advocate
2026-08-19 20:15:38,023 - scraper_petz - INFO - Petz: Nenhum product-card encontrado para Advocate
2026-08-19 20:15:38,023 - scraper_base - INFO - ⚪ Petz: Nenhum produto encontrado para Advocate
2026-08-19 20:15:39,243 - scraper_base - INFO - 📦 [9/20] Processando Drontal
2026-08-19 20:15:39,243 - scraper_base - INFO - 🔍 Petz: Buscando Drontal
2026-08-19 20:15:39,324 - scraper_petz - INFO - Petz: Nenhum product-card encontrado para Drontal
2026-08-19 20:15:39,324 - scraper_base - INFO - ⚪ Petz: Nenhum produto encontrado para Drontal
2026-08-19 20:15:41,524 - scraper_base - INFO - 📦 [10/20] Processando Milbemax
2026-08-19 20:15:41,524 - scraper_base - INFO - 🔍 Petz: Buscando Milbemax
2026-08-19 20:15:41,611 - scraper_petz - INFO - Petz: Nenhum product-card encontrado para Milbemax
2026-08-19 20:15:41,611 - scraper_base - INFO - ⚪ Petz: Nenhum produto encontrado para Milbemax
2026-08-19 20:15:44,220 - scraper_base - INFO - 📦 [11/20] Processando Vermivet
2026-08-19 20:15:44,220 - scraper_base - INFO - 🔍 Petz: Buscando Vermivet
2026-08-19 20:15:44,299 - scraper_petz - INFO - Petz: Nenhum product-card encontrado para Vermivet
2026-08-19 20:15:44,299 - scraper_base - INFO - ⚪ Petz: Nenhum produto encontrado para Vermivet
2026-08-19 20:15:47,092 - scraper_base - INFO - 📦 [12/20] Processando Rimadyl
2026-08-19 20:15:47,092 - scraper_base - INFO - 🔍 Petz: Buscando Rimadyl
2026-08-19 20:15:47,170 - scraper_petz - INFO - Petz: Nenhum product-card encontrado para Rimadyl
2026-08-19 20:15:47,170 - scraper_base - INFO - ⚪ Petz: Nenhum produto encontrado para Rimadyl
2026-08-19 20:15:48,519 - scraper_base - INFO - 📦 [13/20] Processando Onsior
2026-08-19 20:15:48,519 - scraper_base - INFO - 🔍 Petz: Buscando Onsior
2026-08-19 20:15:48,600 - scraper_petz - INFO - Petz: Nenhum product-card encontrado para Onsior
2026-08-19 20:15:48,600 - scraper_base - INFO - ⚪ Petz: Nenhum produto encontrado para Onsior
2026-08-19 20:15:50,319 - scraper_base - INFO - 📦 [14/20] Processando Maxicam
2026-08-19 20:15:50,319 - scraper_base - INFO - 🔍 Petz: Buscando Maxicam
2026-08-19 20:15:50,401 - scraper_petz - INFO - Petz: Nenhum product-card encontrado para Maxicam
2026-08-19 20:15:50,401 - scraper_base - INFO - ⚪ Petz: Nenhum produto encontrado para Maxicam
2026-08-19 20:15:52,037 - scraper_base - INFO - 📦 [15/20] Processando Carproflan
2026-08-19 20:15:52,037 - scraper_base - INFO - 🔍 Petz: Buscando Carproflan
2026-08-19 20:15:52,117 - scraper_petz - INFO - Petz: Nenhum product-card encontrado para Carproflan
2026-08-19 20:15:52,117 - scraper_base - INFO - ⚪ Petz: Nenhum produto encontrado para Carproflan
2026-08-19 20:15:53,632 - scraper_base - INFO - 📦 [16/20] Processando Previcox
2026-08-19 20:15:53,632 - scraper_base - INFO - 🔍 Petz: Buscando Previcox
2026-08-19 20:15:53,722 - scraper_petz - INFO - Petz: Nenhum product-card encontrado para Previcox
2026-08-19 20:15:53,722 - scraper_base - INFO - ⚪ Petz: Nenhum produto encontrado para Previcox
2026-08-19 20:15:55,041 - scraper_base - INFO - 📦 [17/20] Processando Apoquel
2026-08-19 20:15:55,041 - scraper_base - INFO - 🔍 Petz: Buscando Apoquel
2026-08-19 20:15:55,138 - scraper_petz - INFO - Petz: Nenhum product-card encontrado para Apoquel
2026-08-19 20:15:55,138 - scraper_base - INFO - ⚪ Petz: Nenhum produto encontrado para Apoquel
2026-08-19 20:15:57,174 - scraper_base - INFO - 📦 [18/20] Processando Zenrelia
2026-08-19 20:15:57,174 - scraper_base - INFO - 🔍 Petz: Buscando Zenrelia
2026-08-19 20:15:57,451 - scraper_petz - INFO - Petz: Nenhum product-card encontrado para Zenrelia
2026-08-19 20:15:57,451 - scraper_base - INFO - ⚪ Petz: Nenhum produto encontrado para Zenrelia
2026-08-19 20:15:59,812 - scraper_base - INFO - 📦 [19/20] Processando Synulox
2026-08-19 20:15:59,812 - scraper_base - INFO - 🔍 Petz: Buscando Synulox
2026-08-19 20:15:59,889 - scraper_petz - INFO - Petz: Nenhum product-card encontrado para Synulox
2026-08-19 20:15:59,889 - scraper_base - INFO - ⚪ Petz: Nenhum produto encontrado para Synulox
2026-08-19 20:16:01,462 - scraper_base - INFO - 📦 [20/20] Processando Baytril
2026-08-19 20:16:01,462 - scraper_base - INFO - 🔍 Petz: Buscando Baytril
2026-08-19 20:16:01,549 - scraper_petz - INFO - Petz: Nenhum product-card encontrado para Baytril
2026-08-19 20:16:01,549 - scraper_base - INFO - ⚪ Petz: Nenhum produto encontrado para Baytril
2026-08-19 20:16:04,313 - scraper_base - INFO - 📊 Petz - Estatísticas finais:
2026-08-19 20:16:04,313 - scraper_base - INFO -    • Medicamentos processados: 20
2026-08-19 20:16:04,313 - scraper_base - INFO -    • Produtos encontrados: 0
2026-08-19 20:16:04,313 - scraper_base - INFO -    • Medicamentos sem resultado: 20
2026-08-19 20:16:04,313 - scraper_base - INFO -    • Tempo total: 48.0s
2026-08-19 20:16:04,313 - scraper_base - INFO -    • Tempo médio por medicamento: 2.4s
2026-08-19 20:16:04,313 - gerenciador_principal - WARNING - Petz: Nenhum produto coletado
2026-08-19 20:16:04,313 - gerenciador_principal - INFO - Gerando relatório consolidado...
2026-08-19 20:16:04,417 - gerenciador_arquivos - INFO - Relatório consolidado salvo: dados_relatorios/relatorio_consolidado_20260819_201604.xlsx
2026-08-19 20:16:04,478 - gerenciador_conexoes - INFO - Chrome fechado
2026-08-19 20:16:04,478 - gerenciador_conexoes - INFO - Métodos utilizados - Requests: 66.7%, Selenium: 33.3%, Falhas: 0.0%
2026-08-19 20:16:04,478 - gerenciador_principal - INFO - ============================================================
2026-08-19 20:16:04,478 - gerenciador_principal - INFO - RELATORIO FINAL DE EXECUÇÃO
2026-08-19 20:16:04,478 - gerenciador_principal - INFO - ============================================================
2026-08-19 20:16:04,478 - gerenciador_principal - INFO - Sites processados: 3
2026-08-19 20:16:04,478 - gerenciador_principal - INFO - Sites com sucesso: 2
2026-08-19 20:16:04,478 - gerenciador_principal - INFO - Total de produtos coletados: 407
2026-08-19 20:16:04,478 - gerenciador_principal - WARNING - Sites com falhas: Petz
2026-08-19 20:16:04,478 - gerenciador_principal - INFO - Tempo total de execução: 252.0 segundos
2026-08-19 20:16:04,478 - gerenciador_principal - INFO - Estatísticas de conexão:
2026-08-19 20:16:04,478 - gerenciador_principal - INFO -   - Requests bem-sucedidos: 66.7%
2026-08-19 20:16:04,478 - gerenciador_principal - INFO -   - Selenium fallback: 33.3%
2026-08-19 20:16:04,478 - gerenciador_principal - INFO -   - Falhas totais: 0.0%
2026-08-19 20:16:04,481 - gerenciador_principal - INFO - Arquivos salvos na pasta: dados_coletados
2026-08-19 20:16:04,481 - gerenciador_principal - INFO - Total de arquivos: 939
2026-08-19 20:16:04,481 - gerenciador_principal - INFO - ============================================================
