2025-12-07 20:10:01,202 - configurador_logs - INFO - Sistema de logs configurado com sucesso
2025-12-07 20:10:01,202 - configurador_logs - INFO - 🚀 Logs configurados para MODO PRODUÇÃO
2025-12-07 20:10:01,202 - gerenciador_principal - INFO - Inicializando sistema - Modo: PRODUCAO
2025-12-07 20:10:01,202 - gerenciador_arquivos - INFO - Pasta dados_coletados preparada
2025-12-07 20:10:01,203 - gerenciador_principal - INFO - Sistema inicializado com 3 scrapers
2025-12-07 20:10:01,203 - gerenciador_principal - INFO - ============================================================
2025-12-07 20:10:01,203 - gerenciador_principal - INFO - INICIANDO SCRAPING COMPLETO - PRODUCAO
2025-12-07 20:10:01,203 - gerenciador_principal - INFO - ============================================================
2025-12-07 20:10:01,203 - gerenciador_principal - INFO - [1/3] Processando Cobasi
2025-12-07 20:10:01,203 - scraper_base - INFO - 🚀 Iniciando scraping completo - Cobasi
2025-12-07 20:10:02,136 - gerenciador_conexoes - INFO - Sessao estabelecida com cobasi.com.br
2025-12-07 20:10:02,136 - scraper_base - INFO - 📋 20 medicamentos para processar
2025-12-07 20:10:02,136 - scraper_base - INFO - 📦 [1/20] Processando Simparic
2025-12-07 20:10:02,136 - scraper_base - INFO - 🔍 Cobasi: Buscando Simparic
2025-12-07 20:10:02,632 - scraper_cobasi - INFO - Cobasi: Dados extraídos via JSON para Simparic
2025-12-07 20:10:02,632 - scraper_base - INFO - ✅ Cobasi: 12 produto(s) encontrado(s) para Simparic
2025-12-07 20:10:04,253 - scraper_base - INFO - 📦 [2/20] Processando Revolution
2025-12-07 20:10:04,253 - scraper_base - INFO - 🔍 Cobasi: Buscando Revolution
2025-12-07 20:10:07,192 - scraper_cobasi - INFO - Cobasi: Dados extraídos via JSON para Revolution
2025-12-07 20:10:07,193 - scraper_base - INFO - ✅ Cobasi: 18 produto(s) encontrado(s) para Revolution
2025-12-07 20:10:08,238 - scraper_base - INFO - 📦 [3/20] Processando NexGard
2025-12-07 20:10:08,238 - scraper_base - INFO - 🔍 Cobasi: Buscando NexGard
2025-12-07 20:10:11,306 - scraper_cobasi - INFO - Cobasi: Dados extraídos via JSON para NexGard
2025-12-07 20:10:11,306 - scraper_base - INFO - ✅ Cobasi: 22 produto(s) encontrado(s) para NexGard
2025-12-07 20:10:13,808 - scraper_base - INFO - 📦 [4/20] Processando NexGard Spectra
2025-12-07 20:10:13,809 - scraper_base - INFO - 🔍 Cobasi: Buscando NexGard Spectra
2025-12-07 20:10:16,009 - scraper_cobasi - INFO - Cobasi: Dados extraídos via JSON para NexGard Spectra
2025-12-07 20:10:16,009 - scraper_base - INFO - ✅ Cobasi: 10 produto(s) encontrado(s) para NexGard Spectra
2025-12-07 20:10:18,023 - scraper_base - INFO - 📦 [5/20] Processando NexGard Combo
2025-12-07 20:10:18,023 - scraper_base - INFO - 🔍 Cobasi: Buscando NexGard Combo
2025-12-07 20:10:20,206 - scraper_cobasi - INFO - Cobasi: Dados extraídos via JSON para NexGard Combo
2025-12-07 20:10:20,206 - scraper_base - INFO - ✅ Cobasi: 4 produto(s) encontrado(s) para NexGard Combo
2025-12-07 20:10:22,019 - scraper_base - INFO - 📦 [6/20] Processando Bravecto
2025-12-07 20:10:22,019 - scraper_base - INFO - 🔍 Cobasi: Buscando Bravecto
2025-12-07 20:10:22,750 - scraper_cobasi - INFO - Cobasi: Dados extraídos via JSON para Bravecto
2025-12-07 20:10:22,750 - scraper_base - INFO - ✅ Cobasi: 16 produto(s) encontrado(s) para Bravecto
2025-12-07 20:10:25,596 - scraper_base - INFO - 📦 [7/20] Processando Frontline
2025-12-07 20:10:25,596 - scraper_base - INFO - 🔍 Cobasi: Buscando Frontline
2025-12-07 20:10:29,329 - scraper_cobasi - INFO - Cobasi: Dados extraídos via JSON para Frontline
2025-12-07 20:10:29,329 - scraper_base - INFO - ✅ Cobasi: 10 produto(s) encontrado(s) para Frontline
2025-12-07 20:10:32,227 - scraper_base - INFO - 📦 [8/20] Processando Advocate
2025-12-07 20:10:32,227 - scraper_base - INFO - 🔍 Cobasi: Buscando Advocate
2025-12-07 20:10:35,246 - scraper_cobasi - INFO - Cobasi: Dados extraídos via JSON para Advocate
2025-12-07 20:10:35,246 - scraper_base - INFO - ✅ Cobasi: 12 produto(s) encontrado(s) para Advocate
2025-12-07 20:10:37,534 - scraper_base - INFO - 📦 [9/20] Processando Drontal
2025-12-07 20:10:37,534 - scraper_base - INFO - 🔍 Cobasi: Buscando Drontal
2025-12-07 20:10:38,520 - scraper_cobasi - INFO - Cobasi: Dados extraídos via JSON para Drontal
2025-12-07 20:10:38,520 - scraper_base - INFO - ✅ Cobasi: 8 produto(s) encontrado(s) para Drontal
2025-12-07 20:10:40,405 - scraper_base - INFO - 📦 [10/20] Processando Milbemax
2025-12-07 20:10:40,405 - scraper_base - INFO - 🔍 Cobasi: Buscando Milbemax
2025-12-07 20:10:42,483 - scraper_cobasi - INFO - Cobasi: Dados extraídos via JSON para Milbemax
2025-12-07 20:10:42,483 - scraper_base - INFO - ✅ Cobasi: 4 produto(s) encontrado(s) para Milbemax
2025-12-07 20:10:43,563 - scraper_base - INFO - 📦 [11/20] Processando Vermivet
2025-12-07 20:10:43,563 - scraper_base - INFO - 🔍 Cobasi: Buscando Vermivet
2025-12-07 20:10:46,051 - scraper_cobasi - INFO - Cobasi: Dados extraídos via JSON para Vermivet
2025-12-07 20:10:46,052 - scraper_base - INFO - ✅ Cobasi: 5 produto(s) encontrado(s) para Vermivet
2025-12-07 20:10:47,090 - scraper_base - INFO - 📦 [12/20] Processando Rimadyl
2025-12-07 20:10:47,090 - scraper_base - INFO - 🔍 Cobasi: Buscando Rimadyl
2025-12-07 20:10:49,324 - scraper_cobasi - INFO - Cobasi: Dados extraídos via JSON para Rimadyl
2025-12-07 20:10:49,324 - scraper_base - INFO - ✅ Cobasi: 3 produto(s) encontrado(s) para Rimadyl
2025-12-07 20:10:51,487 - scraper_base - INFO - 📦 [13/20] Processando Onsior
2025-12-07 20:10:51,487 - scraper_base - INFO - 🔍 Cobasi: Buscando Onsior
2025-12-07 20:10:53,926 - scraper_cobasi - INFO - Cobasi: Dados extraídos via JSON para Onsior
2025-12-07 20:10:53,926 - scraper_base - INFO - ✅ Cobasi: 4 produto(s) encontrado(s) para Onsior
2025-12-07 20:10:55,805 - scraper_base - INFO - 📦 [14/20] Processando Maxicam
2025-12-07 20:10:55,805 - scraper_base - INFO - 🔍 Cobasi: Buscando Maxicam
2025-12-07 20:10:59,628 - scraper_cobasi - INFO - Cobasi: Dados extraídos via JSON para Maxicam
2025-12-07 20:10:59,628 - scraper_base - INFO - ✅ Cobasi: 21 produto(s) encontrado(s) para Maxicam
2025-12-07 20:11:01,120 - scraper_base - INFO - 📦 [15/20] Processando Carproflan
2025-12-07 20:11:01,120 - scraper_base - INFO - 🔍 Cobasi: Buscando Carproflan
2025-12-07 20:11:03,116 - scraper_cobasi - INFO - Cobasi: Dados extraídos via JSON para Carproflan
2025-12-07 20:11:03,116 - scraper_base - INFO - ✅ Cobasi: 3 produto(s) encontrado(s) para Carproflan
2025-12-07 20:11:05,214 - scraper_base - INFO - 📦 [16/20] Processando Previcox
2025-12-07 20:11:05,214 - scraper_base - INFO - 🔍 Cobasi: Buscando Previcox
2025-12-07 20:11:07,235 - scraper_cobasi - INFO - Cobasi: Dados extraídos via JSON para Previcox
2025-12-07 20:11:07,235 - scraper_base - INFO - ✅ Cobasi: 2 produto(s) encontrado(s) para Previcox
2025-12-07 20:11:08,298 - scraper_base - INFO - 📦 [17/20] Processando Apoquel
2025-12-07 20:11:08,298 - scraper_base - INFO - 🔍 Cobasi: Buscando Apoquel
2025-12-07 20:11:10,317 - scraper_cobasi - INFO - Cobasi: Dados extraídos via JSON para Apoquel
2025-12-07 20:11:10,317 - scraper_base - INFO - ✅ Cobasi: 3 produto(s) encontrado(s) para Apoquel
2025-12-07 20:11:11,861 - scraper_base - INFO - 📦 [18/20] Processando Zenrelia
2025-12-07 20:11:11,862 - scraper_base - INFO - 🔍 Cobasi: Buscando Zenrelia
2025-12-07 20:11:13,885 - scraper_cobasi - INFO - Cobasi: Dados extraídos via JSON para Zenrelia
2025-12-07 20:11:13,885 - scraper_base - INFO - ✅ Cobasi: 4 produto(s) encontrado(s) para Zenrelia
2025-12-07 20:11:16,651 - scraper_base - INFO - 📦 [19/20] Processando Synulox
2025-12-07 20:11:16,651 - scraper_base - INFO - 🔍 Cobasi: Buscando Synulox
2025-12-07 20:11:19,195 - scraper_cobasi - INFO - Cobasi: Dados extraídos via JSON para Synulox
2025-12-07 20:11:19,196 - scraper_base - INFO - ✅ Cobasi: 2 produto(s) encontrado(s) para Synulox
2025-12-07 20:11:20,864 - scraper_base - INFO - 📦 [20/20] Processando Baytril
2025-12-07 20:11:20,864 - scraper_base - INFO - 🔍 Cobasi: Buscando Baytril
2025-12-07 20:11:23,061 - scraper_cobasi - INFO - Cobasi: Dados extraídos via JSON para Baytril
2025-12-07 20:11:23,061 - scraper_base - INFO - ✅ Cobasi: 4 produto(s) encontrado(s) para Baytril
2025-12-07 20:11:25,584 - scraper_base - INFO - 📊 Cobasi - Estatísticas finais:
2025-12-07 20:11:25,584 - scraper_base - INFO -    • Medicamentos processados: 20
2025-12-07 20:11:25,584 - scraper_base - INFO -    • Produtos encontrados: 167
2025-12-07 20:11:25,584 - scraper_base - INFO -    • Medicamentos sem resultado: 0
2025-12-07 20:11:25,584 - scraper_base - INFO -    • Tempo total: 84.4s
2025-12-07 20:11:25,584 - scraper_base - INFO -    • Tempo médio por medicamento: 4.2s
2025-12-07 20:11:25,723 - gerenciador_arquivos - INFO - Excel salvo: dados_coletados/cobasi_20251207_201125.xlsx (167 produtos)
2025-12-07 20:11:25,723 - gerenciador_principal - INFO - Cobasi: Arquivo individual salvo com sucesso
2025-12-07 20:11:25,723 - gerenciador_principal - INFO - Pausando entre sites...
2025-12-07 20:11:27,723 - gerenciador_principal - INFO - [2/3] Processando Petlove
2025-12-07 20:11:27,723 - scraper_base - INFO - 🚀 Iniciando scraping completo - Petlove
2025-12-07 20:11:27,936 - scraper_base - INFO - 📋 20 medicamentos para processar
2025-12-07 20:11:27,936 - scraper_base - INFO - 📦 [1/20] Processando Simparic
2025-12-07 20:11:27,936 - scraper_base - INFO - 🔍 Petlove: Buscando Simparic
2025-12-07 20:11:34,243 - gerenciador_conexoes - INFO - Chrome inicializado com otimizacoes de velocidade
2025-12-07 20:11:37,124 - scraper_base - INFO - ✅ Petlove: 15 produto(s) encontrado(s) para Simparic
2025-12-07 20:11:40,076 - scraper_base - INFO - 📦 [2/20] Processando Revolution
2025-12-07 20:11:40,076 - scraper_base - INFO - 🔍 Petlove: Buscando Revolution
2025-12-07 20:11:41,625 - scraper_base - INFO - ✅ Petlove: 14 produto(s) encontrado(s) para Revolution
2025-12-07 20:11:43,151 - scraper_base - INFO - 📦 [3/20] Processando NexGard
2025-12-07 20:11:43,152 - scraper_base - INFO - 🔍 Petlove: Buscando NexGard
2025-12-07 20:11:44,591 - scraper_base - INFO - ✅ Petlove: 11 produto(s) encontrado(s) para NexGard
2025-12-07 20:11:47,242 - scraper_base - INFO - 📦 [4/20] Processando NexGard Spectra
2025-12-07 20:11:47,242 - scraper_base - INFO - 🔍 Petlove: Buscando NexGard Spectra
2025-12-07 20:11:48,486 - scraper_base - INFO - ✅ Petlove: 5 produto(s) encontrado(s) para NexGard Spectra
2025-12-07 20:11:50,422 - scraper_base - INFO - 📦 [5/20] Processando NexGard Combo
2025-12-07 20:11:50,422 - scraper_base - INFO - 🔍 Petlove: Buscando NexGard Combo
2025-12-07 20:11:51,718 - scraper_base - INFO - ✅ Petlove: 2 produto(s) encontrado(s) para NexGard Combo
2025-12-07 20:11:54,145 - scraper_base - INFO - 📦 [6/20] Processando Bravecto
2025-12-07 20:11:54,145 - scraper_base - INFO - 🔍 Petlove: Buscando Bravecto
2025-12-07 20:11:55,570 - scraper_base - INFO - ✅ Petlove: 23 produto(s) encontrado(s) para Bravecto
2025-12-07 20:11:57,845 - scraper_base - INFO - 📦 [7/20] Processando Frontline
2025-12-07 20:11:57,845 - scraper_base - INFO - 🔍 Petlove: Buscando Frontline
2025-12-07 20:12:00,068 - scraper_base - INFO - ✅ Petlove: 11 produto(s) encontrado(s) para Frontline
2025-12-07 20:12:02,590 - scraper_base - INFO - 📦 [8/20] Processando Advocate
2025-12-07 20:12:02,590 - scraper_base - INFO - 🔍 Petlove: Buscando Advocate
2025-12-07 20:12:04,182 - scraper_base - INFO - ✅ Petlove: 10 produto(s) encontrado(s) para Advocate
2025-12-07 20:12:05,941 - scraper_base - INFO - 📦 [9/20] Processando Drontal
2025-12-07 20:12:05,941 - scraper_base - INFO - 🔍 Petlove: Buscando Drontal
2025-12-07 20:12:07,545 - scraper_base - INFO - ✅ Petlove: 18 produto(s) encontrado(s) para Drontal
2025-12-07 20:12:10,154 - scraper_base - INFO - 📦 [10/20] Processando Milbemax
2025-12-07 20:12:10,154 - scraper_base - INFO - 🔍 Petlove: Buscando Milbemax
2025-12-07 20:12:11,647 - scraper_base - INFO - ✅ Petlove: 4 produto(s) encontrado(s) para Milbemax
2025-12-07 20:12:14,246 - scraper_base - INFO - 📦 [11/20] Processando Vermivet
2025-12-07 20:12:14,246 - scraper_base - INFO - 🔍 Petlove: Buscando Vermivet
2025-12-07 20:12:15,783 - scraper_base - INFO - ✅ Petlove: 36 produto(s) encontrado(s) para Vermivet
2025-12-07 20:12:18,002 - scraper_base - INFO - 📦 [12/20] Processando Rimadyl
2025-12-07 20:12:18,003 - scraper_base - INFO - 🔍 Petlove: Buscando Rimadyl
2025-12-07 20:12:19,488 - scraper_base - INFO - ✅ Petlove: 1 produto(s) encontrado(s) para Rimadyl
2025-12-07 20:12:22,203 - scraper_base - INFO - 📦 [13/20] Processando Onsior
2025-12-07 20:12:22,203 - scraper_base - INFO - 🔍 Petlove: Buscando Onsior
2025-12-07 20:12:23,865 - scraper_base - INFO - ✅ Petlove: 4 produto(s) encontrado(s) para Onsior
2025-12-07 20:12:25,065 - scraper_base - INFO - 📦 [14/20] Processando Maxicam
2025-12-07 20:12:25,065 - scraper_base - INFO - 🔍 Petlove: Buscando Maxicam
2025-12-07 20:12:26,499 - scraper_base - INFO - ✅ Petlove: 4 produto(s) encontrado(s) para Maxicam
2025-12-07 20:12:29,397 - scraper_base - INFO - 📦 [15/20] Processando Carproflan
2025-12-07 20:12:29,397 - scraper_base - INFO - 🔍 Petlove: Buscando Carproflan
2025-12-07 20:12:30,627 - scraper_base - INFO - ✅ Petlove: 4 produto(s) encontrado(s) para Carproflan
2025-12-07 20:12:31,955 - scraper_base - INFO - 📦 [16/20] Processando Previcox
2025-12-07 20:12:31,955 - scraper_base - INFO - 🔍 Petlove: Buscando Previcox
2025-12-07 20:12:33,369 - scraper_base - INFO - ✅ Petlove: 4 produto(s) encontrado(s) para Previcox
2025-12-07 20:12:35,538 - scraper_base - INFO - 📦 [17/20] Processando Apoquel
2025-12-07 20:12:35,538 - scraper_base - INFO - 🔍 Petlove: Buscando Apoquel
2025-12-07 20:12:37,074 - scraper_base - INFO - ✅ Petlove: 16 produto(s) encontrado(s) para Apoquel
2025-12-07 20:12:38,860 - scraper_base - INFO - 📦 [18/20] Processando Zenrelia
2025-12-07 20:12:38,860 - scraper_base - INFO - 🔍 Petlove: Buscando Zenrelia
2025-12-07 20:12:40,605 - scraper_base - INFO - ✅ Petlove: 4 produto(s) encontrado(s) para Zenrelia
2025-12-07 20:12:41,691 - scraper_base - INFO - 📦 [19/20] Processando Synulox
2025-12-07 20:12:41,691 - scraper_base - INFO - 🔍 Petlove: Buscando Synulox
2025-12-07 20:12:43,083 - scraper_base - INFO - ✅ Petlove: 1 produto(s) encontrado(s) para Synulox
2025-12-07 20:12:44,319 - scraper_base - INFO - 📦 [20/20] Processando Baytril
2025-12-07 20:12:44,320 - scraper_base - INFO - 🔍 Petlove: Buscando Baytril
2025-12-07 20:12:45,783 - scraper_base - INFO - ✅ Petlove: 5 produto(s) encontrado(s) para Baytril
2025-12-07 20:12:48,044 - scraper_base - INFO - 📊 Petlove - Estatísticas finais:
2025-12-07 20:12:48,044 - scraper_base - INFO -    • Medicamentos processados: 20
2025-12-07 20:12:48,044 - scraper_base - INFO -    • Produtos encontrados: 192
2025-12-07 20:12:48,044 - scraper_base - INFO -    • Medicamentos sem resultado: 0
2025-12-07 20:12:48,044 - scraper_base - INFO -    • Tempo total: 80.3s
2025-12-07 20:12:48,045 - scraper_base - INFO -    • Tempo médio por medicamento: 4.0s
2025-12-07 20:12:48,082 - gerenciador_arquivos - INFO - Excel salvo: dados_coletados/petlove_20251207_201248.xlsx (192 produtos)
2025-12-07 20:12:48,082 - gerenciador_principal - INFO - Petlove: Arquivo individual salvo com sucesso
2025-12-07 20:12:48,082 - gerenciador_principal - INFO - Pausando entre sites...
2025-12-07 20:12:50,082 - gerenciador_principal - INFO - [3/3] Processando Petz
2025-12-07 20:12:50,082 - scraper_base - INFO - 🚀 Iniciando scraping completo - Petz
2025-12-07 20:12:50,293 - scraper_base - INFO - 📋 20 medicamentos para processar
2025-12-07 20:12:50,294 - scraper_base - INFO - 📦 [1/20] Processando Simparic
2025-12-07 20:12:50,294 - scraper_base - INFO - 🔍 Petz: Buscando Simparic
2025-12-07 20:12:54,703 - scraper_base - INFO - ✅ Petz: 12 produto(s) encontrado(s) para Simparic
2025-12-07 20:12:56,907 - scraper_base - INFO - 📦 [2/20] Processando Revolution
2025-12-07 20:12:56,907 - scraper_base - INFO - 🔍 Petz: Buscando Revolution
2025-12-07 20:12:59,261 - scraper_base - INFO - ✅ Petz: 26 produto(s) encontrado(s) para Revolution
2025-12-07 20:13:01,821 - scraper_base - INFO - 📦 [3/20] Processando NexGard
2025-12-07 20:13:01,821 - scraper_base - INFO - 🔍 Petz: Buscando NexGard
2025-12-07 20:13:05,407 - scraper_base - INFO - ✅ Petz: 22 produto(s) encontrado(s) para NexGard
2025-12-07 20:13:07,560 - scraper_base - INFO - 📦 [4/20] Processando NexGard Spectra
2025-12-07 20:13:07,560 - scraper_base - INFO - 🔍 Petz: Buscando NexGard Spectra
2025-12-07 20:13:09,965 - scraper_base - INFO - ✅ Petz: 10 produto(s) encontrado(s) para NexGard Spectra
2025-12-07 20:13:12,663 - scraper_base - INFO - 📦 [5/20] Processando NexGard Combo
2025-12-07 20:13:12,663 - scraper_base - INFO - 🔍 Petz: Buscando NexGard Combo
2025-12-07 20:13:14,541 - scraper_base - INFO - ✅ Petz: 4 produto(s) encontrado(s) para NexGard Combo
2025-12-07 20:13:17,240 - scraper_base - INFO - 📦 [6/20] Processando Bravecto
2025-12-07 20:13:17,240 - scraper_base - INFO - 🔍 Petz: Buscando Bravecto
2025-12-07 20:13:19,646 - scraper_base - INFO - ✅ Petz: 16 produto(s) encontrado(s) para Bravecto
2025-12-07 20:13:21,475 - scraper_base - INFO - 📦 [7/20] Processando Frontline
2025-12-07 20:13:21,475 - scraper_base - INFO - 🔍 Petz: Buscando Frontline
2025-12-07 20:13:23,493 - scraper_base - INFO - ✅ Petz: 11 produto(s) encontrado(s) para Frontline
2025-12-07 20:13:26,015 - scraper_base - INFO - 📦 [8/20] Processando Advocate
2025-12-07 20:13:26,015 - scraper_base - INFO - 🔍 Petz: Buscando Advocate
2025-12-07 20:13:27,928 - scraper_base - INFO - ✅ Petz: 12 produto(s) encontrado(s) para Advocate
2025-12-07 20:13:30,646 - scraper_base - INFO - 📦 [9/20] Processando Drontal
2025-12-07 20:13:30,646 - scraper_base - INFO - 🔍 Petz: Buscando Drontal
2025-12-07 20:13:33,396 - scraper_base - INFO - ✅ Petz: 29 produto(s) encontrado(s) para Drontal
2025-12-07 20:13:35,452 - scraper_base - INFO - 📦 [10/20] Processando Milbemax
2025-12-07 20:13:35,452 - scraper_base - INFO - 🔍 Petz: Buscando Milbemax
2025-12-07 20:13:37,539 - scraper_base - INFO - ✅ Petz: 4 produto(s) encontrado(s) para Milbemax
2025-12-07 20:13:39,229 - scraper_base - INFO - 📦 [11/20] Processando Vermivet
2025-12-07 20:13:39,229 - scraper_base - INFO - 🔍 Petz: Buscando Vermivet
2025-12-07 20:13:41,362 - scraper_base - INFO - ✅ Petz: 5 produto(s) encontrado(s) para Vermivet
2025-12-07 20:13:42,981 - scraper_base - INFO - 📦 [12/20] Processando Rimadyl
2025-12-07 20:13:42,981 - scraper_base - INFO - 🔍 Petz: Buscando Rimadyl
2025-12-07 20:13:44,751 - scraper_base - INFO - ✅ Petz: 3 produto(s) encontrado(s) para Rimadyl
2025-12-07 20:13:46,784 - scraper_base - INFO - 📦 [13/20] Processando Onsior
2025-12-07 20:13:46,784 - scraper_base - INFO - 🔍 Petz: Buscando Onsior
2025-12-07 20:13:48,673 - scraper_base - INFO - ✅ Petz: 4 produto(s) encontrado(s) para Onsior
2025-12-07 20:13:51,356 - scraper_base - INFO - 📦 [14/20] Processando Maxicam
2025-12-07 20:13:51,356 - scraper_base - INFO - 🔍 Petz: Buscando Maxicam
2025-12-07 20:13:53,447 - scraper_base - INFO - ✅ Petz: 30 produto(s) encontrado(s) para Maxicam
2025-12-07 20:13:56,199 - scraper_base - INFO - 📦 [15/20] Processando Carproflan
2025-12-07 20:13:56,199 - scraper_base - INFO - 🔍 Petz: Buscando Carproflan
2025-12-07 20:13:58,124 - scraper_base - INFO - ✅ Petz: 3 produto(s) encontrado(s) para Carproflan
2025-12-07 20:13:59,283 - scraper_base - INFO - 📦 [16/20] Processando Previcox
2025-12-07 20:13:59,284 - scraper_base - INFO - 🔍 Petz: Buscando Previcox
2025-12-07 20:14:00,966 - scraper_base - INFO - ✅ Petz: 2 produto(s) encontrado(s) para Previcox
2025-12-07 20:14:02,322 - scraper_base - INFO - 📦 [17/20] Processando Apoquel
2025-12-07 20:14:02,322 - scraper_base - INFO - 🔍 Petz: Buscando Apoquel
2025-12-07 20:14:04,300 - scraper_base - INFO - ✅ Petz: 3 produto(s) encontrado(s) para Apoquel
2025-12-07 20:14:06,421 - scraper_base - INFO - 📦 [18/20] Processando Zenrelia
2025-12-07 20:14:06,421 - scraper_base - INFO - 🔍 Petz: Buscando Zenrelia
2025-12-07 20:14:08,455 - scraper_base - INFO - ✅ Petz: 4 produto(s) encontrado(s) para Zenrelia
2025-12-07 20:14:10,406 - scraper_base - INFO - 📦 [19/20] Processando Synulox
2025-12-07 20:14:10,406 - scraper_base - INFO - 🔍 Petz: Buscando Synulox
2025-12-07 20:14:12,051 - scraper_base - INFO - ✅ Petz: 2 produto(s) encontrado(s) para Synulox
2025-12-07 20:14:14,689 - scraper_base - INFO - 📦 [20/20] Processando Baytril
2025-12-07 20:14:14,690 - scraper_base - INFO - 🔍 Petz: Buscando Baytril
2025-12-07 20:14:17,775 - scraper_base - INFO - ✅ Petz: 10 produto(s) encontrado(s) para Baytril
2025-12-07 20:14:19,134 - scraper_base - INFO - 📊 Petz - Estatísticas finais:
2025-12-07 20:14:19,134 - scraper_base - INFO -    • Medicamentos processados: 20
2025-12-07 20:14:19,134 - scraper_base - INFO -    • Produtos encontrados: 212
2025-12-07 20:14:19,134 - scraper_base - INFO -    • Medicamentos sem resultado: 0
2025-12-07 20:14:19,134 - scraper_base - INFO -    • Tempo total: 89.1s
2025-12-07 20:14:19,134 - scraper_base - INFO -    • Tempo médio por medicamento: 4.5s
2025-12-07 20:14:19,180 - gerenciador_arquivos - INFO - Excel salvo: dados_coletados/petz_20251207_201419.xlsx (212 produtos)
2025-12-07 20:14:19,180 - gerenciador_principal - INFO - Petz: Arquivo individual salvo com sucesso
2025-12-07 20:14:19,180 - gerenciador_principal - INFO - Gerando relatório consolidado...
2025-12-07 20:14:19,382 - gerenciador_arquivos - INFO - Relatório consolidado salvo: dados_relatorios/relatorio_consolidado_20251207_201419.xlsx
2025-12-07 20:14:19,516 - gerenciador_conexoes - INFO - Chrome fechado
2025-12-07 20:14:19,516 - gerenciador_conexoes - INFO - Métodos utilizados - Requests: 33.3%, Selenium: 66.7%, Falhas: 0.0%
2025-12-07 20:14:19,516 - gerenciador_principal - INFO - ============================================================
2025-12-07 20:14:19,517 - gerenciador_principal - INFO - RELATORIO FINAL DE EXECUÇÃO
2025-12-07 20:14:19,517 - gerenciador_principal - INFO - ============================================================
2025-12-07 20:14:19,517 - gerenciador_principal - INFO - Sites processados: 3
2025-12-07 20:14:19,517 - gerenciador_principal - INFO - Sites com sucesso: 3
2025-12-07 20:14:19,517 - gerenciador_principal - INFO - Total de produtos coletados: 571
2025-12-07 20:14:19,517 - gerenciador_principal - INFO - Tempo total de execução: 258.0 segundos
2025-12-07 20:14:19,517 - gerenciador_principal - INFO - Estatísticas de conexão:
2025-12-07 20:14:19,517 - gerenciador_principal - INFO -   - Requests bem-sucedidos: 33.3%
2025-12-07 20:14:19,517 - gerenciador_principal - INFO -   - Selenium fallback: 66.7%
2025-12-07 20:14:19,517 - gerenciador_principal - INFO -   - Falhas totais: 0.0%
2025-12-07 20:14:19,518 - gerenciador_principal - INFO - Arquivos salvos na pasta: dados_coletados
2025-12-07 20:14:19,518 - gerenciador_principal - INFO - Total de arquivos: 210
2025-12-07 20:14:19,518 - gerenciador_principal - INFO - ============================================================
