2026-06-29 21:14:35,071 - configurador_logs - INFO - Sistema de logs configurado com sucesso
2026-06-29 21:14:35,071 - configurador_logs - INFO - 🚀 Logs configurados para MODO PRODUÇÃO
2026-06-29 21:14:35,071 - gerenciador_principal - INFO - Inicializando sistema - Modo: PRODUCAO
2026-06-29 21:14:35,071 - gerenciador_arquivos - INFO - Pasta dados_coletados preparada
2026-06-29 21:14:35,071 - gerenciador_principal - INFO - Sistema inicializado com 3 scrapers
2026-06-29 21:14:35,071 - gerenciador_principal - INFO - ============================================================
2026-06-29 21:14:35,071 - gerenciador_principal - INFO - INICIANDO SCRAPING COMPLETO - PRODUCAO
2026-06-29 21:14:35,071 - gerenciador_principal - INFO - ============================================================
2026-06-29 21:14:35,071 - gerenciador_principal - INFO - [1/3] Processando Cobasi
2026-06-29 21:14:35,071 - scraper_base - INFO - 🚀 Iniciando scraping completo - Cobasi
2026-06-29 21:14:36,857 - gerenciador_conexoes - INFO - Sessao estabelecida com cobasi.com.br
2026-06-29 21:14:36,857 - scraper_base - INFO - 📋 20 medicamentos para processar
2026-06-29 21:14:36,857 - scraper_base - INFO - 📦 [1/20] Processando Simparic
2026-06-29 21:14:36,857 - scraper_base - INFO - 🔍 Cobasi: Buscando Simparic
2026-06-29 21:14:43,087 - scraper_cobasi - INFO - Cobasi: Dados extraídos via JSON para Simparic
2026-06-29 21:14:43,087 - scraper_base - INFO - ✅ Cobasi: 24 produto(s) encontrado(s) para Simparic
2026-06-29 21:14:45,893 - scraper_base - INFO - 📦 [2/20] Processando Revolution
2026-06-29 21:14:45,893 - scraper_base - INFO - 🔍 Cobasi: Buscando Revolution
2026-06-29 21:14:51,169 - scraper_cobasi - INFO - Cobasi: Dados extraídos via JSON para Revolution
2026-06-29 21:14:51,169 - scraper_base - INFO - ✅ Cobasi: 18 produto(s) encontrado(s) para Revolution
2026-06-29 21:14:53,009 - scraper_base - INFO - 📦 [3/20] Processando NexGard
2026-06-29 21:14:53,009 - scraper_base - INFO - 🔍 Cobasi: Buscando NexGard
2026-06-29 21:14:57,082 - scraper_cobasi - INFO - Cobasi: Dados extraídos via JSON para NexGard
2026-06-29 21:14:57,083 - scraper_base - INFO - ✅ Cobasi: 22 produto(s) encontrado(s) para NexGard
2026-06-29 21:14:59,251 - scraper_base - INFO - 📦 [4/20] Processando NexGard Spectra
2026-06-29 21:14:59,251 - scraper_base - INFO - 🔍 Cobasi: Buscando NexGard Spectra
2026-06-29 21:15:03,795 - scraper_cobasi - INFO - Cobasi: Dados extraídos via JSON para NexGard Spectra
2026-06-29 21:15:03,795 - scraper_base - INFO - ✅ Cobasi: 10 produto(s) encontrado(s) para NexGard Spectra
2026-06-29 21:15:06,059 - scraper_base - INFO - 📦 [5/20] Processando NexGard Combo
2026-06-29 21:15:06,059 - scraper_base - INFO - 🔍 Cobasi: Buscando NexGard Combo
2026-06-29 21:15:09,565 - scraper_cobasi - INFO - Cobasi: Dados extraídos via JSON para NexGard Combo
2026-06-29 21:15:09,565 - scraper_base - INFO - ✅ Cobasi: 4 produto(s) encontrado(s) para NexGard Combo
2026-06-29 21:15:11,097 - scraper_base - INFO - 📦 [6/20] Processando Bravecto
2026-06-29 21:15:11,097 - scraper_base - INFO - 🔍 Cobasi: Buscando Bravecto
2026-06-29 21:15:17,721 - scraper_cobasi - INFO - Cobasi: Dados extraídos via JSON para Bravecto
2026-06-29 21:15:17,721 - scraper_base - INFO - ✅ Cobasi: 16 produto(s) encontrado(s) para Bravecto
2026-06-29 21:15:20,030 - scraper_base - INFO - 📦 [7/20] Processando Frontline
2026-06-29 21:15:20,030 - scraper_base - INFO - 🔍 Cobasi: Buscando Frontline
2026-06-29 21:15:24,818 - scraper_cobasi - INFO - Cobasi: Dados extraídos via JSON para Frontline
2026-06-29 21:15:24,818 - scraper_base - INFO - ✅ Cobasi: 11 produto(s) encontrado(s) para Frontline
2026-06-29 21:15:27,276 - scraper_base - INFO - 📦 [8/20] Processando Advocate
2026-06-29 21:15:27,276 - scraper_base - INFO - 🔍 Cobasi: Buscando Advocate
2026-06-29 21:15:31,640 - scraper_cobasi - INFO - Cobasi: Dados extraídos via JSON para Advocate
2026-06-29 21:15:31,640 - scraper_base - INFO - ✅ Cobasi: 12 produto(s) encontrado(s) para Advocate
2026-06-29 21:15:34,591 - scraper_base - INFO - 📦 [9/20] Processando Drontal
2026-06-29 21:15:34,591 - scraper_base - INFO - 🔍 Cobasi: Buscando Drontal
2026-06-29 21:15:38,659 - scraper_cobasi - INFO - Cobasi: Dados extraídos via JSON para Drontal
2026-06-29 21:15:38,659 - scraper_base - INFO - ✅ Cobasi: 8 produto(s) encontrado(s) para Drontal
2026-06-29 21:15:39,820 - scraper_base - INFO - 📦 [10/20] Processando Milbemax
2026-06-29 21:15:39,820 - scraper_base - INFO - 🔍 Cobasi: Buscando Milbemax
2026-06-29 21:15:44,155 - scraper_cobasi - INFO - Cobasi: Dados extraídos via JSON para Milbemax
2026-06-29 21:15:44,155 - scraper_base - INFO - ✅ Cobasi: 4 produto(s) encontrado(s) para Milbemax
2026-06-29 21:15:46,829 - scraper_base - INFO - 📦 [11/20] Processando Vermivet
2026-06-29 21:15:46,829 - scraper_base - INFO - 🔍 Cobasi: Buscando Vermivet
2026-06-29 21:15:51,006 - scraper_cobasi - INFO - Cobasi: Dados extraídos via JSON para Vermivet
2026-06-29 21:15:51,006 - scraper_base - INFO - ✅ Cobasi: 5 produto(s) encontrado(s) para Vermivet
2026-06-29 21:15:52,614 - scraper_base - INFO - 📦 [12/20] Processando Rimadyl
2026-06-29 21:15:52,614 - scraper_base - INFO - 🔍 Cobasi: Buscando Rimadyl
2026-06-29 21:15:55,746 - scraper_cobasi - INFO - Cobasi: Dados extraídos via JSON para Rimadyl
2026-06-29 21:15:55,746 - scraper_base - INFO - ✅ Cobasi: 3 produto(s) encontrado(s) para Rimadyl
2026-06-29 21:15:57,060 - scraper_base - INFO - 📦 [13/20] Processando Onsior
2026-06-29 21:15:57,060 - scraper_base - INFO - 🔍 Cobasi: Buscando Onsior
2026-06-29 21:16:01,110 - scraper_cobasi - INFO - Cobasi: Dados extraídos via JSON para Onsior
2026-06-29 21:16:01,111 - scraper_base - INFO - ✅ Cobasi: 4 produto(s) encontrado(s) para Onsior
2026-06-29 21:16:03,465 - scraper_base - INFO - 📦 [14/20] Processando Maxicam
2026-06-29 21:16:03,465 - scraper_base - INFO - 🔍 Cobasi: Buscando Maxicam
2026-06-29 21:16:09,204 - scraper_cobasi - INFO - Cobasi: Dados extraídos via JSON para Maxicam
2026-06-29 21:16:09,205 - scraper_base - INFO - ✅ Cobasi: 3 produto(s) encontrado(s) para Maxicam
2026-06-29 21:16:11,086 - scraper_base - INFO - 📦 [15/20] Processando Carproflan
2026-06-29 21:16:11,087 - scraper_base - INFO - 🔍 Cobasi: Buscando Carproflan
2026-06-29 21:16:14,002 - scraper_cobasi - INFO - Cobasi: Dados extraídos via JSON para Carproflan
2026-06-29 21:16:14,002 - scraper_base - INFO - ✅ Cobasi: 3 produto(s) encontrado(s) para Carproflan
2026-06-29 21:16:16,028 - scraper_base - INFO - 📦 [16/20] Processando Previcox
2026-06-29 21:16:16,028 - scraper_base - INFO - 🔍 Cobasi: Buscando Previcox
2026-06-29 21:16:19,347 - scraper_cobasi - INFO - Cobasi: Dados extraídos via JSON para Previcox
2026-06-29 21:16:19,347 - scraper_base - INFO - ✅ Cobasi: 2 produto(s) encontrado(s) para Previcox
2026-06-29 21:16:20,382 - scraper_base - INFO - 📦 [17/20] Processando Apoquel
2026-06-29 21:16:20,382 - scraper_base - INFO - 🔍 Cobasi: Buscando Apoquel
2026-06-29 21:16:23,959 - scraper_cobasi - INFO - Cobasi: Dados extraídos via JSON para Apoquel
2026-06-29 21:16:23,959 - scraper_base - INFO - ✅ Cobasi: 3 produto(s) encontrado(s) para Apoquel
2026-06-29 21:16:25,073 - scraper_base - INFO - 📦 [18/20] Processando Zenrelia
2026-06-29 21:16:25,074 - scraper_base - INFO - 🔍 Cobasi: Buscando Zenrelia
2026-06-29 21:16:28,642 - scraper_cobasi - INFO - Cobasi: Dados extraídos via JSON para Zenrelia
2026-06-29 21:16:28,642 - scraper_base - INFO - ✅ Cobasi: 3 produto(s) encontrado(s) para Zenrelia
2026-06-29 21:16:31,629 - scraper_base - INFO - 📦 [19/20] Processando Synulox
2026-06-29 21:16:31,629 - scraper_base - INFO - 🔍 Cobasi: Buscando Synulox
2026-06-29 21:16:35,248 - scraper_cobasi - INFO - Cobasi: Dados extraídos via JSON para Synulox
2026-06-29 21:16:35,248 - scraper_base - INFO - ✅ Cobasi: 2 produto(s) encontrado(s) para Synulox
2026-06-29 21:16:37,478 - scraper_base - INFO - 📦 [20/20] Processando Baytril
2026-06-29 21:16:37,479 - scraper_base - INFO - 🔍 Cobasi: Buscando Baytril
2026-06-29 21:16:42,015 - scraper_cobasi - INFO - Cobasi: Dados extraídos via JSON para Baytril
2026-06-29 21:16:42,015 - scraper_base - INFO - ✅ Cobasi: 2 produto(s) encontrado(s) para Baytril
2026-06-29 21:16:43,152 - scraper_base - INFO - 📊 Cobasi - Estatísticas finais:
2026-06-29 21:16:43,153 - scraper_base - INFO -    • Medicamentos processados: 20
2026-06-29 21:16:43,153 - scraper_base - INFO -    • Produtos encontrados: 159
2026-06-29 21:16:43,153 - scraper_base - INFO -    • Medicamentos sem resultado: 0
2026-06-29 21:16:43,153 - scraper_base - INFO -    • Tempo total: 128.1s
2026-06-29 21:16:43,153 - scraper_base - INFO -    • Tempo médio por medicamento: 6.4s
2026-06-29 21:16:43,305 - gerenciador_arquivos - INFO - Excel salvo: dados_coletados/cobasi_20260629_211643.xlsx (159 produtos)
2026-06-29 21:16:43,305 - gerenciador_principal - INFO - Cobasi: Arquivo individual salvo com sucesso
2026-06-29 21:16:43,305 - gerenciador_principal - INFO - Pausando entre sites...
2026-06-29 21:16:45,306 - gerenciador_principal - INFO - [2/3] Processando Petlove
2026-06-29 21:16:45,306 - scraper_base - INFO - 🚀 Iniciando scraping completo - Petlove
2026-06-29 21:16:45,702 - gerenciador_conexoes - INFO - Sessao estabelecida com petlove.com.br
2026-06-29 21:16:45,702 - scraper_base - INFO - 📋 20 medicamentos para processar
2026-06-29 21:16:45,702 - scraper_base - INFO - 📦 [1/20] Processando Simparic
2026-06-29 21:16:45,702 - scraper_base - INFO - 🔍 Petlove: Buscando Simparic
2026-06-29 21:16:46,538 - scraper_base - INFO - ✅ Petlove: 36 produto(s) encontrado(s) para Simparic
2026-06-29 21:16:48,331 - scraper_base - INFO - 📦 [2/20] Processando Revolution
2026-06-29 21:16:48,332 - scraper_base - INFO - 🔍 Petlove: Buscando Revolution
2026-06-29 21:16:49,129 - scraper_base - INFO - ✅ Petlove: 20 produto(s) encontrado(s) para Revolution
2026-06-29 21:16:50,408 - scraper_base - INFO - 📦 [3/20] Processando NexGard
2026-06-29 21:16:50,408 - scraper_base - INFO - 🔍 Petlove: Buscando NexGard
2026-06-29 21:16:51,196 - scraper_base - INFO - ✅ Petlove: 11 produto(s) encontrado(s) para NexGard
2026-06-29 21:16:53,767 - scraper_base - INFO - 📦 [4/20] Processando NexGard Spectra
2026-06-29 21:16:53,767 - scraper_base - INFO - 🔍 Petlove: Buscando NexGard Spectra
2026-06-29 21:16:54,451 - scraper_base - INFO - ✅ Petlove: 5 produto(s) encontrado(s) para NexGard Spectra
2026-06-29 21:16:57,050 - scraper_base - INFO - 📦 [5/20] Processando NexGard Combo
2026-06-29 21:16:57,050 - scraper_base - INFO - 🔍 Petlove: Buscando NexGard Combo
2026-06-29 21:16:57,722 - scraper_base - INFO - ✅ Petlove: 2 produto(s) encontrado(s) para NexGard Combo
2026-06-29 21:16:59,099 - scraper_base - INFO - 📦 [6/20] Processando Bravecto
2026-06-29 21:16:59,099 - scraper_base - INFO - 🔍 Petlove: Buscando Bravecto
2026-06-29 21:16:59,906 - scraper_base - INFO - ✅ Petlove: 21 produto(s) encontrado(s) para Bravecto
2026-06-29 21:17:01,650 - scraper_base - INFO - 📦 [7/20] Processando Frontline
2026-06-29 21:17:01,650 - scraper_base - INFO - 🔍 Petlove: Buscando Frontline
2026-06-29 21:17:02,382 - scraper_base - INFO - ✅ Petlove: 11 produto(s) encontrado(s) para Frontline
2026-06-29 21:17:04,958 - scraper_base - INFO - 📦 [8/20] Processando Advocate
2026-06-29 21:17:04,958 - scraper_base - INFO - 🔍 Petlove: Buscando Advocate
2026-06-29 21:17:05,769 - scraper_base - INFO - ✅ Petlove: 10 produto(s) encontrado(s) para Advocate
2026-06-29 21:17:07,753 - scraper_base - INFO - 📦 [9/20] Processando Drontal
2026-06-29 21:17:07,753 - scraper_base - INFO - 🔍 Petlove: Buscando Drontal
2026-06-29 21:17:08,599 - scraper_base - INFO - ✅ Petlove: 36 produto(s) encontrado(s) para Drontal
2026-06-29 21:17:11,595 - scraper_base - INFO - 📦 [10/20] Processando Milbemax
2026-06-29 21:17:11,595 - scraper_base - INFO - 🔍 Petlove: Buscando Milbemax
2026-06-29 21:17:12,306 - scraper_base - INFO - ✅ Petlove: 14 produto(s) encontrado(s) para Milbemax
2026-06-29 21:17:14,571 - scraper_base - INFO - 📦 [11/20] Processando Vermivet
2026-06-29 21:17:14,571 - scraper_base - INFO - 🔍 Petlove: Buscando Vermivet
2026-06-29 21:17:15,455 - scraper_base - INFO - ✅ Petlove: 36 produto(s) encontrado(s) para Vermivet
2026-06-29 21:17:18,252 - scraper_base - INFO - 📦 [12/20] Processando Rimadyl
2026-06-29 21:17:18,252 - scraper_base - INFO - 🔍 Petlove: Buscando Rimadyl
2026-06-29 21:17:18,985 - scraper_base - INFO - ✅ Petlove: 1 produto(s) encontrado(s) para Rimadyl
2026-06-29 21:17:21,128 - scraper_base - INFO - 📦 [13/20] Processando Onsior
2026-06-29 21:17:21,128 - scraper_base - INFO - 🔍 Petlove: Buscando Onsior
2026-06-29 21:17:21,819 - scraper_base - INFO - ✅ Petlove: 4 produto(s) encontrado(s) para Onsior
2026-06-29 21:17:23,621 - scraper_base - INFO - 📦 [14/20] Processando Maxicam
2026-06-29 21:17:23,621 - scraper_base - INFO - 🔍 Petlove: Buscando Maxicam
2026-06-29 21:17:24,298 - scraper_base - INFO - ✅ Petlove: 3 produto(s) encontrado(s) para Maxicam
2026-06-29 21:17:25,657 - scraper_base - INFO - 📦 [15/20] Processando Carproflan
2026-06-29 21:17:25,657 - scraper_base - INFO - 🔍 Petlove: Buscando Carproflan
2026-06-29 21:17:26,665 - scraper_base - INFO - ✅ Petlove: 8 produto(s) encontrado(s) para Carproflan
2026-06-29 21:17:27,990 - scraper_base - INFO - 📦 [16/20] Processando Previcox
2026-06-29 21:17:27,990 - scraper_base - INFO - 🔍 Petlove: Buscando Previcox
2026-06-29 21:17:28,655 - scraper_base - INFO - ✅ Petlove: 4 produto(s) encontrado(s) para Previcox
2026-06-29 21:17:30,049 - scraper_base - INFO - 📦 [17/20] Processando Apoquel
2026-06-29 21:17:30,049 - scraper_base - INFO - 🔍 Petlove: Buscando Apoquel
2026-06-29 21:17:31,110 - scraper_base - INFO - ✅ Petlove: 16 produto(s) encontrado(s) para Apoquel
2026-06-29 21:17:33,098 - scraper_base - INFO - 📦 [18/20] Processando Zenrelia
2026-06-29 21:17:33,098 - scraper_base - INFO - 🔍 Petlove: Buscando Zenrelia
2026-06-29 21:17:33,766 - scraper_base - INFO - ✅ Petlove: 4 produto(s) encontrado(s) para Zenrelia
2026-06-29 21:17:35,551 - scraper_base - INFO - 📦 [19/20] Processando Synulox
2026-06-29 21:17:35,552 - scraper_base - INFO - 🔍 Petlove: Buscando Synulox
2026-06-29 21:17:36,207 - scraper_base - INFO - ✅ Petlove: 1 produto(s) encontrado(s) para Synulox
2026-06-29 21:17:37,436 - scraper_base - INFO - 📦 [20/20] Processando Baytril
2026-06-29 21:17:37,436 - scraper_base - INFO - 🔍 Petlove: Buscando Baytril
2026-06-29 21:17:38,222 - scraper_base - INFO - ✅ Petlove: 6 produto(s) encontrado(s) para Baytril
2026-06-29 21:17:39,528 - scraper_base - INFO - 📊 Petlove - Estatísticas finais:
2026-06-29 21:17:39,528 - scraper_base - INFO -    • Medicamentos processados: 20
2026-06-29 21:17:39,528 - scraper_base - INFO -    • Produtos encontrados: 249
2026-06-29 21:17:39,528 - scraper_base - INFO -    • Medicamentos sem resultado: 0
2026-06-29 21:17:39,528 - scraper_base - INFO -    • Tempo total: 54.2s
2026-06-29 21:17:39,528 - scraper_base - INFO -    • Tempo médio por medicamento: 2.7s
2026-06-29 21:17:39,564 - gerenciador_arquivos - INFO - Excel salvo: dados_coletados/petlove_20260629_211739.xlsx (249 produtos)
2026-06-29 21:17:39,564 - gerenciador_principal - INFO - Petlove: Arquivo individual salvo com sucesso
2026-06-29 21:17:39,564 - gerenciador_principal - INFO - Pausando entre sites...
2026-06-29 21:17:41,565 - gerenciador_principal - INFO - [3/3] Processando Petz
2026-06-29 21:17:41,565 - scraper_base - INFO - 🚀 Iniciando scraping completo - Petz
2026-06-29 21:17:41,877 - scraper_base - INFO - 📋 20 medicamentos para processar
2026-06-29 21:17:41,877 - scraper_base - INFO - 📦 [1/20] Processando Simparic
2026-06-29 21:17:41,877 - scraper_base - INFO - 🔍 Petz: Buscando Simparic
2026-06-29 21:17:45,173 - gerenciador_conexoes - INFO - Chrome inicializado com otimizacoes de velocidade
2026-06-29 21:17:49,458 - scraper_base - INFO - ✅ Petz: 24 produto(s) encontrado(s) para Simparic
2026-06-29 21:17:51,852 - scraper_base - INFO - 📦 [2/20] Processando Revolution
2026-06-29 21:17:51,852 - scraper_base - INFO - 🔍 Petz: Buscando Revolution
2026-06-29 21:17:54,678 - scraper_base - INFO - ✅ Petz: 27 produto(s) encontrado(s) para Revolution
2026-06-29 21:17:56,240 - scraper_base - INFO - 📦 [3/20] Processando NexGard
2026-06-29 21:17:56,240 - scraper_base - INFO - 🔍 Petz: Buscando NexGard
2026-06-29 21:17:58,629 - scraper_base - INFO - ✅ Petz: 22 produto(s) encontrado(s) para NexGard
2026-06-29 21:17:59,860 - scraper_base - INFO - 📦 [4/20] Processando NexGard Spectra
2026-06-29 21:17:59,860 - scraper_base - INFO - 🔍 Petz: Buscando NexGard Spectra
2026-06-29 21:18:02,036 - scraper_base - INFO - ✅ Petz: 10 produto(s) encontrado(s) para NexGard Spectra
2026-06-29 21:18:04,018 - scraper_base - INFO - 📦 [5/20] Processando NexGard Combo
2026-06-29 21:18:04,018 - scraper_base - INFO - 🔍 Petz: Buscando NexGard Combo
2026-06-29 21:18:05,759 - scraper_base - INFO - ✅ Petz: 4 produto(s) encontrado(s) para NexGard Combo
2026-06-29 21:18:06,978 - scraper_base - INFO - 📦 [6/20] Processando Bravecto
2026-06-29 21:18:06,978 - scraper_base - INFO - 🔍 Petz: Buscando Bravecto
2026-06-29 21:18:09,231 - scraper_base - INFO - ✅ Petz: 16 produto(s) encontrado(s) para Bravecto
2026-06-29 21:18:11,503 - scraper_base - INFO - 📦 [7/20] Processando Frontline
2026-06-29 21:18:11,504 - scraper_base - INFO - 🔍 Petz: Buscando Frontline
2026-06-29 21:18:13,722 - scraper_base - INFO - ✅ Petz: 11 produto(s) encontrado(s) para Frontline
2026-06-29 21:18:15,883 - scraper_base - INFO - 📦 [8/20] Processando Advocate
2026-06-29 21:18:15,883 - scraper_base - INFO - 🔍 Petz: Buscando Advocate
2026-06-29 21:18:17,799 - scraper_base - INFO - ✅ Petz: 12 produto(s) encontrado(s) para Advocate
2026-06-29 21:18:19,654 - scraper_base - INFO - 📦 [9/20] Processando Drontal
2026-06-29 21:18:19,654 - scraper_base - INFO - 🔍 Petz: Buscando Drontal
2026-06-29 21:18:22,191 - scraper_base - INFO - ✅ Petz: 34 produto(s) encontrado(s) para Drontal
2026-06-29 21:18:24,928 - scraper_base - INFO - 📦 [10/20] Processando Milbemax
2026-06-29 21:18:24,929 - scraper_base - INFO - 🔍 Petz: Buscando Milbemax
2026-06-29 21:18:26,746 - scraper_base - INFO - ✅ Petz: 4 produto(s) encontrado(s) para Milbemax
2026-06-29 21:18:28,623 - scraper_base - INFO - 📦 [11/20] Processando Vermivet
2026-06-29 21:18:28,623 - scraper_base - INFO - 🔍 Petz: Buscando Vermivet
2026-06-29 21:18:30,187 - scraper_base - INFO - ✅ Petz: 5 produto(s) encontrado(s) para Vermivet
2026-06-29 21:18:31,261 - scraper_base - INFO - 📦 [12/20] Processando Rimadyl
2026-06-29 21:18:31,261 - scraper_base - INFO - 🔍 Petz: Buscando Rimadyl
2026-06-29 21:18:32,820 - scraper_base - INFO - ✅ Petz: 3 produto(s) encontrado(s) para Rimadyl
2026-06-29 21:18:35,646 - scraper_base - INFO - 📦 [13/20] Processando Onsior
2026-06-29 21:18:35,646 - scraper_base - INFO - 🔍 Petz: Buscando Onsior
2026-06-29 21:18:37,385 - scraper_base - INFO - ✅ Petz: 4 produto(s) encontrado(s) para Onsior
2026-06-29 21:18:38,716 - scraper_base - INFO - 📦 [14/20] Processando Maxicam
2026-06-29 21:18:38,716 - scraper_base - INFO - 🔍 Petz: Buscando Maxicam
2026-06-29 21:18:40,997 - scraper_base - INFO - ✅ Petz: 29 produto(s) encontrado(s) para Maxicam
2026-06-29 21:18:43,384 - scraper_base - INFO - 📦 [15/20] Processando Carproflan
2026-06-29 21:18:43,384 - scraper_base - INFO - 🔍 Petz: Buscando Carproflan
2026-06-29 21:18:44,958 - scraper_base - INFO - ✅ Petz: 3 produto(s) encontrado(s) para Carproflan
2026-06-29 21:18:47,859 - scraper_base - INFO - 📦 [16/20] Processando Previcox
2026-06-29 21:18:47,859 - scraper_base - INFO - 🔍 Petz: Buscando Previcox
2026-06-29 21:18:50,028 - scraper_base - INFO - ✅ Petz: 2 produto(s) encontrado(s) para Previcox
2026-06-29 21:18:51,705 - scraper_base - INFO - 📦 [17/20] Processando Apoquel
2026-06-29 21:18:51,705 - scraper_base - INFO - 🔍 Petz: Buscando Apoquel
2026-06-29 21:18:53,635 - scraper_base - INFO - ✅ Petz: 3 produto(s) encontrado(s) para Apoquel
2026-06-29 21:18:55,309 - scraper_base - INFO - 📦 [18/20] Processando Zenrelia
2026-06-29 21:18:55,309 - scraper_base - INFO - 🔍 Petz: Buscando Zenrelia
2026-06-29 21:18:56,871 - scraper_base - INFO - ✅ Petz: 4 produto(s) encontrado(s) para Zenrelia
2026-06-29 21:18:58,810 - scraper_base - INFO - 📦 [19/20] Processando Synulox
2026-06-29 21:18:58,810 - scraper_base - INFO - 🔍 Petz: Buscando Synulox
2026-06-29 21:19:01,295 - scraper_base - INFO - ✅ Petz: 2 produto(s) encontrado(s) para Synulox
2026-06-29 21:19:03,389 - scraper_base - INFO - 📦 [20/20] Processando Baytril
2026-06-29 21:19:03,390 - scraper_base - INFO - 🔍 Petz: Buscando Baytril
2026-06-29 21:19:05,540 - scraper_base - INFO - ✅ Petz: 9 produto(s) encontrado(s) para Baytril
2026-06-29 21:19:08,525 - scraper_base - INFO - 📊 Petz - Estatísticas finais:
2026-06-29 21:19:08,525 - scraper_base - INFO -    • Medicamentos processados: 20
2026-06-29 21:19:08,525 - scraper_base - INFO -    • Produtos encontrados: 228
2026-06-29 21:19:08,525 - scraper_base - INFO -    • Medicamentos sem resultado: 0
2026-06-29 21:19:08,525 - scraper_base - INFO -    • Tempo total: 87.0s
2026-06-29 21:19:08,525 - scraper_base - INFO -    • Tempo médio por medicamento: 4.3s
2026-06-29 21:19:08,638 - gerenciador_arquivos - INFO - Excel salvo: dados_coletados/petz_20260629_211908.xlsx (228 produtos)
2026-06-29 21:19:08,639 - gerenciador_principal - INFO - Petz: Arquivo individual salvo com sucesso
2026-06-29 21:19:08,639 - gerenciador_principal - INFO - Gerando relatório consolidado...
2026-06-29 21:19:08,814 - gerenciador_arquivos - INFO - Relatório consolidado salvo: dados_relatorios/relatorio_consolidado_20260629_211908.xlsx
2026-06-29 21:19:08,909 - gerenciador_conexoes - INFO - Chrome fechado
2026-06-29 21:19:08,909 - gerenciador_conexoes - INFO - Métodos utilizados - Requests: 66.7%, Selenium: 33.3%, Falhas: 0.0%
2026-06-29 21:19:08,909 - gerenciador_principal - INFO - ============================================================
2026-06-29 21:19:08,909 - gerenciador_principal - INFO - RELATORIO FINAL DE EXECUÇÃO
2026-06-29 21:19:08,909 - gerenciador_principal - INFO - ============================================================
2026-06-29 21:19:08,909 - gerenciador_principal - INFO - Sites processados: 3
2026-06-29 21:19:08,909 - gerenciador_principal - INFO - Sites com sucesso: 3
2026-06-29 21:19:08,909 - gerenciador_principal - INFO - Total de produtos coletados: 636
2026-06-29 21:19:08,909 - gerenciador_principal - INFO - Tempo total de execução: 273.6 segundos
2026-06-29 21:19:08,910 - gerenciador_principal - INFO - Estatísticas de conexão:
2026-06-29 21:19:08,910 - gerenciador_principal - INFO -   - Requests bem-sucedidos: 66.7%
2026-06-29 21:19:08,910 - gerenciador_principal - INFO -   - Selenium fallback: 33.3%
2026-06-29 21:19:08,910 - gerenciador_principal - INFO -   - Falhas totais: 0.0%
2026-06-29 21:19:08,913 - gerenciador_principal - INFO - Arquivos salvos na pasta: dados_coletados
2026-06-29 21:19:08,913 - gerenciador_principal - INFO - Total de arquivos: 798
2026-06-29 21:19:08,913 - gerenciador_principal - INFO - ============================================================
