2026-03-01 20:12:38,222 - configurador_logs - INFO - Sistema de logs configurado com sucesso
2026-03-01 20:12:38,222 - configurador_logs - INFO - 🚀 Logs configurados para MODO PRODUÇÃO
2026-03-01 20:12:38,222 - gerenciador_principal - INFO - Inicializando sistema - Modo: PRODUCAO
2026-03-01 20:12:38,223 - gerenciador_arquivos - INFO - Pasta dados_coletados preparada
2026-03-01 20:12:38,223 - gerenciador_principal - INFO - Sistema inicializado com 3 scrapers
2026-03-01 20:12:38,223 - gerenciador_principal - INFO - ============================================================
2026-03-01 20:12:38,223 - gerenciador_principal - INFO - INICIANDO SCRAPING COMPLETO - PRODUCAO
2026-03-01 20:12:38,223 - gerenciador_principal - INFO - ============================================================
2026-03-01 20:12:38,223 - gerenciador_principal - INFO - [1/3] Processando Cobasi
2026-03-01 20:12:38,223 - scraper_base - INFO - 🚀 Iniciando scraping completo - Cobasi
2026-03-01 20:12:38,705 - gerenciador_conexoes - INFO - Sessao estabelecida com cobasi.com.br
2026-03-01 20:12:38,705 - scraper_base - INFO - 📋 20 medicamentos para processar
2026-03-01 20:12:38,705 - scraper_base - INFO - 📦 [1/20] Processando Simparic
2026-03-01 20:12:38,705 - scraper_base - INFO - 🔍 Cobasi: Buscando Simparic
2026-03-01 20:12:42,547 - scraper_cobasi - INFO - Cobasi: Dados extraídos via JSON para Simparic
2026-03-01 20:12:42,548 - scraper_base - INFO - ✅ Cobasi: 12 produto(s) encontrado(s) para Simparic
2026-03-01 20:12:44,454 - scraper_base - INFO - 📦 [2/20] Processando Revolution
2026-03-01 20:12:44,454 - scraper_base - INFO - 🔍 Cobasi: Buscando Revolution
2026-03-01 20:12:49,313 - scraper_cobasi - INFO - Cobasi: Dados extraídos via JSON para Revolution
2026-03-01 20:12:49,313 - scraper_base - INFO - ✅ Cobasi: 17 produto(s) encontrado(s) para Revolution
2026-03-01 20:12:52,279 - scraper_base - INFO - 📦 [3/20] Processando NexGard
2026-03-01 20:12:52,279 - scraper_base - INFO - 🔍 Cobasi: Buscando NexGard
2026-03-01 20:12:56,172 - scraper_cobasi - INFO - Cobasi: Dados extraídos via JSON para NexGard
2026-03-01 20:12:56,172 - scraper_base - INFO - ✅ Cobasi: 22 produto(s) encontrado(s) para NexGard
2026-03-01 20:12:59,153 - scraper_base - INFO - 📦 [4/20] Processando NexGard Spectra
2026-03-01 20:12:59,153 - scraper_base - INFO - 🔍 Cobasi: Buscando NexGard Spectra
2026-03-01 20:13:02,783 - scraper_cobasi - INFO - Cobasi: Dados extraídos via JSON para NexGard Spectra
2026-03-01 20:13:02,784 - scraper_base - INFO - ✅ Cobasi: 10 produto(s) encontrado(s) para NexGard Spectra
2026-03-01 20:13:04,846 - scraper_base - INFO - 📦 [5/20] Processando NexGard Combo
2026-03-01 20:13:04,847 - scraper_base - INFO - 🔍 Cobasi: Buscando NexGard Combo
2026-03-01 20:13:07,549 - scraper_cobasi - INFO - Cobasi: Dados extraídos via JSON para NexGard Combo
2026-03-01 20:13:07,549 - scraper_base - INFO - ✅ Cobasi: 4 produto(s) encontrado(s) para NexGard Combo
2026-03-01 20:13:08,813 - scraper_base - INFO - 📦 [6/20] Processando Bravecto
2026-03-01 20:13:08,813 - scraper_base - INFO - 🔍 Cobasi: Buscando Bravecto
2026-03-01 20:13:14,083 - scraper_cobasi - INFO - Cobasi: Dados extraídos via JSON para Bravecto
2026-03-01 20:13:14,083 - scraper_base - INFO - ✅ Cobasi: 16 produto(s) encontrado(s) para Bravecto
2026-03-01 20:13:15,604 - scraper_base - INFO - 📦 [7/20] Processando Frontline
2026-03-01 20:13:15,604 - scraper_base - INFO - 🔍 Cobasi: Buscando Frontline
2026-03-01 20:13:20,434 - scraper_cobasi - INFO - Cobasi: Dados extraídos via JSON para Frontline
2026-03-01 20:13:20,434 - scraper_base - INFO - ✅ Cobasi: 11 produto(s) encontrado(s) para Frontline
2026-03-01 20:13:22,191 - scraper_base - INFO - 📦 [8/20] Processando Advocate
2026-03-01 20:13:22,191 - scraper_base - INFO - 🔍 Cobasi: Buscando Advocate
2026-03-01 20:13:26,406 - scraper_cobasi - INFO - Cobasi: Dados extraídos via JSON para Advocate
2026-03-01 20:13:26,406 - scraper_base - INFO - ✅ Cobasi: 12 produto(s) encontrado(s) para Advocate
2026-03-01 20:13:29,268 - scraper_base - INFO - 📦 [9/20] Processando Drontal
2026-03-01 20:13:29,268 - scraper_base - INFO - 🔍 Cobasi: Buscando Drontal
2026-03-01 20:13:32,990 - scraper_cobasi - INFO - Cobasi: Dados extraídos via JSON para Drontal
2026-03-01 20:13:32,990 - scraper_base - INFO - ✅ Cobasi: 8 produto(s) encontrado(s) para Drontal
2026-03-01 20:13:34,817 - scraper_base - INFO - 📦 [10/20] Processando Milbemax
2026-03-01 20:13:34,817 - scraper_base - INFO - 🔍 Cobasi: Buscando Milbemax
2026-03-01 20:13:38,093 - scraper_cobasi - INFO - Cobasi: Dados extraídos via JSON para Milbemax
2026-03-01 20:13:38,093 - scraper_base - INFO - ✅ Cobasi: 4 produto(s) encontrado(s) para Milbemax
2026-03-01 20:13:41,064 - scraper_base - INFO - 📦 [11/20] Processando Vermivet
2026-03-01 20:13:41,064 - scraper_base - INFO - 🔍 Cobasi: Buscando Vermivet
2026-03-01 20:13:44,290 - scraper_cobasi - INFO - Cobasi: Dados extraídos via JSON para Vermivet
2026-03-01 20:13:44,290 - scraper_base - INFO - ✅ Cobasi: 5 produto(s) encontrado(s) para Vermivet
2026-03-01 20:13:45,559 - scraper_base - INFO - 📦 [12/20] Processando Rimadyl
2026-03-01 20:13:45,559 - scraper_base - INFO - 🔍 Cobasi: Buscando Rimadyl
2026-03-01 20:13:48,319 - scraper_cobasi - INFO - Cobasi: Dados extraídos via JSON para Rimadyl
2026-03-01 20:13:48,319 - scraper_base - INFO - ✅ Cobasi: 3 produto(s) encontrado(s) para Rimadyl
2026-03-01 20:13:49,390 - scraper_base - INFO - 📦 [13/20] Processando Onsior
2026-03-01 20:13:49,391 - scraper_base - INFO - 🔍 Cobasi: Buscando Onsior
2026-03-01 20:13:52,617 - scraper_cobasi - INFO - Cobasi: Dados extraídos via JSON para Onsior
2026-03-01 20:13:52,617 - scraper_base - INFO - ✅ Cobasi: 4 produto(s) encontrado(s) para Onsior
2026-03-01 20:13:55,255 - scraper_base - INFO - 📦 [14/20] Processando Maxicam
2026-03-01 20:13:55,255 - scraper_base - INFO - 🔍 Cobasi: Buscando Maxicam
2026-03-01 20:13:58,180 - scraper_cobasi - INFO - Cobasi: Dados extraídos via JSON para Maxicam
2026-03-01 20:13:58,181 - scraper_base - INFO - ✅ Cobasi: 3 produto(s) encontrado(s) para Maxicam
2026-03-01 20:14:00,134 - scraper_base - INFO - 📦 [15/20] Processando Carproflan
2026-03-01 20:14:00,134 - scraper_base - INFO - 🔍 Cobasi: Buscando Carproflan
2026-03-01 20:14:02,824 - scraper_cobasi - INFO - Cobasi: Dados extraídos via JSON para Carproflan
2026-03-01 20:14:02,825 - scraper_base - INFO - ✅ Cobasi: 3 produto(s) encontrado(s) para Carproflan
2026-03-01 20:14:04,490 - scraper_base - INFO - 📦 [16/20] Processando Previcox
2026-03-01 20:14:04,490 - scraper_base - INFO - 🔍 Cobasi: Buscando Previcox
2026-03-01 20:14:08,476 - scraper_cobasi - INFO - Cobasi: Dados extraídos via JSON para Previcox
2026-03-01 20:14:08,476 - scraper_base - INFO - ✅ Cobasi: 2 produto(s) encontrado(s) para Previcox
2026-03-01 20:14:09,626 - scraper_base - INFO - 📦 [17/20] Processando Apoquel
2026-03-01 20:14:09,627 - scraper_base - INFO - 🔍 Cobasi: Buscando Apoquel
2026-03-01 20:14:12,561 - scraper_cobasi - INFO - Cobasi: Dados extraídos via JSON para Apoquel
2026-03-01 20:14:12,561 - scraper_base - INFO - ✅ Cobasi: 3 produto(s) encontrado(s) para Apoquel
2026-03-01 20:14:15,292 - scraper_base - INFO - 📦 [18/20] Processando Zenrelia
2026-03-01 20:14:15,292 - scraper_base - INFO - 🔍 Cobasi: Buscando Zenrelia
2026-03-01 20:14:19,160 - scraper_cobasi - INFO - Cobasi: Dados extraídos via JSON para Zenrelia
2026-03-01 20:14:19,160 - scraper_base - INFO - ✅ Cobasi: 4 produto(s) encontrado(s) para Zenrelia
2026-03-01 20:14:21,696 - scraper_base - INFO - 📦 [19/20] Processando Synulox
2026-03-01 20:14:21,696 - scraper_base - INFO - 🔍 Cobasi: Buscando Synulox
2026-03-01 20:14:24,574 - scraper_cobasi - INFO - Cobasi: Dados extraídos via JSON para Synulox
2026-03-01 20:14:24,574 - scraper_base - INFO - ✅ Cobasi: 2 produto(s) encontrado(s) para Synulox
2026-03-01 20:14:25,658 - scraper_base - INFO - 📦 [20/20] Processando Baytril
2026-03-01 20:14:25,658 - scraper_base - INFO - 🔍 Cobasi: Buscando Baytril
2026-03-01 20:14:28,873 - scraper_cobasi - INFO - Cobasi: Dados extraídos via JSON para Baytril
2026-03-01 20:14:28,873 - scraper_base - INFO - ✅ Cobasi: 4 produto(s) encontrado(s) para Baytril
2026-03-01 20:14:31,523 - scraper_base - INFO - 📊 Cobasi - Estatísticas finais:
2026-03-01 20:14:31,523 - scraper_base - INFO -    • Medicamentos processados: 20
2026-03-01 20:14:31,523 - scraper_base - INFO -    • Produtos encontrados: 149
2026-03-01 20:14:31,524 - scraper_base - INFO -    • Medicamentos sem resultado: 0
2026-03-01 20:14:31,524 - scraper_base - INFO -    • Tempo total: 113.3s
2026-03-01 20:14:31,524 - scraper_base - INFO -    • Tempo médio por medicamento: 5.7s
2026-03-01 20:14:31,670 - gerenciador_arquivos - INFO - Excel salvo: dados_coletados/cobasi_20260301_201431.xlsx (149 produtos)
2026-03-01 20:14:31,670 - gerenciador_principal - INFO - Cobasi: Arquivo individual salvo com sucesso
2026-03-01 20:14:31,670 - gerenciador_principal - INFO - Pausando entre sites...
2026-03-01 20:14:33,670 - gerenciador_principal - INFO - [2/3] Processando Petlove
2026-03-01 20:14:33,671 - scraper_base - INFO - 🚀 Iniciando scraping completo - Petlove
2026-03-01 20:14:33,918 - scraper_base - INFO - 📋 20 medicamentos para processar
2026-03-01 20:14:33,918 - scraper_base - INFO - 📦 [1/20] Processando Simparic
2026-03-01 20:14:33,918 - scraper_base - INFO - 🔍 Petlove: Buscando Simparic
2026-03-01 20:14:41,640 - gerenciador_conexoes - INFO - Chrome inicializado com otimizacoes de velocidade
2026-03-01 20:14:44,917 - scraper_base - INFO - ✅ Petlove: 36 produto(s) encontrado(s) para Simparic
2026-03-01 20:14:46,152 - scraper_base - INFO - 📦 [2/20] Processando Revolution
2026-03-01 20:14:46,152 - scraper_base - INFO - 🔍 Petlove: Buscando Revolution
2026-03-01 20:14:47,830 - scraper_base - INFO - ✅ Petlove: 18 produto(s) encontrado(s) para Revolution
2026-03-01 20:14:49,071 - scraper_base - INFO - 📦 [3/20] Processando NexGard
2026-03-01 20:14:49,071 - scraper_base - INFO - 🔍 Petlove: Buscando NexGard
2026-03-01 20:14:50,720 - scraper_base - INFO - ✅ Petlove: 11 produto(s) encontrado(s) para NexGard
2026-03-01 20:14:53,161 - scraper_base - INFO - 📦 [4/20] Processando NexGard Spectra
2026-03-01 20:14:53,161 - scraper_base - INFO - 🔍 Petlove: Buscando NexGard Spectra
2026-03-01 20:14:54,671 - scraper_base - INFO - ✅ Petlove: 5 produto(s) encontrado(s) para NexGard Spectra
2026-03-01 20:14:55,879 - scraper_base - INFO - 📦 [5/20] Processando NexGard Combo
2026-03-01 20:14:55,879 - scraper_base - INFO - 🔍 Petlove: Buscando NexGard Combo
2026-03-01 20:14:57,186 - scraper_base - INFO - ✅ Petlove: 2 produto(s) encontrado(s) para NexGard Combo
2026-03-01 20:14:58,425 - scraper_base - INFO - 📦 [6/20] Processando Bravecto
2026-03-01 20:14:58,425 - scraper_base - INFO - 🔍 Petlove: Buscando Bravecto
2026-03-01 20:15:00,206 - scraper_base - INFO - ✅ Petlove: 23 produto(s) encontrado(s) para Bravecto
2026-03-01 20:15:02,263 - scraper_base - INFO - 📦 [7/20] Processando Frontline
2026-03-01 20:15:02,263 - scraper_base - INFO - 🔍 Petlove: Buscando Frontline
2026-03-01 20:15:04,017 - scraper_base - INFO - ✅ Petlove: 11 produto(s) encontrado(s) para Frontline
2026-03-01 20:15:06,958 - scraper_base - INFO - 📦 [8/20] Processando Advocate
2026-03-01 20:15:06,958 - scraper_base - INFO - 🔍 Petlove: Buscando Advocate
2026-03-01 20:15:09,007 - scraper_base - INFO - ✅ Petlove: 11 produto(s) encontrado(s) para Advocate
2026-03-01 20:15:11,633 - scraper_base - INFO - 📦 [9/20] Processando Drontal
2026-03-01 20:15:11,633 - scraper_base - INFO - 🔍 Petlove: Buscando Drontal
2026-03-01 20:15:13,718 - scraper_base - INFO - ✅ Petlove: 36 produto(s) encontrado(s) para Drontal
2026-03-01 20:15:16,477 - scraper_base - INFO - 📦 [10/20] Processando Milbemax
2026-03-01 20:15:16,477 - scraper_base - INFO - 🔍 Petlove: Buscando Milbemax
2026-03-01 20:15:18,550 - scraper_base - INFO - ✅ Petlove: 14 produto(s) encontrado(s) para Milbemax
2026-03-01 20:15:20,014 - scraper_base - INFO - 📦 [11/20] Processando Vermivet
2026-03-01 20:15:20,014 - scraper_base - INFO - 🔍 Petlove: Buscando Vermivet
2026-03-01 20:15:21,771 - scraper_base - INFO - ✅ Petlove: 36 produto(s) encontrado(s) para Vermivet
2026-03-01 20:15:24,020 - scraper_base - INFO - 📦 [12/20] Processando Rimadyl
2026-03-01 20:15:24,020 - scraper_base - INFO - 🔍 Petlove: Buscando Rimadyl
2026-03-01 20:15:25,707 - scraper_base - INFO - ✅ Petlove: 1 produto(s) encontrado(s) para Rimadyl
2026-03-01 20:15:28,166 - scraper_base - INFO - 📦 [13/20] Processando Onsior
2026-03-01 20:15:28,166 - scraper_base - INFO - 🔍 Petlove: Buscando Onsior
2026-03-01 20:15:30,162 - scraper_base - INFO - ✅ Petlove: 4 produto(s) encontrado(s) para Onsior
2026-03-01 20:15:32,908 - scraper_base - INFO - 📦 [14/20] Processando Maxicam
2026-03-01 20:15:32,908 - scraper_base - INFO - 🔍 Petlove: Buscando Maxicam
2026-03-01 20:15:34,327 - scraper_base - INFO - ✅ Petlove: 3 produto(s) encontrado(s) para Maxicam
2026-03-01 20:15:36,902 - scraper_base - INFO - 📦 [15/20] Processando Carproflan
2026-03-01 20:15:36,902 - scraper_base - INFO - 🔍 Petlove: Buscando Carproflan
2026-03-01 20:15:38,486 - scraper_base - INFO - ✅ Petlove: 8 produto(s) encontrado(s) para Carproflan
2026-03-01 20:15:40,572 - scraper_base - INFO - 📦 [16/20] Processando Previcox
2026-03-01 20:15:40,572 - scraper_base - INFO - 🔍 Petlove: Buscando Previcox
2026-03-01 20:15:41,903 - scraper_base - INFO - ✅ Petlove: 4 produto(s) encontrado(s) para Previcox
2026-03-01 20:15:43,826 - scraper_base - INFO - 📦 [17/20] Processando Apoquel
2026-03-01 20:15:43,826 - scraper_base - INFO - 🔍 Petlove: Buscando Apoquel
2026-03-01 20:15:45,516 - scraper_base - INFO - ✅ Petlove: 16 produto(s) encontrado(s) para Apoquel
2026-03-01 20:15:48,197 - scraper_base - INFO - 📦 [18/20] Processando Zenrelia
2026-03-01 20:15:48,197 - scraper_base - INFO - 🔍 Petlove: Buscando Zenrelia
2026-03-01 20:15:49,676 - scraper_base - INFO - ✅ Petlove: 4 produto(s) encontrado(s) para Zenrelia
2026-03-01 20:15:51,694 - scraper_base - INFO - 📦 [19/20] Processando Synulox
2026-03-01 20:15:51,695 - scraper_base - INFO - 🔍 Petlove: Buscando Synulox
2026-03-01 20:15:52,762 - scraper_base - INFO - ✅ Petlove: 1 produto(s) encontrado(s) para Synulox
2026-03-01 20:15:54,784 - scraper_base - INFO - 📦 [20/20] Processando Baytril
2026-03-01 20:15:54,784 - scraper_base - INFO - 🔍 Petlove: Buscando Baytril
2026-03-01 20:15:56,119 - scraper_base - INFO - ✅ Petlove: 4 produto(s) encontrado(s) para Baytril
2026-03-01 20:15:59,077 - scraper_base - INFO - 📊 Petlove - Estatísticas finais:
2026-03-01 20:15:59,077 - scraper_base - INFO -    • Medicamentos processados: 20
2026-03-01 20:15:59,077 - scraper_base - INFO -    • Produtos encontrados: 248
2026-03-01 20:15:59,077 - scraper_base - INFO -    • Medicamentos sem resultado: 0
2026-03-01 20:15:59,077 - scraper_base - INFO -    • Tempo total: 85.4s
2026-03-01 20:15:59,078 - scraper_base - INFO -    • Tempo médio por medicamento: 4.3s
2026-03-01 20:15:59,177 - gerenciador_arquivos - INFO - Excel salvo: dados_coletados/petlove_20260301_201559.xlsx (248 produtos)
2026-03-01 20:15:59,177 - gerenciador_principal - INFO - Petlove: Arquivo individual salvo com sucesso
2026-03-01 20:15:59,177 - gerenciador_principal - INFO - Pausando entre sites...
2026-03-01 20:16:01,177 - gerenciador_principal - INFO - [3/3] Processando Petz
2026-03-01 20:16:01,178 - scraper_base - INFO - 🚀 Iniciando scraping completo - Petz
2026-03-01 20:16:01,491 - scraper_base - INFO - 📋 20 medicamentos para processar
2026-03-01 20:16:01,491 - scraper_base - INFO - 📦 [1/20] Processando Simparic
2026-03-01 20:16:01,491 - scraper_base - INFO - 🔍 Petz: Buscando Simparic
2026-03-01 20:16:04,386 - scraper_base - INFO - ✅ Petz: 12 produto(s) encontrado(s) para Simparic
2026-03-01 20:16:07,227 - scraper_base - INFO - 📦 [2/20] Processando Revolution
2026-03-01 20:16:07,227 - scraper_base - INFO - 🔍 Petz: Buscando Revolution
2026-03-01 20:16:09,824 - scraper_base - INFO - ✅ Petz: 22 produto(s) encontrado(s) para Revolution
2026-03-01 20:16:10,944 - scraper_base - INFO - 📦 [3/20] Processando NexGard
2026-03-01 20:16:10,944 - scraper_base - INFO - 🔍 Petz: Buscando NexGard
2026-03-01 20:16:13,023 - scraper_base - INFO - ✅ Petz: 22 produto(s) encontrado(s) para NexGard
2026-03-01 20:16:15,327 - scraper_base - INFO - 📦 [4/20] Processando NexGard Spectra
2026-03-01 20:16:15,327 - scraper_base - INFO - 🔍 Petz: Buscando NexGard Spectra
2026-03-01 20:16:17,778 - scraper_base - INFO - ✅ Petz: 10 produto(s) encontrado(s) para NexGard Spectra
2026-03-01 20:16:19,125 - scraper_base - INFO - 📦 [5/20] Processando NexGard Combo
2026-03-01 20:16:19,125 - scraper_base - INFO - 🔍 Petz: Buscando NexGard Combo
2026-03-01 20:16:21,340 - scraper_base - INFO - ✅ Petz: 4 produto(s) encontrado(s) para NexGard Combo
2026-03-01 20:16:23,717 - scraper_base - INFO - 📦 [6/20] Processando Bravecto
2026-03-01 20:16:23,717 - scraper_base - INFO - 🔍 Petz: Buscando Bravecto
2026-03-01 20:16:26,367 - scraper_base - INFO - ✅ Petz: 16 produto(s) encontrado(s) para Bravecto
2026-03-01 20:16:28,688 - scraper_base - INFO - 📦 [7/20] Processando Frontline
2026-03-01 20:16:28,688 - scraper_base - INFO - 🔍 Petz: Buscando Frontline
2026-03-01 20:16:30,478 - scraper_base - INFO - ✅ Petz: 11 produto(s) encontrado(s) para Frontline
2026-03-01 20:16:32,625 - scraper_base - INFO - 📦 [8/20] Processando Advocate
2026-03-01 20:16:32,625 - scraper_base - INFO - 🔍 Petz: Buscando Advocate
2026-03-01 20:16:34,465 - scraper_base - INFO - ✅ Petz: 12 produto(s) encontrado(s) para Advocate
2026-03-01 20:16:36,405 - scraper_base - INFO - 📦 [9/20] Processando Drontal
2026-03-01 20:16:36,405 - scraper_base - INFO - 🔍 Petz: Buscando Drontal
2026-03-01 20:16:38,954 - scraper_base - INFO - ✅ Petz: 34 produto(s) encontrado(s) para Drontal
2026-03-01 20:16:41,016 - scraper_base - INFO - 📦 [10/20] Processando Milbemax
2026-03-01 20:16:41,016 - scraper_base - INFO - 🔍 Petz: Buscando Milbemax
2026-03-01 20:16:42,633 - scraper_base - INFO - ✅ Petz: 4 produto(s) encontrado(s) para Milbemax
2026-03-01 20:16:45,348 - scraper_base - INFO - 📦 [11/20] Processando Vermivet
2026-03-01 20:16:45,349 - scraper_base - INFO - 🔍 Petz: Buscando Vermivet
2026-03-01 20:16:47,199 - scraper_base - INFO - ✅ Petz: 5 produto(s) encontrado(s) para Vermivet
2026-03-01 20:16:49,242 - scraper_base - INFO - 📦 [12/20] Processando Rimadyl
2026-03-01 20:16:49,243 - scraper_base - INFO - 🔍 Petz: Buscando Rimadyl
2026-03-01 20:16:50,989 - scraper_base - INFO - ✅ Petz: 3 produto(s) encontrado(s) para Rimadyl
2026-03-01 20:16:52,077 - scraper_base - INFO - 📦 [13/20] Processando Onsior
2026-03-01 20:16:52,078 - scraper_base - INFO - 🔍 Petz: Buscando Onsior
2026-03-01 20:16:53,695 - scraper_base - INFO - ✅ Petz: 4 produto(s) encontrado(s) para Onsior
2026-03-01 20:16:55,723 - scraper_base - INFO - 📦 [14/20] Processando Maxicam
2026-03-01 20:16:55,723 - scraper_base - INFO - 🔍 Petz: Buscando Maxicam
2026-03-01 20:16:57,904 - scraper_base - INFO - ✅ Petz: 31 produto(s) encontrado(s) para Maxicam
2026-03-01 20:16:59,736 - scraper_base - INFO - 📦 [15/20] Processando Carproflan
2026-03-01 20:16:59,736 - scraper_base - INFO - 🔍 Petz: Buscando Carproflan
2026-03-01 20:17:01,469 - scraper_base - INFO - ✅ Petz: 3 produto(s) encontrado(s) para Carproflan
2026-03-01 20:17:02,735 - scraper_base - INFO - 📦 [16/20] Processando Previcox
2026-03-01 20:17:02,735 - scraper_base - INFO - 🔍 Petz: Buscando Previcox
2026-03-01 20:17:04,441 - scraper_base - INFO - ✅ Petz: 2 produto(s) encontrado(s) para Previcox
2026-03-01 20:17:07,433 - scraper_base - INFO - 📦 [17/20] Processando Apoquel
2026-03-01 20:17:07,433 - scraper_base - INFO - 🔍 Petz: Buscando Apoquel
2026-03-01 20:17:09,126 - scraper_base - INFO - ✅ Petz: 3 produto(s) encontrado(s) para Apoquel
2026-03-01 20:17:10,282 - scraper_base - INFO - 📦 [18/20] Processando Zenrelia
2026-03-01 20:17:10,282 - scraper_base - INFO - 🔍 Petz: Buscando Zenrelia
2026-03-01 20:17:11,774 - scraper_base - INFO - ✅ Petz: 4 produto(s) encontrado(s) para Zenrelia
2026-03-01 20:17:14,021 - scraper_base - INFO - 📦 [19/20] Processando Synulox
2026-03-01 20:17:14,021 - scraper_base - INFO - 🔍 Petz: Buscando Synulox
2026-03-01 20:17:15,870 - scraper_base - INFO - ✅ Petz: 2 produto(s) encontrado(s) para Synulox
2026-03-01 20:17:17,355 - scraper_base - INFO - 📦 [20/20] Processando Baytril
2026-03-01 20:17:17,355 - scraper_base - INFO - 🔍 Petz: Buscando Baytril
2026-03-01 20:17:19,267 - scraper_base - INFO - ✅ Petz: 9 produto(s) encontrado(s) para Baytril
2026-03-01 20:17:21,544 - scraper_base - INFO - 📊 Petz - Estatísticas finais:
2026-03-01 20:17:21,544 - scraper_base - INFO -    • Medicamentos processados: 20
2026-03-01 20:17:21,544 - scraper_base - INFO -    • Produtos encontrados: 213
2026-03-01 20:17:21,544 - scraper_base - INFO -    • Medicamentos sem resultado: 0
2026-03-01 20:17:21,544 - scraper_base - INFO -    • Tempo total: 80.4s
2026-03-01 20:17:21,545 - scraper_base - INFO -    • Tempo médio por medicamento: 4.0s
2026-03-01 20:17:21,587 - gerenciador_arquivos - INFO - Excel salvo: dados_coletados/petz_20260301_201721.xlsx (213 produtos)
2026-03-01 20:17:21,588 - gerenciador_principal - INFO - Petz: Arquivo individual salvo com sucesso
2026-03-01 20:17:21,588 - gerenciador_principal - INFO - Gerando relatório consolidado...
2026-03-01 20:17:21,838 - gerenciador_arquivos - INFO - Relatório consolidado salvo: dados_relatorios/relatorio_consolidado_20260301_201721.xlsx
2026-03-01 20:17:21,970 - gerenciador_conexoes - INFO - Chrome fechado
2026-03-01 20:17:21,970 - gerenciador_conexoes - INFO - Métodos utilizados - Requests: 33.3%, Selenium: 66.7%, Falhas: 0.0%
2026-03-01 20:17:21,970 - gerenciador_principal - INFO - ============================================================
2026-03-01 20:17:21,970 - gerenciador_principal - INFO - RELATORIO FINAL DE EXECUÇÃO
2026-03-01 20:17:21,970 - gerenciador_principal - INFO - ============================================================
2026-03-01 20:17:21,970 - gerenciador_principal - INFO - Sites processados: 3
2026-03-01 20:17:21,970 - gerenciador_principal - INFO - Sites com sucesso: 3
2026-03-01 20:17:21,970 - gerenciador_principal - INFO - Total de produtos coletados: 610
2026-03-01 20:17:21,970 - gerenciador_principal - INFO - Tempo total de execução: 283.4 segundos
2026-03-01 20:17:21,970 - gerenciador_principal - INFO - Estatísticas de conexão:
2026-03-01 20:17:21,970 - gerenciador_principal - INFO -   - Requests bem-sucedidos: 33.3%
2026-03-01 20:17:21,971 - gerenciador_principal - INFO -   - Selenium fallback: 66.7%
2026-03-01 20:17:21,971 - gerenciador_principal - INFO -   - Falhas totais: 0.0%
2026-03-01 20:17:21,973 - gerenciador_principal - INFO - Arquivos salvos na pasta: dados_coletados
2026-03-01 20:17:21,973 - gerenciador_principal - INFO - Total de arquivos: 449
2026-03-01 20:17:21,973 - gerenciador_principal - INFO - ============================================================
