2026-09-23 22:30:39,939 - configurador_logs - INFO - Sistema de logs configurado com sucesso
2026-09-23 22:30:39,939 - configurador_logs - INFO - 🚀 Logs configurados para MODO PRODUÇÃO
2026-09-23 22:30:39,939 - gerenciador_principal - INFO - Inicializando sistema - Modo: PRODUCAO
2026-09-23 22:30:39,939 - gerenciador_arquivos - INFO - Pasta dados_coletados preparada
2026-09-23 22:30:39,939 - gerenciador_principal - INFO - Sistema inicializado com 3 scrapers
2026-09-23 22:30:39,939 - gerenciador_principal - INFO - ============================================================
2026-09-23 22:30:39,939 - gerenciador_principal - INFO - INICIANDO SCRAPING COMPLETO - PRODUCAO
2026-09-23 22:30:39,939 - gerenciador_principal - INFO - ============================================================
2026-09-23 22:30:39,940 - gerenciador_principal - INFO - [1/3] Processando Cobasi
2026-09-23 22:30:39,940 - scraper_base - INFO - 🚀 Iniciando scraping completo - Cobasi
2026-09-23 22:30:40,226 - gerenciador_conexoes - INFO - Sessao estabelecida com cobasi.com.br
2026-09-23 22:30:40,226 - scraper_base - INFO - 📋 20 medicamentos para processar
2026-09-23 22:30:40,226 - scraper_base - INFO - 📦 [1/20] Processando Simparic
2026-09-23 22:30:40,226 - scraper_base - INFO - 🔍 Cobasi: Buscando Simparic
2026-09-23 22:30:44,259 - scraper_cobasi - INFO - Cobasi: Dados extraídos via JSON para Simparic
2026-09-23 22:30:44,259 - scraper_base - INFO - ✅ Cobasi: 24 produto(s) encontrado(s) para Simparic
2026-09-23 22:30:46,398 - scraper_base - INFO - 📦 [2/20] Processando Revolution
2026-09-23 22:30:46,399 - scraper_base - INFO - 🔍 Cobasi: Buscando Revolution
2026-09-23 22:30:48,499 - scraper_cobasi - INFO - Cobasi: Dados extraídos via JSON para Revolution
2026-09-23 22:30:48,499 - scraper_base - INFO - ✅ Cobasi: 16 produto(s) encontrado(s) para Revolution
2026-09-23 22:30:50,509 - scraper_base - INFO - 📦 [3/20] Processando NexGard
2026-09-23 22:30:50,509 - scraper_base - INFO - 🔍 Cobasi: Buscando NexGard
2026-09-23 22:30:55,767 - scraper_cobasi - INFO - Cobasi: Dados extraídos via JSON para NexGard
2026-09-23 22:30:55,767 - scraper_base - INFO - ✅ Cobasi: 22 produto(s) encontrado(s) para NexGard
2026-09-23 22:30:57,437 - scraper_base - INFO - 📦 [4/20] Processando NexGard Spectra
2026-09-23 22:30:57,437 - scraper_base - INFO - 🔍 Cobasi: Buscando NexGard Spectra
2026-09-23 22:30:59,821 - scraper_cobasi - INFO - Cobasi: Dados extraídos via JSON para NexGard Spectra
2026-09-23 22:30:59,821 - scraper_base - INFO - ✅ Cobasi: 10 produto(s) encontrado(s) para NexGard Spectra
2026-09-23 22:31:01,395 - scraper_base - INFO - 📦 [5/20] Processando NexGard Combo
2026-09-23 22:31:01,395 - scraper_base - INFO - 🔍 Cobasi: Buscando NexGard Combo
2026-09-23 22:31:05,221 - scraper_cobasi - INFO - Cobasi: Dados extraídos via JSON para NexGard Combo
2026-09-23 22:31:05,221 - scraper_base - INFO - ✅ Cobasi: 4 produto(s) encontrado(s) para NexGard Combo
2026-09-23 22:31:07,951 - scraper_base - INFO - 📦 [6/20] Processando Bravecto
2026-09-23 22:31:07,951 - scraper_base - INFO - 🔍 Cobasi: Buscando Bravecto
2026-09-23 22:31:11,287 - scraper_cobasi - INFO - Cobasi: Dados extraídos via JSON para Bravecto
2026-09-23 22:31:11,287 - scraper_base - INFO - ✅ Cobasi: 16 produto(s) encontrado(s) para Bravecto
2026-09-23 22:31:13,497 - scraper_base - INFO - 📦 [7/20] Processando Frontline
2026-09-23 22:31:13,497 - scraper_base - INFO - 🔍 Cobasi: Buscando Frontline
2026-09-23 22:31:15,592 - scraper_cobasi - INFO - Cobasi: Dados extraídos via JSON para Frontline
2026-09-23 22:31:15,593 - scraper_base - INFO - ✅ Cobasi: 11 produto(s) encontrado(s) para Frontline
2026-09-23 22:31:18,490 - scraper_base - INFO - 📦 [8/20] Processando Advocate
2026-09-23 22:31:18,491 - scraper_base - INFO - 🔍 Cobasi: Buscando Advocate
2026-09-23 22:31:23,266 - scraper_cobasi - INFO - Cobasi: Dados extraídos via JSON para Advocate
2026-09-23 22:31:23,266 - scraper_base - INFO - ✅ Cobasi: 12 produto(s) encontrado(s) para Advocate
2026-09-23 22:31:24,946 - scraper_base - INFO - 📦 [9/20] Processando Drontal
2026-09-23 22:31:24,946 - scraper_base - INFO - 🔍 Cobasi: Buscando Drontal
2026-09-23 22:31:29,742 - scraper_cobasi - INFO - Cobasi: Dados extraídos via JSON para Drontal
2026-09-23 22:31:29,742 - scraper_base - INFO - ✅ Cobasi: 8 produto(s) encontrado(s) para Drontal
2026-09-23 22:31:31,498 - scraper_base - INFO - 📦 [10/20] Processando Milbemax
2026-09-23 22:31:31,498 - scraper_base - INFO - 🔍 Cobasi: Buscando Milbemax
2026-09-23 22:31:34,456 - scraper_cobasi - INFO - Cobasi: Dados extraídos via JSON para Milbemax
2026-09-23 22:31:34,456 - scraper_base - INFO - ✅ Cobasi: 4 produto(s) encontrado(s) para Milbemax
2026-09-23 22:31:36,464 - scraper_base - INFO - 📦 [11/20] Processando Vermivet
2026-09-23 22:31:36,464 - scraper_base - INFO - 🔍 Cobasi: Buscando Vermivet
2026-09-23 22:31:40,505 - scraper_cobasi - INFO - Cobasi: Dados extraídos via JSON para Vermivet
2026-09-23 22:31:40,505 - scraper_base - INFO - ✅ Cobasi: 5 produto(s) encontrado(s) para Vermivet
2026-09-23 22:31:42,653 - scraper_base - INFO - 📦 [12/20] Processando Rimadyl
2026-09-23 22:31:42,653 - scraper_base - INFO - 🔍 Cobasi: Buscando Rimadyl
2026-09-23 22:31:45,051 - scraper_cobasi - INFO - Cobasi: Dados extraídos via JSON para Rimadyl
2026-09-23 22:31:45,051 - scraper_base - INFO - ✅ Cobasi: 3 produto(s) encontrado(s) para Rimadyl
2026-09-23 22:31:46,137 - scraper_base - INFO - 📦 [13/20] Processando Onsior
2026-09-23 22:31:46,137 - scraper_base - INFO - 🔍 Cobasi: Buscando Onsior
2026-09-23 22:31:49,917 - scraper_cobasi - INFO - Cobasi: Dados extraídos via JSON para Onsior
2026-09-23 22:31:49,918 - scraper_base - INFO - ✅ Cobasi: 4 produto(s) encontrado(s) para Onsior
2026-09-23 22:31:50,954 - scraper_base - INFO - 📦 [14/20] Processando Maxicam
2026-09-23 22:31:50,954 - scraper_base - INFO - 🔍 Cobasi: Buscando Maxicam
2026-09-23 22:31:55,261 - scraper_cobasi - INFO - Cobasi: Dados extraídos via JSON para Maxicam
2026-09-23 22:31:55,262 - scraper_base - INFO - ✅ Cobasi: 3 produto(s) encontrado(s) para Maxicam
2026-09-23 22:31:56,372 - scraper_base - INFO - 📦 [15/20] Processando Carproflan
2026-09-23 22:31:56,373 - scraper_base - INFO - 🔍 Cobasi: Buscando Carproflan
2026-09-23 22:31:58,331 - scraper_cobasi - INFO - Cobasi: Dados extraídos via JSON para Carproflan
2026-09-23 22:31:58,331 - scraper_base - INFO - ✅ Cobasi: 3 produto(s) encontrado(s) para Carproflan
2026-09-23 22:31:59,812 - scraper_base - INFO - 📦 [16/20] Processando Previcox
2026-09-23 22:31:59,812 - scraper_base - INFO - 🔍 Cobasi: Buscando Previcox
2026-09-23 22:32:03,152 - scraper_cobasi - INFO - Cobasi: Dados extraídos via JSON para Previcox
2026-09-23 22:32:03,152 - scraper_base - INFO - ✅ Cobasi: 2 produto(s) encontrado(s) para Previcox
2026-09-23 22:32:04,969 - scraper_base - INFO - 📦 [17/20] Processando Apoquel
2026-09-23 22:32:04,969 - scraper_base - INFO - 🔍 Cobasi: Buscando Apoquel
2026-09-23 22:32:07,344 - scraper_cobasi - INFO - Cobasi: Dados extraídos via JSON para Apoquel
2026-09-23 22:32:07,344 - scraper_base - INFO - ✅ Cobasi: 3 produto(s) encontrado(s) para Apoquel
2026-09-23 22:32:09,444 - scraper_base - INFO - 📦 [18/20] Processando Zenrelia
2026-09-23 22:32:09,444 - scraper_base - INFO - 🔍 Cobasi: Buscando Zenrelia
2026-09-23 22:32:14,957 - scraper_cobasi - INFO - Cobasi: Dados extraídos via JSON para Zenrelia
2026-09-23 22:32:14,957 - scraper_base - INFO - ✅ Cobasi: 4 produto(s) encontrado(s) para Zenrelia
2026-09-23 22:32:17,549 - scraper_base - INFO - 📦 [19/20] Processando Synulox
2026-09-23 22:32:17,549 - scraper_base - INFO - 🔍 Cobasi: Buscando Synulox
2026-09-23 22:32:19,954 - scraper_cobasi - INFO - Cobasi: Dados extraídos via JSON para Synulox
2026-09-23 22:32:19,954 - scraper_base - INFO - ✅ Cobasi: 2 produto(s) encontrado(s) para Synulox
2026-09-23 22:32:22,567 - scraper_base - INFO - 📦 [20/20] Processando Baytril
2026-09-23 22:32:22,567 - scraper_base - INFO - 🔍 Cobasi: Buscando Baytril
2026-09-23 22:32:25,361 - scraper_cobasi - INFO - Cobasi: Dados extraídos via JSON para Baytril
2026-09-23 22:32:25,361 - scraper_base - INFO - ✅ Cobasi: 2 produto(s) encontrado(s) para Baytril
2026-09-23 22:32:27,600 - scraper_base - INFO - 📊 Cobasi - Estatísticas finais:
2026-09-23 22:32:27,600 - scraper_base - INFO -    • Medicamentos processados: 20
2026-09-23 22:32:27,600 - scraper_base - INFO -    • Produtos encontrados: 158
2026-09-23 22:32:27,600 - scraper_base - INFO -    • Medicamentos sem resultado: 0
2026-09-23 22:32:27,600 - scraper_base - INFO -    • Tempo total: 107.7s
2026-09-23 22:32:27,600 - scraper_base - INFO -    • Tempo médio por medicamento: 5.4s
2026-09-23 22:32:27,799 - gerenciador_arquivos - INFO - Excel salvo: dados_coletados/cobasi_20260923_223227.xlsx (158 produtos)
2026-09-23 22:32:27,799 - gerenciador_principal - INFO - Cobasi: Arquivo individual salvo com sucesso
2026-09-23 22:32:27,799 - gerenciador_principal - INFO - Pausando entre sites...
2026-09-23 22:32:29,799 - gerenciador_principal - INFO - [2/3] Processando Petlove
2026-09-23 22:32:29,799 - scraper_base - INFO - 🚀 Iniciando scraping completo - Petlove
2026-09-23 22:32:30,100 - gerenciador_conexoes - INFO - Sessao estabelecida com petlove.com.br
2026-09-23 22:32:30,100 - scraper_base - INFO - 📋 20 medicamentos para processar
2026-09-23 22:32:30,100 - scraper_base - INFO - 📦 [1/20] Processando Simparic
2026-09-23 22:32:30,100 - scraper_base - INFO - 🔍 Petlove: Buscando Simparic
2026-09-23 22:32:30,980 - scraper_base - INFO - ✅ Petlove: 36 produto(s) encontrado(s) para Simparic
2026-09-23 22:32:33,453 - scraper_base - INFO - 📦 [2/20] Processando Revolution
2026-09-23 22:32:33,453 - scraper_base - INFO - 🔍 Petlove: Buscando Revolution
2026-09-23 22:32:34,176 - scraper_base - INFO - ✅ Petlove: 19 produto(s) encontrado(s) para Revolution
2026-09-23 22:32:36,207 - scraper_base - INFO - 📦 [3/20] Processando NexGard
2026-09-23 22:32:36,207 - scraper_base - INFO - 🔍 Petlove: Buscando NexGard
2026-09-23 22:32:36,901 - scraper_base - INFO - ✅ Petlove: 11 produto(s) encontrado(s) para NexGard
2026-09-23 22:32:39,132 - scraper_base - INFO - 📦 [4/20] Processando NexGard Spectra
2026-09-23 22:32:39,132 - scraper_base - INFO - 🔍 Petlove: Buscando NexGard Spectra
2026-09-23 22:32:40,433 - scraper_base - INFO - ✅ Petlove: 5 produto(s) encontrado(s) para NexGard Spectra
2026-09-23 22:32:41,513 - scraper_base - INFO - 📦 [5/20] Processando NexGard Combo
2026-09-23 22:32:41,513 - scraper_base - INFO - 🔍 Petlove: Buscando NexGard Combo
2026-09-23 22:32:42,554 - scraper_base - INFO - ✅ Petlove: 2 produto(s) encontrado(s) para NexGard Combo
2026-09-23 22:32:43,809 - scraper_base - INFO - 📦 [6/20] Processando Bravecto
2026-09-23 22:32:43,809 - scraper_base - INFO - 🔍 Petlove: Buscando Bravecto
2026-09-23 22:32:44,936 - scraper_base - INFO - ✅ Petlove: 20 produto(s) encontrado(s) para Bravecto
2026-09-23 22:32:46,237 - scraper_base - INFO - 📦 [7/20] Processando Frontline
2026-09-23 22:32:46,237 - scraper_base - INFO - 🔍 Petlove: Buscando Frontline
2026-09-23 22:32:47,076 - scraper_base - INFO - ✅ Petlove: 11 produto(s) encontrado(s) para Frontline
2026-09-23 22:32:48,631 - scraper_base - INFO - 📦 [8/20] Processando Advocate
2026-09-23 22:32:48,632 - scraper_base - INFO - 🔍 Petlove: Buscando Advocate
2026-09-23 22:32:49,370 - scraper_base - INFO - ✅ Petlove: 9 produto(s) encontrado(s) para Advocate
2026-09-23 22:32:51,068 - scraper_base - INFO - 📦 [9/20] Processando Drontal
2026-09-23 22:32:51,069 - scraper_base - INFO - 🔍 Petlove: Buscando Drontal
2026-09-23 22:32:51,949 - scraper_base - INFO - ✅ Petlove: 36 produto(s) encontrado(s) para Drontal
2026-09-23 22:32:54,874 - scraper_base - INFO - 📦 [10/20] Processando Milbemax
2026-09-23 22:32:54,874 - scraper_base - INFO - 🔍 Petlove: Buscando Milbemax
2026-09-23 22:32:55,558 - scraper_base - INFO - ✅ Petlove: 14 produto(s) encontrado(s) para Milbemax
2026-09-23 22:32:57,990 - scraper_base - INFO - 📦 [11/20] Processando Vermivet
2026-09-23 22:32:57,990 - scraper_base - INFO - 🔍 Petlove: Buscando Vermivet
2026-09-23 22:32:59,162 - scraper_base - INFO - ✅ Petlove: 36 produto(s) encontrado(s) para Vermivet
2026-09-23 22:33:00,228 - scraper_base - INFO - 📦 [12/20] Processando Rimadyl
2026-09-23 22:33:00,228 - scraper_base - INFO - 🔍 Petlove: Buscando Rimadyl
2026-09-23 22:33:00,932 - scraper_base - INFO - ✅ Petlove: 1 produto(s) encontrado(s) para Rimadyl
2026-09-23 22:33:03,886 - scraper_base - INFO - 📦 [13/20] Processando Onsior
2026-09-23 22:33:03,886 - scraper_base - INFO - 🔍 Petlove: Buscando Onsior
2026-09-23 22:33:04,605 - scraper_base - INFO - ✅ Petlove: 4 produto(s) encontrado(s) para Onsior
2026-09-23 22:33:06,353 - scraper_base - INFO - 📦 [14/20] Processando Maxicam
2026-09-23 22:33:06,353 - scraper_base - INFO - 🔍 Petlove: Buscando Maxicam
2026-09-23 22:33:07,095 - scraper_base - INFO - ✅ Petlove: 3 produto(s) encontrado(s) para Maxicam
2026-09-23 22:33:09,758 - scraper_base - INFO - 📦 [15/20] Processando Carproflan
2026-09-23 22:33:09,758 - scraper_base - INFO - 🔍 Petlove: Buscando Carproflan
2026-09-23 22:33:10,490 - scraper_base - INFO - ✅ Petlove: 7 produto(s) encontrado(s) para Carproflan
2026-09-23 22:33:13,265 - scraper_base - INFO - 📦 [16/20] Processando Previcox
2026-09-23 22:33:13,266 - scraper_base - INFO - 🔍 Petlove: Buscando Previcox
2026-09-23 22:33:14,037 - scraper_base - INFO - ✅ Petlove: 4 produto(s) encontrado(s) para Previcox
2026-09-23 22:33:15,885 - scraper_base - INFO - 📦 [17/20] Processando Apoquel
2026-09-23 22:33:15,885 - scraper_base - INFO - 🔍 Petlove: Buscando Apoquel
2026-09-23 22:33:17,131 - scraper_base - INFO - ✅ Petlove: 16 produto(s) encontrado(s) para Apoquel
2026-09-23 22:33:18,879 - scraper_base - INFO - 📦 [18/20] Processando Zenrelia
2026-09-23 22:33:18,879 - scraper_base - INFO - 🔍 Petlove: Buscando Zenrelia
2026-09-23 22:33:19,547 - scraper_base - INFO - ✅ Petlove: 4 produto(s) encontrado(s) para Zenrelia
2026-09-23 22:33:22,183 - scraper_base - INFO - 📦 [19/20] Processando Synulox
2026-09-23 22:33:22,183 - scraper_base - INFO - 🔍 Petlove: Buscando Synulox
2026-09-23 22:33:22,872 - scraper_base - INFO - ✅ Petlove: 1 produto(s) encontrado(s) para Synulox
2026-09-23 22:33:25,479 - scraper_base - INFO - 📦 [20/20] Processando Baytril
2026-09-23 22:33:25,480 - scraper_base - INFO - 🔍 Petlove: Buscando Baytril
2026-09-23 22:33:26,148 - scraper_base - INFO - ✅ Petlove: 6 produto(s) encontrado(s) para Baytril
2026-09-23 22:33:27,898 - scraper_base - INFO - 📊 Petlove - Estatísticas finais:
2026-09-23 22:33:27,898 - scraper_base - INFO -    • Medicamentos processados: 20
2026-09-23 22:33:27,898 - scraper_base - INFO -    • Produtos encontrados: 245
2026-09-23 22:33:27,898 - scraper_base - INFO -    • Medicamentos sem resultado: 0
2026-09-23 22:33:27,898 - scraper_base - INFO -    • Tempo total: 58.1s
2026-09-23 22:33:27,898 - scraper_base - INFO -    • Tempo médio por medicamento: 2.9s
2026-09-23 22:33:27,944 - gerenciador_arquivos - INFO - Excel salvo: dados_coletados/petlove_20260923_223327.xlsx (245 produtos)
2026-09-23 22:33:27,944 - gerenciador_principal - INFO - Petlove: Arquivo individual salvo com sucesso
2026-09-23 22:33:27,944 - gerenciador_principal - INFO - Pausando entre sites...
2026-09-23 22:33:29,945 - gerenciador_principal - INFO - [3/3] Processando Petz
2026-09-23 22:33:29,945 - scraper_base - INFO - 🚀 Iniciando scraping completo - Petz
2026-09-23 22:33:30,482 - scraper_base - INFO - 📋 20 medicamentos para processar
2026-09-23 22:33:30,482 - scraper_base - INFO - 📦 [1/20] Processando Simparic
2026-09-23 22:33:30,482 - scraper_base - INFO - 🔍 Petz: Buscando Simparic
2026-09-23 22:33:39,076 - gerenciador_conexoes - INFO - Chrome inicializado com otimizacoes de velocidade
2026-09-23 22:33:43,699 - scraper_petz - INFO - Petz: Nenhum product-card encontrado para Simparic
2026-09-23 22:33:43,699 - scraper_base - INFO - ⚪ Petz: Nenhum produto encontrado para Simparic
2026-09-23 22:33:45,651 - scraper_base - INFO - 📦 [2/20] Processando Revolution
2026-09-23 22:33:45,651 - scraper_base - INFO - 🔍 Petz: Buscando Revolution
2026-09-23 22:33:48,591 - scraper_petz - INFO - Petz: Nenhum product-card encontrado para Revolution
2026-09-23 22:33:48,591 - scraper_base - INFO - ⚪ Petz: Nenhum produto encontrado para Revolution
2026-09-23 22:33:51,527 - scraper_base - INFO - 📦 [3/20] Processando NexGard
2026-09-23 22:33:51,528 - scraper_base - INFO - 🔍 Petz: Buscando NexGard
2026-09-23 22:33:54,435 - scraper_petz - INFO - Petz: Nenhum product-card encontrado para NexGard
2026-09-23 22:33:54,435 - scraper_base - INFO - ⚪ Petz: Nenhum produto encontrado para NexGard
2026-09-23 22:33:56,155 - scraper_base - INFO - 📦 [4/20] Processando NexGard Spectra
2026-09-23 22:33:56,155 - scraper_base - INFO - 🔍 Petz: Buscando NexGard Spectra
2026-09-23 22:33:58,085 - scraper_petz - INFO - Petz: Nenhum product-card encontrado para NexGard Spectra
2026-09-23 22:33:58,085 - scraper_base - INFO - ⚪ Petz: Nenhum produto encontrado para NexGard Spectra
2026-09-23 22:34:00,655 - scraper_base - INFO - 📦 [5/20] Processando NexGard Combo
2026-09-23 22:34:00,655 - scraper_base - INFO - 🔍 Petz: Buscando NexGard Combo
2026-09-23 22:34:02,465 - scraper_petz - INFO - Petz: Nenhum product-card encontrado para NexGard Combo
2026-09-23 22:34:02,465 - scraper_base - INFO - ⚪ Petz: Nenhum produto encontrado para NexGard Combo
2026-09-23 22:34:04,873 - scraper_base - INFO - 📦 [6/20] Processando Bravecto
2026-09-23 22:34:04,873 - scraper_base - INFO - 🔍 Petz: Buscando Bravecto
2026-09-23 22:34:07,266 - scraper_petz - INFO - Petz: Nenhum product-card encontrado para Bravecto
2026-09-23 22:34:07,266 - scraper_base - INFO - ⚪ Petz: Nenhum produto encontrado para Bravecto
2026-09-23 22:34:09,935 - scraper_base - INFO - 📦 [7/20] Processando Frontline
2026-09-23 22:34:09,935 - scraper_base - INFO - 🔍 Petz: Buscando Frontline
2026-09-23 22:34:12,238 - scraper_petz - INFO - Petz: Nenhum product-card encontrado para Frontline
2026-09-23 22:34:12,238 - scraper_base - INFO - ⚪ Petz: Nenhum produto encontrado para Frontline
2026-09-23 22:34:13,594 - scraper_base - INFO - 📦 [8/20] Processando Advocate
2026-09-23 22:34:13,594 - scraper_base - INFO - 🔍 Petz: Buscando Advocate
2026-09-23 22:34:15,751 - scraper_petz - INFO - Petz: Nenhum product-card encontrado para Advocate
2026-09-23 22:34:15,751 - scraper_base - INFO - ⚪ Petz: Nenhum produto encontrado para Advocate
2026-09-23 22:34:17,885 - scraper_base - INFO - 📦 [9/20] Processando Drontal
2026-09-23 22:34:17,885 - scraper_base - INFO - 🔍 Petz: Buscando Drontal
2026-09-23 22:34:20,523 - scraper_petz - INFO - Petz: Nenhum product-card encontrado para Drontal
2026-09-23 22:34:20,523 - scraper_base - INFO - ⚪ Petz: Nenhum produto encontrado para Drontal
2026-09-23 22:34:23,475 - scraper_base - INFO - 📦 [10/20] Processando Milbemax
2026-09-23 22:34:23,476 - scraper_base - INFO - 🔍 Petz: Buscando Milbemax
2026-09-23 22:34:25,858 - scraper_petz - INFO - Petz: Nenhum product-card encontrado para Milbemax
2026-09-23 22:34:25,858 - scraper_base - INFO - ⚪ Petz: Nenhum produto encontrado para Milbemax
2026-09-23 22:34:28,190 - scraper_base - INFO - 📦 [11/20] Processando Vermivet
2026-09-23 22:34:28,190 - scraper_base - INFO - 🔍 Petz: Buscando Vermivet
2026-09-23 22:34:30,005 - scraper_petz - INFO - Petz: Nenhum product-card encontrado para Vermivet
2026-09-23 22:34:30,005 - scraper_base - INFO - ⚪ Petz: Nenhum produto encontrado para Vermivet
2026-09-23 22:34:32,866 - scraper_base - INFO - 📦 [12/20] Processando Rimadyl
2026-09-23 22:34:32,866 - scraper_base - INFO - 🔍 Petz: Buscando Rimadyl
2026-09-23 22:34:34,679 - scraper_petz - INFO - Petz: Nenhum product-card encontrado para Rimadyl
2026-09-23 22:34:34,679 - scraper_base - INFO - ⚪ Petz: Nenhum produto encontrado para Rimadyl
2026-09-23 22:34:36,282 - scraper_base - INFO - 📦 [13/20] Processando Onsior
2026-09-23 22:34:36,282 - scraper_base - INFO - 🔍 Petz: Buscando Onsior
2026-09-23 22:34:38,214 - scraper_petz - INFO - Petz: Nenhum product-card encontrado para Onsior
2026-09-23 22:34:38,214 - scraper_base - INFO - ⚪ Petz: Nenhum produto encontrado para Onsior
2026-09-23 22:34:39,228 - scraper_base - INFO - 📦 [14/20] Processando Maxicam
2026-09-23 22:34:39,228 - scraper_base - INFO - 🔍 Petz: Buscando Maxicam
2026-09-23 22:34:42,053 - scraper_petz - INFO - Petz: Nenhum product-card encontrado para Maxicam
2026-09-23 22:34:42,053 - scraper_base - INFO - ⚪ Petz: Nenhum produto encontrado para Maxicam
2026-09-23 22:34:43,077 - scraper_base - INFO - 📦 [15/20] Processando Carproflan
2026-09-23 22:34:43,078 - scraper_base - INFO - 🔍 Petz: Buscando Carproflan
2026-09-23 22:34:45,346 - scraper_petz - INFO - Petz: Nenhum product-card encontrado para Carproflan
2026-09-23 22:34:45,346 - scraper_base - INFO - ⚪ Petz: Nenhum produto encontrado para Carproflan
2026-09-23 22:34:47,076 - scraper_base - INFO - 📦 [16/20] Processando Previcox
2026-09-23 22:34:47,076 - scraper_base - INFO - 🔍 Petz: Buscando Previcox
2026-09-23 22:34:48,879 - scraper_petz - INFO - Petz: Nenhum product-card encontrado para Previcox
2026-09-23 22:34:48,879 - scraper_base - INFO - ⚪ Petz: Nenhum produto encontrado para Previcox
2026-09-23 22:34:50,247 - scraper_base - INFO - 📦 [17/20] Processando Apoquel
2026-09-23 22:34:50,247 - scraper_base - INFO - 🔍 Petz: Buscando Apoquel
2026-09-23 22:34:52,189 - scraper_petz - INFO - Petz: Nenhum product-card encontrado para Apoquel
2026-09-23 22:34:52,189 - scraper_base - INFO - ⚪ Petz: Nenhum produto encontrado para Apoquel
2026-09-23 22:34:54,818 - scraper_base - INFO - 📦 [18/20] Processando Zenrelia
2026-09-23 22:34:54,819 - scraper_base - INFO - 🔍 Petz: Buscando Zenrelia
2026-09-23 22:34:57,006 - scraper_petz - INFO - Petz: Nenhum product-card encontrado para Zenrelia
2026-09-23 22:34:57,007 - scraper_base - INFO - ⚪ Petz: Nenhum produto encontrado para Zenrelia
2026-09-23 22:34:58,184 - scraper_base - INFO - 📦 [19/20] Processando Synulox
2026-09-23 22:34:58,184 - scraper_base - INFO - 🔍 Petz: Buscando Synulox
2026-09-23 22:35:00,193 - scraper_petz - INFO - Petz: Nenhum product-card encontrado para Synulox
2026-09-23 22:35:00,193 - scraper_base - INFO - ⚪ Petz: Nenhum produto encontrado para Synulox
2026-09-23 22:35:02,733 - scraper_base - INFO - 📦 [20/20] Processando Baytril
2026-09-23 22:35:02,733 - scraper_base - INFO - 🔍 Petz: Buscando Baytril
2026-09-23 22:35:04,851 - scraper_petz - INFO - Petz: Nenhum product-card encontrado para Baytril
2026-09-23 22:35:04,851 - scraper_base - INFO - ⚪ Petz: Nenhum produto encontrado para Baytril
2026-09-23 22:35:07,201 - scraper_base - INFO - 📊 Petz - Estatísticas finais:
2026-09-23 22:35:07,201 - scraper_base - INFO -    • Medicamentos processados: 20
2026-09-23 22:35:07,201 - scraper_base - INFO -    • Produtos encontrados: 0
2026-09-23 22:35:07,202 - scraper_base - INFO -    • Medicamentos sem resultado: 20
2026-09-23 22:35:07,202 - scraper_base - INFO -    • Tempo total: 97.3s
2026-09-23 22:35:07,202 - scraper_base - INFO -    • Tempo médio por medicamento: 4.9s
2026-09-23 22:35:07,202 - gerenciador_principal - WARNING - Petz: Nenhum produto coletado
2026-09-23 22:35:07,202 - gerenciador_principal - INFO - Gerando relatório consolidado...
2026-09-23 22:35:07,347 - gerenciador_arquivos - INFO - Relatório consolidado salvo: dados_relatorios/relatorio_consolidado_20260923_223507.xlsx
2026-09-23 22:35:07,447 - gerenciador_conexoes - INFO - Chrome fechado
2026-09-23 22:35:07,447 - gerenciador_conexoes - INFO - Métodos utilizados - Requests: 66.7%, Selenium: 33.3%, Falhas: 0.0%
2026-09-23 22:35:07,447 - gerenciador_principal - INFO - ============================================================
2026-09-23 22:35:07,447 - gerenciador_principal - INFO - RELATORIO FINAL DE EXECUÇÃO
2026-09-23 22:35:07,447 - gerenciador_principal - INFO - ============================================================
2026-09-23 22:35:07,447 - gerenciador_principal - INFO - Sites processados: 3
2026-09-23 22:35:07,447 - gerenciador_principal - INFO - Sites com sucesso: 2
2026-09-23 22:35:07,447 - gerenciador_principal - INFO - Total de produtos coletados: 403
2026-09-23 22:35:07,447 - gerenciador_principal - WARNING - Sites com falhas: Petz
2026-09-23 22:35:07,447 - gerenciador_principal - INFO - Tempo total de execução: 267.3 segundos
2026-09-23 22:35:07,447 - gerenciador_principal - INFO - Estatísticas de conexão:
2026-09-23 22:35:07,448 - gerenciador_principal - INFO -   - Requests bem-sucedidos: 66.7%
2026-09-23 22:35:07,448 - gerenciador_principal - INFO -   - Selenium fallback: 33.3%
2026-09-23 22:35:07,448 - gerenciador_principal - INFO -   - Falhas totais: 0.0%
2026-09-23 22:35:07,452 - gerenciador_principal - INFO - Arquivos salvos na pasta: dados_coletados
2026-09-23 22:35:07,452 - gerenciador_principal - INFO - Total de arquivos: 1009
2026-09-23 22:35:07,452 - gerenciador_principal - INFO - ============================================================
