2026-03-26 20:24:19,665 - configurador_logs - INFO - Sistema de logs configurado com sucesso
2026-03-26 20:24:19,665 - configurador_logs - INFO - 🚀 Logs configurados para MODO PRODUÇÃO
2026-03-26 20:24:19,666 - gerenciador_principal - INFO - Inicializando sistema - Modo: PRODUCAO
2026-03-26 20:24:19,666 - gerenciador_arquivos - INFO - Pasta dados_coletados preparada
2026-03-26 20:24:19,666 - gerenciador_principal - INFO - Sistema inicializado com 3 scrapers
2026-03-26 20:24:19,666 - gerenciador_principal - INFO - ============================================================
2026-03-26 20:24:19,666 - gerenciador_principal - INFO - INICIANDO SCRAPING COMPLETO - PRODUCAO
2026-03-26 20:24:19,666 - gerenciador_principal - INFO - ============================================================
2026-03-26 20:24:19,666 - gerenciador_principal - INFO - [1/3] Processando Cobasi
2026-03-26 20:24:19,666 - scraper_base - INFO - 🚀 Iniciando scraping completo - Cobasi
2026-03-26 20:24:20,141 - gerenciador_conexoes - INFO - Sessao estabelecida com cobasi.com.br
2026-03-26 20:24:20,142 - scraper_base - INFO - 📋 20 medicamentos para processar
2026-03-26 20:24:20,142 - scraper_base - INFO - 📦 [1/20] Processando Simparic
2026-03-26 20:24:20,142 - scraper_base - INFO - 🔍 Cobasi: Buscando Simparic
2026-03-26 20:24:24,589 - scraper_cobasi - INFO - Cobasi: Dados extraídos via JSON para Simparic
2026-03-26 20:24:24,589 - scraper_base - INFO - ✅ Cobasi: 12 produto(s) encontrado(s) para Simparic
2026-03-26 20:24:26,901 - scraper_base - INFO - 📦 [2/20] Processando Revolution
2026-03-26 20:24:26,901 - scraper_base - INFO - 🔍 Cobasi: Buscando Revolution
2026-03-26 20:24:30,988 - scraper_cobasi - INFO - Cobasi: Dados extraídos via JSON para Revolution
2026-03-26 20:24:30,988 - scraper_base - INFO - ✅ Cobasi: 18 produto(s) encontrado(s) para Revolution
2026-03-26 20:24:33,950 - scraper_base - INFO - 📦 [3/20] Processando NexGard
2026-03-26 20:24:33,951 - scraper_base - INFO - 🔍 Cobasi: Buscando NexGard
2026-03-26 20:24:37,999 - scraper_cobasi - INFO - Cobasi: Dados extraídos via JSON para NexGard
2026-03-26 20:24:37,999 - scraper_base - INFO - ✅ Cobasi: 22 produto(s) encontrado(s) para NexGard
2026-03-26 20:24:39,388 - scraper_base - INFO - 📦 [4/20] Processando NexGard Spectra
2026-03-26 20:24:39,389 - scraper_base - INFO - 🔍 Cobasi: Buscando NexGard Spectra
2026-03-26 20:24:42,442 - scraper_cobasi - INFO - Cobasi: Dados extraídos via JSON para NexGard Spectra
2026-03-26 20:24:42,442 - scraper_base - INFO - ✅ Cobasi: 10 produto(s) encontrado(s) para NexGard Spectra
2026-03-26 20:24:44,895 - scraper_base - INFO - 📦 [5/20] Processando NexGard Combo
2026-03-26 20:24:44,895 - scraper_base - INFO - 🔍 Cobasi: Buscando NexGard Combo
2026-03-26 20:24:47,475 - scraper_cobasi - INFO - Cobasi: Dados extraídos via JSON para NexGard Combo
2026-03-26 20:24:47,476 - scraper_base - INFO - ✅ Cobasi: 4 produto(s) encontrado(s) para NexGard Combo
2026-03-26 20:24:48,563 - scraper_base - INFO - 📦 [6/20] Processando Bravecto
2026-03-26 20:24:48,563 - scraper_base - INFO - 🔍 Cobasi: Buscando Bravecto
2026-03-26 20:24:52,245 - scraper_cobasi - INFO - Cobasi: Dados extraídos via JSON para Bravecto
2026-03-26 20:24:52,245 - scraper_base - INFO - ✅ Cobasi: 16 produto(s) encontrado(s) para Bravecto
2026-03-26 20:24:53,450 - scraper_base - INFO - 📦 [7/20] Processando Frontline
2026-03-26 20:24:53,450 - scraper_base - INFO - 🔍 Cobasi: Buscando Frontline
2026-03-26 20:24:57,919 - scraper_cobasi - INFO - Cobasi: Dados extraídos via JSON para Frontline
2026-03-26 20:24:57,919 - scraper_base - INFO - ✅ Cobasi: 11 produto(s) encontrado(s) para Frontline
2026-03-26 20:25:00,770 - scraper_base - INFO - 📦 [8/20] Processando Advocate
2026-03-26 20:25:00,770 - scraper_base - INFO - 🔍 Cobasi: Buscando Advocate
2026-03-26 20:25:04,917 - scraper_cobasi - INFO - Cobasi: Dados extraídos via JSON para Advocate
2026-03-26 20:25:04,917 - scraper_base - INFO - ✅ Cobasi: 12 produto(s) encontrado(s) para Advocate
2026-03-26 20:25:06,871 - scraper_base - INFO - 📦 [9/20] Processando Drontal
2026-03-26 20:25:06,871 - scraper_base - INFO - 🔍 Cobasi: Buscando Drontal
2026-03-26 20:25:09,906 - scraper_cobasi - INFO - Cobasi: Dados extraídos via JSON para Drontal
2026-03-26 20:25:09,907 - scraper_base - INFO - ✅ Cobasi: 8 produto(s) encontrado(s) para Drontal
2026-03-26 20:25:11,521 - scraper_base - INFO - 📦 [10/20] Processando Milbemax
2026-03-26 20:25:11,521 - scraper_base - INFO - 🔍 Cobasi: Buscando Milbemax
2026-03-26 20:25:14,732 - scraper_cobasi - INFO - Cobasi: Dados extraídos via JSON para Milbemax
2026-03-26 20:25:14,732 - scraper_base - INFO - ✅ Cobasi: 4 produto(s) encontrado(s) para Milbemax
2026-03-26 20:25:15,750 - scraper_base - INFO - 📦 [11/20] Processando Vermivet
2026-03-26 20:25:15,750 - scraper_base - INFO - 🔍 Cobasi: Buscando Vermivet
2026-03-26 20:25:19,815 - scraper_cobasi - INFO - Cobasi: Dados extraídos via JSON para Vermivet
2026-03-26 20:25:19,815 - scraper_base - INFO - ✅ Cobasi: 5 produto(s) encontrado(s) para Vermivet
2026-03-26 20:25:21,570 - scraper_base - INFO - 📦 [12/20] Processando Rimadyl
2026-03-26 20:25:21,570 - scraper_base - INFO - 🔍 Cobasi: Buscando Rimadyl
2026-03-26 20:25:25,117 - scraper_cobasi - INFO - Cobasi: Dados extraídos via JSON para Rimadyl
2026-03-26 20:25:25,117 - scraper_base - INFO - ✅ Cobasi: 3 produto(s) encontrado(s) para Rimadyl
2026-03-26 20:25:27,805 - scraper_base - INFO - 📦 [13/20] Processando Onsior
2026-03-26 20:25:27,805 - scraper_base - INFO - 🔍 Cobasi: Buscando Onsior
2026-03-26 20:25:31,901 - scraper_cobasi - INFO - Cobasi: Dados extraídos via JSON para Onsior
2026-03-26 20:25:31,901 - scraper_base - INFO - ✅ Cobasi: 4 produto(s) encontrado(s) para Onsior
2026-03-26 20:25:34,332 - scraper_base - INFO - 📦 [14/20] Processando Maxicam
2026-03-26 20:25:34,332 - scraper_base - INFO - 🔍 Cobasi: Buscando Maxicam
2026-03-26 20:25:36,903 - scraper_cobasi - INFO - Cobasi: Dados extraídos via JSON para Maxicam
2026-03-26 20:25:36,904 - scraper_base - INFO - ✅ Cobasi: 3 produto(s) encontrado(s) para Maxicam
2026-03-26 20:25:38,863 - scraper_base - INFO - 📦 [15/20] Processando Carproflan
2026-03-26 20:25:38,863 - scraper_base - INFO - 🔍 Cobasi: Buscando Carproflan
2026-03-26 20:25:41,523 - scraper_cobasi - INFO - Cobasi: Dados extraídos via JSON para Carproflan
2026-03-26 20:25:41,523 - scraper_base - INFO - ✅ Cobasi: 3 produto(s) encontrado(s) para Carproflan
2026-03-26 20:25:43,221 - scraper_base - INFO - 📦 [16/20] Processando Previcox
2026-03-26 20:25:43,221 - scraper_base - INFO - 🔍 Cobasi: Buscando Previcox
2026-03-26 20:25:45,598 - scraper_cobasi - INFO - Cobasi: Dados extraídos via JSON para Previcox
2026-03-26 20:25:45,598 - scraper_base - INFO - ✅ Cobasi: 2 produto(s) encontrado(s) para Previcox
2026-03-26 20:25:47,000 - scraper_base - INFO - 📦 [17/20] Processando Apoquel
2026-03-26 20:25:47,000 - scraper_base - INFO - 🔍 Cobasi: Buscando Apoquel
2026-03-26 20:25:50,183 - scraper_cobasi - INFO - Cobasi: Dados extraídos via JSON para Apoquel
2026-03-26 20:25:50,183 - scraper_base - INFO - ✅ Cobasi: 3 produto(s) encontrado(s) para Apoquel
2026-03-26 20:25:51,563 - scraper_base - INFO - 📦 [18/20] Processando Zenrelia
2026-03-26 20:25:51,563 - scraper_base - INFO - 🔍 Cobasi: Buscando Zenrelia
2026-03-26 20:25:54,240 - scraper_cobasi - INFO - Cobasi: Dados extraídos via JSON para Zenrelia
2026-03-26 20:25:54,240 - scraper_base - INFO - ✅ Cobasi: 4 produto(s) encontrado(s) para Zenrelia
2026-03-26 20:25:56,153 - scraper_base - INFO - 📦 [19/20] Processando Synulox
2026-03-26 20:25:56,153 - scraper_base - INFO - 🔍 Cobasi: Buscando Synulox
2026-03-26 20:25:58,500 - scraper_cobasi - INFO - Cobasi: Dados extraídos via JSON para Synulox
2026-03-26 20:25:58,500 - scraper_base - INFO - ✅ Cobasi: 2 produto(s) encontrado(s) para Synulox
2026-03-26 20:26:00,287 - scraper_base - INFO - 📦 [20/20] Processando Baytril
2026-03-26 20:26:00,288 - scraper_base - INFO - 🔍 Cobasi: Buscando Baytril
2026-03-26 20:26:03,222 - scraper_cobasi - INFO - Cobasi: Dados extraídos via JSON para Baytril
2026-03-26 20:26:03,223 - scraper_base - INFO - ✅ Cobasi: 3 produto(s) encontrado(s) para Baytril
2026-03-26 20:26:05,915 - scraper_base - INFO - 📊 Cobasi - Estatísticas finais:
2026-03-26 20:26:05,916 - scraper_base - INFO -    • Medicamentos processados: 20
2026-03-26 20:26:05,916 - scraper_base - INFO -    • Produtos encontrados: 149
2026-03-26 20:26:05,916 - scraper_base - INFO -    • Medicamentos sem resultado: 0
2026-03-26 20:26:05,916 - scraper_base - INFO -    • Tempo total: 106.2s
2026-03-26 20:26:05,916 - scraper_base - INFO -    • Tempo médio por medicamento: 5.3s
2026-03-26 20:26:06,080 - gerenciador_arquivos - INFO - Excel salvo: dados_coletados/cobasi_20260326_202605.xlsx (149 produtos)
2026-03-26 20:26:06,080 - gerenciador_principal - INFO - Cobasi: Arquivo individual salvo com sucesso
2026-03-26 20:26:06,081 - gerenciador_principal - INFO - Pausando entre sites...
2026-03-26 20:26:08,081 - gerenciador_principal - INFO - [2/3] Processando Petlove
2026-03-26 20:26:08,081 - scraper_base - INFO - 🚀 Iniciando scraping completo - Petlove
2026-03-26 20:26:08,252 - scraper_base - INFO - 📋 20 medicamentos para processar
2026-03-26 20:26:08,253 - scraper_base - INFO - 📦 [1/20] Processando Simparic
2026-03-26 20:26:08,253 - scraper_base - INFO - 🔍 Petlove: Buscando Simparic
2026-03-26 20:26:14,730 - gerenciador_conexoes - INFO - Chrome inicializado com otimizacoes de velocidade
2026-03-26 20:26:18,453 - scraper_base - INFO - ✅ Petlove: 27 produto(s) encontrado(s) para Simparic
2026-03-26 20:26:20,410 - scraper_base - INFO - 📦 [2/20] Processando Revolution
2026-03-26 20:26:20,410 - scraper_base - INFO - 🔍 Petlove: Buscando Revolution
2026-03-26 20:26:22,153 - scraper_base - INFO - ✅ Petlove: 20 produto(s) encontrado(s) para Revolution
2026-03-26 20:26:24,400 - scraper_base - INFO - 📦 [3/20] Processando NexGard
2026-03-26 20:26:24,400 - scraper_base - INFO - 🔍 Petlove: Buscando NexGard
2026-03-26 20:26:26,067 - scraper_base - INFO - ✅ Petlove: 11 produto(s) encontrado(s) para NexGard
2026-03-26 20:26:28,703 - scraper_base - INFO - 📦 [4/20] Processando NexGard Spectra
2026-03-26 20:26:28,703 - scraper_base - INFO - 🔍 Petlove: Buscando NexGard Spectra
2026-03-26 20:26:29,933 - scraper_base - INFO - ✅ Petlove: 5 produto(s) encontrado(s) para NexGard Spectra
2026-03-26 20:26:32,843 - scraper_base - INFO - 📦 [5/20] Processando NexGard Combo
2026-03-26 20:26:32,843 - scraper_base - INFO - 🔍 Petlove: Buscando NexGard Combo
2026-03-26 20:26:34,298 - scraper_base - INFO - ✅ Petlove: 2 produto(s) encontrado(s) para NexGard Combo
2026-03-26 20:26:36,818 - scraper_base - INFO - 📦 [6/20] Processando Bravecto
2026-03-26 20:26:36,818 - scraper_base - INFO - 🔍 Petlove: Buscando Bravecto
2026-03-26 20:26:39,892 - scraper_base - INFO - ✅ Petlove: 23 produto(s) encontrado(s) para Bravecto
2026-03-26 20:26:41,423 - scraper_base - INFO - 📦 [7/20] Processando Frontline
2026-03-26 20:26:41,423 - scraper_base - INFO - 🔍 Petlove: Buscando Frontline
2026-03-26 20:26:43,195 - scraper_base - INFO - ✅ Petlove: 11 produto(s) encontrado(s) para Frontline
2026-03-26 20:26:45,192 - scraper_base - INFO - 📦 [8/20] Processando Advocate
2026-03-26 20:26:45,192 - scraper_base - INFO - 🔍 Petlove: Buscando Advocate
2026-03-26 20:26:47,173 - scraper_base - INFO - ✅ Petlove: 9 produto(s) encontrado(s) para Advocate
2026-03-26 20:26:48,621 - scraper_base - INFO - 📦 [9/20] Processando Drontal
2026-03-26 20:26:48,622 - scraper_base - INFO - 🔍 Petlove: Buscando Drontal
2026-03-26 20:26:50,497 - scraper_base - INFO - ✅ Petlove: 36 produto(s) encontrado(s) para Drontal
2026-03-26 20:26:51,878 - scraper_base - INFO - 📦 [10/20] Processando Milbemax
2026-03-26 20:26:51,879 - scraper_base - INFO - 🔍 Petlove: Buscando Milbemax
2026-03-26 20:26:53,470 - scraper_base - INFO - ✅ Petlove: 14 produto(s) encontrado(s) para Milbemax
2026-03-26 20:26:55,121 - scraper_base - INFO - 📦 [11/20] Processando Vermivet
2026-03-26 20:26:55,121 - scraper_base - INFO - 🔍 Petlove: Buscando Vermivet
2026-03-26 20:26:57,059 - scraper_base - INFO - ✅ Petlove: 36 produto(s) encontrado(s) para Vermivet
2026-03-26 20:26:59,393 - scraper_base - INFO - 📦 [12/20] Processando Rimadyl
2026-03-26 20:26:59,393 - scraper_base - INFO - 🔍 Petlove: Buscando Rimadyl
2026-03-26 20:27:01,238 - scraper_base - INFO - ✅ Petlove: 1 produto(s) encontrado(s) para Rimadyl
2026-03-26 20:27:03,023 - scraper_base - INFO - 📦 [13/20] Processando Onsior
2026-03-26 20:27:03,023 - scraper_base - INFO - 🔍 Petlove: Buscando Onsior
2026-03-26 20:27:05,259 - scraper_base - INFO - ✅ Petlove: 4 produto(s) encontrado(s) para Onsior
2026-03-26 20:27:07,126 - scraper_base - INFO - 📦 [14/20] Processando Maxicam
2026-03-26 20:27:07,126 - scraper_base - INFO - 🔍 Petlove: Buscando Maxicam
2026-03-26 20:27:08,550 - scraper_base - INFO - ✅ Petlove: 3 produto(s) encontrado(s) para Maxicam
2026-03-26 20:27:09,673 - scraper_base - INFO - 📦 [15/20] Processando Carproflan
2026-03-26 20:27:09,674 - scraper_base - INFO - 🔍 Petlove: Buscando Carproflan
2026-03-26 20:27:11,108 - scraper_base - INFO - ✅ Petlove: 8 produto(s) encontrado(s) para Carproflan
2026-03-26 20:27:13,796 - scraper_base - INFO - 📦 [16/20] Processando Previcox
2026-03-26 20:27:13,796 - scraper_base - INFO - 🔍 Petlove: Buscando Previcox
2026-03-26 20:27:15,126 - scraper_base - INFO - ✅ Petlove: 4 produto(s) encontrado(s) para Previcox
2026-03-26 20:27:16,964 - scraper_base - INFO - 📦 [17/20] Processando Apoquel
2026-03-26 20:27:16,964 - scraper_base - INFO - 🔍 Petlove: Buscando Apoquel
2026-03-26 20:27:18,556 - scraper_base - INFO - ✅ Petlove: 16 produto(s) encontrado(s) para Apoquel
2026-03-26 20:27:20,671 - scraper_base - INFO - 📦 [18/20] Processando Zenrelia
2026-03-26 20:27:20,671 - scraper_base - INFO - 🔍 Petlove: Buscando Zenrelia
2026-03-26 20:27:21,894 - scraper_base - INFO - ✅ Petlove: 4 produto(s) encontrado(s) para Zenrelia
2026-03-26 20:27:24,075 - scraper_base - INFO - 📦 [19/20] Processando Synulox
2026-03-26 20:27:24,075 - scraper_base - INFO - 🔍 Petlove: Buscando Synulox
2026-03-26 20:27:25,439 - scraper_base - INFO - ✅ Petlove: 1 produto(s) encontrado(s) para Synulox
2026-03-26 20:27:28,419 - scraper_base - INFO - 📦 [20/20] Processando Baytril
2026-03-26 20:27:28,420 - scraper_base - INFO - 🔍 Petlove: Buscando Baytril
2026-03-26 20:27:29,691 - scraper_base - INFO - ✅ Petlove: 4 produto(s) encontrado(s) para Baytril
2026-03-26 20:27:32,539 - scraper_base - INFO - 📊 Petlove - Estatísticas finais:
2026-03-26 20:27:32,539 - scraper_base - INFO -    • Medicamentos processados: 20
2026-03-26 20:27:32,539 - scraper_base - INFO -    • Produtos encontrados: 239
2026-03-26 20:27:32,540 - scraper_base - INFO -    • Medicamentos sem resultado: 0
2026-03-26 20:27:32,540 - scraper_base - INFO -    • Tempo total: 84.5s
2026-03-26 20:27:32,540 - scraper_base - INFO -    • Tempo médio por medicamento: 4.2s
2026-03-26 20:27:32,586 - gerenciador_arquivos - INFO - Excel salvo: dados_coletados/petlove_20260326_202732.xlsx (239 produtos)
2026-03-26 20:27:32,586 - gerenciador_principal - INFO - Petlove: Arquivo individual salvo com sucesso
2026-03-26 20:27:32,586 - gerenciador_principal - INFO - Pausando entre sites...
2026-03-26 20:27:34,586 - gerenciador_principal - INFO - [3/3] Processando Petz
2026-03-26 20:27:34,586 - scraper_base - INFO - 🚀 Iniciando scraping completo - Petz
2026-03-26 20:27:34,782 - scraper_base - INFO - 📋 20 medicamentos para processar
2026-03-26 20:27:34,783 - scraper_base - INFO - 📦 [1/20] Processando Simparic
2026-03-26 20:27:34,783 - scraper_base - INFO - 🔍 Petz: Buscando Simparic
2026-03-26 20:27:39,363 - scraper_base - INFO - ✅ Petz: 12 produto(s) encontrado(s) para Simparic
2026-03-26 20:27:41,984 - scraper_base - INFO - 📦 [2/20] Processando Revolution
2026-03-26 20:27:41,984 - scraper_base - INFO - 🔍 Petz: Buscando Revolution
2026-03-26 20:27:44,760 - scraper_base - INFO - ✅ Petz: 21 produto(s) encontrado(s) para Revolution
2026-03-26 20:27:46,419 - scraper_base - INFO - 📦 [3/20] Processando NexGard
2026-03-26 20:27:46,419 - scraper_base - INFO - 🔍 Petz: Buscando NexGard
2026-03-26 20:27:48,422 - scraper_base - INFO - ✅ Petz: 22 produto(s) encontrado(s) para NexGard
2026-03-26 20:27:50,707 - scraper_base - INFO - 📦 [4/20] Processando NexGard Spectra
2026-03-26 20:27:50,707 - scraper_base - INFO - 🔍 Petz: Buscando NexGard Spectra
2026-03-26 20:27:52,527 - scraper_base - INFO - ✅ Petz: 10 produto(s) encontrado(s) para NexGard Spectra
2026-03-26 20:27:54,203 - scraper_base - INFO - 📦 [5/20] Processando NexGard Combo
2026-03-26 20:27:54,203 - scraper_base - INFO - 🔍 Petz: Buscando NexGard Combo
2026-03-26 20:27:56,311 - scraper_base - INFO - ✅ Petz: 4 produto(s) encontrado(s) para NexGard Combo
2026-03-26 20:27:58,910 - scraper_base - INFO - 📦 [6/20] Processando Bravecto
2026-03-26 20:27:58,910 - scraper_base - INFO - 🔍 Petz: Buscando Bravecto
2026-03-26 20:28:01,139 - scraper_base - INFO - ✅ Petz: 16 produto(s) encontrado(s) para Bravecto
2026-03-26 20:28:04,058 - scraper_base - INFO - 📦 [7/20] Processando Frontline
2026-03-26 20:28:04,058 - scraper_base - INFO - 🔍 Petz: Buscando Frontline
2026-03-26 20:28:06,157 - scraper_base - INFO - ✅ Petz: 11 produto(s) encontrado(s) para Frontline
2026-03-26 20:28:08,703 - scraper_base - INFO - 📦 [8/20] Processando Advocate
2026-03-26 20:28:08,703 - scraper_base - INFO - 🔍 Petz: Buscando Advocate
2026-03-26 20:28:10,742 - scraper_base - INFO - ✅ Petz: 12 produto(s) encontrado(s) para Advocate
2026-03-26 20:28:12,445 - scraper_base - INFO - 📦 [9/20] Processando Drontal
2026-03-26 20:28:12,445 - scraper_base - INFO - 🔍 Petz: Buscando Drontal
2026-03-26 20:28:15,139 - scraper_base - INFO - ✅ Petz: 32 produto(s) encontrado(s) para Drontal
2026-03-26 20:28:18,096 - scraper_base - INFO - 📦 [10/20] Processando Milbemax
2026-03-26 20:28:18,096 - scraper_base - INFO - 🔍 Petz: Buscando Milbemax
2026-03-26 20:28:19,742 - scraper_base - INFO - ✅ Petz: 4 produto(s) encontrado(s) para Milbemax
2026-03-26 20:28:21,732 - scraper_base - INFO - 📦 [11/20] Processando Vermivet
2026-03-26 20:28:21,732 - scraper_base - INFO - 🔍 Petz: Buscando Vermivet
2026-03-26 20:28:26,779 - scraper_base - INFO - ✅ Petz: 5 produto(s) encontrado(s) para Vermivet
2026-03-26 20:28:27,969 - scraper_base - INFO - 📦 [12/20] Processando Rimadyl
2026-03-26 20:28:27,969 - scraper_base - INFO - 🔍 Petz: Buscando Rimadyl
2026-03-26 20:28:29,615 - scraper_base - INFO - ✅ Petz: 3 produto(s) encontrado(s) para Rimadyl
2026-03-26 20:28:30,837 - scraper_base - INFO - 📦 [13/20] Processando Onsior
2026-03-26 20:28:30,837 - scraper_base - INFO - 🔍 Petz: Buscando Onsior
2026-03-26 20:28:32,845 - scraper_base - INFO - ✅ Petz: 4 produto(s) encontrado(s) para Onsior
2026-03-26 20:28:34,330 - scraper_base - INFO - 📦 [14/20] Processando Maxicam
2026-03-26 20:28:34,331 - scraper_base - INFO - 🔍 Petz: Buscando Maxicam
2026-03-26 20:28:36,798 - scraper_base - INFO - ✅ Petz: 29 produto(s) encontrado(s) para Maxicam
2026-03-26 20:28:39,161 - scraper_base - INFO - 📦 [15/20] Processando Carproflan
2026-03-26 20:28:39,161 - scraper_base - INFO - 🔍 Petz: Buscando Carproflan
2026-03-26 20:28:40,783 - scraper_base - INFO - ✅ Petz: 3 produto(s) encontrado(s) para Carproflan
2026-03-26 20:28:43,703 - scraper_base - INFO - 📦 [16/20] Processando Previcox
2026-03-26 20:28:43,703 - scraper_base - INFO - 🔍 Petz: Buscando Previcox
2026-03-26 20:28:46,102 - scraper_base - INFO - ✅ Petz: 2 produto(s) encontrado(s) para Previcox
2026-03-26 20:28:47,941 - scraper_base - INFO - 📦 [17/20] Processando Apoquel
2026-03-26 20:28:47,941 - scraper_base - INFO - 🔍 Petz: Buscando Apoquel
2026-03-26 20:28:49,879 - scraper_base - INFO - ✅ Petz: 3 produto(s) encontrado(s) para Apoquel
2026-03-26 20:28:52,724 - scraper_base - INFO - 📦 [18/20] Processando Zenrelia
2026-03-26 20:28:52,724 - scraper_base - INFO - 🔍 Petz: Buscando Zenrelia
2026-03-26 20:28:54,312 - scraper_base - INFO - ✅ Petz: 4 produto(s) encontrado(s) para Zenrelia
2026-03-26 20:28:56,407 - scraper_base - INFO - 📦 [19/20] Processando Synulox
2026-03-26 20:28:56,408 - scraper_base - INFO - 🔍 Petz: Buscando Synulox
2026-03-26 20:28:58,072 - scraper_base - INFO - ✅ Petz: 2 produto(s) encontrado(s) para Synulox
2026-03-26 20:28:59,120 - scraper_base - INFO - 📦 [20/20] Processando Baytril
2026-03-26 20:28:59,120 - scraper_base - INFO - 🔍 Petz: Buscando Baytril
2026-03-26 20:29:00,979 - scraper_base - INFO - ✅ Petz: 9 produto(s) encontrado(s) para Baytril
2026-03-26 20:29:03,773 - scraper_base - INFO - 📊 Petz - Estatísticas finais:
2026-03-26 20:29:03,774 - scraper_base - INFO -    • Medicamentos processados: 20
2026-03-26 20:29:03,774 - scraper_base - INFO -    • Produtos encontrados: 208
2026-03-26 20:29:03,774 - scraper_base - INFO -    • Medicamentos sem resultado: 0
2026-03-26 20:29:03,774 - scraper_base - INFO -    • Tempo total: 89.2s
2026-03-26 20:29:03,774 - scraper_base - INFO -    • Tempo médio por medicamento: 4.5s
2026-03-26 20:29:03,819 - gerenciador_arquivos - INFO - Excel salvo: dados_coletados/petz_20260326_202903.xlsx (208 produtos)
2026-03-26 20:29:03,819 - gerenciador_principal - INFO - Petz: Arquivo individual salvo com sucesso
2026-03-26 20:29:03,820 - gerenciador_principal - INFO - Gerando relatório consolidado...
2026-03-26 20:29:04,121 - gerenciador_arquivos - INFO - Relatório consolidado salvo: dados_relatorios/relatorio_consolidado_20260326_202903.xlsx
2026-03-26 20:29:04,268 - gerenciador_conexoes - INFO - Chrome fechado
2026-03-26 20:29:04,268 - gerenciador_conexoes - INFO - Métodos utilizados - Requests: 33.3%, Selenium: 66.7%, Falhas: 0.0%
2026-03-26 20:29:04,268 - gerenciador_principal - INFO - ============================================================
2026-03-26 20:29:04,268 - gerenciador_principal - INFO - RELATORIO FINAL DE EXECUÇÃO
2026-03-26 20:29:04,268 - gerenciador_principal - INFO - ============================================================
2026-03-26 20:29:04,268 - gerenciador_principal - INFO - Sites processados: 3
2026-03-26 20:29:04,268 - gerenciador_principal - INFO - Sites com sucesso: 3
2026-03-26 20:29:04,268 - gerenciador_principal - INFO - Total de produtos coletados: 596
2026-03-26 20:29:04,268 - gerenciador_principal - INFO - Tempo total de execução: 284.2 segundos
2026-03-26 20:29:04,268 - gerenciador_principal - INFO - Estatísticas de conexão:
2026-03-26 20:29:04,268 - gerenciador_principal - INFO -   - Requests bem-sucedidos: 33.3%
2026-03-26 20:29:04,269 - gerenciador_principal - INFO -   - Selenium fallback: 66.7%
2026-03-26 20:29:04,269 - gerenciador_principal - INFO -   - Falhas totais: 0.0%
2026-03-26 20:29:04,271 - gerenciador_principal - INFO - Arquivos salvos na pasta: dados_coletados
2026-03-26 20:29:04,271 - gerenciador_principal - INFO - Total de arquivos: 522
2026-03-26 20:29:04,271 - gerenciador_principal - INFO - ============================================================
