2026-08-26 22:32:44,761 - configurador_logs - INFO - Sistema de logs configurado com sucesso
2026-08-26 22:32:44,761 - configurador_logs - INFO - 🚀 Logs configurados para MODO PRODUÇÃO
2026-08-26 22:32:44,761 - gerenciador_principal - INFO - Inicializando sistema - Modo: PRODUCAO
2026-08-26 22:32:44,762 - gerenciador_arquivos - INFO - Pasta dados_coletados preparada
2026-08-26 22:32:44,762 - gerenciador_principal - INFO - Sistema inicializado com 3 scrapers
2026-08-26 22:32:44,762 - gerenciador_principal - INFO - ============================================================
2026-08-26 22:32:44,762 - gerenciador_principal - INFO - INICIANDO SCRAPING COMPLETO - PRODUCAO
2026-08-26 22:32:44,762 - gerenciador_principal - INFO - ============================================================
2026-08-26 22:32:44,762 - gerenciador_principal - INFO - [1/3] Processando Cobasi
2026-08-26 22:32:44,762 - scraper_base - INFO - 🚀 Iniciando scraping completo - Cobasi
2026-08-26 22:32:46,316 - gerenciador_conexoes - INFO - Sessao estabelecida com cobasi.com.br
2026-08-26 22:32:46,316 - scraper_base - INFO - 📋 20 medicamentos para processar
2026-08-26 22:32:46,316 - scraper_base - INFO - 📦 [1/20] Processando Simparic
2026-08-26 22:32:46,316 - scraper_base - INFO - 🔍 Cobasi: Buscando Simparic
2026-08-26 22:32:51,226 - scraper_cobasi - INFO - Cobasi: Dados extraídos via JSON para Simparic
2026-08-26 22:32:51,227 - scraper_base - INFO - ✅ Cobasi: 24 produto(s) encontrado(s) para Simparic
2026-08-26 22:32:53,616 - scraper_base - INFO - 📦 [2/20] Processando Revolution
2026-08-26 22:32:53,616 - scraper_base - INFO - 🔍 Cobasi: Buscando Revolution
2026-08-26 22:32:57,755 - scraper_cobasi - INFO - Cobasi: Dados extraídos via JSON para Revolution
2026-08-26 22:32:57,755 - scraper_base - INFO - ✅ Cobasi: 18 produto(s) encontrado(s) para Revolution
2026-08-26 22:32:59,980 - scraper_base - INFO - 📦 [3/20] Processando NexGard
2026-08-26 22:32:59,980 - scraper_base - INFO - 🔍 Cobasi: Buscando NexGard
2026-08-26 22:33:10,956 - scraper_cobasi - INFO - Cobasi: Dados extraídos via JSON para NexGard
2026-08-26 22:33:10,956 - scraper_base - INFO - ✅ Cobasi: 22 produto(s) encontrado(s) para NexGard
2026-08-26 22:33:12,304 - scraper_base - INFO - 📦 [4/20] Processando NexGard Spectra
2026-08-26 22:33:12,304 - scraper_base - INFO - 🔍 Cobasi: Buscando NexGard Spectra
2026-08-26 22:33:18,137 - scraper_cobasi - INFO - Cobasi: Dados extraídos via JSON para NexGard Spectra
2026-08-26 22:33:18,137 - scraper_base - INFO - ✅ Cobasi: 10 produto(s) encontrado(s) para NexGard Spectra
2026-08-26 22:33:20,915 - scraper_base - INFO - 📦 [5/20] Processando NexGard Combo
2026-08-26 22:33:20,915 - scraper_base - INFO - 🔍 Cobasi: Buscando NexGard Combo
2026-08-26 22:33:26,106 - scraper_cobasi - INFO - Cobasi: Dados extraídos via JSON para NexGard Combo
2026-08-26 22:33:26,106 - scraper_base - INFO - ✅ Cobasi: 4 produto(s) encontrado(s) para NexGard Combo
2026-08-26 22:33:28,305 - scraper_base - INFO - 📦 [6/20] Processando Bravecto
2026-08-26 22:33:28,305 - scraper_base - INFO - 🔍 Cobasi: Buscando Bravecto
2026-08-26 22:33:33,539 - scraper_cobasi - INFO - Cobasi: Dados extraídos via JSON para Bravecto
2026-08-26 22:33:33,539 - scraper_base - INFO - ✅ Cobasi: 16 produto(s) encontrado(s) para Bravecto
2026-08-26 22:33:35,508 - scraper_base - INFO - 📦 [7/20] Processando Frontline
2026-08-26 22:33:35,509 - scraper_base - INFO - 🔍 Cobasi: Buscando Frontline
2026-08-26 22:33:39,016 - scraper_cobasi - INFO - Cobasi: Dados extraídos via JSON para Frontline
2026-08-26 22:33:39,016 - scraper_base - INFO - ✅ Cobasi: 11 produto(s) encontrado(s) para Frontline
2026-08-26 22:33:41,537 - scraper_base - INFO - 📦 [8/20] Processando Advocate
2026-08-26 22:33:41,537 - scraper_base - INFO - 🔍 Cobasi: Buscando Advocate
2026-08-26 22:33:44,574 - scraper_cobasi - INFO - Cobasi: Dados extraídos via JSON para Advocate
2026-08-26 22:33:44,574 - scraper_base - INFO - ✅ Cobasi: 12 produto(s) encontrado(s) para Advocate
2026-08-26 22:33:45,936 - scraper_base - INFO - 📦 [9/20] Processando Drontal
2026-08-26 22:33:45,936 - scraper_base - INFO - 🔍 Cobasi: Buscando Drontal
2026-08-26 22:33:50,410 - scraper_cobasi - INFO - Cobasi: Dados extraídos via JSON para Drontal
2026-08-26 22:33:50,410 - scraper_base - INFO - ✅ Cobasi: 8 produto(s) encontrado(s) para Drontal
2026-08-26 22:33:52,825 - scraper_base - INFO - 📦 [10/20] Processando Milbemax
2026-08-26 22:33:52,826 - scraper_base - INFO - 🔍 Cobasi: Buscando Milbemax
2026-08-26 22:34:00,232 - scraper_cobasi - INFO - Cobasi: Dados extraídos via JSON para Milbemax
2026-08-26 22:34:00,232 - scraper_base - INFO - ✅ Cobasi: 4 produto(s) encontrado(s) para Milbemax
2026-08-26 22:34:01,442 - scraper_base - INFO - 📦 [11/20] Processando Vermivet
2026-08-26 22:34:01,442 - scraper_base - INFO - 🔍 Cobasi: Buscando Vermivet
2026-08-26 22:34:06,356 - scraper_cobasi - INFO - Cobasi: Dados extraídos via JSON para Vermivet
2026-08-26 22:34:06,356 - scraper_base - INFO - ✅ Cobasi: 5 produto(s) encontrado(s) para Vermivet
2026-08-26 22:34:07,958 - scraper_base - INFO - 📦 [12/20] Processando Rimadyl
2026-08-26 22:34:07,958 - scraper_base - INFO - 🔍 Cobasi: Buscando Rimadyl
2026-08-26 22:34:10,556 - scraper_cobasi - INFO - Cobasi: Dados extraídos via JSON para Rimadyl
2026-08-26 22:34:10,557 - scraper_base - INFO - ✅ Cobasi: 3 produto(s) encontrado(s) para Rimadyl
2026-08-26 22:34:13,234 - scraper_base - INFO - 📦 [13/20] Processando Onsior
2026-08-26 22:34:13,234 - scraper_base - INFO - 🔍 Cobasi: Buscando Onsior
2026-08-26 22:34:16,584 - scraper_cobasi - INFO - Cobasi: Dados extraídos via JSON para Onsior
2026-08-26 22:34:16,585 - scraper_base - INFO - ✅ Cobasi: 4 produto(s) encontrado(s) para Onsior
2026-08-26 22:34:18,176 - scraper_base - INFO - 📦 [14/20] Processando Maxicam
2026-08-26 22:34:18,177 - scraper_base - INFO - 🔍 Cobasi: Buscando Maxicam
2026-08-26 22:34:21,525 - scraper_cobasi - INFO - Cobasi: Dados extraídos via JSON para Maxicam
2026-08-26 22:34:21,525 - scraper_base - INFO - ✅ Cobasi: 3 produto(s) encontrado(s) para Maxicam
2026-08-26 22:34:24,028 - scraper_base - INFO - 📦 [15/20] Processando Carproflan
2026-08-26 22:34:24,028 - scraper_base - INFO - 🔍 Cobasi: Buscando Carproflan
2026-08-26 22:34:28,747 - scraper_cobasi - INFO - Cobasi: Dados extraídos via JSON para Carproflan
2026-08-26 22:34:28,747 - scraper_base - INFO - ✅ Cobasi: 3 produto(s) encontrado(s) para Carproflan
2026-08-26 22:34:31,680 - scraper_base - INFO - 📦 [16/20] Processando Previcox
2026-08-26 22:34:31,680 - scraper_base - INFO - 🔍 Cobasi: Buscando Previcox
2026-08-26 22:34:36,750 - scraper_cobasi - INFO - Cobasi: Dados extraídos via JSON para Previcox
2026-08-26 22:34:36,750 - scraper_base - INFO - ✅ Cobasi: 2 produto(s) encontrado(s) para Previcox
2026-08-26 22:34:37,903 - scraper_base - INFO - 📦 [17/20] Processando Apoquel
2026-08-26 22:34:37,903 - scraper_base - INFO - 🔍 Cobasi: Buscando Apoquel
2026-08-26 22:34:40,549 - scraper_cobasi - INFO - Cobasi: Dados extraídos via JSON para Apoquel
2026-08-26 22:34:40,549 - scraper_base - INFO - ✅ Cobasi: 3 produto(s) encontrado(s) para Apoquel
2026-08-26 22:34:41,744 - scraper_base - INFO - 📦 [18/20] Processando Zenrelia
2026-08-26 22:34:41,744 - scraper_base - INFO - 🔍 Cobasi: Buscando Zenrelia
2026-08-26 22:34:46,569 - scraper_cobasi - INFO - Cobasi: Dados extraídos via JSON para Zenrelia
2026-08-26 22:34:46,569 - scraper_base - INFO - ✅ Cobasi: 4 produto(s) encontrado(s) para Zenrelia
2026-08-26 22:34:48,938 - scraper_base - INFO - 📦 [19/20] Processando Synulox
2026-08-26 22:34:48,938 - scraper_base - INFO - 🔍 Cobasi: Buscando Synulox
2026-08-26 22:34:53,330 - scraper_cobasi - INFO - Cobasi: Dados extraídos via JSON para Synulox
2026-08-26 22:34:53,330 - scraper_base - INFO - ✅ Cobasi: 2 produto(s) encontrado(s) para Synulox
2026-08-26 22:34:54,440 - scraper_base - INFO - 📦 [20/20] Processando Baytril
2026-08-26 22:34:54,440 - scraper_base - INFO - 🔍 Cobasi: Buscando Baytril
2026-08-26 22:34:57,257 - scraper_cobasi - INFO - Cobasi: Dados extraídos via JSON para Baytril
2026-08-26 22:34:57,257 - scraper_base - INFO - ✅ Cobasi: 2 produto(s) encontrado(s) para Baytril
2026-08-26 22:34:58,467 - scraper_base - INFO - 📊 Cobasi - Estatísticas finais:
2026-08-26 22:34:58,467 - scraper_base - INFO -    • Medicamentos processados: 20
2026-08-26 22:34:58,467 - scraper_base - INFO -    • Produtos encontrados: 160
2026-08-26 22:34:58,467 - scraper_base - INFO -    • Medicamentos sem resultado: 0
2026-08-26 22:34:58,467 - scraper_base - INFO -    • Tempo total: 133.7s
2026-08-26 22:34:58,467 - scraper_base - INFO -    • Tempo médio por medicamento: 6.7s
2026-08-26 22:34:58,655 - gerenciador_arquivos - INFO - Excel salvo: dados_coletados/cobasi_20260826_223458.xlsx (160 produtos)
2026-08-26 22:34:58,655 - gerenciador_principal - INFO - Cobasi: Arquivo individual salvo com sucesso
2026-08-26 22:34:58,655 - gerenciador_principal - INFO - Pausando entre sites...
2026-08-26 22:35:00,655 - gerenciador_principal - INFO - [2/3] Processando Petlove
2026-08-26 22:35:00,655 - scraper_base - INFO - 🚀 Iniciando scraping completo - Petlove
2026-08-26 22:35:00,984 - gerenciador_conexoes - INFO - Sessao estabelecida com petlove.com.br
2026-08-26 22:35:00,984 - scraper_base - INFO - 📋 20 medicamentos para processar
2026-08-26 22:35:00,984 - scraper_base - INFO - 📦 [1/20] Processando Simparic
2026-08-26 22:35:00,984 - scraper_base - INFO - 🔍 Petlove: Buscando Simparic
2026-08-26 22:35:01,868 - scraper_base - INFO - ✅ Petlove: 36 produto(s) encontrado(s) para Simparic
2026-08-26 22:35:03,955 - scraper_base - INFO - 📦 [2/20] Processando Revolution
2026-08-26 22:35:03,955 - scraper_base - INFO - 🔍 Petlove: Buscando Revolution
2026-08-26 22:35:04,764 - scraper_base - INFO - ✅ Petlove: 19 produto(s) encontrado(s) para Revolution
2026-08-26 22:35:07,090 - scraper_base - INFO - 📦 [3/20] Processando NexGard
2026-08-26 22:35:07,091 - scraper_base - INFO - 🔍 Petlove: Buscando NexGard
2026-08-26 22:35:07,808 - scraper_base - INFO - ✅ Petlove: 11 produto(s) encontrado(s) para NexGard
2026-08-26 22:35:09,309 - scraper_base - INFO - 📦 [4/20] Processando NexGard Spectra
2026-08-26 22:35:09,309 - scraper_base - INFO - 🔍 Petlove: Buscando NexGard Spectra
2026-08-26 22:35:11,301 - scraper_base - INFO - ✅ Petlove: 5 produto(s) encontrado(s) para NexGard Spectra
2026-08-26 22:35:12,382 - scraper_base - INFO - 📦 [5/20] Processando NexGard Combo
2026-08-26 22:35:12,382 - scraper_base - INFO - 🔍 Petlove: Buscando NexGard Combo
2026-08-26 22:35:13,007 - scraper_base - INFO - ✅ Petlove: 2 produto(s) encontrado(s) para NexGard Combo
2026-08-26 22:35:14,103 - scraper_base - INFO - 📦 [6/20] Processando Bravecto
2026-08-26 22:35:14,103 - scraper_base - INFO - 🔍 Petlove: Buscando Bravecto
2026-08-26 22:35:14,895 - scraper_base - INFO - ✅ Petlove: 23 produto(s) encontrado(s) para Bravecto
2026-08-26 22:35:17,547 - scraper_base - INFO - 📦 [7/20] Processando Frontline
2026-08-26 22:35:17,547 - scraper_base - INFO - 🔍 Petlove: Buscando Frontline
2026-08-26 22:35:18,244 - scraper_base - INFO - ✅ Petlove: 11 produto(s) encontrado(s) para Frontline
2026-08-26 22:35:19,356 - scraper_base - INFO - 📦 [8/20] Processando Advocate
2026-08-26 22:35:19,357 - scraper_base - INFO - 🔍 Petlove: Buscando Advocate
2026-08-26 22:35:20,034 - scraper_base - INFO - ✅ Petlove: 9 produto(s) encontrado(s) para Advocate
2026-08-26 22:35:22,433 - scraper_base - INFO - 📦 [9/20] Processando Drontal
2026-08-26 22:35:22,434 - scraper_base - INFO - 🔍 Petlove: Buscando Drontal
2026-08-26 22:35:23,484 - scraper_base - INFO - ✅ Petlove: 36 produto(s) encontrado(s) para Drontal
2026-08-26 22:35:26,212 - scraper_base - INFO - 📦 [10/20] Processando Milbemax
2026-08-26 22:35:26,212 - scraper_base - INFO - 🔍 Petlove: Buscando Milbemax
2026-08-26 22:35:26,944 - scraper_base - INFO - ✅ Petlove: 14 produto(s) encontrado(s) para Milbemax
2026-08-26 22:35:29,235 - scraper_base - INFO - 📦 [11/20] Processando Vermivet
2026-08-26 22:35:29,235 - scraper_base - INFO - 🔍 Petlove: Buscando Vermivet
2026-08-26 22:35:30,091 - scraper_base - INFO - ✅ Petlove: 36 produto(s) encontrado(s) para Vermivet
2026-08-26 22:35:32,933 - scraper_base - INFO - 📦 [12/20] Processando Rimadyl
2026-08-26 22:35:32,933 - scraper_base - INFO - 🔍 Petlove: Buscando Rimadyl
2026-08-26 22:35:33,561 - scraper_base - INFO - ✅ Petlove: 1 produto(s) encontrado(s) para Rimadyl
2026-08-26 22:35:36,412 - scraper_base - INFO - 📦 [13/20] Processando Onsior
2026-08-26 22:35:36,412 - scraper_base - INFO - 🔍 Petlove: Buscando Onsior
2026-08-26 22:35:37,287 - scraper_base - INFO - ✅ Petlove: 4 produto(s) encontrado(s) para Onsior
2026-08-26 22:35:38,818 - scraper_base - INFO - 📦 [14/20] Processando Maxicam
2026-08-26 22:35:38,818 - scraper_base - INFO - 🔍 Petlove: Buscando Maxicam
2026-08-26 22:35:39,528 - scraper_base - INFO - ✅ Petlove: 3 produto(s) encontrado(s) para Maxicam
2026-08-26 22:35:41,932 - scraper_base - INFO - 📦 [15/20] Processando Carproflan
2026-08-26 22:35:41,932 - scraper_base - INFO - 🔍 Petlove: Buscando Carproflan
2026-08-26 22:35:42,753 - scraper_base - INFO - ✅ Petlove: 7 produto(s) encontrado(s) para Carproflan
2026-08-26 22:35:44,279 - scraper_base - INFO - 📦 [16/20] Processando Previcox
2026-08-26 22:35:44,279 - scraper_base - INFO - 🔍 Petlove: Buscando Previcox
2026-08-26 22:35:44,880 - scraper_base - INFO - ✅ Petlove: 4 produto(s) encontrado(s) para Previcox
2026-08-26 22:35:47,601 - scraper_base - INFO - 📦 [17/20] Processando Apoquel
2026-08-26 22:35:47,601 - scraper_base - INFO - 🔍 Petlove: Buscando Apoquel
2026-08-26 22:35:48,584 - scraper_base - INFO - ✅ Petlove: 16 produto(s) encontrado(s) para Apoquel
2026-08-26 22:35:50,662 - scraper_base - INFO - 📦 [18/20] Processando Zenrelia
2026-08-26 22:35:50,662 - scraper_base - INFO - 🔍 Petlove: Buscando Zenrelia
2026-08-26 22:35:51,311 - scraper_base - INFO - ✅ Petlove: 4 produto(s) encontrado(s) para Zenrelia
2026-08-26 22:35:54,092 - scraper_base - INFO - 📦 [19/20] Processando Synulox
2026-08-26 22:35:54,092 - scraper_base - INFO - 🔍 Petlove: Buscando Synulox
2026-08-26 22:35:54,832 - scraper_base - INFO - ✅ Petlove: 1 produto(s) encontrado(s) para Synulox
2026-08-26 22:35:57,374 - scraper_base - INFO - 📦 [20/20] Processando Baytril
2026-08-26 22:35:57,374 - scraper_base - INFO - 🔍 Petlove: Buscando Baytril
2026-08-26 22:35:58,223 - scraper_base - INFO - ✅ Petlove: 6 produto(s) encontrado(s) para Baytril
2026-08-26 22:36:00,249 - scraper_base - INFO - 📊 Petlove - Estatísticas finais:
2026-08-26 22:36:00,249 - scraper_base - INFO -    • Medicamentos processados: 20
2026-08-26 22:36:00,249 - scraper_base - INFO -    • Produtos encontrados: 248
2026-08-26 22:36:00,249 - scraper_base - INFO -    • Medicamentos sem resultado: 0
2026-08-26 22:36:00,249 - scraper_base - INFO -    • Tempo total: 59.6s
2026-08-26 22:36:00,249 - scraper_base - INFO -    • Tempo médio por medicamento: 3.0s
2026-08-26 22:36:00,296 - gerenciador_arquivos - INFO - Excel salvo: dados_coletados/petlove_20260826_223600.xlsx (248 produtos)
2026-08-26 22:36:00,296 - gerenciador_principal - INFO - Petlove: Arquivo individual salvo com sucesso
2026-08-26 22:36:00,296 - gerenciador_principal - INFO - Pausando entre sites...
2026-08-26 22:36:02,296 - gerenciador_principal - INFO - [3/3] Processando Petz
2026-08-26 22:36:02,296 - scraper_base - INFO - 🚀 Iniciando scraping completo - Petz
2026-08-26 22:36:02,606 - scraper_base - INFO - 📋 20 medicamentos para processar
2026-08-26 22:36:02,606 - scraper_base - INFO - 📦 [1/20] Processando Simparic
2026-08-26 22:36:02,606 - scraper_base - INFO - 🔍 Petz: Buscando Simparic
2026-08-26 22:36:11,588 - gerenciador_conexoes - INFO - Chrome inicializado com otimizacoes de velocidade
2026-08-26 22:36:16,713 - scraper_petz - INFO - Petz: Nenhum product-card encontrado para Simparic
2026-08-26 22:36:16,713 - scraper_base - INFO - ⚪ Petz: Nenhum produto encontrado para Simparic
2026-08-26 22:36:19,161 - scraper_base - INFO - 📦 [2/20] Processando Revolution
2026-08-26 22:36:19,161 - scraper_base - INFO - 🔍 Petz: Buscando Revolution
2026-08-26 22:36:22,160 - scraper_petz - INFO - Petz: Nenhum product-card encontrado para Revolution
2026-08-26 22:36:22,160 - scraper_base - INFO - ⚪ Petz: Nenhum produto encontrado para Revolution
2026-08-26 22:36:24,906 - scraper_base - INFO - 📦 [3/20] Processando NexGard
2026-08-26 22:36:24,906 - scraper_base - INFO - 🔍 Petz: Buscando NexGard
2026-08-26 22:36:27,602 - scraper_petz - INFO - Petz: Nenhum product-card encontrado para NexGard
2026-08-26 22:36:27,602 - scraper_base - INFO - ⚪ Petz: Nenhum produto encontrado para NexGard
2026-08-26 22:36:30,184 - scraper_base - INFO - 📦 [4/20] Processando NexGard Spectra
2026-08-26 22:36:30,184 - scraper_base - INFO - 🔍 Petz: Buscando NexGard Spectra
2026-08-26 22:36:32,461 - scraper_petz - INFO - Petz: Nenhum product-card encontrado para NexGard Spectra
2026-08-26 22:36:32,461 - scraper_base - INFO - ⚪ Petz: Nenhum produto encontrado para NexGard Spectra
2026-08-26 22:36:35,370 - scraper_base - INFO - 📦 [5/20] Processando NexGard Combo
2026-08-26 22:36:35,370 - scraper_base - INFO - 🔍 Petz: Buscando NexGard Combo
2026-08-26 22:36:37,151 - scraper_petz - INFO - Petz: Nenhum product-card encontrado para NexGard Combo
2026-08-26 22:36:37,151 - scraper_base - INFO - ⚪ Petz: Nenhum produto encontrado para NexGard Combo
2026-08-26 22:36:39,594 - scraper_base - INFO - 📦 [6/20] Processando Bravecto
2026-08-26 22:36:39,594 - scraper_base - INFO - 🔍 Petz: Buscando Bravecto
2026-08-26 22:36:41,987 - scraper_petz - INFO - Petz: Nenhum product-card encontrado para Bravecto
2026-08-26 22:36:41,988 - scraper_base - INFO - ⚪ Petz: Nenhum produto encontrado para Bravecto
2026-08-26 22:36:44,595 - scraper_base - INFO - 📦 [7/20] Processando Frontline
2026-08-26 22:36:44,595 - scraper_base - INFO - 🔍 Petz: Buscando Frontline
2026-08-26 22:36:46,766 - scraper_petz - INFO - Petz: Nenhum product-card encontrado para Frontline
2026-08-26 22:36:46,767 - scraper_base - INFO - ⚪ Petz: Nenhum produto encontrado para Frontline
2026-08-26 22:36:48,416 - scraper_base - INFO - 📦 [8/20] Processando Advocate
2026-08-26 22:36:48,416 - scraper_base - INFO - 🔍 Petz: Buscando Advocate
2026-08-26 22:36:50,565 - scraper_petz - INFO - Petz: Nenhum product-card encontrado para Advocate
2026-08-26 22:36:50,565 - scraper_base - INFO - ⚪ Petz: Nenhum produto encontrado para Advocate
2026-08-26 22:36:51,941 - scraper_base - INFO - 📦 [9/20] Processando Drontal
2026-08-26 22:36:51,941 - scraper_base - INFO - 🔍 Petz: Buscando Drontal
2026-08-26 22:36:54,897 - scraper_petz - INFO - Petz: Nenhum product-card encontrado para Drontal
2026-08-26 22:36:54,897 - scraper_base - INFO - ⚪ Petz: Nenhum produto encontrado para Drontal
2026-08-26 22:36:56,040 - scraper_base - INFO - 📦 [10/20] Processando Milbemax
2026-08-26 22:36:56,040 - scraper_base - INFO - 🔍 Petz: Buscando Milbemax
2026-08-26 22:36:57,995 - scraper_petz - INFO - Petz: Nenhum product-card encontrado para Milbemax
2026-08-26 22:36:57,995 - scraper_base - INFO - ⚪ Petz: Nenhum produto encontrado para Milbemax
2026-08-26 22:37:00,336 - scraper_base - INFO - 📦 [11/20] Processando Vermivet
2026-08-26 22:37:00,337 - scraper_base - INFO - 🔍 Petz: Buscando Vermivet
2026-08-26 22:37:02,296 - scraper_petz - INFO - Petz: Nenhum product-card encontrado para Vermivet
2026-08-26 22:37:02,296 - scraper_base - INFO - ⚪ Petz: Nenhum produto encontrado para Vermivet
2026-08-26 22:37:04,812 - scraper_base - INFO - 📦 [12/20] Processando Rimadyl
2026-08-26 22:37:04,813 - scraper_base - INFO - 🔍 Petz: Buscando Rimadyl
2026-08-26 22:37:06,538 - scraper_petz - INFO - Petz: Nenhum product-card encontrado para Rimadyl
2026-08-26 22:37:06,538 - scraper_base - INFO - ⚪ Petz: Nenhum produto encontrado para Rimadyl
2026-08-26 22:37:09,160 - scraper_base - INFO - 📦 [13/20] Processando Onsior
2026-08-26 22:37:09,160 - scraper_base - INFO - 🔍 Petz: Buscando Onsior
2026-08-26 22:37:11,218 - scraper_petz - INFO - Petz: Nenhum product-card encontrado para Onsior
2026-08-26 22:37:11,219 - scraper_base - INFO - ⚪ Petz: Nenhum produto encontrado para Onsior
2026-08-26 22:37:13,942 - scraper_base - INFO - 📦 [14/20] Processando Maxicam
2026-08-26 22:37:13,942 - scraper_base - INFO - 🔍 Petz: Buscando Maxicam
2026-08-26 22:37:17,457 - scraper_petz - INFO - Petz: Nenhum product-card encontrado para Maxicam
2026-08-26 22:37:17,457 - scraper_base - INFO - ⚪ Petz: Nenhum produto encontrado para Maxicam
2026-08-26 22:37:19,430 - scraper_base - INFO - 📦 [15/20] Processando Carproflan
2026-08-26 22:37:19,430 - scraper_base - INFO - 🔍 Petz: Buscando Carproflan
2026-08-26 22:37:21,548 - scraper_petz - INFO - Petz: Nenhum product-card encontrado para Carproflan
2026-08-26 22:37:21,548 - scraper_base - INFO - ⚪ Petz: Nenhum produto encontrado para Carproflan
2026-08-26 22:37:24,084 - scraper_base - INFO - 📦 [16/20] Processando Previcox
2026-08-26 22:37:24,084 - scraper_base - INFO - 🔍 Petz: Buscando Previcox
2026-08-26 22:37:26,311 - scraper_petz - INFO - Petz: Nenhum product-card encontrado para Previcox
2026-08-26 22:37:26,311 - scraper_base - INFO - ⚪ Petz: Nenhum produto encontrado para Previcox
2026-08-26 22:37:29,068 - scraper_base - INFO - 📦 [17/20] Processando Apoquel
2026-08-26 22:37:29,068 - scraper_base - INFO - 🔍 Petz: Buscando Apoquel
2026-08-26 22:37:31,273 - scraper_petz - INFO - Petz: Nenhum product-card encontrado para Apoquel
2026-08-26 22:37:31,274 - scraper_base - INFO - ⚪ Petz: Nenhum produto encontrado para Apoquel
2026-08-26 22:37:32,897 - scraper_base - INFO - 📦 [18/20] Processando Zenrelia
2026-08-26 22:37:32,897 - scraper_base - INFO - 🔍 Petz: Buscando Zenrelia
2026-08-26 22:37:34,901 - scraper_petz - INFO - Petz: Nenhum product-card encontrado para Zenrelia
2026-08-26 22:37:34,901 - scraper_base - INFO - ⚪ Petz: Nenhum produto encontrado para Zenrelia
2026-08-26 22:37:36,675 - scraper_base - INFO - 📦 [19/20] Processando Synulox
2026-08-26 22:37:36,675 - scraper_base - INFO - 🔍 Petz: Buscando Synulox
2026-08-26 22:37:38,661 - scraper_petz - INFO - Petz: Nenhum product-card encontrado para Synulox
2026-08-26 22:37:38,661 - scraper_base - INFO - ⚪ Petz: Nenhum produto encontrado para Synulox
2026-08-26 22:37:40,281 - scraper_base - INFO - 📦 [20/20] Processando Baytril
2026-08-26 22:37:40,281 - scraper_base - INFO - 🔍 Petz: Buscando Baytril
2026-08-26 22:37:42,455 - scraper_petz - INFO - Petz: Nenhum product-card encontrado para Baytril
2026-08-26 22:37:42,455 - scraper_base - INFO - ⚪ Petz: Nenhum produto encontrado para Baytril
2026-08-26 22:37:45,200 - scraper_base - INFO - 📊 Petz - Estatísticas finais:
2026-08-26 22:37:45,201 - scraper_base - INFO -    • Medicamentos processados: 20
2026-08-26 22:37:45,201 - scraper_base - INFO -    • Produtos encontrados: 0
2026-08-26 22:37:45,201 - scraper_base - INFO -    • Medicamentos sem resultado: 20
2026-08-26 22:37:45,201 - scraper_base - INFO -    • Tempo total: 102.9s
2026-08-26 22:37:45,201 - scraper_base - INFO -    • Tempo médio por medicamento: 5.1s
2026-08-26 22:37:45,201 - gerenciador_principal - WARNING - Petz: Nenhum produto coletado
2026-08-26 22:37:45,201 - gerenciador_principal - INFO - Gerando relatório consolidado...
2026-08-26 22:37:45,347 - gerenciador_arquivos - INFO - Relatório consolidado salvo: dados_relatorios/relatorio_consolidado_20260826_223745.xlsx
2026-08-26 22:37:45,453 - gerenciador_conexoes - INFO - Chrome fechado
2026-08-26 22:37:45,453 - gerenciador_conexoes - INFO - Métodos utilizados - Requests: 66.7%, Selenium: 33.3%, Falhas: 0.0%
2026-08-26 22:37:45,453 - gerenciador_principal - INFO - ============================================================
2026-08-26 22:37:45,453 - gerenciador_principal - INFO - RELATORIO FINAL DE EXECUÇÃO
2026-08-26 22:37:45,453 - gerenciador_principal - INFO - ============================================================
2026-08-26 22:37:45,453 - gerenciador_principal - INFO - Sites processados: 3
2026-08-26 22:37:45,453 - gerenciador_principal - INFO - Sites com sucesso: 2
2026-08-26 22:37:45,453 - gerenciador_principal - INFO - Total de produtos coletados: 408
2026-08-26 22:37:45,453 - gerenciador_principal - WARNING - Sites com falhas: Petz
2026-08-26 22:37:45,453 - gerenciador_principal - INFO - Tempo total de execução: 300.4 segundos
2026-08-26 22:37:45,453 - gerenciador_principal - INFO - Estatísticas de conexão:
2026-08-26 22:37:45,453 - gerenciador_principal - INFO -   - Requests bem-sucedidos: 66.7%
2026-08-26 22:37:45,453 - gerenciador_principal - INFO -   - Selenium fallback: 33.3%
2026-08-26 22:37:45,453 - gerenciador_principal - INFO -   - Falhas totais: 0.0%
2026-08-26 22:37:45,458 - gerenciador_principal - INFO - Arquivos salvos na pasta: dados_coletados
2026-08-26 22:37:45,458 - gerenciador_principal - INFO - Total de arquivos: 953
2026-08-26 22:37:45,458 - gerenciador_principal - INFO - ============================================================
