2026-01-29 20:16:34,290 - configurador_logs - INFO - Sistema de logs configurado com sucesso
2026-01-29 20:16:34,290 - configurador_logs - INFO - 🚀 Logs configurados para MODO PRODUÇÃO
2026-01-29 20:16:34,290 - gerenciador_principal - INFO - Inicializando sistema - Modo: PRODUCAO
2026-01-29 20:16:34,291 - gerenciador_arquivos - INFO - Pasta dados_coletados preparada
2026-01-29 20:16:34,291 - gerenciador_principal - INFO - Sistema inicializado com 3 scrapers
2026-01-29 20:16:34,291 - gerenciador_principal - INFO - ============================================================
2026-01-29 20:16:34,291 - gerenciador_principal - INFO - INICIANDO SCRAPING COMPLETO - PRODUCAO
2026-01-29 20:16:34,291 - gerenciador_principal - INFO - ============================================================
2026-01-29 20:16:34,291 - gerenciador_principal - INFO - [1/3] Processando Cobasi
2026-01-29 20:16:34,291 - scraper_base - INFO - 🚀 Iniciando scraping completo - Cobasi
2026-01-29 20:16:34,693 - gerenciador_conexoes - INFO - Sessao estabelecida com cobasi.com.br
2026-01-29 20:16:34,693 - scraper_base - INFO - 📋 20 medicamentos para processar
2026-01-29 20:16:34,693 - scraper_base - INFO - 📦 [1/20] Processando Simparic
2026-01-29 20:16:34,693 - scraper_base - INFO - 🔍 Cobasi: Buscando Simparic
2026-01-29 20:16:37,083 - scraper_cobasi - INFO - Cobasi: Dados extraídos via JSON para Simparic
2026-01-29 20:16:37,083 - scraper_base - INFO - ✅ Cobasi: 12 produto(s) encontrado(s) para Simparic
2026-01-29 20:16:38,397 - scraper_base - INFO - 📦 [2/20] Processando Revolution
2026-01-29 20:16:38,398 - scraper_base - INFO - 🔍 Cobasi: Buscando Revolution
2026-01-29 20:16:41,240 - scraper_cobasi - INFO - Cobasi: Dados extraídos via JSON para Revolution
2026-01-29 20:16:41,240 - scraper_base - INFO - ✅ Cobasi: 18 produto(s) encontrado(s) para Revolution
2026-01-29 20:16:43,705 - scraper_base - INFO - 📦 [3/20] Processando NexGard
2026-01-29 20:16:43,706 - scraper_base - INFO - 🔍 Cobasi: Buscando NexGard
2026-01-29 20:16:46,785 - scraper_cobasi - INFO - Cobasi: Dados extraídos via JSON para NexGard
2026-01-29 20:16:46,785 - scraper_base - INFO - ✅ Cobasi: 22 produto(s) encontrado(s) para NexGard
2026-01-29 20:16:49,251 - scraper_base - INFO - 📦 [4/20] Processando NexGard Spectra
2026-01-29 20:16:49,251 - scraper_base - INFO - 🔍 Cobasi: Buscando NexGard Spectra
2026-01-29 20:16:51,311 - scraper_cobasi - INFO - Cobasi: Dados extraídos via JSON para NexGard Spectra
2026-01-29 20:16:51,312 - scraper_base - INFO - ✅ Cobasi: 10 produto(s) encontrado(s) para NexGard Spectra
2026-01-29 20:16:53,619 - scraper_base - INFO - 📦 [5/20] Processando NexGard Combo
2026-01-29 20:16:53,619 - scraper_base - INFO - 🔍 Cobasi: Buscando NexGard Combo
2026-01-29 20:16:56,588 - scraper_cobasi - INFO - Cobasi: Dados extraídos via JSON para NexGard Combo
2026-01-29 20:16:56,588 - scraper_base - INFO - ✅ Cobasi: 4 produto(s) encontrado(s) para NexGard Combo
2026-01-29 20:16:59,157 - scraper_base - INFO - 📦 [6/20] Processando Bravecto
2026-01-29 20:16:59,157 - scraper_base - INFO - 🔍 Cobasi: Buscando Bravecto
2026-01-29 20:17:03,909 - scraper_cobasi - INFO - Cobasi: Dados extraídos via JSON para Bravecto
2026-01-29 20:17:03,909 - scraper_base - INFO - ✅ Cobasi: 16 produto(s) encontrado(s) para Bravecto
2026-01-29 20:17:06,479 - scraper_base - INFO - 📦 [7/20] Processando Frontline
2026-01-29 20:17:06,480 - scraper_base - INFO - 🔍 Cobasi: Buscando Frontline
2026-01-29 20:17:09,860 - scraper_cobasi - INFO - Cobasi: Dados extraídos via JSON para Frontline
2026-01-29 20:17:09,860 - scraper_base - INFO - ✅ Cobasi: 10 produto(s) encontrado(s) para Frontline
2026-01-29 20:17:11,195 - scraper_base - INFO - 📦 [8/20] Processando Advocate
2026-01-29 20:17:11,195 - scraper_base - INFO - 🔍 Cobasi: Buscando Advocate
2026-01-29 20:17:11,863 - scraper_cobasi - INFO - Cobasi: Dados extraídos via JSON para Advocate
2026-01-29 20:17:11,863 - scraper_base - INFO - ✅ Cobasi: 12 produto(s) encontrado(s) para Advocate
2026-01-29 20:17:14,349 - scraper_base - INFO - 📦 [9/20] Processando Drontal
2026-01-29 20:17:14,349 - scraper_base - INFO - 🔍 Cobasi: Buscando Drontal
2026-01-29 20:17:16,914 - scraper_cobasi - INFO - Cobasi: Dados extraídos via JSON para Drontal
2026-01-29 20:17:16,914 - scraper_base - INFO - ✅ Cobasi: 8 produto(s) encontrado(s) para Drontal
2026-01-29 20:17:18,386 - scraper_base - INFO - 📦 [10/20] Processando Milbemax
2026-01-29 20:17:18,386 - scraper_base - INFO - 🔍 Cobasi: Buscando Milbemax
2026-01-29 20:17:20,581 - scraper_cobasi - INFO - Cobasi: Dados extraídos via JSON para Milbemax
2026-01-29 20:17:20,581 - scraper_base - INFO - ✅ Cobasi: 4 produto(s) encontrado(s) para Milbemax
2026-01-29 20:17:23,073 - scraper_base - INFO - 📦 [11/20] Processando Vermivet
2026-01-29 20:17:23,073 - scraper_base - INFO - 🔍 Cobasi: Buscando Vermivet
2026-01-29 20:17:24,658 - scraper_cobasi - INFO - Cobasi: Dados extraídos via JSON para Vermivet
2026-01-29 20:17:24,658 - scraper_base - INFO - ✅ Cobasi: 5 produto(s) encontrado(s) para Vermivet
2026-01-29 20:17:26,984 - scraper_base - INFO - 📦 [12/20] Processando Rimadyl
2026-01-29 20:17:26,984 - scraper_base - INFO - 🔍 Cobasi: Buscando Rimadyl
2026-01-29 20:17:28,979 - scraper_cobasi - INFO - Cobasi: Dados extraídos via JSON para Rimadyl
2026-01-29 20:17:28,979 - scraper_base - INFO - ✅ Cobasi: 3 produto(s) encontrado(s) para Rimadyl
2026-01-29 20:17:31,105 - scraper_base - INFO - 📦 [13/20] Processando Onsior
2026-01-29 20:17:31,105 - scraper_base - INFO - 🔍 Cobasi: Buscando Onsior
2026-01-29 20:17:33,083 - scraper_cobasi - INFO - Cobasi: Dados extraídos via JSON para Onsior
2026-01-29 20:17:33,083 - scraper_base - INFO - ✅ Cobasi: 4 produto(s) encontrado(s) para Onsior
2026-01-29 20:17:35,321 - scraper_base - INFO - 📦 [14/20] Processando Maxicam
2026-01-29 20:17:35,321 - scraper_base - INFO - 🔍 Cobasi: Buscando Maxicam
2026-01-29 20:17:38,000 - scraper_cobasi - INFO - Cobasi: Dados extraídos via JSON para Maxicam
2026-01-29 20:17:38,000 - scraper_base - INFO - ✅ Cobasi: 21 produto(s) encontrado(s) para Maxicam
2026-01-29 20:17:40,759 - scraper_base - INFO - 📦 [15/20] Processando Carproflan
2026-01-29 20:17:40,759 - scraper_base - INFO - 🔍 Cobasi: Buscando Carproflan
2026-01-29 20:17:42,472 - scraper_cobasi - INFO - Cobasi: Dados extraídos via JSON para Carproflan
2026-01-29 20:17:42,472 - scraper_base - INFO - ✅ Cobasi: 3 produto(s) encontrado(s) para Carproflan
2026-01-29 20:17:44,420 - scraper_base - INFO - 📦 [16/20] Processando Previcox
2026-01-29 20:17:44,420 - scraper_base - INFO - 🔍 Cobasi: Buscando Previcox
2026-01-29 20:17:46,277 - scraper_cobasi - INFO - Cobasi: Dados extraídos via JSON para Previcox
2026-01-29 20:17:46,278 - scraper_base - INFO - ✅ Cobasi: 2 produto(s) encontrado(s) para Previcox
2026-01-29 20:17:48,570 - scraper_base - INFO - 📦 [17/20] Processando Apoquel
2026-01-29 20:17:48,571 - scraper_base - INFO - 🔍 Cobasi: Buscando Apoquel
2026-01-29 20:17:50,343 - scraper_cobasi - INFO - Cobasi: Dados extraídos via JSON para Apoquel
2026-01-29 20:17:50,343 - scraper_base - INFO - ✅ Cobasi: 3 produto(s) encontrado(s) para Apoquel
2026-01-29 20:17:51,753 - scraper_base - INFO - 📦 [18/20] Processando Zenrelia
2026-01-29 20:17:51,753 - scraper_base - INFO - 🔍 Cobasi: Buscando Zenrelia
2026-01-29 20:17:53,641 - scraper_cobasi - INFO - Cobasi: Dados extraídos via JSON para Zenrelia
2026-01-29 20:17:53,641 - scraper_base - INFO - ✅ Cobasi: 4 produto(s) encontrado(s) para Zenrelia
2026-01-29 20:17:56,183 - scraper_base - INFO - 📦 [19/20] Processando Synulox
2026-01-29 20:17:56,183 - scraper_base - INFO - 🔍 Cobasi: Buscando Synulox
2026-01-29 20:17:57,869 - scraper_cobasi - INFO - Cobasi: Dados extraídos via JSON para Synulox
2026-01-29 20:17:57,870 - scraper_base - INFO - ✅ Cobasi: 2 produto(s) encontrado(s) para Synulox
2026-01-29 20:18:00,622 - scraper_base - INFO - 📦 [20/20] Processando Baytril
2026-01-29 20:18:00,622 - scraper_base - INFO - 🔍 Cobasi: Buscando Baytril
2026-01-29 20:18:02,684 - scraper_cobasi - INFO - Cobasi: Dados extraídos via JSON para Baytril
2026-01-29 20:18:02,684 - scraper_base - INFO - ✅ Cobasi: 4 produto(s) encontrado(s) para Baytril
2026-01-29 20:18:03,992 - scraper_base - INFO - 📊 Cobasi - Estatísticas finais:
2026-01-29 20:18:03,992 - scraper_base - INFO -    • Medicamentos processados: 20
2026-01-29 20:18:03,992 - scraper_base - INFO -    • Produtos encontrados: 167
2026-01-29 20:18:03,992 - scraper_base - INFO -    • Medicamentos sem resultado: 0
2026-01-29 20:18:03,992 - scraper_base - INFO -    • Tempo total: 89.7s
2026-01-29 20:18:03,992 - scraper_base - INFO -    • Tempo médio por medicamento: 4.5s
2026-01-29 20:18:04,188 - gerenciador_arquivos - INFO - Excel salvo: dados_coletados/cobasi_20260129_201803.xlsx (167 produtos)
2026-01-29 20:18:04,188 - gerenciador_principal - INFO - Cobasi: Arquivo individual salvo com sucesso
2026-01-29 20:18:04,188 - gerenciador_principal - INFO - Pausando entre sites...
2026-01-29 20:18:06,188 - gerenciador_principal - INFO - [2/3] Processando Petlove
2026-01-29 20:18:06,188 - scraper_base - INFO - 🚀 Iniciando scraping completo - Petlove
2026-01-29 20:18:06,411 - scraper_base - INFO - 📋 20 medicamentos para processar
2026-01-29 20:18:06,411 - scraper_base - INFO - 📦 [1/20] Processando Simparic
2026-01-29 20:18:06,411 - scraper_base - INFO - 🔍 Petlove: Buscando Simparic
2026-01-29 20:18:25,881 - gerenciador_conexoes - INFO - Chrome inicializado com otimizacoes de velocidade
2026-01-29 20:18:31,111 - scraper_base - INFO - ✅ Petlove: 34 produto(s) encontrado(s) para Simparic
2026-01-29 20:18:33,090 - scraper_base - INFO - 📦 [2/20] Processando Revolution
2026-01-29 20:18:33,090 - scraper_base - INFO - 🔍 Petlove: Buscando Revolution
2026-01-29 20:18:35,042 - scraper_base - INFO - ✅ Petlove: 17 produto(s) encontrado(s) para Revolution
2026-01-29 20:18:36,729 - scraper_base - INFO - 📦 [3/20] Processando NexGard
2026-01-29 20:18:36,729 - scraper_base - INFO - 🔍 Petlove: Buscando NexGard
2026-01-29 20:18:38,354 - scraper_base - INFO - ✅ Petlove: 11 produto(s) encontrado(s) para NexGard
2026-01-29 20:18:39,669 - scraper_base - INFO - 📦 [4/20] Processando NexGard Spectra
2026-01-29 20:18:39,670 - scraper_base - INFO - 🔍 Petlove: Buscando NexGard Spectra
2026-01-29 20:18:40,978 - scraper_base - INFO - ✅ Petlove: 5 produto(s) encontrado(s) para NexGard Spectra
2026-01-29 20:18:42,670 - scraper_base - INFO - 📦 [5/20] Processando NexGard Combo
2026-01-29 20:18:42,670 - scraper_base - INFO - 🔍 Petlove: Buscando NexGard Combo
2026-01-29 20:18:43,722 - scraper_base - INFO - ✅ Petlove: 2 produto(s) encontrado(s) para NexGard Combo
2026-01-29 20:18:45,446 - scraper_base - INFO - 📦 [6/20] Processando Bravecto
2026-01-29 20:18:45,447 - scraper_base - INFO - 🔍 Petlove: Buscando Bravecto
2026-01-29 20:18:48,309 - scraper_base - INFO - ✅ Petlove: 23 produto(s) encontrado(s) para Bravecto
2026-01-29 20:18:50,374 - scraper_base - INFO - 📦 [7/20] Processando Frontline
2026-01-29 20:18:50,374 - scraper_base - INFO - 🔍 Petlove: Buscando Frontline
2026-01-29 20:18:52,072 - scraper_base - INFO - ✅ Petlove: 11 produto(s) encontrado(s) para Frontline
2026-01-29 20:18:53,767 - scraper_base - INFO - 📦 [8/20] Processando Advocate
2026-01-29 20:18:53,767 - scraper_base - INFO - 🔍 Petlove: Buscando Advocate
2026-01-29 20:18:55,521 - scraper_base - INFO - ✅ Petlove: 10 produto(s) encontrado(s) para Advocate
2026-01-29 20:18:57,155 - scraper_base - INFO - 📦 [9/20] Processando Drontal
2026-01-29 20:18:57,155 - scraper_base - INFO - 🔍 Petlove: Buscando Drontal
2026-01-29 20:18:58,789 - scraper_base - INFO - ✅ Petlove: 36 produto(s) encontrado(s) para Drontal
2026-01-29 20:19:01,070 - scraper_base - INFO - 📦 [10/20] Processando Milbemax
2026-01-29 20:19:01,070 - scraper_base - INFO - 🔍 Petlove: Buscando Milbemax
2026-01-29 20:19:02,549 - scraper_base - INFO - ✅ Petlove: 15 produto(s) encontrado(s) para Milbemax
2026-01-29 20:19:04,614 - scraper_base - INFO - 📦 [11/20] Processando Vermivet
2026-01-29 20:19:04,614 - scraper_base - INFO - 🔍 Petlove: Buscando Vermivet
2026-01-29 20:19:07,100 - scraper_base - INFO - ✅ Petlove: 36 produto(s) encontrado(s) para Vermivet
2026-01-29 20:19:09,575 - scraper_base - INFO - 📦 [12/20] Processando Rimadyl
2026-01-29 20:19:09,575 - scraper_base - INFO - 🔍 Petlove: Buscando Rimadyl
2026-01-29 20:19:11,881 - scraper_base - INFO - ✅ Petlove: 1 produto(s) encontrado(s) para Rimadyl
2026-01-29 20:19:14,436 - scraper_base - INFO - 📦 [13/20] Processando Onsior
2026-01-29 20:19:14,436 - scraper_base - INFO - 🔍 Petlove: Buscando Onsior
2026-01-29 20:19:16,007 - scraper_base - INFO - ✅ Petlove: 4 produto(s) encontrado(s) para Onsior
2026-01-29 20:19:17,061 - scraper_base - INFO - 📦 [14/20] Processando Maxicam
2026-01-29 20:19:17,061 - scraper_base - INFO - 🔍 Petlove: Buscando Maxicam
2026-01-29 20:19:18,301 - scraper_base - INFO - ✅ Petlove: 3 produto(s) encontrado(s) para Maxicam
2026-01-29 20:19:20,836 - scraper_base - INFO - 📦 [15/20] Processando Carproflan
2026-01-29 20:19:20,836 - scraper_base - INFO - 🔍 Petlove: Buscando Carproflan
2026-01-29 20:19:22,119 - scraper_base - INFO - ✅ Petlove: 8 produto(s) encontrado(s) para Carproflan
2026-01-29 20:19:23,525 - scraper_base - INFO - 📦 [16/20] Processando Previcox
2026-01-29 20:19:23,525 - scraper_base - INFO - 🔍 Petlove: Buscando Previcox
2026-01-29 20:19:24,749 - scraper_base - INFO - ✅ Petlove: 4 produto(s) encontrado(s) para Previcox
2026-01-29 20:19:25,914 - scraper_base - INFO - 📦 [17/20] Processando Apoquel
2026-01-29 20:19:25,914 - scraper_base - INFO - 🔍 Petlove: Buscando Apoquel
2026-01-29 20:19:27,139 - scraper_base - INFO - ✅ Petlove: 16 produto(s) encontrado(s) para Apoquel
2026-01-29 20:19:30,104 - scraper_base - INFO - 📦 [18/20] Processando Zenrelia
2026-01-29 20:19:30,105 - scraper_base - INFO - 🔍 Petlove: Buscando Zenrelia
2026-01-29 20:19:31,525 - scraper_base - INFO - ✅ Petlove: 4 produto(s) encontrado(s) para Zenrelia
2026-01-29 20:19:32,683 - scraper_base - INFO - 📦 [19/20] Processando Synulox
2026-01-29 20:19:32,683 - scraper_base - INFO - 🔍 Petlove: Buscando Synulox
2026-01-29 20:19:33,912 - scraper_base - INFO - ✅ Petlove: 1 produto(s) encontrado(s) para Synulox
2026-01-29 20:19:35,505 - scraper_base - INFO - 📦 [20/20] Processando Baytril
2026-01-29 20:19:35,505 - scraper_base - INFO - 🔍 Petlove: Buscando Baytril
2026-01-29 20:19:36,800 - scraper_base - INFO - ✅ Petlove: 4 produto(s) encontrado(s) para Baytril
2026-01-29 20:19:38,024 - scraper_base - INFO - 📊 Petlove - Estatísticas finais:
2026-01-29 20:19:38,025 - scraper_base - INFO -    • Medicamentos processados: 20
2026-01-29 20:19:38,025 - scraper_base - INFO -    • Produtos encontrados: 245
2026-01-29 20:19:38,025 - scraper_base - INFO -    • Medicamentos sem resultado: 0
2026-01-29 20:19:38,025 - scraper_base - INFO -    • Tempo total: 91.8s
2026-01-29 20:19:38,025 - scraper_base - INFO -    • Tempo médio por medicamento: 4.6s
2026-01-29 20:19:38,073 - gerenciador_arquivos - INFO - Excel salvo: dados_coletados/petlove_20260129_201938.xlsx (245 produtos)
2026-01-29 20:19:38,073 - gerenciador_principal - INFO - Petlove: Arquivo individual salvo com sucesso
2026-01-29 20:19:38,073 - gerenciador_principal - INFO - Pausando entre sites...
2026-01-29 20:19:40,074 - gerenciador_principal - INFO - [3/3] Processando Petz
2026-01-29 20:19:40,074 - scraper_base - INFO - 🚀 Iniciando scraping completo - Petz
2026-01-29 20:19:40,285 - scraper_base - INFO - 📋 20 medicamentos para processar
2026-01-29 20:19:40,285 - scraper_base - INFO - 📦 [1/20] Processando Simparic
2026-01-29 20:19:40,285 - scraper_base - INFO - 🔍 Petz: Buscando Simparic
2026-01-29 20:19:44,855 - scraper_base - INFO - ✅ Petz: 12 produto(s) encontrado(s) para Simparic
2026-01-29 20:19:47,093 - scraper_base - INFO - 📦 [2/20] Processando Revolution
2026-01-29 20:19:47,093 - scraper_base - INFO - 🔍 Petz: Buscando Revolution
2026-01-29 20:19:49,513 - scraper_base - INFO - ✅ Petz: 24 produto(s) encontrado(s) para Revolution
2026-01-29 20:19:51,527 - scraper_base - INFO - 📦 [3/20] Processando NexGard
2026-01-29 20:19:51,527 - scraper_base - INFO - 🔍 Petz: Buscando NexGard
2026-01-29 20:19:53,701 - scraper_base - INFO - ✅ Petz: 22 produto(s) encontrado(s) para NexGard
2026-01-29 20:19:55,838 - scraper_base - INFO - 📦 [4/20] Processando NexGard Spectra
2026-01-29 20:19:55,838 - scraper_base - INFO - 🔍 Petz: Buscando NexGard Spectra
2026-01-29 20:19:57,418 - scraper_base - INFO - ✅ Petz: 10 produto(s) encontrado(s) para NexGard Spectra
2026-01-29 20:20:00,412 - scraper_base - INFO - 📦 [5/20] Processando NexGard Combo
2026-01-29 20:20:00,412 - scraper_base - INFO - 🔍 Petz: Buscando NexGard Combo
2026-01-29 20:20:02,438 - scraper_base - INFO - ✅ Petz: 4 produto(s) encontrado(s) para NexGard Combo
2026-01-29 20:20:05,094 - scraper_base - INFO - 📦 [6/20] Processando Bravecto
2026-01-29 20:20:05,094 - scraper_base - INFO - 🔍 Petz: Buscando Bravecto
2026-01-29 20:20:06,911 - scraper_base - INFO - ✅ Petz: 16 produto(s) encontrado(s) para Bravecto
2026-01-29 20:20:09,310 - scraper_base - INFO - 📦 [7/20] Processando Frontline
2026-01-29 20:20:09,310 - scraper_base - INFO - 🔍 Petz: Buscando Frontline
2026-01-29 20:20:11,128 - scraper_base - INFO - ✅ Petz: 11 produto(s) encontrado(s) para Frontline
2026-01-29 20:20:13,225 - scraper_base - INFO - 📦 [8/20] Processando Advocate
2026-01-29 20:20:13,225 - scraper_base - INFO - 🔍 Petz: Buscando Advocate
2026-01-29 20:20:14,963 - scraper_base - INFO - ✅ Petz: 12 produto(s) encontrado(s) para Advocate
2026-01-29 20:20:17,217 - scraper_base - INFO - 📦 [9/20] Processando Drontal
2026-01-29 20:20:17,217 - scraper_base - INFO - 🔍 Petz: Buscando Drontal
2026-01-29 20:20:20,068 - scraper_base - INFO - ✅ Petz: 30 produto(s) encontrado(s) para Drontal
2026-01-29 20:20:23,032 - scraper_base - INFO - 📦 [10/20] Processando Milbemax
2026-01-29 20:20:23,033 - scraper_base - INFO - 🔍 Petz: Buscando Milbemax
2026-01-29 20:20:24,580 - scraper_base - INFO - ✅ Petz: 4 produto(s) encontrado(s) para Milbemax
2026-01-29 20:20:26,841 - scraper_base - INFO - 📦 [11/20] Processando Vermivet
2026-01-29 20:20:26,842 - scraper_base - INFO - 🔍 Petz: Buscando Vermivet
2026-01-29 20:20:28,394 - scraper_base - INFO - ✅ Petz: 5 produto(s) encontrado(s) para Vermivet
2026-01-29 20:20:29,765 - scraper_base - INFO - 📦 [12/20] Processando Rimadyl
2026-01-29 20:20:29,765 - scraper_base - INFO - 🔍 Petz: Buscando Rimadyl
2026-01-29 20:20:31,190 - scraper_base - INFO - ✅ Petz: 3 produto(s) encontrado(s) para Rimadyl
2026-01-29 20:20:33,806 - scraper_base - INFO - 📦 [13/20] Processando Onsior
2026-01-29 20:20:33,806 - scraper_base - INFO - 🔍 Petz: Buscando Onsior
2026-01-29 20:20:35,351 - scraper_base - INFO - ✅ Petz: 4 produto(s) encontrado(s) para Onsior
2026-01-29 20:20:37,849 - scraper_base - INFO - 📦 [14/20] Processando Maxicam
2026-01-29 20:20:37,849 - scraper_base - INFO - 🔍 Petz: Buscando Maxicam
2026-01-29 20:20:39,919 - scraper_base - INFO - ✅ Petz: 30 produto(s) encontrado(s) para Maxicam
2026-01-29 20:20:42,665 - scraper_base - INFO - 📦 [15/20] Processando Carproflan
2026-01-29 20:20:42,665 - scraper_base - INFO - 🔍 Petz: Buscando Carproflan
2026-01-29 20:20:44,246 - scraper_base - INFO - ✅ Petz: 3 produto(s) encontrado(s) para Carproflan
2026-01-29 20:20:46,815 - scraper_base - INFO - 📦 [16/20] Processando Previcox
2026-01-29 20:20:46,815 - scraper_base - INFO - 🔍 Petz: Buscando Previcox
2026-01-29 20:20:48,558 - scraper_base - INFO - ✅ Petz: 2 produto(s) encontrado(s) para Previcox
2026-01-29 20:20:50,895 - scraper_base - INFO - 📦 [17/20] Processando Apoquel
2026-01-29 20:20:50,896 - scraper_base - INFO - 🔍 Petz: Buscando Apoquel
2026-01-29 20:20:52,654 - scraper_base - INFO - ✅ Petz: 3 produto(s) encontrado(s) para Apoquel
2026-01-29 20:20:53,736 - scraper_base - INFO - 📦 [18/20] Processando Zenrelia
2026-01-29 20:20:53,736 - scraper_base - INFO - 🔍 Petz: Buscando Zenrelia
2026-01-29 20:20:55,315 - scraper_base - INFO - ✅ Petz: 4 produto(s) encontrado(s) para Zenrelia
2026-01-29 20:20:56,559 - scraper_base - INFO - 📦 [19/20] Processando Synulox
2026-01-29 20:20:56,559 - scraper_base - INFO - 🔍 Petz: Buscando Synulox
2026-01-29 20:20:58,048 - scraper_base - INFO - ✅ Petz: 2 produto(s) encontrado(s) para Synulox
2026-01-29 20:20:59,491 - scraper_base - INFO - 📦 [20/20] Processando Baytril
2026-01-29 20:20:59,491 - scraper_base - INFO - 🔍 Petz: Buscando Baytril
2026-01-29 20:21:01,300 - scraper_base - INFO - ✅ Petz: 9 produto(s) encontrado(s) para Baytril
2026-01-29 20:21:02,885 - scraper_base - INFO - 📊 Petz - Estatísticas finais:
2026-01-29 20:21:02,885 - scraper_base - INFO -    • Medicamentos processados: 20
2026-01-29 20:21:02,885 - scraper_base - INFO -    • Produtos encontrados: 210
2026-01-29 20:21:02,885 - scraper_base - INFO -    • Medicamentos sem resultado: 0
2026-01-29 20:21:02,885 - scraper_base - INFO -    • Tempo total: 82.8s
2026-01-29 20:21:02,885 - scraper_base - INFO -    • Tempo médio por medicamento: 4.1s
2026-01-29 20:21:02,994 - gerenciador_arquivos - INFO - Excel salvo: dados_coletados/petz_20260129_202102.xlsx (210 produtos)
2026-01-29 20:21:02,994 - gerenciador_principal - INFO - Petz: Arquivo individual salvo com sucesso
2026-01-29 20:21:02,994 - gerenciador_principal - INFO - Gerando relatório consolidado...
2026-01-29 20:21:03,218 - gerenciador_arquivos - INFO - Relatório consolidado salvo: dados_relatorios/relatorio_consolidado_20260129_202102.xlsx
2026-01-29 20:21:03,355 - gerenciador_conexoes - INFO - Chrome fechado
2026-01-29 20:21:03,355 - gerenciador_conexoes - INFO - Métodos utilizados - Requests: 33.3%, Selenium: 66.7%, Falhas: 0.0%
2026-01-29 20:21:03,355 - gerenciador_principal - INFO - ============================================================
2026-01-29 20:21:03,355 - gerenciador_principal - INFO - RELATORIO FINAL DE EXECUÇÃO
2026-01-29 20:21:03,355 - gerenciador_principal - INFO - ============================================================
2026-01-29 20:21:03,355 - gerenciador_principal - INFO - Sites processados: 3
2026-01-29 20:21:03,355 - gerenciador_principal - INFO - Sites com sucesso: 3
2026-01-29 20:21:03,355 - gerenciador_principal - INFO - Total de produtos coletados: 622
2026-01-29 20:21:03,355 - gerenciador_principal - INFO - Tempo total de execução: 268.7 segundos
2026-01-29 20:21:03,355 - gerenciador_principal - INFO - Estatísticas de conexão:
2026-01-29 20:21:03,355 - gerenciador_principal - INFO -   - Requests bem-sucedidos: 33.3%
2026-01-29 20:21:03,355 - gerenciador_principal - INFO -   - Selenium fallback: 66.7%
2026-01-29 20:21:03,355 - gerenciador_principal - INFO -   - Falhas totais: 0.0%
2026-01-29 20:21:03,357 - gerenciador_principal - INFO - Arquivos salvos na pasta: dados_coletados
2026-01-29 20:21:03,357 - gerenciador_principal - INFO - Total de arquivos: 363
2026-01-29 20:21:03,357 - gerenciador_principal - INFO - ============================================================
