2026-05-21 21:19:43,632 - configurador_logs - INFO - Sistema de logs configurado com sucesso
2026-05-21 21:19:43,633 - configurador_logs - INFO - 🚀 Logs configurados para MODO PRODUÇÃO
2026-05-21 21:19:43,633 - gerenciador_principal - INFO - Inicializando sistema - Modo: PRODUCAO
2026-05-21 21:19:43,633 - gerenciador_arquivos - INFO - Pasta dados_coletados preparada
2026-05-21 21:19:43,633 - gerenciador_principal - INFO - Sistema inicializado com 3 scrapers
2026-05-21 21:19:43,633 - gerenciador_principal - INFO - ============================================================
2026-05-21 21:19:43,633 - gerenciador_principal - INFO - INICIANDO SCRAPING COMPLETO - PRODUCAO
2026-05-21 21:19:43,633 - gerenciador_principal - INFO - ============================================================
2026-05-21 21:19:43,633 - gerenciador_principal - INFO - [1/3] Processando Cobasi
2026-05-21 21:19:43,633 - scraper_base - INFO - 🚀 Iniciando scraping completo - Cobasi
2026-05-21 21:19:44,186 - gerenciador_conexoes - INFO - Sessao estabelecida com cobasi.com.br
2026-05-21 21:19:44,186 - scraper_base - INFO - 📋 20 medicamentos para processar
2026-05-21 21:19:44,187 - scraper_base - INFO - 📦 [1/20] Processando Simparic
2026-05-21 21:19:44,187 - scraper_base - INFO - 🔍 Cobasi: Buscando Simparic
2026-05-21 21:19:49,354 - scraper_cobasi - INFO - Cobasi: Dados extraídos via JSON para Simparic
2026-05-21 21:19:49,354 - scraper_base - INFO - ✅ Cobasi: 23 produto(s) encontrado(s) para Simparic
2026-05-21 21:19:51,540 - scraper_base - INFO - 📦 [2/20] Processando Revolution
2026-05-21 21:19:51,540 - scraper_base - INFO - 🔍 Cobasi: Buscando Revolution
2026-05-21 21:19:54,793 - scraper_cobasi - INFO - Cobasi: Dados extraídos via JSON para Revolution
2026-05-21 21:19:54,793 - scraper_base - INFO - ✅ Cobasi: 18 produto(s) encontrado(s) para Revolution
2026-05-21 21:19:56,972 - scraper_base - INFO - 📦 [3/20] Processando NexGard
2026-05-21 21:19:56,972 - scraper_base - INFO - 🔍 Cobasi: Buscando NexGard
2026-05-21 21:20:00,569 - scraper_cobasi - INFO - Cobasi: Dados extraídos via JSON para NexGard
2026-05-21 21:20:00,569 - scraper_base - INFO - ✅ Cobasi: 22 produto(s) encontrado(s) para NexGard
2026-05-21 21:20:02,271 - scraper_base - INFO - 📦 [4/20] Processando NexGard Spectra
2026-05-21 21:20:02,271 - scraper_base - INFO - 🔍 Cobasi: Buscando NexGard Spectra
2026-05-21 21:20:06,147 - scraper_cobasi - INFO - Cobasi: Dados extraídos via JSON para NexGard Spectra
2026-05-21 21:20:06,147 - scraper_base - INFO - ✅ Cobasi: 10 produto(s) encontrado(s) para NexGard Spectra
2026-05-21 21:20:07,867 - scraper_base - INFO - 📦 [5/20] Processando NexGard Combo
2026-05-21 21:20:07,867 - scraper_base - INFO - 🔍 Cobasi: Buscando NexGard Combo
2026-05-21 21:20:10,805 - scraper_cobasi - INFO - Cobasi: Dados extraídos via JSON para NexGard Combo
2026-05-21 21:20:10,805 - scraper_base - INFO - ✅ Cobasi: 4 produto(s) encontrado(s) para NexGard Combo
2026-05-21 21:20:12,280 - scraper_base - INFO - 📦 [6/20] Processando Bravecto
2026-05-21 21:20:12,280 - scraper_base - INFO - 🔍 Cobasi: Buscando Bravecto
2026-05-21 21:20:16,161 - scraper_cobasi - INFO - Cobasi: Dados extraídos via JSON para Bravecto
2026-05-21 21:20:16,161 - scraper_base - INFO - ✅ Cobasi: 16 produto(s) encontrado(s) para Bravecto
2026-05-21 21:20:17,171 - scraper_base - INFO - 📦 [7/20] Processando Frontline
2026-05-21 21:20:17,171 - scraper_base - INFO - 🔍 Cobasi: Buscando Frontline
2026-05-21 21:20:21,493 - scraper_cobasi - INFO - Cobasi: Dados extraídos via JSON para Frontline
2026-05-21 21:20:21,493 - scraper_base - INFO - ✅ Cobasi: 11 produto(s) encontrado(s) para Frontline
2026-05-21 21:20:23,956 - scraper_base - INFO - 📦 [8/20] Processando Advocate
2026-05-21 21:20:23,957 - scraper_base - INFO - 🔍 Cobasi: Buscando Advocate
2026-05-21 21:20:27,316 - scraper_cobasi - INFO - Cobasi: Dados extraídos via JSON para Advocate
2026-05-21 21:20:27,316 - scraper_base - INFO - ✅ Cobasi: 12 produto(s) encontrado(s) para Advocate
2026-05-21 21:20:29,295 - scraper_base - INFO - 📦 [9/20] Processando Drontal
2026-05-21 21:20:29,296 - scraper_base - INFO - 🔍 Cobasi: Buscando Drontal
2026-05-21 21:20:32,908 - scraper_cobasi - INFO - Cobasi: Dados extraídos via JSON para Drontal
2026-05-21 21:20:32,908 - scraper_base - INFO - ✅ Cobasi: 8 produto(s) encontrado(s) para Drontal
2026-05-21 21:20:35,208 - scraper_base - INFO - 📦 [10/20] Processando Milbemax
2026-05-21 21:20:35,209 - scraper_base - INFO - 🔍 Cobasi: Buscando Milbemax
2026-05-21 21:20:38,325 - scraper_cobasi - INFO - Cobasi: Dados extraídos via JSON para Milbemax
2026-05-21 21:20:38,326 - scraper_base - INFO - ✅ Cobasi: 4 produto(s) encontrado(s) para Milbemax
2026-05-21 21:20:40,917 - scraper_base - INFO - 📦 [11/20] Processando Vermivet
2026-05-21 21:20:40,917 - scraper_base - INFO - 🔍 Cobasi: Buscando Vermivet
2026-05-21 21:20:44,477 - scraper_cobasi - INFO - Cobasi: Dados extraídos via JSON para Vermivet
2026-05-21 21:20:44,477 - scraper_base - INFO - ✅ Cobasi: 5 produto(s) encontrado(s) para Vermivet
2026-05-21 21:20:45,513 - scraper_base - INFO - 📦 [12/20] Processando Rimadyl
2026-05-21 21:20:45,513 - scraper_base - INFO - 🔍 Cobasi: Buscando Rimadyl
2026-05-21 21:20:48,067 - scraper_cobasi - INFO - Cobasi: Dados extraídos via JSON para Rimadyl
2026-05-21 21:20:48,067 - scraper_base - INFO - ✅ Cobasi: 3 produto(s) encontrado(s) para Rimadyl
2026-05-21 21:20:49,535 - scraper_base - INFO - 📦 [13/20] Processando Onsior
2026-05-21 21:20:49,535 - scraper_base - INFO - 🔍 Cobasi: Buscando Onsior
2026-05-21 21:20:52,697 - scraper_cobasi - INFO - Cobasi: Dados extraídos via JSON para Onsior
2026-05-21 21:20:52,697 - scraper_base - INFO - ✅ Cobasi: 4 produto(s) encontrado(s) para Onsior
2026-05-21 21:20:54,536 - scraper_base - INFO - 📦 [14/20] Processando Maxicam
2026-05-21 21:20:54,536 - scraper_base - INFO - 🔍 Cobasi: Buscando Maxicam
2026-05-21 21:20:57,118 - scraper_cobasi - INFO - Cobasi: Dados extraídos via JSON para Maxicam
2026-05-21 21:20:57,118 - scraper_base - INFO - ✅ Cobasi: 3 produto(s) encontrado(s) para Maxicam
2026-05-21 21:20:59,788 - scraper_base - INFO - 📦 [15/20] Processando Carproflan
2026-05-21 21:20:59,788 - scraper_base - INFO - 🔍 Cobasi: Buscando Carproflan
2026-05-21 21:21:03,066 - scraper_cobasi - INFO - Cobasi: Dados extraídos via JSON para Carproflan
2026-05-21 21:21:03,066 - scraper_base - INFO - ✅ Cobasi: 3 produto(s) encontrado(s) para Carproflan
2026-05-21 21:21:04,614 - scraper_base - INFO - 📦 [16/20] Processando Previcox
2026-05-21 21:21:04,614 - scraper_base - INFO - 🔍 Cobasi: Buscando Previcox
2026-05-21 21:21:09,245 - scraper_cobasi - INFO - Cobasi: Dados extraídos via JSON para Previcox
2026-05-21 21:21:09,245 - scraper_base - INFO - ✅ Cobasi: 2 produto(s) encontrado(s) para Previcox
2026-05-21 21:21:11,396 - scraper_base - INFO - 📦 [17/20] Processando Apoquel
2026-05-21 21:21:11,396 - scraper_base - INFO - 🔍 Cobasi: Buscando Apoquel
2026-05-21 21:21:14,613 - scraper_cobasi - INFO - Cobasi: Dados extraídos via JSON para Apoquel
2026-05-21 21:21:14,613 - scraper_base - INFO - ✅ Cobasi: 3 produto(s) encontrado(s) para Apoquel
2026-05-21 21:21:17,053 - scraper_base - INFO - 📦 [18/20] Processando Zenrelia
2026-05-21 21:21:17,053 - scraper_base - INFO - 🔍 Cobasi: Buscando Zenrelia
2026-05-21 21:21:20,282 - scraper_cobasi - INFO - Cobasi: Dados extraídos via JSON para Zenrelia
2026-05-21 21:21:20,282 - scraper_base - INFO - ✅ Cobasi: 4 produto(s) encontrado(s) para Zenrelia
2026-05-21 21:21:22,784 - scraper_base - INFO - 📦 [19/20] Processando Synulox
2026-05-21 21:21:22,784 - scraper_base - INFO - 🔍 Cobasi: Buscando Synulox
2026-05-21 21:21:25,327 - scraper_cobasi - INFO - Cobasi: Dados extraídos via JSON para Synulox
2026-05-21 21:21:25,327 - scraper_base - INFO - ✅ Cobasi: 2 produto(s) encontrado(s) para Synulox
2026-05-21 21:21:27,627 - scraper_base - INFO - 📦 [20/20] Processando Baytril
2026-05-21 21:21:27,627 - scraper_base - INFO - 🔍 Cobasi: Buscando Baytril
2026-05-21 21:21:30,568 - scraper_cobasi - INFO - Cobasi: Dados extraídos via JSON para Baytril
2026-05-21 21:21:30,568 - scraper_base - INFO - ✅ Cobasi: 2 produto(s) encontrado(s) para Baytril
2026-05-21 21:21:31,938 - scraper_base - INFO - 📊 Cobasi - Estatísticas finais:
2026-05-21 21:21:31,938 - scraper_base - INFO -    • Medicamentos processados: 20
2026-05-21 21:21:31,938 - scraper_base - INFO -    • Produtos encontrados: 159
2026-05-21 21:21:31,938 - scraper_base - INFO -    • Medicamentos sem resultado: 0
2026-05-21 21:21:31,938 - scraper_base - INFO -    • Tempo total: 108.3s
2026-05-21 21:21:31,938 - scraper_base - INFO -    • Tempo médio por medicamento: 5.4s
2026-05-21 21:21:32,086 - gerenciador_arquivos - INFO - Excel salvo: dados_coletados/cobasi_20260521_212131.xlsx (159 produtos)
2026-05-21 21:21:32,086 - gerenciador_principal - INFO - Cobasi: Arquivo individual salvo com sucesso
2026-05-21 21:21:32,086 - gerenciador_principal - INFO - Pausando entre sites...
2026-05-21 21:21:34,086 - gerenciador_principal - INFO - [2/3] Processando Petlove
2026-05-21 21:21:34,086 - scraper_base - INFO - 🚀 Iniciando scraping completo - Petlove
2026-05-21 21:21:34,670 - gerenciador_conexoes - INFO - Sessao estabelecida com petlove.com.br
2026-05-21 21:21:34,670 - scraper_base - INFO - 📋 20 medicamentos para processar
2026-05-21 21:21:34,670 - scraper_base - INFO - 📦 [1/20] Processando Simparic
2026-05-21 21:21:34,670 - scraper_base - INFO - 🔍 Petlove: Buscando Simparic
2026-05-21 21:21:35,649 - scraper_base - INFO - ✅ Petlove: 36 produto(s) encontrado(s) para Simparic
2026-05-21 21:21:38,613 - scraper_base - INFO - 📦 [2/20] Processando Revolution
2026-05-21 21:21:38,613 - scraper_base - INFO - 🔍 Petlove: Buscando Revolution
2026-05-21 21:21:39,762 - scraper_base - INFO - ✅ Petlove: 20 produto(s) encontrado(s) para Revolution
2026-05-21 21:21:42,335 - scraper_base - INFO - 📦 [3/20] Processando NexGard
2026-05-21 21:21:42,336 - scraper_base - INFO - 🔍 Petlove: Buscando NexGard
2026-05-21 21:21:43,108 - scraper_base - INFO - ✅ Petlove: 11 produto(s) encontrado(s) para NexGard
2026-05-21 21:21:45,895 - scraper_base - INFO - 📦 [4/20] Processando NexGard Spectra
2026-05-21 21:21:45,895 - scraper_base - INFO - 🔍 Petlove: Buscando NexGard Spectra
2026-05-21 21:21:46,581 - scraper_base - INFO - ✅ Petlove: 5 produto(s) encontrado(s) para NexGard Spectra
2026-05-21 21:21:49,242 - scraper_base - INFO - 📦 [5/20] Processando NexGard Combo
2026-05-21 21:21:49,242 - scraper_base - INFO - 🔍 Petlove: Buscando NexGard Combo
2026-05-21 21:21:49,913 - scraper_base - INFO - ✅ Petlove: 2 produto(s) encontrado(s) para NexGard Combo
2026-05-21 21:21:50,965 - scraper_base - INFO - 📦 [6/20] Processando Bravecto
2026-05-21 21:21:50,965 - scraper_base - INFO - 🔍 Petlove: Buscando Bravecto
2026-05-21 21:21:51,726 - scraper_base - INFO - ✅ Petlove: 22 produto(s) encontrado(s) para Bravecto
2026-05-21 21:21:54,194 - scraper_base - INFO - 📦 [7/20] Processando Frontline
2026-05-21 21:21:54,194 - scraper_base - INFO - 🔍 Petlove: Buscando Frontline
2026-05-21 21:21:54,873 - scraper_base - INFO - ✅ Petlove: 11 produto(s) encontrado(s) para Frontline
2026-05-21 21:21:56,187 - scraper_base - INFO - 📦 [8/20] Processando Advocate
2026-05-21 21:21:56,187 - scraper_base - INFO - 🔍 Petlove: Buscando Advocate
2026-05-21 21:21:56,882 - scraper_base - INFO - ✅ Petlove: 9 produto(s) encontrado(s) para Advocate
2026-05-21 21:21:59,579 - scraper_base - INFO - 📦 [9/20] Processando Drontal
2026-05-21 21:21:59,579 - scraper_base - INFO - 🔍 Petlove: Buscando Drontal
2026-05-21 21:22:00,702 - scraper_base - INFO - ✅ Petlove: 36 produto(s) encontrado(s) para Drontal
2026-05-21 21:22:02,713 - scraper_base - INFO - 📦 [10/20] Processando Milbemax
2026-05-21 21:22:02,713 - scraper_base - INFO - 🔍 Petlove: Buscando Milbemax
2026-05-21 21:22:03,537 - scraper_base - INFO - ✅ Petlove: 14 produto(s) encontrado(s) para Milbemax
2026-05-21 21:22:04,796 - scraper_base - INFO - 📦 [11/20] Processando Vermivet
2026-05-21 21:22:04,796 - scraper_base - INFO - 🔍 Petlove: Buscando Vermivet
2026-05-21 21:22:05,753 - scraper_base - INFO - ✅ Petlove: 36 produto(s) encontrado(s) para Vermivet
2026-05-21 21:22:07,619 - scraper_base - INFO - 📦 [12/20] Processando Rimadyl
2026-05-21 21:22:07,619 - scraper_base - INFO - 🔍 Petlove: Buscando Rimadyl
2026-05-21 21:22:08,330 - scraper_base - INFO - ✅ Petlove: 1 produto(s) encontrado(s) para Rimadyl
2026-05-21 21:22:09,549 - scraper_base - INFO - 📦 [13/20] Processando Onsior
2026-05-21 21:22:09,549 - scraper_base - INFO - 🔍 Petlove: Buscando Onsior
2026-05-21 21:22:10,190 - scraper_base - INFO - ✅ Petlove: 4 produto(s) encontrado(s) para Onsior
2026-05-21 21:22:12,710 - scraper_base - INFO - 📦 [14/20] Processando Maxicam
2026-05-21 21:22:12,710 - scraper_base - INFO - 🔍 Petlove: Buscando Maxicam
2026-05-21 21:22:13,385 - scraper_base - INFO - ✅ Petlove: 3 produto(s) encontrado(s) para Maxicam
2026-05-21 21:22:15,795 - scraper_base - INFO - 📦 [15/20] Processando Carproflan
2026-05-21 21:22:15,795 - scraper_base - INFO - 🔍 Petlove: Buscando Carproflan
2026-05-21 21:22:16,643 - scraper_base - INFO - ✅ Petlove: 8 produto(s) encontrado(s) para Carproflan
2026-05-21 21:22:18,182 - scraper_base - INFO - 📦 [16/20] Processando Previcox
2026-05-21 21:22:18,182 - scraper_base - INFO - 🔍 Petlove: Buscando Previcox
2026-05-21 21:22:19,550 - scraper_base - INFO - ✅ Petlove: 4 produto(s) encontrado(s) para Previcox
2026-05-21 21:22:22,004 - scraper_base - INFO - 📦 [17/20] Processando Apoquel
2026-05-21 21:22:22,004 - scraper_base - INFO - 🔍 Petlove: Buscando Apoquel
2026-05-21 21:22:22,706 - scraper_base - INFO - ✅ Petlove: 16 produto(s) encontrado(s) para Apoquel
2026-05-21 21:22:23,716 - scraper_base - INFO - 📦 [18/20] Processando Zenrelia
2026-05-21 21:22:23,716 - scraper_base - INFO - 🔍 Petlove: Buscando Zenrelia
2026-05-21 21:22:24,816 - scraper_base - INFO - ✅ Petlove: 4 produto(s) encontrado(s) para Zenrelia
2026-05-21 21:22:26,589 - scraper_base - INFO - 📦 [19/20] Processando Synulox
2026-05-21 21:22:26,589 - scraper_base - INFO - 🔍 Petlove: Buscando Synulox
2026-05-21 21:22:27,329 - scraper_base - INFO - ✅ Petlove: 1 produto(s) encontrado(s) para Synulox
2026-05-21 21:22:29,230 - scraper_base - INFO - 📦 [20/20] Processando Baytril
2026-05-21 21:22:29,230 - scraper_base - INFO - 🔍 Petlove: Buscando Baytril
2026-05-21 21:22:29,863 - scraper_base - INFO - ✅ Petlove: 6 produto(s) encontrado(s) para Baytril
2026-05-21 21:22:32,079 - scraper_base - INFO - 📊 Petlove - Estatísticas finais:
2026-05-21 21:22:32,080 - scraper_base - INFO -    • Medicamentos processados: 20
2026-05-21 21:22:32,080 - scraper_base - INFO -    • Produtos encontrados: 249
2026-05-21 21:22:32,080 - scraper_base - INFO -    • Medicamentos sem resultado: 0
2026-05-21 21:22:32,080 - scraper_base - INFO -    • Tempo total: 58.0s
2026-05-21 21:22:32,080 - scraper_base - INFO -    • Tempo médio por medicamento: 2.9s
2026-05-21 21:22:32,126 - gerenciador_arquivos - INFO - Excel salvo: dados_coletados/petlove_20260521_212232.xlsx (249 produtos)
2026-05-21 21:22:32,126 - gerenciador_principal - INFO - Petlove: Arquivo individual salvo com sucesso
2026-05-21 21:22:32,127 - gerenciador_principal - INFO - Pausando entre sites...
2026-05-21 21:22:34,127 - gerenciador_principal - INFO - [3/3] Processando Petz
2026-05-21 21:22:34,127 - scraper_base - INFO - 🚀 Iniciando scraping completo - Petz
2026-05-21 21:22:34,362 - scraper_base - INFO - 📋 20 medicamentos para processar
2026-05-21 21:22:34,362 - scraper_base - INFO - 📦 [1/20] Processando Simparic
2026-05-21 21:22:34,363 - scraper_base - INFO - 🔍 Petz: Buscando Simparic
2026-05-21 21:22:47,239 - gerenciador_conexoes - INFO - Chrome inicializado com otimizacoes de velocidade
2026-05-21 21:22:53,007 - scraper_base - INFO - ✅ Petz: 24 produto(s) encontrado(s) para Simparic
2026-05-21 21:22:55,126 - scraper_base - INFO - 📦 [2/20] Processando Revolution
2026-05-21 21:22:55,126 - scraper_base - INFO - 🔍 Petz: Buscando Revolution
2026-05-21 21:22:57,900 - scraper_base - INFO - ✅ Petz: 21 produto(s) encontrado(s) para Revolution
2026-05-21 21:22:59,324 - scraper_base - INFO - 📦 [3/20] Processando NexGard
2026-05-21 21:22:59,324 - scraper_base - INFO - 🔍 Petz: Buscando NexGard
2026-05-21 21:23:01,492 - scraper_base - INFO - ✅ Petz: 22 produto(s) encontrado(s) para NexGard
2026-05-21 21:23:03,005 - scraper_base - INFO - 📦 [4/20] Processando NexGard Spectra
2026-05-21 21:23:03,006 - scraper_base - INFO - 🔍 Petz: Buscando NexGard Spectra
2026-05-21 21:23:04,817 - scraper_base - INFO - ✅ Petz: 10 produto(s) encontrado(s) para NexGard Spectra
2026-05-21 21:23:07,793 - scraper_base - INFO - 📦 [5/20] Processando NexGard Combo
2026-05-21 21:23:07,793 - scraper_base - INFO - 🔍 Petz: Buscando NexGard Combo
2026-05-21 21:23:10,213 - scraper_base - INFO - ✅ Petz: 4 produto(s) encontrado(s) para NexGard Combo
2026-05-21 21:23:12,019 - scraper_base - INFO - 📦 [6/20] Processando Bravecto
2026-05-21 21:23:12,019 - scraper_base - INFO - 🔍 Petz: Buscando Bravecto
2026-05-21 21:23:14,545 - scraper_base - INFO - ✅ Petz: 16 produto(s) encontrado(s) para Bravecto
2026-05-21 21:23:16,825 - scraper_base - INFO - 📦 [7/20] Processando Frontline
2026-05-21 21:23:16,825 - scraper_base - INFO - 🔍 Petz: Buscando Frontline
2026-05-21 21:23:18,953 - scraper_base - INFO - ✅ Petz: 11 produto(s) encontrado(s) para Frontline
2026-05-21 21:23:21,739 - scraper_base - INFO - 📦 [8/20] Processando Advocate
2026-05-21 21:23:21,739 - scraper_base - INFO - 🔍 Petz: Buscando Advocate
2026-05-21 21:23:23,689 - scraper_base - INFO - ✅ Petz: 12 produto(s) encontrado(s) para Advocate
2026-05-21 21:23:25,339 - scraper_base - INFO - 📦 [9/20] Processando Drontal
2026-05-21 21:23:25,339 - scraper_base - INFO - 🔍 Petz: Buscando Drontal
2026-05-21 21:23:28,520 - scraper_base - INFO - ✅ Petz: 32 produto(s) encontrado(s) para Drontal
2026-05-21 21:23:29,804 - scraper_base - INFO - 📦 [10/20] Processando Milbemax
2026-05-21 21:23:29,804 - scraper_base - INFO - 🔍 Petz: Buscando Milbemax
2026-05-21 21:23:31,580 - scraper_base - INFO - ✅ Petz: 4 produto(s) encontrado(s) para Milbemax
2026-05-21 21:23:32,875 - scraper_base - INFO - 📦 [11/20] Processando Vermivet
2026-05-21 21:23:32,875 - scraper_base - INFO - 🔍 Petz: Buscando Vermivet
2026-05-21 21:23:34,859 - scraper_base - INFO - ✅ Petz: 5 produto(s) encontrado(s) para Vermivet
2026-05-21 21:23:36,445 - scraper_base - INFO - 📦 [12/20] Processando Rimadyl
2026-05-21 21:23:36,445 - scraper_base - INFO - 🔍 Petz: Buscando Rimadyl
2026-05-21 21:23:38,094 - scraper_base - INFO - ✅ Petz: 3 produto(s) encontrado(s) para Rimadyl
2026-05-21 21:23:40,657 - scraper_base - INFO - 📦 [13/20] Processando Onsior
2026-05-21 21:23:40,658 - scraper_base - INFO - 🔍 Petz: Buscando Onsior
2026-05-21 21:23:42,650 - scraper_base - INFO - ✅ Petz: 4 produto(s) encontrado(s) para Onsior
2026-05-21 21:23:44,079 - scraper_base - INFO - 📦 [14/20] Processando Maxicam
2026-05-21 21:23:44,079 - scraper_base - INFO - 🔍 Petz: Buscando Maxicam
2026-05-21 21:23:46,920 - scraper_base - INFO - ✅ Petz: 30 produto(s) encontrado(s) para Maxicam
2026-05-21 21:23:49,883 - scraper_base - INFO - 📦 [15/20] Processando Carproflan
2026-05-21 21:23:49,883 - scraper_base - INFO - 🔍 Petz: Buscando Carproflan
2026-05-21 21:23:51,984 - scraper_base - INFO - ✅ Petz: 3 produto(s) encontrado(s) para Carproflan
2026-05-21 21:23:54,257 - scraper_base - INFO - 📦 [16/20] Processando Previcox
2026-05-21 21:23:54,257 - scraper_base - INFO - 🔍 Petz: Buscando Previcox
2026-05-21 21:23:55,939 - scraper_base - INFO - ✅ Petz: 2 produto(s) encontrado(s) para Previcox
2026-05-21 21:23:58,065 - scraper_base - INFO - 📦 [17/20] Processando Apoquel
2026-05-21 21:23:58,065 - scraper_base - INFO - 🔍 Petz: Buscando Apoquel
2026-05-21 21:23:59,717 - scraper_base - INFO - ✅ Petz: 3 produto(s) encontrado(s) para Apoquel
2026-05-21 21:24:01,996 - scraper_base - INFO - 📦 [18/20] Processando Zenrelia
2026-05-21 21:24:01,996 - scraper_base - INFO - 🔍 Petz: Buscando Zenrelia
2026-05-21 21:24:04,029 - scraper_base - INFO - ✅ Petz: 4 produto(s) encontrado(s) para Zenrelia
2026-05-21 21:24:06,657 - scraper_base - INFO - 📦 [19/20] Processando Synulox
2026-05-21 21:24:06,657 - scraper_base - INFO - 🔍 Petz: Buscando Synulox
2026-05-21 21:24:08,586 - scraper_base - INFO - ✅ Petz: 2 produto(s) encontrado(s) para Synulox
2026-05-21 21:24:10,101 - scraper_base - INFO - 📦 [20/20] Processando Baytril
2026-05-21 21:24:10,102 - scraper_base - INFO - 🔍 Petz: Buscando Baytril
2026-05-21 21:24:12,074 - scraper_base - INFO - ✅ Petz: 9 produto(s) encontrado(s) para Baytril
2026-05-21 21:24:14,700 - scraper_base - INFO - 📊 Petz - Estatísticas finais:
2026-05-21 21:24:14,701 - scraper_base - INFO -    • Medicamentos processados: 20
2026-05-21 21:24:14,701 - scraper_base - INFO -    • Produtos encontrados: 221
2026-05-21 21:24:14,701 - scraper_base - INFO -    • Medicamentos sem resultado: 0
2026-05-21 21:24:14,701 - scraper_base - INFO -    • Tempo total: 100.6s
2026-05-21 21:24:14,701 - scraper_base - INFO -    • Tempo médio por medicamento: 5.0s
2026-05-21 21:24:14,746 - gerenciador_arquivos - INFO - Excel salvo: dados_coletados/petz_20260521_212414.xlsx (221 produtos)
2026-05-21 21:24:14,746 - gerenciador_principal - INFO - Petz: Arquivo individual salvo com sucesso
2026-05-21 21:24:14,746 - gerenciador_principal - INFO - Gerando relatório consolidado...
2026-05-21 21:24:15,015 - gerenciador_arquivos - INFO - Relatório consolidado salvo: dados_relatorios/relatorio_consolidado_20260521_212414.xlsx
2026-05-21 21:24:15,117 - gerenciador_conexoes - INFO - Chrome fechado
2026-05-21 21:24:15,117 - gerenciador_conexoes - INFO - Métodos utilizados - Requests: 66.7%, Selenium: 33.3%, Falhas: 0.0%
2026-05-21 21:24:15,117 - gerenciador_principal - INFO - ============================================================
2026-05-21 21:24:15,117 - gerenciador_principal - INFO - RELATORIO FINAL DE EXECUÇÃO
2026-05-21 21:24:15,117 - gerenciador_principal - INFO - ============================================================
2026-05-21 21:24:15,118 - gerenciador_principal - INFO - Sites processados: 3
2026-05-21 21:24:15,118 - gerenciador_principal - INFO - Sites com sucesso: 3
2026-05-21 21:24:15,118 - gerenciador_principal - INFO - Total de produtos coletados: 629
2026-05-21 21:24:15,118 - gerenciador_principal - INFO - Tempo total de execução: 271.1 segundos
2026-05-21 21:24:15,118 - gerenciador_principal - INFO - Estatísticas de conexão:
2026-05-21 21:24:15,118 - gerenciador_principal - INFO -   - Requests bem-sucedidos: 66.7%
2026-05-21 21:24:15,118 - gerenciador_principal - INFO -   - Selenium fallback: 33.3%
2026-05-21 21:24:15,118 - gerenciador_principal - INFO -   - Falhas totais: 0.0%
2026-05-21 21:24:15,121 - gerenciador_principal - INFO - Arquivos salvos na pasta: dados_coletados
2026-05-21 21:24:15,121 - gerenciador_principal - INFO - Total de arquivos: 683
2026-05-21 21:24:15,121 - gerenciador_principal - INFO - ============================================================
