2026-07-06 21:17:11,383 - configurador_logs - INFO - Sistema de logs configurado com sucesso
2026-07-06 21:17:11,383 - configurador_logs - INFO - 🚀 Logs configurados para MODO PRODUÇÃO
2026-07-06 21:17:11,383 - gerenciador_principal - INFO - Inicializando sistema - Modo: PRODUCAO
2026-07-06 21:17:11,383 - gerenciador_arquivos - INFO - Pasta dados_coletados preparada
2026-07-06 21:17:11,384 - gerenciador_principal - INFO - Sistema inicializado com 3 scrapers
2026-07-06 21:17:11,384 - gerenciador_principal - INFO - ============================================================
2026-07-06 21:17:11,384 - gerenciador_principal - INFO - INICIANDO SCRAPING COMPLETO - PRODUCAO
2026-07-06 21:17:11,384 - gerenciador_principal - INFO - ============================================================
2026-07-06 21:17:11,384 - gerenciador_principal - INFO - [1/3] Processando Cobasi
2026-07-06 21:17:11,384 - scraper_base - INFO - 🚀 Iniciando scraping completo - Cobasi
2026-07-06 21:17:12,497 - gerenciador_conexoes - INFO - Sessao estabelecida com cobasi.com.br
2026-07-06 21:17:12,497 - scraper_base - INFO - 📋 20 medicamentos para processar
2026-07-06 21:17:12,497 - scraper_base - INFO - 📦 [1/20] Processando Simparic
2026-07-06 21:17:12,497 - scraper_base - INFO - 🔍 Cobasi: Buscando Simparic
2026-07-06 21:17:18,942 - scraper_cobasi - INFO - Cobasi: Dados extraídos via JSON para Simparic
2026-07-06 21:17:18,942 - scraper_base - INFO - ✅ Cobasi: 24 produto(s) encontrado(s) para Simparic
2026-07-06 21:17:20,582 - scraper_base - INFO - 📦 [2/20] Processando Revolution
2026-07-06 21:17:20,582 - scraper_base - INFO - 🔍 Cobasi: Buscando Revolution
2026-07-06 21:17:25,175 - scraper_cobasi - INFO - Cobasi: Dados extraídos via JSON para Revolution
2026-07-06 21:17:25,176 - scraper_base - INFO - ✅ Cobasi: 18 produto(s) encontrado(s) para Revolution
2026-07-06 21:17:28,172 - scraper_base - INFO - 📦 [3/20] Processando NexGard
2026-07-06 21:17:28,172 - scraper_base - INFO - 🔍 Cobasi: Buscando NexGard
2026-07-06 21:17:32,563 - scraper_cobasi - INFO - Cobasi: Dados extraídos via JSON para NexGard
2026-07-06 21:17:32,563 - scraper_base - INFO - ✅ Cobasi: 22 produto(s) encontrado(s) para NexGard
2026-07-06 21:17:35,333 - scraper_base - INFO - 📦 [4/20] Processando NexGard Spectra
2026-07-06 21:17:35,334 - scraper_base - INFO - 🔍 Cobasi: Buscando NexGard Spectra
2026-07-06 21:17:44,402 - scraper_cobasi - INFO - Cobasi: Dados extraídos via JSON para NexGard Spectra
2026-07-06 21:17:44,402 - scraper_base - INFO - ✅ Cobasi: 10 produto(s) encontrado(s) para NexGard Spectra
2026-07-06 21:17:46,277 - scraper_base - INFO - 📦 [5/20] Processando NexGard Combo
2026-07-06 21:17:46,277 - scraper_base - INFO - 🔍 Cobasi: Buscando NexGard Combo
2026-07-06 21:17:49,562 - scraper_cobasi - INFO - Cobasi: Dados extraídos via JSON para NexGard Combo
2026-07-06 21:17:49,562 - scraper_base - INFO - ✅ Cobasi: 4 produto(s) encontrado(s) para NexGard Combo
2026-07-06 21:17:51,237 - scraper_base - INFO - 📦 [6/20] Processando Bravecto
2026-07-06 21:17:51,237 - scraper_base - INFO - 🔍 Cobasi: Buscando Bravecto
2026-07-06 21:17:56,270 - scraper_cobasi - INFO - Cobasi: Dados extraídos via JSON para Bravecto
2026-07-06 21:17:56,270 - scraper_base - INFO - ✅ Cobasi: 16 produto(s) encontrado(s) para Bravecto
2026-07-06 21:17:57,709 - scraper_base - INFO - 📦 [7/20] Processando Frontline
2026-07-06 21:17:57,709 - scraper_base - INFO - 🔍 Cobasi: Buscando Frontline
2026-07-06 21:18:01,834 - scraper_cobasi - INFO - Cobasi: Dados extraídos via JSON para Frontline
2026-07-06 21:18:01,834 - scraper_base - INFO - ✅ Cobasi: 11 produto(s) encontrado(s) para Frontline
2026-07-06 21:18:04,050 - scraper_base - INFO - 📦 [8/20] Processando Advocate
2026-07-06 21:18:04,050 - scraper_base - INFO - 🔍 Cobasi: Buscando Advocate
2026-07-06 21:18:09,731 - scraper_cobasi - INFO - Cobasi: Dados extraídos via JSON para Advocate
2026-07-06 21:18:09,731 - scraper_base - INFO - ✅ Cobasi: 12 produto(s) encontrado(s) para Advocate
2026-07-06 21:18:11,120 - scraper_base - INFO - 📦 [9/20] Processando Drontal
2026-07-06 21:18:11,120 - scraper_base - INFO - 🔍 Cobasi: Buscando Drontal
2026-07-06 21:18:15,359 - scraper_cobasi - INFO - Cobasi: Dados extraídos via JSON para Drontal
2026-07-06 21:18:15,360 - scraper_base - INFO - ✅ Cobasi: 8 produto(s) encontrado(s) para Drontal
2026-07-06 21:18:16,912 - scraper_base - INFO - 📦 [10/20] Processando Milbemax
2026-07-06 21:18:16,912 - scraper_base - INFO - 🔍 Cobasi: Buscando Milbemax
2026-07-06 21:18:21,377 - scraper_cobasi - INFO - Cobasi: Dados extraídos via JSON para Milbemax
2026-07-06 21:18:21,377 - scraper_base - INFO - ✅ Cobasi: 4 produto(s) encontrado(s) para Milbemax
2026-07-06 21:18:22,867 - scraper_base - INFO - 📦 [11/20] Processando Vermivet
2026-07-06 21:18:22,867 - scraper_base - INFO - 🔍 Cobasi: Buscando Vermivet
2026-07-06 21:18:26,640 - scraper_cobasi - INFO - Cobasi: Dados extraídos via JSON para Vermivet
2026-07-06 21:18:26,640 - scraper_base - INFO - ✅ Cobasi: 5 produto(s) encontrado(s) para Vermivet
2026-07-06 21:18:28,532 - scraper_base - INFO - 📦 [12/20] Processando Rimadyl
2026-07-06 21:18:28,532 - scraper_base - INFO - 🔍 Cobasi: Buscando Rimadyl
2026-07-06 21:18:31,682 - scraper_cobasi - INFO - Cobasi: Dados extraídos via JSON para Rimadyl
2026-07-06 21:18:31,682 - scraper_base - INFO - ✅ Cobasi: 3 produto(s) encontrado(s) para Rimadyl
2026-07-06 21:18:33,548 - scraper_base - INFO - 📦 [13/20] Processando Onsior
2026-07-06 21:18:33,548 - scraper_base - INFO - 🔍 Cobasi: Buscando Onsior
2026-07-06 21:18:36,739 - scraper_cobasi - INFO - Cobasi: Dados extraídos via JSON para Onsior
2026-07-06 21:18:36,740 - scraper_base - INFO - ✅ Cobasi: 4 produto(s) encontrado(s) para Onsior
2026-07-06 21:18:38,423 - scraper_base - INFO - 📦 [14/20] Processando Maxicam
2026-07-06 21:18:38,423 - scraper_base - INFO - 🔍 Cobasi: Buscando Maxicam
2026-07-06 21:18:40,849 - scraper_cobasi - INFO - Cobasi: Dados extraídos via JSON para Maxicam
2026-07-06 21:18:40,849 - scraper_base - INFO - ✅ Cobasi: 3 produto(s) encontrado(s) para Maxicam
2026-07-06 21:18:43,094 - scraper_base - INFO - 📦 [15/20] Processando Carproflan
2026-07-06 21:18:43,094 - scraper_base - INFO - 🔍 Cobasi: Buscando Carproflan
2026-07-06 21:18:46,372 - scraper_cobasi - INFO - Cobasi: Dados extraídos via JSON para Carproflan
2026-07-06 21:18:46,372 - scraper_base - INFO - ✅ Cobasi: 3 produto(s) encontrado(s) para Carproflan
2026-07-06 21:18:48,702 - scraper_base - INFO - 📦 [16/20] Processando Previcox
2026-07-06 21:18:48,703 - scraper_base - INFO - 🔍 Cobasi: Buscando Previcox
2026-07-06 21:18:53,564 - scraper_cobasi - INFO - Cobasi: Dados extraídos via JSON para Previcox
2026-07-06 21:18:53,564 - scraper_base - INFO - ✅ Cobasi: 2 produto(s) encontrado(s) para Previcox
2026-07-06 21:18:56,419 - scraper_base - INFO - 📦 [17/20] Processando Apoquel
2026-07-06 21:18:56,419 - scraper_base - INFO - 🔍 Cobasi: Buscando Apoquel
2026-07-06 21:18:59,746 - scraper_cobasi - INFO - Cobasi: Dados extraídos via JSON para Apoquel
2026-07-06 21:18:59,746 - scraper_base - INFO - ✅ Cobasi: 3 produto(s) encontrado(s) para Apoquel
2026-07-06 21:19:01,961 - scraper_base - INFO - 📦 [18/20] Processando Zenrelia
2026-07-06 21:19:01,961 - scraper_base - INFO - 🔍 Cobasi: Buscando Zenrelia
2026-07-06 21:19:04,833 - scraper_cobasi - INFO - Cobasi: Dados extraídos via JSON para Zenrelia
2026-07-06 21:19:04,833 - scraper_base - INFO - ✅ Cobasi: 4 produto(s) encontrado(s) para Zenrelia
2026-07-06 21:19:06,310 - scraper_base - INFO - 📦 [19/20] Processando Synulox
2026-07-06 21:19:06,310 - scraper_base - INFO - 🔍 Cobasi: Buscando Synulox
2026-07-06 21:19:10,205 - scraper_cobasi - INFO - Cobasi: Dados extraídos via JSON para Synulox
2026-07-06 21:19:10,205 - scraper_base - INFO - ✅ Cobasi: 2 produto(s) encontrado(s) para Synulox
2026-07-06 21:19:11,228 - scraper_base - INFO - 📦 [20/20] Processando Baytril
2026-07-06 21:19:11,228 - scraper_base - INFO - 🔍 Cobasi: Buscando Baytril
2026-07-06 21:19:15,438 - scraper_cobasi - INFO - Cobasi: Dados extraídos via JSON para Baytril
2026-07-06 21:19:15,438 - scraper_base - INFO - ✅ Cobasi: 2 produto(s) encontrado(s) para Baytril
2026-07-06 21:19:16,865 - scraper_base - INFO - 📊 Cobasi - Estatísticas finais:
2026-07-06 21:19:16,865 - scraper_base - INFO -    • Medicamentos processados: 20
2026-07-06 21:19:16,865 - scraper_base - INFO -    • Produtos encontrados: 160
2026-07-06 21:19:16,865 - scraper_base - INFO -    • Medicamentos sem resultado: 0
2026-07-06 21:19:16,865 - scraper_base - INFO -    • Tempo total: 125.5s
2026-07-06 21:19:16,865 - scraper_base - INFO -    • Tempo médio por medicamento: 6.3s
2026-07-06 21:19:17,019 - gerenciador_arquivos - INFO - Excel salvo: dados_coletados/cobasi_20260706_211916.xlsx (160 produtos)
2026-07-06 21:19:17,019 - gerenciador_principal - INFO - Cobasi: Arquivo individual salvo com sucesso
2026-07-06 21:19:17,019 - gerenciador_principal - INFO - Pausando entre sites...
2026-07-06 21:19:19,019 - gerenciador_principal - INFO - [2/3] Processando Petlove
2026-07-06 21:19:19,020 - scraper_base - INFO - 🚀 Iniciando scraping completo - Petlove
2026-07-06 21:19:19,691 - gerenciador_conexoes - INFO - Sessao estabelecida com petlove.com.br
2026-07-06 21:19:19,691 - scraper_base - INFO - 📋 20 medicamentos para processar
2026-07-06 21:19:19,692 - scraper_base - INFO - 📦 [1/20] Processando Simparic
2026-07-06 21:19:19,692 - scraper_base - INFO - 🔍 Petlove: Buscando Simparic
2026-07-06 21:19:20,717 - scraper_base - INFO - ✅ Petlove: 36 produto(s) encontrado(s) para Simparic
2026-07-06 21:19:23,501 - scraper_base - INFO - 📦 [2/20] Processando Revolution
2026-07-06 21:19:23,501 - scraper_base - INFO - 🔍 Petlove: Buscando Revolution
2026-07-06 21:19:25,132 - scraper_base - INFO - ✅ Petlove: 20 produto(s) encontrado(s) para Revolution
2026-07-06 21:19:26,329 - scraper_base - INFO - 📦 [3/20] Processando NexGard
2026-07-06 21:19:26,329 - scraper_base - INFO - 🔍 Petlove: Buscando NexGard
2026-07-06 21:19:27,030 - scraper_base - INFO - ✅ Petlove: 11 produto(s) encontrado(s) para NexGard
2026-07-06 21:19:29,227 - scraper_base - INFO - 📦 [4/20] Processando NexGard Spectra
2026-07-06 21:19:29,228 - scraper_base - INFO - 🔍 Petlove: Buscando NexGard Spectra
2026-07-06 21:19:29,956 - scraper_base - INFO - ✅ Petlove: 5 produto(s) encontrado(s) para NexGard Spectra
2026-07-06 21:19:32,424 - scraper_base - INFO - 📦 [5/20] Processando NexGard Combo
2026-07-06 21:19:32,425 - scraper_base - INFO - 🔍 Petlove: Buscando NexGard Combo
2026-07-06 21:19:33,145 - scraper_base - INFO - ✅ Petlove: 2 produto(s) encontrado(s) para NexGard Combo
2026-07-06 21:19:35,369 - scraper_base - INFO - 📦 [6/20] Processando Bravecto
2026-07-06 21:19:35,369 - scraper_base - INFO - 🔍 Petlove: Buscando Bravecto
2026-07-06 21:19:36,807 - scraper_base - INFO - ✅ Petlove: 22 produto(s) encontrado(s) para Bravecto
2026-07-06 21:19:38,495 - scraper_base - INFO - 📦 [7/20] Processando Frontline
2026-07-06 21:19:38,495 - scraper_base - INFO - 🔍 Petlove: Buscando Frontline
2026-07-06 21:19:39,345 - scraper_base - INFO - ✅ Petlove: 11 produto(s) encontrado(s) para Frontline
2026-07-06 21:19:41,030 - scraper_base - INFO - 📦 [8/20] Processando Advocate
2026-07-06 21:19:41,030 - scraper_base - INFO - 🔍 Petlove: Buscando Advocate
2026-07-06 21:19:41,796 - scraper_base - INFO - ✅ Petlove: 9 produto(s) encontrado(s) para Advocate
2026-07-06 21:19:43,648 - scraper_base - INFO - 📦 [9/20] Processando Drontal
2026-07-06 21:19:43,648 - scraper_base - INFO - 🔍 Petlove: Buscando Drontal
2026-07-06 21:19:44,554 - scraper_base - INFO - ✅ Petlove: 36 produto(s) encontrado(s) para Drontal
2026-07-06 21:19:45,731 - scraper_base - INFO - 📦 [10/20] Processando Milbemax
2026-07-06 21:19:45,731 - scraper_base - INFO - 🔍 Petlove: Buscando Milbemax
2026-07-06 21:19:46,445 - scraper_base - INFO - ✅ Petlove: 14 produto(s) encontrado(s) para Milbemax
2026-07-06 21:19:48,842 - scraper_base - INFO - 📦 [11/20] Processando Vermivet
2026-07-06 21:19:48,843 - scraper_base - INFO - 🔍 Petlove: Buscando Vermivet
2026-07-06 21:19:50,459 - scraper_base - INFO - ✅ Petlove: 36 produto(s) encontrado(s) para Vermivet
2026-07-06 21:19:52,219 - scraper_base - INFO - 📦 [12/20] Processando Rimadyl
2026-07-06 21:19:52,220 - scraper_base - INFO - 🔍 Petlove: Buscando Rimadyl
2026-07-06 21:19:53,003 - scraper_base - INFO - ✅ Petlove: 1 produto(s) encontrado(s) para Rimadyl
2026-07-06 21:19:54,977 - scraper_base - INFO - 📦 [13/20] Processando Onsior
2026-07-06 21:19:54,977 - scraper_base - INFO - 🔍 Petlove: Buscando Onsior
2026-07-06 21:19:55,977 - scraper_base - INFO - ✅ Petlove: 4 produto(s) encontrado(s) para Onsior
2026-07-06 21:19:57,775 - scraper_base - INFO - 📦 [14/20] Processando Maxicam
2026-07-06 21:19:57,775 - scraper_base - INFO - 🔍 Petlove: Buscando Maxicam
2026-07-06 21:19:58,415 - scraper_base - INFO - ✅ Petlove: 3 produto(s) encontrado(s) para Maxicam
2026-07-06 21:20:00,501 - scraper_base - INFO - 📦 [15/20] Processando Carproflan
2026-07-06 21:20:00,501 - scraper_base - INFO - 🔍 Petlove: Buscando Carproflan
2026-07-06 21:20:01,336 - scraper_base - INFO - ✅ Petlove: 8 produto(s) encontrado(s) para Carproflan
2026-07-06 21:20:02,393 - scraper_base - INFO - 📦 [16/20] Processando Previcox
2026-07-06 21:20:02,394 - scraper_base - INFO - 🔍 Petlove: Buscando Previcox
2026-07-06 21:20:03,138 - scraper_base - INFO - ✅ Petlove: 4 produto(s) encontrado(s) para Previcox
2026-07-06 21:20:05,553 - scraper_base - INFO - 📦 [17/20] Processando Apoquel
2026-07-06 21:20:05,553 - scraper_base - INFO - 🔍 Petlove: Buscando Apoquel
2026-07-06 21:20:06,247 - scraper_base - INFO - ✅ Petlove: 16 produto(s) encontrado(s) para Apoquel
2026-07-06 21:20:07,931 - scraper_base - INFO - 📦 [18/20] Processando Zenrelia
2026-07-06 21:20:07,931 - scraper_base - INFO - 🔍 Petlove: Buscando Zenrelia
2026-07-06 21:20:08,657 - scraper_base - INFO - ✅ Petlove: 4 produto(s) encontrado(s) para Zenrelia
2026-07-06 21:20:11,246 - scraper_base - INFO - 📦 [19/20] Processando Synulox
2026-07-06 21:20:11,247 - scraper_base - INFO - 🔍 Petlove: Buscando Synulox
2026-07-06 21:20:11,852 - scraper_base - INFO - ✅ Petlove: 1 produto(s) encontrado(s) para Synulox
2026-07-06 21:20:14,435 - scraper_base - INFO - 📦 [20/20] Processando Baytril
2026-07-06 21:20:14,435 - scraper_base - INFO - 🔍 Petlove: Buscando Baytril
2026-07-06 21:20:15,126 - scraper_base - INFO - ✅ Petlove: 6 produto(s) encontrado(s) para Baytril
2026-07-06 21:20:18,106 - scraper_base - INFO - 📊 Petlove - Estatísticas finais:
2026-07-06 21:20:18,106 - scraper_base - INFO -    • Medicamentos processados: 20
2026-07-06 21:20:18,106 - scraper_base - INFO -    • Produtos encontrados: 249
2026-07-06 21:20:18,106 - scraper_base - INFO -    • Medicamentos sem resultado: 0
2026-07-06 21:20:18,106 - scraper_base - INFO -    • Tempo total: 59.1s
2026-07-06 21:20:18,106 - scraper_base - INFO -    • Tempo médio por medicamento: 3.0s
2026-07-06 21:20:18,152 - gerenciador_arquivos - INFO - Excel salvo: dados_coletados/petlove_20260706_212018.xlsx (249 produtos)
2026-07-06 21:20:18,152 - gerenciador_principal - INFO - Petlove: Arquivo individual salvo com sucesso
2026-07-06 21:20:18,152 - gerenciador_principal - INFO - Pausando entre sites...
2026-07-06 21:20:20,152 - gerenciador_principal - INFO - [3/3] Processando Petz
2026-07-06 21:20:20,153 - scraper_base - INFO - 🚀 Iniciando scraping completo - Petz
2026-07-06 21:20:20,412 - scraper_base - INFO - 📋 20 medicamentos para processar
2026-07-06 21:20:20,413 - scraper_base - INFO - 📦 [1/20] Processando Simparic
2026-07-06 21:20:20,413 - scraper_base - INFO - 🔍 Petz: Buscando Simparic
2026-07-06 21:20:28,455 - gerenciador_conexoes - INFO - Chrome inicializado com otimizacoes de velocidade
2026-07-06 21:20:33,593 - scraper_base - INFO - ✅ Petz: 24 produto(s) encontrado(s) para Simparic
2026-07-06 21:20:35,840 - scraper_base - INFO - 📦 [2/20] Processando Revolution
2026-07-06 21:20:35,840 - scraper_base - INFO - 🔍 Petz: Buscando Revolution
2026-07-06 21:20:39,559 - scraper_base - INFO - ✅ Petz: 27 produto(s) encontrado(s) para Revolution
2026-07-06 21:20:40,765 - scraper_base - INFO - 📦 [3/20] Processando NexGard
2026-07-06 21:20:40,765 - scraper_base - INFO - 🔍 Petz: Buscando NexGard
2026-07-06 21:20:43,560 - scraper_base - INFO - ✅ Petz: 22 produto(s) encontrado(s) para NexGard
2026-07-06 21:20:46,297 - scraper_base - INFO - 📦 [4/20] Processando NexGard Spectra
2026-07-06 21:20:46,297 - scraper_base - INFO - 🔍 Petz: Buscando NexGard Spectra
2026-07-06 21:20:48,688 - scraper_base - INFO - ✅ Petz: 10 produto(s) encontrado(s) para NexGard Spectra
2026-07-06 21:20:51,144 - scraper_base - INFO - 📦 [5/20] Processando NexGard Combo
2026-07-06 21:20:51,144 - scraper_base - INFO - 🔍 Petz: Buscando NexGard Combo
2026-07-06 21:20:52,958 - scraper_base - INFO - ✅ Petz: 4 produto(s) encontrado(s) para NexGard Combo
2026-07-06 21:20:54,528 - scraper_base - INFO - 📦 [6/20] Processando Bravecto
2026-07-06 21:20:54,528 - scraper_base - INFO - 🔍 Petz: Buscando Bravecto
2026-07-06 21:20:57,068 - scraper_base - INFO - ✅ Petz: 16 produto(s) encontrado(s) para Bravecto
2026-07-06 21:21:00,061 - scraper_base - INFO - 📦 [7/20] Processando Frontline
2026-07-06 21:21:00,061 - scraper_base - INFO - 🔍 Petz: Buscando Frontline
2026-07-06 21:21:02,381 - scraper_base - INFO - ✅ Petz: 11 produto(s) encontrado(s) para Frontline
2026-07-06 21:21:04,523 - scraper_base - INFO - 📦 [8/20] Processando Advocate
2026-07-06 21:21:04,524 - scraper_base - INFO - 🔍 Petz: Buscando Advocate
2026-07-06 21:21:06,985 - scraper_base - INFO - ✅ Petz: 12 produto(s) encontrado(s) para Advocate
2026-07-06 21:21:08,792 - scraper_base - INFO - 📦 [9/20] Processando Drontal
2026-07-06 21:21:08,792 - scraper_base - INFO - 🔍 Petz: Buscando Drontal
2026-07-06 21:21:12,118 - scraper_base - INFO - ✅ Petz: 34 produto(s) encontrado(s) para Drontal
2026-07-06 21:21:13,206 - scraper_base - INFO - 📦 [10/20] Processando Milbemax
2026-07-06 21:21:13,206 - scraper_base - INFO - 🔍 Petz: Buscando Milbemax
2026-07-06 21:21:15,124 - scraper_base - INFO - ✅ Petz: 4 produto(s) encontrado(s) para Milbemax
2026-07-06 21:21:16,877 - scraper_base - INFO - 📦 [11/20] Processando Vermivet
2026-07-06 21:21:16,877 - scraper_base - INFO - 🔍 Petz: Buscando Vermivet
2026-07-06 21:21:19,299 - scraper_base - INFO - ✅ Petz: 5 produto(s) encontrado(s) para Vermivet
2026-07-06 21:21:20,677 - scraper_base - INFO - 📦 [12/20] Processando Rimadyl
2026-07-06 21:21:20,677 - scraper_base - INFO - 🔍 Petz: Buscando Rimadyl
2026-07-06 21:21:23,025 - scraper_base - INFO - ✅ Petz: 3 produto(s) encontrado(s) para Rimadyl
2026-07-06 21:21:24,421 - scraper_base - INFO - 📦 [13/20] Processando Onsior
2026-07-06 21:21:24,421 - scraper_base - INFO - 🔍 Petz: Buscando Onsior
2026-07-06 21:21:26,741 - scraper_base - INFO - ✅ Petz: 4 produto(s) encontrado(s) para Onsior
2026-07-06 21:21:29,277 - scraper_base - INFO - 📦 [14/20] Processando Maxicam
2026-07-06 21:21:29,277 - scraper_base - INFO - 🔍 Petz: Buscando Maxicam
2026-07-06 21:21:33,759 - scraper_base - INFO - ✅ Petz: 27 produto(s) encontrado(s) para Maxicam
2026-07-06 21:21:36,005 - scraper_base - INFO - 📦 [15/20] Processando Carproflan
2026-07-06 21:21:36,006 - scraper_base - INFO - 🔍 Petz: Buscando Carproflan
2026-07-06 21:21:38,341 - scraper_base - INFO - ✅ Petz: 3 produto(s) encontrado(s) para Carproflan
2026-07-06 21:21:41,020 - scraper_base - INFO - 📦 [16/20] Processando Previcox
2026-07-06 21:21:41,020 - scraper_base - INFO - 🔍 Petz: Buscando Previcox
2026-07-06 21:21:43,129 - scraper_base - INFO - ✅ Petz: 2 produto(s) encontrado(s) para Previcox
2026-07-06 21:21:44,933 - scraper_base - INFO - 📦 [17/20] Processando Apoquel
2026-07-06 21:21:44,933 - scraper_base - INFO - 🔍 Petz: Buscando Apoquel
2026-07-06 21:21:47,362 - scraper_base - INFO - ✅ Petz: 3 produto(s) encontrado(s) para Apoquel
2026-07-06 21:21:48,433 - scraper_base - INFO - 📦 [18/20] Processando Zenrelia
2026-07-06 21:21:48,433 - scraper_base - INFO - 🔍 Petz: Buscando Zenrelia
2026-07-06 21:21:50,403 - scraper_base - INFO - ✅ Petz: 4 produto(s) encontrado(s) para Zenrelia
2026-07-06 21:21:52,439 - scraper_base - INFO - 📦 [19/20] Processando Synulox
2026-07-06 21:21:52,439 - scraper_base - INFO - 🔍 Petz: Buscando Synulox
2026-07-06 21:21:54,434 - scraper_base - INFO - ✅ Petz: 2 produto(s) encontrado(s) para Synulox
2026-07-06 21:21:57,264 - scraper_base - INFO - 📦 [20/20] Processando Baytril
2026-07-06 21:21:57,264 - scraper_base - INFO - 🔍 Petz: Buscando Baytril
2026-07-06 21:21:59,364 - scraper_base - INFO - ✅ Petz: 9 produto(s) encontrado(s) para Baytril
2026-07-06 21:22:01,432 - scraper_base - INFO - 📊 Petz - Estatísticas finais:
2026-07-06 21:22:01,432 - scraper_base - INFO -    • Medicamentos processados: 20
2026-07-06 21:22:01,432 - scraper_base - INFO -    • Produtos encontrados: 226
2026-07-06 21:22:01,432 - scraper_base - INFO -    • Medicamentos sem resultado: 0
2026-07-06 21:22:01,432 - scraper_base - INFO -    • Tempo total: 101.3s
2026-07-06 21:22:01,432 - scraper_base - INFO -    • Tempo médio por medicamento: 5.1s
2026-07-06 21:22:01,553 - gerenciador_arquivos - INFO - Excel salvo: dados_coletados/petz_20260706_212201.xlsx (226 produtos)
2026-07-06 21:22:01,553 - gerenciador_principal - INFO - Petz: Arquivo individual salvo com sucesso
2026-07-06 21:22:01,553 - gerenciador_principal - INFO - Gerando relatório consolidado...
2026-07-06 21:22:01,780 - gerenciador_arquivos - INFO - Relatório consolidado salvo: dados_relatorios/relatorio_consolidado_20260706_212201.xlsx
2026-07-06 21:22:01,887 - gerenciador_conexoes - INFO - Chrome fechado
2026-07-06 21:22:01,887 - gerenciador_conexoes - INFO - Métodos utilizados - Requests: 66.7%, Selenium: 33.3%, Falhas: 0.0%
2026-07-06 21:22:01,887 - gerenciador_principal - INFO - ============================================================
2026-07-06 21:22:01,888 - gerenciador_principal - INFO - RELATORIO FINAL DE EXECUÇÃO
2026-07-06 21:22:01,888 - gerenciador_principal - INFO - ============================================================
2026-07-06 21:22:01,888 - gerenciador_principal - INFO - Sites processados: 3
2026-07-06 21:22:01,888 - gerenciador_principal - INFO - Sites com sucesso: 3
2026-07-06 21:22:01,888 - gerenciador_principal - INFO - Total de produtos coletados: 635
2026-07-06 21:22:01,888 - gerenciador_principal - INFO - Tempo total de execução: 290.2 segundos
2026-07-06 21:22:01,888 - gerenciador_principal - INFO - Estatísticas de conexão:
2026-07-06 21:22:01,888 - gerenciador_principal - INFO -   - Requests bem-sucedidos: 66.7%
2026-07-06 21:22:01,888 - gerenciador_principal - INFO -   - Selenium fallback: 33.3%
2026-07-06 21:22:01,888 - gerenciador_principal - INFO -   - Falhas totais: 0.0%
2026-07-06 21:22:01,892 - gerenciador_principal - INFO - Arquivos salvos na pasta: dados_coletados
2026-07-06 21:22:01,892 - gerenciador_principal - INFO - Total de arquivos: 819
2026-07-06 21:22:01,892 - gerenciador_principal - INFO - ============================================================
