2026-01-17 20:10:34,181 - configurador_logs - INFO - Sistema de logs configurado com sucesso
2026-01-17 20:10:34,182 - configurador_logs - INFO - 🚀 Logs configurados para MODO PRODUÇÃO
2026-01-17 20:10:34,182 - gerenciador_principal - INFO - Inicializando sistema - Modo: PRODUCAO
2026-01-17 20:10:34,182 - gerenciador_arquivos - INFO - Pasta dados_coletados preparada
2026-01-17 20:10:34,182 - gerenciador_principal - INFO - Sistema inicializado com 3 scrapers
2026-01-17 20:10:34,182 - gerenciador_principal - INFO - ============================================================
2026-01-17 20:10:34,182 - gerenciador_principal - INFO - INICIANDO SCRAPING COMPLETO - PRODUCAO
2026-01-17 20:10:34,182 - gerenciador_principal - INFO - ============================================================
2026-01-17 20:10:34,182 - gerenciador_principal - INFO - [1/3] Processando Cobasi
2026-01-17 20:10:34,182 - scraper_base - INFO - 🚀 Iniciando scraping completo - Cobasi
2026-01-17 20:10:35,193 - gerenciador_conexoes - INFO - Sessao estabelecida com cobasi.com.br
2026-01-17 20:10:35,193 - scraper_base - INFO - 📋 20 medicamentos para processar
2026-01-17 20:10:35,193 - scraper_base - INFO - 📦 [1/20] Processando Simparic
2026-01-17 20:10:35,194 - scraper_base - INFO - 🔍 Cobasi: Buscando Simparic
2026-01-17 20:10:35,495 - scraper_cobasi - INFO - Cobasi: Dados extraídos via JSON para Simparic
2026-01-17 20:10:35,496 - scraper_base - INFO - ✅ Cobasi: 12 produto(s) encontrado(s) para Simparic
2026-01-17 20:10:37,068 - scraper_base - INFO - 📦 [2/20] Processando Revolution
2026-01-17 20:10:37,068 - scraper_base - INFO - 🔍 Cobasi: Buscando Revolution
2026-01-17 20:10:39,985 - scraper_cobasi - INFO - Cobasi: Dados extraídos via JSON para Revolution
2026-01-17 20:10:39,985 - scraper_base - INFO - ✅ Cobasi: 18 produto(s) encontrado(s) para Revolution
2026-01-17 20:10:42,297 - scraper_base - INFO - 📦 [3/20] Processando NexGard
2026-01-17 20:10:42,297 - scraper_base - INFO - 🔍 Cobasi: Buscando NexGard
2026-01-17 20:10:44,726 - scraper_cobasi - INFO - Cobasi: Dados extraídos via JSON para NexGard
2026-01-17 20:10:44,726 - scraper_base - INFO - ✅ Cobasi: 22 produto(s) encontrado(s) para NexGard
2026-01-17 20:10:47,669 - scraper_base - INFO - 📦 [4/20] Processando NexGard Spectra
2026-01-17 20:10:47,669 - scraper_base - INFO - 🔍 Cobasi: Buscando NexGard Spectra
2026-01-17 20:10:49,821 - scraper_cobasi - INFO - Cobasi: Dados extraídos via JSON para NexGard Spectra
2026-01-17 20:10:49,822 - scraper_base - INFO - ✅ Cobasi: 10 produto(s) encontrado(s) para NexGard Spectra
2026-01-17 20:10:52,601 - scraper_base - INFO - 📦 [5/20] Processando NexGard Combo
2026-01-17 20:10:52,601 - scraper_base - INFO - 🔍 Cobasi: Buscando NexGard Combo
2026-01-17 20:10:54,508 - scraper_cobasi - INFO - Cobasi: Dados extraídos via JSON para NexGard Combo
2026-01-17 20:10:54,508 - scraper_base - INFO - ✅ Cobasi: 4 produto(s) encontrado(s) para NexGard Combo
2026-01-17 20:10:56,111 - scraper_base - INFO - 📦 [6/20] Processando Bravecto
2026-01-17 20:10:56,111 - scraper_base - INFO - 🔍 Cobasi: Buscando Bravecto
2026-01-17 20:10:58,842 - scraper_cobasi - INFO - Cobasi: Dados extraídos via JSON para Bravecto
2026-01-17 20:10:58,843 - scraper_base - INFO - ✅ Cobasi: 16 produto(s) encontrado(s) para Bravecto
2026-01-17 20:10:59,927 - scraper_base - INFO - 📦 [7/20] Processando Frontline
2026-01-17 20:10:59,927 - scraper_base - INFO - 🔍 Cobasi: Buscando Frontline
2026-01-17 20:11:02,669 - scraper_cobasi - INFO - Cobasi: Dados extraídos via JSON para Frontline
2026-01-17 20:11:02,670 - scraper_base - INFO - ✅ Cobasi: 10 produto(s) encontrado(s) para Frontline
2026-01-17 20:11:05,602 - scraper_base - INFO - 📦 [8/20] Processando Advocate
2026-01-17 20:11:05,603 - scraper_base - INFO - 🔍 Cobasi: Buscando Advocate
2026-01-17 20:11:07,816 - scraper_cobasi - INFO - Cobasi: Dados extraídos via JSON para Advocate
2026-01-17 20:11:07,816 - scraper_base - INFO - ✅ Cobasi: 12 produto(s) encontrado(s) para Advocate
2026-01-17 20:11:09,497 - scraper_base - INFO - 📦 [9/20] Processando Drontal
2026-01-17 20:11:09,497 - scraper_base - INFO - 🔍 Cobasi: Buscando Drontal
2026-01-17 20:11:11,617 - scraper_cobasi - INFO - Cobasi: Dados extraídos via JSON para Drontal
2026-01-17 20:11:11,617 - scraper_base - INFO - ✅ Cobasi: 8 produto(s) encontrado(s) para Drontal
2026-01-17 20:11:12,855 - scraper_base - INFO - 📦 [10/20] Processando Milbemax
2026-01-17 20:11:12,855 - scraper_base - INFO - 🔍 Cobasi: Buscando Milbemax
2026-01-17 20:11:14,510 - scraper_cobasi - INFO - Cobasi: Dados extraídos via JSON para Milbemax
2026-01-17 20:11:14,510 - scraper_base - INFO - ✅ Cobasi: 4 produto(s) encontrado(s) para Milbemax
2026-01-17 20:11:17,083 - scraper_base - INFO - 📦 [11/20] Processando Vermivet
2026-01-17 20:11:17,083 - scraper_base - INFO - 🔍 Cobasi: Buscando Vermivet
2026-01-17 20:11:19,170 - scraper_cobasi - INFO - Cobasi: Dados extraídos via JSON para Vermivet
2026-01-17 20:11:19,170 - scraper_base - INFO - ✅ Cobasi: 5 produto(s) encontrado(s) para Vermivet
2026-01-17 20:11:21,349 - scraper_base - INFO - 📦 [12/20] Processando Rimadyl
2026-01-17 20:11:21,349 - scraper_base - INFO - 🔍 Cobasi: Buscando Rimadyl
2026-01-17 20:11:22,951 - scraper_cobasi - INFO - Cobasi: Dados extraídos via JSON para Rimadyl
2026-01-17 20:11:22,951 - scraper_base - INFO - ✅ Cobasi: 3 produto(s) encontrado(s) para Rimadyl
2026-01-17 20:11:24,082 - scraper_base - INFO - 📦 [13/20] Processando Onsior
2026-01-17 20:11:24,082 - scraper_base - INFO - 🔍 Cobasi: Buscando Onsior
2026-01-17 20:11:25,876 - scraper_cobasi - INFO - Cobasi: Dados extraídos via JSON para Onsior
2026-01-17 20:11:25,876 - scraper_base - INFO - ✅ Cobasi: 4 produto(s) encontrado(s) para Onsior
2026-01-17 20:11:27,872 - scraper_base - INFO - 📦 [14/20] Processando Maxicam
2026-01-17 20:11:27,872 - scraper_base - INFO - 🔍 Cobasi: Buscando Maxicam
2026-01-17 20:11:30,881 - scraper_cobasi - INFO - Cobasi: Dados extraídos via JSON para Maxicam
2026-01-17 20:11:30,881 - scraper_base - INFO - ✅ Cobasi: 21 produto(s) encontrado(s) para Maxicam
2026-01-17 20:11:33,184 - scraper_base - INFO - 📦 [15/20] Processando Carproflan
2026-01-17 20:11:33,185 - scraper_base - INFO - 🔍 Cobasi: Buscando Carproflan
2026-01-17 20:11:34,710 - scraper_cobasi - INFO - Cobasi: Dados extraídos via JSON para Carproflan
2026-01-17 20:11:34,710 - scraper_base - INFO - ✅ Cobasi: 3 produto(s) encontrado(s) para Carproflan
2026-01-17 20:11:37,481 - scraper_base - INFO - 📦 [16/20] Processando Previcox
2026-01-17 20:11:37,482 - scraper_base - INFO - 🔍 Cobasi: Buscando Previcox
2026-01-17 20:11:37,825 - scraper_cobasi - INFO - Cobasi: Dados extraídos via JSON para Previcox
2026-01-17 20:11:37,825 - scraper_base - INFO - ✅ Cobasi: 2 produto(s) encontrado(s) para Previcox
2026-01-17 20:11:38,853 - scraper_base - INFO - 📦 [17/20] Processando Apoquel
2026-01-17 20:11:38,853 - scraper_base - INFO - 🔍 Cobasi: Buscando Apoquel
2026-01-17 20:11:39,203 - scraper_cobasi - INFO - Cobasi: Dados extraídos via JSON para Apoquel
2026-01-17 20:11:39,203 - scraper_base - INFO - ✅ Cobasi: 3 produto(s) encontrado(s) para Apoquel
2026-01-17 20:11:40,371 - scraper_base - INFO - 📦 [18/20] Processando Zenrelia
2026-01-17 20:11:40,371 - scraper_base - INFO - 🔍 Cobasi: Buscando Zenrelia
2026-01-17 20:11:42,105 - scraper_cobasi - INFO - Cobasi: Dados extraídos via JSON para Zenrelia
2026-01-17 20:11:42,105 - scraper_base - INFO - ✅ Cobasi: 4 produto(s) encontrado(s) para Zenrelia
2026-01-17 20:11:43,757 - scraper_base - INFO - 📦 [19/20] Processando Synulox
2026-01-17 20:11:43,758 - scraper_base - INFO - 🔍 Cobasi: Buscando Synulox
2026-01-17 20:11:45,311 - scraper_cobasi - INFO - Cobasi: Dados extraídos via JSON para Synulox
2026-01-17 20:11:45,311 - scraper_base - INFO - ✅ Cobasi: 2 produto(s) encontrado(s) para Synulox
2026-01-17 20:11:46,606 - scraper_base - INFO - 📦 [20/20] Processando Baytril
2026-01-17 20:11:46,606 - scraper_base - INFO - 🔍 Cobasi: Buscando Baytril
2026-01-17 20:11:48,621 - scraper_cobasi - INFO - Cobasi: Dados extraídos via JSON para Baytril
2026-01-17 20:11:48,621 - scraper_base - INFO - ✅ Cobasi: 4 produto(s) encontrado(s) para Baytril
2026-01-17 20:11:50,694 - scraper_base - INFO - 📊 Cobasi - Estatísticas finais:
2026-01-17 20:11:50,694 - scraper_base - INFO -    • Medicamentos processados: 20
2026-01-17 20:11:50,694 - scraper_base - INFO -    • Produtos encontrados: 167
2026-01-17 20:11:50,694 - scraper_base - INFO -    • Medicamentos sem resultado: 0
2026-01-17 20:11:50,694 - scraper_base - INFO -    • Tempo total: 76.5s
2026-01-17 20:11:50,695 - scraper_base - INFO -    • Tempo médio por medicamento: 3.8s
2026-01-17 20:11:50,858 - gerenciador_arquivos - INFO - Excel salvo: dados_coletados/cobasi_20260117_201150.xlsx (167 produtos)
2026-01-17 20:11:50,858 - gerenciador_principal - INFO - Cobasi: Arquivo individual salvo com sucesso
2026-01-17 20:11:50,858 - gerenciador_principal - INFO - Pausando entre sites...
2026-01-17 20:11:52,858 - gerenciador_principal - INFO - [2/3] Processando Petlove
2026-01-17 20:11:52,859 - scraper_base - INFO - 🚀 Iniciando scraping completo - Petlove
2026-01-17 20:11:53,073 - scraper_base - INFO - 📋 20 medicamentos para processar
2026-01-17 20:11:53,073 - scraper_base - INFO - 📦 [1/20] Processando Simparic
2026-01-17 20:11:53,073 - scraper_base - INFO - 🔍 Petlove: Buscando Simparic
2026-01-17 20:12:00,969 - gerenciador_conexoes - INFO - Chrome inicializado com otimizacoes de velocidade
2026-01-17 20:12:04,280 - scraper_base - INFO - ✅ Petlove: 34 produto(s) encontrado(s) para Simparic
2026-01-17 20:12:06,839 - scraper_base - INFO - 📦 [2/20] Processando Revolution
2026-01-17 20:12:06,840 - scraper_base - INFO - 🔍 Petlove: Buscando Revolution
2026-01-17 20:12:08,315 - scraper_base - INFO - ✅ Petlove: 17 produto(s) encontrado(s) para Revolution
2026-01-17 20:12:10,983 - scraper_base - INFO - 📦 [3/20] Processando NexGard
2026-01-17 20:12:10,983 - scraper_base - INFO - 🔍 Petlove: Buscando NexGard
2026-01-17 20:12:12,391 - scraper_base - INFO - ✅ Petlove: 11 produto(s) encontrado(s) para NexGard
2026-01-17 20:12:14,484 - scraper_base - INFO - 📦 [4/20] Processando NexGard Spectra
2026-01-17 20:12:14,484 - scraper_base - INFO - 🔍 Petlove: Buscando NexGard Spectra
2026-01-17 20:12:15,610 - scraper_base - INFO - ✅ Petlove: 5 produto(s) encontrado(s) para NexGard Spectra
2026-01-17 20:12:18,128 - scraper_base - INFO - 📦 [5/20] Processando NexGard Combo
2026-01-17 20:12:18,128 - scraper_base - INFO - 🔍 Petlove: Buscando NexGard Combo
2026-01-17 20:12:19,510 - scraper_base - INFO - ✅ Petlove: 2 produto(s) encontrado(s) para NexGard Combo
2026-01-17 20:12:21,057 - scraper_base - INFO - 📦 [6/20] Processando Bravecto
2026-01-17 20:12:21,057 - scraper_base - INFO - 🔍 Petlove: Buscando Bravecto
2026-01-17 20:12:22,793 - scraper_base - INFO - ✅ Petlove: 23 produto(s) encontrado(s) para Bravecto
2026-01-17 20:12:24,586 - scraper_base - INFO - 📦 [7/20] Processando Frontline
2026-01-17 20:12:24,586 - scraper_base - INFO - 🔍 Petlove: Buscando Frontline
2026-01-17 20:12:26,347 - scraper_base - INFO - ✅ Petlove: 11 produto(s) encontrado(s) para Frontline
2026-01-17 20:12:28,354 - scraper_base - INFO - 📦 [8/20] Processando Advocate
2026-01-17 20:12:28,354 - scraper_base - INFO - 🔍 Petlove: Buscando Advocate
2026-01-17 20:12:29,920 - scraper_base - INFO - ✅ Petlove: 10 produto(s) encontrado(s) para Advocate
2026-01-17 20:12:32,885 - scraper_base - INFO - 📦 [9/20] Processando Drontal
2026-01-17 20:12:32,885 - scraper_base - INFO - 🔍 Petlove: Buscando Drontal
2026-01-17 20:12:34,695 - scraper_base - INFO - ✅ Petlove: 36 produto(s) encontrado(s) para Drontal
2026-01-17 20:12:36,059 - scraper_base - INFO - 📦 [10/20] Processando Milbemax
2026-01-17 20:12:36,060 - scraper_base - INFO - 🔍 Petlove: Buscando Milbemax
2026-01-17 20:12:37,620 - scraper_base - INFO - ✅ Petlove: 14 produto(s) encontrado(s) para Milbemax
2026-01-17 20:12:39,845 - scraper_base - INFO - 📦 [11/20] Processando Vermivet
2026-01-17 20:12:39,845 - scraper_base - INFO - 🔍 Petlove: Buscando Vermivet
2026-01-17 20:12:41,755 - scraper_base - INFO - ✅ Petlove: 36 produto(s) encontrado(s) para Vermivet
2026-01-17 20:12:43,075 - scraper_base - INFO - 📦 [12/20] Processando Rimadyl
2026-01-17 20:12:43,075 - scraper_base - INFO - 🔍 Petlove: Buscando Rimadyl
2026-01-17 20:12:44,995 - scraper_base - INFO - ✅ Petlove: 1 produto(s) encontrado(s) para Rimadyl
2026-01-17 20:12:46,039 - scraper_base - INFO - 📦 [13/20] Processando Onsior
2026-01-17 20:12:46,039 - scraper_base - INFO - 🔍 Petlove: Buscando Onsior
2026-01-17 20:12:47,337 - scraper_base - INFO - ✅ Petlove: 4 produto(s) encontrado(s) para Onsior
2026-01-17 20:12:50,170 - scraper_base - INFO - 📦 [14/20] Processando Maxicam
2026-01-17 20:12:50,171 - scraper_base - INFO - 🔍 Petlove: Buscando Maxicam
2026-01-17 20:12:51,629 - scraper_base - INFO - ✅ Petlove: 3 produto(s) encontrado(s) para Maxicam
2026-01-17 20:12:54,484 - scraper_base - INFO - 📦 [15/20] Processando Carproflan
2026-01-17 20:12:54,484 - scraper_base - INFO - 🔍 Petlove: Buscando Carproflan
2026-01-17 20:12:55,996 - scraper_base - INFO - ✅ Petlove: 8 produto(s) encontrado(s) para Carproflan
2026-01-17 20:12:57,830 - scraper_base - INFO - 📦 [16/20] Processando Previcox
2026-01-17 20:12:57,830 - scraper_base - INFO - 🔍 Petlove: Buscando Previcox
2026-01-17 20:12:59,014 - scraper_base - INFO - ✅ Petlove: 4 produto(s) encontrado(s) para Previcox
2026-01-17 20:13:00,697 - scraper_base - INFO - 📦 [17/20] Processando Apoquel
2026-01-17 20:13:00,697 - scraper_base - INFO - 🔍 Petlove: Buscando Apoquel
2026-01-17 20:13:02,180 - scraper_base - INFO - ✅ Petlove: 16 produto(s) encontrado(s) para Apoquel
2026-01-17 20:13:03,750 - scraper_base - INFO - 📦 [18/20] Processando Zenrelia
2026-01-17 20:13:03,751 - scraper_base - INFO - 🔍 Petlove: Buscando Zenrelia
2026-01-17 20:13:04,986 - scraper_base - INFO - ✅ Petlove: 4 produto(s) encontrado(s) para Zenrelia
2026-01-17 20:13:06,848 - scraper_base - INFO - 📦 [19/20] Processando Synulox
2026-01-17 20:13:06,849 - scraper_base - INFO - 🔍 Petlove: Buscando Synulox
2026-01-17 20:13:08,175 - scraper_base - INFO - ✅ Petlove: 1 produto(s) encontrado(s) para Synulox
2026-01-17 20:13:10,130 - scraper_base - INFO - 📦 [20/20] Processando Baytril
2026-01-17 20:13:10,130 - scraper_base - INFO - 🔍 Petlove: Buscando Baytril
2026-01-17 20:13:11,808 - scraper_base - INFO - ✅ Petlove: 4 produto(s) encontrado(s) para Baytril
2026-01-17 20:13:13,293 - scraper_base - INFO - 📊 Petlove - Estatísticas finais:
2026-01-17 20:13:13,293 - scraper_base - INFO -    • Medicamentos processados: 20
2026-01-17 20:13:13,294 - scraper_base - INFO -    • Produtos encontrados: 244
2026-01-17 20:13:13,294 - scraper_base - INFO -    • Medicamentos sem resultado: 0
2026-01-17 20:13:13,294 - scraper_base - INFO -    • Tempo total: 80.4s
2026-01-17 20:13:13,294 - scraper_base - INFO -    • Tempo médio por medicamento: 4.0s
2026-01-17 20:13:13,338 - gerenciador_arquivos - INFO - Excel salvo: dados_coletados/petlove_20260117_201313.xlsx (244 produtos)
2026-01-17 20:13:13,339 - gerenciador_principal - INFO - Petlove: Arquivo individual salvo com sucesso
2026-01-17 20:13:13,339 - gerenciador_principal - INFO - Pausando entre sites...
2026-01-17 20:13:15,339 - gerenciador_principal - INFO - [3/3] Processando Petz
2026-01-17 20:13:15,339 - scraper_base - INFO - 🚀 Iniciando scraping completo - Petz
2026-01-17 20:13:15,627 - scraper_base - INFO - 📋 20 medicamentos para processar
2026-01-17 20:13:15,628 - scraper_base - INFO - 📦 [1/20] Processando Simparic
2026-01-17 20:13:15,628 - scraper_base - INFO - 🔍 Petz: Buscando Simparic
2026-01-17 20:13:19,949 - scraper_base - INFO - ✅ Petz: 12 produto(s) encontrado(s) para Simparic
2026-01-17 20:13:22,513 - scraper_base - INFO - 📦 [2/20] Processando Revolution
2026-01-17 20:13:22,513 - scraper_base - INFO - 🔍 Petz: Buscando Revolution
2026-01-17 20:13:24,972 - scraper_base - INFO - ✅ Petz: 24 produto(s) encontrado(s) para Revolution
2026-01-17 20:13:27,250 - scraper_base - INFO - 📦 [3/20] Processando NexGard
2026-01-17 20:13:27,250 - scraper_base - INFO - 🔍 Petz: Buscando NexGard
2026-01-17 20:13:29,592 - scraper_base - INFO - ✅ Petz: 22 produto(s) encontrado(s) para NexGard
2026-01-17 20:13:31,205 - scraper_base - INFO - 📦 [4/20] Processando NexGard Spectra
2026-01-17 20:13:31,205 - scraper_base - INFO - 🔍 Petz: Buscando NexGard Spectra
2026-01-17 20:13:33,075 - scraper_base - INFO - ✅ Petz: 10 produto(s) encontrado(s) para NexGard Spectra
2026-01-17 20:13:36,023 - scraper_base - INFO - 📦 [5/20] Processando NexGard Combo
2026-01-17 20:13:36,023 - scraper_base - INFO - 🔍 Petz: Buscando NexGard Combo
2026-01-17 20:13:37,657 - scraper_base - INFO - ✅ Petz: 4 produto(s) encontrado(s) para NexGard Combo
2026-01-17 20:13:40,368 - scraper_base - INFO - 📦 [6/20] Processando Bravecto
2026-01-17 20:13:40,369 - scraper_base - INFO - 🔍 Petz: Buscando Bravecto
2026-01-17 20:13:42,644 - scraper_base - INFO - ✅ Petz: 16 produto(s) encontrado(s) para Bravecto
2026-01-17 20:13:44,462 - scraper_base - INFO - 📦 [7/20] Processando Frontline
2026-01-17 20:13:44,462 - scraper_base - INFO - 🔍 Petz: Buscando Frontline
2026-01-17 20:13:46,504 - scraper_base - INFO - ✅ Petz: 11 produto(s) encontrado(s) para Frontline
2026-01-17 20:13:48,611 - scraper_base - INFO - 📦 [8/20] Processando Advocate
2026-01-17 20:13:48,612 - scraper_base - INFO - 🔍 Petz: Buscando Advocate
2026-01-17 20:13:51,037 - scraper_base - INFO - ✅ Petz: 12 produto(s) encontrado(s) para Advocate
2026-01-17 20:13:53,710 - scraper_base - INFO - 📦 [9/20] Processando Drontal
2026-01-17 20:13:53,710 - scraper_base - INFO - 🔍 Petz: Buscando Drontal
2026-01-17 20:13:56,268 - scraper_base - INFO - ✅ Petz: 29 produto(s) encontrado(s) para Drontal
2026-01-17 20:13:57,553 - scraper_base - INFO - 📦 [10/20] Processando Milbemax
2026-01-17 20:13:57,553 - scraper_base - INFO - 🔍 Petz: Buscando Milbemax
2026-01-17 20:13:59,239 - scraper_base - INFO - ✅ Petz: 4 produto(s) encontrado(s) para Milbemax
2026-01-17 20:14:01,145 - scraper_base - INFO - 📦 [11/20] Processando Vermivet
2026-01-17 20:14:01,145 - scraper_base - INFO - 🔍 Petz: Buscando Vermivet
2026-01-17 20:14:02,921 - scraper_base - INFO - ✅ Petz: 5 produto(s) encontrado(s) para Vermivet
2026-01-17 20:14:05,143 - scraper_base - INFO - 📦 [12/20] Processando Rimadyl
2026-01-17 20:14:05,143 - scraper_base - INFO - 🔍 Petz: Buscando Rimadyl
2026-01-17 20:14:06,700 - scraper_base - INFO - ✅ Petz: 3 produto(s) encontrado(s) para Rimadyl
2026-01-17 20:14:08,491 - scraper_base - INFO - 📦 [13/20] Processando Onsior
2026-01-17 20:14:08,491 - scraper_base - INFO - 🔍 Petz: Buscando Onsior
2026-01-17 20:14:09,993 - scraper_base - INFO - ✅ Petz: 4 produto(s) encontrado(s) para Onsior
2026-01-17 20:14:12,418 - scraper_base - INFO - 📦 [14/20] Processando Maxicam
2026-01-17 20:14:12,418 - scraper_base - INFO - 🔍 Petz: Buscando Maxicam
2026-01-17 20:14:14,701 - scraper_base - INFO - ✅ Petz: 30 produto(s) encontrado(s) para Maxicam
2026-01-17 20:14:16,539 - scraper_base - INFO - 📦 [15/20] Processando Carproflan
2026-01-17 20:14:16,539 - scraper_base - INFO - 🔍 Petz: Buscando Carproflan
2026-01-17 20:14:18,130 - scraper_base - INFO - ✅ Petz: 3 produto(s) encontrado(s) para Carproflan
2026-01-17 20:14:20,490 - scraper_base - INFO - 📦 [16/20] Processando Previcox
2026-01-17 20:14:20,490 - scraper_base - INFO - 🔍 Petz: Buscando Previcox
2026-01-17 20:14:22,292 - scraper_base - INFO - ✅ Petz: 2 produto(s) encontrado(s) para Previcox
2026-01-17 20:14:24,787 - scraper_base - INFO - 📦 [17/20] Processando Apoquel
2026-01-17 20:14:24,788 - scraper_base - INFO - 🔍 Petz: Buscando Apoquel
2026-01-17 20:14:26,316 - scraper_base - INFO - ✅ Petz: 3 produto(s) encontrado(s) para Apoquel
2026-01-17 20:14:29,241 - scraper_base - INFO - 📦 [18/20] Processando Zenrelia
2026-01-17 20:14:29,241 - scraper_base - INFO - 🔍 Petz: Buscando Zenrelia
2026-01-17 20:14:30,818 - scraper_base - INFO - ✅ Petz: 4 produto(s) encontrado(s) para Zenrelia
2026-01-17 20:14:31,820 - scraper_base - INFO - 📦 [19/20] Processando Synulox
2026-01-17 20:14:31,820 - scraper_base - INFO - 🔍 Petz: Buscando Synulox
2026-01-17 20:14:33,347 - scraper_base - INFO - ✅ Petz: 2 produto(s) encontrado(s) para Synulox
2026-01-17 20:14:35,667 - scraper_base - INFO - 📦 [20/20] Processando Baytril
2026-01-17 20:14:35,667 - scraper_base - INFO - 🔍 Petz: Buscando Baytril
2026-01-17 20:14:37,465 - scraper_base - INFO - ✅ Petz: 9 produto(s) encontrado(s) para Baytril
2026-01-17 20:14:40,114 - scraper_base - INFO - 📊 Petz - Estatísticas finais:
2026-01-17 20:14:40,114 - scraper_base - INFO -    • Medicamentos processados: 20
2026-01-17 20:14:40,114 - scraper_base - INFO -    • Produtos encontrados: 209
2026-01-17 20:14:40,114 - scraper_base - INFO -    • Medicamentos sem resultado: 0
2026-01-17 20:14:40,114 - scraper_base - INFO -    • Tempo total: 84.8s
2026-01-17 20:14:40,114 - scraper_base - INFO -    • Tempo médio por medicamento: 4.2s
2026-01-17 20:14:40,158 - gerenciador_arquivos - INFO - Excel salvo: dados_coletados/petz_20260117_201440.xlsx (209 produtos)
2026-01-17 20:14:40,158 - gerenciador_principal - INFO - Petz: Arquivo individual salvo com sucesso
2026-01-17 20:14:40,158 - gerenciador_principal - INFO - Gerando relatório consolidado...
2026-01-17 20:14:40,388 - gerenciador_arquivos - INFO - Relatório consolidado salvo: dados_relatorios/relatorio_consolidado_20260117_201440.xlsx
2026-01-17 20:14:40,519 - gerenciador_conexoes - INFO - Chrome fechado
2026-01-17 20:14:40,519 - gerenciador_conexoes - INFO - Métodos utilizados - Requests: 33.3%, Selenium: 66.7%, Falhas: 0.0%
2026-01-17 20:14:40,519 - gerenciador_principal - INFO - ============================================================
2026-01-17 20:14:40,519 - gerenciador_principal - INFO - RELATORIO FINAL DE EXECUÇÃO
2026-01-17 20:14:40,519 - gerenciador_principal - INFO - ============================================================
2026-01-17 20:14:40,519 - gerenciador_principal - INFO - Sites processados: 3
2026-01-17 20:14:40,519 - gerenciador_principal - INFO - Sites com sucesso: 3
2026-01-17 20:14:40,519 - gerenciador_principal - INFO - Total de produtos coletados: 620
2026-01-17 20:14:40,519 - gerenciador_principal - INFO - Tempo total de execução: 246.0 segundos
2026-01-17 20:14:40,519 - gerenciador_principal - INFO - Estatísticas de conexão:
2026-01-17 20:14:40,519 - gerenciador_principal - INFO -   - Requests bem-sucedidos: 33.3%
2026-01-17 20:14:40,519 - gerenciador_principal - INFO -   - Selenium fallback: 66.7%
2026-01-17 20:14:40,520 - gerenciador_principal - INFO -   - Falhas totais: 0.0%
2026-01-17 20:14:40,521 - gerenciador_principal - INFO - Arquivos salvos na pasta: dados_coletados
2026-01-17 20:14:40,521 - gerenciador_principal - INFO - Total de arquivos: 328
2026-01-17 20:14:40,521 - gerenciador_principal - INFO - ============================================================
