2026-08-18 20:09:17,629 - configurador_logs - INFO - Sistema de logs configurado com sucesso
2026-08-18 20:09:17,629 - configurador_logs - INFO - 🚀 Logs configurados para MODO PRODUÇÃO
2026-08-18 20:09:17,629 - gerenciador_principal - INFO - Inicializando sistema - Modo: PRODUCAO
2026-08-18 20:09:17,629 - gerenciador_arquivos - INFO - Pasta dados_coletados preparada
2026-08-18 20:09:17,630 - gerenciador_principal - INFO - Sistema inicializado com 3 scrapers
2026-08-18 20:09:17,630 - gerenciador_principal - INFO - ============================================================
2026-08-18 20:09:17,630 - gerenciador_principal - INFO - INICIANDO SCRAPING COMPLETO - PRODUCAO
2026-08-18 20:09:17,630 - gerenciador_principal - INFO - ============================================================
2026-08-18 20:09:17,630 - gerenciador_principal - INFO - [1/3] Processando Cobasi
2026-08-18 20:09:17,630 - scraper_base - INFO - 🚀 Iniciando scraping completo - Cobasi
2026-08-18 20:09:19,205 - gerenciador_conexoes - INFO - Sessao estabelecida com cobasi.com.br
2026-08-18 20:09:19,205 - scraper_base - INFO - 📋 20 medicamentos para processar
2026-08-18 20:09:19,205 - scraper_base - INFO - 📦 [1/20] Processando Simparic
2026-08-18 20:09:19,205 - scraper_base - INFO - 🔍 Cobasi: Buscando Simparic
2026-08-18 20:09:19,534 - scraper_cobasi - INFO - Cobasi: Dados extraídos via JSON para Simparic
2026-08-18 20:09:19,534 - scraper_base - INFO - ✅ Cobasi: 24 produto(s) encontrado(s) para Simparic
2026-08-18 20:09:20,604 - scraper_base - INFO - 📦 [2/20] Processando Revolution
2026-08-18 20:09:20,604 - scraper_base - INFO - 🔍 Cobasi: Buscando Revolution
2026-08-18 20:09:24,836 - scraper_cobasi - INFO - Cobasi: Dados extraídos via JSON para Revolution
2026-08-18 20:09:24,836 - scraper_base - INFO - ✅ Cobasi: 16 produto(s) encontrado(s) para Revolution
2026-08-18 20:09:27,814 - scraper_base - INFO - 📦 [3/20] Processando NexGard
2026-08-18 20:09:27,815 - scraper_base - INFO - 🔍 Cobasi: Buscando NexGard
2026-08-18 20:09:33,044 - scraper_cobasi - INFO - Cobasi: Dados extraídos via JSON para NexGard
2026-08-18 20:09:33,044 - scraper_base - INFO - ✅ Cobasi: 22 produto(s) encontrado(s) para NexGard
2026-08-18 20:09:35,083 - scraper_base - INFO - 📦 [4/20] Processando NexGard Spectra
2026-08-18 20:09:35,083 - scraper_base - INFO - 🔍 Cobasi: Buscando NexGard Spectra
2026-08-18 20:09:39,195 - scraper_cobasi - INFO - Cobasi: Dados extraídos via JSON para NexGard Spectra
2026-08-18 20:09:39,195 - scraper_base - INFO - ✅ Cobasi: 10 produto(s) encontrado(s) para NexGard Spectra
2026-08-18 20:09:40,355 - scraper_base - INFO - 📦 [5/20] Processando NexGard Combo
2026-08-18 20:09:40,355 - scraper_base - INFO - 🔍 Cobasi: Buscando NexGard Combo
2026-08-18 20:09:43,430 - scraper_cobasi - INFO - Cobasi: Dados extraídos via JSON para NexGard Combo
2026-08-18 20:09:43,430 - scraper_base - INFO - ✅ Cobasi: 4 produto(s) encontrado(s) para NexGard Combo
2026-08-18 20:09:45,653 - scraper_base - INFO - 📦 [6/20] Processando Bravecto
2026-08-18 20:09:45,654 - scraper_base - INFO - 🔍 Cobasi: Buscando Bravecto
2026-08-18 20:09:49,344 - scraper_cobasi - INFO - Cobasi: Dados extraídos via JSON para Bravecto
2026-08-18 20:09:49,344 - scraper_base - INFO - ✅ Cobasi: 16 produto(s) encontrado(s) para Bravecto
2026-08-18 20:09:52,178 - scraper_base - INFO - 📦 [7/20] Processando Frontline
2026-08-18 20:09:52,178 - scraper_base - INFO - 🔍 Cobasi: Buscando Frontline
2026-08-18 20:09:56,152 - scraper_cobasi - INFO - Cobasi: Dados extraídos via JSON para Frontline
2026-08-18 20:09:56,152 - scraper_base - INFO - ✅ Cobasi: 11 produto(s) encontrado(s) para Frontline
2026-08-18 20:09:58,021 - scraper_base - INFO - 📦 [8/20] Processando Advocate
2026-08-18 20:09:58,022 - scraper_base - INFO - 🔍 Cobasi: Buscando Advocate
2026-08-18 20:10:03,109 - scraper_cobasi - INFO - Cobasi: Dados extraídos via JSON para Advocate
2026-08-18 20:10:03,109 - scraper_base - INFO - ✅ Cobasi: 12 produto(s) encontrado(s) para Advocate
2026-08-18 20:10:04,123 - scraper_base - INFO - 📦 [9/20] Processando Drontal
2026-08-18 20:10:04,123 - scraper_base - INFO - 🔍 Cobasi: Buscando Drontal
2026-08-18 20:10:07,634 - scraper_cobasi - INFO - Cobasi: Dados extraídos via JSON para Drontal
2026-08-18 20:10:07,635 - scraper_base - INFO - ✅ Cobasi: 8 produto(s) encontrado(s) para Drontal
2026-08-18 20:10:09,557 - scraper_base - INFO - 📦 [10/20] Processando Milbemax
2026-08-18 20:10:09,558 - scraper_base - INFO - 🔍 Cobasi: Buscando Milbemax
2026-08-18 20:10:14,651 - scraper_cobasi - INFO - Cobasi: Dados extraídos via JSON para Milbemax
2026-08-18 20:10:14,652 - scraper_base - INFO - ✅ Cobasi: 4 produto(s) encontrado(s) para Milbemax
2026-08-18 20:10:17,123 - scraper_base - INFO - 📦 [11/20] Processando Vermivet
2026-08-18 20:10:17,124 - scraper_base - INFO - 🔍 Cobasi: Buscando Vermivet
2026-08-18 20:10:20,738 - scraper_cobasi - INFO - Cobasi: Dados extraídos via JSON para Vermivet
2026-08-18 20:10:20,738 - scraper_base - INFO - ✅ Cobasi: 5 produto(s) encontrado(s) para Vermivet
2026-08-18 20:10:21,895 - scraper_base - INFO - 📦 [12/20] Processando Rimadyl
2026-08-18 20:10:21,895 - scraper_base - INFO - 🔍 Cobasi: Buscando Rimadyl
2026-08-18 20:10:26,585 - scraper_cobasi - INFO - Cobasi: Dados extraídos via JSON para Rimadyl
2026-08-18 20:10:26,585 - scraper_base - INFO - ✅ Cobasi: 3 produto(s) encontrado(s) para Rimadyl
2026-08-18 20:10:28,445 - scraper_base - INFO - 📦 [13/20] Processando Onsior
2026-08-18 20:10:28,445 - scraper_base - INFO - 🔍 Cobasi: Buscando Onsior
2026-08-18 20:10:32,015 - scraper_cobasi - INFO - Cobasi: Dados extraídos via JSON para Onsior
2026-08-18 20:10:32,016 - scraper_base - INFO - ✅ Cobasi: 4 produto(s) encontrado(s) para Onsior
2026-08-18 20:10:33,393 - scraper_base - INFO - 📦 [14/20] Processando Maxicam
2026-08-18 20:10:33,393 - scraper_base - INFO - 🔍 Cobasi: Buscando Maxicam
2026-08-18 20:10:37,258 - scraper_cobasi - INFO - Cobasi: Dados extraídos via JSON para Maxicam
2026-08-18 20:10:37,258 - scraper_base - INFO - ✅ Cobasi: 3 produto(s) encontrado(s) para Maxicam
2026-08-18 20:10:38,676 - scraper_base - INFO - 📦 [15/20] Processando Carproflan
2026-08-18 20:10:38,676 - scraper_base - INFO - 🔍 Cobasi: Buscando Carproflan
2026-08-18 20:10:44,027 - scraper_cobasi - INFO - Cobasi: Dados extraídos via JSON para Carproflan
2026-08-18 20:10:44,027 - scraper_base - INFO - ✅ Cobasi: 3 produto(s) encontrado(s) para Carproflan
2026-08-18 20:10:46,216 - scraper_base - INFO - 📦 [16/20] Processando Previcox
2026-08-18 20:10:46,216 - scraper_base - INFO - 🔍 Cobasi: Buscando Previcox
2026-08-18 20:10:50,905 - scraper_cobasi - INFO - Cobasi: Dados extraídos via JSON para Previcox
2026-08-18 20:10:50,905 - scraper_base - INFO - ✅ Cobasi: 2 produto(s) encontrado(s) para Previcox
2026-08-18 20:10:53,631 - scraper_base - INFO - 📦 [17/20] Processando Apoquel
2026-08-18 20:10:53,631 - scraper_base - INFO - 🔍 Cobasi: Buscando Apoquel
2026-08-18 20:10:57,914 - scraper_cobasi - INFO - Cobasi: Dados extraídos via JSON para Apoquel
2026-08-18 20:10:57,915 - scraper_base - INFO - ✅ Cobasi: 3 produto(s) encontrado(s) para Apoquel
2026-08-18 20:11:00,704 - scraper_base - INFO - 📦 [18/20] Processando Zenrelia
2026-08-18 20:11:00,704 - scraper_base - INFO - 🔍 Cobasi: Buscando Zenrelia
2026-08-18 20:11:04,140 - scraper_cobasi - INFO - Cobasi: Dados extraídos via JSON para Zenrelia
2026-08-18 20:11:04,140 - scraper_base - INFO - ✅ Cobasi: 4 produto(s) encontrado(s) para Zenrelia
2026-08-18 20:11:05,668 - scraper_base - INFO - 📦 [19/20] Processando Synulox
2026-08-18 20:11:05,669 - scraper_base - INFO - 🔍 Cobasi: Buscando Synulox
2026-08-18 20:11:09,683 - scraper_cobasi - INFO - Cobasi: Dados extraídos via JSON para Synulox
2026-08-18 20:11:09,684 - scraper_base - INFO - ✅ Cobasi: 2 produto(s) encontrado(s) para Synulox
2026-08-18 20:11:10,961 - scraper_base - INFO - 📦 [20/20] Processando Baytril
2026-08-18 20:11:10,961 - scraper_base - INFO - 🔍 Cobasi: Buscando Baytril
2026-08-18 20:11:15,403 - scraper_cobasi - INFO - Cobasi: Dados extraídos via JSON para Baytril
2026-08-18 20:11:15,403 - scraper_base - INFO - ✅ Cobasi: 2 produto(s) encontrado(s) para Baytril
2026-08-18 20:11:16,567 - scraper_base - INFO - 📊 Cobasi - Estatísticas finais:
2026-08-18 20:11:16,567 - scraper_base - INFO -    • Medicamentos processados: 20
2026-08-18 20:11:16,568 - scraper_base - INFO -    • Produtos encontrados: 158
2026-08-18 20:11:16,568 - scraper_base - INFO -    • Medicamentos sem resultado: 0
2026-08-18 20:11:16,568 - scraper_base - INFO -    • Tempo total: 118.9s
2026-08-18 20:11:16,568 - scraper_base - INFO -    • Tempo médio por medicamento: 5.9s
2026-08-18 20:11:16,769 - gerenciador_arquivos - INFO - Excel salvo: dados_coletados/cobasi_20260818_201116.xlsx (158 produtos)
2026-08-18 20:11:16,769 - gerenciador_principal - INFO - Cobasi: Arquivo individual salvo com sucesso
2026-08-18 20:11:16,769 - gerenciador_principal - INFO - Pausando entre sites...
2026-08-18 20:11:18,770 - gerenciador_principal - INFO - [2/3] Processando Petlove
2026-08-18 20:11:18,770 - scraper_base - INFO - 🚀 Iniciando scraping completo - Petlove
2026-08-18 20:11:19,143 - gerenciador_conexoes - INFO - Sessao estabelecida com petlove.com.br
2026-08-18 20:11:19,143 - scraper_base - INFO - 📋 20 medicamentos para processar
2026-08-18 20:11:19,143 - scraper_base - INFO - 📦 [1/20] Processando Simparic
2026-08-18 20:11:19,143 - scraper_base - INFO - 🔍 Petlove: Buscando Simparic
2026-08-18 20:11:20,664 - scraper_base - INFO - ✅ Petlove: 36 produto(s) encontrado(s) para Simparic
2026-08-18 20:11:22,977 - scraper_base - INFO - 📦 [2/20] Processando Revolution
2026-08-18 20:11:22,978 - scraper_base - INFO - 🔍 Petlove: Buscando Revolution
2026-08-18 20:11:24,830 - scraper_base - INFO - ✅ Petlove: 19 produto(s) encontrado(s) para Revolution
2026-08-18 20:11:26,131 - scraper_base - INFO - 📦 [3/20] Processando NexGard
2026-08-18 20:11:26,131 - scraper_base - INFO - 🔍 Petlove: Buscando NexGard
2026-08-18 20:11:26,861 - scraper_base - INFO - ✅ Petlove: 11 produto(s) encontrado(s) para NexGard
2026-08-18 20:11:29,242 - scraper_base - INFO - 📦 [4/20] Processando NexGard Spectra
2026-08-18 20:11:29,242 - scraper_base - INFO - 🔍 Petlove: Buscando NexGard Spectra
2026-08-18 20:11:30,328 - scraper_base - INFO - ✅ Petlove: 5 produto(s) encontrado(s) para NexGard Spectra
2026-08-18 20:11:31,352 - scraper_base - INFO - 📦 [5/20] Processando NexGard Combo
2026-08-18 20:11:31,352 - scraper_base - INFO - 🔍 Petlove: Buscando NexGard Combo
2026-08-18 20:11:32,248 - scraper_base - INFO - ✅ Petlove: 2 produto(s) encontrado(s) para NexGard Combo
2026-08-18 20:11:33,867 - scraper_base - INFO - 📦 [6/20] Processando Bravecto
2026-08-18 20:11:33,867 - scraper_base - INFO - 🔍 Petlove: Buscando Bravecto
2026-08-18 20:11:34,989 - scraper_base - INFO - ✅ Petlove: 23 produto(s) encontrado(s) para Bravecto
2026-08-18 20:11:37,087 - scraper_base - INFO - 📦 [7/20] Processando Frontline
2026-08-18 20:11:37,087 - scraper_base - INFO - 🔍 Petlove: Buscando Frontline
2026-08-18 20:11:38,257 - scraper_base - INFO - ✅ Petlove: 11 produto(s) encontrado(s) para Frontline
2026-08-18 20:11:41,201 - scraper_base - INFO - 📦 [8/20] Processando Advocate
2026-08-18 20:11:41,201 - scraper_base - INFO - 🔍 Petlove: Buscando Advocate
2026-08-18 20:11:42,013 - scraper_base - INFO - ✅ Petlove: 9 produto(s) encontrado(s) para Advocate
2026-08-18 20:11:44,064 - scraper_base - INFO - 📦 [9/20] Processando Drontal
2026-08-18 20:11:44,064 - scraper_base - INFO - 🔍 Petlove: Buscando Drontal
2026-08-18 20:11:46,428 - scraper_base - INFO - ✅ Petlove: 36 produto(s) encontrado(s) para Drontal
2026-08-18 20:11:47,821 - scraper_base - INFO - 📦 [10/20] Processando Milbemax
2026-08-18 20:11:47,821 - scraper_base - INFO - 🔍 Petlove: Buscando Milbemax
2026-08-18 20:11:48,897 - scraper_base - INFO - ✅ Petlove: 14 produto(s) encontrado(s) para Milbemax
2026-08-18 20:11:49,901 - scraper_base - INFO - 📦 [11/20] Processando Vermivet
2026-08-18 20:11:49,901 - scraper_base - INFO - 🔍 Petlove: Buscando Vermivet
2026-08-18 20:11:50,815 - scraper_base - INFO - ✅ Petlove: 36 produto(s) encontrado(s) para Vermivet
2026-08-18 20:11:52,520 - scraper_base - INFO - 📦 [12/20] Processando Rimadyl
2026-08-18 20:11:52,521 - scraper_base - INFO - 🔍 Petlove: Buscando Rimadyl
2026-08-18 20:11:53,300 - scraper_base - INFO - ✅ Petlove: 1 produto(s) encontrado(s) para Rimadyl
2026-08-18 20:11:56,182 - scraper_base - INFO - 📦 [13/20] Processando Onsior
2026-08-18 20:11:56,182 - scraper_base - INFO - 🔍 Petlove: Buscando Onsior
2026-08-18 20:11:56,968 - scraper_base - INFO - ✅ Petlove: 4 produto(s) encontrado(s) para Onsior
2026-08-18 20:11:58,869 - scraper_base - INFO - 📦 [14/20] Processando Maxicam
2026-08-18 20:11:58,869 - scraper_base - INFO - 🔍 Petlove: Buscando Maxicam
2026-08-18 20:11:59,541 - scraper_base - INFO - ✅ Petlove: 3 produto(s) encontrado(s) para Maxicam
2026-08-18 20:12:00,635 - scraper_base - INFO - 📦 [15/20] Processando Carproflan
2026-08-18 20:12:00,636 - scraper_base - INFO - 🔍 Petlove: Buscando Carproflan
2026-08-18 20:12:01,463 - scraper_base - INFO - ✅ Petlove: 8 produto(s) encontrado(s) para Carproflan
2026-08-18 20:12:03,263 - scraper_base - INFO - 📦 [16/20] Processando Previcox
2026-08-18 20:12:03,264 - scraper_base - INFO - 🔍 Petlove: Buscando Previcox
2026-08-18 20:12:04,027 - scraper_base - INFO - ✅ Petlove: 4 produto(s) encontrado(s) para Previcox
2026-08-18 20:12:05,147 - scraper_base - INFO - 📦 [17/20] Processando Apoquel
2026-08-18 20:12:05,147 - scraper_base - INFO - 🔍 Petlove: Buscando Apoquel
2026-08-18 20:12:05,856 - scraper_base - INFO - ✅ Petlove: 16 produto(s) encontrado(s) para Apoquel
2026-08-18 20:12:08,243 - scraper_base - INFO - 📦 [18/20] Processando Zenrelia
2026-08-18 20:12:08,243 - scraper_base - INFO - 🔍 Petlove: Buscando Zenrelia
2026-08-18 20:12:10,204 - scraper_base - INFO - ✅ Petlove: 4 produto(s) encontrado(s) para Zenrelia
2026-08-18 20:12:12,078 - scraper_base - INFO - 📦 [19/20] Processando Synulox
2026-08-18 20:12:12,078 - scraper_base - INFO - 🔍 Petlove: Buscando Synulox
2026-08-18 20:12:12,747 - scraper_base - INFO - ✅ Petlove: 1 produto(s) encontrado(s) para Synulox
2026-08-18 20:12:14,503 - scraper_base - INFO - 📦 [20/20] Processando Baytril
2026-08-18 20:12:14,503 - scraper_base - INFO - 🔍 Petlove: Buscando Baytril
2026-08-18 20:12:15,354 - scraper_base - INFO - ✅ Petlove: 6 produto(s) encontrado(s) para Baytril
2026-08-18 20:12:18,289 - scraper_base - INFO - 📊 Petlove - Estatísticas finais:
2026-08-18 20:12:18,289 - scraper_base - INFO -    • Medicamentos processados: 20
2026-08-18 20:12:18,289 - scraper_base - INFO -    • Produtos encontrados: 249
2026-08-18 20:12:18,290 - scraper_base - INFO -    • Medicamentos sem resultado: 0
2026-08-18 20:12:18,290 - scraper_base - INFO -    • Tempo total: 59.5s
2026-08-18 20:12:18,290 - scraper_base - INFO -    • Tempo médio por medicamento: 3.0s
2026-08-18 20:12:18,338 - gerenciador_arquivos - INFO - Excel salvo: dados_coletados/petlove_20260818_201218.xlsx (249 produtos)
2026-08-18 20:12:18,338 - gerenciador_principal - INFO - Petlove: Arquivo individual salvo com sucesso
2026-08-18 20:12:18,338 - gerenciador_principal - INFO - Pausando entre sites...
2026-08-18 20:12:20,338 - gerenciador_principal - INFO - [3/3] Processando Petz
2026-08-18 20:12:20,339 - scraper_base - INFO - 🚀 Iniciando scraping completo - Petz
2026-08-18 20:12:20,586 - scraper_base - INFO - 📋 20 medicamentos para processar
2026-08-18 20:12:20,586 - scraper_base - INFO - 📦 [1/20] Processando Simparic
2026-08-18 20:12:20,586 - scraper_base - INFO - 🔍 Petz: Buscando Simparic
2026-08-18 20:12:29,406 - gerenciador_conexoes - INFO - Chrome inicializado com otimizacoes de velocidade
2026-08-18 20:12:34,524 - scraper_petz - INFO - Petz: Nenhum product-card encontrado para Simparic
2026-08-18 20:12:34,524 - scraper_base - INFO - ⚪ Petz: Nenhum produto encontrado para Simparic
2026-08-18 20:12:37,288 - scraper_base - INFO - 📦 [2/20] Processando Revolution
2026-08-18 20:12:37,289 - scraper_base - INFO - 🔍 Petz: Buscando Revolution
2026-08-18 20:12:40,999 - scraper_petz - INFO - Petz: Nenhum product-card encontrado para Revolution
2026-08-18 20:12:40,999 - scraper_base - INFO - ⚪ Petz: Nenhum produto encontrado para Revolution
2026-08-18 20:12:43,536 - scraper_base - INFO - 📦 [3/20] Processando NexGard
2026-08-18 20:12:43,537 - scraper_base - INFO - 🔍 Petz: Buscando NexGard
2026-08-18 20:12:46,745 - scraper_petz - INFO - Petz: Nenhum product-card encontrado para NexGard
2026-08-18 20:12:46,745 - scraper_base - INFO - ⚪ Petz: Nenhum produto encontrado para NexGard
2026-08-18 20:12:49,293 - scraper_base - INFO - 📦 [4/20] Processando NexGard Spectra
2026-08-18 20:12:49,293 - scraper_base - INFO - 🔍 Petz: Buscando NexGard Spectra
2026-08-18 20:12:52,100 - scraper_petz - INFO - Petz: Nenhum product-card encontrado para NexGard Spectra
2026-08-18 20:12:52,101 - scraper_base - INFO - ⚪ Petz: Nenhum produto encontrado para NexGard Spectra
2026-08-18 20:12:54,903 - scraper_base - INFO - 📦 [5/20] Processando NexGard Combo
2026-08-18 20:12:54,903 - scraper_base - INFO - 🔍 Petz: Buscando NexGard Combo
2026-08-18 20:12:57,003 - scraper_petz - INFO - Petz: Nenhum product-card encontrado para NexGard Combo
2026-08-18 20:12:57,003 - scraper_base - INFO - ⚪ Petz: Nenhum produto encontrado para NexGard Combo
2026-08-18 20:12:58,401 - scraper_base - INFO - 📦 [6/20] Processando Bravecto
2026-08-18 20:12:58,401 - scraper_base - INFO - 🔍 Petz: Buscando Bravecto
2026-08-18 20:13:00,954 - scraper_petz - INFO - Petz: Nenhum product-card encontrado para Bravecto
2026-08-18 20:13:00,954 - scraper_base - INFO - ⚪ Petz: Nenhum produto encontrado para Bravecto
2026-08-18 20:13:03,924 - scraper_base - INFO - 📦 [7/20] Processando Frontline
2026-08-18 20:13:03,925 - scraper_base - INFO - 🔍 Petz: Buscando Frontline
2026-08-18 20:13:06,323 - scraper_petz - INFO - Petz: Nenhum product-card encontrado para Frontline
2026-08-18 20:13:06,323 - scraper_base - INFO - ⚪ Petz: Nenhum produto encontrado para Frontline
2026-08-18 20:13:08,322 - scraper_base - INFO - 📦 [8/20] Processando Advocate
2026-08-18 20:13:08,323 - scraper_base - INFO - 🔍 Petz: Buscando Advocate
2026-08-18 20:13:11,006 - scraper_petz - INFO - Petz: Nenhum product-card encontrado para Advocate
2026-08-18 20:13:11,006 - scraper_base - INFO - ⚪ Petz: Nenhum produto encontrado para Advocate
2026-08-18 20:13:13,202 - scraper_base - INFO - 📦 [9/20] Processando Drontal
2026-08-18 20:13:13,202 - scraper_base - INFO - 🔍 Petz: Buscando Drontal
2026-08-18 20:13:16,862 - scraper_petz - INFO - Petz: Nenhum product-card encontrado para Drontal
2026-08-18 20:13:16,862 - scraper_base - INFO - ⚪ Petz: Nenhum produto encontrado para Drontal
2026-08-18 20:13:19,268 - scraper_base - INFO - 📦 [10/20] Processando Milbemax
2026-08-18 20:13:19,268 - scraper_base - INFO - 🔍 Petz: Buscando Milbemax
2026-08-18 20:13:21,631 - scraper_petz - INFO - Petz: Nenhum product-card encontrado para Milbemax
2026-08-18 20:13:21,631 - scraper_base - INFO - ⚪ Petz: Nenhum produto encontrado para Milbemax
2026-08-18 20:13:24,139 - scraper_base - INFO - 📦 [11/20] Processando Vermivet
2026-08-18 20:13:24,139 - scraper_base - INFO - 🔍 Petz: Buscando Vermivet
2026-08-18 20:13:26,723 - scraper_petz - INFO - Petz: Nenhum product-card encontrado para Vermivet
2026-08-18 20:13:26,723 - scraper_base - INFO - ⚪ Petz: Nenhum produto encontrado para Vermivet
2026-08-18 20:13:29,206 - scraper_base - INFO - 📦 [12/20] Processando Rimadyl
2026-08-18 20:13:29,206 - scraper_base - INFO - 🔍 Petz: Buscando Rimadyl
2026-08-18 20:13:31,614 - scraper_petz - INFO - Petz: Nenhum product-card encontrado para Rimadyl
2026-08-18 20:13:31,614 - scraper_base - INFO - ⚪ Petz: Nenhum produto encontrado para Rimadyl
2026-08-18 20:13:33,101 - scraper_base - INFO - 📦 [13/20] Processando Onsior
2026-08-18 20:13:33,101 - scraper_base - INFO - 🔍 Petz: Buscando Onsior
2026-08-18 20:13:36,427 - scraper_petz - INFO - Petz: Nenhum product-card encontrado para Onsior
2026-08-18 20:13:36,427 - scraper_base - INFO - ⚪ Petz: Nenhum produto encontrado para Onsior
2026-08-18 20:13:38,161 - scraper_base - INFO - 📦 [14/20] Processando Maxicam
2026-08-18 20:13:38,161 - scraper_base - INFO - 🔍 Petz: Buscando Maxicam
2026-08-18 20:13:41,569 - scraper_petz - INFO - Petz: Nenhum product-card encontrado para Maxicam
2026-08-18 20:13:41,569 - scraper_base - INFO - ⚪ Petz: Nenhum produto encontrado para Maxicam
2026-08-18 20:13:43,566 - scraper_base - INFO - 📦 [15/20] Processando Carproflan
2026-08-18 20:13:43,566 - scraper_base - INFO - 🔍 Petz: Buscando Carproflan
2026-08-18 20:13:46,063 - scraper_petz - INFO - Petz: Nenhum product-card encontrado para Carproflan
2026-08-18 20:13:46,063 - scraper_base - INFO - ⚪ Petz: Nenhum produto encontrado para Carproflan
2026-08-18 20:13:47,820 - scraper_base - INFO - 📦 [16/20] Processando Previcox
2026-08-18 20:13:47,820 - scraper_base - INFO - 🔍 Petz: Buscando Previcox
2026-08-18 20:13:50,489 - scraper_petz - INFO - Petz: Nenhum product-card encontrado para Previcox
2026-08-18 20:13:50,489 - scraper_base - INFO - ⚪ Petz: Nenhum produto encontrado para Previcox
2026-08-18 20:13:53,174 - scraper_base - INFO - 📦 [17/20] Processando Apoquel
2026-08-18 20:13:53,174 - scraper_base - INFO - 🔍 Petz: Buscando Apoquel
2026-08-18 20:13:55,200 - scraper_petz - INFO - Petz: Nenhum product-card encontrado para Apoquel
2026-08-18 20:13:55,201 - scraper_base - INFO - ⚪ Petz: Nenhum produto encontrado para Apoquel
2026-08-18 20:13:57,164 - scraper_base - INFO - 📦 [18/20] Processando Zenrelia
2026-08-18 20:13:57,164 - scraper_base - INFO - 🔍 Petz: Buscando Zenrelia
2026-08-18 20:13:59,264 - scraper_petz - INFO - Petz: Nenhum product-card encontrado para Zenrelia
2026-08-18 20:13:59,264 - scraper_base - INFO - ⚪ Petz: Nenhum produto encontrado para Zenrelia
2026-08-18 20:14:00,411 - scraper_base - INFO - 📦 [19/20] Processando Synulox
2026-08-18 20:14:00,411 - scraper_base - INFO - 🔍 Petz: Buscando Synulox
2026-08-18 20:14:02,500 - scraper_petz - INFO - Petz: Nenhum product-card encontrado para Synulox
2026-08-18 20:14:02,500 - scraper_base - INFO - ⚪ Petz: Nenhum produto encontrado para Synulox
2026-08-18 20:14:04,219 - scraper_base - INFO - 📦 [20/20] Processando Baytril
2026-08-18 20:14:04,219 - scraper_base - INFO - 🔍 Petz: Buscando Baytril
2026-08-18 20:14:06,811 - scraper_petz - INFO - Petz: Nenhum product-card encontrado para Baytril
2026-08-18 20:14:06,811 - scraper_base - INFO - ⚪ Petz: Nenhum produto encontrado para Baytril
2026-08-18 20:14:09,029 - scraper_base - INFO - 📊 Petz - Estatísticas finais:
2026-08-18 20:14:09,029 - scraper_base - INFO -    • Medicamentos processados: 20
2026-08-18 20:14:09,029 - scraper_base - INFO -    • Produtos encontrados: 0
2026-08-18 20:14:09,029 - scraper_base - INFO -    • Medicamentos sem resultado: 20
2026-08-18 20:14:09,029 - scraper_base - INFO -    • Tempo total: 108.7s
2026-08-18 20:14:09,029 - scraper_base - INFO -    • Tempo médio por medicamento: 5.4s
2026-08-18 20:14:09,029 - gerenciador_principal - WARNING - Petz: Nenhum produto coletado
2026-08-18 20:14:09,029 - gerenciador_principal - INFO - Gerando relatório consolidado...
2026-08-18 20:14:09,269 - gerenciador_arquivos - INFO - Relatório consolidado salvo: dados_relatorios/relatorio_consolidado_20260818_201409.xlsx
2026-08-18 20:14:09,375 - gerenciador_conexoes - INFO - Chrome fechado
2026-08-18 20:14:09,375 - gerenciador_conexoes - INFO - Métodos utilizados - Requests: 66.7%, Selenium: 33.3%, Falhas: 0.0%
2026-08-18 20:14:09,375 - gerenciador_principal - INFO - ============================================================
2026-08-18 20:14:09,375 - gerenciador_principal - INFO - RELATORIO FINAL DE EXECUÇÃO
2026-08-18 20:14:09,375 - gerenciador_principal - INFO - ============================================================
2026-08-18 20:14:09,375 - gerenciador_principal - INFO - Sites processados: 3
2026-08-18 20:14:09,375 - gerenciador_principal - INFO - Sites com sucesso: 2
2026-08-18 20:14:09,375 - gerenciador_principal - INFO - Total de produtos coletados: 407
2026-08-18 20:14:09,375 - gerenciador_principal - WARNING - Sites com falhas: Petz
2026-08-18 20:14:09,375 - gerenciador_principal - INFO - Tempo total de execução: 291.4 segundos
2026-08-18 20:14:09,375 - gerenciador_principal - INFO - Estatísticas de conexão:
2026-08-18 20:14:09,375 - gerenciador_principal - INFO -   - Requests bem-sucedidos: 66.7%
2026-08-18 20:14:09,375 - gerenciador_principal - INFO -   - Selenium fallback: 33.3%
2026-08-18 20:14:09,375 - gerenciador_principal - INFO -   - Falhas totais: 0.0%
2026-08-18 20:14:09,380 - gerenciador_principal - INFO - Arquivos salvos na pasta: dados_coletados
2026-08-18 20:14:09,380 - gerenciador_principal - INFO - Total de arquivos: 937
2026-08-18 20:14:09,380 - gerenciador_principal - INFO - ============================================================
