2026-06-16 22:03:33,726 - configurador_logs - INFO - Sistema de logs configurado com sucesso
2026-06-16 22:03:33,726 - configurador_logs - INFO - 🚀 Logs configurados para MODO PRODUÇÃO
2026-06-16 22:03:33,727 - gerenciador_principal - INFO - Inicializando sistema - Modo: PRODUCAO
2026-06-16 22:03:33,727 - gerenciador_arquivos - INFO - Pasta dados_coletados preparada
2026-06-16 22:03:33,727 - gerenciador_principal - INFO - Sistema inicializado com 3 scrapers
2026-06-16 22:03:33,727 - gerenciador_principal - INFO - ============================================================
2026-06-16 22:03:33,727 - gerenciador_principal - INFO - INICIANDO SCRAPING COMPLETO - PRODUCAO
2026-06-16 22:03:33,727 - gerenciador_principal - INFO - ============================================================
2026-06-16 22:03:33,727 - gerenciador_principal - INFO - [1/3] Processando Cobasi
2026-06-16 22:03:33,727 - scraper_base - INFO - 🚀 Iniciando scraping completo - Cobasi
2026-06-16 22:03:34,224 - gerenciador_conexoes - INFO - Sessao estabelecida com cobasi.com.br
2026-06-16 22:03:34,224 - scraper_base - INFO - 📋 20 medicamentos para processar
2026-06-16 22:03:34,225 - scraper_base - INFO - 📦 [1/20] Processando Simparic
2026-06-16 22:03:34,225 - scraper_base - INFO - 🔍 Cobasi: Buscando Simparic
2026-06-16 22:03:39,315 - scraper_cobasi - INFO - Cobasi: Dados extraídos via JSON para Simparic
2026-06-16 22:03:39,315 - scraper_base - INFO - ✅ Cobasi: 24 produto(s) encontrado(s) para Simparic
2026-06-16 22:03:40,806 - scraper_base - INFO - 📦 [2/20] Processando Revolution
2026-06-16 22:03:40,806 - scraper_base - INFO - 🔍 Cobasi: Buscando Revolution
2026-06-16 22:03:46,014 - scraper_cobasi - INFO - Cobasi: Dados extraídos via JSON para Revolution
2026-06-16 22:03:46,014 - scraper_base - INFO - ✅ Cobasi: 18 produto(s) encontrado(s) para Revolution
2026-06-16 22:03:48,698 - scraper_base - INFO - 📦 [3/20] Processando NexGard
2026-06-16 22:03:48,698 - scraper_base - INFO - 🔍 Cobasi: Buscando NexGard
2026-06-16 22:03:53,346 - scraper_cobasi - INFO - Cobasi: Dados extraídos via JSON para NexGard
2026-06-16 22:03:53,346 - scraper_base - INFO - ✅ Cobasi: 22 produto(s) encontrado(s) para NexGard
2026-06-16 22:03:55,998 - scraper_base - INFO - 📦 [4/20] Processando NexGard Spectra
2026-06-16 22:03:55,998 - scraper_base - INFO - 🔍 Cobasi: Buscando NexGard Spectra
2026-06-16 22:03:59,754 - scraper_cobasi - INFO - Cobasi: Dados extraídos via JSON para NexGard Spectra
2026-06-16 22:03:59,754 - scraper_base - INFO - ✅ Cobasi: 10 produto(s) encontrado(s) para NexGard Spectra
2026-06-16 22:04:01,446 - scraper_base - INFO - 📦 [5/20] Processando NexGard Combo
2026-06-16 22:04:01,446 - scraper_base - INFO - 🔍 Cobasi: Buscando NexGard Combo
2026-06-16 22:04:05,514 - scraper_cobasi - INFO - Cobasi: Dados extraídos via JSON para NexGard Combo
2026-06-16 22:04:05,515 - scraper_base - INFO - ✅ Cobasi: 4 produto(s) encontrado(s) para NexGard Combo
2026-06-16 22:04:07,653 - scraper_base - INFO - 📦 [6/20] Processando Bravecto
2026-06-16 22:04:07,653 - scraper_base - INFO - 🔍 Cobasi: Buscando Bravecto
2026-06-16 22:04:13,719 - scraper_cobasi - INFO - Cobasi: Dados extraídos via JSON para Bravecto
2026-06-16 22:04:13,719 - scraper_base - INFO - ✅ Cobasi: 16 produto(s) encontrado(s) para Bravecto
2026-06-16 22:04:16,237 - scraper_base - INFO - 📦 [7/20] Processando Frontline
2026-06-16 22:04:16,237 - scraper_base - INFO - 🔍 Cobasi: Buscando Frontline
2026-06-16 22:04:18,108 - scraper_cobasi - INFO - Cobasi: Dados extraídos via JSON para Frontline
2026-06-16 22:04:18,108 - scraper_base - INFO - ✅ Cobasi: 11 produto(s) encontrado(s) para Frontline
2026-06-16 22:04:20,408 - scraper_base - INFO - 📦 [8/20] Processando Advocate
2026-06-16 22:04:20,408 - scraper_base - INFO - 🔍 Cobasi: Buscando Advocate
2026-06-16 22:04:25,430 - scraper_cobasi - INFO - Cobasi: Dados extraídos via JSON para Advocate
2026-06-16 22:04:25,430 - scraper_base - INFO - ✅ Cobasi: 12 produto(s) encontrado(s) para Advocate
2026-06-16 22:04:27,135 - scraper_base - INFO - 📦 [9/20] Processando Drontal
2026-06-16 22:04:27,135 - scraper_base - INFO - 🔍 Cobasi: Buscando Drontal
2026-06-16 22:04:30,668 - scraper_cobasi - INFO - Cobasi: Dados extraídos via JSON para Drontal
2026-06-16 22:04:30,668 - scraper_base - INFO - ✅ Cobasi: 8 produto(s) encontrado(s) para Drontal
2026-06-16 22:04:31,903 - scraper_base - INFO - 📦 [10/20] Processando Milbemax
2026-06-16 22:04:31,903 - scraper_base - INFO - 🔍 Cobasi: Buscando Milbemax
2026-06-16 22:04:35,079 - scraper_cobasi - INFO - Cobasi: Dados extraídos via JSON para Milbemax
2026-06-16 22:04:35,079 - scraper_base - INFO - ✅ Cobasi: 4 produto(s) encontrado(s) para Milbemax
2026-06-16 22:04:37,630 - scraper_base - INFO - 📦 [11/20] Processando Vermivet
2026-06-16 22:04:37,630 - scraper_base - INFO - 🔍 Cobasi: Buscando Vermivet
2026-06-16 22:04:41,385 - scraper_cobasi - INFO - Cobasi: Dados extraídos via JSON para Vermivet
2026-06-16 22:04:41,385 - scraper_base - INFO - ✅ Cobasi: 5 produto(s) encontrado(s) para Vermivet
2026-06-16 22:04:43,364 - scraper_base - INFO - 📦 [12/20] Processando Rimadyl
2026-06-16 22:04:43,364 - scraper_base - INFO - 🔍 Cobasi: Buscando Rimadyl
2026-06-16 22:04:47,013 - scraper_cobasi - INFO - Cobasi: Dados extraídos via JSON para Rimadyl
2026-06-16 22:04:47,013 - scraper_base - INFO - ✅ Cobasi: 3 produto(s) encontrado(s) para Rimadyl
2026-06-16 22:04:49,242 - scraper_base - INFO - 📦 [13/20] Processando Onsior
2026-06-16 22:04:49,242 - scraper_base - INFO - 🔍 Cobasi: Buscando Onsior
2026-06-16 22:04:52,744 - scraper_cobasi - INFO - Cobasi: Dados extraídos via JSON para Onsior
2026-06-16 22:04:52,744 - scraper_base - INFO - ✅ Cobasi: 4 produto(s) encontrado(s) para Onsior
2026-06-16 22:04:55,119 - scraper_base - INFO - 📦 [14/20] Processando Maxicam
2026-06-16 22:04:55,120 - scraper_base - INFO - 🔍 Cobasi: Buscando Maxicam
2026-06-16 22:04:58,014 - scraper_cobasi - INFO - Cobasi: Dados extraídos via JSON para Maxicam
2026-06-16 22:04:58,014 - scraper_base - INFO - ✅ Cobasi: 3 produto(s) encontrado(s) para Maxicam
2026-06-16 22:04:59,538 - scraper_base - INFO - 📦 [15/20] Processando Carproflan
2026-06-16 22:04:59,538 - scraper_base - INFO - 🔍 Cobasi: Buscando Carproflan
2026-06-16 22:05:03,130 - scraper_cobasi - INFO - Cobasi: Dados extraídos via JSON para Carproflan
2026-06-16 22:05:03,130 - scraper_base - INFO - ✅ Cobasi: 3 produto(s) encontrado(s) para Carproflan
2026-06-16 22:05:05,357 - scraper_base - INFO - 📦 [16/20] Processando Previcox
2026-06-16 22:05:05,357 - scraper_base - INFO - 🔍 Cobasi: Buscando Previcox
2026-06-16 22:05:08,411 - scraper_cobasi - INFO - Cobasi: Dados extraídos via JSON para Previcox
2026-06-16 22:05:08,411 - scraper_base - INFO - ✅ Cobasi: 2 produto(s) encontrado(s) para Previcox
2026-06-16 22:05:10,398 - scraper_base - INFO - 📦 [17/20] Processando Apoquel
2026-06-16 22:05:10,398 - scraper_base - INFO - 🔍 Cobasi: Buscando Apoquel
2026-06-16 22:05:13,260 - scraper_cobasi - INFO - Cobasi: Dados extraídos via JSON para Apoquel
2026-06-16 22:05:13,260 - scraper_base - INFO - ✅ Cobasi: 3 produto(s) encontrado(s) para Apoquel
2026-06-16 22:05:14,294 - scraper_base - INFO - 📦 [18/20] Processando Zenrelia
2026-06-16 22:05:14,294 - scraper_base - INFO - 🔍 Cobasi: Buscando Zenrelia
2026-06-16 22:05:17,142 - scraper_cobasi - INFO - Cobasi: Dados extraídos via JSON para Zenrelia
2026-06-16 22:05:17,142 - scraper_base - INFO - ✅ Cobasi: 3 produto(s) encontrado(s) para Zenrelia
2026-06-16 22:05:18,797 - scraper_base - INFO - 📦 [19/20] Processando Synulox
2026-06-16 22:05:18,797 - scraper_base - INFO - 🔍 Cobasi: Buscando Synulox
2026-06-16 22:05:22,367 - scraper_cobasi - INFO - Cobasi: Dados extraídos via JSON para Synulox
2026-06-16 22:05:22,367 - scraper_base - INFO - ✅ Cobasi: 2 produto(s) encontrado(s) para Synulox
2026-06-16 22:05:24,840 - scraper_base - INFO - 📦 [20/20] Processando Baytril
2026-06-16 22:05:24,840 - scraper_base - INFO - 🔍 Cobasi: Buscando Baytril
2026-06-16 22:05:28,261 - scraper_cobasi - INFO - Cobasi: Dados extraídos via JSON para Baytril
2026-06-16 22:05:28,261 - scraper_base - INFO - ✅ Cobasi: 2 produto(s) encontrado(s) para Baytril
2026-06-16 22:05:29,480 - scraper_base - INFO - 📊 Cobasi - Estatísticas finais:
2026-06-16 22:05:29,481 - scraper_base - INFO -    • Medicamentos processados: 20
2026-06-16 22:05:29,481 - scraper_base - INFO -    • Produtos encontrados: 159
2026-06-16 22:05:29,481 - scraper_base - INFO -    • Medicamentos sem resultado: 0
2026-06-16 22:05:29,481 - scraper_base - INFO -    • Tempo total: 115.8s
2026-06-16 22:05:29,481 - scraper_base - INFO -    • Tempo médio por medicamento: 5.8s
2026-06-16 22:05:29,677 - gerenciador_arquivos - INFO - Excel salvo: dados_coletados/cobasi_20260616_220529.xlsx (159 produtos)
2026-06-16 22:05:29,677 - gerenciador_principal - INFO - Cobasi: Arquivo individual salvo com sucesso
2026-06-16 22:05:29,677 - gerenciador_principal - INFO - Pausando entre sites...
2026-06-16 22:05:31,678 - gerenciador_principal - INFO - [2/3] Processando Petlove
2026-06-16 22:05:31,678 - scraper_base - INFO - 🚀 Iniciando scraping completo - Petlove
2026-06-16 22:05:32,014 - gerenciador_conexoes - INFO - Sessao estabelecida com petlove.com.br
2026-06-16 22:05:32,014 - scraper_base - INFO - 📋 20 medicamentos para processar
2026-06-16 22:05:32,014 - scraper_base - INFO - 📦 [1/20] Processando Simparic
2026-06-16 22:05:32,015 - scraper_base - INFO - 🔍 Petlove: Buscando Simparic
2026-06-16 22:05:33,268 - scraper_base - INFO - ✅ Petlove: 36 produto(s) encontrado(s) para Simparic
2026-06-16 22:05:34,986 - scraper_base - INFO - 📦 [2/20] Processando Revolution
2026-06-16 22:05:34,986 - scraper_base - INFO - 🔍 Petlove: Buscando Revolution
2026-06-16 22:05:36,346 - scraper_base - INFO - ✅ Petlove: 20 produto(s) encontrado(s) para Revolution
2026-06-16 22:05:39,060 - scraper_base - INFO - 📦 [3/20] Processando NexGard
2026-06-16 22:05:39,060 - scraper_base - INFO - 🔍 Petlove: Buscando NexGard
2026-06-16 22:05:39,739 - scraper_base - INFO - ✅ Petlove: 11 produto(s) encontrado(s) para NexGard
2026-06-16 22:05:40,845 - scraper_base - INFO - 📦 [4/20] Processando NexGard Spectra
2026-06-16 22:05:40,845 - scraper_base - INFO - 🔍 Petlove: Buscando NexGard Spectra
2026-06-16 22:05:41,539 - scraper_base - INFO - ✅ Petlove: 5 produto(s) encontrado(s) para NexGard Spectra
2026-06-16 22:05:43,081 - scraper_base - INFO - 📦 [5/20] Processando NexGard Combo
2026-06-16 22:05:43,082 - scraper_base - INFO - 🔍 Petlove: Buscando NexGard Combo
2026-06-16 22:05:43,703 - scraper_base - INFO - ✅ Petlove: 2 produto(s) encontrado(s) para NexGard Combo
2026-06-16 22:05:46,202 - scraper_base - INFO - 📦 [6/20] Processando Bravecto
2026-06-16 22:05:46,202 - scraper_base - INFO - 🔍 Petlove: Buscando Bravecto
2026-06-16 22:05:46,937 - scraper_base - INFO - ✅ Petlove: 22 produto(s) encontrado(s) para Bravecto
2026-06-16 22:05:49,424 - scraper_base - INFO - 📦 [7/20] Processando Frontline
2026-06-16 22:05:49,424 - scraper_base - INFO - 🔍 Petlove: Buscando Frontline
2026-06-16 22:05:50,176 - scraper_base - INFO - ✅ Petlove: 11 produto(s) encontrado(s) para Frontline
2026-06-16 22:05:52,075 - scraper_base - INFO - 📦 [8/20] Processando Advocate
2026-06-16 22:05:52,075 - scraper_base - INFO - 🔍 Petlove: Buscando Advocate
2026-06-16 22:05:52,708 - scraper_base - INFO - ✅ Petlove: 9 produto(s) encontrado(s) para Advocate
2026-06-16 22:05:54,898 - scraper_base - INFO - 📦 [9/20] Processando Drontal
2026-06-16 22:05:54,898 - scraper_base - INFO - 🔍 Petlove: Buscando Drontal
2026-06-16 22:05:55,732 - scraper_base - INFO - ✅ Petlove: 36 produto(s) encontrado(s) para Drontal
2026-06-16 22:05:58,680 - scraper_base - INFO - 📦 [10/20] Processando Milbemax
2026-06-16 22:05:58,680 - scraper_base - INFO - 🔍 Petlove: Buscando Milbemax
2026-06-16 22:05:59,352 - scraper_base - INFO - ✅ Petlove: 14 produto(s) encontrado(s) para Milbemax
2026-06-16 22:06:01,171 - scraper_base - INFO - 📦 [11/20] Processando Vermivet
2026-06-16 22:06:01,171 - scraper_base - INFO - 🔍 Petlove: Buscando Vermivet
2026-06-16 22:06:02,012 - scraper_base - INFO - ✅ Petlove: 36 produto(s) encontrado(s) para Vermivet
2026-06-16 22:06:04,425 - scraper_base - INFO - 📦 [12/20] Processando Rimadyl
2026-06-16 22:06:04,426 - scraper_base - INFO - 🔍 Petlove: Buscando Rimadyl
2026-06-16 22:06:05,114 - scraper_base - INFO - ✅ Petlove: 1 produto(s) encontrado(s) para Rimadyl
2026-06-16 22:06:06,278 - scraper_base - INFO - 📦 [13/20] Processando Onsior
2026-06-16 22:06:06,278 - scraper_base - INFO - 🔍 Petlove: Buscando Onsior
2026-06-16 22:06:06,908 - scraper_base - INFO - ✅ Petlove: 4 produto(s) encontrado(s) para Onsior
2026-06-16 22:06:08,977 - scraper_base - INFO - 📦 [14/20] Processando Maxicam
2026-06-16 22:06:08,977 - scraper_base - INFO - 🔍 Petlove: Buscando Maxicam
2026-06-16 22:06:09,613 - scraper_base - INFO - ✅ Petlove: 3 produto(s) encontrado(s) para Maxicam
2026-06-16 22:06:11,721 - scraper_base - INFO - 📦 [15/20] Processando Carproflan
2026-06-16 22:06:11,721 - scraper_base - INFO - 🔍 Petlove: Buscando Carproflan
2026-06-16 22:06:12,477 - scraper_base - INFO - ✅ Petlove: 8 produto(s) encontrado(s) para Carproflan
2026-06-16 22:06:14,024 - scraper_base - INFO - 📦 [16/20] Processando Previcox
2026-06-16 22:06:14,025 - scraper_base - INFO - 🔍 Petlove: Buscando Previcox
2026-06-16 22:06:14,697 - scraper_base - INFO - ✅ Petlove: 4 produto(s) encontrado(s) para Previcox
2026-06-16 22:06:17,211 - scraper_base - INFO - 📦 [17/20] Processando Apoquel
2026-06-16 22:06:17,211 - scraper_base - INFO - 🔍 Petlove: Buscando Apoquel
2026-06-16 22:06:17,942 - scraper_base - INFO - ✅ Petlove: 16 produto(s) encontrado(s) para Apoquel
2026-06-16 22:06:19,214 - scraper_base - INFO - 📦 [18/20] Processando Zenrelia
2026-06-16 22:06:19,214 - scraper_base - INFO - 🔍 Petlove: Buscando Zenrelia
2026-06-16 22:06:19,877 - scraper_base - INFO - ✅ Petlove: 4 produto(s) encontrado(s) para Zenrelia
2026-06-16 22:06:20,943 - scraper_base - INFO - 📦 [19/20] Processando Synulox
2026-06-16 22:06:20,944 - scraper_base - INFO - 🔍 Petlove: Buscando Synulox
2026-06-16 22:06:21,946 - scraper_base - INFO - ✅ Petlove: 1 produto(s) encontrado(s) para Synulox
2026-06-16 22:06:23,329 - scraper_base - INFO - 📦 [20/20] Processando Baytril
2026-06-16 22:06:23,329 - scraper_base - INFO - 🔍 Petlove: Buscando Baytril
2026-06-16 22:06:23,940 - scraper_base - INFO - ✅ Petlove: 6 produto(s) encontrado(s) para Baytril
2026-06-16 22:06:26,829 - scraper_base - INFO - 📊 Petlove - Estatísticas finais:
2026-06-16 22:06:26,829 - scraper_base - INFO -    • Medicamentos processados: 20
2026-06-16 22:06:26,829 - scraper_base - INFO -    • Produtos encontrados: 249
2026-06-16 22:06:26,829 - scraper_base - INFO -    • Medicamentos sem resultado: 0
2026-06-16 22:06:26,829 - scraper_base - INFO -    • Tempo total: 55.2s
2026-06-16 22:06:26,829 - scraper_base - INFO -    • Tempo médio por medicamento: 2.8s
2026-06-16 22:06:26,875 - gerenciador_arquivos - INFO - Excel salvo: dados_coletados/petlove_20260616_220626.xlsx (249 produtos)
2026-06-16 22:06:26,876 - gerenciador_principal - INFO - Petlove: Arquivo individual salvo com sucesso
2026-06-16 22:06:26,876 - gerenciador_principal - INFO - Pausando entre sites...
2026-06-16 22:06:28,876 - gerenciador_principal - INFO - [3/3] Processando Petz
2026-06-16 22:06:28,876 - scraper_base - INFO - 🚀 Iniciando scraping completo - Petz
2026-06-16 22:06:29,129 - scraper_base - INFO - 📋 20 medicamentos para processar
2026-06-16 22:06:29,130 - scraper_base - INFO - 📦 [1/20] Processando Simparic
2026-06-16 22:06:29,130 - scraper_base - INFO - 🔍 Petz: Buscando Simparic
2026-06-16 22:06:38,608 - gerenciador_conexoes - INFO - Chrome inicializado com otimizacoes de velocidade
2026-06-16 22:06:44,794 - scraper_base - INFO - ✅ Petz: 24 produto(s) encontrado(s) para Simparic
2026-06-16 22:06:47,670 - scraper_base - INFO - 📦 [2/20] Processando Revolution
2026-06-16 22:06:47,670 - scraper_base - INFO - 🔍 Petz: Buscando Revolution
2026-06-16 22:06:51,290 - scraper_base - INFO - ✅ Petz: 27 produto(s) encontrado(s) para Revolution
2026-06-16 22:06:53,915 - scraper_base - INFO - 📦 [3/20] Processando NexGard
2026-06-16 22:06:53,915 - scraper_base - INFO - 🔍 Petz: Buscando NexGard
2026-06-16 22:06:56,961 - scraper_base - INFO - ✅ Petz: 22 produto(s) encontrado(s) para NexGard
2026-06-16 22:06:59,382 - scraper_base - INFO - 📦 [4/20] Processando NexGard Spectra
2026-06-16 22:06:59,382 - scraper_base - INFO - 🔍 Petz: Buscando NexGard Spectra
2026-06-16 22:07:01,889 - scraper_base - INFO - ✅ Petz: 10 produto(s) encontrado(s) para NexGard Spectra
2026-06-16 22:07:04,830 - scraper_base - INFO - 📦 [5/20] Processando NexGard Combo
2026-06-16 22:07:04,830 - scraper_base - INFO - 🔍 Petz: Buscando NexGard Combo
2026-06-16 22:07:06,610 - scraper_base - INFO - ✅ Petz: 4 produto(s) encontrado(s) para NexGard Combo
2026-06-16 22:07:07,746 - scraper_base - INFO - 📦 [6/20] Processando Bravecto
2026-06-16 22:07:07,746 - scraper_base - INFO - 🔍 Petz: Buscando Bravecto
2026-06-16 22:07:10,347 - scraper_base - INFO - ✅ Petz: 16 produto(s) encontrado(s) para Bravecto
2026-06-16 22:07:12,597 - scraper_base - INFO - 📦 [7/20] Processando Frontline
2026-06-16 22:07:12,598 - scraper_base - INFO - 🔍 Petz: Buscando Frontline
2026-06-16 22:07:14,651 - scraper_base - INFO - ✅ Petz: 11 produto(s) encontrado(s) para Frontline
2026-06-16 22:07:16,723 - scraper_base - INFO - 📦 [8/20] Processando Advocate
2026-06-16 22:07:16,723 - scraper_base - INFO - 🔍 Petz: Buscando Advocate
2026-06-16 22:07:19,289 - scraper_base - INFO - ✅ Petz: 12 produto(s) encontrado(s) para Advocate
2026-06-16 22:07:20,435 - scraper_base - INFO - 📦 [9/20] Processando Drontal
2026-06-16 22:07:20,435 - scraper_base - INFO - 🔍 Petz: Buscando Drontal
2026-06-16 22:07:23,571 - scraper_base - INFO - ✅ Petz: 40 produto(s) encontrado(s) para Drontal
2026-06-16 22:07:26,498 - scraper_base - INFO - 📦 [10/20] Processando Milbemax
2026-06-16 22:07:26,499 - scraper_base - INFO - 🔍 Petz: Buscando Milbemax
2026-06-16 22:07:28,317 - scraper_base - INFO - ✅ Petz: 4 produto(s) encontrado(s) para Milbemax
2026-06-16 22:07:30,655 - scraper_base - INFO - 📦 [11/20] Processando Vermivet
2026-06-16 22:07:30,655 - scraper_base - INFO - 🔍 Petz: Buscando Vermivet
2026-06-16 22:07:32,513 - scraper_base - INFO - ✅ Petz: 5 produto(s) encontrado(s) para Vermivet
2026-06-16 22:07:34,468 - scraper_base - INFO - 📦 [12/20] Processando Rimadyl
2026-06-16 22:07:34,468 - scraper_base - INFO - 🔍 Petz: Buscando Rimadyl
2026-06-16 22:07:36,238 - scraper_base - INFO - ✅ Petz: 3 produto(s) encontrado(s) para Rimadyl
2026-06-16 22:07:37,685 - scraper_base - INFO - 📦 [13/20] Processando Onsior
2026-06-16 22:07:37,686 - scraper_base - INFO - 🔍 Petz: Buscando Onsior
2026-06-16 22:07:39,707 - scraper_base - INFO - ✅ Petz: 4 produto(s) encontrado(s) para Onsior
2026-06-16 22:07:41,210 - scraper_base - INFO - 📦 [14/20] Processando Maxicam
2026-06-16 22:07:41,210 - scraper_base - INFO - 🔍 Petz: Buscando Maxicam
2026-06-16 22:07:44,109 - scraper_base - INFO - ✅ Petz: 30 produto(s) encontrado(s) para Maxicam
2026-06-16 22:07:46,652 - scraper_base - INFO - 📦 [15/20] Processando Carproflan
2026-06-16 22:07:46,652 - scraper_base - INFO - 🔍 Petz: Buscando Carproflan
2026-06-16 22:07:48,425 - scraper_base - INFO - ✅ Petz: 3 produto(s) encontrado(s) para Carproflan
2026-06-16 22:07:49,905 - scraper_base - INFO - 📦 [16/20] Processando Previcox
2026-06-16 22:07:49,905 - scraper_base - INFO - 🔍 Petz: Buscando Previcox
2026-06-16 22:07:51,731 - scraper_base - INFO - ✅ Petz: 2 produto(s) encontrado(s) para Previcox
2026-06-16 22:07:53,125 - scraper_base - INFO - 📦 [17/20] Processando Apoquel
2026-06-16 22:07:53,125 - scraper_base - INFO - 🔍 Petz: Buscando Apoquel
2026-06-16 22:07:55,180 - scraper_base - INFO - ✅ Petz: 3 produto(s) encontrado(s) para Apoquel
2026-06-16 22:07:57,427 - scraper_base - INFO - 📦 [18/20] Processando Zenrelia
2026-06-16 22:07:57,427 - scraper_base - INFO - 🔍 Petz: Buscando Zenrelia
2026-06-16 22:07:59,119 - scraper_base - INFO - ✅ Petz: 4 produto(s) encontrado(s) para Zenrelia
2026-06-16 22:08:01,986 - scraper_base - INFO - 📦 [19/20] Processando Synulox
2026-06-16 22:08:01,986 - scraper_base - INFO - 🔍 Petz: Buscando Synulox
2026-06-16 22:08:03,760 - scraper_base - INFO - ✅ Petz: 2 produto(s) encontrado(s) para Synulox
2026-06-16 22:08:05,637 - scraper_base - INFO - 📦 [20/20] Processando Baytril
2026-06-16 22:08:05,637 - scraper_base - INFO - 🔍 Petz: Buscando Baytril
2026-06-16 22:08:08,016 - scraper_base - INFO - ✅ Petz: 9 produto(s) encontrado(s) para Baytril
2026-06-16 22:08:10,838 - scraper_base - INFO - 📊 Petz - Estatísticas finais:
2026-06-16 22:08:10,838 - scraper_base - INFO -    • Medicamentos processados: 20
2026-06-16 22:08:10,838 - scraper_base - INFO -    • Produtos encontrados: 235
2026-06-16 22:08:10,838 - scraper_base - INFO -    • Medicamentos sem resultado: 0
2026-06-16 22:08:10,838 - scraper_base - INFO -    • Tempo total: 102.0s
2026-06-16 22:08:10,838 - scraper_base - INFO -    • Tempo médio por medicamento: 5.1s
2026-06-16 22:08:10,887 - gerenciador_arquivos - INFO - Excel salvo: dados_coletados/petz_20260616_220810.xlsx (235 produtos)
2026-06-16 22:08:10,887 - gerenciador_principal - INFO - Petz: Arquivo individual salvo com sucesso
2026-06-16 22:08:10,887 - gerenciador_principal - INFO - Gerando relatório consolidado...
2026-06-16 22:08:11,172 - gerenciador_arquivos - INFO - Relatório consolidado salvo: dados_relatorios/relatorio_consolidado_20260616_220810.xlsx
2026-06-16 22:08:11,275 - gerenciador_conexoes - INFO - Chrome fechado
2026-06-16 22:08:11,275 - gerenciador_conexoes - INFO - Métodos utilizados - Requests: 66.7%, Selenium: 33.3%, Falhas: 0.0%
2026-06-16 22:08:11,275 - gerenciador_principal - INFO - ============================================================
2026-06-16 22:08:11,275 - gerenciador_principal - INFO - RELATORIO FINAL DE EXECUÇÃO
2026-06-16 22:08:11,275 - gerenciador_principal - INFO - ============================================================
2026-06-16 22:08:11,275 - gerenciador_principal - INFO - Sites processados: 3
2026-06-16 22:08:11,275 - gerenciador_principal - INFO - Sites com sucesso: 3
2026-06-16 22:08:11,275 - gerenciador_principal - INFO - Total de produtos coletados: 643
2026-06-16 22:08:11,275 - gerenciador_principal - INFO - Tempo total de execução: 277.2 segundos
2026-06-16 22:08:11,275 - gerenciador_principal - INFO - Estatísticas de conexão:
2026-06-16 22:08:11,275 - gerenciador_principal - INFO -   - Requests bem-sucedidos: 66.7%
2026-06-16 22:08:11,275 - gerenciador_principal - INFO -   - Selenium fallback: 33.3%
2026-06-16 22:08:11,275 - gerenciador_principal - INFO -   - Falhas totais: 0.0%
2026-06-16 22:08:11,279 - gerenciador_principal - INFO - Arquivos salvos na pasta: dados_coletados
2026-06-16 22:08:11,279 - gerenciador_principal - INFO - Total de arquivos: 760
2026-06-16 22:08:11,279 - gerenciador_principal - INFO - ============================================================
