2025-12-27 20:10:22,810 - configurador_logs - INFO - Sistema de logs configurado com sucesso
2025-12-27 20:10:22,810 - configurador_logs - INFO - 🚀 Logs configurados para MODO PRODUÇÃO
2025-12-27 20:10:22,810 - gerenciador_principal - INFO - Inicializando sistema - Modo: PRODUCAO
2025-12-27 20:10:22,811 - gerenciador_arquivos - INFO - Pasta dados_coletados preparada
2025-12-27 20:10:22,811 - gerenciador_principal - INFO - Sistema inicializado com 3 scrapers
2025-12-27 20:10:22,811 - gerenciador_principal - INFO - ============================================================
2025-12-27 20:10:22,811 - gerenciador_principal - INFO - INICIANDO SCRAPING COMPLETO - PRODUCAO
2025-12-27 20:10:22,811 - gerenciador_principal - INFO - ============================================================
2025-12-27 20:10:22,811 - gerenciador_principal - INFO - [1/3] Processando Cobasi
2025-12-27 20:10:22,811 - scraper_base - INFO - 🚀 Iniciando scraping completo - Cobasi
2025-12-27 20:10:23,345 - gerenciador_conexoes - INFO - Sessao estabelecida com cobasi.com.br
2025-12-27 20:10:23,345 - scraper_base - INFO - 📋 20 medicamentos para processar
2025-12-27 20:10:23,345 - scraper_base - INFO - 📦 [1/20] Processando Simparic
2025-12-27 20:10:23,345 - scraper_base - INFO - 🔍 Cobasi: Buscando Simparic
2025-12-27 20:10:23,819 - scraper_cobasi - INFO - Cobasi: Dados extraídos via JSON para Simparic
2025-12-27 20:10:23,820 - scraper_base - INFO - ✅ Cobasi: 12 produto(s) encontrado(s) para Simparic
2025-12-27 20:10:24,881 - scraper_base - INFO - 📦 [2/20] Processando Revolution
2025-12-27 20:10:24,881 - scraper_base - INFO - 🔍 Cobasi: Buscando Revolution
2025-12-27 20:10:34,141 - scraper_cobasi - INFO - Cobasi: Dados extraídos via JSON para Revolution
2025-12-27 20:10:34,141 - scraper_base - INFO - ✅ Cobasi: 18 produto(s) encontrado(s) para Revolution
2025-12-27 20:10:35,207 - scraper_base - INFO - 📦 [3/20] Processando NexGard
2025-12-27 20:10:35,207 - scraper_base - INFO - 🔍 Cobasi: Buscando NexGard
2025-12-27 20:10:44,725 - scraper_cobasi - INFO - Cobasi: Dados extraídos via JSON para NexGard
2025-12-27 20:10:44,725 - scraper_base - INFO - ✅ Cobasi: 22 produto(s) encontrado(s) para NexGard
2025-12-27 20:10:46,386 - scraper_base - INFO - 📦 [4/20] Processando NexGard Spectra
2025-12-27 20:10:46,386 - scraper_base - INFO - 🔍 Cobasi: Buscando NexGard Spectra
2025-12-27 20:10:50,768 - scraper_cobasi - INFO - Cobasi: Dados extraídos via JSON para NexGard Spectra
2025-12-27 20:10:50,769 - scraper_base - INFO - ✅ Cobasi: 10 produto(s) encontrado(s) para NexGard Spectra
2025-12-27 20:10:53,410 - scraper_base - INFO - 📦 [5/20] Processando NexGard Combo
2025-12-27 20:10:53,410 - scraper_base - INFO - 🔍 Cobasi: Buscando NexGard Combo
2025-12-27 20:10:56,208 - scraper_cobasi - INFO - Cobasi: Dados extraídos via JSON para NexGard Combo
2025-12-27 20:10:56,208 - scraper_base - INFO - ✅ Cobasi: 4 produto(s) encontrado(s) para NexGard Combo
2025-12-27 20:10:57,497 - scraper_base - INFO - 📦 [6/20] Processando Bravecto
2025-12-27 20:10:57,497 - scraper_base - INFO - 🔍 Cobasi: Buscando Bravecto
2025-12-27 20:11:04,021 - scraper_cobasi - INFO - Cobasi: Dados extraídos via JSON para Bravecto
2025-12-27 20:11:04,021 - scraper_base - INFO - ✅ Cobasi: 16 produto(s) encontrado(s) para Bravecto
2025-12-27 20:11:06,334 - scraper_base - INFO - 📦 [7/20] Processando Frontline
2025-12-27 20:11:06,334 - scraper_base - INFO - 🔍 Cobasi: Buscando Frontline
2025-12-27 20:11:11,245 - scraper_cobasi - INFO - Cobasi: Dados extraídos via JSON para Frontline
2025-12-27 20:11:11,245 - scraper_base - INFO - ✅ Cobasi: 10 produto(s) encontrado(s) para Frontline
2025-12-27 20:11:13,488 - scraper_base - INFO - 📦 [8/20] Processando Advocate
2025-12-27 20:11:13,488 - scraper_base - INFO - 🔍 Cobasi: Buscando Advocate
2025-12-27 20:11:17,766 - scraper_cobasi - INFO - Cobasi: Dados extraídos via JSON para Advocate
2025-12-27 20:11:17,766 - scraper_base - INFO - ✅ Cobasi: 12 produto(s) encontrado(s) para Advocate
2025-12-27 20:11:19,401 - scraper_base - INFO - 📦 [9/20] Processando Drontal
2025-12-27 20:11:19,402 - scraper_base - INFO - 🔍 Cobasi: Buscando Drontal
2025-12-27 20:11:23,363 - scraper_cobasi - INFO - Cobasi: Dados extraídos via JSON para Drontal
2025-12-27 20:11:23,363 - scraper_base - INFO - ✅ Cobasi: 8 produto(s) encontrado(s) para Drontal
2025-12-27 20:11:24,525 - scraper_base - INFO - 📦 [10/20] Processando Milbemax
2025-12-27 20:11:24,525 - scraper_base - INFO - 🔍 Cobasi: Buscando Milbemax
2025-12-27 20:11:26,403 - scraper_cobasi - INFO - Cobasi: Dados extraídos via JSON para Milbemax
2025-12-27 20:11:26,403 - scraper_base - INFO - ✅ Cobasi: 4 produto(s) encontrado(s) para Milbemax
2025-12-27 20:11:28,976 - scraper_base - INFO - 📦 [11/20] Processando Vermivet
2025-12-27 20:11:28,977 - scraper_base - INFO - 🔍 Cobasi: Buscando Vermivet
2025-12-27 20:11:29,489 - scraper_cobasi - INFO - Cobasi: Dados extraídos via JSON para Vermivet
2025-12-27 20:11:29,489 - scraper_base - INFO - ✅ Cobasi: 5 produto(s) encontrado(s) para Vermivet
2025-12-27 20:11:30,968 - scraper_base - INFO - 📦 [12/20] Processando Rimadyl
2025-12-27 20:11:30,968 - scraper_base - INFO - 🔍 Cobasi: Buscando Rimadyl
2025-12-27 20:11:32,779 - scraper_cobasi - INFO - Cobasi: Dados extraídos via JSON para Rimadyl
2025-12-27 20:11:32,779 - scraper_base - INFO - ✅ Cobasi: 3 produto(s) encontrado(s) para Rimadyl
2025-12-27 20:11:35,028 - scraper_base - INFO - 📦 [13/20] Processando Onsior
2025-12-27 20:11:35,028 - scraper_base - INFO - 🔍 Cobasi: Buscando Onsior
2025-12-27 20:11:37,817 - scraper_cobasi - INFO - Cobasi: Dados extraídos via JSON para Onsior
2025-12-27 20:11:37,817 - scraper_base - INFO - ✅ Cobasi: 4 produto(s) encontrado(s) para Onsior
2025-12-27 20:11:39,319 - scraper_base - INFO - 📦 [14/20] Processando Maxicam
2025-12-27 20:11:39,320 - scraper_base - INFO - 🔍 Cobasi: Buscando Maxicam
2025-12-27 20:11:43,916 - scraper_cobasi - INFO - Cobasi: Dados extraídos via JSON para Maxicam
2025-12-27 20:11:43,916 - scraper_base - INFO - ✅ Cobasi: 20 produto(s) encontrado(s) para Maxicam
2025-12-27 20:11:46,069 - scraper_base - INFO - 📦 [15/20] Processando Carproflan
2025-12-27 20:11:46,069 - scraper_base - INFO - 🔍 Cobasi: Buscando Carproflan
2025-12-27 20:11:48,560 - scraper_cobasi - INFO - Cobasi: Dados extraídos via JSON para Carproflan
2025-12-27 20:11:48,560 - scraper_base - INFO - ✅ Cobasi: 3 produto(s) encontrado(s) para Carproflan
2025-12-27 20:11:51,042 - scraper_base - INFO - 📦 [16/20] Processando Previcox
2025-12-27 20:11:51,042 - scraper_base - INFO - 🔍 Cobasi: Buscando Previcox
2025-12-27 20:11:53,011 - scraper_cobasi - INFO - Cobasi: Dados extraídos via JSON para Previcox
2025-12-27 20:11:53,011 - scraper_base - INFO - ✅ Cobasi: 2 produto(s) encontrado(s) para Previcox
2025-12-27 20:11:55,955 - scraper_base - INFO - 📦 [17/20] Processando Apoquel
2025-12-27 20:11:55,955 - scraper_base - INFO - 🔍 Cobasi: Buscando Apoquel
2025-12-27 20:11:58,346 - scraper_cobasi - INFO - Cobasi: Dados extraídos via JSON para Apoquel
2025-12-27 20:11:58,346 - scraper_base - INFO - ✅ Cobasi: 3 produto(s) encontrado(s) para Apoquel
2025-12-27 20:12:01,326 - scraper_base - INFO - 📦 [18/20] Processando Zenrelia
2025-12-27 20:12:01,327 - scraper_base - INFO - 🔍 Cobasi: Buscando Zenrelia
2025-12-27 20:12:03,475 - scraper_cobasi - INFO - Cobasi: Dados extraídos via JSON para Zenrelia
2025-12-27 20:12:03,475 - scraper_base - INFO - ✅ Cobasi: 4 produto(s) encontrado(s) para Zenrelia
2025-12-27 20:12:05,046 - scraper_base - INFO - 📦 [19/20] Processando Synulox
2025-12-27 20:12:05,046 - scraper_base - INFO - 🔍 Cobasi: Buscando Synulox
2025-12-27 20:12:06,799 - scraper_cobasi - INFO - Cobasi: Dados extraídos via JSON para Synulox
2025-12-27 20:12:06,800 - scraper_base - INFO - ✅ Cobasi: 2 produto(s) encontrado(s) para Synulox
2025-12-27 20:12:08,296 - scraper_base - INFO - 📦 [20/20] Processando Baytril
2025-12-27 20:12:08,296 - scraper_base - INFO - 🔍 Cobasi: Buscando Baytril
2025-12-27 20:12:11,080 - scraper_cobasi - INFO - Cobasi: Dados extraídos via JSON para Baytril
2025-12-27 20:12:11,080 - scraper_base - INFO - ✅ Cobasi: 4 produto(s) encontrado(s) para Baytril
2025-12-27 20:12:12,240 - scraper_base - INFO - 📊 Cobasi - Estatísticas finais:
2025-12-27 20:12:12,240 - scraper_base - INFO -    • Medicamentos processados: 20
2025-12-27 20:12:12,241 - scraper_base - INFO -    • Produtos encontrados: 166
2025-12-27 20:12:12,241 - scraper_base - INFO -    • Medicamentos sem resultado: 0
2025-12-27 20:12:12,241 - scraper_base - INFO -    • Tempo total: 109.4s
2025-12-27 20:12:12,241 - scraper_base - INFO -    • Tempo médio por medicamento: 5.5s
2025-12-27 20:12:12,361 - gerenciador_arquivos - INFO - Excel salvo: dados_coletados/cobasi_20251227_201212.xlsx (166 produtos)
2025-12-27 20:12:12,361 - gerenciador_principal - INFO - Cobasi: Arquivo individual salvo com sucesso
2025-12-27 20:12:12,361 - gerenciador_principal - INFO - Pausando entre sites...
2025-12-27 20:12:14,361 - gerenciador_principal - INFO - [2/3] Processando Petlove
2025-12-27 20:12:14,361 - scraper_base - INFO - 🚀 Iniciando scraping completo - Petlove
2025-12-27 20:12:14,586 - scraper_base - INFO - 📋 20 medicamentos para processar
2025-12-27 20:12:14,587 - scraper_base - INFO - 📦 [1/20] Processando Simparic
2025-12-27 20:12:14,587 - scraper_base - INFO - 🔍 Petlove: Buscando Simparic
2025-12-27 20:12:15,976 - gerenciador_conexoes - INFO - Chrome inicializado com otimizacoes de velocidade
2025-12-27 20:12:18,471 - scraper_base - INFO - ✅ Petlove: 15 produto(s) encontrado(s) para Simparic
2025-12-27 20:12:20,227 - scraper_base - INFO - 📦 [2/20] Processando Revolution
2025-12-27 20:12:20,227 - scraper_base - INFO - 🔍 Petlove: Buscando Revolution
2025-12-27 20:12:21,760 - scraper_base - INFO - ✅ Petlove: 14 produto(s) encontrado(s) para Revolution
2025-12-27 20:12:24,442 - scraper_base - INFO - 📦 [3/20] Processando NexGard
2025-12-27 20:12:24,442 - scraper_base - INFO - 🔍 Petlove: Buscando NexGard
2025-12-27 20:12:25,881 - scraper_base - INFO - ✅ Petlove: 11 produto(s) encontrado(s) para NexGard
2025-12-27 20:12:28,811 - scraper_base - INFO - 📦 [4/20] Processando NexGard Spectra
2025-12-27 20:12:28,811 - scraper_base - INFO - 🔍 Petlove: Buscando NexGard Spectra
2025-12-27 20:12:29,981 - scraper_base - INFO - ✅ Petlove: 5 produto(s) encontrado(s) para NexGard Spectra
2025-12-27 20:12:32,728 - scraper_base - INFO - 📦 [5/20] Processando NexGard Combo
2025-12-27 20:12:32,728 - scraper_base - INFO - 🔍 Petlove: Buscando NexGard Combo
2025-12-27 20:12:33,772 - scraper_base - INFO - ✅ Petlove: 2 produto(s) encontrado(s) para NexGard Combo
2025-12-27 20:12:35,092 - scraper_base - INFO - 📦 [6/20] Processando Bravecto
2025-12-27 20:12:35,092 - scraper_base - INFO - 🔍 Petlove: Buscando Bravecto
2025-12-27 20:12:36,751 - scraper_base - INFO - ✅ Petlove: 23 produto(s) encontrado(s) para Bravecto
2025-12-27 20:12:39,623 - scraper_base - INFO - 📦 [7/20] Processando Frontline
2025-12-27 20:12:39,623 - scraper_base - INFO - 🔍 Petlove: Buscando Frontline
2025-12-27 20:12:42,415 - scraper_base - INFO - ✅ Petlove: 11 produto(s) encontrado(s) para Frontline
2025-12-27 20:12:43,775 - scraper_base - INFO - 📦 [8/20] Processando Advocate
2025-12-27 20:12:43,776 - scraper_base - INFO - 🔍 Petlove: Buscando Advocate
2025-12-27 20:12:45,370 - scraper_base - INFO - ✅ Petlove: 8 produto(s) encontrado(s) para Advocate
2025-12-27 20:12:46,977 - scraper_base - INFO - 📦 [9/20] Processando Drontal
2025-12-27 20:12:46,977 - scraper_base - INFO - 🔍 Petlove: Buscando Drontal
2025-12-27 20:12:48,370 - scraper_base - INFO - ✅ Petlove: 19 produto(s) encontrado(s) para Drontal
2025-12-27 20:12:49,645 - scraper_base - INFO - 📦 [10/20] Processando Milbemax
2025-12-27 20:12:49,645 - scraper_base - INFO - 🔍 Petlove: Buscando Milbemax
2025-12-27 20:12:51,037 - scraper_base - INFO - ✅ Petlove: 4 produto(s) encontrado(s) para Milbemax
2025-12-27 20:12:52,695 - scraper_base - INFO - 📦 [11/20] Processando Vermivet
2025-12-27 20:12:52,695 - scraper_base - INFO - 🔍 Petlove: Buscando Vermivet
2025-12-27 20:12:54,714 - scraper_base - INFO - ✅ Petlove: 36 produto(s) encontrado(s) para Vermivet
2025-12-27 20:12:56,970 - scraper_base - INFO - 📦 [12/20] Processando Rimadyl
2025-12-27 20:12:56,970 - scraper_base - INFO - 🔍 Petlove: Buscando Rimadyl
2025-12-27 20:12:58,427 - scraper_base - INFO - ✅ Petlove: 1 produto(s) encontrado(s) para Rimadyl
2025-12-27 20:12:59,841 - scraper_base - INFO - 📦 [13/20] Processando Onsior
2025-12-27 20:12:59,841 - scraper_base - INFO - 🔍 Petlove: Buscando Onsior
2025-12-27 20:13:01,062 - scraper_base - INFO - ✅ Petlove: 4 produto(s) encontrado(s) para Onsior
2025-12-27 20:13:03,462 - scraper_base - INFO - 📦 [14/20] Processando Maxicam
2025-12-27 20:13:03,463 - scraper_base - INFO - 🔍 Petlove: Buscando Maxicam
2025-12-27 20:13:04,887 - scraper_base - INFO - ✅ Petlove: 4 produto(s) encontrado(s) para Maxicam
2025-12-27 20:13:06,645 - scraper_base - INFO - 📦 [15/20] Processando Carproflan
2025-12-27 20:13:06,646 - scraper_base - INFO - 🔍 Petlove: Buscando Carproflan
2025-12-27 20:13:07,963 - scraper_base - INFO - ✅ Petlove: 4 produto(s) encontrado(s) para Carproflan
2025-12-27 20:13:10,058 - scraper_base - INFO - 📦 [16/20] Processando Previcox
2025-12-27 20:13:10,059 - scraper_base - INFO - 🔍 Petlove: Buscando Previcox
2025-12-27 20:13:11,272 - scraper_base - INFO - ✅ Petlove: 4 produto(s) encontrado(s) para Previcox
2025-12-27 20:13:13,505 - scraper_base - INFO - 📦 [17/20] Processando Apoquel
2025-12-27 20:13:13,505 - scraper_base - INFO - 🔍 Petlove: Buscando Apoquel
2025-12-27 20:13:14,929 - scraper_base - INFO - ✅ Petlove: 16 produto(s) encontrado(s) para Apoquel
2025-12-27 20:13:17,048 - scraper_base - INFO - 📦 [18/20] Processando Zenrelia
2025-12-27 20:13:17,048 - scraper_base - INFO - 🔍 Petlove: Buscando Zenrelia
2025-12-27 20:13:18,354 - scraper_base - INFO - ✅ Petlove: 4 produto(s) encontrado(s) para Zenrelia
2025-12-27 20:13:19,445 - scraper_base - INFO - 📦 [19/20] Processando Synulox
2025-12-27 20:13:19,445 - scraper_base - INFO - 🔍 Petlove: Buscando Synulox
2025-12-27 20:13:20,618 - scraper_base - INFO - ✅ Petlove: 1 produto(s) encontrado(s) para Synulox
2025-12-27 20:13:22,383 - scraper_base - INFO - 📦 [20/20] Processando Baytril
2025-12-27 20:13:22,383 - scraper_base - INFO - 🔍 Petlove: Buscando Baytril
2025-12-27 20:13:23,669 - scraper_base - INFO - ✅ Petlove: 4 produto(s) encontrado(s) para Baytril
2025-12-27 20:13:25,953 - scraper_base - INFO - 📊 Petlove - Estatísticas finais:
2025-12-27 20:13:25,953 - scraper_base - INFO -    • Medicamentos processados: 20
2025-12-27 20:13:25,954 - scraper_base - INFO -    • Produtos encontrados: 190
2025-12-27 20:13:25,954 - scraper_base - INFO -    • Medicamentos sem resultado: 0
2025-12-27 20:13:25,954 - scraper_base - INFO -    • Tempo total: 71.6s
2025-12-27 20:13:25,954 - scraper_base - INFO -    • Tempo médio por medicamento: 3.6s
2025-12-27 20:13:25,992 - gerenciador_arquivos - INFO - Excel salvo: dados_coletados/petlove_20251227_201325.xlsx (190 produtos)
2025-12-27 20:13:25,992 - gerenciador_principal - INFO - Petlove: Arquivo individual salvo com sucesso
2025-12-27 20:13:25,992 - gerenciador_principal - INFO - Pausando entre sites...
2025-12-27 20:13:27,992 - gerenciador_principal - INFO - [3/3] Processando Petz
2025-12-27 20:13:27,992 - scraper_base - INFO - 🚀 Iniciando scraping completo - Petz
2025-12-27 20:13:28,275 - scraper_base - INFO - 📋 20 medicamentos para processar
2025-12-27 20:13:28,276 - scraper_base - INFO - 📦 [1/20] Processando Simparic
2025-12-27 20:13:28,276 - scraper_base - INFO - 🔍 Petz: Buscando Simparic
2025-12-27 20:13:32,085 - scraper_base - INFO - ✅ Petz: 12 produto(s) encontrado(s) para Simparic
2025-12-27 20:13:34,753 - scraper_base - INFO - 📦 [2/20] Processando Revolution
2025-12-27 20:13:34,753 - scraper_base - INFO - 🔍 Petz: Buscando Revolution
2025-12-27 20:13:37,278 - scraper_base - INFO - ✅ Petz: 26 produto(s) encontrado(s) para Revolution
2025-12-27 20:13:38,705 - scraper_base - INFO - 📦 [3/20] Processando NexGard
2025-12-27 20:13:38,705 - scraper_base - INFO - 🔍 Petz: Buscando NexGard
2025-12-27 20:13:41,243 - scraper_base - INFO - ✅ Petz: 22 produto(s) encontrado(s) para NexGard
2025-12-27 20:13:42,438 - scraper_base - INFO - 📦 [4/20] Processando NexGard Spectra
2025-12-27 20:13:42,438 - scraper_base - INFO - 🔍 Petz: Buscando NexGard Spectra
2025-12-27 20:13:44,272 - scraper_base - INFO - ✅ Petz: 10 produto(s) encontrado(s) para NexGard Spectra
2025-12-27 20:13:45,827 - scraper_base - INFO - 📦 [5/20] Processando NexGard Combo
2025-12-27 20:13:45,827 - scraper_base - INFO - 🔍 Petz: Buscando NexGard Combo
2025-12-27 20:13:47,543 - scraper_base - INFO - ✅ Petz: 4 produto(s) encontrado(s) para NexGard Combo
2025-12-27 20:13:50,372 - scraper_base - INFO - 📦 [6/20] Processando Bravecto
2025-12-27 20:13:50,372 - scraper_base - INFO - 🔍 Petz: Buscando Bravecto
2025-12-27 20:13:52,537 - scraper_base - INFO - ✅ Petz: 16 produto(s) encontrado(s) para Bravecto
2025-12-27 20:13:54,912 - scraper_base - INFO - 📦 [7/20] Processando Frontline
2025-12-27 20:13:54,912 - scraper_base - INFO - 🔍 Petz: Buscando Frontline
2025-12-27 20:13:56,850 - scraper_base - INFO - ✅ Petz: 11 produto(s) encontrado(s) para Frontline
2025-12-27 20:13:58,193 - scraper_base - INFO - 📦 [8/20] Processando Advocate
2025-12-27 20:13:58,194 - scraper_base - INFO - 🔍 Petz: Buscando Advocate
2025-12-27 20:14:00,074 - scraper_base - INFO - ✅ Petz: 12 produto(s) encontrado(s) para Advocate
2025-12-27 20:14:02,115 - scraper_base - INFO - 📦 [9/20] Processando Drontal
2025-12-27 20:14:02,115 - scraper_base - INFO - 🔍 Petz: Buscando Drontal
2025-12-27 20:14:04,944 - scraper_base - INFO - ✅ Petz: 28 produto(s) encontrado(s) para Drontal
2025-12-27 20:14:07,760 - scraper_base - INFO - 📦 [10/20] Processando Milbemax
2025-12-27 20:14:07,761 - scraper_base - INFO - 🔍 Petz: Buscando Milbemax
2025-12-27 20:14:09,428 - scraper_base - INFO - ✅ Petz: 4 produto(s) encontrado(s) para Milbemax
2025-12-27 20:14:11,647 - scraper_base - INFO - 📦 [11/20] Processando Vermivet
2025-12-27 20:14:11,647 - scraper_base - INFO - 🔍 Petz: Buscando Vermivet
2025-12-27 20:14:13,544 - scraper_base - INFO - ✅ Petz: 5 produto(s) encontrado(s) para Vermivet
2025-12-27 20:14:15,585 - scraper_base - INFO - 📦 [12/20] Processando Rimadyl
2025-12-27 20:14:15,585 - scraper_base - INFO - 🔍 Petz: Buscando Rimadyl
2025-12-27 20:14:17,622 - scraper_base - INFO - ✅ Petz: 3 produto(s) encontrado(s) para Rimadyl
2025-12-27 20:14:18,866 - scraper_base - INFO - 📦 [13/20] Processando Onsior
2025-12-27 20:14:18,867 - scraper_base - INFO - 🔍 Petz: Buscando Onsior
2025-12-27 20:14:20,626 - scraper_base - INFO - ✅ Petz: 4 produto(s) encontrado(s) para Onsior
2025-12-27 20:14:22,532 - scraper_base - INFO - 📦 [14/20] Processando Maxicam
2025-12-27 20:14:22,532 - scraper_base - INFO - 🔍 Petz: Buscando Maxicam
2025-12-27 20:14:24,872 - scraper_base - INFO - ✅ Petz: 31 produto(s) encontrado(s) para Maxicam
2025-12-27 20:14:27,040 - scraper_base - INFO - 📦 [15/20] Processando Carproflan
2025-12-27 20:14:27,040 - scraper_base - INFO - 🔍 Petz: Buscando Carproflan
2025-12-27 20:14:28,629 - scraper_base - INFO - ✅ Petz: 3 produto(s) encontrado(s) para Carproflan
2025-12-27 20:14:29,763 - scraper_base - INFO - 📦 [16/20] Processando Previcox
2025-12-27 20:14:29,763 - scraper_base - INFO - 🔍 Petz: Buscando Previcox
2025-12-27 20:14:31,416 - scraper_base - INFO - ✅ Petz: 2 produto(s) encontrado(s) para Previcox
2025-12-27 20:14:33,787 - scraper_base - INFO - 📦 [17/20] Processando Apoquel
2025-12-27 20:14:33,787 - scraper_base - INFO - 🔍 Petz: Buscando Apoquel
2025-12-27 20:14:35,637 - scraper_base - INFO - ✅ Petz: 3 produto(s) encontrado(s) para Apoquel
2025-12-27 20:14:37,197 - scraper_base - INFO - 📦 [18/20] Processando Zenrelia
2025-12-27 20:14:37,198 - scraper_base - INFO - 🔍 Petz: Buscando Zenrelia
2025-12-27 20:14:38,821 - scraper_base - INFO - ✅ Petz: 4 produto(s) encontrado(s) para Zenrelia
2025-12-27 20:14:40,341 - scraper_base - INFO - 📦 [19/20] Processando Synulox
2025-12-27 20:14:40,341 - scraper_base - INFO - 🔍 Petz: Buscando Synulox
2025-12-27 20:14:42,238 - scraper_base - INFO - ✅ Petz: 2 produto(s) encontrado(s) para Synulox
2025-12-27 20:14:44,829 - scraper_base - INFO - 📦 [20/20] Processando Baytril
2025-12-27 20:14:44,829 - scraper_base - INFO - 🔍 Petz: Buscando Baytril
2025-12-27 20:14:46,895 - scraper_base - INFO - ✅ Petz: 10 produto(s) encontrado(s) para Baytril
2025-12-27 20:14:49,344 - scraper_base - INFO - 📊 Petz - Estatísticas finais:
2025-12-27 20:14:49,344 - scraper_base - INFO -    • Medicamentos processados: 20
2025-12-27 20:14:49,344 - scraper_base - INFO -    • Produtos encontrados: 212
2025-12-27 20:14:49,344 - scraper_base - INFO -    • Medicamentos sem resultado: 0
2025-12-27 20:14:49,344 - scraper_base - INFO -    • Tempo total: 81.4s
2025-12-27 20:14:49,344 - scraper_base - INFO -    • Tempo médio por medicamento: 4.1s
2025-12-27 20:14:49,387 - gerenciador_arquivos - INFO - Excel salvo: dados_coletados/petz_20251227_201449.xlsx (212 produtos)
2025-12-27 20:14:49,387 - gerenciador_principal - INFO - Petz: Arquivo individual salvo com sucesso
2025-12-27 20:14:49,387 - gerenciador_principal - INFO - Gerando relatório consolidado...
2025-12-27 20:14:49,630 - gerenciador_arquivos - INFO - Relatório consolidado salvo: dados_relatorios/relatorio_consolidado_20251227_201449.xlsx
2025-12-27 20:14:49,735 - gerenciador_conexoes - INFO - Chrome fechado
2025-12-27 20:14:49,735 - gerenciador_conexoes - INFO - Métodos utilizados - Requests: 33.3%, Selenium: 66.7%, Falhas: 0.0%
2025-12-27 20:14:49,735 - gerenciador_principal - INFO - ============================================================
2025-12-27 20:14:49,735 - gerenciador_principal - INFO - RELATORIO FINAL DE EXECUÇÃO
2025-12-27 20:14:49,735 - gerenciador_principal - INFO - ============================================================
2025-12-27 20:14:49,735 - gerenciador_principal - INFO - Sites processados: 3
2025-12-27 20:14:49,735 - gerenciador_principal - INFO - Sites com sucesso: 3
2025-12-27 20:14:49,735 - gerenciador_principal - INFO - Total de produtos coletados: 568
2025-12-27 20:14:49,735 - gerenciador_principal - INFO - Tempo total de execução: 266.6 segundos
2025-12-27 20:14:49,735 - gerenciador_principal - INFO - Estatísticas de conexão:
2025-12-27 20:14:49,735 - gerenciador_principal - INFO -   - Requests bem-sucedidos: 33.3%
2025-12-27 20:14:49,736 - gerenciador_principal - INFO -   - Selenium fallback: 66.7%
2025-12-27 20:14:49,736 - gerenciador_principal - INFO -   - Falhas totais: 0.0%
2025-12-27 20:14:49,737 - gerenciador_principal - INFO - Arquivos salvos na pasta: dados_coletados
2025-12-27 20:14:49,737 - gerenciador_principal - INFO - Total de arquivos: 268
2025-12-27 20:14:49,737 - gerenciador_principal - INFO - ============================================================
