2026-02-28 20:12:23,446 - configurador_logs - INFO - Sistema de logs configurado com sucesso
2026-02-28 20:12:23,446 - configurador_logs - INFO - 🚀 Logs configurados para MODO PRODUÇÃO
2026-02-28 20:12:23,446 - gerenciador_principal - INFO - Inicializando sistema - Modo: PRODUCAO
2026-02-28 20:12:23,446 - gerenciador_arquivos - INFO - Pasta dados_coletados preparada
2026-02-28 20:12:23,446 - gerenciador_principal - INFO - Sistema inicializado com 3 scrapers
2026-02-28 20:12:23,447 - gerenciador_principal - INFO - ============================================================
2026-02-28 20:12:23,447 - gerenciador_principal - INFO - INICIANDO SCRAPING COMPLETO - PRODUCAO
2026-02-28 20:12:23,447 - gerenciador_principal - INFO - ============================================================
2026-02-28 20:12:23,447 - gerenciador_principal - INFO - [1/3] Processando Cobasi
2026-02-28 20:12:23,447 - scraper_base - INFO - 🚀 Iniciando scraping completo - Cobasi
2026-02-28 20:12:23,913 - gerenciador_conexoes - INFO - Sessao estabelecida com cobasi.com.br
2026-02-28 20:12:23,914 - scraper_base - INFO - 📋 20 medicamentos para processar
2026-02-28 20:12:23,914 - scraper_base - INFO - 📦 [1/20] Processando Simparic
2026-02-28 20:12:23,914 - scraper_base - INFO - 🔍 Cobasi: Buscando Simparic
2026-02-28 20:12:27,942 - scraper_cobasi - INFO - Cobasi: Dados extraídos via JSON para Simparic
2026-02-28 20:12:27,942 - scraper_base - INFO - ✅ Cobasi: 12 produto(s) encontrado(s) para Simparic
2026-02-28 20:12:29,601 - scraper_base - INFO - 📦 [2/20] Processando Revolution
2026-02-28 20:12:29,601 - scraper_base - INFO - 🔍 Cobasi: Buscando Revolution
2026-02-28 20:12:35,182 - scraper_cobasi - INFO - Cobasi: Dados extraídos via JSON para Revolution
2026-02-28 20:12:35,182 - scraper_base - INFO - ✅ Cobasi: 17 produto(s) encontrado(s) para Revolution
2026-02-28 20:12:36,358 - scraper_base - INFO - 📦 [3/20] Processando NexGard
2026-02-28 20:12:36,359 - scraper_base - INFO - 🔍 Cobasi: Buscando NexGard
2026-02-28 20:12:41,035 - scraper_cobasi - INFO - Cobasi: Dados extraídos via JSON para NexGard
2026-02-28 20:12:41,036 - scraper_base - INFO - ✅ Cobasi: 22 produto(s) encontrado(s) para NexGard
2026-02-28 20:12:43,728 - scraper_base - INFO - 📦 [4/20] Processando NexGard Spectra
2026-02-28 20:12:43,728 - scraper_base - INFO - 🔍 Cobasi: Buscando NexGard Spectra
2026-02-28 20:12:47,775 - scraper_cobasi - INFO - Cobasi: Dados extraídos via JSON para NexGard Spectra
2026-02-28 20:12:47,775 - scraper_base - INFO - ✅ Cobasi: 10 produto(s) encontrado(s) para NexGard Spectra
2026-02-28 20:12:50,005 - scraper_base - INFO - 📦 [5/20] Processando NexGard Combo
2026-02-28 20:12:50,006 - scraper_base - INFO - 🔍 Cobasi: Buscando NexGard Combo
2026-02-28 20:12:53,396 - scraper_cobasi - INFO - Cobasi: Dados extraídos via JSON para NexGard Combo
2026-02-28 20:12:53,396 - scraper_base - INFO - ✅ Cobasi: 4 produto(s) encontrado(s) para NexGard Combo
2026-02-28 20:12:54,765 - scraper_base - INFO - 📦 [6/20] Processando Bravecto
2026-02-28 20:12:54,765 - scraper_base - INFO - 🔍 Cobasi: Buscando Bravecto
2026-02-28 20:12:55,256 - scraper_cobasi - INFO - Cobasi: Dados extraídos via JSON para Bravecto
2026-02-28 20:12:55,256 - scraper_base - INFO - ✅ Cobasi: 16 produto(s) encontrado(s) para Bravecto
2026-02-28 20:12:57,779 - scraper_base - INFO - 📦 [7/20] Processando Frontline
2026-02-28 20:12:57,779 - scraper_base - INFO - 🔍 Cobasi: Buscando Frontline
2026-02-28 20:13:01,475 - scraper_cobasi - INFO - Cobasi: Dados extraídos via JSON para Frontline
2026-02-28 20:13:01,475 - scraper_base - INFO - ✅ Cobasi: 11 produto(s) encontrado(s) para Frontline
2026-02-28 20:13:03,543 - scraper_base - INFO - 📦 [8/20] Processando Advocate
2026-02-28 20:13:03,543 - scraper_base - INFO - 🔍 Cobasi: Buscando Advocate
2026-02-28 20:13:07,009 - scraper_cobasi - INFO - Cobasi: Dados extraídos via JSON para Advocate
2026-02-28 20:13:07,009 - scraper_base - INFO - ✅ Cobasi: 12 produto(s) encontrado(s) para Advocate
2026-02-28 20:13:08,593 - scraper_base - INFO - 📦 [9/20] Processando Drontal
2026-02-28 20:13:08,594 - scraper_base - INFO - 🔍 Cobasi: Buscando Drontal
2026-02-28 20:13:12,292 - scraper_cobasi - INFO - Cobasi: Dados extraídos via JSON para Drontal
2026-02-28 20:13:12,293 - scraper_base - INFO - ✅ Cobasi: 8 produto(s) encontrado(s) para Drontal
2026-02-28 20:13:14,508 - scraper_base - INFO - 📦 [10/20] Processando Milbemax
2026-02-28 20:13:14,508 - scraper_base - INFO - 🔍 Cobasi: Buscando Milbemax
2026-02-28 20:13:17,269 - scraper_cobasi - INFO - Cobasi: Dados extraídos via JSON para Milbemax
2026-02-28 20:13:17,269 - scraper_base - INFO - ✅ Cobasi: 4 produto(s) encontrado(s) para Milbemax
2026-02-28 20:13:19,346 - scraper_base - INFO - 📦 [11/20] Processando Vermivet
2026-02-28 20:13:19,346 - scraper_base - INFO - 🔍 Cobasi: Buscando Vermivet
2026-02-28 20:13:22,585 - scraper_cobasi - INFO - Cobasi: Dados extraídos via JSON para Vermivet
2026-02-28 20:13:22,585 - scraper_base - INFO - ✅ Cobasi: 5 produto(s) encontrado(s) para Vermivet
2026-02-28 20:13:25,056 - scraper_base - INFO - 📦 [12/20] Processando Rimadyl
2026-02-28 20:13:25,057 - scraper_base - INFO - 🔍 Cobasi: Buscando Rimadyl
2026-02-28 20:13:27,848 - scraper_cobasi - INFO - Cobasi: Dados extraídos via JSON para Rimadyl
2026-02-28 20:13:27,848 - scraper_base - INFO - ✅ Cobasi: 3 produto(s) encontrado(s) para Rimadyl
2026-02-28 20:13:29,783 - scraper_base - INFO - 📦 [13/20] Processando Onsior
2026-02-28 20:13:29,783 - scraper_base - INFO - 🔍 Cobasi: Buscando Onsior
2026-02-28 20:13:32,747 - scraper_cobasi - INFO - Cobasi: Dados extraídos via JSON para Onsior
2026-02-28 20:13:32,747 - scraper_base - INFO - ✅ Cobasi: 4 produto(s) encontrado(s) para Onsior
2026-02-28 20:13:33,846 - scraper_base - INFO - 📦 [14/20] Processando Maxicam
2026-02-28 20:13:33,846 - scraper_base - INFO - 🔍 Cobasi: Buscando Maxicam
2026-02-28 20:13:36,768 - scraper_cobasi - INFO - Cobasi: Dados extraídos via JSON para Maxicam
2026-02-28 20:13:36,768 - scraper_base - INFO - ✅ Cobasi: 3 produto(s) encontrado(s) para Maxicam
2026-02-28 20:13:37,912 - scraper_base - INFO - 📦 [15/20] Processando Carproflan
2026-02-28 20:13:37,912 - scraper_base - INFO - 🔍 Cobasi: Buscando Carproflan
2026-02-28 20:13:40,700 - scraper_cobasi - INFO - Cobasi: Dados extraídos via JSON para Carproflan
2026-02-28 20:13:40,700 - scraper_base - INFO - ✅ Cobasi: 3 produto(s) encontrado(s) para Carproflan
2026-02-28 20:13:42,759 - scraper_base - INFO - 📦 [16/20] Processando Previcox
2026-02-28 20:13:42,760 - scraper_base - INFO - 🔍 Cobasi: Buscando Previcox
2026-02-28 20:13:46,023 - scraper_cobasi - INFO - Cobasi: Dados extraídos via JSON para Previcox
2026-02-28 20:13:46,023 - scraper_base - INFO - ✅ Cobasi: 2 produto(s) encontrado(s) para Previcox
2026-02-28 20:13:47,791 - scraper_base - INFO - 📦 [17/20] Processando Apoquel
2026-02-28 20:13:47,791 - scraper_base - INFO - 🔍 Cobasi: Buscando Apoquel
2026-02-28 20:13:51,517 - scraper_cobasi - INFO - Cobasi: Dados extraídos via JSON para Apoquel
2026-02-28 20:13:51,517 - scraper_base - INFO - ✅ Cobasi: 3 produto(s) encontrado(s) para Apoquel
2026-02-28 20:13:53,319 - scraper_base - INFO - 📦 [18/20] Processando Zenrelia
2026-02-28 20:13:53,320 - scraper_base - INFO - 🔍 Cobasi: Buscando Zenrelia
2026-02-28 20:13:56,564 - scraper_cobasi - INFO - Cobasi: Dados extraídos via JSON para Zenrelia
2026-02-28 20:13:56,565 - scraper_base - INFO - ✅ Cobasi: 4 produto(s) encontrado(s) para Zenrelia
2026-02-28 20:13:58,835 - scraper_base - INFO - 📦 [19/20] Processando Synulox
2026-02-28 20:13:58,835 - scraper_base - INFO - 🔍 Cobasi: Buscando Synulox
2026-02-28 20:14:01,460 - scraper_cobasi - INFO - Cobasi: Dados extraídos via JSON para Synulox
2026-02-28 20:14:01,460 - scraper_base - INFO - ✅ Cobasi: 2 produto(s) encontrado(s) para Synulox
2026-02-28 20:14:03,371 - scraper_base - INFO - 📦 [20/20] Processando Baytril
2026-02-28 20:14:03,371 - scraper_base - INFO - 🔍 Cobasi: Buscando Baytril
2026-02-28 20:14:06,754 - scraper_cobasi - INFO - Cobasi: Dados extraídos via JSON para Baytril
2026-02-28 20:14:06,754 - scraper_base - INFO - ✅ Cobasi: 4 produto(s) encontrado(s) para Baytril
2026-02-28 20:14:09,586 - scraper_base - INFO - 📊 Cobasi - Estatísticas finais:
2026-02-28 20:14:09,587 - scraper_base - INFO -    • Medicamentos processados: 20
2026-02-28 20:14:09,587 - scraper_base - INFO -    • Produtos encontrados: 149
2026-02-28 20:14:09,587 - scraper_base - INFO -    • Medicamentos sem resultado: 0
2026-02-28 20:14:09,587 - scraper_base - INFO -    • Tempo total: 106.1s
2026-02-28 20:14:09,587 - scraper_base - INFO -    • Tempo médio por medicamento: 5.3s
2026-02-28 20:14:09,748 - gerenciador_arquivos - INFO - Excel salvo: dados_coletados/cobasi_20260228_201409.xlsx (149 produtos)
2026-02-28 20:14:09,748 - gerenciador_principal - INFO - Cobasi: Arquivo individual salvo com sucesso
2026-02-28 20:14:09,748 - gerenciador_principal - INFO - Pausando entre sites...
2026-02-28 20:14:11,749 - gerenciador_principal - INFO - [2/3] Processando Petlove
2026-02-28 20:14:11,749 - scraper_base - INFO - 🚀 Iniciando scraping completo - Petlove
2026-02-28 20:14:11,993 - scraper_base - INFO - 📋 20 medicamentos para processar
2026-02-28 20:14:11,993 - scraper_base - INFO - 📦 [1/20] Processando Simparic
2026-02-28 20:14:11,993 - scraper_base - INFO - 🔍 Petlove: Buscando Simparic
2026-02-28 20:14:17,235 - gerenciador_conexoes - INFO - Chrome inicializado com otimizacoes de velocidade
2026-02-28 20:14:20,255 - scraper_base - INFO - ✅ Petlove: 36 produto(s) encontrado(s) para Simparic
2026-02-28 20:14:22,284 - scraper_base - INFO - 📦 [2/20] Processando Revolution
2026-02-28 20:14:22,284 - scraper_base - INFO - 🔍 Petlove: Buscando Revolution
2026-02-28 20:14:24,124 - scraper_base - INFO - ✅ Petlove: 18 produto(s) encontrado(s) para Revolution
2026-02-28 20:14:26,985 - scraper_base - INFO - 📦 [3/20] Processando NexGard
2026-02-28 20:14:26,985 - scraper_base - INFO - 🔍 Petlove: Buscando NexGard
2026-02-28 20:14:28,558 - scraper_base - INFO - ✅ Petlove: 11 produto(s) encontrado(s) para NexGard
2026-02-28 20:14:30,447 - scraper_base - INFO - 📦 [4/20] Processando NexGard Spectra
2026-02-28 20:14:30,447 - scraper_base - INFO - 🔍 Petlove: Buscando NexGard Spectra
2026-02-28 20:14:31,709 - scraper_base - INFO - ✅ Petlove: 5 produto(s) encontrado(s) para NexGard Spectra
2026-02-28 20:14:34,029 - scraper_base - INFO - 📦 [5/20] Processando NexGard Combo
2026-02-28 20:14:34,029 - scraper_base - INFO - 🔍 Petlove: Buscando NexGard Combo
2026-02-28 20:14:35,240 - scraper_base - INFO - ✅ Petlove: 2 produto(s) encontrado(s) para NexGard Combo
2026-02-28 20:14:37,435 - scraper_base - INFO - 📦 [6/20] Processando Bravecto
2026-02-28 20:14:37,435 - scraper_base - INFO - 🔍 Petlove: Buscando Bravecto
2026-02-28 20:14:39,759 - scraper_base - INFO - ✅ Petlove: 23 produto(s) encontrado(s) para Bravecto
2026-02-28 20:14:42,259 - scraper_base - INFO - 📦 [7/20] Processando Frontline
2026-02-28 20:14:42,260 - scraper_base - INFO - 🔍 Petlove: Buscando Frontline
2026-02-28 20:14:44,240 - scraper_base - INFO - ✅ Petlove: 11 produto(s) encontrado(s) para Frontline
2026-02-28 20:14:45,305 - scraper_base - INFO - 📦 [8/20] Processando Advocate
2026-02-28 20:14:45,306 - scraper_base - INFO - 🔍 Petlove: Buscando Advocate
2026-02-28 20:14:48,267 - scraper_base - INFO - ✅ Petlove: 11 produto(s) encontrado(s) para Advocate
2026-02-28 20:14:50,864 - scraper_base - INFO - 📦 [9/20] Processando Drontal
2026-02-28 20:14:50,864 - scraper_base - INFO - 🔍 Petlove: Buscando Drontal
2026-02-28 20:14:52,731 - scraper_base - INFO - ✅ Petlove: 36 produto(s) encontrado(s) para Drontal
2026-02-28 20:14:54,866 - scraper_base - INFO - 📦 [10/20] Processando Milbemax
2026-02-28 20:14:54,866 - scraper_base - INFO - 🔍 Petlove: Buscando Milbemax
2026-02-28 20:14:56,330 - scraper_base - INFO - ✅ Petlove: 14 produto(s) encontrado(s) para Milbemax
2026-02-28 20:14:57,588 - scraper_base - INFO - 📦 [11/20] Processando Vermivet
2026-02-28 20:14:57,588 - scraper_base - INFO - 🔍 Petlove: Buscando Vermivet
2026-02-28 20:14:59,384 - scraper_base - INFO - ✅ Petlove: 36 produto(s) encontrado(s) para Vermivet
2026-02-28 20:15:00,413 - scraper_base - INFO - 📦 [12/20] Processando Rimadyl
2026-02-28 20:15:00,413 - scraper_base - INFO - 🔍 Petlove: Buscando Rimadyl
2026-02-28 20:15:01,919 - scraper_base - INFO - ✅ Petlove: 1 produto(s) encontrado(s) para Rimadyl
2026-02-28 20:15:03,828 - scraper_base - INFO - 📦 [13/20] Processando Onsior
2026-02-28 20:15:03,828 - scraper_base - INFO - 🔍 Petlove: Buscando Onsior
2026-02-28 20:15:05,538 - scraper_base - INFO - ✅ Petlove: 4 produto(s) encontrado(s) para Onsior
2026-02-28 20:15:07,121 - scraper_base - INFO - 📦 [14/20] Processando Maxicam
2026-02-28 20:15:07,121 - scraper_base - INFO - 🔍 Petlove: Buscando Maxicam
2026-02-28 20:15:08,563 - scraper_base - INFO - ✅ Petlove: 3 produto(s) encontrado(s) para Maxicam
2026-02-28 20:15:10,119 - scraper_base - INFO - 📦 [15/20] Processando Carproflan
2026-02-28 20:15:10,119 - scraper_base - INFO - 🔍 Petlove: Buscando Carproflan
2026-02-28 20:15:11,618 - scraper_base - INFO - ✅ Petlove: 8 produto(s) encontrado(s) para Carproflan
2026-02-28 20:15:13,317 - scraper_base - INFO - 📦 [16/20] Processando Previcox
2026-02-28 20:15:13,317 - scraper_base - INFO - 🔍 Petlove: Buscando Previcox
2026-02-28 20:15:14,983 - scraper_base - INFO - ✅ Petlove: 4 produto(s) encontrado(s) para Previcox
2026-02-28 20:15:16,425 - scraper_base - INFO - 📦 [17/20] Processando Apoquel
2026-02-28 20:15:16,425 - scraper_base - INFO - 🔍 Petlove: Buscando Apoquel
2026-02-28 20:15:17,912 - scraper_base - INFO - ✅ Petlove: 16 produto(s) encontrado(s) para Apoquel
2026-02-28 20:15:20,880 - scraper_base - INFO - 📦 [18/20] Processando Zenrelia
2026-02-28 20:15:20,880 - scraper_base - INFO - 🔍 Petlove: Buscando Zenrelia
2026-02-28 20:15:22,422 - scraper_base - INFO - ✅ Petlove: 4 produto(s) encontrado(s) para Zenrelia
2026-02-28 20:15:23,777 - scraper_base - INFO - 📦 [19/20] Processando Synulox
2026-02-28 20:15:23,777 - scraper_base - INFO - 🔍 Petlove: Buscando Synulox
2026-02-28 20:15:25,006 - scraper_base - INFO - ✅ Petlove: 1 produto(s) encontrado(s) para Synulox
2026-02-28 20:15:27,898 - scraper_base - INFO - 📦 [20/20] Processando Baytril
2026-02-28 20:15:27,898 - scraper_base - INFO - 🔍 Petlove: Buscando Baytril
2026-02-28 20:15:29,355 - scraper_base - INFO - ✅ Petlove: 4 produto(s) encontrado(s) para Baytril
2026-02-28 20:15:30,678 - scraper_base - INFO - 📊 Petlove - Estatísticas finais:
2026-02-28 20:15:30,678 - scraper_base - INFO -    • Medicamentos processados: 20
2026-02-28 20:15:30,678 - scraper_base - INFO -    • Produtos encontrados: 248
2026-02-28 20:15:30,678 - scraper_base - INFO -    • Medicamentos sem resultado: 0
2026-02-28 20:15:30,678 - scraper_base - INFO -    • Tempo total: 78.9s
2026-02-28 20:15:30,678 - scraper_base - INFO -    • Tempo médio por medicamento: 3.9s
2026-02-28 20:15:30,771 - gerenciador_arquivos - INFO - Excel salvo: dados_coletados/petlove_20260228_201530.xlsx (248 produtos)
2026-02-28 20:15:30,771 - gerenciador_principal - INFO - Petlove: Arquivo individual salvo com sucesso
2026-02-28 20:15:30,771 - gerenciador_principal - INFO - Pausando entre sites...
2026-02-28 20:15:32,771 - gerenciador_principal - INFO - [3/3] Processando Petz
2026-02-28 20:15:32,772 - scraper_base - INFO - 🚀 Iniciando scraping completo - Petz
2026-02-28 20:15:33,062 - scraper_base - INFO - 📋 20 medicamentos para processar
2026-02-28 20:15:33,062 - scraper_base - INFO - 📦 [1/20] Processando Simparic
2026-02-28 20:15:33,062 - scraper_base - INFO - 🔍 Petz: Buscando Simparic
2026-02-28 20:15:33,236 - scraper_petz - INFO - Petz: Nenhum product-card encontrado para Simparic
2026-02-28 20:15:33,236 - scraper_base - INFO - ⚪ Petz: Nenhum produto encontrado para Simparic
2026-02-28 20:15:36,020 - scraper_base - INFO - 📦 [2/20] Processando Revolution
2026-02-28 20:15:36,021 - scraper_base - INFO - 🔍 Petz: Buscando Revolution
2026-02-28 20:15:36,134 - scraper_petz - INFO - Petz: Nenhum product-card encontrado para Revolution
2026-02-28 20:15:36,134 - scraper_base - INFO - ⚪ Petz: Nenhum produto encontrado para Revolution
2026-02-28 20:15:37,903 - scraper_base - INFO - 📦 [3/20] Processando NexGard
2026-02-28 20:15:37,903 - scraper_base - INFO - 🔍 Petz: Buscando NexGard
2026-02-28 20:15:38,009 - scraper_petz - INFO - Petz: Nenhum product-card encontrado para NexGard
2026-02-28 20:15:38,009 - scraper_base - INFO - ⚪ Petz: Nenhum produto encontrado para NexGard
2026-02-28 20:15:39,647 - scraper_base - INFO - 📦 [4/20] Processando NexGard Spectra
2026-02-28 20:15:39,648 - scraper_base - INFO - 🔍 Petz: Buscando NexGard Spectra
2026-02-28 20:15:39,754 - scraper_petz - INFO - Petz: Nenhum product-card encontrado para NexGard Spectra
2026-02-28 20:15:39,755 - scraper_base - INFO - ⚪ Petz: Nenhum produto encontrado para NexGard Spectra
2026-02-28 20:15:41,974 - scraper_base - INFO - 📦 [5/20] Processando NexGard Combo
2026-02-28 20:15:41,974 - scraper_base - INFO - 🔍 Petz: Buscando NexGard Combo
2026-02-28 20:15:42,087 - scraper_petz - INFO - Petz: Nenhum product-card encontrado para NexGard Combo
2026-02-28 20:15:42,087 - scraper_base - INFO - ⚪ Petz: Nenhum produto encontrado para NexGard Combo
2026-02-28 20:15:44,483 - scraper_base - INFO - 📦 [6/20] Processando Bravecto
2026-02-28 20:15:44,483 - scraper_base - INFO - 🔍 Petz: Buscando Bravecto
2026-02-28 20:15:44,596 - scraper_petz - INFO - Petz: Nenhum product-card encontrado para Bravecto
2026-02-28 20:15:44,596 - scraper_base - INFO - ⚪ Petz: Nenhum produto encontrado para Bravecto
2026-02-28 20:15:46,267 - scraper_base - INFO - 📦 [7/20] Processando Frontline
2026-02-28 20:15:46,267 - scraper_base - INFO - 🔍 Petz: Buscando Frontline
2026-02-28 20:15:46,381 - scraper_petz - INFO - Petz: Nenhum product-card encontrado para Frontline
2026-02-28 20:15:46,381 - scraper_base - INFO - ⚪ Petz: Nenhum produto encontrado para Frontline
2026-02-28 20:15:48,973 - scraper_base - INFO - 📦 [8/20] Processando Advocate
2026-02-28 20:15:48,973 - scraper_base - INFO - 🔍 Petz: Buscando Advocate
2026-02-28 20:15:49,078 - scraper_petz - INFO - Petz: Nenhum product-card encontrado para Advocate
2026-02-28 20:15:49,078 - scraper_base - INFO - ⚪ Petz: Nenhum produto encontrado para Advocate
2026-02-28 20:15:50,638 - scraper_base - INFO - 📦 [9/20] Processando Drontal
2026-02-28 20:15:50,638 - scraper_base - INFO - 🔍 Petz: Buscando Drontal
2026-02-28 20:15:50,742 - scraper_petz - INFO - Petz: Nenhum product-card encontrado para Drontal
2026-02-28 20:15:50,742 - scraper_base - INFO - ⚪ Petz: Nenhum produto encontrado para Drontal
2026-02-28 20:15:53,090 - scraper_base - INFO - 📦 [10/20] Processando Milbemax
2026-02-28 20:15:53,090 - scraper_base - INFO - 🔍 Petz: Buscando Milbemax
2026-02-28 20:15:53,209 - scraper_petz - INFO - Petz: Nenhum product-card encontrado para Milbemax
2026-02-28 20:15:53,209 - scraper_base - INFO - ⚪ Petz: Nenhum produto encontrado para Milbemax
2026-02-28 20:15:55,887 - scraper_base - INFO - 📦 [11/20] Processando Vermivet
2026-02-28 20:15:55,887 - scraper_base - INFO - 🔍 Petz: Buscando Vermivet
2026-02-28 20:15:55,999 - scraper_petz - INFO - Petz: Nenhum product-card encontrado para Vermivet
2026-02-28 20:15:55,999 - scraper_base - INFO - ⚪ Petz: Nenhum produto encontrado para Vermivet
2026-02-28 20:15:58,344 - scraper_base - INFO - 📦 [12/20] Processando Rimadyl
2026-02-28 20:15:58,344 - scraper_base - INFO - 🔍 Petz: Buscando Rimadyl
2026-02-28 20:15:58,450 - scraper_petz - INFO - Petz: Nenhum product-card encontrado para Rimadyl
2026-02-28 20:15:58,450 - scraper_base - INFO - ⚪ Petz: Nenhum produto encontrado para Rimadyl
2026-02-28 20:15:59,698 - scraper_base - INFO - 📦 [13/20] Processando Onsior
2026-02-28 20:15:59,698 - scraper_base - INFO - 🔍 Petz: Buscando Onsior
2026-02-28 20:15:59,804 - scraper_petz - INFO - Petz: Nenhum product-card encontrado para Onsior
2026-02-28 20:15:59,804 - scraper_base - INFO - ⚪ Petz: Nenhum produto encontrado para Onsior
2026-02-28 20:16:01,447 - scraper_base - INFO - 📦 [14/20] Processando Maxicam
2026-02-28 20:16:01,447 - scraper_base - INFO - 🔍 Petz: Buscando Maxicam
2026-02-28 20:16:01,560 - scraper_petz - INFO - Petz: Nenhum product-card encontrado para Maxicam
2026-02-28 20:16:01,561 - scraper_base - INFO - ⚪ Petz: Nenhum produto encontrado para Maxicam
2026-02-28 20:16:03,565 - scraper_base - INFO - 📦 [15/20] Processando Carproflan
2026-02-28 20:16:03,565 - scraper_base - INFO - 🔍 Petz: Buscando Carproflan
2026-02-28 20:16:03,680 - scraper_petz - INFO - Petz: Nenhum product-card encontrado para Carproflan
2026-02-28 20:16:03,680 - scraper_base - INFO - ⚪ Petz: Nenhum produto encontrado para Carproflan
2026-02-28 20:16:05,120 - scraper_base - INFO - 📦 [16/20] Processando Previcox
2026-02-28 20:16:05,120 - scraper_base - INFO - 🔍 Petz: Buscando Previcox
2026-02-28 20:16:05,235 - scraper_petz - INFO - Petz: Nenhum product-card encontrado para Previcox
2026-02-28 20:16:05,235 - scraper_base - INFO - ⚪ Petz: Nenhum produto encontrado para Previcox
2026-02-28 20:16:06,982 - scraper_base - INFO - 📦 [17/20] Processando Apoquel
2026-02-28 20:16:06,982 - scraper_base - INFO - 🔍 Petz: Buscando Apoquel
2026-02-28 20:16:07,087 - scraper_petz - INFO - Petz: Nenhum product-card encontrado para Apoquel
2026-02-28 20:16:07,088 - scraper_base - INFO - ⚪ Petz: Nenhum produto encontrado para Apoquel
2026-02-28 20:16:09,755 - scraper_base - INFO - 📦 [18/20] Processando Zenrelia
2026-02-28 20:16:09,755 - scraper_base - INFO - 🔍 Petz: Buscando Zenrelia
2026-02-28 20:16:09,863 - scraper_petz - INFO - Petz: Nenhum product-card encontrado para Zenrelia
2026-02-28 20:16:09,863 - scraper_base - INFO - ⚪ Petz: Nenhum produto encontrado para Zenrelia
2026-02-28 20:16:12,587 - scraper_base - INFO - 📦 [19/20] Processando Synulox
2026-02-28 20:16:12,587 - scraper_base - INFO - 🔍 Petz: Buscando Synulox
2026-02-28 20:16:12,693 - scraper_petz - INFO - Petz: Nenhum product-card encontrado para Synulox
2026-02-28 20:16:12,693 - scraper_base - INFO - ⚪ Petz: Nenhum produto encontrado para Synulox
2026-02-28 20:16:15,463 - scraper_base - INFO - 📦 [20/20] Processando Baytril
2026-02-28 20:16:15,463 - scraper_base - INFO - 🔍 Petz: Buscando Baytril
2026-02-28 20:16:15,897 - scraper_petz - INFO - Petz: Nenhum product-card encontrado para Baytril
2026-02-28 20:16:15,897 - scraper_base - INFO - ⚪ Petz: Nenhum produto encontrado para Baytril
2026-02-28 20:16:17,737 - scraper_base - INFO - 📊 Petz - Estatísticas finais:
2026-02-28 20:16:17,737 - scraper_base - INFO -    • Medicamentos processados: 20
2026-02-28 20:16:17,737 - scraper_base - INFO -    • Produtos encontrados: 0
2026-02-28 20:16:17,737 - scraper_base - INFO -    • Medicamentos sem resultado: 20
2026-02-28 20:16:17,737 - scraper_base - INFO -    • Tempo total: 45.0s
2026-02-28 20:16:17,737 - scraper_base - INFO -    • Tempo médio por medicamento: 2.2s
2026-02-28 20:16:17,737 - gerenciador_principal - WARNING - Petz: Nenhum produto coletado
2026-02-28 20:16:17,737 - gerenciador_principal - INFO - Gerando relatório consolidado...
2026-02-28 20:16:17,862 - gerenciador_arquivos - INFO - Relatório consolidado salvo: dados_relatorios/relatorio_consolidado_20260228_201617.xlsx
2026-02-28 20:16:17,945 - gerenciador_conexoes - INFO - Chrome fechado
2026-02-28 20:16:17,945 - gerenciador_conexoes - INFO - Métodos utilizados - Requests: 33.3%, Selenium: 66.7%, Falhas: 0.0%
2026-02-28 20:16:17,945 - gerenciador_principal - INFO - ============================================================
2026-02-28 20:16:17,945 - gerenciador_principal - INFO - RELATORIO FINAL DE EXECUÇÃO
2026-02-28 20:16:17,945 - gerenciador_principal - INFO - ============================================================
2026-02-28 20:16:17,945 - gerenciador_principal - INFO - Sites processados: 3
2026-02-28 20:16:17,945 - gerenciador_principal - INFO - Sites com sucesso: 2
2026-02-28 20:16:17,945 - gerenciador_principal - INFO - Total de produtos coletados: 397
2026-02-28 20:16:17,945 - gerenciador_principal - WARNING - Sites com falhas: Petz
2026-02-28 20:16:17,945 - gerenciador_principal - INFO - Tempo total de execução: 234.3 segundos
2026-02-28 20:16:17,945 - gerenciador_principal - INFO - Estatísticas de conexão:
2026-02-28 20:16:17,945 - gerenciador_principal - INFO -   - Requests bem-sucedidos: 33.3%
2026-02-28 20:16:17,945 - gerenciador_principal - INFO -   - Selenium fallback: 66.7%
2026-02-28 20:16:17,945 - gerenciador_principal - INFO -   - Falhas totais: 0.0%
2026-02-28 20:16:17,947 - gerenciador_principal - INFO - Arquivos salvos na pasta: dados_coletados
2026-02-28 20:16:17,947 - gerenciador_principal - INFO - Total de arquivos: 446
2026-02-28 20:16:17,947 - gerenciador_principal - INFO - ============================================================
