2026-06-07 20:57:13,898 - configurador_logs - INFO - Sistema de logs configurado com sucesso
2026-06-07 20:57:13,898 - configurador_logs - INFO - 🚀 Logs configurados para MODO PRODUÇÃO
2026-06-07 20:57:13,898 - gerenciador_principal - INFO - Inicializando sistema - Modo: PRODUCAO
2026-06-07 20:57:13,899 - gerenciador_arquivos - INFO - Pasta dados_coletados preparada
2026-06-07 20:57:13,899 - gerenciador_principal - INFO - Sistema inicializado com 3 scrapers
2026-06-07 20:57:13,899 - gerenciador_principal - INFO - ============================================================
2026-06-07 20:57:13,899 - gerenciador_principal - INFO - INICIANDO SCRAPING COMPLETO - PRODUCAO
2026-06-07 20:57:13,899 - gerenciador_principal - INFO - ============================================================
2026-06-07 20:57:13,899 - gerenciador_principal - INFO - [1/3] Processando Cobasi
2026-06-07 20:57:13,899 - scraper_base - INFO - 🚀 Iniciando scraping completo - Cobasi
2026-06-07 20:57:15,604 - gerenciador_conexoes - INFO - Sessao estabelecida com cobasi.com.br
2026-06-07 20:57:15,605 - scraper_base - INFO - 📋 20 medicamentos para processar
2026-06-07 20:57:15,605 - scraper_base - INFO - 📦 [1/20] Processando Simparic
2026-06-07 20:57:15,605 - scraper_base - INFO - 🔍 Cobasi: Buscando Simparic
2026-06-07 20:57:15,988 - scraper_cobasi - INFO - Cobasi: Dados extraídos via JSON para Simparic
2026-06-07 20:57:15,989 - scraper_base - INFO - ✅ Cobasi: 24 produto(s) encontrado(s) para Simparic
2026-06-07 20:57:18,600 - scraper_base - INFO - 📦 [2/20] Processando Revolution
2026-06-07 20:57:18,600 - scraper_base - INFO - 🔍 Cobasi: Buscando Revolution
2026-06-07 20:57:22,516 - scraper_cobasi - INFO - Cobasi: Dados extraídos via JSON para Revolution
2026-06-07 20:57:22,516 - scraper_base - INFO - ✅ Cobasi: 18 produto(s) encontrado(s) para Revolution
2026-06-07 20:57:24,728 - scraper_base - INFO - 📦 [3/20] Processando NexGard
2026-06-07 20:57:24,728 - scraper_base - INFO - 🔍 Cobasi: Buscando NexGard
2026-06-07 20:57:28,245 - scraper_cobasi - INFO - Cobasi: Dados extraídos via JSON para NexGard
2026-06-07 20:57:28,245 - scraper_base - INFO - ✅ Cobasi: 22 produto(s) encontrado(s) para NexGard
2026-06-07 20:57:30,606 - scraper_base - INFO - 📦 [4/20] Processando NexGard Spectra
2026-06-07 20:57:30,606 - scraper_base - INFO - 🔍 Cobasi: Buscando NexGard Spectra
2026-06-07 20:57:33,880 - scraper_cobasi - INFO - Cobasi: Dados extraídos via JSON para NexGard Spectra
2026-06-07 20:57:33,880 - scraper_base - INFO - ✅ Cobasi: 10 produto(s) encontrado(s) para NexGard Spectra
2026-06-07 20:57:36,314 - scraper_base - INFO - 📦 [5/20] Processando NexGard Combo
2026-06-07 20:57:36,315 - scraper_base - INFO - 🔍 Cobasi: Buscando NexGard Combo
2026-06-07 20:57:39,206 - scraper_cobasi - INFO - Cobasi: Dados extraídos via JSON para NexGard Combo
2026-06-07 20:57:39,206 - scraper_base - INFO - ✅ Cobasi: 4 produto(s) encontrado(s) para NexGard Combo
2026-06-07 20:57:41,238 - scraper_base - INFO - 📦 [6/20] Processando Bravecto
2026-06-07 20:57:41,238 - scraper_base - INFO - 🔍 Cobasi: Buscando Bravecto
2026-06-07 20:57:44,810 - scraper_cobasi - INFO - Cobasi: Dados extraídos via JSON para Bravecto
2026-06-07 20:57:44,810 - scraper_base - INFO - ✅ Cobasi: 16 produto(s) encontrado(s) para Bravecto
2026-06-07 20:57:46,268 - scraper_base - INFO - 📦 [7/20] Processando Frontline
2026-06-07 20:57:46,268 - scraper_base - INFO - 🔍 Cobasi: Buscando Frontline
2026-06-07 20:57:50,191 - scraper_cobasi - INFO - Cobasi: Dados extraídos via JSON para Frontline
2026-06-07 20:57:50,191 - scraper_base - INFO - ✅ Cobasi: 11 produto(s) encontrado(s) para Frontline
2026-06-07 20:57:53,067 - scraper_base - INFO - 📦 [8/20] Processando Advocate
2026-06-07 20:57:53,067 - scraper_base - INFO - 🔍 Cobasi: Buscando Advocate
2026-06-07 20:57:57,252 - scraper_cobasi - INFO - Cobasi: Dados extraídos via JSON para Advocate
2026-06-07 20:57:57,253 - scraper_base - INFO - ✅ Cobasi: 12 produto(s) encontrado(s) para Advocate
2026-06-07 20:57:58,503 - scraper_base - INFO - 📦 [9/20] Processando Drontal
2026-06-07 20:57:58,503 - scraper_base - INFO - 🔍 Cobasi: Buscando Drontal
2026-06-07 20:58:01,773 - scraper_cobasi - INFO - Cobasi: Dados extraídos via JSON para Drontal
2026-06-07 20:58:01,773 - scraper_base - INFO - ✅ Cobasi: 8 produto(s) encontrado(s) para Drontal
2026-06-07 20:58:03,249 - scraper_base - INFO - 📦 [10/20] Processando Milbemax
2026-06-07 20:58:03,249 - scraper_base - INFO - 🔍 Cobasi: Buscando Milbemax
2026-06-07 20:58:06,296 - scraper_cobasi - INFO - Cobasi: Dados extraídos via JSON para Milbemax
2026-06-07 20:58:06,296 - scraper_base - INFO - ✅ Cobasi: 4 produto(s) encontrado(s) para Milbemax
2026-06-07 20:58:09,183 - scraper_base - INFO - 📦 [11/20] Processando Vermivet
2026-06-07 20:58:09,183 - scraper_base - INFO - 🔍 Cobasi: Buscando Vermivet
2026-06-07 20:58:12,363 - scraper_cobasi - INFO - Cobasi: Dados extraídos via JSON para Vermivet
2026-06-07 20:58:12,363 - scraper_base - INFO - ✅ Cobasi: 5 produto(s) encontrado(s) para Vermivet
2026-06-07 20:58:13,767 - scraper_base - INFO - 📦 [12/20] Processando Rimadyl
2026-06-07 20:58:13,767 - scraper_base - INFO - 🔍 Cobasi: Buscando Rimadyl
2026-06-07 20:58:16,738 - scraper_cobasi - INFO - Cobasi: Dados extraídos via JSON para Rimadyl
2026-06-07 20:58:16,739 - scraper_base - INFO - ✅ Cobasi: 3 produto(s) encontrado(s) para Rimadyl
2026-06-07 20:58:18,323 - scraper_base - INFO - 📦 [13/20] Processando Onsior
2026-06-07 20:58:18,323 - scraper_base - INFO - 🔍 Cobasi: Buscando Onsior
2026-06-07 20:58:21,289 - scraper_cobasi - INFO - Cobasi: Dados extraídos via JSON para Onsior
2026-06-07 20:58:21,289 - scraper_base - INFO - ✅ Cobasi: 4 produto(s) encontrado(s) para Onsior
2026-06-07 20:58:24,025 - scraper_base - INFO - 📦 [14/20] Processando Maxicam
2026-06-07 20:58:24,025 - scraper_base - INFO - 🔍 Cobasi: Buscando Maxicam
2026-06-07 20:58:26,890 - scraper_cobasi - INFO - Cobasi: Dados extraídos via JSON para Maxicam
2026-06-07 20:58:26,890 - scraper_base - INFO - ✅ Cobasi: 3 produto(s) encontrado(s) para Maxicam
2026-06-07 20:58:29,283 - scraper_base - INFO - 📦 [15/20] Processando Carproflan
2026-06-07 20:58:29,283 - scraper_base - INFO - 🔍 Cobasi: Buscando Carproflan
2026-06-07 20:58:33,109 - scraper_cobasi - INFO - Cobasi: Dados extraídos via JSON para Carproflan
2026-06-07 20:58:33,109 - scraper_base - INFO - ✅ Cobasi: 3 produto(s) encontrado(s) para Carproflan
2026-06-07 20:58:35,443 - scraper_base - INFO - 📦 [16/20] Processando Previcox
2026-06-07 20:58:35,443 - scraper_base - INFO - 🔍 Cobasi: Buscando Previcox
2026-06-07 20:58:37,916 - scraper_cobasi - INFO - Cobasi: Dados extraídos via JSON para Previcox
2026-06-07 20:58:37,917 - scraper_base - INFO - ✅ Cobasi: 2 produto(s) encontrado(s) para Previcox
2026-06-07 20:58:40,524 - scraper_base - INFO - 📦 [17/20] Processando Apoquel
2026-06-07 20:58:40,524 - scraper_base - INFO - 🔍 Cobasi: Buscando Apoquel
2026-06-07 20:58:43,248 - scraper_cobasi - INFO - Cobasi: Dados extraídos via JSON para Apoquel
2026-06-07 20:58:43,248 - scraper_base - INFO - ✅ Cobasi: 3 produto(s) encontrado(s) para Apoquel
2026-06-07 20:58:46,069 - scraper_base - INFO - 📦 [18/20] Processando Zenrelia
2026-06-07 20:58:46,069 - scraper_base - INFO - 🔍 Cobasi: Buscando Zenrelia
2026-06-07 20:58:49,026 - scraper_cobasi - INFO - Cobasi: Dados extraídos via JSON para Zenrelia
2026-06-07 20:58:49,026 - scraper_base - INFO - ✅ Cobasi: 4 produto(s) encontrado(s) para Zenrelia
2026-06-07 20:58:51,963 - scraper_base - INFO - 📦 [19/20] Processando Synulox
2026-06-07 20:58:51,963 - scraper_base - INFO - 🔍 Cobasi: Buscando Synulox
2026-06-07 20:58:54,814 - scraper_cobasi - INFO - Cobasi: Dados extraídos via JSON para Synulox
2026-06-07 20:58:54,814 - scraper_base - INFO - ✅ Cobasi: 2 produto(s) encontrado(s) para Synulox
2026-06-07 20:58:56,788 - scraper_base - INFO - 📦 [20/20] Processando Baytril
2026-06-07 20:58:56,788 - scraper_base - INFO - 🔍 Cobasi: Buscando Baytril
2026-06-07 20:58:59,907 - scraper_cobasi - INFO - Cobasi: Dados extraídos via JSON para Baytril
2026-06-07 20:58:59,907 - scraper_base - INFO - ✅ Cobasi: 2 produto(s) encontrado(s) para Baytril
2026-06-07 20:59:01,068 - scraper_base - INFO - 📊 Cobasi - Estatísticas finais:
2026-06-07 20:59:01,068 - scraper_base - INFO -    • Medicamentos processados: 20
2026-06-07 20:59:01,068 - scraper_base - INFO -    • Produtos encontrados: 160
2026-06-07 20:59:01,068 - scraper_base - INFO -    • Medicamentos sem resultado: 0
2026-06-07 20:59:01,068 - scraper_base - INFO -    • Tempo total: 107.2s
2026-06-07 20:59:01,068 - scraper_base - INFO -    • Tempo médio por medicamento: 5.4s
2026-06-07 20:59:01,351 - gerenciador_arquivos - INFO - Excel salvo: dados_coletados/cobasi_20260607_205901.xlsx (160 produtos)
2026-06-07 20:59:01,352 - gerenciador_principal - INFO - Cobasi: Arquivo individual salvo com sucesso
2026-06-07 20:59:01,352 - gerenciador_principal - INFO - Pausando entre sites...
2026-06-07 20:59:03,352 - gerenciador_principal - INFO - [2/3] Processando Petlove
2026-06-07 20:59:03,352 - scraper_base - INFO - 🚀 Iniciando scraping completo - Petlove
2026-06-07 20:59:03,558 - gerenciador_conexoes - INFO - Sessao estabelecida com petlove.com.br
2026-06-07 20:59:03,558 - scraper_base - INFO - 📋 20 medicamentos para processar
2026-06-07 20:59:03,558 - scraper_base - INFO - 📦 [1/20] Processando Simparic
2026-06-07 20:59:03,558 - scraper_base - INFO - 🔍 Petlove: Buscando Simparic
2026-06-07 20:59:04,580 - scraper_base - INFO - ✅ Petlove: 36 produto(s) encontrado(s) para Simparic
2026-06-07 20:59:06,461 - scraper_base - INFO - 📦 [2/20] Processando Revolution
2026-06-07 20:59:06,461 - scraper_base - INFO - 🔍 Petlove: Buscando Revolution
2026-06-07 20:59:07,421 - scraper_base - INFO - ✅ Petlove: 20 produto(s) encontrado(s) para Revolution
2026-06-07 20:59:08,576 - scraper_base - INFO - 📦 [3/20] Processando NexGard
2026-06-07 20:59:08,576 - scraper_base - INFO - 🔍 Petlove: Buscando NexGard
2026-06-07 20:59:09,349 - scraper_base - INFO - ✅ Petlove: 11 produto(s) encontrado(s) para NexGard
2026-06-07 20:59:12,163 - scraper_base - INFO - 📦 [4/20] Processando NexGard Spectra
2026-06-07 20:59:12,163 - scraper_base - INFO - 🔍 Petlove: Buscando NexGard Spectra
2026-06-07 20:59:12,797 - scraper_base - INFO - ✅ Petlove: 5 produto(s) encontrado(s) para NexGard Spectra
2026-06-07 20:59:14,823 - scraper_base - INFO - 📦 [5/20] Processando NexGard Combo
2026-06-07 20:59:14,823 - scraper_base - INFO - 🔍 Petlove: Buscando NexGard Combo
2026-06-07 20:59:15,415 - scraper_base - INFO - ✅ Petlove: 2 produto(s) encontrado(s) para NexGard Combo
2026-06-07 20:59:17,627 - scraper_base - INFO - 📦 [6/20] Processando Bravecto
2026-06-07 20:59:17,627 - scraper_base - INFO - 🔍 Petlove: Buscando Bravecto
2026-06-07 20:59:18,382 - scraper_base - INFO - ✅ Petlove: 22 produto(s) encontrado(s) para Bravecto
2026-06-07 20:59:19,525 - scraper_base - INFO - 📦 [7/20] Processando Frontline
2026-06-07 20:59:19,525 - scraper_base - INFO - 🔍 Petlove: Buscando Frontline
2026-06-07 20:59:20,526 - scraper_base - INFO - ✅ Petlove: 11 produto(s) encontrado(s) para Frontline
2026-06-07 20:59:22,665 - scraper_base - INFO - 📦 [8/20] Processando Advocate
2026-06-07 20:59:22,665 - scraper_base - INFO - 🔍 Petlove: Buscando Advocate
2026-06-07 20:59:23,405 - scraper_base - INFO - ✅ Petlove: 9 produto(s) encontrado(s) para Advocate
2026-06-07 20:59:25,921 - scraper_base - INFO - 📦 [9/20] Processando Drontal
2026-06-07 20:59:25,921 - scraper_base - INFO - 🔍 Petlove: Buscando Drontal
2026-06-07 20:59:26,643 - scraper_base - INFO - ✅ Petlove: 36 produto(s) encontrado(s) para Drontal
2026-06-07 20:59:28,056 - scraper_base - INFO - 📦 [10/20] Processando Milbemax
2026-06-07 20:59:28,056 - scraper_base - INFO - 🔍 Petlove: Buscando Milbemax
2026-06-07 20:59:28,709 - scraper_base - INFO - ✅ Petlove: 14 produto(s) encontrado(s) para Milbemax
2026-06-07 20:59:31,707 - scraper_base - INFO - 📦 [11/20] Processando Vermivet
2026-06-07 20:59:31,707 - scraper_base - INFO - 🔍 Petlove: Buscando Vermivet
2026-06-07 20:59:32,548 - scraper_base - INFO - ✅ Petlove: 36 produto(s) encontrado(s) para Vermivet
2026-06-07 20:59:34,313 - scraper_base - INFO - 📦 [12/20] Processando Rimadyl
2026-06-07 20:59:34,313 - scraper_base - INFO - 🔍 Petlove: Buscando Rimadyl
2026-06-07 20:59:34,910 - scraper_base - INFO - ✅ Petlove: 1 produto(s) encontrado(s) para Rimadyl
2026-06-07 20:59:37,268 - scraper_base - INFO - 📦 [13/20] Processando Onsior
2026-06-07 20:59:37,268 - scraper_base - INFO - 🔍 Petlove: Buscando Onsior
2026-06-07 20:59:37,960 - scraper_base - INFO - ✅ Petlove: 4 produto(s) encontrado(s) para Onsior
2026-06-07 20:59:39,331 - scraper_base - INFO - 📦 [14/20] Processando Maxicam
2026-06-07 20:59:39,331 - scraper_base - INFO - 🔍 Petlove: Buscando Maxicam
2026-06-07 20:59:39,971 - scraper_base - INFO - ✅ Petlove: 3 produto(s) encontrado(s) para Maxicam
2026-06-07 20:59:42,021 - scraper_base - INFO - 📦 [15/20] Processando Carproflan
2026-06-07 20:59:42,021 - scraper_base - INFO - 🔍 Petlove: Buscando Carproflan
2026-06-07 20:59:42,919 - scraper_base - INFO - ✅ Petlove: 8 produto(s) encontrado(s) para Carproflan
2026-06-07 20:59:44,966 - scraper_base - INFO - 📦 [16/20] Processando Previcox
2026-06-07 20:59:44,966 - scraper_base - INFO - 🔍 Petlove: Buscando Previcox
2026-06-07 20:59:45,530 - scraper_base - INFO - ✅ Petlove: 4 produto(s) encontrado(s) para Previcox
2026-06-07 20:59:46,627 - scraper_base - INFO - 📦 [17/20] Processando Apoquel
2026-06-07 20:59:46,627 - scraper_base - INFO - 🔍 Petlove: Buscando Apoquel
2026-06-07 20:59:47,239 - scraper_base - INFO - ✅ Petlove: 16 produto(s) encontrado(s) para Apoquel
2026-06-07 20:59:48,993 - scraper_base - INFO - 📦 [18/20] Processando Zenrelia
2026-06-07 20:59:48,993 - scraper_base - INFO - 🔍 Petlove: Buscando Zenrelia
2026-06-07 20:59:49,547 - scraper_base - INFO - ✅ Petlove: 4 produto(s) encontrado(s) para Zenrelia
2026-06-07 20:59:51,620 - scraper_base - INFO - 📦 [19/20] Processando Synulox
2026-06-07 20:59:51,620 - scraper_base - INFO - 🔍 Petlove: Buscando Synulox
2026-06-07 20:59:52,304 - scraper_base - INFO - ✅ Petlove: 1 produto(s) encontrado(s) para Synulox
2026-06-07 20:59:54,740 - scraper_base - INFO - 📦 [20/20] Processando Baytril
2026-06-07 20:59:54,740 - scraper_base - INFO - 🔍 Petlove: Buscando Baytril
2026-06-07 20:59:55,326 - scraper_base - INFO - ✅ Petlove: 6 produto(s) encontrado(s) para Baytril
2026-06-07 20:59:56,563 - scraper_base - INFO - 📊 Petlove - Estatísticas finais:
2026-06-07 20:59:56,563 - scraper_base - INFO -    • Medicamentos processados: 20
2026-06-07 20:59:56,563 - scraper_base - INFO -    • Produtos encontrados: 249
2026-06-07 20:59:56,563 - scraper_base - INFO -    • Medicamentos sem resultado: 0
2026-06-07 20:59:56,563 - scraper_base - INFO -    • Tempo total: 53.2s
2026-06-07 20:59:56,563 - scraper_base - INFO -    • Tempo médio por medicamento: 2.7s
2026-06-07 20:59:56,609 - gerenciador_arquivos - INFO - Excel salvo: dados_coletados/petlove_20260607_205956.xlsx (249 produtos)
2026-06-07 20:59:56,609 - gerenciador_principal - INFO - Petlove: Arquivo individual salvo com sucesso
2026-06-07 20:59:56,609 - gerenciador_principal - INFO - Pausando entre sites...
2026-06-07 20:59:58,609 - gerenciador_principal - INFO - [3/3] Processando Petz
2026-06-07 20:59:58,610 - scraper_base - INFO - 🚀 Iniciando scraping completo - Petz
2026-06-07 20:59:58,959 - scraper_base - INFO - 📋 20 medicamentos para processar
2026-06-07 20:59:58,959 - scraper_base - INFO - 📦 [1/20] Processando Simparic
2026-06-07 20:59:58,959 - scraper_base - INFO - 🔍 Petz: Buscando Simparic
2026-06-07 21:00:07,807 - gerenciador_conexoes - INFO - Chrome inicializado com otimizacoes de velocidade
2026-06-07 21:00:14,065 - scraper_base - INFO - ✅ Petz: 24 produto(s) encontrado(s) para Simparic
2026-06-07 21:00:16,191 - scraper_base - INFO - 📦 [2/20] Processando Revolution
2026-06-07 21:00:16,191 - scraper_base - INFO - 🔍 Petz: Buscando Revolution
2026-06-07 21:00:19,833 - scraper_base - INFO - ✅ Petz: 21 produto(s) encontrado(s) para Revolution
2026-06-07 21:00:22,487 - scraper_base - INFO - 📦 [3/20] Processando NexGard
2026-06-07 21:00:22,487 - scraper_base - INFO - 🔍 Petz: Buscando NexGard
2026-06-07 21:00:25,813 - scraper_base - INFO - ✅ Petz: 22 produto(s) encontrado(s) para NexGard
2026-06-07 21:00:27,254 - scraper_base - INFO - 📦 [4/20] Processando NexGard Spectra
2026-06-07 21:00:27,254 - scraper_base - INFO - 🔍 Petz: Buscando NexGard Spectra
2026-06-07 21:00:29,576 - scraper_base - INFO - ✅ Petz: 10 produto(s) encontrado(s) para NexGard Spectra
2026-06-07 21:00:31,628 - scraper_base - INFO - 📦 [5/20] Processando NexGard Combo
2026-06-07 21:00:31,628 - scraper_base - INFO - 🔍 Petz: Buscando NexGard Combo
2026-06-07 21:00:33,906 - scraper_base - INFO - ✅ Petz: 4 produto(s) encontrado(s) para NexGard Combo
2026-06-07 21:00:36,123 - scraper_base - INFO - 📦 [6/20] Processando Bravecto
2026-06-07 21:00:36,124 - scraper_base - INFO - 🔍 Petz: Buscando Bravecto
2026-06-07 21:00:38,473 - scraper_base - INFO - ✅ Petz: 16 produto(s) encontrado(s) para Bravecto
2026-06-07 21:00:39,968 - scraper_base - INFO - 📦 [7/20] Processando Frontline
2026-06-07 21:00:39,968 - scraper_base - INFO - 🔍 Petz: Buscando Frontline
2026-06-07 21:00:42,229 - scraper_base - INFO - ✅ Petz: 11 produto(s) encontrado(s) para Frontline
2026-06-07 21:00:44,284 - scraper_base - INFO - 📦 [8/20] Processando Advocate
2026-06-07 21:00:44,284 - scraper_base - INFO - 🔍 Petz: Buscando Advocate
2026-06-07 21:00:46,800 - scraper_base - INFO - ✅ Petz: 12 produto(s) encontrado(s) para Advocate
2026-06-07 21:00:49,128 - scraper_base - INFO - 📦 [9/20] Processando Drontal
2026-06-07 21:00:49,128 - scraper_base - INFO - 🔍 Petz: Buscando Drontal
2026-06-07 21:00:52,321 - scraper_base - INFO - ✅ Petz: 34 produto(s) encontrado(s) para Drontal
2026-06-07 21:00:54,937 - scraper_base - INFO - 📦 [10/20] Processando Milbemax
2026-06-07 21:00:54,937 - scraper_base - INFO - 🔍 Petz: Buscando Milbemax
2026-06-07 21:00:56,933 - scraper_base - INFO - ✅ Petz: 4 produto(s) encontrado(s) para Milbemax
2026-06-07 21:00:58,896 - scraper_base - INFO - 📦 [11/20] Processando Vermivet
2026-06-07 21:00:58,896 - scraper_base - INFO - 🔍 Petz: Buscando Vermivet
2026-06-07 21:01:01,125 - scraper_base - INFO - ✅ Petz: 5 produto(s) encontrado(s) para Vermivet
2026-06-07 21:01:03,262 - scraper_base - INFO - 📦 [12/20] Processando Rimadyl
2026-06-07 21:01:03,262 - scraper_base - INFO - 🔍 Petz: Buscando Rimadyl
2026-06-07 21:01:05,039 - scraper_base - INFO - ✅ Petz: 3 produto(s) encontrado(s) para Rimadyl
2026-06-07 21:01:06,728 - scraper_base - INFO - 📦 [13/20] Processando Onsior
2026-06-07 21:01:06,728 - scraper_base - INFO - 🔍 Petz: Buscando Onsior
2026-06-07 21:01:09,020 - scraper_base - INFO - ✅ Petz: 4 produto(s) encontrado(s) para Onsior
2026-06-07 21:01:11,866 - scraper_base - INFO - 📦 [14/20] Processando Maxicam
2026-06-07 21:01:11,866 - scraper_base - INFO - 🔍 Petz: Buscando Maxicam
2026-06-07 21:01:15,025 - scraper_base - INFO - ✅ Petz: 30 produto(s) encontrado(s) para Maxicam
2026-06-07 21:01:16,826 - scraper_base - INFO - 📦 [15/20] Processando Carproflan
2026-06-07 21:01:16,826 - scraper_base - INFO - 🔍 Petz: Buscando Carproflan
2026-06-07 21:01:18,560 - scraper_base - INFO - ✅ Petz: 3 produto(s) encontrado(s) para Carproflan
2026-06-07 21:01:21,342 - scraper_base - INFO - 📦 [16/20] Processando Previcox
2026-06-07 21:01:21,342 - scraper_base - INFO - 🔍 Petz: Buscando Previcox
2026-06-07 21:01:23,059 - scraper_base - INFO - ✅ Petz: 2 produto(s) encontrado(s) para Previcox
2026-06-07 21:01:24,305 - scraper_base - INFO - 📦 [17/20] Processando Apoquel
2026-06-07 21:01:24,305 - scraper_base - INFO - 🔍 Petz: Buscando Apoquel
2026-06-07 21:01:25,890 - scraper_base - INFO - ✅ Petz: 3 produto(s) encontrado(s) para Apoquel
2026-06-07 21:01:27,242 - scraper_base - INFO - 📦 [18/20] Processando Zenrelia
2026-06-07 21:01:27,242 - scraper_base - INFO - 🔍 Petz: Buscando Zenrelia
2026-06-07 21:01:29,245 - scraper_base - INFO - ✅ Petz: 4 produto(s) encontrado(s) para Zenrelia
2026-06-07 21:01:30,724 - scraper_base - INFO - 📦 [19/20] Processando Synulox
2026-06-07 21:01:30,724 - scraper_base - INFO - 🔍 Petz: Buscando Synulox
2026-06-07 21:01:32,523 - scraper_base - INFO - ✅ Petz: 2 produto(s) encontrado(s) para Synulox
2026-06-07 21:01:33,694 - scraper_base - INFO - 📦 [20/20] Processando Baytril
2026-06-07 21:01:33,694 - scraper_base - INFO - 🔍 Petz: Buscando Baytril
2026-06-07 21:01:37,758 - scraper_base - INFO - ✅ Petz: 9 produto(s) encontrado(s) para Baytril
2026-06-07 21:01:39,593 - scraper_base - INFO - 📊 Petz - Estatísticas finais:
2026-06-07 21:01:39,594 - scraper_base - INFO -    • Medicamentos processados: 20
2026-06-07 21:01:39,594 - scraper_base - INFO -    • Produtos encontrados: 223
2026-06-07 21:01:39,594 - scraper_base - INFO -    • Medicamentos sem resultado: 0
2026-06-07 21:01:39,594 - scraper_base - INFO -    • Tempo total: 101.0s
2026-06-07 21:01:39,594 - scraper_base - INFO -    • Tempo médio por medicamento: 5.0s
2026-06-07 21:01:39,640 - gerenciador_arquivos - INFO - Excel salvo: dados_coletados/petz_20260607_210139.xlsx (223 produtos)
2026-06-07 21:01:39,640 - gerenciador_principal - INFO - Petz: Arquivo individual salvo com sucesso
2026-06-07 21:01:39,640 - gerenciador_principal - INFO - Gerando relatório consolidado...
2026-06-07 21:01:39,951 - gerenciador_arquivos - INFO - Relatório consolidado salvo: dados_relatorios/relatorio_consolidado_20260607_210139.xlsx
2026-06-07 21:01:40,058 - gerenciador_conexoes - INFO - Chrome fechado
2026-06-07 21:01:40,058 - gerenciador_conexoes - INFO - Métodos utilizados - Requests: 66.7%, Selenium: 33.3%, Falhas: 0.0%
2026-06-07 21:01:40,059 - gerenciador_principal - INFO - ============================================================
2026-06-07 21:01:40,059 - gerenciador_principal - INFO - RELATORIO FINAL DE EXECUÇÃO
2026-06-07 21:01:40,059 - gerenciador_principal - INFO - ============================================================
2026-06-07 21:01:40,059 - gerenciador_principal - INFO - Sites processados: 3
2026-06-07 21:01:40,059 - gerenciador_principal - INFO - Sites com sucesso: 3
2026-06-07 21:01:40,059 - gerenciador_principal - INFO - Total de produtos coletados: 632
2026-06-07 21:01:40,059 - gerenciador_principal - INFO - Tempo total de execução: 265.7 segundos
2026-06-07 21:01:40,059 - gerenciador_principal - INFO - Estatísticas de conexão:
2026-06-07 21:01:40,059 - gerenciador_principal - INFO -   - Requests bem-sucedidos: 66.7%
2026-06-07 21:01:40,059 - gerenciador_principal - INFO -   - Selenium fallback: 33.3%
2026-06-07 21:01:40,059 - gerenciador_principal - INFO -   - Falhas totais: 0.0%
2026-06-07 21:01:40,063 - gerenciador_principal - INFO - Arquivos salvos na pasta: dados_coletados
2026-06-07 21:01:40,063 - gerenciador_principal - INFO - Total de arquivos: 733
2026-06-07 21:01:40,063 - gerenciador_principal - INFO - ============================================================
