2026-06-08 21:30:19,687 - configurador_logs - INFO - Sistema de logs configurado com sucesso
2026-06-08 21:30:19,687 - configurador_logs - INFO - 🚀 Logs configurados para MODO PRODUÇÃO
2026-06-08 21:30:19,687 - gerenciador_principal - INFO - Inicializando sistema - Modo: PRODUCAO
2026-06-08 21:30:19,688 - gerenciador_arquivos - INFO - Pasta dados_coletados preparada
2026-06-08 21:30:19,688 - gerenciador_principal - INFO - Sistema inicializado com 3 scrapers
2026-06-08 21:30:19,688 - gerenciador_principal - INFO - ============================================================
2026-06-08 21:30:19,688 - gerenciador_principal - INFO - INICIANDO SCRAPING COMPLETO - PRODUCAO
2026-06-08 21:30:19,688 - gerenciador_principal - INFO - ============================================================
2026-06-08 21:30:19,688 - gerenciador_principal - INFO - [1/3] Processando Cobasi
2026-06-08 21:30:19,688 - scraper_base - INFO - 🚀 Iniciando scraping completo - Cobasi
2026-06-08 21:30:20,722 - gerenciador_conexoes - INFO - Sessao estabelecida com cobasi.com.br
2026-06-08 21:30:20,722 - scraper_base - INFO - 📋 20 medicamentos para processar
2026-06-08 21:30:20,722 - scraper_base - INFO - 📦 [1/20] Processando Simparic
2026-06-08 21:30:20,722 - scraper_base - INFO - 🔍 Cobasi: Buscando Simparic
2026-06-08 21:30:25,435 - scraper_cobasi - INFO - Cobasi: Dados extraídos via JSON para Simparic
2026-06-08 21:30:25,435 - scraper_base - INFO - ✅ Cobasi: 24 produto(s) encontrado(s) para Simparic
2026-06-08 21:30:27,061 - scraper_base - INFO - 📦 [2/20] Processando Revolution
2026-06-08 21:30:27,061 - scraper_base - INFO - 🔍 Cobasi: Buscando Revolution
2026-06-08 21:30:30,922 - scraper_cobasi - INFO - Cobasi: Dados extraídos via JSON para Revolution
2026-06-08 21:30:30,922 - scraper_base - INFO - ✅ Cobasi: 18 produto(s) encontrado(s) para Revolution
2026-06-08 21:30:32,671 - scraper_base - INFO - 📦 [3/20] Processando NexGard
2026-06-08 21:30:32,671 - scraper_base - INFO - 🔍 Cobasi: Buscando NexGard
2026-06-08 21:30:38,635 - scraper_cobasi - INFO - Cobasi: Dados extraídos via JSON para NexGard
2026-06-08 21:30:38,635 - scraper_base - INFO - ✅ Cobasi: 22 produto(s) encontrado(s) para NexGard
2026-06-08 21:30:41,051 - scraper_base - INFO - 📦 [4/20] Processando NexGard Spectra
2026-06-08 21:30:41,051 - scraper_base - INFO - 🔍 Cobasi: Buscando NexGard Spectra
2026-06-08 21:30:46,286 - scraper_cobasi - INFO - Cobasi: Dados extraídos via JSON para NexGard Spectra
2026-06-08 21:30:46,286 - scraper_base - INFO - ✅ Cobasi: 10 produto(s) encontrado(s) para NexGard Spectra
2026-06-08 21:30:49,051 - scraper_base - INFO - 📦 [5/20] Processando NexGard Combo
2026-06-08 21:30:49,051 - scraper_base - INFO - 🔍 Cobasi: Buscando NexGard Combo
2026-06-08 21:30:51,650 - scraper_cobasi - INFO - Cobasi: Dados extraídos via JSON para NexGard Combo
2026-06-08 21:30:51,650 - scraper_base - INFO - ✅ Cobasi: 4 produto(s) encontrado(s) para NexGard Combo
2026-06-08 21:30:53,045 - scraper_base - INFO - 📦 [6/20] Processando Bravecto
2026-06-08 21:30:53,045 - scraper_base - INFO - 🔍 Cobasi: Buscando Bravecto
2026-06-08 21:30:57,482 - scraper_cobasi - INFO - Cobasi: Dados extraídos via JSON para Bravecto
2026-06-08 21:30:57,482 - scraper_base - INFO - ✅ Cobasi: 16 produto(s) encontrado(s) para Bravecto
2026-06-08 21:30:59,042 - scraper_base - INFO - 📦 [7/20] Processando Frontline
2026-06-08 21:30:59,042 - scraper_base - INFO - 🔍 Cobasi: Buscando Frontline
2026-06-08 21:31:03,362 - scraper_cobasi - INFO - Cobasi: Dados extraídos via JSON para Frontline
2026-06-08 21:31:03,362 - scraper_base - INFO - ✅ Cobasi: 11 produto(s) encontrado(s) para Frontline
2026-06-08 21:31:04,735 - scraper_base - INFO - 📦 [8/20] Processando Advocate
2026-06-08 21:31:04,735 - scraper_base - INFO - 🔍 Cobasi: Buscando Advocate
2026-06-08 21:31:07,725 - scraper_cobasi - INFO - Cobasi: Dados extraídos via JSON para Advocate
2026-06-08 21:31:07,726 - scraper_base - INFO - ✅ Cobasi: 12 produto(s) encontrado(s) para Advocate
2026-06-08 21:31:09,685 - scraper_base - INFO - 📦 [9/20] Processando Drontal
2026-06-08 21:31:09,685 - scraper_base - INFO - 🔍 Cobasi: Buscando Drontal
2026-06-08 21:31:12,920 - scraper_cobasi - INFO - Cobasi: Dados extraídos via JSON para Drontal
2026-06-08 21:31:12,920 - scraper_base - INFO - ✅ Cobasi: 8 produto(s) encontrado(s) para Drontal
2026-06-08 21:31:14,655 - scraper_base - INFO - 📦 [10/20] Processando Milbemax
2026-06-08 21:31:14,655 - scraper_base - INFO - 🔍 Cobasi: Buscando Milbemax
2026-06-08 21:31:17,564 - scraper_cobasi - INFO - Cobasi: Dados extraídos via JSON para Milbemax
2026-06-08 21:31:17,564 - scraper_base - INFO - ✅ Cobasi: 4 produto(s) encontrado(s) para Milbemax
2026-06-08 21:31:19,874 - scraper_base - INFO - 📦 [11/20] Processando Vermivet
2026-06-08 21:31:19,874 - scraper_base - INFO - 🔍 Cobasi: Buscando Vermivet
2026-06-08 21:31:23,543 - scraper_cobasi - INFO - Cobasi: Dados extraídos via JSON para Vermivet
2026-06-08 21:31:23,543 - scraper_base - INFO - ✅ Cobasi: 5 produto(s) encontrado(s) para Vermivet
2026-06-08 21:31:25,637 - scraper_base - INFO - 📦 [12/20] Processando Rimadyl
2026-06-08 21:31:25,637 - scraper_base - INFO - 🔍 Cobasi: Buscando Rimadyl
2026-06-08 21:31:28,604 - scraper_cobasi - INFO - Cobasi: Dados extraídos via JSON para Rimadyl
2026-06-08 21:31:28,604 - scraper_base - INFO - ✅ Cobasi: 3 produto(s) encontrado(s) para Rimadyl
2026-06-08 21:31:31,057 - scraper_base - INFO - 📦 [13/20] Processando Onsior
2026-06-08 21:31:31,057 - scraper_base - INFO - 🔍 Cobasi: Buscando Onsior
2026-06-08 21:31:34,196 - scraper_cobasi - INFO - Cobasi: Dados extraídos via JSON para Onsior
2026-06-08 21:31:34,196 - scraper_base - INFO - ✅ Cobasi: 4 produto(s) encontrado(s) para Onsior
2026-06-08 21:31:35,374 - scraper_base - INFO - 📦 [14/20] Processando Maxicam
2026-06-08 21:31:35,374 - scraper_base - INFO - 🔍 Cobasi: Buscando Maxicam
2026-06-08 21:31:38,142 - scraper_cobasi - INFO - Cobasi: Dados extraídos via JSON para Maxicam
2026-06-08 21:31:38,142 - scraper_base - INFO - ✅ Cobasi: 3 produto(s) encontrado(s) para Maxicam
2026-06-08 21:31:40,036 - scraper_base - INFO - 📦 [15/20] Processando Carproflan
2026-06-08 21:31:40,036 - scraper_base - INFO - 🔍 Cobasi: Buscando Carproflan
2026-06-08 21:31:42,700 - scraper_cobasi - INFO - Cobasi: Dados extraídos via JSON para Carproflan
2026-06-08 21:31:42,700 - scraper_base - INFO - ✅ Cobasi: 3 produto(s) encontrado(s) para Carproflan
2026-06-08 21:31:44,934 - scraper_base - INFO - 📦 [16/20] Processando Previcox
2026-06-08 21:31:44,934 - scraper_base - INFO - 🔍 Cobasi: Buscando Previcox
2026-06-08 21:31:47,737 - scraper_cobasi - INFO - Cobasi: Dados extraídos via JSON para Previcox
2026-06-08 21:31:47,737 - scraper_base - INFO - ✅ Cobasi: 2 produto(s) encontrado(s) para Previcox
2026-06-08 21:31:49,895 - scraper_base - INFO - 📦 [17/20] Processando Apoquel
2026-06-08 21:31:49,895 - scraper_base - INFO - 🔍 Cobasi: Buscando Apoquel
2026-06-08 21:31:52,681 - scraper_cobasi - INFO - Cobasi: Dados extraídos via JSON para Apoquel
2026-06-08 21:31:52,681 - scraper_base - INFO - ✅ Cobasi: 3 produto(s) encontrado(s) para Apoquel
2026-06-08 21:31:55,571 - scraper_base - INFO - 📦 [18/20] Processando Zenrelia
2026-06-08 21:31:55,571 - scraper_base - INFO - 🔍 Cobasi: Buscando Zenrelia
2026-06-08 21:31:58,891 - scraper_cobasi - INFO - Cobasi: Dados extraídos via JSON para Zenrelia
2026-06-08 21:31:58,891 - scraper_base - INFO - ✅ Cobasi: 4 produto(s) encontrado(s) para Zenrelia
2026-06-08 21:32:00,954 - scraper_base - INFO - 📦 [19/20] Processando Synulox
2026-06-08 21:32:00,955 - scraper_base - INFO - 🔍 Cobasi: Buscando Synulox
2026-06-08 21:32:03,789 - scraper_cobasi - INFO - Cobasi: Dados extraídos via JSON para Synulox
2026-06-08 21:32:03,789 - scraper_base - INFO - ✅ Cobasi: 2 produto(s) encontrado(s) para Synulox
2026-06-08 21:32:04,924 - scraper_base - INFO - 📦 [20/20] Processando Baytril
2026-06-08 21:32:04,924 - scraper_base - INFO - 🔍 Cobasi: Buscando Baytril
2026-06-08 21:32:09,634 - scraper_cobasi - INFO - Cobasi: Dados extraídos via JSON para Baytril
2026-06-08 21:32:09,634 - scraper_base - INFO - ✅ Cobasi: 2 produto(s) encontrado(s) para Baytril
2026-06-08 21:32:10,955 - scraper_base - INFO - 📊 Cobasi - Estatísticas finais:
2026-06-08 21:32:10,956 - scraper_base - INFO -    • Medicamentos processados: 20
2026-06-08 21:32:10,956 - scraper_base - INFO -    • Produtos encontrados: 160
2026-06-08 21:32:10,956 - scraper_base - INFO -    • Medicamentos sem resultado: 0
2026-06-08 21:32:10,956 - scraper_base - INFO -    • Tempo total: 111.3s
2026-06-08 21:32:10,956 - scraper_base - INFO -    • Tempo médio por medicamento: 5.6s
2026-06-08 21:32:11,125 - gerenciador_arquivos - INFO - Excel salvo: dados_coletados/cobasi_20260608_213210.xlsx (160 produtos)
2026-06-08 21:32:11,126 - gerenciador_principal - INFO - Cobasi: Arquivo individual salvo com sucesso
2026-06-08 21:32:11,126 - gerenciador_principal - INFO - Pausando entre sites...
2026-06-08 21:32:13,126 - gerenciador_principal - INFO - [2/3] Processando Petlove
2026-06-08 21:32:13,126 - scraper_base - INFO - 🚀 Iniciando scraping completo - Petlove
2026-06-08 21:32:13,596 - gerenciador_conexoes - INFO - Sessao estabelecida com petlove.com.br
2026-06-08 21:32:13,596 - scraper_base - INFO - 📋 20 medicamentos para processar
2026-06-08 21:32:13,596 - scraper_base - INFO - 📦 [1/20] Processando Simparic
2026-06-08 21:32:13,596 - scraper_base - INFO - 🔍 Petlove: Buscando Simparic
2026-06-08 21:32:14,555 - scraper_base - INFO - ✅ Petlove: 36 produto(s) encontrado(s) para Simparic
2026-06-08 21:32:16,132 - scraper_base - INFO - 📦 [2/20] Processando Revolution
2026-06-08 21:32:16,132 - scraper_base - INFO - 🔍 Petlove: Buscando Revolution
2026-06-08 21:32:17,011 - scraper_base - INFO - ✅ Petlove: 20 produto(s) encontrado(s) para Revolution
2026-06-08 21:32:19,776 - scraper_base - INFO - 📦 [3/20] Processando NexGard
2026-06-08 21:32:19,776 - scraper_base - INFO - 🔍 Petlove: Buscando NexGard
2026-06-08 21:32:20,539 - scraper_base - INFO - ✅ Petlove: 11 produto(s) encontrado(s) para NexGard
2026-06-08 21:32:22,413 - scraper_base - INFO - 📦 [4/20] Processando NexGard Spectra
2026-06-08 21:32:22,414 - scraper_base - INFO - 🔍 Petlove: Buscando NexGard Spectra
2026-06-08 21:32:23,107 - scraper_base - INFO - ✅ Petlove: 5 produto(s) encontrado(s) para NexGard Spectra
2026-06-08 21:32:24,823 - scraper_base - INFO - 📦 [5/20] Processando NexGard Combo
2026-06-08 21:32:24,824 - scraper_base - INFO - 🔍 Petlove: Buscando NexGard Combo
2026-06-08 21:32:25,554 - scraper_base - INFO - ✅ Petlove: 2 produto(s) encontrado(s) para NexGard Combo
2026-06-08 21:32:27,360 - scraper_base - INFO - 📦 [6/20] Processando Bravecto
2026-06-08 21:32:27,360 - scraper_base - INFO - 🔍 Petlove: Buscando Bravecto
2026-06-08 21:32:28,368 - scraper_base - INFO - ✅ Petlove: 22 produto(s) encontrado(s) para Bravecto
2026-06-08 21:32:31,219 - scraper_base - INFO - 📦 [7/20] Processando Frontline
2026-06-08 21:32:31,219 - scraper_base - INFO - 🔍 Petlove: Buscando Frontline
2026-06-08 21:32:31,957 - scraper_base - INFO - ✅ Petlove: 11 produto(s) encontrado(s) para Frontline
2026-06-08 21:32:34,560 - scraper_base - INFO - 📦 [8/20] Processando Advocate
2026-06-08 21:32:34,560 - scraper_base - INFO - 🔍 Petlove: Buscando Advocate
2026-06-08 21:32:35,224 - scraper_base - INFO - ✅ Petlove: 9 produto(s) encontrado(s) para Advocate
2026-06-08 21:32:37,035 - scraper_base - INFO - 📦 [9/20] Processando Drontal
2026-06-08 21:32:37,035 - scraper_base - INFO - 🔍 Petlove: Buscando Drontal
2026-06-08 21:32:37,816 - scraper_base - INFO - ✅ Petlove: 36 produto(s) encontrado(s) para Drontal
2026-06-08 21:32:40,046 - scraper_base - INFO - 📦 [10/20] Processando Milbemax
2026-06-08 21:32:40,047 - scraper_base - INFO - 🔍 Petlove: Buscando Milbemax
2026-06-08 21:32:40,887 - scraper_base - INFO - ✅ Petlove: 14 produto(s) encontrado(s) para Milbemax
2026-06-08 21:32:43,277 - scraper_base - INFO - 📦 [11/20] Processando Vermivet
2026-06-08 21:32:43,277 - scraper_base - INFO - 🔍 Petlove: Buscando Vermivet
2026-06-08 21:32:44,157 - scraper_base - INFO - ✅ Petlove: 36 produto(s) encontrado(s) para Vermivet
2026-06-08 21:32:46,116 - scraper_base - INFO - 📦 [12/20] Processando Rimadyl
2026-06-08 21:32:46,116 - scraper_base - INFO - 🔍 Petlove: Buscando Rimadyl
2026-06-08 21:32:46,806 - scraper_base - INFO - ✅ Petlove: 1 produto(s) encontrado(s) para Rimadyl
2026-06-08 21:32:49,440 - scraper_base - INFO - 📦 [13/20] Processando Onsior
2026-06-08 21:32:49,440 - scraper_base - INFO - 🔍 Petlove: Buscando Onsior
2026-06-08 21:32:50,065 - scraper_base - INFO - ✅ Petlove: 4 produto(s) encontrado(s) para Onsior
2026-06-08 21:32:51,462 - scraper_base - INFO - 📦 [14/20] Processando Maxicam
2026-06-08 21:32:51,462 - scraper_base - INFO - 🔍 Petlove: Buscando Maxicam
2026-06-08 21:32:52,101 - scraper_base - INFO - ✅ Petlove: 3 produto(s) encontrado(s) para Maxicam
2026-06-08 21:32:53,806 - scraper_base - INFO - 📦 [15/20] Processando Carproflan
2026-06-08 21:32:53,806 - scraper_base - INFO - 🔍 Petlove: Buscando Carproflan
2026-06-08 21:32:54,489 - scraper_base - INFO - ✅ Petlove: 8 produto(s) encontrado(s) para Carproflan
2026-06-08 21:32:56,376 - scraper_base - INFO - 📦 [16/20] Processando Previcox
2026-06-08 21:32:56,376 - scraper_base - INFO - 🔍 Petlove: Buscando Previcox
2026-06-08 21:32:57,010 - scraper_base - INFO - ✅ Petlove: 4 produto(s) encontrado(s) para Previcox
2026-06-08 21:32:59,170 - scraper_base - INFO - 📦 [17/20] Processando Apoquel
2026-06-08 21:32:59,170 - scraper_base - INFO - 🔍 Petlove: Buscando Apoquel
2026-06-08 21:32:59,892 - scraper_base - INFO - ✅ Petlove: 16 produto(s) encontrado(s) para Apoquel
2026-06-08 21:33:01,220 - scraper_base - INFO - 📦 [18/20] Processando Zenrelia
2026-06-08 21:33:01,221 - scraper_base - INFO - 🔍 Petlove: Buscando Zenrelia
2026-06-08 21:33:01,887 - scraper_base - INFO - ✅ Petlove: 4 produto(s) encontrado(s) para Zenrelia
2026-06-08 21:33:03,984 - scraper_base - INFO - 📦 [19/20] Processando Synulox
2026-06-08 21:33:03,984 - scraper_base - INFO - 🔍 Petlove: Buscando Synulox
2026-06-08 21:33:04,590 - scraper_base - INFO - ✅ Petlove: 1 produto(s) encontrado(s) para Synulox
2026-06-08 21:33:06,079 - scraper_base - INFO - 📦 [20/20] Processando Baytril
2026-06-08 21:33:06,079 - scraper_base - INFO - 🔍 Petlove: Buscando Baytril
2026-06-08 21:33:06,699 - scraper_base - INFO - ✅ Petlove: 6 produto(s) encontrado(s) para Baytril
2026-06-08 21:33:07,987 - scraper_base - INFO - 📊 Petlove - Estatísticas finais:
2026-06-08 21:33:07,987 - scraper_base - INFO -    • Medicamentos processados: 20
2026-06-08 21:33:07,987 - scraper_base - INFO -    • Produtos encontrados: 249
2026-06-08 21:33:07,987 - scraper_base - INFO -    • Medicamentos sem resultado: 0
2026-06-08 21:33:07,987 - scraper_base - INFO -    • Tempo total: 54.9s
2026-06-08 21:33:07,987 - scraper_base - INFO -    • Tempo médio por medicamento: 2.7s
2026-06-08 21:33:08,029 - gerenciador_arquivos - INFO - Excel salvo: dados_coletados/petlove_20260608_213307.xlsx (249 produtos)
2026-06-08 21:33:08,029 - gerenciador_principal - INFO - Petlove: Arquivo individual salvo com sucesso
2026-06-08 21:33:08,029 - gerenciador_principal - INFO - Pausando entre sites...
2026-06-08 21:33:10,029 - gerenciador_principal - INFO - [3/3] Processando Petz
2026-06-08 21:33:10,030 - scraper_base - INFO - 🚀 Iniciando scraping completo - Petz
2026-06-08 21:33:10,335 - scraper_base - INFO - 📋 20 medicamentos para processar
2026-06-08 21:33:10,336 - scraper_base - INFO - 📦 [1/20] Processando Simparic
2026-06-08 21:33:10,336 - scraper_base - INFO - 🔍 Petz: Buscando Simparic
2026-06-08 21:33:17,495 - gerenciador_conexoes - INFO - Chrome inicializado com otimizacoes de velocidade
2026-06-08 21:33:22,168 - scraper_base - INFO - ✅ Petz: 24 produto(s) encontrado(s) para Simparic
2026-06-08 21:33:23,713 - scraper_base - INFO - 📦 [2/20] Processando Revolution
2026-06-08 21:33:23,713 - scraper_base - INFO - 🔍 Petz: Buscando Revolution
2026-06-08 21:33:26,544 - scraper_base - INFO - ✅ Petz: 21 produto(s) encontrado(s) para Revolution
2026-06-08 21:33:28,586 - scraper_base - INFO - 📦 [3/20] Processando NexGard
2026-06-08 21:33:28,586 - scraper_base - INFO - 🔍 Petz: Buscando NexGard
2026-06-08 21:33:30,616 - scraper_base - INFO - ✅ Petz: 22 produto(s) encontrado(s) para NexGard
2026-06-08 21:33:32,105 - scraper_base - INFO - 📦 [4/20] Processando NexGard Spectra
2026-06-08 21:33:32,105 - scraper_base - INFO - 🔍 Petz: Buscando NexGard Spectra
2026-06-08 21:33:34,333 - scraper_base - INFO - ✅ Petz: 10 produto(s) encontrado(s) para NexGard Spectra
2026-06-08 21:33:35,845 - scraper_base - INFO - 📦 [5/20] Processando NexGard Combo
2026-06-08 21:33:35,845 - scraper_base - INFO - 🔍 Petz: Buscando NexGard Combo
2026-06-08 21:33:37,443 - scraper_base - INFO - ✅ Petz: 4 produto(s) encontrado(s) para NexGard Combo
2026-06-08 21:33:39,130 - scraper_base - INFO - 📦 [6/20] Processando Bravecto
2026-06-08 21:33:39,130 - scraper_base - INFO - 🔍 Petz: Buscando Bravecto
2026-06-08 21:33:41,202 - scraper_base - INFO - ✅ Petz: 16 produto(s) encontrado(s) para Bravecto
2026-06-08 21:33:43,571 - scraper_base - INFO - 📦 [7/20] Processando Frontline
2026-06-08 21:33:43,571 - scraper_base - INFO - 🔍 Petz: Buscando Frontline
2026-06-08 21:33:45,570 - scraper_base - INFO - ✅ Petz: 11 produto(s) encontrado(s) para Frontline
2026-06-08 21:33:46,736 - scraper_base - INFO - 📦 [8/20] Processando Advocate
2026-06-08 21:33:46,736 - scraper_base - INFO - 🔍 Petz: Buscando Advocate
2026-06-08 21:33:48,572 - scraper_base - INFO - ✅ Petz: 12 produto(s) encontrado(s) para Advocate
2026-06-08 21:33:51,568 - scraper_base - INFO - 📦 [9/20] Processando Drontal
2026-06-08 21:33:51,569 - scraper_base - INFO - 🔍 Petz: Buscando Drontal
2026-06-08 21:33:54,440 - scraper_base - INFO - ✅ Petz: 38 produto(s) encontrado(s) para Drontal
2026-06-08 21:33:56,408 - scraper_base - INFO - 📦 [10/20] Processando Milbemax
2026-06-08 21:33:56,408 - scraper_base - INFO - 🔍 Petz: Buscando Milbemax
2026-06-08 21:33:58,494 - scraper_base - INFO - ✅ Petz: 4 produto(s) encontrado(s) para Milbemax
2026-06-08 21:34:01,272 - scraper_base - INFO - 📦 [11/20] Processando Vermivet
2026-06-08 21:34:01,272 - scraper_base - INFO - 🔍 Petz: Buscando Vermivet
2026-06-08 21:34:02,972 - scraper_base - INFO - ✅ Petz: 5 produto(s) encontrado(s) para Vermivet
2026-06-08 21:34:05,446 - scraper_base - INFO - 📦 [12/20] Processando Rimadyl
2026-06-08 21:34:05,446 - scraper_base - INFO - 🔍 Petz: Buscando Rimadyl
2026-06-08 21:34:07,282 - scraper_base - INFO - ✅ Petz: 3 produto(s) encontrado(s) para Rimadyl
2026-06-08 21:34:09,120 - scraper_base - INFO - 📦 [13/20] Processando Onsior
2026-06-08 21:34:09,120 - scraper_base - INFO - 🔍 Petz: Buscando Onsior
2026-06-08 21:34:10,982 - scraper_base - INFO - ✅ Petz: 4 produto(s) encontrado(s) para Onsior
2026-06-08 21:34:12,683 - scraper_base - INFO - 📦 [14/20] Processando Maxicam
2026-06-08 21:34:12,683 - scraper_base - INFO - 🔍 Petz: Buscando Maxicam
2026-06-08 21:34:15,021 - scraper_base - INFO - ✅ Petz: 31 produto(s) encontrado(s) para Maxicam
2026-06-08 21:34:16,341 - scraper_base - INFO - 📦 [15/20] Processando Carproflan
2026-06-08 21:34:16,341 - scraper_base - INFO - 🔍 Petz: Buscando Carproflan
2026-06-08 21:34:18,046 - scraper_base - INFO - ✅ Petz: 3 produto(s) encontrado(s) para Carproflan
2026-06-08 21:34:21,043 - scraper_base - INFO - 📦 [16/20] Processando Previcox
2026-06-08 21:34:21,043 - scraper_base - INFO - 🔍 Petz: Buscando Previcox
2026-06-08 21:34:23,174 - scraper_base - INFO - ✅ Petz: 2 produto(s) encontrado(s) para Previcox
2026-06-08 21:34:25,460 - scraper_base - INFO - 📦 [17/20] Processando Apoquel
2026-06-08 21:34:25,461 - scraper_base - INFO - 🔍 Petz: Buscando Apoquel
2026-06-08 21:34:27,252 - scraper_base - INFO - ✅ Petz: 3 produto(s) encontrado(s) para Apoquel
2026-06-08 21:34:28,900 - scraper_base - INFO - 📦 [18/20] Processando Zenrelia
2026-06-08 21:34:28,900 - scraper_base - INFO - 🔍 Petz: Buscando Zenrelia
2026-06-08 21:34:30,548 - scraper_base - INFO - ✅ Petz: 4 produto(s) encontrado(s) para Zenrelia
2026-06-08 21:34:32,311 - scraper_base - INFO - 📦 [19/20] Processando Synulox
2026-06-08 21:34:32,311 - scraper_base - INFO - 🔍 Petz: Buscando Synulox
2026-06-08 21:34:33,927 - scraper_base - INFO - ✅ Petz: 2 produto(s) encontrado(s) para Synulox
2026-06-08 21:34:36,042 - scraper_base - INFO - 📦 [20/20] Processando Baytril
2026-06-08 21:34:36,042 - scraper_base - INFO - 🔍 Petz: Buscando Baytril
2026-06-08 21:34:37,935 - scraper_base - INFO - ✅ Petz: 9 produto(s) encontrado(s) para Baytril
2026-06-08 21:34:39,345 - scraper_base - INFO - 📊 Petz - Estatísticas finais:
2026-06-08 21:34:39,346 - scraper_base - INFO -    • Medicamentos processados: 20
2026-06-08 21:34:39,346 - scraper_base - INFO -    • Produtos encontrados: 228
2026-06-08 21:34:39,346 - scraper_base - INFO -    • Medicamentos sem resultado: 0
2026-06-08 21:34:39,346 - scraper_base - INFO -    • Tempo total: 89.3s
2026-06-08 21:34:39,346 - scraper_base - INFO -    • Tempo médio por medicamento: 4.5s
2026-06-08 21:34:39,443 - gerenciador_arquivos - INFO - Excel salvo: dados_coletados/petz_20260608_213439.xlsx (228 produtos)
2026-06-08 21:34:39,444 - gerenciador_principal - INFO - Petz: Arquivo individual salvo com sucesso
2026-06-08 21:34:39,444 - gerenciador_principal - INFO - Gerando relatório consolidado...
2026-06-08 21:34:39,645 - gerenciador_arquivos - INFO - Relatório consolidado salvo: dados_relatorios/relatorio_consolidado_20260608_213439.xlsx
2026-06-08 21:34:39,733 - gerenciador_conexoes - INFO - Chrome fechado
2026-06-08 21:34:39,733 - gerenciador_conexoes - INFO - Métodos utilizados - Requests: 66.7%, Selenium: 33.3%, Falhas: 0.0%
2026-06-08 21:34:39,733 - gerenciador_principal - INFO - ============================================================
2026-06-08 21:34:39,733 - gerenciador_principal - INFO - RELATORIO FINAL DE EXECUÇÃO
2026-06-08 21:34:39,733 - gerenciador_principal - INFO - ============================================================
2026-06-08 21:34:39,733 - gerenciador_principal - INFO - Sites processados: 3
2026-06-08 21:34:39,733 - gerenciador_principal - INFO - Sites com sucesso: 3
2026-06-08 21:34:39,733 - gerenciador_principal - INFO - Total de produtos coletados: 637
2026-06-08 21:34:39,733 - gerenciador_principal - INFO - Tempo total de execução: 259.8 segundos
2026-06-08 21:34:39,733 - gerenciador_principal - INFO - Estatísticas de conexão:
2026-06-08 21:34:39,734 - gerenciador_principal - INFO -   - Requests bem-sucedidos: 66.7%
2026-06-08 21:34:39,734 - gerenciador_principal - INFO -   - Selenium fallback: 33.3%
2026-06-08 21:34:39,734 - gerenciador_principal - INFO -   - Falhas totais: 0.0%
2026-06-08 21:34:39,736 - gerenciador_principal - INFO - Arquivos salvos na pasta: dados_coletados
2026-06-08 21:34:39,736 - gerenciador_principal - INFO - Total de arquivos: 736
2026-06-08 21:34:39,736 - gerenciador_principal - INFO - ============================================================
