2025-12-14 20:10:09,438 - configurador_logs - INFO - Sistema de logs configurado com sucesso
2025-12-14 20:10:09,439 - configurador_logs - INFO - 🚀 Logs configurados para MODO PRODUÇÃO
2025-12-14 20:10:09,439 - gerenciador_principal - INFO - Inicializando sistema - Modo: PRODUCAO
2025-12-14 20:10:09,439 - gerenciador_arquivos - INFO - Pasta dados_coletados preparada
2025-12-14 20:10:09,439 - gerenciador_principal - INFO - Sistema inicializado com 3 scrapers
2025-12-14 20:10:09,439 - gerenciador_principal - INFO - ============================================================
2025-12-14 20:10:09,439 - gerenciador_principal - INFO - INICIANDO SCRAPING COMPLETO - PRODUCAO
2025-12-14 20:10:09,439 - gerenciador_principal - INFO - ============================================================
2025-12-14 20:10:09,439 - gerenciador_principal - INFO - [1/3] Processando Cobasi
2025-12-14 20:10:09,439 - scraper_base - INFO - 🚀 Iniciando scraping completo - Cobasi
2025-12-14 20:10:10,199 - gerenciador_conexoes - INFO - Sessao estabelecida com cobasi.com.br
2025-12-14 20:10:10,199 - scraper_base - INFO - 📋 20 medicamentos para processar
2025-12-14 20:10:10,199 - scraper_base - INFO - 📦 [1/20] Processando Simparic
2025-12-14 20:10:10,200 - scraper_base - INFO - 🔍 Cobasi: Buscando Simparic
2025-12-14 20:10:10,851 - scraper_cobasi - INFO - Cobasi: Dados extraídos via JSON para Simparic
2025-12-14 20:10:10,851 - scraper_base - INFO - ✅ Cobasi: 12 produto(s) encontrado(s) para Simparic
2025-12-14 20:10:12,860 - scraper_base - INFO - 📦 [2/20] Processando Revolution
2025-12-14 20:10:12,860 - scraper_base - INFO - 🔍 Cobasi: Buscando Revolution
2025-12-14 20:10:15,063 - scraper_cobasi - INFO - Cobasi: Dados extraídos via JSON para Revolution
2025-12-14 20:10:15,063 - scraper_base - INFO - ✅ Cobasi: 18 produto(s) encontrado(s) para Revolution
2025-12-14 20:10:17,604 - scraper_base - INFO - 📦 [3/20] Processando NexGard
2025-12-14 20:10:17,604 - scraper_base - INFO - 🔍 Cobasi: Buscando NexGard
2025-12-14 20:10:20,036 - scraper_cobasi - INFO - Cobasi: Dados extraídos via JSON para NexGard
2025-12-14 20:10:20,037 - scraper_base - INFO - ✅ Cobasi: 22 produto(s) encontrado(s) para NexGard
2025-12-14 20:10:21,328 - scraper_base - INFO - 📦 [4/20] Processando NexGard Spectra
2025-12-14 20:10:21,328 - scraper_base - INFO - 🔍 Cobasi: Buscando NexGard Spectra
2025-12-14 20:10:23,447 - scraper_cobasi - INFO - Cobasi: Dados extraídos via JSON para NexGard Spectra
2025-12-14 20:10:23,447 - scraper_base - INFO - ✅ Cobasi: 10 produto(s) encontrado(s) para NexGard Spectra
2025-12-14 20:10:24,841 - scraper_base - INFO - 📦 [5/20] Processando NexGard Combo
2025-12-14 20:10:24,841 - scraper_base - INFO - 🔍 Cobasi: Buscando NexGard Combo
2025-12-14 20:10:26,727 - scraper_cobasi - INFO - Cobasi: Dados extraídos via JSON para NexGard Combo
2025-12-14 20:10:26,727 - scraper_base - INFO - ✅ Cobasi: 4 produto(s) encontrado(s) para NexGard Combo
2025-12-14 20:10:28,498 - scraper_base - INFO - 📦 [6/20] Processando Bravecto
2025-12-14 20:10:28,499 - scraper_base - INFO - 🔍 Cobasi: Buscando Bravecto
2025-12-14 20:10:31,207 - scraper_cobasi - INFO - Cobasi: Dados extraídos via JSON para Bravecto
2025-12-14 20:10:31,208 - scraper_base - INFO - ✅ Cobasi: 16 produto(s) encontrado(s) para Bravecto
2025-12-14 20:10:34,109 - scraper_base - INFO - 📦 [7/20] Processando Frontline
2025-12-14 20:10:34,109 - scraper_base - INFO - 🔍 Cobasi: Buscando Frontline
2025-12-14 20:10:36,796 - scraper_cobasi - INFO - Cobasi: Dados extraídos via JSON para Frontline
2025-12-14 20:10:36,796 - scraper_base - INFO - ✅ Cobasi: 10 produto(s) encontrado(s) para Frontline
2025-12-14 20:10:38,395 - scraper_base - INFO - 📦 [8/20] Processando Advocate
2025-12-14 20:10:38,395 - scraper_base - INFO - 🔍 Cobasi: Buscando Advocate
2025-12-14 20:10:40,620 - scraper_cobasi - INFO - Cobasi: Dados extraídos via JSON para Advocate
2025-12-14 20:10:40,620 - scraper_base - INFO - ✅ Cobasi: 12 produto(s) encontrado(s) para Advocate
2025-12-14 20:10:42,341 - scraper_base - INFO - 📦 [9/20] Processando Drontal
2025-12-14 20:10:42,341 - scraper_base - INFO - 🔍 Cobasi: Buscando Drontal
2025-12-14 20:10:44,873 - scraper_cobasi - INFO - Cobasi: Dados extraídos via JSON para Drontal
2025-12-14 20:10:44,873 - scraper_base - INFO - ✅ Cobasi: 8 produto(s) encontrado(s) para Drontal
2025-12-14 20:10:47,041 - scraper_base - INFO - 📦 [10/20] Processando Milbemax
2025-12-14 20:10:47,041 - scraper_base - INFO - 🔍 Cobasi: Buscando Milbemax
2025-12-14 20:10:48,995 - scraper_cobasi - INFO - Cobasi: Dados extraídos via JSON para Milbemax
2025-12-14 20:10:48,996 - scraper_base - INFO - ✅ Cobasi: 4 produto(s) encontrado(s) para Milbemax
2025-12-14 20:10:50,918 - scraper_base - INFO - 📦 [11/20] Processando Vermivet
2025-12-14 20:10:50,919 - scraper_base - INFO - 🔍 Cobasi: Buscando Vermivet
2025-12-14 20:10:53,746 - scraper_cobasi - INFO - Cobasi: Dados extraídos via JSON para Vermivet
2025-12-14 20:10:53,746 - scraper_base - INFO - ✅ Cobasi: 5 produto(s) encontrado(s) para Vermivet
2025-12-14 20:10:56,497 - scraper_base - INFO - 📦 [12/20] Processando Rimadyl
2025-12-14 20:10:56,497 - scraper_base - INFO - 🔍 Cobasi: Buscando Rimadyl
2025-12-14 20:10:58,195 - scraper_cobasi - INFO - Cobasi: Dados extraídos via JSON para Rimadyl
2025-12-14 20:10:58,195 - scraper_base - INFO - ✅ Cobasi: 3 produto(s) encontrado(s) para Rimadyl
2025-12-14 20:10:59,575 - scraper_base - INFO - 📦 [13/20] Processando Onsior
2025-12-14 20:10:59,575 - scraper_base - INFO - 🔍 Cobasi: Buscando Onsior
2025-12-14 20:11:02,028 - scraper_cobasi - INFO - Cobasi: Dados extraídos via JSON para Onsior
2025-12-14 20:11:02,028 - scraper_base - INFO - ✅ Cobasi: 4 produto(s) encontrado(s) para Onsior
2025-12-14 20:11:04,438 - scraper_base - INFO - 📦 [14/20] Processando Maxicam
2025-12-14 20:11:04,439 - scraper_base - INFO - 🔍 Cobasi: Buscando Maxicam
2025-12-14 20:11:08,448 - scraper_cobasi - INFO - Cobasi: Dados extraídos via JSON para Maxicam
2025-12-14 20:11:08,448 - scraper_base - INFO - ✅ Cobasi: 20 produto(s) encontrado(s) para Maxicam
2025-12-14 20:11:10,638 - scraper_base - INFO - 📦 [15/20] Processando Carproflan
2025-12-14 20:11:10,638 - scraper_base - INFO - 🔍 Cobasi: Buscando Carproflan
2025-12-14 20:11:12,574 - scraper_cobasi - INFO - Cobasi: Dados extraídos via JSON para Carproflan
2025-12-14 20:11:12,574 - scraper_base - INFO - ✅ Cobasi: 3 produto(s) encontrado(s) para Carproflan
2025-12-14 20:11:14,163 - scraper_base - INFO - 📦 [16/20] Processando Previcox
2025-12-14 20:11:14,163 - scraper_base - INFO - 🔍 Cobasi: Buscando Previcox
2025-12-14 20:11:15,821 - scraper_cobasi - INFO - Cobasi: Dados extraídos via JSON para Previcox
2025-12-14 20:11:15,821 - scraper_base - INFO - ✅ Cobasi: 2 produto(s) encontrado(s) para Previcox
2025-12-14 20:11:17,545 - scraper_base - INFO - 📦 [17/20] Processando Apoquel
2025-12-14 20:11:17,545 - scraper_base - INFO - 🔍 Cobasi: Buscando Apoquel
2025-12-14 20:11:19,199 - scraper_cobasi - INFO - Cobasi: Dados extraídos via JSON para Apoquel
2025-12-14 20:11:19,199 - scraper_base - INFO - ✅ Cobasi: 3 produto(s) encontrado(s) para Apoquel
2025-12-14 20:11:21,582 - scraper_base - INFO - 📦 [18/20] Processando Zenrelia
2025-12-14 20:11:21,582 - scraper_base - INFO - 🔍 Cobasi: Buscando Zenrelia
2025-12-14 20:11:23,755 - scraper_cobasi - INFO - Cobasi: Dados extraídos via JSON para Zenrelia
2025-12-14 20:11:23,755 - scraper_base - INFO - ✅ Cobasi: 4 produto(s) encontrado(s) para Zenrelia
2025-12-14 20:11:24,998 - scraper_base - INFO - 📦 [19/20] Processando Synulox
2025-12-14 20:11:24,998 - scraper_base - INFO - 🔍 Cobasi: Buscando Synulox
2025-12-14 20:11:27,072 - scraper_cobasi - INFO - Cobasi: Dados extraídos via JSON para Synulox
2025-12-14 20:11:27,072 - scraper_base - INFO - ✅ Cobasi: 2 produto(s) encontrado(s) para Synulox
2025-12-14 20:11:28,739 - scraper_base - INFO - 📦 [20/20] Processando Baytril
2025-12-14 20:11:28,739 - scraper_base - INFO - 🔍 Cobasi: Buscando Baytril
2025-12-14 20:11:28,811 - scraper_cobasi - INFO - Cobasi: Dados extraídos via JSON para Baytril
2025-12-14 20:11:28,811 - scraper_base - INFO - ✅ Cobasi: 4 produto(s) encontrado(s) para Baytril
2025-12-14 20:11:31,594 - scraper_base - INFO - 📊 Cobasi - Estatísticas finais:
2025-12-14 20:11:31,594 - scraper_base - INFO -    • Medicamentos processados: 20
2025-12-14 20:11:31,594 - scraper_base - INFO -    • Produtos encontrados: 166
2025-12-14 20:11:31,594 - scraper_base - INFO -    • Medicamentos sem resultado: 0
2025-12-14 20:11:31,594 - scraper_base - INFO -    • Tempo total: 82.2s
2025-12-14 20:11:31,594 - scraper_base - INFO -    • Tempo médio por medicamento: 4.1s
2025-12-14 20:11:31,853 - gerenciador_arquivos - INFO - Excel salvo: dados_coletados/cobasi_20251214_201131.xlsx (166 produtos)
2025-12-14 20:11:31,853 - gerenciador_principal - INFO - Cobasi: Arquivo individual salvo com sucesso
2025-12-14 20:11:31,853 - gerenciador_principal - INFO - Pausando entre sites...
2025-12-14 20:11:33,854 - gerenciador_principal - INFO - [2/3] Processando Petlove
2025-12-14 20:11:33,854 - scraper_base - INFO - 🚀 Iniciando scraping completo - Petlove
2025-12-14 20:11:34,097 - scraper_base - INFO - 📋 20 medicamentos para processar
2025-12-14 20:11:34,097 - scraper_base - INFO - 📦 [1/20] Processando Simparic
2025-12-14 20:11:34,097 - scraper_base - INFO - 🔍 Petlove: Buscando Simparic
2025-12-14 20:11:46,784 - gerenciador_conexoes - INFO - Chrome inicializado com otimizacoes de velocidade
2025-12-14 20:11:49,992 - scraper_base - INFO - ✅ Petlove: 15 produto(s) encontrado(s) para Simparic
2025-12-14 20:11:52,616 - scraper_base - INFO - 📦 [2/20] Processando Revolution
2025-12-14 20:11:52,616 - scraper_base - INFO - 🔍 Petlove: Buscando Revolution
2025-12-14 20:11:54,274 - scraper_base - INFO - ✅ Petlove: 14 produto(s) encontrado(s) para Revolution
2025-12-14 20:11:55,280 - scraper_base - INFO - 📦 [3/20] Processando NexGard
2025-12-14 20:11:55,280 - scraper_base - INFO - 🔍 Petlove: Buscando NexGard
2025-12-14 20:11:56,987 - scraper_base - INFO - ✅ Petlove: 11 produto(s) encontrado(s) para NexGard
2025-12-14 20:11:58,556 - scraper_base - INFO - 📦 [4/20] Processando NexGard Spectra
2025-12-14 20:11:58,556 - scraper_base - INFO - 🔍 Petlove: Buscando NexGard Spectra
2025-12-14 20:12:00,051 - scraper_base - INFO - ✅ Petlove: 5 produto(s) encontrado(s) para NexGard Spectra
2025-12-14 20:12:02,388 - scraper_base - INFO - 📦 [5/20] Processando NexGard Combo
2025-12-14 20:12:02,388 - scraper_base - INFO - 🔍 Petlove: Buscando NexGard Combo
2025-12-14 20:12:03,489 - scraper_base - INFO - ✅ Petlove: 2 produto(s) encontrado(s) para NexGard Combo
2025-12-14 20:12:04,589 - scraper_base - INFO - 📦 [6/20] Processando Bravecto
2025-12-14 20:12:04,589 - scraper_base - INFO - 🔍 Petlove: Buscando Bravecto
2025-12-14 20:12:06,007 - scraper_base - INFO - ✅ Petlove: 23 produto(s) encontrado(s) para Bravecto
2025-12-14 20:12:08,559 - scraper_base - INFO - 📦 [7/20] Processando Frontline
2025-12-14 20:12:08,559 - scraper_base - INFO - 🔍 Petlove: Buscando Frontline
2025-12-14 20:12:10,275 - scraper_base - INFO - ✅ Petlove: 11 produto(s) encontrado(s) para Frontline
2025-12-14 20:12:11,620 - scraper_base - INFO - 📦 [8/20] Processando Advocate
2025-12-14 20:12:11,620 - scraper_base - INFO - 🔍 Petlove: Buscando Advocate
2025-12-14 20:12:13,234 - scraper_base - INFO - ✅ Petlove: 10 produto(s) encontrado(s) para Advocate
2025-12-14 20:12:15,739 - scraper_base - INFO - 📦 [9/20] Processando Drontal
2025-12-14 20:12:15,739 - scraper_base - INFO - 🔍 Petlove: Buscando Drontal
2025-12-14 20:12:17,222 - scraper_base - INFO - ✅ Petlove: 18 produto(s) encontrado(s) para Drontal
2025-12-14 20:12:19,313 - scraper_base - INFO - 📦 [10/20] Processando Milbemax
2025-12-14 20:12:19,313 - scraper_base - INFO - 🔍 Petlove: Buscando Milbemax
2025-12-14 20:12:20,614 - scraper_base - INFO - ✅ Petlove: 4 produto(s) encontrado(s) para Milbemax
2025-12-14 20:12:23,324 - scraper_base - INFO - 📦 [11/20] Processando Vermivet
2025-12-14 20:12:23,324 - scraper_base - INFO - 🔍 Petlove: Buscando Vermivet
2025-12-14 20:12:25,347 - scraper_base - INFO - ✅ Petlove: 36 produto(s) encontrado(s) para Vermivet
2025-12-14 20:12:27,643 - scraper_base - INFO - 📦 [12/20] Processando Rimadyl
2025-12-14 20:12:27,643 - scraper_base - INFO - 🔍 Petlove: Buscando Rimadyl
2025-12-14 20:12:29,270 - scraper_base - INFO - ✅ Petlove: 1 produto(s) encontrado(s) para Rimadyl
2025-12-14 20:12:32,212 - scraper_base - INFO - 📦 [13/20] Processando Onsior
2025-12-14 20:12:32,212 - scraper_base - INFO - 🔍 Petlove: Buscando Onsior
2025-12-14 20:12:33,677 - scraper_base - INFO - ✅ Petlove: 4 produto(s) encontrado(s) para Onsior
2025-12-14 20:12:36,547 - scraper_base - INFO - 📦 [14/20] Processando Maxicam
2025-12-14 20:12:36,547 - scraper_base - INFO - 🔍 Petlove: Buscando Maxicam
2025-12-14 20:12:37,889 - scraper_base - INFO - ✅ Petlove: 4 produto(s) encontrado(s) para Maxicam
2025-12-14 20:12:40,822 - scraper_base - INFO - 📦 [15/20] Processando Carproflan
2025-12-14 20:12:40,822 - scraper_base - INFO - 🔍 Petlove: Buscando Carproflan
2025-12-14 20:12:42,332 - scraper_base - INFO - ✅ Petlove: 4 produto(s) encontrado(s) para Carproflan
2025-12-14 20:12:44,112 - scraper_base - INFO - 📦 [16/20] Processando Previcox
2025-12-14 20:12:44,113 - scraper_base - INFO - 🔍 Petlove: Buscando Previcox
2025-12-14 20:12:45,734 - scraper_base - INFO - ✅ Petlove: 4 produto(s) encontrado(s) para Previcox
2025-12-14 20:12:48,252 - scraper_base - INFO - 📦 [17/20] Processando Apoquel
2025-12-14 20:12:48,252 - scraper_base - INFO - 🔍 Petlove: Buscando Apoquel
2025-12-14 20:12:49,873 - scraper_base - INFO - ✅ Petlove: 16 produto(s) encontrado(s) para Apoquel
2025-12-14 20:12:51,534 - scraper_base - INFO - 📦 [18/20] Processando Zenrelia
2025-12-14 20:12:51,534 - scraper_base - INFO - 🔍 Petlove: Buscando Zenrelia
2025-12-14 20:12:53,042 - scraper_base - INFO - ✅ Petlove: 4 produto(s) encontrado(s) para Zenrelia
2025-12-14 20:12:55,200 - scraper_base - INFO - 📦 [19/20] Processando Synulox
2025-12-14 20:12:55,200 - scraper_base - INFO - 🔍 Petlove: Buscando Synulox
2025-12-14 20:12:56,537 - scraper_base - INFO - ✅ Petlove: 1 produto(s) encontrado(s) para Synulox
2025-12-14 20:12:58,868 - scraper_base - INFO - 📦 [20/20] Processando Baytril
2025-12-14 20:12:58,869 - scraper_base - INFO - 🔍 Petlove: Buscando Baytril
2025-12-14 20:13:00,372 - scraper_base - INFO - ✅ Petlove: 5 produto(s) encontrado(s) para Baytril
2025-12-14 20:13:03,047 - scraper_base - INFO - 📊 Petlove - Estatísticas finais:
2025-12-14 20:13:03,047 - scraper_base - INFO -    • Medicamentos processados: 20
2025-12-14 20:13:03,047 - scraper_base - INFO -    • Produtos encontrados: 192
2025-12-14 20:13:03,047 - scraper_base - INFO -    • Medicamentos sem resultado: 0
2025-12-14 20:13:03,047 - scraper_base - INFO -    • Tempo total: 89.2s
2025-12-14 20:13:03,048 - scraper_base - INFO -    • Tempo médio por medicamento: 4.5s
2025-12-14 20:13:03,084 - gerenciador_arquivos - INFO - Excel salvo: dados_coletados/petlove_20251214_201303.xlsx (192 produtos)
2025-12-14 20:13:03,084 - gerenciador_principal - INFO - Petlove: Arquivo individual salvo com sucesso
2025-12-14 20:13:03,084 - gerenciador_principal - INFO - Pausando entre sites...
2025-12-14 20:13:05,085 - gerenciador_principal - INFO - [3/3] Processando Petz
2025-12-14 20:13:05,085 - scraper_base - INFO - 🚀 Iniciando scraping completo - Petz
2025-12-14 20:13:05,569 - scraper_base - INFO - 📋 20 medicamentos para processar
2025-12-14 20:13:05,569 - scraper_base - INFO - 📦 [1/20] Processando Simparic
2025-12-14 20:13:05,569 - scraper_base - INFO - 🔍 Petz: Buscando Simparic
2025-12-14 20:13:10,086 - scraper_base - INFO - ✅ Petz: 12 produto(s) encontrado(s) para Simparic
2025-12-14 20:13:12,815 - scraper_base - INFO - 📦 [2/20] Processando Revolution
2025-12-14 20:13:12,815 - scraper_base - INFO - 🔍 Petz: Buscando Revolution
2025-12-14 20:13:15,275 - scraper_base - INFO - ✅ Petz: 28 produto(s) encontrado(s) para Revolution
2025-12-14 20:13:17,418 - scraper_base - INFO - 📦 [3/20] Processando NexGard
2025-12-14 20:13:17,418 - scraper_base - INFO - 🔍 Petz: Buscando NexGard
2025-12-14 20:13:19,570 - scraper_base - INFO - ✅ Petz: 22 produto(s) encontrado(s) para NexGard
2025-12-14 20:13:21,179 - scraper_base - INFO - 📦 [4/20] Processando NexGard Spectra
2025-12-14 20:13:21,179 - scraper_base - INFO - 🔍 Petz: Buscando NexGard Spectra
2025-12-14 20:13:23,021 - scraper_base - INFO - ✅ Petz: 10 produto(s) encontrado(s) para NexGard Spectra
2025-12-14 20:13:25,966 - scraper_base - INFO - 📦 [5/20] Processando NexGard Combo
2025-12-14 20:13:25,966 - scraper_base - INFO - 🔍 Petz: Buscando NexGard Combo
2025-12-14 20:13:28,121 - scraper_base - INFO - ✅ Petz: 4 produto(s) encontrado(s) para NexGard Combo
2025-12-14 20:13:30,219 - scraper_base - INFO - 📦 [6/20] Processando Bravecto
2025-12-14 20:13:30,219 - scraper_base - INFO - 🔍 Petz: Buscando Bravecto
2025-12-14 20:13:32,516 - scraper_base - INFO - ✅ Petz: 16 produto(s) encontrado(s) para Bravecto
2025-12-14 20:13:34,423 - scraper_base - INFO - 📦 [7/20] Processando Frontline
2025-12-14 20:13:34,423 - scraper_base - INFO - 🔍 Petz: Buscando Frontline
2025-12-14 20:13:36,302 - scraper_base - INFO - ✅ Petz: 11 produto(s) encontrado(s) para Frontline
2025-12-14 20:13:38,229 - scraper_base - INFO - 📦 [8/20] Processando Advocate
2025-12-14 20:13:38,229 - scraper_base - INFO - 🔍 Petz: Buscando Advocate
2025-12-14 20:13:39,957 - scraper_base - INFO - ✅ Petz: 12 produto(s) encontrado(s) para Advocate
2025-12-14 20:13:42,846 - scraper_base - INFO - 📦 [9/20] Processando Drontal
2025-12-14 20:13:42,846 - scraper_base - INFO - 🔍 Petz: Buscando Drontal
2025-12-14 20:13:45,332 - scraper_base - INFO - ✅ Petz: 29 produto(s) encontrado(s) para Drontal
2025-12-14 20:13:47,908 - scraper_base - INFO - 📦 [10/20] Processando Milbemax
2025-12-14 20:13:47,909 - scraper_base - INFO - 🔍 Petz: Buscando Milbemax
2025-12-14 20:13:49,885 - scraper_base - INFO - ✅ Petz: 4 produto(s) encontrado(s) para Milbemax
2025-12-14 20:13:52,836 - scraper_base - INFO - 📦 [11/20] Processando Vermivet
2025-12-14 20:13:52,836 - scraper_base - INFO - 🔍 Petz: Buscando Vermivet
2025-12-14 20:13:54,667 - scraper_base - INFO - ✅ Petz: 5 produto(s) encontrado(s) para Vermivet
2025-12-14 20:13:56,211 - scraper_base - INFO - 📦 [12/20] Processando Rimadyl
2025-12-14 20:13:56,211 - scraper_base - INFO - 🔍 Petz: Buscando Rimadyl
2025-12-14 20:13:58,071 - scraper_base - INFO - ✅ Petz: 3 produto(s) encontrado(s) para Rimadyl
2025-12-14 20:14:00,185 - scraper_base - INFO - 📦 [13/20] Processando Onsior
2025-12-14 20:14:00,186 - scraper_base - INFO - 🔍 Petz: Buscando Onsior
2025-12-14 20:14:02,188 - scraper_base - INFO - ✅ Petz: 4 produto(s) encontrado(s) para Onsior
2025-12-14 20:14:03,394 - scraper_base - INFO - 📦 [14/20] Processando Maxicam
2025-12-14 20:14:03,394 - scraper_base - INFO - 🔍 Petz: Buscando Maxicam
2025-12-14 20:14:05,386 - scraper_base - INFO - ✅ Petz: 29 produto(s) encontrado(s) para Maxicam
2025-12-14 20:14:08,112 - scraper_base - INFO - 📦 [15/20] Processando Carproflan
2025-12-14 20:14:08,112 - scraper_base - INFO - 🔍 Petz: Buscando Carproflan
2025-12-14 20:14:10,277 - scraper_base - INFO - ✅ Petz: 3 produto(s) encontrado(s) para Carproflan
2025-12-14 20:14:12,238 - scraper_base - INFO - 📦 [16/20] Processando Previcox
2025-12-14 20:14:12,238 - scraper_base - INFO - 🔍 Petz: Buscando Previcox
2025-12-14 20:14:13,906 - scraper_base - INFO - ✅ Petz: 2 produto(s) encontrado(s) para Previcox
2025-12-14 20:14:16,384 - scraper_base - INFO - 📦 [17/20] Processando Apoquel
2025-12-14 20:14:16,384 - scraper_base - INFO - 🔍 Petz: Buscando Apoquel
2025-12-14 20:14:17,852 - scraper_base - INFO - ✅ Petz: 3 produto(s) encontrado(s) para Apoquel
2025-12-14 20:14:20,113 - scraper_base - INFO - 📦 [18/20] Processando Zenrelia
2025-12-14 20:14:20,113 - scraper_base - INFO - 🔍 Petz: Buscando Zenrelia
2025-12-14 20:14:22,092 - scraper_base - INFO - ✅ Petz: 4 produto(s) encontrado(s) para Zenrelia
2025-12-14 20:14:24,262 - scraper_base - INFO - 📦 [19/20] Processando Synulox
2025-12-14 20:14:24,263 - scraper_base - INFO - 🔍 Petz: Buscando Synulox
2025-12-14 20:14:25,814 - scraper_base - INFO - ✅ Petz: 2 produto(s) encontrado(s) para Synulox
2025-12-14 20:14:26,910 - scraper_base - INFO - 📦 [20/20] Processando Baytril
2025-12-14 20:14:26,911 - scraper_base - INFO - 🔍 Petz: Buscando Baytril
2025-12-14 20:14:28,786 - scraper_base - INFO - ✅ Petz: 10 produto(s) encontrado(s) para Baytril
2025-12-14 20:14:31,599 - scraper_base - INFO - 📊 Petz - Estatísticas finais:
2025-12-14 20:14:31,599 - scraper_base - INFO -    • Medicamentos processados: 20
2025-12-14 20:14:31,599 - scraper_base - INFO -    • Produtos encontrados: 213
2025-12-14 20:14:31,599 - scraper_base - INFO -    • Medicamentos sem resultado: 0
2025-12-14 20:14:31,599 - scraper_base - INFO -    • Tempo total: 86.5s
2025-12-14 20:14:31,599 - scraper_base - INFO -    • Tempo médio por medicamento: 4.3s
2025-12-14 20:14:31,643 - gerenciador_arquivos - INFO - Excel salvo: dados_coletados/petz_20251214_201431.xlsx (213 produtos)
2025-12-14 20:14:31,643 - gerenciador_principal - INFO - Petz: Arquivo individual salvo com sucesso
2025-12-14 20:14:31,643 - gerenciador_principal - INFO - Gerando relatório consolidado...
2025-12-14 20:14:31,878 - gerenciador_arquivos - INFO - Relatório consolidado salvo: dados_relatorios/relatorio_consolidado_20251214_201431.xlsx
2025-12-14 20:14:32,000 - gerenciador_conexoes - INFO - Chrome fechado
2025-12-14 20:14:32,000 - gerenciador_conexoes - INFO - Métodos utilizados - Requests: 33.3%, Selenium: 66.7%, Falhas: 0.0%
2025-12-14 20:14:32,000 - gerenciador_principal - INFO - ============================================================
2025-12-14 20:14:32,000 - gerenciador_principal - INFO - RELATORIO FINAL DE EXECUÇÃO
2025-12-14 20:14:32,000 - gerenciador_principal - INFO - ============================================================
2025-12-14 20:14:32,000 - gerenciador_principal - INFO - Sites processados: 3
2025-12-14 20:14:32,000 - gerenciador_principal - INFO - Sites com sucesso: 3
2025-12-14 20:14:32,000 - gerenciador_principal - INFO - Total de produtos coletados: 571
2025-12-14 20:14:32,000 - gerenciador_principal - INFO - Tempo total de execução: 262.2 segundos
2025-12-14 20:14:32,000 - gerenciador_principal - INFO - Estatísticas de conexão:
2025-12-14 20:14:32,000 - gerenciador_principal - INFO -   - Requests bem-sucedidos: 33.3%
2025-12-14 20:14:32,000 - gerenciador_principal - INFO -   - Selenium fallback: 66.7%
2025-12-14 20:14:32,000 - gerenciador_principal - INFO -   - Falhas totais: 0.0%
2025-12-14 20:14:32,001 - gerenciador_principal - INFO - Arquivos salvos na pasta: dados_coletados
2025-12-14 20:14:32,001 - gerenciador_principal - INFO - Total de arquivos: 231
2025-12-14 20:14:32,001 - gerenciador_principal - INFO - ============================================================
