2026-05-05 20:49:57,812 - configurador_logs - INFO - Sistema de logs configurado com sucesso
2026-05-05 20:49:57,812 - configurador_logs - INFO - 🚀 Logs configurados para MODO PRODUÇÃO
2026-05-05 20:49:57,812 - gerenciador_principal - INFO - Inicializando sistema - Modo: PRODUCAO
2026-05-05 20:49:57,813 - gerenciador_arquivos - INFO - Pasta dados_coletados preparada
2026-05-05 20:49:57,813 - gerenciador_principal - INFO - Sistema inicializado com 3 scrapers
2026-05-05 20:49:57,813 - gerenciador_principal - INFO - ============================================================
2026-05-05 20:49:57,813 - gerenciador_principal - INFO - INICIANDO SCRAPING COMPLETO - PRODUCAO
2026-05-05 20:49:57,813 - gerenciador_principal - INFO - ============================================================
2026-05-05 20:49:57,813 - gerenciador_principal - INFO - [1/3] Processando Cobasi
2026-05-05 20:49:57,813 - scraper_base - INFO - 🚀 Iniciando scraping completo - Cobasi
2026-05-05 20:49:59,430 - gerenciador_conexoes - INFO - Sessao estabelecida com cobasi.com.br
2026-05-05 20:49:59,430 - scraper_base - INFO - 📋 20 medicamentos para processar
2026-05-05 20:49:59,430 - scraper_base - INFO - 📦 [1/20] Processando Simparic
2026-05-05 20:49:59,430 - scraper_base - INFO - 🔍 Cobasi: Buscando Simparic
2026-05-05 20:50:03,339 - scraper_cobasi - INFO - Cobasi: Dados extraídos via JSON para Simparic
2026-05-05 20:50:03,339 - scraper_base - INFO - ✅ Cobasi: 22 produto(s) encontrado(s) para Simparic
2026-05-05 20:50:05,346 - scraper_base - INFO - 📦 [2/20] Processando Revolution
2026-05-05 20:50:05,346 - scraper_base - INFO - 🔍 Cobasi: Buscando Revolution
2026-05-05 20:50:09,219 - scraper_cobasi - INFO - Cobasi: Dados extraídos via JSON para Revolution
2026-05-05 20:50:09,219 - scraper_base - INFO - ✅ Cobasi: 18 produto(s) encontrado(s) para Revolution
2026-05-05 20:50:11,118 - scraper_base - INFO - 📦 [3/20] Processando NexGard
2026-05-05 20:50:11,118 - scraper_base - INFO - 🔍 Cobasi: Buscando NexGard
2026-05-05 20:50:17,915 - scraper_cobasi - INFO - Cobasi: Dados extraídos via JSON para NexGard
2026-05-05 20:50:17,915 - scraper_base - INFO - ✅ Cobasi: 22 produto(s) encontrado(s) para NexGard
2026-05-05 20:50:20,490 - scraper_base - INFO - 📦 [4/20] Processando NexGard Spectra
2026-05-05 20:50:20,490 - scraper_base - INFO - 🔍 Cobasi: Buscando NexGard Spectra
2026-05-05 20:50:23,475 - scraper_cobasi - INFO - Cobasi: Dados extraídos via JSON para NexGard Spectra
2026-05-05 20:50:23,476 - scraper_base - INFO - ✅ Cobasi: 10 produto(s) encontrado(s) para NexGard Spectra
2026-05-05 20:50:25,439 - scraper_base - INFO - 📦 [5/20] Processando NexGard Combo
2026-05-05 20:50:25,439 - scraper_base - INFO - 🔍 Cobasi: Buscando NexGard Combo
2026-05-05 20:50:27,824 - scraper_cobasi - INFO - Cobasi: Dados extraídos via JSON para NexGard Combo
2026-05-05 20:50:27,824 - scraper_base - INFO - ✅ Cobasi: 4 produto(s) encontrado(s) para NexGard Combo
2026-05-05 20:50:30,226 - scraper_base - INFO - 📦 [6/20] Processando Bravecto
2026-05-05 20:50:30,226 - scraper_base - INFO - 🔍 Cobasi: Buscando Bravecto
2026-05-05 20:50:34,209 - scraper_cobasi - INFO - Cobasi: Dados extraídos via JSON para Bravecto
2026-05-05 20:50:34,209 - scraper_base - INFO - ✅ Cobasi: 16 produto(s) encontrado(s) para Bravecto
2026-05-05 20:50:36,973 - scraper_base - INFO - 📦 [7/20] Processando Frontline
2026-05-05 20:50:36,973 - scraper_base - INFO - 🔍 Cobasi: Buscando Frontline
2026-05-05 20:50:40,306 - scraper_cobasi - INFO - Cobasi: Dados extraídos via JSON para Frontline
2026-05-05 20:50:40,306 - scraper_base - INFO - ✅ Cobasi: 11 produto(s) encontrado(s) para Frontline
2026-05-05 20:50:43,152 - scraper_base - INFO - 📦 [8/20] Processando Advocate
2026-05-05 20:50:43,152 - scraper_base - INFO - 🔍 Cobasi: Buscando Advocate
2026-05-05 20:50:47,126 - scraper_cobasi - INFO - Cobasi: Dados extraídos via JSON para Advocate
2026-05-05 20:50:47,126 - scraper_base - INFO - ✅ Cobasi: 12 produto(s) encontrado(s) para Advocate
2026-05-05 20:50:49,876 - scraper_base - INFO - 📦 [9/20] Processando Drontal
2026-05-05 20:50:49,877 - scraper_base - INFO - 🔍 Cobasi: Buscando Drontal
2026-05-05 20:50:53,187 - scraper_cobasi - INFO - Cobasi: Dados extraídos via JSON para Drontal
2026-05-05 20:50:53,187 - scraper_base - INFO - ✅ Cobasi: 8 produto(s) encontrado(s) para Drontal
2026-05-05 20:50:55,567 - scraper_base - INFO - 📦 [10/20] Processando Milbemax
2026-05-05 20:50:55,567 - scraper_base - INFO - 🔍 Cobasi: Buscando Milbemax
2026-05-05 20:50:59,210 - scraper_cobasi - INFO - Cobasi: Dados extraídos via JSON para Milbemax
2026-05-05 20:50:59,210 - scraper_base - INFO - ✅ Cobasi: 4 produto(s) encontrado(s) para Milbemax
2026-05-05 20:51:01,577 - scraper_base - INFO - 📦 [11/20] Processando Vermivet
2026-05-05 20:51:01,577 - scraper_base - INFO - 🔍 Cobasi: Buscando Vermivet
2026-05-05 20:51:05,193 - scraper_cobasi - INFO - Cobasi: Dados extraídos via JSON para Vermivet
2026-05-05 20:51:05,193 - scraper_base - INFO - ✅ Cobasi: 5 produto(s) encontrado(s) para Vermivet
2026-05-05 20:51:06,241 - scraper_base - INFO - 📦 [12/20] Processando Rimadyl
2026-05-05 20:51:06,242 - scraper_base - INFO - 🔍 Cobasi: Buscando Rimadyl
2026-05-05 20:51:09,111 - scraper_cobasi - INFO - Cobasi: Dados extraídos via JSON para Rimadyl
2026-05-05 20:51:09,111 - scraper_base - INFO - ✅ Cobasi: 3 produto(s) encontrado(s) para Rimadyl
2026-05-05 20:51:10,992 - scraper_base - INFO - 📦 [13/20] Processando Onsior
2026-05-05 20:51:10,992 - scraper_base - INFO - 🔍 Cobasi: Buscando Onsior
2026-05-05 20:51:14,297 - scraper_cobasi - INFO - Cobasi: Dados extraídos via JSON para Onsior
2026-05-05 20:51:14,297 - scraper_base - INFO - ✅ Cobasi: 4 produto(s) encontrado(s) para Onsior
2026-05-05 20:51:15,880 - scraper_base - INFO - 📦 [14/20] Processando Maxicam
2026-05-05 20:51:15,880 - scraper_base - INFO - 🔍 Cobasi: Buscando Maxicam
2026-05-05 20:51:18,848 - scraper_cobasi - INFO - Cobasi: Dados extraídos via JSON para Maxicam
2026-05-05 20:51:18,848 - scraper_base - INFO - ✅ Cobasi: 3 produto(s) encontrado(s) para Maxicam
2026-05-05 20:51:20,649 - scraper_base - INFO - 📦 [15/20] Processando Carproflan
2026-05-05 20:51:20,649 - scraper_base - INFO - 🔍 Cobasi: Buscando Carproflan
2026-05-05 20:51:23,787 - scraper_cobasi - INFO - Cobasi: Dados extraídos via JSON para Carproflan
2026-05-05 20:51:23,787 - scraper_base - INFO - ✅ Cobasi: 3 produto(s) encontrado(s) para Carproflan
2026-05-05 20:51:25,887 - scraper_base - INFO - 📦 [16/20] Processando Previcox
2026-05-05 20:51:25,887 - scraper_base - INFO - 🔍 Cobasi: Buscando Previcox
2026-05-05 20:51:28,377 - scraper_cobasi - INFO - Cobasi: Dados extraídos via JSON para Previcox
2026-05-05 20:51:28,377 - scraper_base - INFO - ✅ Cobasi: 2 produto(s) encontrado(s) para Previcox
2026-05-05 20:51:31,266 - scraper_base - INFO - 📦 [17/20] Processando Apoquel
2026-05-05 20:51:31,266 - scraper_base - INFO - 🔍 Cobasi: Buscando Apoquel
2026-05-05 20:51:34,415 - scraper_cobasi - INFO - Cobasi: Dados extraídos via JSON para Apoquel
2026-05-05 20:51:34,415 - scraper_base - INFO - ✅ Cobasi: 3 produto(s) encontrado(s) para Apoquel
2026-05-05 20:51:36,553 - scraper_base - INFO - 📦 [18/20] Processando Zenrelia
2026-05-05 20:51:36,553 - scraper_base - INFO - 🔍 Cobasi: Buscando Zenrelia
2026-05-05 20:51:39,838 - scraper_cobasi - INFO - Cobasi: Dados extraídos via JSON para Zenrelia
2026-05-05 20:51:39,838 - scraper_base - INFO - ✅ Cobasi: 4 produto(s) encontrado(s) para Zenrelia
2026-05-05 20:51:41,806 - scraper_base - INFO - 📦 [19/20] Processando Synulox
2026-05-05 20:51:41,806 - scraper_base - INFO - 🔍 Cobasi: Buscando Synulox
2026-05-05 20:51:44,403 - scraper_cobasi - INFO - Cobasi: Dados extraídos via JSON para Synulox
2026-05-05 20:51:44,403 - scraper_base - INFO - ✅ Cobasi: 2 produto(s) encontrado(s) para Synulox
2026-05-05 20:51:46,012 - scraper_base - INFO - 📦 [20/20] Processando Baytril
2026-05-05 20:51:46,013 - scraper_base - INFO - 🔍 Cobasi: Buscando Baytril
2026-05-05 20:51:49,368 - scraper_cobasi - INFO - Cobasi: Dados extraídos via JSON para Baytril
2026-05-05 20:51:49,368 - scraper_base - INFO - ✅ Cobasi: 3 produto(s) encontrado(s) para Baytril
2026-05-05 20:51:51,052 - scraper_base - INFO - 📊 Cobasi - Estatísticas finais:
2026-05-05 20:51:51,052 - scraper_base - INFO -    • Medicamentos processados: 20
2026-05-05 20:51:51,052 - scraper_base - INFO -    • Produtos encontrados: 159
2026-05-05 20:51:51,052 - scraper_base - INFO -    • Medicamentos sem resultado: 0
2026-05-05 20:51:51,052 - scraper_base - INFO -    • Tempo total: 113.2s
2026-05-05 20:51:51,052 - scraper_base - INFO -    • Tempo médio por medicamento: 5.7s
2026-05-05 20:51:51,214 - gerenciador_arquivos - INFO - Excel salvo: dados_coletados/cobasi_20260505_205151.xlsx (159 produtos)
2026-05-05 20:51:51,214 - gerenciador_principal - INFO - Cobasi: Arquivo individual salvo com sucesso
2026-05-05 20:51:51,214 - gerenciador_principal - INFO - Pausando entre sites...
2026-05-05 20:51:53,214 - gerenciador_principal - INFO - [2/3] Processando Petlove
2026-05-05 20:51:53,214 - scraper_base - INFO - 🚀 Iniciando scraping completo - Petlove
2026-05-05 20:51:53,836 - gerenciador_conexoes - INFO - Sessao estabelecida com petlove.com.br
2026-05-05 20:51:53,836 - scraper_base - INFO - 📋 20 medicamentos para processar
2026-05-05 20:51:53,836 - scraper_base - INFO - 📦 [1/20] Processando Simparic
2026-05-05 20:51:53,836 - scraper_base - INFO - 🔍 Petlove: Buscando Simparic
2026-05-05 20:51:54,719 - scraper_base - INFO - ✅ Petlove: 36 produto(s) encontrado(s) para Simparic
2026-05-05 20:51:56,499 - scraper_base - INFO - 📦 [2/20] Processando Revolution
2026-05-05 20:51:56,499 - scraper_base - INFO - 🔍 Petlove: Buscando Revolution
2026-05-05 20:51:57,198 - scraper_base - INFO - ✅ Petlove: 20 produto(s) encontrado(s) para Revolution
2026-05-05 20:52:00,133 - scraper_base - INFO - 📦 [3/20] Processando NexGard
2026-05-05 20:52:00,133 - scraper_base - INFO - 🔍 Petlove: Buscando NexGard
2026-05-05 20:52:00,838 - scraper_base - INFO - ✅ Petlove: 11 produto(s) encontrado(s) para NexGard
2026-05-05 20:52:02,093 - scraper_base - INFO - 📦 [4/20] Processando NexGard Spectra
2026-05-05 20:52:02,093 - scraper_base - INFO - 🔍 Petlove: Buscando NexGard Spectra
2026-05-05 20:52:02,859 - scraper_base - INFO - ✅ Petlove: 5 produto(s) encontrado(s) para NexGard Spectra
2026-05-05 20:52:04,752 - scraper_base - INFO - 📦 [5/20] Processando NexGard Combo
2026-05-05 20:52:04,753 - scraper_base - INFO - 🔍 Petlove: Buscando NexGard Combo
2026-05-05 20:52:05,526 - scraper_base - INFO - ✅ Petlove: 2 produto(s) encontrado(s) para NexGard Combo
2026-05-05 20:52:08,056 - scraper_base - INFO - 📦 [6/20] Processando Bravecto
2026-05-05 20:52:08,057 - scraper_base - INFO - 🔍 Petlove: Buscando Bravecto
2026-05-05 20:52:08,858 - scraper_base - INFO - ✅ Petlove: 22 produto(s) encontrado(s) para Bravecto
2026-05-05 20:52:10,884 - scraper_base - INFO - 📦 [7/20] Processando Frontline
2026-05-05 20:52:10,884 - scraper_base - INFO - 🔍 Petlove: Buscando Frontline
2026-05-05 20:52:11,585 - scraper_base - INFO - ✅ Petlove: 11 produto(s) encontrado(s) para Frontline
2026-05-05 20:52:13,712 - scraper_base - INFO - 📦 [8/20] Processando Advocate
2026-05-05 20:52:13,712 - scraper_base - INFO - 🔍 Petlove: Buscando Advocate
2026-05-05 20:52:14,486 - scraper_base - INFO - ✅ Petlove: 9 produto(s) encontrado(s) para Advocate
2026-05-05 20:52:16,148 - scraper_base - INFO - 📦 [9/20] Processando Drontal
2026-05-05 20:52:16,149 - scraper_base - INFO - 🔍 Petlove: Buscando Drontal
2026-05-05 20:52:17,343 - scraper_base - INFO - ✅ Petlove: 36 produto(s) encontrado(s) para Drontal
2026-05-05 20:52:20,319 - scraper_base - INFO - 📦 [10/20] Processando Milbemax
2026-05-05 20:52:20,319 - scraper_base - INFO - 🔍 Petlove: Buscando Milbemax
2026-05-05 20:52:21,884 - scraper_base - INFO - ✅ Petlove: 14 produto(s) encontrado(s) para Milbemax
2026-05-05 20:52:24,809 - scraper_base - INFO - 📦 [11/20] Processando Vermivet
2026-05-05 20:52:24,809 - scraper_base - INFO - 🔍 Petlove: Buscando Vermivet
2026-05-05 20:52:25,692 - scraper_base - INFO - ✅ Petlove: 36 produto(s) encontrado(s) para Vermivet
2026-05-05 20:52:27,946 - scraper_base - INFO - 📦 [12/20] Processando Rimadyl
2026-05-05 20:52:27,946 - scraper_base - INFO - 🔍 Petlove: Buscando Rimadyl
2026-05-05 20:52:28,626 - scraper_base - INFO - ✅ Petlove: 1 produto(s) encontrado(s) para Rimadyl
2026-05-05 20:52:31,174 - scraper_base - INFO - 📦 [13/20] Processando Onsior
2026-05-05 20:52:31,174 - scraper_base - INFO - 🔍 Petlove: Buscando Onsior
2026-05-05 20:52:31,900 - scraper_base - INFO - ✅ Petlove: 4 produto(s) encontrado(s) para Onsior
2026-05-05 20:52:32,999 - scraper_base - INFO - 📦 [14/20] Processando Maxicam
2026-05-05 20:52:32,999 - scraper_base - INFO - 🔍 Petlove: Buscando Maxicam
2026-05-05 20:52:33,646 - scraper_base - INFO - ✅ Petlove: 3 produto(s) encontrado(s) para Maxicam
2026-05-05 20:52:36,264 - scraper_base - INFO - 📦 [15/20] Processando Carproflan
2026-05-05 20:52:36,265 - scraper_base - INFO - 🔍 Petlove: Buscando Carproflan
2026-05-05 20:52:37,069 - scraper_base - INFO - ✅ Petlove: 8 produto(s) encontrado(s) para Carproflan
2026-05-05 20:52:39,914 - scraper_base - INFO - 📦 [16/20] Processando Previcox
2026-05-05 20:52:39,914 - scraper_base - INFO - 🔍 Petlove: Buscando Previcox
2026-05-05 20:52:40,571 - scraper_base - INFO - ✅ Petlove: 4 produto(s) encontrado(s) para Previcox
2026-05-05 20:52:43,096 - scraper_base - INFO - 📦 [17/20] Processando Apoquel
2026-05-05 20:52:43,096 - scraper_base - INFO - 🔍 Petlove: Buscando Apoquel
2026-05-05 20:52:43,965 - scraper_base - INFO - ✅ Petlove: 16 produto(s) encontrado(s) para Apoquel
2026-05-05 20:52:45,489 - scraper_base - INFO - 📦 [18/20] Processando Zenrelia
2026-05-05 20:52:45,489 - scraper_base - INFO - 🔍 Petlove: Buscando Zenrelia
2026-05-05 20:52:46,185 - scraper_base - INFO - ✅ Petlove: 4 produto(s) encontrado(s) para Zenrelia
2026-05-05 20:52:48,929 - scraper_base - INFO - 📦 [19/20] Processando Synulox
2026-05-05 20:52:48,929 - scraper_base - INFO - 🔍 Petlove: Buscando Synulox
2026-05-05 20:52:49,639 - scraper_base - INFO - ✅ Petlove: 1 produto(s) encontrado(s) para Synulox
2026-05-05 20:52:52,494 - scraper_base - INFO - 📦 [20/20] Processando Baytril
2026-05-05 20:52:52,494 - scraper_base - INFO - 🔍 Petlove: Buscando Baytril
2026-05-05 20:52:53,536 - scraper_base - INFO - ✅ Petlove: 5 produto(s) encontrado(s) para Baytril
2026-05-05 20:52:54,710 - scraper_base - INFO - 📊 Petlove - Estatísticas finais:
2026-05-05 20:52:54,710 - scraper_base - INFO -    • Medicamentos processados: 20
2026-05-05 20:52:54,710 - scraper_base - INFO -    • Produtos encontrados: 248
2026-05-05 20:52:54,710 - scraper_base - INFO -    • Medicamentos sem resultado: 0
2026-05-05 20:52:54,710 - scraper_base - INFO -    • Tempo total: 61.5s
2026-05-05 20:52:54,710 - scraper_base - INFO -    • Tempo médio por medicamento: 3.1s
2026-05-05 20:52:54,747 - gerenciador_arquivos - INFO - Excel salvo: dados_coletados/petlove_20260505_205254.xlsx (248 produtos)
2026-05-05 20:52:54,747 - gerenciador_principal - INFO - Petlove: Arquivo individual salvo com sucesso
2026-05-05 20:52:54,747 - gerenciador_principal - INFO - Pausando entre sites...
2026-05-05 20:52:56,747 - gerenciador_principal - INFO - [3/3] Processando Petz
2026-05-05 20:52:56,747 - scraper_base - INFO - 🚀 Iniciando scraping completo - Petz
2026-05-05 20:52:57,100 - scraper_base - INFO - 📋 20 medicamentos para processar
2026-05-05 20:52:57,100 - scraper_base - INFO - 📦 [1/20] Processando Simparic
2026-05-05 20:52:57,100 - scraper_base - INFO - 🔍 Petz: Buscando Simparic
2026-05-05 20:52:59,304 - gerenciador_conexoes - INFO - Chrome inicializado com otimizacoes de velocidade
2026-05-05 20:53:03,208 - scraper_base - INFO - ✅ Petz: 12 produto(s) encontrado(s) para Simparic
2026-05-05 20:53:04,649 - scraper_base - INFO - 📦 [2/20] Processando Revolution
2026-05-05 20:53:04,823 - scraper_base - INFO - 🔍 Petz: Buscando Revolution
2026-05-05 20:53:07,671 - scraper_base - INFO - ✅ Petz: 21 produto(s) encontrado(s) para Revolution
2026-05-05 20:53:10,322 - scraper_base - INFO - 📦 [3/20] Processando NexGard
2026-05-05 20:53:10,323 - scraper_base - INFO - 🔍 Petz: Buscando NexGard
2026-05-05 20:53:13,224 - scraper_base - INFO - ✅ Petz: 22 produto(s) encontrado(s) para NexGard
2026-05-05 20:53:15,188 - scraper_base - INFO - 📦 [4/20] Processando NexGard Spectra
2026-05-05 20:53:15,188 - scraper_base - INFO - 🔍 Petz: Buscando NexGard Spectra
2026-05-05 20:53:16,957 - scraper_base - INFO - ✅ Petz: 10 produto(s) encontrado(s) para NexGard Spectra
2026-05-05 20:53:18,775 - scraper_base - INFO - 📦 [5/20] Processando NexGard Combo
2026-05-05 20:53:18,775 - scraper_base - INFO - 🔍 Petz: Buscando NexGard Combo
2026-05-05 20:53:20,943 - scraper_base - INFO - ✅ Petz: 4 produto(s) encontrado(s) para NexGard Combo
2026-05-05 20:53:23,897 - scraper_base - INFO - 📦 [6/20] Processando Bravecto
2026-05-05 20:53:23,897 - scraper_base - INFO - 🔍 Petz: Buscando Bravecto
2026-05-05 20:53:25,781 - scraper_base - INFO - ✅ Petz: 16 produto(s) encontrado(s) para Bravecto
2026-05-05 20:53:27,917 - scraper_base - INFO - 📦 [7/20] Processando Frontline
2026-05-05 20:53:27,917 - scraper_base - INFO - 🔍 Petz: Buscando Frontline
2026-05-05 20:53:29,646 - scraper_base - INFO - ✅ Petz: 11 produto(s) encontrado(s) para Frontline
2026-05-05 20:53:30,921 - scraper_base - INFO - 📦 [8/20] Processando Advocate
2026-05-05 20:53:30,921 - scraper_base - INFO - 🔍 Petz: Buscando Advocate
2026-05-05 20:53:33,115 - scraper_base - INFO - ✅ Petz: 12 produto(s) encontrado(s) para Advocate
2026-05-05 20:53:34,173 - scraper_base - INFO - 📦 [9/20] Processando Drontal
2026-05-05 20:53:34,173 - scraper_base - INFO - 🔍 Petz: Buscando Drontal
2026-05-05 20:53:36,747 - scraper_base - INFO - ✅ Petz: 36 produto(s) encontrado(s) para Drontal
2026-05-05 20:53:39,316 - scraper_base - INFO - 📦 [10/20] Processando Milbemax
2026-05-05 20:53:39,316 - scraper_base - INFO - 🔍 Petz: Buscando Milbemax
2026-05-05 20:53:41,298 - scraper_base - INFO - ✅ Petz: 4 produto(s) encontrado(s) para Milbemax
2026-05-05 20:53:43,396 - scraper_base - INFO - 📦 [11/20] Processando Vermivet
2026-05-05 20:53:43,396 - scraper_base - INFO - 🔍 Petz: Buscando Vermivet
2026-05-05 20:53:45,207 - scraper_base - INFO - ✅ Petz: 5 produto(s) encontrado(s) para Vermivet
2026-05-05 20:53:46,813 - scraper_base - INFO - 📦 [12/20] Processando Rimadyl
2026-05-05 20:53:46,813 - scraper_base - INFO - 🔍 Petz: Buscando Rimadyl
2026-05-05 20:53:48,277 - scraper_base - INFO - ✅ Petz: 3 produto(s) encontrado(s) para Rimadyl
2026-05-05 20:53:49,931 - scraper_base - INFO - 📦 [13/20] Processando Onsior
2026-05-05 20:53:49,931 - scraper_base - INFO - 🔍 Petz: Buscando Onsior
2026-05-05 20:53:51,950 - scraper_base - INFO - ✅ Petz: 4 produto(s) encontrado(s) para Onsior
2026-05-05 20:53:54,917 - scraper_base - INFO - 📦 [14/20] Processando Maxicam
2026-05-05 20:53:54,917 - scraper_base - INFO - 🔍 Petz: Buscando Maxicam
2026-05-05 20:53:57,139 - scraper_base - INFO - ✅ Petz: 30 produto(s) encontrado(s) para Maxicam
2026-05-05 20:53:59,659 - scraper_base - INFO - 📦 [15/20] Processando Carproflan
2026-05-05 20:53:59,659 - scraper_base - INFO - 🔍 Petz: Buscando Carproflan
2026-05-05 20:54:01,388 - scraper_base - INFO - ✅ Petz: 3 produto(s) encontrado(s) para Carproflan
2026-05-05 20:54:02,975 - scraper_base - INFO - 📦 [16/20] Processando Previcox
2026-05-05 20:54:02,975 - scraper_base - INFO - 🔍 Petz: Buscando Previcox
2026-05-05 20:54:04,712 - scraper_base - INFO - ✅ Petz: 2 produto(s) encontrado(s) para Previcox
2026-05-05 20:54:07,512 - scraper_base - INFO - 📦 [17/20] Processando Apoquel
2026-05-05 20:54:07,512 - scraper_base - INFO - 🔍 Petz: Buscando Apoquel
2026-05-05 20:54:09,734 - scraper_base - INFO - ✅ Petz: 3 produto(s) encontrado(s) para Apoquel
2026-05-05 20:54:11,847 - scraper_base - INFO - 📦 [18/20] Processando Zenrelia
2026-05-05 20:54:11,848 - scraper_base - INFO - 🔍 Petz: Buscando Zenrelia
2026-05-05 20:54:13,848 - scraper_base - INFO - ✅ Petz: 4 produto(s) encontrado(s) para Zenrelia
2026-05-05 20:54:16,306 - scraper_base - INFO - 📦 [19/20] Processando Synulox
2026-05-05 20:54:16,306 - scraper_base - INFO - 🔍 Petz: Buscando Synulox
2026-05-05 20:54:17,802 - scraper_base - INFO - ✅ Petz: 2 produto(s) encontrado(s) para Synulox
2026-05-05 20:54:20,478 - scraper_base - INFO - 📦 [20/20] Processando Baytril
2026-05-05 20:54:20,478 - scraper_base - INFO - 🔍 Petz: Buscando Baytril
2026-05-05 20:54:22,820 - scraper_base - INFO - ✅ Petz: 9 produto(s) encontrado(s) para Baytril
2026-05-05 20:54:24,258 - scraper_base - INFO - 📊 Petz - Estatísticas finais:
2026-05-05 20:54:24,258 - scraper_base - INFO -    • Medicamentos processados: 20
2026-05-05 20:54:24,258 - scraper_base - INFO -    • Produtos encontrados: 213
2026-05-05 20:54:24,258 - scraper_base - INFO -    • Medicamentos sem resultado: 0
2026-05-05 20:54:24,259 - scraper_base - INFO -    • Tempo total: 87.5s
2026-05-05 20:54:24,259 - scraper_base - INFO -    • Tempo médio por medicamento: 4.4s
2026-05-05 20:54:24,296 - gerenciador_arquivos - INFO - Excel salvo: dados_coletados/petz_20260505_205424.xlsx (213 produtos)
2026-05-05 20:54:24,296 - gerenciador_principal - INFO - Petz: Arquivo individual salvo com sucesso
2026-05-05 20:54:24,296 - gerenciador_principal - INFO - Gerando relatório consolidado...
2026-05-05 20:54:24,540 - gerenciador_arquivos - INFO - Relatório consolidado salvo: dados_relatorios/relatorio_consolidado_20260505_205424.xlsx
2026-05-05 20:54:24,636 - gerenciador_conexoes - INFO - Chrome fechado
2026-05-05 20:54:24,637 - gerenciador_conexoes - INFO - Métodos utilizados - Requests: 66.7%, Selenium: 33.3%, Falhas: 0.0%
2026-05-05 20:54:24,637 - gerenciador_principal - INFO - ============================================================
2026-05-05 20:54:24,637 - gerenciador_principal - INFO - RELATORIO FINAL DE EXECUÇÃO
2026-05-05 20:54:24,637 - gerenciador_principal - INFO - ============================================================
2026-05-05 20:54:24,637 - gerenciador_principal - INFO - Sites processados: 3
2026-05-05 20:54:24,637 - gerenciador_principal - INFO - Sites com sucesso: 3
2026-05-05 20:54:24,637 - gerenciador_principal - INFO - Total de produtos coletados: 620
2026-05-05 20:54:24,637 - gerenciador_principal - INFO - Tempo total de execução: 266.5 segundos
2026-05-05 20:54:24,637 - gerenciador_principal - INFO - Estatísticas de conexão:
2026-05-05 20:54:24,637 - gerenciador_principal - INFO -   - Requests bem-sucedidos: 66.7%
2026-05-05 20:54:24,637 - gerenciador_principal - INFO -   - Selenium fallback: 33.3%
2026-05-05 20:54:24,637 - gerenciador_principal - INFO -   - Falhas totais: 0.0%
2026-05-05 20:54:24,639 - gerenciador_principal - INFO - Arquivos salvos na pasta: dados_coletados
2026-05-05 20:54:24,639 - gerenciador_principal - INFO - Total de arquivos: 637
2026-05-05 20:54:24,639 - gerenciador_principal - INFO - ============================================================
