2025-12-29 20:11:36,434 - configurador_logs - INFO - Sistema de logs configurado com sucesso
2025-12-29 20:11:36,434 - configurador_logs - INFO - 🚀 Logs configurados para MODO PRODUÇÃO
2025-12-29 20:11:36,434 - gerenciador_principal - INFO - Inicializando sistema - Modo: PRODUCAO
2025-12-29 20:11:36,435 - gerenciador_arquivos - INFO - Pasta dados_coletados preparada
2025-12-29 20:11:36,435 - gerenciador_principal - INFO - Sistema inicializado com 3 scrapers
2025-12-29 20:11:36,435 - gerenciador_principal - INFO - ============================================================
2025-12-29 20:11:36,435 - gerenciador_principal - INFO - INICIANDO SCRAPING COMPLETO - PRODUCAO
2025-12-29 20:11:36,435 - gerenciador_principal - INFO - ============================================================
2025-12-29 20:11:36,435 - gerenciador_principal - INFO - [1/3] Processando Cobasi
2025-12-29 20:11:36,435 - scraper_base - INFO - 🚀 Iniciando scraping completo - Cobasi
2025-12-29 20:11:38,121 - gerenciador_conexoes - INFO - Sessao estabelecida com cobasi.com.br
2025-12-29 20:11:38,122 - scraper_base - INFO - 📋 20 medicamentos para processar
2025-12-29 20:11:38,122 - scraper_base - INFO - 📦 [1/20] Processando Simparic
2025-12-29 20:11:38,122 - scraper_base - INFO - 🔍 Cobasi: Buscando Simparic
2025-12-29 20:11:40,531 - scraper_cobasi - INFO - Cobasi: Dados extraídos via JSON para Simparic
2025-12-29 20:11:40,531 - scraper_base - INFO - ✅ Cobasi: 12 produto(s) encontrado(s) para Simparic
2025-12-29 20:11:41,576 - scraper_base - INFO - 📦 [2/20] Processando Revolution
2025-12-29 20:11:41,576 - scraper_base - INFO - 🔍 Cobasi: Buscando Revolution
2025-12-29 20:11:41,630 - scraper_cobasi - INFO - Cobasi: Dados extraídos via JSON para Revolution
2025-12-29 20:11:41,630 - scraper_base - INFO - ✅ Cobasi: 18 produto(s) encontrado(s) para Revolution
2025-12-29 20:11:44,103 - scraper_base - INFO - 📦 [3/20] Processando NexGard
2025-12-29 20:11:44,103 - scraper_base - INFO - 🔍 Cobasi: Buscando NexGard
2025-12-29 20:11:46,758 - scraper_cobasi - INFO - Cobasi: Dados extraídos via JSON para NexGard
2025-12-29 20:11:46,758 - scraper_base - INFO - ✅ Cobasi: 22 produto(s) encontrado(s) para NexGard
2025-12-29 20:11:48,834 - scraper_base - INFO - 📦 [4/20] Processando NexGard Spectra
2025-12-29 20:11:48,835 - scraper_base - INFO - 🔍 Cobasi: Buscando NexGard Spectra
2025-12-29 20:11:51,524 - scraper_cobasi - INFO - Cobasi: Dados extraídos via JSON para NexGard Spectra
2025-12-29 20:11:51,524 - scraper_base - INFO - ✅ Cobasi: 10 produto(s) encontrado(s) para NexGard Spectra
2025-12-29 20:11:54,306 - scraper_base - INFO - 📦 [5/20] Processando NexGard Combo
2025-12-29 20:11:54,306 - scraper_base - INFO - 🔍 Cobasi: Buscando NexGard Combo
2025-12-29 20:11:56,117 - scraper_cobasi - INFO - Cobasi: Dados extraídos via JSON para NexGard Combo
2025-12-29 20:11:56,117 - scraper_base - INFO - ✅ Cobasi: 4 produto(s) encontrado(s) para NexGard Combo
2025-12-29 20:11:57,927 - scraper_base - INFO - 📦 [6/20] Processando Bravecto
2025-12-29 20:11:57,927 - scraper_base - INFO - 🔍 Cobasi: Buscando Bravecto
2025-12-29 20:11:58,450 - scraper_cobasi - INFO - Cobasi: Dados extraídos via JSON para Bravecto
2025-12-29 20:11:58,450 - scraper_base - INFO - ✅ Cobasi: 16 produto(s) encontrado(s) para Bravecto
2025-12-29 20:11:59,498 - scraper_base - INFO - 📦 [7/20] Processando Frontline
2025-12-29 20:11:59,498 - scraper_base - INFO - 🔍 Cobasi: Buscando Frontline
2025-12-29 20:12:02,447 - scraper_cobasi - INFO - Cobasi: Dados extraídos via JSON para Frontline
2025-12-29 20:12:02,447 - scraper_base - INFO - ✅ Cobasi: 10 produto(s) encontrado(s) para Frontline
2025-12-29 20:12:04,837 - scraper_base - INFO - 📦 [8/20] Processando Advocate
2025-12-29 20:12:04,837 - scraper_base - INFO - 🔍 Cobasi: Buscando Advocate
2025-12-29 20:12:07,379 - scraper_cobasi - INFO - Cobasi: Dados extraídos via JSON para Advocate
2025-12-29 20:12:07,380 - scraper_base - INFO - ✅ Cobasi: 12 produto(s) encontrado(s) para Advocate
2025-12-29 20:12:08,988 - scraper_base - INFO - 📦 [9/20] Processando Drontal
2025-12-29 20:12:08,989 - scraper_base - INFO - 🔍 Cobasi: Buscando Drontal
2025-12-29 20:12:11,892 - scraper_cobasi - INFO - Cobasi: Dados extraídos via JSON para Drontal
2025-12-29 20:12:11,892 - scraper_base - INFO - ✅ Cobasi: 8 produto(s) encontrado(s) para Drontal
2025-12-29 20:12:14,741 - scraper_base - INFO - 📦 [10/20] Processando Milbemax
2025-12-29 20:12:14,741 - scraper_base - INFO - 🔍 Cobasi: Buscando Milbemax
2025-12-29 20:12:16,943 - scraper_cobasi - INFO - Cobasi: Dados extraídos via JSON para Milbemax
2025-12-29 20:12:16,944 - scraper_base - INFO - ✅ Cobasi: 4 produto(s) encontrado(s) para Milbemax
2025-12-29 20:12:19,792 - scraper_base - INFO - 📦 [11/20] Processando Vermivet
2025-12-29 20:12:19,792 - scraper_base - INFO - 🔍 Cobasi: Buscando Vermivet
2025-12-29 20:12:21,985 - scraper_cobasi - INFO - Cobasi: Dados extraídos via JSON para Vermivet
2025-12-29 20:12:21,985 - scraper_base - INFO - ✅ Cobasi: 5 produto(s) encontrado(s) para Vermivet
2025-12-29 20:12:23,187 - scraper_base - INFO - 📦 [12/20] Processando Rimadyl
2025-12-29 20:12:23,187 - scraper_base - INFO - 🔍 Cobasi: Buscando Rimadyl
2025-12-29 20:12:24,981 - scraper_cobasi - INFO - Cobasi: Dados extraídos via JSON para Rimadyl
2025-12-29 20:12:24,981 - scraper_base - INFO - ✅ Cobasi: 3 produto(s) encontrado(s) para Rimadyl
2025-12-29 20:12:26,701 - scraper_base - INFO - 📦 [13/20] Processando Onsior
2025-12-29 20:12:26,701 - scraper_base - INFO - 🔍 Cobasi: Buscando Onsior
2025-12-29 20:12:28,698 - scraper_cobasi - INFO - Cobasi: Dados extraídos via JSON para Onsior
2025-12-29 20:12:28,698 - scraper_base - INFO - ✅ Cobasi: 4 produto(s) encontrado(s) para Onsior
2025-12-29 20:12:31,675 - scraper_base - INFO - 📦 [14/20] Processando Maxicam
2025-12-29 20:12:31,675 - scraper_base - INFO - 🔍 Cobasi: Buscando Maxicam
2025-12-29 20:12:34,510 - scraper_cobasi - INFO - Cobasi: Dados extraídos via JSON para Maxicam
2025-12-29 20:12:34,510 - scraper_base - INFO - ✅ Cobasi: 20 produto(s) encontrado(s) para Maxicam
2025-12-29 20:12:37,268 - scraper_base - INFO - 📦 [15/20] Processando Carproflan
2025-12-29 20:12:37,268 - scraper_base - INFO - 🔍 Cobasi: Buscando Carproflan
2025-12-29 20:12:39,137 - scraper_cobasi - INFO - Cobasi: Dados extraídos via JSON para Carproflan
2025-12-29 20:12:39,137 - scraper_base - INFO - ✅ Cobasi: 3 produto(s) encontrado(s) para Carproflan
2025-12-29 20:12:41,761 - scraper_base - INFO - 📦 [16/20] Processando Previcox
2025-12-29 20:12:41,761 - scraper_base - INFO - 🔍 Cobasi: Buscando Previcox
2025-12-29 20:12:43,697 - scraper_cobasi - INFO - Cobasi: Dados extraídos via JSON para Previcox
2025-12-29 20:12:43,698 - scraper_base - INFO - ✅ Cobasi: 2 produto(s) encontrado(s) para Previcox
2025-12-29 20:12:46,057 - scraper_base - INFO - 📦 [17/20] Processando Apoquel
2025-12-29 20:12:46,057 - scraper_base - INFO - 🔍 Cobasi: Buscando Apoquel
2025-12-29 20:12:48,331 - scraper_cobasi - INFO - Cobasi: Dados extraídos via JSON para Apoquel
2025-12-29 20:12:48,332 - scraper_base - INFO - ✅ Cobasi: 3 produto(s) encontrado(s) para Apoquel
2025-12-29 20:12:49,719 - scraper_base - INFO - 📦 [18/20] Processando Zenrelia
2025-12-29 20:12:49,720 - scraper_base - INFO - 🔍 Cobasi: Buscando Zenrelia
2025-12-29 20:12:51,826 - scraper_cobasi - INFO - Cobasi: Dados extraídos via JSON para Zenrelia
2025-12-29 20:12:51,826 - scraper_base - INFO - ✅ Cobasi: 4 produto(s) encontrado(s) para Zenrelia
2025-12-29 20:12:54,325 - scraper_base - INFO - 📦 [19/20] Processando Synulox
2025-12-29 20:12:54,325 - scraper_base - INFO - 🔍 Cobasi: Buscando Synulox
2025-12-29 20:12:56,247 - scraper_cobasi - INFO - Cobasi: Dados extraídos via JSON para Synulox
2025-12-29 20:12:56,247 - scraper_base - INFO - ✅ Cobasi: 2 produto(s) encontrado(s) para Synulox
2025-12-29 20:12:57,608 - scraper_base - INFO - 📦 [20/20] Processando Baytril
2025-12-29 20:12:57,608 - scraper_base - INFO - 🔍 Cobasi: Buscando Baytril
2025-12-29 20:12:59,610 - scraper_cobasi - INFO - Cobasi: Dados extraídos via JSON para Baytril
2025-12-29 20:12:59,610 - scraper_base - INFO - ✅ Cobasi: 4 produto(s) encontrado(s) para Baytril
2025-12-29 20:13:02,298 - scraper_base - INFO - 📊 Cobasi - Estatísticas finais:
2025-12-29 20:13:02,298 - scraper_base - INFO -    • Medicamentos processados: 20
2025-12-29 20:13:02,298 - scraper_base - INFO -    • Produtos encontrados: 166
2025-12-29 20:13:02,298 - scraper_base - INFO -    • Medicamentos sem resultado: 0
2025-12-29 20:13:02,298 - scraper_base - INFO -    • Tempo total: 85.9s
2025-12-29 20:13:02,298 - scraper_base - INFO -    • Tempo médio por medicamento: 4.3s
2025-12-29 20:13:02,418 - gerenciador_arquivos - INFO - Excel salvo: dados_coletados/cobasi_20251229_201302.xlsx (166 produtos)
2025-12-29 20:13:02,418 - gerenciador_principal - INFO - Cobasi: Arquivo individual salvo com sucesso
2025-12-29 20:13:02,418 - gerenciador_principal - INFO - Pausando entre sites...
2025-12-29 20:13:04,418 - gerenciador_principal - INFO - [2/3] Processando Petlove
2025-12-29 20:13:04,419 - scraper_base - INFO - 🚀 Iniciando scraping completo - Petlove
2025-12-29 20:13:04,647 - scraper_base - INFO - 📋 20 medicamentos para processar
2025-12-29 20:13:04,647 - scraper_base - INFO - 📦 [1/20] Processando Simparic
2025-12-29 20:13:04,647 - scraper_base - INFO - 🔍 Petlove: Buscando Simparic
2025-12-29 20:13:11,804 - gerenciador_conexoes - INFO - Chrome inicializado com otimizacoes de velocidade
2025-12-29 20:13:15,384 - scraper_base - INFO - ✅ Petlove: 15 produto(s) encontrado(s) para Simparic
2025-12-29 20:13:17,180 - scraper_base - INFO - 📦 [2/20] Processando Revolution
2025-12-29 20:13:17,180 - scraper_base - INFO - 🔍 Petlove: Buscando Revolution
2025-12-29 20:13:19,532 - scraper_base - INFO - ✅ Petlove: 14 produto(s) encontrado(s) para Revolution
2025-12-29 20:13:20,889 - scraper_base - INFO - 📦 [3/20] Processando NexGard
2025-12-29 20:13:20,889 - scraper_base - INFO - 🔍 Petlove: Buscando NexGard
2025-12-29 20:13:22,569 - scraper_base - INFO - ✅ Petlove: 11 produto(s) encontrado(s) para NexGard
2025-12-29 20:13:23,958 - scraper_base - INFO - 📦 [4/20] Processando NexGard Spectra
2025-12-29 20:13:23,958 - scraper_base - INFO - 🔍 Petlove: Buscando NexGard Spectra
2025-12-29 20:13:25,189 - scraper_base - INFO - ✅ Petlove: 5 produto(s) encontrado(s) para NexGard Spectra
2025-12-29 20:13:27,809 - scraper_base - INFO - 📦 [5/20] Processando NexGard Combo
2025-12-29 20:13:27,810 - scraper_base - INFO - 🔍 Petlove: Buscando NexGard Combo
2025-12-29 20:13:29,089 - scraper_base - INFO - ✅ Petlove: 2 produto(s) encontrado(s) para NexGard Combo
2025-12-29 20:13:31,416 - scraper_base - INFO - 📦 [6/20] Processando Bravecto
2025-12-29 20:13:31,416 - scraper_base - INFO - 🔍 Petlove: Buscando Bravecto
2025-12-29 20:13:33,721 - scraper_base - INFO - ✅ Petlove: 23 produto(s) encontrado(s) para Bravecto
2025-12-29 20:13:35,614 - scraper_base - INFO - 📦 [7/20] Processando Frontline
2025-12-29 20:13:35,614 - scraper_base - INFO - 🔍 Petlove: Buscando Frontline
2025-12-29 20:13:37,340 - scraper_base - INFO - ✅ Petlove: 11 produto(s) encontrado(s) para Frontline
2025-12-29 20:13:39,714 - scraper_base - INFO - 📦 [8/20] Processando Advocate
2025-12-29 20:13:39,714 - scraper_base - INFO - 🔍 Petlove: Buscando Advocate
2025-12-29 20:13:41,316 - scraper_base - INFO - ✅ Petlove: 9 produto(s) encontrado(s) para Advocate
2025-12-29 20:13:43,851 - scraper_base - INFO - 📦 [9/20] Processando Drontal
2025-12-29 20:13:43,851 - scraper_base - INFO - 🔍 Petlove: Buscando Drontal
2025-12-29 20:13:46,078 - scraper_base - INFO - ✅ Petlove: 18 produto(s) encontrado(s) para Drontal
2025-12-29 20:13:48,226 - scraper_base - INFO - 📦 [10/20] Processando Milbemax
2025-12-29 20:13:48,226 - scraper_base - INFO - 🔍 Petlove: Buscando Milbemax
2025-12-29 20:13:49,912 - scraper_base - INFO - ✅ Petlove: 4 produto(s) encontrado(s) para Milbemax
2025-12-29 20:13:51,446 - scraper_base - INFO - 📦 [11/20] Processando Vermivet
2025-12-29 20:13:51,446 - scraper_base - INFO - 🔍 Petlove: Buscando Vermivet
2025-12-29 20:13:53,295 - scraper_base - INFO - ✅ Petlove: 36 produto(s) encontrado(s) para Vermivet
2025-12-29 20:13:54,567 - scraper_base - INFO - 📦 [12/20] Processando Rimadyl
2025-12-29 20:13:54,567 - scraper_base - INFO - 🔍 Petlove: Buscando Rimadyl
2025-12-29 20:13:55,991 - scraper_base - INFO - ✅ Petlove: 1 produto(s) encontrado(s) para Rimadyl
2025-12-29 20:13:57,981 - scraper_base - INFO - 📦 [13/20] Processando Onsior
2025-12-29 20:13:57,982 - scraper_base - INFO - 🔍 Petlove: Buscando Onsior
2025-12-29 20:13:59,513 - scraper_base - INFO - ✅ Petlove: 4 produto(s) encontrado(s) para Onsior
2025-12-29 20:14:01,523 - scraper_base - INFO - 📦 [14/20] Processando Maxicam
2025-12-29 20:14:01,523 - scraper_base - INFO - 🔍 Petlove: Buscando Maxicam
2025-12-29 20:14:03,000 - scraper_base - INFO - ✅ Petlove: 4 produto(s) encontrado(s) para Maxicam
2025-12-29 20:14:04,121 - scraper_base - INFO - 📦 [15/20] Processando Carproflan
2025-12-29 20:14:04,121 - scraper_base - INFO - 🔍 Petlove: Buscando Carproflan
2025-12-29 20:14:05,639 - scraper_base - INFO - ✅ Petlove: 4 produto(s) encontrado(s) para Carproflan
2025-12-29 20:14:06,804 - scraper_base - INFO - 📦 [16/20] Processando Previcox
2025-12-29 20:14:06,805 - scraper_base - INFO - 🔍 Petlove: Buscando Previcox
2025-12-29 20:14:08,245 - scraper_base - INFO - ✅ Petlove: 4 produto(s) encontrado(s) para Previcox
2025-12-29 20:14:10,491 - scraper_base - INFO - 📦 [17/20] Processando Apoquel
2025-12-29 20:14:10,491 - scraper_base - INFO - 🔍 Petlove: Buscando Apoquel
2025-12-29 20:14:12,359 - scraper_base - INFO - ✅ Petlove: 16 produto(s) encontrado(s) para Apoquel
2025-12-29 20:14:15,319 - scraper_base - INFO - 📦 [18/20] Processando Zenrelia
2025-12-29 20:14:15,320 - scraper_base - INFO - 🔍 Petlove: Buscando Zenrelia
2025-12-29 20:14:16,919 - scraper_base - INFO - ✅ Petlove: 4 produto(s) encontrado(s) para Zenrelia
2025-12-29 20:14:18,054 - scraper_base - INFO - 📦 [19/20] Processando Synulox
2025-12-29 20:14:18,054 - scraper_base - INFO - 🔍 Petlove: Buscando Synulox
2025-12-29 20:14:19,547 - scraper_base - INFO - ✅ Petlove: 1 produto(s) encontrado(s) para Synulox
2025-12-29 20:14:21,138 - scraper_base - INFO - 📦 [20/20] Processando Baytril
2025-12-29 20:14:21,138 - scraper_base - INFO - 🔍 Petlove: Buscando Baytril
2025-12-29 20:14:22,777 - scraper_base - INFO - ✅ Petlove: 4 produto(s) encontrado(s) para Baytril
2025-12-29 20:14:24,471 - scraper_base - INFO - 📊 Petlove - Estatísticas finais:
2025-12-29 20:14:24,471 - scraper_base - INFO -    • Medicamentos processados: 20
2025-12-29 20:14:24,471 - scraper_base - INFO -    • Produtos encontrados: 190
2025-12-29 20:14:24,472 - scraper_base - INFO -    • Medicamentos sem resultado: 0
2025-12-29 20:14:24,472 - scraper_base - INFO -    • Tempo total: 80.1s
2025-12-29 20:14:24,472 - scraper_base - INFO -    • Tempo médio por medicamento: 4.0s
2025-12-29 20:14:24,509 - gerenciador_arquivos - INFO - Excel salvo: dados_coletados/petlove_20251229_201424.xlsx (190 produtos)
2025-12-29 20:14:24,509 - gerenciador_principal - INFO - Petlove: Arquivo individual salvo com sucesso
2025-12-29 20:14:24,509 - gerenciador_principal - INFO - Pausando entre sites...
2025-12-29 20:14:26,510 - gerenciador_principal - INFO - [3/3] Processando Petz
2025-12-29 20:14:26,510 - scraper_base - INFO - 🚀 Iniciando scraping completo - Petz
2025-12-29 20:14:26,761 - scraper_base - INFO - 📋 20 medicamentos para processar
2025-12-29 20:14:26,761 - scraper_base - INFO - 📦 [1/20] Processando Simparic
2025-12-29 20:14:26,761 - scraper_base - INFO - 🔍 Petz: Buscando Simparic
2025-12-29 20:14:29,731 - scraper_base - INFO - ✅ Petz: 12 produto(s) encontrado(s) para Simparic
2025-12-29 20:14:31,781 - scraper_base - INFO - 📦 [2/20] Processando Revolution
2025-12-29 20:14:31,781 - scraper_base - INFO - 🔍 Petz: Buscando Revolution
2025-12-29 20:14:34,364 - scraper_base - INFO - ✅ Petz: 26 produto(s) encontrado(s) para Revolution
2025-12-29 20:14:35,820 - scraper_base - INFO - 📦 [3/20] Processando NexGard
2025-12-29 20:14:35,820 - scraper_base - INFO - 🔍 Petz: Buscando NexGard
2025-12-29 20:14:37,642 - scraper_base - INFO - ✅ Petz: 22 produto(s) encontrado(s) para NexGard
2025-12-29 20:14:38,645 - scraper_base - INFO - 📦 [4/20] Processando NexGard Spectra
2025-12-29 20:14:38,645 - scraper_base - INFO - 🔍 Petz: Buscando NexGard Spectra
2025-12-29 20:14:40,654 - scraper_base - INFO - ✅ Petz: 10 produto(s) encontrado(s) para NexGard Spectra
2025-12-29 20:14:43,025 - scraper_base - INFO - 📦 [5/20] Processando NexGard Combo
2025-12-29 20:14:43,025 - scraper_base - INFO - 🔍 Petz: Buscando NexGard Combo
2025-12-29 20:14:44,810 - scraper_base - INFO - ✅ Petz: 4 produto(s) encontrado(s) para NexGard Combo
2025-12-29 20:14:46,497 - scraper_base - INFO - 📦 [6/20] Processando Bravecto
2025-12-29 20:14:46,497 - scraper_base - INFO - 🔍 Petz: Buscando Bravecto
2025-12-29 20:14:48,607 - scraper_base - INFO - ✅ Petz: 16 produto(s) encontrado(s) para Bravecto
2025-12-29 20:14:51,392 - scraper_base - INFO - 📦 [7/20] Processando Frontline
2025-12-29 20:14:51,392 - scraper_base - INFO - 🔍 Petz: Buscando Frontline
2025-12-29 20:14:53,381 - scraper_base - INFO - ✅ Petz: 11 produto(s) encontrado(s) para Frontline
2025-12-29 20:14:54,449 - scraper_base - INFO - 📦 [8/20] Processando Advocate
2025-12-29 20:14:54,450 - scraper_base - INFO - 🔍 Petz: Buscando Advocate
2025-12-29 20:14:57,211 - scraper_base - INFO - ✅ Petz: 12 produto(s) encontrado(s) para Advocate
2025-12-29 20:14:59,458 - scraper_base - INFO - 📦 [9/20] Processando Drontal
2025-12-29 20:14:59,458 - scraper_base - INFO - 🔍 Petz: Buscando Drontal
2025-12-29 20:15:02,413 - scraper_base - INFO - ✅ Petz: 29 produto(s) encontrado(s) para Drontal
2025-12-29 20:15:04,992 - scraper_base - INFO - 📦 [10/20] Processando Milbemax
2025-12-29 20:15:04,992 - scraper_base - INFO - 🔍 Petz: Buscando Milbemax
2025-12-29 20:15:06,874 - scraper_base - INFO - ✅ Petz: 4 produto(s) encontrado(s) para Milbemax
2025-12-29 20:15:09,275 - scraper_base - INFO - 📦 [11/20] Processando Vermivet
2025-12-29 20:15:09,275 - scraper_base - INFO - 🔍 Petz: Buscando Vermivet
2025-12-29 20:15:11,128 - scraper_base - INFO - ✅ Petz: 5 produto(s) encontrado(s) para Vermivet
2025-12-29 20:15:13,055 - scraper_base - INFO - 📦 [12/20] Processando Rimadyl
2025-12-29 20:15:13,055 - scraper_base - INFO - 🔍 Petz: Buscando Rimadyl
2025-12-29 20:15:14,712 - scraper_base - INFO - ✅ Petz: 3 produto(s) encontrado(s) para Rimadyl
2025-12-29 20:15:16,430 - scraper_base - INFO - 📦 [13/20] Processando Onsior
2025-12-29 20:15:16,430 - scraper_base - INFO - 🔍 Petz: Buscando Onsior
2025-12-29 20:15:18,279 - scraper_base - INFO - ✅ Petz: 4 produto(s) encontrado(s) para Onsior
2025-12-29 20:15:20,002 - scraper_base - INFO - 📦 [14/20] Processando Maxicam
2025-12-29 20:15:20,002 - scraper_base - INFO - 🔍 Petz: Buscando Maxicam
2025-12-29 20:15:22,172 - scraper_base - INFO - ✅ Petz: 31 produto(s) encontrado(s) para Maxicam
2025-12-29 20:15:24,760 - scraper_base - INFO - 📦 [15/20] Processando Carproflan
2025-12-29 20:15:24,760 - scraper_base - INFO - 🔍 Petz: Buscando Carproflan
2025-12-29 20:15:26,319 - scraper_base - INFO - ✅ Petz: 3 produto(s) encontrado(s) para Carproflan
2025-12-29 20:15:28,280 - scraper_base - INFO - 📦 [16/20] Processando Previcox
2025-12-29 20:15:28,281 - scraper_base - INFO - 🔍 Petz: Buscando Previcox
2025-12-29 20:15:29,849 - scraper_base - INFO - ✅ Petz: 2 produto(s) encontrado(s) para Previcox
2025-12-29 20:15:31,782 - scraper_base - INFO - 📦 [17/20] Processando Apoquel
2025-12-29 20:15:31,782 - scraper_base - INFO - 🔍 Petz: Buscando Apoquel
2025-12-29 20:15:33,333 - scraper_base - INFO - ✅ Petz: 3 produto(s) encontrado(s) para Apoquel
2025-12-29 20:15:34,744 - scraper_base - INFO - 📦 [18/20] Processando Zenrelia
2025-12-29 20:15:34,744 - scraper_base - INFO - 🔍 Petz: Buscando Zenrelia
2025-12-29 20:15:37,420 - scraper_base - INFO - ✅ Petz: 4 produto(s) encontrado(s) para Zenrelia
2025-12-29 20:15:38,883 - scraper_base - INFO - 📦 [19/20] Processando Synulox
2025-12-29 20:15:38,883 - scraper_base - INFO - 🔍 Petz: Buscando Synulox
2025-12-29 20:15:40,555 - scraper_base - INFO - ✅ Petz: 2 produto(s) encontrado(s) para Synulox
2025-12-29 20:15:41,944 - scraper_base - INFO - 📦 [20/20] Processando Baytril
2025-12-29 20:15:41,944 - scraper_base - INFO - 🔍 Petz: Buscando Baytril
2025-12-29 20:15:43,706 - scraper_base - INFO - ✅ Petz: 10 produto(s) encontrado(s) para Baytril
2025-12-29 20:15:44,933 - scraper_base - INFO - 📊 Petz - Estatísticas finais:
2025-12-29 20:15:44,933 - scraper_base - INFO -    • Medicamentos processados: 20
2025-12-29 20:15:44,933 - scraper_base - INFO -    • Produtos encontrados: 213
2025-12-29 20:15:44,933 - scraper_base - INFO -    • Medicamentos sem resultado: 0
2025-12-29 20:15:44,933 - scraper_base - INFO -    • Tempo total: 78.4s
2025-12-29 20:15:44,933 - scraper_base - INFO -    • Tempo médio por medicamento: 3.9s
2025-12-29 20:15:44,977 - gerenciador_arquivos - INFO - Excel salvo: dados_coletados/petz_20251229_201544.xlsx (213 produtos)
2025-12-29 20:15:44,977 - gerenciador_principal - INFO - Petz: Arquivo individual salvo com sucesso
2025-12-29 20:15:44,977 - gerenciador_principal - INFO - Gerando relatório consolidado...
2025-12-29 20:15:45,286 - gerenciador_arquivos - INFO - Relatório consolidado salvo: dados_relatorios/relatorio_consolidado_20251229_201544.xlsx
2025-12-29 20:15:45,412 - gerenciador_conexoes - INFO - Chrome fechado
2025-12-29 20:15:45,412 - gerenciador_conexoes - INFO - Métodos utilizados - Requests: 33.3%, Selenium: 66.7%, Falhas: 0.0%
2025-12-29 20:15:45,412 - gerenciador_principal - INFO - ============================================================
2025-12-29 20:15:45,412 - gerenciador_principal - INFO - RELATORIO FINAL DE EXECUÇÃO
2025-12-29 20:15:45,412 - gerenciador_principal - INFO - ============================================================
2025-12-29 20:15:45,412 - gerenciador_principal - INFO - Sites processados: 3
2025-12-29 20:15:45,412 - gerenciador_principal - INFO - Sites com sucesso: 3
2025-12-29 20:15:45,412 - gerenciador_principal - INFO - Total de produtos coletados: 569
2025-12-29 20:15:45,413 - gerenciador_principal - INFO - Tempo total de execução: 248.5 segundos
2025-12-29 20:15:45,413 - gerenciador_principal - INFO - Estatísticas de conexão:
2025-12-29 20:15:45,413 - gerenciador_principal - INFO -   - Requests bem-sucedidos: 33.3%
2025-12-29 20:15:45,413 - gerenciador_principal - INFO -   - Selenium fallback: 66.7%
2025-12-29 20:15:45,413 - gerenciador_principal - INFO -   - Falhas totais: 0.0%
2025-12-29 20:15:45,414 - gerenciador_principal - INFO - Arquivos salvos na pasta: dados_coletados
2025-12-29 20:15:45,414 - gerenciador_principal - INFO - Total de arquivos: 274
2025-12-29 20:15:45,414 - gerenciador_principal - INFO - ============================================================
