2026-03-08 20:12:11,192 - configurador_logs - INFO - Sistema de logs configurado com sucesso
2026-03-08 20:12:11,192 - configurador_logs - INFO - 🚀 Logs configurados para MODO PRODUÇÃO
2026-03-08 20:12:11,192 - gerenciador_principal - INFO - Inicializando sistema - Modo: PRODUCAO
2026-03-08 20:12:11,192 - gerenciador_arquivos - INFO - Pasta dados_coletados preparada
2026-03-08 20:12:11,192 - gerenciador_principal - INFO - Sistema inicializado com 3 scrapers
2026-03-08 20:12:11,193 - gerenciador_principal - INFO - ============================================================
2026-03-08 20:12:11,193 - gerenciador_principal - INFO - INICIANDO SCRAPING COMPLETO - PRODUCAO
2026-03-08 20:12:11,193 - gerenciador_principal - INFO - ============================================================
2026-03-08 20:12:11,193 - gerenciador_principal - INFO - [1/3] Processando Cobasi
2026-03-08 20:12:11,193 - scraper_base - INFO - 🚀 Iniciando scraping completo - Cobasi
2026-03-08 20:12:11,630 - gerenciador_conexoes - INFO - Sessao estabelecida com cobasi.com.br
2026-03-08 20:12:11,630 - scraper_base - INFO - 📋 20 medicamentos para processar
2026-03-08 20:12:11,630 - scraper_base - INFO - 📦 [1/20] Processando Simparic
2026-03-08 20:12:11,630 - scraper_base - INFO - 🔍 Cobasi: Buscando Simparic
2026-03-08 20:12:16,814 - scraper_cobasi - INFO - Cobasi: Dados extraídos via JSON para Simparic
2026-03-08 20:12:16,814 - scraper_base - INFO - ✅ Cobasi: 12 produto(s) encontrado(s) para Simparic
2026-03-08 20:12:19,062 - scraper_base - INFO - 📦 [2/20] Processando Revolution
2026-03-08 20:12:19,062 - scraper_base - INFO - 🔍 Cobasi: Buscando Revolution
2026-03-08 20:12:22,848 - scraper_cobasi - INFO - Cobasi: Dados extraídos via JSON para Revolution
2026-03-08 20:12:22,848 - scraper_base - INFO - ✅ Cobasi: 18 produto(s) encontrado(s) para Revolution
2026-03-08 20:12:24,269 - scraper_base - INFO - 📦 [3/20] Processando NexGard
2026-03-08 20:12:24,269 - scraper_base - INFO - 🔍 Cobasi: Buscando NexGard
2026-03-08 20:12:28,598 - scraper_cobasi - INFO - Cobasi: Dados extraídos via JSON para NexGard
2026-03-08 20:12:28,598 - scraper_base - INFO - ✅ Cobasi: 22 produto(s) encontrado(s) para NexGard
2026-03-08 20:12:30,034 - scraper_base - INFO - 📦 [4/20] Processando NexGard Spectra
2026-03-08 20:12:30,034 - scraper_base - INFO - 🔍 Cobasi: Buscando NexGard Spectra
2026-03-08 20:12:33,427 - scraper_cobasi - INFO - Cobasi: Dados extraídos via JSON para NexGard Spectra
2026-03-08 20:12:33,427 - scraper_base - INFO - ✅ Cobasi: 10 produto(s) encontrado(s) para NexGard Spectra
2026-03-08 20:12:35,172 - scraper_base - INFO - 📦 [5/20] Processando NexGard Combo
2026-03-08 20:12:35,172 - scraper_base - INFO - 🔍 Cobasi: Buscando NexGard Combo
2026-03-08 20:12:38,464 - scraper_cobasi - INFO - Cobasi: Dados extraídos via JSON para NexGard Combo
2026-03-08 20:12:38,465 - scraper_base - INFO - ✅ Cobasi: 4 produto(s) encontrado(s) para NexGard Combo
2026-03-08 20:12:40,596 - scraper_base - INFO - 📦 [6/20] Processando Bravecto
2026-03-08 20:12:40,596 - scraper_base - INFO - 🔍 Cobasi: Buscando Bravecto
2026-03-08 20:12:44,178 - scraper_cobasi - INFO - Cobasi: Dados extraídos via JSON para Bravecto
2026-03-08 20:12:44,179 - scraper_base - INFO - ✅ Cobasi: 16 produto(s) encontrado(s) para Bravecto
2026-03-08 20:12:46,717 - scraper_base - INFO - 📦 [7/20] Processando Frontline
2026-03-08 20:12:46,717 - scraper_base - INFO - 🔍 Cobasi: Buscando Frontline
2026-03-08 20:12:50,373 - scraper_cobasi - INFO - Cobasi: Dados extraídos via JSON para Frontline
2026-03-08 20:12:50,373 - scraper_base - INFO - ✅ Cobasi: 11 produto(s) encontrado(s) para Frontline
2026-03-08 20:12:52,069 - scraper_base - INFO - 📦 [8/20] Processando Advocate
2026-03-08 20:12:52,069 - scraper_base - INFO - 🔍 Cobasi: Buscando Advocate
2026-03-08 20:12:55,672 - scraper_cobasi - INFO - Cobasi: Dados extraídos via JSON para Advocate
2026-03-08 20:12:55,672 - scraper_base - INFO - ✅ Cobasi: 12 produto(s) encontrado(s) para Advocate
2026-03-08 20:12:56,677 - scraper_base - INFO - 📦 [9/20] Processando Drontal
2026-03-08 20:12:56,677 - scraper_base - INFO - 🔍 Cobasi: Buscando Drontal
2026-03-08 20:12:59,871 - scraper_cobasi - INFO - Cobasi: Dados extraídos via JSON para Drontal
2026-03-08 20:12:59,871 - scraper_base - INFO - ✅ Cobasi: 8 produto(s) encontrado(s) para Drontal
2026-03-08 20:13:01,985 - scraper_base - INFO - 📦 [10/20] Processando Milbemax
2026-03-08 20:13:01,986 - scraper_base - INFO - 🔍 Cobasi: Buscando Milbemax
2026-03-08 20:13:05,801 - scraper_cobasi - INFO - Cobasi: Dados extraídos via JSON para Milbemax
2026-03-08 20:13:05,801 - scraper_base - INFO - ✅ Cobasi: 4 produto(s) encontrado(s) para Milbemax
2026-03-08 20:13:07,606 - scraper_base - INFO - 📦 [11/20] Processando Vermivet
2026-03-08 20:13:07,607 - scraper_base - INFO - 🔍 Cobasi: Buscando Vermivet
2026-03-08 20:13:10,529 - scraper_cobasi - INFO - Cobasi: Dados extraídos via JSON para Vermivet
2026-03-08 20:13:10,529 - scraper_base - INFO - ✅ Cobasi: 5 produto(s) encontrado(s) para Vermivet
2026-03-08 20:13:11,629 - scraper_base - INFO - 📦 [12/20] Processando Rimadyl
2026-03-08 20:13:11,630 - scraper_base - INFO - 🔍 Cobasi: Buscando Rimadyl
2026-03-08 20:13:14,629 - scraper_cobasi - INFO - Cobasi: Dados extraídos via JSON para Rimadyl
2026-03-08 20:13:14,629 - scraper_base - INFO - ✅ Cobasi: 3 produto(s) encontrado(s) para Rimadyl
2026-03-08 20:13:17,191 - scraper_base - INFO - 📦 [13/20] Processando Onsior
2026-03-08 20:13:17,192 - scraper_base - INFO - 🔍 Cobasi: Buscando Onsior
2026-03-08 20:13:19,999 - scraper_cobasi - INFO - Cobasi: Dados extraídos via JSON para Onsior
2026-03-08 20:13:19,999 - scraper_base - INFO - ✅ Cobasi: 4 produto(s) encontrado(s) para Onsior
2026-03-08 20:13:21,973 - scraper_base - INFO - 📦 [14/20] Processando Maxicam
2026-03-08 20:13:21,973 - scraper_base - INFO - 🔍 Cobasi: Buscando Maxicam
2026-03-08 20:13:26,113 - scraper_cobasi - INFO - Cobasi: Dados extraídos via JSON para Maxicam
2026-03-08 20:13:26,113 - scraper_base - INFO - ✅ Cobasi: 3 produto(s) encontrado(s) para Maxicam
2026-03-08 20:13:28,649 - scraper_base - INFO - 📦 [15/20] Processando Carproflan
2026-03-08 20:13:28,649 - scraper_base - INFO - 🔍 Cobasi: Buscando Carproflan
2026-03-08 20:13:31,225 - scraper_cobasi - INFO - Cobasi: Dados extraídos via JSON para Carproflan
2026-03-08 20:13:31,225 - scraper_base - INFO - ✅ Cobasi: 3 produto(s) encontrado(s) para Carproflan
2026-03-08 20:13:33,857 - scraper_base - INFO - 📦 [16/20] Processando Previcox
2026-03-08 20:13:33,857 - scraper_base - INFO - 🔍 Cobasi: Buscando Previcox
2026-03-08 20:13:36,180 - scraper_cobasi - INFO - Cobasi: Dados extraídos via JSON para Previcox
2026-03-08 20:13:36,180 - scraper_base - INFO - ✅ Cobasi: 2 produto(s) encontrado(s) para Previcox
2026-03-08 20:13:39,094 - scraper_base - INFO - 📦 [17/20] Processando Apoquel
2026-03-08 20:13:39,094 - scraper_base - INFO - 🔍 Cobasi: Buscando Apoquel
2026-03-08 20:13:42,568 - scraper_cobasi - INFO - Cobasi: Dados extraídos via JSON para Apoquel
2026-03-08 20:13:42,568 - scraper_base - INFO - ✅ Cobasi: 3 produto(s) encontrado(s) para Apoquel
2026-03-08 20:13:43,943 - scraper_base - INFO - 📦 [18/20] Processando Zenrelia
2026-03-08 20:13:43,943 - scraper_base - INFO - 🔍 Cobasi: Buscando Zenrelia
2026-03-08 20:13:47,042 - scraper_cobasi - INFO - Cobasi: Dados extraídos via JSON para Zenrelia
2026-03-08 20:13:47,042 - scraper_base - INFO - ✅ Cobasi: 4 produto(s) encontrado(s) para Zenrelia
2026-03-08 20:13:48,922 - scraper_base - INFO - 📦 [19/20] Processando Synulox
2026-03-08 20:13:48,922 - scraper_base - INFO - 🔍 Cobasi: Buscando Synulox
2026-03-08 20:13:51,309 - scraper_cobasi - INFO - Cobasi: Dados extraídos via JSON para Synulox
2026-03-08 20:13:51,309 - scraper_base - INFO - ✅ Cobasi: 2 produto(s) encontrado(s) para Synulox
2026-03-08 20:13:53,837 - scraper_base - INFO - 📦 [20/20] Processando Baytril
2026-03-08 20:13:53,837 - scraper_base - INFO - 🔍 Cobasi: Buscando Baytril
2026-03-08 20:13:57,060 - scraper_cobasi - INFO - Cobasi: Dados extraídos via JSON para Baytril
2026-03-08 20:13:57,060 - scraper_base - INFO - ✅ Cobasi: 3 produto(s) encontrado(s) para Baytril
2026-03-08 20:13:59,291 - scraper_base - INFO - 📊 Cobasi - Estatísticas finais:
2026-03-08 20:13:59,291 - scraper_base - INFO -    • Medicamentos processados: 20
2026-03-08 20:13:59,291 - scraper_base - INFO -    • Produtos encontrados: 149
2026-03-08 20:13:59,291 - scraper_base - INFO -    • Medicamentos sem resultado: 0
2026-03-08 20:13:59,291 - scraper_base - INFO -    • Tempo total: 108.1s
2026-03-08 20:13:59,291 - scraper_base - INFO -    • Tempo médio por medicamento: 5.4s
2026-03-08 20:13:59,422 - gerenciador_arquivos - INFO - Excel salvo: dados_coletados/cobasi_20260308_201359.xlsx (149 produtos)
2026-03-08 20:13:59,423 - gerenciador_principal - INFO - Cobasi: Arquivo individual salvo com sucesso
2026-03-08 20:13:59,423 - gerenciador_principal - INFO - Pausando entre sites...
2026-03-08 20:14:01,423 - gerenciador_principal - INFO - [2/3] Processando Petlove
2026-03-08 20:14:01,423 - scraper_base - INFO - 🚀 Iniciando scraping completo - Petlove
2026-03-08 20:14:01,607 - scraper_base - INFO - 📋 20 medicamentos para processar
2026-03-08 20:14:01,607 - scraper_base - INFO - 📦 [1/20] Processando Simparic
2026-03-08 20:14:01,607 - scraper_base - INFO - 🔍 Petlove: Buscando Simparic
2026-03-08 20:14:09,483 - gerenciador_conexoes - INFO - Chrome inicializado com otimizacoes de velocidade
2026-03-08 20:14:12,880 - scraper_base - INFO - ✅ Petlove: 26 produto(s) encontrado(s) para Simparic
2026-03-08 20:14:14,850 - scraper_base - INFO - 📦 [2/20] Processando Revolution
2026-03-08 20:14:14,850 - scraper_base - INFO - 🔍 Petlove: Buscando Revolution
2026-03-08 20:14:16,371 - scraper_base - INFO - ✅ Petlove: 14 produto(s) encontrado(s) para Revolution
2026-03-08 20:14:17,877 - scraper_base - INFO - 📦 [3/20] Processando NexGard
2026-03-08 20:14:17,877 - scraper_base - INFO - 🔍 Petlove: Buscando NexGard
2026-03-08 20:14:19,412 - scraper_base - INFO - ✅ Petlove: 11 produto(s) encontrado(s) para NexGard
2026-03-08 20:14:21,924 - scraper_base - INFO - 📦 [4/20] Processando NexGard Spectra
2026-03-08 20:14:21,924 - scraper_base - INFO - 🔍 Petlove: Buscando NexGard Spectra
2026-03-08 20:14:23,578 - scraper_base - INFO - ✅ Petlove: 5 produto(s) encontrado(s) para NexGard Spectra
2026-03-08 20:14:24,996 - scraper_base - INFO - 📦 [5/20] Processando NexGard Combo
2026-03-08 20:14:24,996 - scraper_base - INFO - 🔍 Petlove: Buscando NexGard Combo
2026-03-08 20:14:26,145 - scraper_base - INFO - ✅ Petlove: 2 produto(s) encontrado(s) para NexGard Combo
2026-03-08 20:14:27,869 - scraper_base - INFO - 📦 [6/20] Processando Bravecto
2026-03-08 20:14:27,869 - scraper_base - INFO - 🔍 Petlove: Buscando Bravecto
2026-03-08 20:14:30,335 - scraper_base - INFO - ✅ Petlove: 21 produto(s) encontrado(s) para Bravecto
2026-03-08 20:14:32,836 - scraper_base - INFO - 📦 [7/20] Processando Frontline
2026-03-08 20:14:32,836 - scraper_base - INFO - 🔍 Petlove: Buscando Frontline
2026-03-08 20:14:34,548 - scraper_base - INFO - ✅ Petlove: 11 produto(s) encontrado(s) para Frontline
2026-03-08 20:14:37,406 - scraper_base - INFO - 📦 [8/20] Processando Advocate
2026-03-08 20:14:37,406 - scraper_base - INFO - 🔍 Petlove: Buscando Advocate
2026-03-08 20:14:39,082 - scraper_base - INFO - ✅ Petlove: 7 produto(s) encontrado(s) para Advocate
2026-03-08 20:14:41,750 - scraper_base - INFO - 📦 [9/20] Processando Drontal
2026-03-08 20:14:41,750 - scraper_base - INFO - 🔍 Petlove: Buscando Drontal
2026-03-08 20:14:43,684 - scraper_base - INFO - ✅ Petlove: 36 produto(s) encontrado(s) para Drontal
2026-03-08 20:14:45,555 - scraper_base - INFO - 📦 [10/20] Processando Milbemax
2026-03-08 20:14:45,555 - scraper_base - INFO - 🔍 Petlove: Buscando Milbemax
2026-03-08 20:14:46,894 - scraper_base - INFO - ✅ Petlove: 13 produto(s) encontrado(s) para Milbemax
2026-03-08 20:14:48,163 - scraper_base - INFO - 📦 [11/20] Processando Vermivet
2026-03-08 20:14:48,163 - scraper_base - INFO - 🔍 Petlove: Buscando Vermivet
2026-03-08 20:14:49,671 - scraper_base - INFO - ✅ Petlove: 36 produto(s) encontrado(s) para Vermivet
2026-03-08 20:14:51,398 - scraper_base - INFO - 📦 [12/20] Processando Rimadyl
2026-03-08 20:14:51,398 - scraper_base - INFO - 🔍 Petlove: Buscando Rimadyl
2026-03-08 20:14:52,930 - scraper_base - INFO - ✅ Petlove: 1 produto(s) encontrado(s) para Rimadyl
2026-03-08 20:14:54,551 - scraper_base - INFO - 📦 [13/20] Processando Onsior
2026-03-08 20:14:54,551 - scraper_base - INFO - 🔍 Petlove: Buscando Onsior
2026-03-08 20:14:56,243 - scraper_base - INFO - ✅ Petlove: 4 produto(s) encontrado(s) para Onsior
2026-03-08 20:14:58,130 - scraper_base - INFO - 📦 [14/20] Processando Maxicam
2026-03-08 20:14:58,131 - scraper_base - INFO - 🔍 Petlove: Buscando Maxicam
2026-03-08 20:14:59,309 - scraper_base - INFO - ✅ Petlove: 3 produto(s) encontrado(s) para Maxicam
2026-03-08 20:15:01,403 - scraper_base - INFO - 📦 [15/20] Processando Carproflan
2026-03-08 20:15:01,403 - scraper_base - INFO - 🔍 Petlove: Buscando Carproflan
2026-03-08 20:15:02,514 - scraper_base - INFO - ✅ Petlove: 8 produto(s) encontrado(s) para Carproflan
2026-03-08 20:15:03,693 - scraper_base - INFO - 📦 [16/20] Processando Previcox
2026-03-08 20:15:03,693 - scraper_base - INFO - 🔍 Petlove: Buscando Previcox
2026-03-08 20:15:04,875 - scraper_base - INFO - ✅ Petlove: 4 produto(s) encontrado(s) para Previcox
2026-03-08 20:15:06,357 - scraper_base - INFO - 📦 [17/20] Processando Apoquel
2026-03-08 20:15:06,357 - scraper_base - INFO - 🔍 Petlove: Buscando Apoquel
2026-03-08 20:15:07,609 - scraper_base - INFO - ✅ Petlove: 12 produto(s) encontrado(s) para Apoquel
2026-03-08 20:15:09,899 - scraper_base - INFO - 📦 [18/20] Processando Zenrelia
2026-03-08 20:15:09,899 - scraper_base - INFO - 🔍 Petlove: Buscando Zenrelia
2026-03-08 20:15:11,207 - scraper_base - INFO - ✅ Petlove: 4 produto(s) encontrado(s) para Zenrelia
2026-03-08 20:15:12,748 - scraper_base - INFO - 📦 [19/20] Processando Synulox
2026-03-08 20:15:12,748 - scraper_base - INFO - 🔍 Petlove: Buscando Synulox
2026-03-08 20:15:13,806 - scraper_base - INFO - ✅ Petlove: 1 produto(s) encontrado(s) para Synulox
2026-03-08 20:15:16,571 - scraper_base - INFO - 📦 [20/20] Processando Baytril
2026-03-08 20:15:16,571 - scraper_base - INFO - 🔍 Petlove: Buscando Baytril
2026-03-08 20:15:17,798 - scraper_base - INFO - ✅ Petlove: 4 produto(s) encontrado(s) para Baytril
2026-03-08 20:15:20,434 - scraper_base - INFO - 📊 Petlove - Estatísticas finais:
2026-03-08 20:15:20,434 - scraper_base - INFO -    • Medicamentos processados: 20
2026-03-08 20:15:20,434 - scraper_base - INFO -    • Produtos encontrados: 223
2026-03-08 20:15:20,434 - scraper_base - INFO -    • Medicamentos sem resultado: 0
2026-03-08 20:15:20,434 - scraper_base - INFO -    • Tempo total: 79.0s
2026-03-08 20:15:20,434 - scraper_base - INFO -    • Tempo médio por medicamento: 4.0s
2026-03-08 20:15:20,473 - gerenciador_arquivos - INFO - Excel salvo: dados_coletados/petlove_20260308_201520.xlsx (223 produtos)
2026-03-08 20:15:20,473 - gerenciador_principal - INFO - Petlove: Arquivo individual salvo com sucesso
2026-03-08 20:15:20,473 - gerenciador_principal - INFO - Pausando entre sites...
2026-03-08 20:15:22,473 - gerenciador_principal - INFO - [3/3] Processando Petz
2026-03-08 20:15:22,474 - scraper_base - INFO - 🚀 Iniciando scraping completo - Petz
2026-03-08 20:15:22,864 - scraper_base - INFO - 📋 20 medicamentos para processar
2026-03-08 20:15:22,864 - scraper_base - INFO - 📦 [1/20] Processando Simparic
2026-03-08 20:15:22,864 - scraper_base - INFO - 🔍 Petz: Buscando Simparic
2026-03-08 20:15:27,114 - scraper_base - INFO - ✅ Petz: 12 produto(s) encontrado(s) para Simparic
2026-03-08 20:15:29,844 - scraper_base - INFO - 📦 [2/20] Processando Revolution
2026-03-08 20:15:29,844 - scraper_base - INFO - 🔍 Petz: Buscando Revolution
2026-03-08 20:15:32,257 - scraper_base - INFO - ✅ Petz: 21 produto(s) encontrado(s) para Revolution
2026-03-08 20:15:33,957 - scraper_base - INFO - 📦 [3/20] Processando NexGard
2026-03-08 20:15:33,957 - scraper_base - INFO - 🔍 Petz: Buscando NexGard
2026-03-08 20:15:35,840 - scraper_base - INFO - ✅ Petz: 22 produto(s) encontrado(s) para NexGard
2026-03-08 20:15:37,913 - scraper_base - INFO - 📦 [4/20] Processando NexGard Spectra
2026-03-08 20:15:37,913 - scraper_base - INFO - 🔍 Petz: Buscando NexGard Spectra
2026-03-08 20:15:39,621 - scraper_base - INFO - ✅ Petz: 10 produto(s) encontrado(s) para NexGard Spectra
2026-03-08 20:15:41,644 - scraper_base - INFO - 📦 [5/20] Processando NexGard Combo
2026-03-08 20:15:41,644 - scraper_base - INFO - 🔍 Petz: Buscando NexGard Combo
2026-03-08 20:15:43,417 - scraper_base - INFO - ✅ Petz: 4 produto(s) encontrado(s) para NexGard Combo
2026-03-08 20:15:45,198 - scraper_base - INFO - 📦 [6/20] Processando Bravecto
2026-03-08 20:15:45,198 - scraper_base - INFO - 🔍 Petz: Buscando Bravecto
2026-03-08 20:15:47,405 - scraper_base - INFO - ✅ Petz: 16 produto(s) encontrado(s) para Bravecto
2026-03-08 20:15:48,481 - scraper_base - INFO - 📦 [7/20] Processando Frontline
2026-03-08 20:15:48,481 - scraper_base - INFO - 🔍 Petz: Buscando Frontline
2026-03-08 20:15:50,122 - scraper_base - INFO - ✅ Petz: 11 produto(s) encontrado(s) para Frontline
2026-03-08 20:15:51,645 - scraper_base - INFO - 📦 [8/20] Processando Advocate
2026-03-08 20:15:51,645 - scraper_base - INFO - 🔍 Petz: Buscando Advocate
2026-03-08 20:15:53,192 - scraper_base - INFO - ✅ Petz: 12 produto(s) encontrado(s) para Advocate
2026-03-08 20:15:55,222 - scraper_base - INFO - 📦 [9/20] Processando Drontal
2026-03-08 20:15:55,222 - scraper_base - INFO - 🔍 Petz: Buscando Drontal
2026-03-08 20:15:57,600 - scraper_base - INFO - ✅ Petz: 34 produto(s) encontrado(s) para Drontal
2026-03-08 20:16:00,444 - scraper_base - INFO - 📦 [10/20] Processando Milbemax
2026-03-08 20:16:00,444 - scraper_base - INFO - 🔍 Petz: Buscando Milbemax
2026-03-08 20:16:02,070 - scraper_base - INFO - ✅ Petz: 4 produto(s) encontrado(s) para Milbemax
2026-03-08 20:16:04,380 - scraper_base - INFO - 📦 [11/20] Processando Vermivet
2026-03-08 20:16:04,380 - scraper_base - INFO - 🔍 Petz: Buscando Vermivet
2026-03-08 20:16:05,885 - scraper_base - INFO - ✅ Petz: 5 produto(s) encontrado(s) para Vermivet
2026-03-08 20:16:08,548 - scraper_base - INFO - 📦 [12/20] Processando Rimadyl
2026-03-08 20:16:08,548 - scraper_base - INFO - 🔍 Petz: Buscando Rimadyl
2026-03-08 20:16:10,013 - scraper_base - INFO - ✅ Petz: 3 produto(s) encontrado(s) para Rimadyl
2026-03-08 20:16:11,713 - scraper_base - INFO - 📦 [13/20] Processando Onsior
2026-03-08 20:16:11,713 - scraper_base - INFO - 🔍 Petz: Buscando Onsior
2026-03-08 20:16:13,262 - scraper_base - INFO - ✅ Petz: 4 produto(s) encontrado(s) para Onsior
2026-03-08 20:16:14,441 - scraper_base - INFO - 📦 [14/20] Processando Maxicam
2026-03-08 20:16:14,441 - scraper_base - INFO - 🔍 Petz: Buscando Maxicam
2026-03-08 20:16:17,184 - scraper_base - INFO - ✅ Petz: 31 produto(s) encontrado(s) para Maxicam
2026-03-08 20:16:18,205 - scraper_base - INFO - 📦 [15/20] Processando Carproflan
2026-03-08 20:16:18,205 - scraper_base - INFO - 🔍 Petz: Buscando Carproflan
2026-03-08 20:16:19,715 - scraper_base - INFO - ✅ Petz: 3 produto(s) encontrado(s) para Carproflan
2026-03-08 20:16:22,237 - scraper_base - INFO - 📦 [16/20] Processando Previcox
2026-03-08 20:16:22,237 - scraper_base - INFO - 🔍 Petz: Buscando Previcox
2026-03-08 20:16:23,688 - scraper_base - INFO - ✅ Petz: 2 produto(s) encontrado(s) para Previcox
2026-03-08 20:16:25,992 - scraper_base - INFO - 📦 [17/20] Processando Apoquel
2026-03-08 20:16:25,992 - scraper_base - INFO - 🔍 Petz: Buscando Apoquel
2026-03-08 20:16:27,453 - scraper_base - INFO - ✅ Petz: 3 produto(s) encontrado(s) para Apoquel
2026-03-08 20:16:29,826 - scraper_base - INFO - 📦 [18/20] Processando Zenrelia
2026-03-08 20:16:29,826 - scraper_base - INFO - 🔍 Petz: Buscando Zenrelia
2026-03-08 20:16:31,721 - scraper_base - INFO - ✅ Petz: 4 produto(s) encontrado(s) para Zenrelia
2026-03-08 20:16:32,742 - scraper_base - INFO - 📦 [19/20] Processando Synulox
2026-03-08 20:16:32,742 - scraper_base - INFO - 🔍 Petz: Buscando Synulox
2026-03-08 20:16:34,118 - scraper_base - INFO - ✅ Petz: 2 produto(s) encontrado(s) para Synulox
2026-03-08 20:16:36,402 - scraper_base - INFO - 📦 [20/20] Processando Baytril
2026-03-08 20:16:36,402 - scraper_base - INFO - 🔍 Petz: Buscando Baytril
2026-03-08 20:16:38,371 - scraper_base - INFO - ✅ Petz: 9 produto(s) encontrado(s) para Baytril
2026-03-08 20:16:39,721 - scraper_base - INFO - 📊 Petz - Estatísticas finais:
2026-03-08 20:16:39,721 - scraper_base - INFO -    • Medicamentos processados: 20
2026-03-08 20:16:39,722 - scraper_base - INFO -    • Produtos encontrados: 212
2026-03-08 20:16:39,722 - scraper_base - INFO -    • Medicamentos sem resultado: 0
2026-03-08 20:16:39,722 - scraper_base - INFO -    • Tempo total: 77.2s
2026-03-08 20:16:39,722 - scraper_base - INFO -    • Tempo médio por medicamento: 3.9s
2026-03-08 20:16:39,762 - gerenciador_arquivos - INFO - Excel salvo: dados_coletados/petz_20260308_201639.xlsx (212 produtos)
2026-03-08 20:16:39,762 - gerenciador_principal - INFO - Petz: Arquivo individual salvo com sucesso
2026-03-08 20:16:39,762 - gerenciador_principal - INFO - Gerando relatório consolidado...
2026-03-08 20:16:39,994 - gerenciador_arquivos - INFO - Relatório consolidado salvo: dados_relatorios/relatorio_consolidado_20260308_201639.xlsx
2026-03-08 20:16:40,088 - gerenciador_conexoes - INFO - Chrome fechado
2026-03-08 20:16:40,088 - gerenciador_conexoes - INFO - Métodos utilizados - Requests: 33.3%, Selenium: 66.7%, Falhas: 0.0%
2026-03-08 20:16:40,088 - gerenciador_principal - INFO - ============================================================
2026-03-08 20:16:40,088 - gerenciador_principal - INFO - RELATORIO FINAL DE EXECUÇÃO
2026-03-08 20:16:40,088 - gerenciador_principal - INFO - ============================================================
2026-03-08 20:16:40,089 - gerenciador_principal - INFO - Sites processados: 3
2026-03-08 20:16:40,089 - gerenciador_principal - INFO - Sites com sucesso: 3
2026-03-08 20:16:40,089 - gerenciador_principal - INFO - Total de produtos coletados: 584
2026-03-08 20:16:40,089 - gerenciador_principal - INFO - Tempo total de execução: 268.6 segundos
2026-03-08 20:16:40,089 - gerenciador_principal - INFO - Estatísticas de conexão:
2026-03-08 20:16:40,089 - gerenciador_principal - INFO -   - Requests bem-sucedidos: 33.3%
2026-03-08 20:16:40,089 - gerenciador_principal - INFO -   - Selenium fallback: 66.7%
2026-03-08 20:16:40,089 - gerenciador_principal - INFO -   - Falhas totais: 0.0%
2026-03-08 20:16:40,091 - gerenciador_principal - INFO - Arquivos salvos na pasta: dados_coletados
2026-03-08 20:16:40,091 - gerenciador_principal - INFO - Total de arquivos: 470
2026-03-08 20:16:40,091 - gerenciador_principal - INFO - ============================================================
