2026-03-20 20:18:37,010 - configurador_logs - INFO - Sistema de logs configurado com sucesso
2026-03-20 20:18:37,010 - configurador_logs - INFO - 🚀 Logs configurados para MODO PRODUÇÃO
2026-03-20 20:18:37,010 - gerenciador_principal - INFO - Inicializando sistema - Modo: PRODUCAO
2026-03-20 20:18:37,011 - gerenciador_arquivos - INFO - Pasta dados_coletados preparada
2026-03-20 20:18:37,011 - gerenciador_principal - INFO - Sistema inicializado com 3 scrapers
2026-03-20 20:18:37,011 - gerenciador_principal - INFO - ============================================================
2026-03-20 20:18:37,011 - gerenciador_principal - INFO - INICIANDO SCRAPING COMPLETO - PRODUCAO
2026-03-20 20:18:37,011 - gerenciador_principal - INFO - ============================================================
2026-03-20 20:18:37,011 - gerenciador_principal - INFO - [1/3] Processando Cobasi
2026-03-20 20:18:37,011 - scraper_base - INFO - 🚀 Iniciando scraping completo - Cobasi
2026-03-20 20:18:37,410 - gerenciador_conexoes - INFO - Sessao estabelecida com cobasi.com.br
2026-03-20 20:18:37,410 - scraper_base - INFO - 📋 20 medicamentos para processar
2026-03-20 20:18:37,410 - scraper_base - INFO - 📦 [1/20] Processando Simparic
2026-03-20 20:18:37,410 - scraper_base - INFO - 🔍 Cobasi: Buscando Simparic
2026-03-20 20:18:41,225 - scraper_cobasi - INFO - Cobasi: Dados extraídos via JSON para Simparic
2026-03-20 20:18:41,225 - scraper_base - INFO - ✅ Cobasi: 12 produto(s) encontrado(s) para Simparic
2026-03-20 20:18:43,886 - scraper_base - INFO - 📦 [2/20] Processando Revolution
2026-03-20 20:18:43,886 - scraper_base - INFO - 🔍 Cobasi: Buscando Revolution
2026-03-20 20:18:48,688 - scraper_cobasi - INFO - Cobasi: Dados extraídos via JSON para Revolution
2026-03-20 20:18:48,688 - scraper_base - INFO - ✅ Cobasi: 18 produto(s) encontrado(s) para Revolution
2026-03-20 20:18:51,494 - scraper_base - INFO - 📦 [3/20] Processando NexGard
2026-03-20 20:18:51,495 - scraper_base - INFO - 🔍 Cobasi: Buscando NexGard
2026-03-20 20:18:55,622 - scraper_cobasi - INFO - Cobasi: Dados extraídos via JSON para NexGard
2026-03-20 20:18:55,622 - scraper_base - INFO - ✅ Cobasi: 22 produto(s) encontrado(s) para NexGard
2026-03-20 20:18:57,202 - scraper_base - INFO - 📦 [4/20] Processando NexGard Spectra
2026-03-20 20:18:57,202 - scraper_base - INFO - 🔍 Cobasi: Buscando NexGard Spectra
2026-03-20 20:19:01,076 - scraper_cobasi - INFO - Cobasi: Dados extraídos via JSON para NexGard Spectra
2026-03-20 20:19:01,076 - scraper_base - INFO - ✅ Cobasi: 10 produto(s) encontrado(s) para NexGard Spectra
2026-03-20 20:19:02,306 - scraper_base - INFO - 📦 [5/20] Processando NexGard Combo
2026-03-20 20:19:02,307 - scraper_base - INFO - 🔍 Cobasi: Buscando NexGard Combo
2026-03-20 20:19:05,030 - scraper_cobasi - INFO - Cobasi: Dados extraídos via JSON para NexGard Combo
2026-03-20 20:19:05,030 - scraper_base - INFO - ✅ Cobasi: 4 produto(s) encontrado(s) para NexGard Combo
2026-03-20 20:19:06,498 - scraper_base - INFO - 📦 [6/20] Processando Bravecto
2026-03-20 20:19:06,498 - scraper_base - INFO - 🔍 Cobasi: Buscando Bravecto
2026-03-20 20:19:10,177 - scraper_cobasi - INFO - Cobasi: Dados extraídos via JSON para Bravecto
2026-03-20 20:19:10,177 - scraper_base - INFO - ✅ Cobasi: 16 produto(s) encontrado(s) para Bravecto
2026-03-20 20:19:12,945 - scraper_base - INFO - 📦 [7/20] Processando Frontline
2026-03-20 20:19:12,945 - scraper_base - INFO - 🔍 Cobasi: Buscando Frontline
2026-03-20 20:19:15,900 - scraper_cobasi - INFO - Cobasi: Dados extraídos via JSON para Frontline
2026-03-20 20:19:15,900 - scraper_base - INFO - ✅ Cobasi: 11 produto(s) encontrado(s) para Frontline
2026-03-20 20:19:17,838 - scraper_base - INFO - 📦 [8/20] Processando Advocate
2026-03-20 20:19:17,839 - scraper_base - INFO - 🔍 Cobasi: Buscando Advocate
2026-03-20 20:19:21,116 - scraper_cobasi - INFO - Cobasi: Dados extraídos via JSON para Advocate
2026-03-20 20:19:21,116 - scraper_base - INFO - ✅ Cobasi: 12 produto(s) encontrado(s) para Advocate
2026-03-20 20:19:22,127 - scraper_base - INFO - 📦 [9/20] Processando Drontal
2026-03-20 20:19:22,127 - scraper_base - INFO - 🔍 Cobasi: Buscando Drontal
2026-03-20 20:19:25,098 - scraper_cobasi - INFO - Cobasi: Dados extraídos via JSON para Drontal
2026-03-20 20:19:25,098 - scraper_base - INFO - ✅ Cobasi: 8 produto(s) encontrado(s) para Drontal
2026-03-20 20:19:27,351 - scraper_base - INFO - 📦 [10/20] Processando Milbemax
2026-03-20 20:19:27,352 - scraper_base - INFO - 🔍 Cobasi: Buscando Milbemax
2026-03-20 20:19:30,273 - scraper_cobasi - INFO - Cobasi: Dados extraídos via JSON para Milbemax
2026-03-20 20:19:30,273 - scraper_base - INFO - ✅ Cobasi: 4 produto(s) encontrado(s) para Milbemax
2026-03-20 20:19:31,899 - scraper_base - INFO - 📦 [11/20] Processando Vermivet
2026-03-20 20:19:31,899 - scraper_base - INFO - 🔍 Cobasi: Buscando Vermivet
2026-03-20 20:19:35,041 - scraper_cobasi - INFO - Cobasi: Dados extraídos via JSON para Vermivet
2026-03-20 20:19:35,041 - scraper_base - INFO - ✅ Cobasi: 5 produto(s) encontrado(s) para Vermivet
2026-03-20 20:19:38,037 - scraper_base - INFO - 📦 [12/20] Processando Rimadyl
2026-03-20 20:19:38,037 - scraper_base - INFO - 🔍 Cobasi: Buscando Rimadyl
2026-03-20 20:19:41,575 - scraper_cobasi - INFO - Cobasi: Dados extraídos via JSON para Rimadyl
2026-03-20 20:19:41,575 - scraper_base - INFO - ✅ Cobasi: 3 produto(s) encontrado(s) para Rimadyl
2026-03-20 20:19:43,520 - scraper_base - INFO - 📦 [13/20] Processando Onsior
2026-03-20 20:19:43,520 - scraper_base - INFO - 🔍 Cobasi: Buscando Onsior
2026-03-20 20:19:46,412 - scraper_cobasi - INFO - Cobasi: Dados extraídos via JSON para Onsior
2026-03-20 20:19:46,412 - scraper_base - INFO - ✅ Cobasi: 4 produto(s) encontrado(s) para Onsior
2026-03-20 20:19:48,078 - scraper_base - INFO - 📦 [14/20] Processando Maxicam
2026-03-20 20:19:48,078 - scraper_base - INFO - 🔍 Cobasi: Buscando Maxicam
2026-03-20 20:19:50,765 - scraper_cobasi - INFO - Cobasi: Dados extraídos via JSON para Maxicam
2026-03-20 20:19:50,765 - scraper_base - INFO - ✅ Cobasi: 3 produto(s) encontrado(s) para Maxicam
2026-03-20 20:19:52,784 - scraper_base - INFO - 📦 [15/20] Processando Carproflan
2026-03-20 20:19:52,785 - scraper_base - INFO - 🔍 Cobasi: Buscando Carproflan
2026-03-20 20:19:55,340 - scraper_cobasi - INFO - Cobasi: Dados extraídos via JSON para Carproflan
2026-03-20 20:19:55,340 - scraper_base - INFO - ✅ Cobasi: 3 produto(s) encontrado(s) para Carproflan
2026-03-20 20:19:57,932 - scraper_base - INFO - 📦 [16/20] Processando Previcox
2026-03-20 20:19:57,932 - scraper_base - INFO - 🔍 Cobasi: Buscando Previcox
2026-03-20 20:20:00,811 - scraper_cobasi - INFO - Cobasi: Dados extraídos via JSON para Previcox
2026-03-20 20:20:00,811 - scraper_base - INFO - ✅ Cobasi: 2 produto(s) encontrado(s) para Previcox
2026-03-20 20:20:02,165 - scraper_base - INFO - 📦 [17/20] Processando Apoquel
2026-03-20 20:20:02,165 - scraper_base - INFO - 🔍 Cobasi: Buscando Apoquel
2026-03-20 20:20:05,378 - scraper_cobasi - INFO - Cobasi: Dados extraídos via JSON para Apoquel
2026-03-20 20:20:05,378 - scraper_base - INFO - ✅ Cobasi: 3 produto(s) encontrado(s) para Apoquel
2026-03-20 20:20:07,682 - scraper_base - INFO - 📦 [18/20] Processando Zenrelia
2026-03-20 20:20:07,682 - scraper_base - INFO - 🔍 Cobasi: Buscando Zenrelia
2026-03-20 20:20:11,116 - scraper_cobasi - INFO - Cobasi: Dados extraídos via JSON para Zenrelia
2026-03-20 20:20:11,116 - scraper_base - INFO - ✅ Cobasi: 4 produto(s) encontrado(s) para Zenrelia
2026-03-20 20:20:12,183 - scraper_base - INFO - 📦 [19/20] Processando Synulox
2026-03-20 20:20:12,183 - scraper_base - INFO - 🔍 Cobasi: Buscando Synulox
2026-03-20 20:20:14,587 - scraper_cobasi - INFO - Cobasi: Dados extraídos via JSON para Synulox
2026-03-20 20:20:14,587 - scraper_base - INFO - ✅ Cobasi: 2 produto(s) encontrado(s) para Synulox
2026-03-20 20:20:16,605 - scraper_base - INFO - 📦 [20/20] Processando Baytril
2026-03-20 20:20:16,605 - scraper_base - INFO - 🔍 Cobasi: Buscando Baytril
2026-03-20 20:20:19,446 - scraper_cobasi - INFO - Cobasi: Dados extraídos via JSON para Baytril
2026-03-20 20:20:19,446 - scraper_base - INFO - ✅ Cobasi: 3 produto(s) encontrado(s) para Baytril
2026-03-20 20:20:22,381 - scraper_base - INFO - 📊 Cobasi - Estatísticas finais:
2026-03-20 20:20:22,381 - scraper_base - INFO -    • Medicamentos processados: 20
2026-03-20 20:20:22,382 - scraper_base - INFO -    • Produtos encontrados: 149
2026-03-20 20:20:22,382 - scraper_base - INFO -    • Medicamentos sem resultado: 0
2026-03-20 20:20:22,382 - scraper_base - INFO -    • Tempo total: 105.4s
2026-03-20 20:20:22,382 - scraper_base - INFO -    • Tempo médio por medicamento: 5.3s
2026-03-20 20:20:22,606 - gerenciador_arquivos - INFO - Excel salvo: dados_coletados/cobasi_20260320_202022.xlsx (149 produtos)
2026-03-20 20:20:22,606 - gerenciador_principal - INFO - Cobasi: Arquivo individual salvo com sucesso
2026-03-20 20:20:22,606 - gerenciador_principal - INFO - Pausando entre sites...
2026-03-20 20:20:24,606 - gerenciador_principal - INFO - [2/3] Processando Petlove
2026-03-20 20:20:24,606 - scraper_base - INFO - 🚀 Iniciando scraping completo - Petlove
2026-03-20 20:20:24,815 - scraper_base - INFO - 📋 20 medicamentos para processar
2026-03-20 20:20:24,816 - scraper_base - INFO - 📦 [1/20] Processando Simparic
2026-03-20 20:20:24,816 - scraper_base - INFO - 🔍 Petlove: Buscando Simparic
2026-03-20 20:20:34,009 - gerenciador_conexoes - INFO - Chrome inicializado com otimizacoes de velocidade
2026-03-20 20:20:37,861 - scraper_base - INFO - ✅ Petlove: 27 produto(s) encontrado(s) para Simparic
2026-03-20 20:20:39,386 - scraper_base - INFO - 📦 [2/20] Processando Revolution
2026-03-20 20:20:39,386 - scraper_base - INFO - 🔍 Petlove: Buscando Revolution
2026-03-20 20:20:41,185 - scraper_base - INFO - ✅ Petlove: 20 produto(s) encontrado(s) para Revolution
2026-03-20 20:20:42,653 - scraper_base - INFO - 📦 [3/20] Processando NexGard
2026-03-20 20:20:42,653 - scraper_base - INFO - 🔍 Petlove: Buscando NexGard
2026-03-20 20:20:44,329 - scraper_base - INFO - ✅ Petlove: 11 produto(s) encontrado(s) para NexGard
2026-03-20 20:20:46,123 - scraper_base - INFO - 📦 [4/20] Processando NexGard Spectra
2026-03-20 20:20:46,124 - scraper_base - INFO - 🔍 Petlove: Buscando NexGard Spectra
2026-03-20 20:20:47,620 - scraper_base - INFO - ✅ Petlove: 5 produto(s) encontrado(s) para NexGard Spectra
2026-03-20 20:20:49,050 - scraper_base - INFO - 📦 [5/20] Processando NexGard Combo
2026-03-20 20:20:49,050 - scraper_base - INFO - 🔍 Petlove: Buscando NexGard Combo
2026-03-20 20:20:50,422 - scraper_base - INFO - ✅ Petlove: 2 produto(s) encontrado(s) para NexGard Combo
2026-03-20 20:20:51,422 - scraper_base - INFO - 📦 [6/20] Processando Bravecto
2026-03-20 20:20:51,422 - scraper_base - INFO - 🔍 Petlove: Buscando Bravecto
2026-03-20 20:20:54,121 - scraper_base - INFO - ✅ Petlove: 23 produto(s) encontrado(s) para Bravecto
2026-03-20 20:20:55,645 - scraper_base - INFO - 📦 [7/20] Processando Frontline
2026-03-20 20:20:55,645 - scraper_base - INFO - 🔍 Petlove: Buscando Frontline
2026-03-20 20:20:57,483 - scraper_base - INFO - ✅ Petlove: 11 produto(s) encontrado(s) para Frontline
2026-03-20 20:20:59,835 - scraper_base - INFO - 📦 [8/20] Processando Advocate
2026-03-20 20:20:59,835 - scraper_base - INFO - 🔍 Petlove: Buscando Advocate
2026-03-20 20:21:01,678 - scraper_base - INFO - ✅ Petlove: 9 produto(s) encontrado(s) para Advocate
2026-03-20 20:21:04,270 - scraper_base - INFO - 📦 [9/20] Processando Drontal
2026-03-20 20:21:04,270 - scraper_base - INFO - 🔍 Petlove: Buscando Drontal
2026-03-20 20:21:06,301 - scraper_base - INFO - ✅ Petlove: 36 produto(s) encontrado(s) para Drontal
2026-03-20 20:21:08,433 - scraper_base - INFO - 📦 [10/20] Processando Milbemax
2026-03-20 20:21:08,433 - scraper_base - INFO - 🔍 Petlove: Buscando Milbemax
2026-03-20 20:21:10,233 - scraper_base - INFO - ✅ Petlove: 14 produto(s) encontrado(s) para Milbemax
2026-03-20 20:21:13,167 - scraper_base - INFO - 📦 [11/20] Processando Vermivet
2026-03-20 20:21:13,167 - scraper_base - INFO - 🔍 Petlove: Buscando Vermivet
2026-03-20 20:21:14,858 - scraper_base - INFO - ✅ Petlove: 36 produto(s) encontrado(s) para Vermivet
2026-03-20 20:21:16,692 - scraper_base - INFO - 📦 [12/20] Processando Rimadyl
2026-03-20 20:21:16,692 - scraper_base - INFO - 🔍 Petlove: Buscando Rimadyl
2026-03-20 20:21:18,609 - scraper_base - INFO - ✅ Petlove: 1 produto(s) encontrado(s) para Rimadyl
2026-03-20 20:21:20,000 - scraper_base - INFO - 📦 [13/20] Processando Onsior
2026-03-20 20:21:20,000 - scraper_base - INFO - 🔍 Petlove: Buscando Onsior
2026-03-20 20:21:22,743 - scraper_base - INFO - ✅ Petlove: 4 produto(s) encontrado(s) para Onsior
2026-03-20 20:21:24,455 - scraper_base - INFO - 📦 [14/20] Processando Maxicam
2026-03-20 20:21:24,456 - scraper_base - INFO - 🔍 Petlove: Buscando Maxicam
2026-03-20 20:21:25,713 - scraper_base - INFO - ✅ Petlove: 3 produto(s) encontrado(s) para Maxicam
2026-03-20 20:21:28,324 - scraper_base - INFO - 📦 [15/20] Processando Carproflan
2026-03-20 20:21:28,324 - scraper_base - INFO - 🔍 Petlove: Buscando Carproflan
2026-03-20 20:21:29,614 - scraper_base - INFO - ✅ Petlove: 8 produto(s) encontrado(s) para Carproflan
2026-03-20 20:21:31,849 - scraper_base - INFO - 📦 [16/20] Processando Previcox
2026-03-20 20:21:31,849 - scraper_base - INFO - 🔍 Petlove: Buscando Previcox
2026-03-20 20:21:33,233 - scraper_base - INFO - ✅ Petlove: 4 produto(s) encontrado(s) para Previcox
2026-03-20 20:21:34,609 - scraper_base - INFO - 📦 [17/20] Processando Apoquel
2026-03-20 20:21:34,610 - scraper_base - INFO - 🔍 Petlove: Buscando Apoquel
2026-03-20 20:21:36,061 - scraper_base - INFO - ✅ Petlove: 16 produto(s) encontrado(s) para Apoquel
2026-03-20 20:21:37,069 - scraper_base - INFO - 📦 [18/20] Processando Zenrelia
2026-03-20 20:21:37,070 - scraper_base - INFO - 🔍 Petlove: Buscando Zenrelia
2026-03-20 20:21:38,495 - scraper_base - INFO - ✅ Petlove: 4 produto(s) encontrado(s) para Zenrelia
2026-03-20 20:21:41,061 - scraper_base - INFO - 📦 [19/20] Processando Synulox
2026-03-20 20:21:41,061 - scraper_base - INFO - 🔍 Petlove: Buscando Synulox
2026-03-20 20:21:42,185 - scraper_base - INFO - ✅ Petlove: 1 produto(s) encontrado(s) para Synulox
2026-03-20 20:21:43,716 - scraper_base - INFO - 📦 [20/20] Processando Baytril
2026-03-20 20:21:43,716 - scraper_base - INFO - 🔍 Petlove: Buscando Baytril
2026-03-20 20:21:44,851 - scraper_base - INFO - ✅ Petlove: 4 produto(s) encontrado(s) para Baytril
2026-03-20 20:21:47,500 - scraper_base - INFO - 📊 Petlove - Estatísticas finais:
2026-03-20 20:21:47,500 - scraper_base - INFO -    • Medicamentos processados: 20
2026-03-20 20:21:47,500 - scraper_base - INFO -    • Produtos encontrados: 239
2026-03-20 20:21:47,500 - scraper_base - INFO -    • Medicamentos sem resultado: 0
2026-03-20 20:21:47,500 - scraper_base - INFO -    • Tempo total: 82.9s
2026-03-20 20:21:47,500 - scraper_base - INFO -    • Tempo médio por medicamento: 4.1s
2026-03-20 20:21:47,546 - gerenciador_arquivos - INFO - Excel salvo: dados_coletados/petlove_20260320_202147.xlsx (239 produtos)
2026-03-20 20:21:47,546 - gerenciador_principal - INFO - Petlove: Arquivo individual salvo com sucesso
2026-03-20 20:21:47,546 - gerenciador_principal - INFO - Pausando entre sites...
2026-03-20 20:21:49,547 - gerenciador_principal - INFO - [3/3] Processando Petz
2026-03-20 20:21:49,547 - scraper_base - INFO - 🚀 Iniciando scraping completo - Petz
2026-03-20 20:21:49,783 - scraper_base - INFO - 📋 20 medicamentos para processar
2026-03-20 20:21:49,784 - scraper_base - INFO - 📦 [1/20] Processando Simparic
2026-03-20 20:21:49,784 - scraper_base - INFO - 🔍 Petz: Buscando Simparic
2026-03-20 20:21:54,352 - scraper_base - INFO - ✅ Petz: 12 produto(s) encontrado(s) para Simparic
2026-03-20 20:21:56,311 - scraper_base - INFO - 📦 [2/20] Processando Revolution
2026-03-20 20:21:56,311 - scraper_base - INFO - 🔍 Petz: Buscando Revolution
2026-03-20 20:21:58,956 - scraper_base - INFO - ✅ Petz: 21 produto(s) encontrado(s) para Revolution
2026-03-20 20:22:01,416 - scraper_base - INFO - 📦 [3/20] Processando NexGard
2026-03-20 20:22:01,416 - scraper_base - INFO - 🔍 Petz: Buscando NexGard
2026-03-20 20:22:04,010 - scraper_base - INFO - ✅ Petz: 22 produto(s) encontrado(s) para NexGard
2026-03-20 20:22:05,771 - scraper_base - INFO - 📦 [4/20] Processando NexGard Spectra
2026-03-20 20:22:05,771 - scraper_base - INFO - 🔍 Petz: Buscando NexGard Spectra
2026-03-20 20:22:07,514 - scraper_base - INFO - ✅ Petz: 10 produto(s) encontrado(s) para NexGard Spectra
2026-03-20 20:22:10,353 - scraper_base - INFO - 📦 [5/20] Processando NexGard Combo
2026-03-20 20:22:10,353 - scraper_base - INFO - 🔍 Petz: Buscando NexGard Combo
2026-03-20 20:22:13,934 - scraper_base - INFO - ✅ Petz: 4 produto(s) encontrado(s) para NexGard Combo
2026-03-20 20:22:16,843 - scraper_base - INFO - 📦 [6/20] Processando Bravecto
2026-03-20 20:22:16,844 - scraper_base - INFO - 🔍 Petz: Buscando Bravecto
2026-03-20 20:22:18,871 - scraper_base - INFO - ✅ Petz: 16 produto(s) encontrado(s) para Bravecto
2026-03-20 20:22:20,559 - scraper_base - INFO - 📦 [7/20] Processando Frontline
2026-03-20 20:22:20,560 - scraper_base - INFO - 🔍 Petz: Buscando Frontline
2026-03-20 20:22:22,322 - scraper_base - INFO - ✅ Petz: 11 produto(s) encontrado(s) para Frontline
2026-03-20 20:22:24,615 - scraper_base - INFO - 📦 [8/20] Processando Advocate
2026-03-20 20:22:24,615 - scraper_base - INFO - 🔍 Petz: Buscando Advocate
2026-03-20 20:22:26,285 - scraper_base - INFO - ✅ Petz: 12 produto(s) encontrado(s) para Advocate
2026-03-20 20:22:29,238 - scraper_base - INFO - 📦 [9/20] Processando Drontal
2026-03-20 20:22:29,238 - scraper_base - INFO - 🔍 Petz: Buscando Drontal
2026-03-20 20:22:31,877 - scraper_base - INFO - ✅ Petz: 32 produto(s) encontrado(s) para Drontal
2026-03-20 20:22:34,348 - scraper_base - INFO - 📦 [10/20] Processando Milbemax
2026-03-20 20:22:34,348 - scraper_base - INFO - 🔍 Petz: Buscando Milbemax
2026-03-20 20:22:36,332 - scraper_base - INFO - ✅ Petz: 4 produto(s) encontrado(s) para Milbemax
2026-03-20 20:22:38,599 - scraper_base - INFO - 📦 [11/20] Processando Vermivet
2026-03-20 20:22:38,599 - scraper_base - INFO - 🔍 Petz: Buscando Vermivet
2026-03-20 20:22:40,353 - scraper_base - INFO - ✅ Petz: 5 produto(s) encontrado(s) para Vermivet
2026-03-20 20:22:41,770 - scraper_base - INFO - 📦 [12/20] Processando Rimadyl
2026-03-20 20:22:41,771 - scraper_base - INFO - 🔍 Petz: Buscando Rimadyl
2026-03-20 20:22:43,266 - scraper_base - INFO - ✅ Petz: 3 produto(s) encontrado(s) para Rimadyl
2026-03-20 20:22:44,499 - scraper_base - INFO - 📦 [13/20] Processando Onsior
2026-03-20 20:22:44,499 - scraper_base - INFO - 🔍 Petz: Buscando Onsior
2026-03-20 20:22:46,131 - scraper_base - INFO - ✅ Petz: 4 produto(s) encontrado(s) para Onsior
2026-03-20 20:22:48,224 - scraper_base - INFO - 📦 [14/20] Processando Maxicam
2026-03-20 20:22:48,224 - scraper_base - INFO - 🔍 Petz: Buscando Maxicam
2026-03-20 20:22:50,842 - scraper_base - INFO - ✅ Petz: 28 produto(s) encontrado(s) para Maxicam
2026-03-20 20:22:53,789 - scraper_base - INFO - 📦 [15/20] Processando Carproflan
2026-03-20 20:22:53,789 - scraper_base - INFO - 🔍 Petz: Buscando Carproflan
2026-03-20 20:22:55,346 - scraper_base - INFO - ✅ Petz: 3 produto(s) encontrado(s) para Carproflan
2026-03-20 20:22:56,628 - scraper_base - INFO - 📦 [16/20] Processando Previcox
2026-03-20 20:22:56,628 - scraper_base - INFO - 🔍 Petz: Buscando Previcox
2026-03-20 20:22:58,153 - scraper_base - INFO - ✅ Petz: 2 produto(s) encontrado(s) para Previcox
2026-03-20 20:23:00,932 - scraper_base - INFO - 📦 [17/20] Processando Apoquel
2026-03-20 20:23:00,932 - scraper_base - INFO - 🔍 Petz: Buscando Apoquel
2026-03-20 20:23:02,580 - scraper_base - INFO - ✅ Petz: 3 produto(s) encontrado(s) para Apoquel
2026-03-20 20:23:05,367 - scraper_base - INFO - 📦 [18/20] Processando Zenrelia
2026-03-20 20:23:05,368 - scraper_base - INFO - 🔍 Petz: Buscando Zenrelia
2026-03-20 20:23:06,843 - scraper_base - INFO - ✅ Petz: 4 produto(s) encontrado(s) para Zenrelia
2026-03-20 20:23:08,435 - scraper_base - INFO - 📦 [19/20] Processando Synulox
2026-03-20 20:23:08,435 - scraper_base - INFO - 🔍 Petz: Buscando Synulox
2026-03-20 20:23:09,905 - scraper_base - INFO - ✅ Petz: 2 produto(s) encontrado(s) para Synulox
2026-03-20 20:23:12,592 - scraper_base - INFO - 📦 [20/20] Processando Baytril
2026-03-20 20:23:12,593 - scraper_base - INFO - 🔍 Petz: Buscando Baytril
2026-03-20 20:23:14,499 - scraper_base - INFO - ✅ Petz: 9 produto(s) encontrado(s) para Baytril
2026-03-20 20:23:16,990 - scraper_base - INFO - 📊 Petz - Estatísticas finais:
2026-03-20 20:23:16,990 - scraper_base - INFO -    • Medicamentos processados: 20
2026-03-20 20:23:16,990 - scraper_base - INFO -    • Produtos encontrados: 207
2026-03-20 20:23:16,990 - scraper_base - INFO -    • Medicamentos sem resultado: 0
2026-03-20 20:23:16,990 - scraper_base - INFO -    • Tempo total: 87.4s
2026-03-20 20:23:16,990 - scraper_base - INFO -    • Tempo médio por medicamento: 4.4s
2026-03-20 20:23:17,035 - gerenciador_arquivos - INFO - Excel salvo: dados_coletados/petz_20260320_202316.xlsx (207 produtos)
2026-03-20 20:23:17,035 - gerenciador_principal - INFO - Petz: Arquivo individual salvo com sucesso
2026-03-20 20:23:17,035 - gerenciador_principal - INFO - Gerando relatório consolidado...
2026-03-20 20:23:17,294 - gerenciador_arquivos - INFO - Relatório consolidado salvo: dados_relatorios/relatorio_consolidado_20260320_202317.xlsx
2026-03-20 20:23:17,431 - gerenciador_conexoes - INFO - Chrome fechado
2026-03-20 20:23:17,431 - gerenciador_conexoes - INFO - Métodos utilizados - Requests: 33.3%, Selenium: 66.7%, Falhas: 0.0%
2026-03-20 20:23:17,431 - gerenciador_principal - INFO - ============================================================
2026-03-20 20:23:17,431 - gerenciador_principal - INFO - RELATORIO FINAL DE EXECUÇÃO
2026-03-20 20:23:17,431 - gerenciador_principal - INFO - ============================================================
2026-03-20 20:23:17,431 - gerenciador_principal - INFO - Sites processados: 3
2026-03-20 20:23:17,431 - gerenciador_principal - INFO - Sites com sucesso: 3
2026-03-20 20:23:17,431 - gerenciador_principal - INFO - Total de produtos coletados: 595
2026-03-20 20:23:17,431 - gerenciador_principal - INFO - Tempo total de execução: 280.0 segundos
2026-03-20 20:23:17,431 - gerenciador_principal - INFO - Estatísticas de conexão:
2026-03-20 20:23:17,431 - gerenciador_principal - INFO -   - Requests bem-sucedidos: 33.3%
2026-03-20 20:23:17,432 - gerenciador_principal - INFO -   - Selenium fallback: 66.7%
2026-03-20 20:23:17,432 - gerenciador_principal - INFO -   - Falhas totais: 0.0%
2026-03-20 20:23:17,434 - gerenciador_principal - INFO - Arquivos salvos na pasta: dados_coletados
2026-03-20 20:23:17,434 - gerenciador_principal - INFO - Total de arquivos: 505
2026-03-20 20:23:17,434 - gerenciador_principal - INFO - ============================================================
