2026-10-04 22:34:37,185 - configurador_logs - INFO - Sistema de logs configurado com sucesso
2026-10-04 22:34:37,185 - configurador_logs - INFO - 🚀 Logs configurados para MODO PRODUÇÃO
2026-10-04 22:34:37,186 - gerenciador_principal - INFO - Inicializando sistema - Modo: PRODUCAO
2026-10-04 22:34:37,186 - gerenciador_arquivos - INFO - Pasta dados_coletados preparada
2026-10-04 22:34:37,186 - gerenciador_principal - INFO - Sistema inicializado com 3 scrapers
2026-10-04 22:34:37,186 - gerenciador_principal - INFO - ============================================================
2026-10-04 22:34:37,186 - gerenciador_principal - INFO - INICIANDO SCRAPING COMPLETO - PRODUCAO
2026-10-04 22:34:37,186 - gerenciador_principal - INFO - ============================================================
2026-10-04 22:34:37,186 - gerenciador_principal - INFO - [1/3] Processando Cobasi
2026-10-04 22:34:37,186 - scraper_base - INFO - 🚀 Iniciando scraping completo - Cobasi
2026-10-04 22:34:37,693 - gerenciador_conexoes - INFO - Sessao estabelecida com cobasi.com.br
2026-10-04 22:34:37,693 - scraper_base - INFO - 📋 20 medicamentos para processar
2026-10-04 22:34:37,694 - scraper_base - INFO - 📦 [1/20] Processando Simparic
2026-10-04 22:34:37,694 - scraper_base - INFO - 🔍 Cobasi: Buscando Simparic
2026-10-04 22:34:56,551 - scraper_cobasi - INFO - Cobasi: Dados extraídos via JSON para Simparic
2026-10-04 22:34:56,551 - scraper_base - INFO - ✅ Cobasi: 24 produto(s) encontrado(s) para Simparic
2026-10-04 22:34:59,449 - scraper_base - INFO - 📦 [2/20] Processando Revolution
2026-10-04 22:34:59,449 - scraper_base - INFO - 🔍 Cobasi: Buscando Revolution
2026-10-04 22:35:03,884 - scraper_cobasi - INFO - Cobasi: Dados extraídos via JSON para Revolution
2026-10-04 22:35:03,885 - scraper_base - INFO - ✅ Cobasi: 16 produto(s) encontrado(s) para Revolution
2026-10-04 22:35:05,469 - scraper_base - INFO - 📦 [3/20] Processando NexGard
2026-10-04 22:35:05,470 - scraper_base - INFO - 🔍 Cobasi: Buscando NexGard
2026-10-04 22:35:09,460 - scraper_cobasi - INFO - Cobasi: Dados extraídos via JSON para NexGard
2026-10-04 22:35:09,460 - scraper_base - INFO - ✅ Cobasi: 22 produto(s) encontrado(s) para NexGard
2026-10-04 22:35:11,923 - scraper_base - INFO - 📦 [4/20] Processando NexGard Spectra
2026-10-04 22:35:11,923 - scraper_base - INFO - 🔍 Cobasi: Buscando NexGard Spectra
2026-10-04 22:35:16,970 - scraper_cobasi - INFO - Cobasi: Dados extraídos via JSON para NexGard Spectra
2026-10-04 22:35:16,970 - scraper_base - INFO - ✅ Cobasi: 10 produto(s) encontrado(s) para NexGard Spectra
2026-10-04 22:35:19,960 - scraper_base - INFO - 📦 [5/20] Processando NexGard Combo
2026-10-04 22:35:19,960 - scraper_base - INFO - 🔍 Cobasi: Buscando NexGard Combo
2026-10-04 22:35:47,850 - gerenciador_conexoes - INFO - Chrome inicializado com otimizacoes de velocidade
2026-10-04 22:36:10,925 - scraper_cobasi - INFO - Cobasi: Nenhum produto encontrado no JSON para NexGard Combo
2026-10-04 22:36:10,925 - scraper_cobasi - INFO - Cobasi: Usando método HTML para NexGard Combo
2026-10-04 22:36:10,927 - scraper_cobasi - INFO - Cobasi: Nenhum produto encontrado no HTML para NexGard Combo
2026-10-04 22:36:10,927 - scraper_base - INFO - ⚪ Cobasi: Nenhum produto encontrado para NexGard Combo
2026-10-04 22:36:12,733 - scraper_base - INFO - 📦 [6/20] Processando Bravecto
2026-10-04 22:36:12,733 - scraper_base - INFO - 🔍 Cobasi: Buscando Bravecto
2026-10-04 22:36:16,162 - scraper_cobasi - INFO - Cobasi: Dados extraídos via JSON para Bravecto
2026-10-04 22:36:16,162 - scraper_base - INFO - ✅ Cobasi: 16 produto(s) encontrado(s) para Bravecto
2026-10-04 22:36:18,131 - scraper_base - INFO - 📦 [7/20] Processando Frontline
2026-10-04 22:36:18,131 - scraper_base - INFO - 🔍 Cobasi: Buscando Frontline
2026-10-04 22:36:23,939 - scraper_cobasi - INFO - Cobasi: Dados extraídos via JSON para Frontline
2026-10-04 22:36:23,939 - scraper_base - INFO - ✅ Cobasi: 11 produto(s) encontrado(s) para Frontline
2026-10-04 22:36:25,287 - scraper_base - INFO - 📦 [8/20] Processando Advocate
2026-10-04 22:36:25,287 - scraper_base - INFO - 🔍 Cobasi: Buscando Advocate
2026-10-04 22:36:31,211 - scraper_cobasi - INFO - Cobasi: Dados extraídos via JSON para Advocate
2026-10-04 22:36:31,211 - scraper_base - INFO - ✅ Cobasi: 12 produto(s) encontrado(s) para Advocate
2026-10-04 22:36:32,651 - scraper_base - INFO - 📦 [9/20] Processando Drontal
2026-10-04 22:36:32,651 - scraper_base - INFO - 🔍 Cobasi: Buscando Drontal
2026-10-04 22:37:28,409 - scraper_cobasi - INFO - Cobasi: Nenhum produto encontrado no JSON para Drontal
2026-10-04 22:37:28,409 - scraper_cobasi - INFO - Cobasi: Usando método HTML para Drontal
2026-10-04 22:37:28,411 - scraper_cobasi - INFO - Cobasi: Nenhum produto encontrado no HTML para Drontal
2026-10-04 22:37:28,411 - scraper_base - INFO - ⚪ Cobasi: Nenhum produto encontrado para Drontal
2026-10-04 22:37:29,681 - scraper_base - INFO - 📦 [10/20] Processando Milbemax
2026-10-04 22:37:29,681 - scraper_base - INFO - 🔍 Cobasi: Buscando Milbemax
2026-10-04 22:37:32,953 - scraper_cobasi - INFO - Cobasi: Dados extraídos via JSON para Milbemax
2026-10-04 22:37:32,953 - scraper_base - INFO - ✅ Cobasi: 4 produto(s) encontrado(s) para Milbemax
2026-10-04 22:37:35,481 - scraper_base - INFO - 📦 [11/20] Processando Vermivet
2026-10-04 22:37:35,481 - scraper_base - INFO - 🔍 Cobasi: Buscando Vermivet
2026-10-04 22:37:41,497 - scraper_cobasi - INFO - Cobasi: Dados extraídos via JSON para Vermivet
2026-10-04 22:37:41,498 - scraper_base - INFO - ✅ Cobasi: 5 produto(s) encontrado(s) para Vermivet
2026-10-04 22:37:43,861 - scraper_base - INFO - 📦 [12/20] Processando Rimadyl
2026-10-04 22:37:43,862 - scraper_base - INFO - 🔍 Cobasi: Buscando Rimadyl
2026-10-04 22:37:50,188 - scraper_cobasi - INFO - Cobasi: Dados extraídos via JSON para Rimadyl
2026-10-04 22:37:50,188 - scraper_base - INFO - ✅ Cobasi: 3 produto(s) encontrado(s) para Rimadyl
2026-10-04 22:37:52,610 - scraper_base - INFO - 📦 [13/20] Processando Onsior
2026-10-04 22:37:52,610 - scraper_base - INFO - 🔍 Cobasi: Buscando Onsior
2026-10-04 22:37:58,006 - scraper_cobasi - INFO - Cobasi: Dados extraídos via JSON para Onsior
2026-10-04 22:37:58,006 - scraper_base - INFO - ✅ Cobasi: 4 produto(s) encontrado(s) para Onsior
2026-10-04 22:37:59,444 - scraper_base - INFO - 📦 [14/20] Processando Maxicam
2026-10-04 22:37:59,444 - scraper_base - INFO - 🔍 Cobasi: Buscando Maxicam
2026-10-04 22:38:01,752 - scraper_cobasi - INFO - Cobasi: Dados extraídos via JSON para Maxicam
2026-10-04 22:38:01,752 - scraper_base - INFO - ✅ Cobasi: 3 produto(s) encontrado(s) para Maxicam
2026-10-04 22:38:04,615 - scraper_base - INFO - 📦 [15/20] Processando Carproflan
2026-10-04 22:38:04,615 - scraper_base - INFO - 🔍 Cobasi: Buscando Carproflan
2026-10-04 22:38:07,353 - scraper_cobasi - INFO - Cobasi: Dados extraídos via JSON para Carproflan
2026-10-04 22:38:07,353 - scraper_base - INFO - ✅ Cobasi: 3 produto(s) encontrado(s) para Carproflan
2026-10-04 22:38:09,212 - scraper_base - INFO - 📦 [16/20] Processando Previcox
2026-10-04 22:38:09,212 - scraper_base - INFO - 🔍 Cobasi: Buscando Previcox
2026-10-04 22:38:12,623 - scraper_cobasi - INFO - Cobasi: Dados extraídos via JSON para Previcox
2026-10-04 22:38:12,623 - scraper_base - INFO - ✅ Cobasi: 2 produto(s) encontrado(s) para Previcox
2026-10-04 22:38:13,665 - scraper_base - INFO - 📦 [17/20] Processando Apoquel
2026-10-04 22:38:13,665 - scraper_base - INFO - 🔍 Cobasi: Buscando Apoquel
2026-10-04 22:38:16,837 - scraper_cobasi - INFO - Cobasi: Dados extraídos via JSON para Apoquel
2026-10-04 22:38:16,837 - scraper_base - INFO - ✅ Cobasi: 3 produto(s) encontrado(s) para Apoquel
2026-10-04 22:38:19,153 - scraper_base - INFO - 📦 [18/20] Processando Zenrelia
2026-10-04 22:38:19,153 - scraper_base - INFO - 🔍 Cobasi: Buscando Zenrelia
2026-10-04 22:38:22,294 - scraper_cobasi - INFO - Cobasi: Dados extraídos via JSON para Zenrelia
2026-10-04 22:38:22,294 - scraper_base - INFO - ✅ Cobasi: 4 produto(s) encontrado(s) para Zenrelia
2026-10-04 22:38:24,885 - scraper_base - INFO - 📦 [19/20] Processando Synulox
2026-10-04 22:38:24,886 - scraper_base - INFO - 🔍 Cobasi: Buscando Synulox
2026-10-04 22:38:27,182 - scraper_cobasi - INFO - Cobasi: Dados extraídos via JSON para Synulox
2026-10-04 22:38:27,182 - scraper_base - INFO - ✅ Cobasi: 2 produto(s) encontrado(s) para Synulox
2026-10-04 22:38:28,883 - scraper_base - INFO - 📦 [20/20] Processando Baytril
2026-10-04 22:38:28,883 - scraper_base - INFO - 🔍 Cobasi: Buscando Baytril
2026-10-04 22:38:31,194 - scraper_cobasi - INFO - Cobasi: Dados extraídos via JSON para Baytril
2026-10-04 22:38:31,194 - scraper_base - INFO - ✅ Cobasi: 2 produto(s) encontrado(s) para Baytril
2026-10-04 22:38:33,380 - scraper_base - INFO - 📊 Cobasi - Estatísticas finais:
2026-10-04 22:38:33,380 - scraper_base - INFO -    • Medicamentos processados: 20
2026-10-04 22:38:33,380 - scraper_base - INFO -    • Produtos encontrados: 146
2026-10-04 22:38:33,380 - scraper_base - INFO -    • Medicamentos sem resultado: 2
2026-10-04 22:38:33,380 - scraper_base - INFO -    • Tempo total: 236.2s
2026-10-04 22:38:33,380 - scraper_base - INFO -    • Tempo médio por medicamento: 11.8s
2026-10-04 22:38:33,494 - gerenciador_arquivos - INFO - Excel salvo: dados_coletados/cobasi_20261004_223833.xlsx (146 produtos)
2026-10-04 22:38:33,494 - gerenciador_principal - INFO - Cobasi: Arquivo individual salvo com sucesso
2026-10-04 22:38:33,494 - gerenciador_principal - INFO - Pausando entre sites...
2026-10-04 22:38:35,494 - gerenciador_principal - INFO - [2/3] Processando Petlove
2026-10-04 22:38:35,494 - scraper_base - INFO - 🚀 Iniciando scraping completo - Petlove
2026-10-04 22:38:36,093 - gerenciador_conexoes - INFO - Sessao estabelecida com petlove.com.br
2026-10-04 22:38:36,093 - scraper_base - INFO - 📋 20 medicamentos para processar
2026-10-04 22:38:36,093 - scraper_base - INFO - 📦 [1/20] Processando Simparic
2026-10-04 22:38:36,093 - scraper_base - INFO - 🔍 Petlove: Buscando Simparic
2026-10-04 22:38:37,038 - scraper_base - INFO - ✅ Petlove: 36 produto(s) encontrado(s) para Simparic
2026-10-04 22:38:39,817 - scraper_base - INFO - 📦 [2/20] Processando Revolution
2026-10-04 22:38:39,818 - scraper_base - INFO - 🔍 Petlove: Buscando Revolution
2026-10-04 22:38:40,608 - scraper_base - INFO - ✅ Petlove: 19 produto(s) encontrado(s) para Revolution
2026-10-04 22:38:42,512 - scraper_base - INFO - 📦 [3/20] Processando NexGard
2026-10-04 22:38:42,512 - scraper_base - INFO - 🔍 Petlove: Buscando NexGard
2026-10-04 22:38:43,205 - scraper_base - INFO - ✅ Petlove: 11 produto(s) encontrado(s) para NexGard
2026-10-04 22:38:44,517 - scraper_base - INFO - 📦 [4/20] Processando NexGard Spectra
2026-10-04 22:38:44,518 - scraper_base - INFO - 🔍 Petlove: Buscando NexGard Spectra
2026-10-04 22:38:45,116 - scraper_base - INFO - ✅ Petlove: 5 produto(s) encontrado(s) para NexGard Spectra
2026-10-04 22:38:46,821 - scraper_base - INFO - 📦 [5/20] Processando NexGard Combo
2026-10-04 22:38:46,821 - scraper_base - INFO - 🔍 Petlove: Buscando NexGard Combo
2026-10-04 22:38:47,641 - scraper_base - INFO - ✅ Petlove: 2 produto(s) encontrado(s) para NexGard Combo
2026-10-04 22:38:50,470 - scraper_base - INFO - 📦 [6/20] Processando Bravecto
2026-10-04 22:38:50,470 - scraper_base - INFO - 🔍 Petlove: Buscando Bravecto
2026-10-04 22:38:51,224 - scraper_base - INFO - ✅ Petlove: 20 produto(s) encontrado(s) para Bravecto
2026-10-04 22:38:53,852 - scraper_base - INFO - 📦 [7/20] Processando Frontline
2026-10-04 22:38:53,852 - scraper_base - INFO - 🔍 Petlove: Buscando Frontline
2026-10-04 22:38:54,488 - scraper_base - INFO - ✅ Petlove: 11 produto(s) encontrado(s) para Frontline
2026-10-04 22:38:56,093 - scraper_base - INFO - 📦 [8/20] Processando Advocate
2026-10-04 22:38:56,093 - scraper_base - INFO - 🔍 Petlove: Buscando Advocate
2026-10-04 22:38:57,316 - scraper_base - INFO - ✅ Petlove: 9 produto(s) encontrado(s) para Advocate
2026-10-04 22:38:59,028 - scraper_base - INFO - 📦 [9/20] Processando Drontal
2026-10-04 22:38:59,028 - scraper_base - INFO - 🔍 Petlove: Buscando Drontal
2026-10-04 22:39:00,493 - scraper_base - INFO - ✅ Petlove: 36 produto(s) encontrado(s) para Drontal
2026-10-04 22:39:02,439 - scraper_base - INFO - 📦 [10/20] Processando Milbemax
2026-10-04 22:39:02,439 - scraper_base - INFO - 🔍 Petlove: Buscando Milbemax
2026-10-04 22:39:03,188 - scraper_base - INFO - ✅ Petlove: 14 produto(s) encontrado(s) para Milbemax
2026-10-04 22:39:04,486 - scraper_base - INFO - 📦 [11/20] Processando Vermivet
2026-10-04 22:39:04,486 - scraper_base - INFO - 🔍 Petlove: Buscando Vermivet
2026-10-04 22:39:05,406 - scraper_base - INFO - ✅ Petlove: 36 produto(s) encontrado(s) para Vermivet
2026-10-04 22:39:06,703 - scraper_base - INFO - 📦 [12/20] Processando Rimadyl
2026-10-04 22:39:06,703 - scraper_base - INFO - 🔍 Petlove: Buscando Rimadyl
2026-10-04 22:39:07,369 - scraper_base - INFO - ✅ Petlove: 1 produto(s) encontrado(s) para Rimadyl
2026-10-04 22:39:09,802 - scraper_base - INFO - 📦 [13/20] Processando Onsior
2026-10-04 22:39:09,802 - scraper_base - INFO - 🔍 Petlove: Buscando Onsior
2026-10-04 22:39:10,409 - scraper_base - INFO - ✅ Petlove: 4 produto(s) encontrado(s) para Onsior
2026-10-04 22:39:11,775 - scraper_base - INFO - 📦 [14/20] Processando Maxicam
2026-10-04 22:39:11,775 - scraper_base - INFO - 🔍 Petlove: Buscando Maxicam
2026-10-04 22:39:12,445 - scraper_base - INFO - ✅ Petlove: 3 produto(s) encontrado(s) para Maxicam
2026-10-04 22:39:14,564 - scraper_base - INFO - 📦 [15/20] Processando Carproflan
2026-10-04 22:39:14,564 - scraper_base - INFO - 🔍 Petlove: Buscando Carproflan
2026-10-04 22:39:15,259 - scraper_base - INFO - ✅ Petlove: 7 produto(s) encontrado(s) para Carproflan
2026-10-04 22:39:18,055 - scraper_base - INFO - 📦 [16/20] Processando Previcox
2026-10-04 22:39:18,055 - scraper_base - INFO - 🔍 Petlove: Buscando Previcox
2026-10-04 22:39:18,655 - scraper_base - INFO - ✅ Petlove: 4 produto(s) encontrado(s) para Previcox
2026-10-04 22:39:21,455 - scraper_base - INFO - 📦 [17/20] Processando Apoquel
2026-10-04 22:39:21,456 - scraper_base - INFO - 🔍 Petlove: Buscando Apoquel
2026-10-04 22:39:22,139 - scraper_base - INFO - ✅ Petlove: 16 produto(s) encontrado(s) para Apoquel
2026-10-04 22:39:25,120 - scraper_base - INFO - 📦 [18/20] Processando Zenrelia
2026-10-04 22:39:25,120 - scraper_base - INFO - 🔍 Petlove: Buscando Zenrelia
2026-10-04 22:39:25,825 - scraper_base - INFO - ✅ Petlove: 4 produto(s) encontrado(s) para Zenrelia
2026-10-04 22:39:28,794 - scraper_base - INFO - 📦 [19/20] Processando Synulox
2026-10-04 22:39:28,794 - scraper_base - INFO - 🔍 Petlove: Buscando Synulox
2026-10-04 22:39:29,386 - scraper_base - INFO - ✅ Petlove: 1 produto(s) encontrado(s) para Synulox
2026-10-04 22:39:31,038 - scraper_base - INFO - 📦 [20/20] Processando Baytril
2026-10-04 22:39:31,038 - scraper_base - INFO - 🔍 Petlove: Buscando Baytril
2026-10-04 22:39:31,647 - scraper_base - INFO - ✅ Petlove: 5 produto(s) encontrado(s) para Baytril
2026-10-04 22:39:34,568 - scraper_base - INFO - 📊 Petlove - Estatísticas finais:
2026-10-04 22:39:34,568 - scraper_base - INFO -    • Medicamentos processados: 20
2026-10-04 22:39:34,568 - scraper_base - INFO -    • Produtos encontrados: 244
2026-10-04 22:39:34,568 - scraper_base - INFO -    • Medicamentos sem resultado: 0
2026-10-04 22:39:34,568 - scraper_base - INFO -    • Tempo total: 59.1s
2026-10-04 22:39:34,568 - scraper_base - INFO -    • Tempo médio por medicamento: 3.0s
2026-10-04 22:39:34,616 - gerenciador_arquivos - INFO - Excel salvo: dados_coletados/petlove_20261004_223934.xlsx (244 produtos)
2026-10-04 22:39:34,617 - gerenciador_principal - INFO - Petlove: Arquivo individual salvo com sucesso
2026-10-04 22:39:34,617 - gerenciador_principal - INFO - Pausando entre sites...
2026-10-04 22:39:36,617 - gerenciador_principal - INFO - [3/3] Processando Petz
2026-10-04 22:39:36,617 - scraper_base - INFO - 🚀 Iniciando scraping completo - Petz
2026-10-04 22:39:36,839 - scraper_base - INFO - 📋 20 medicamentos para processar
2026-10-04 22:39:36,839 - scraper_base - INFO - 📦 [1/20] Processando Simparic
2026-10-04 22:39:36,839 - scraper_base - INFO - 🔍 Petz: Buscando Simparic
2026-10-04 22:39:41,094 - scraper_petz - INFO - Petz: Nenhum product-card encontrado para Simparic
2026-10-04 22:39:41,094 - scraper_base - INFO - ⚪ Petz: Nenhum produto encontrado para Simparic
2026-10-04 22:39:44,016 - scraper_base - INFO - 📦 [2/20] Processando Revolution
2026-10-04 22:39:44,016 - scraper_base - INFO - 🔍 Petz: Buscando Revolution
2026-10-04 22:39:46,654 - scraper_petz - INFO - Petz: Nenhum product-card encontrado para Revolution
2026-10-04 22:39:46,654 - scraper_base - INFO - ⚪ Petz: Nenhum produto encontrado para Revolution
2026-10-04 22:39:47,867 - scraper_base - INFO - 📦 [3/20] Processando NexGard
2026-10-04 22:39:47,867 - scraper_base - INFO - 🔍 Petz: Buscando NexGard
2026-10-04 22:39:50,255 - scraper_petz - INFO - Petz: Nenhum product-card encontrado para NexGard
2026-10-04 22:39:50,255 - scraper_base - INFO - ⚪ Petz: Nenhum produto encontrado para NexGard
2026-10-04 22:39:52,891 - scraper_base - INFO - 📦 [4/20] Processando NexGard Spectra
2026-10-04 22:39:52,891 - scraper_base - INFO - 🔍 Petz: Buscando NexGard Spectra
2026-10-04 22:39:55,298 - scraper_petz - INFO - Petz: Nenhum product-card encontrado para NexGard Spectra
2026-10-04 22:39:55,298 - scraper_base - INFO - ⚪ Petz: Nenhum produto encontrado para NexGard Spectra
2026-10-04 22:39:56,772 - scraper_base - INFO - 📦 [5/20] Processando NexGard Combo
2026-10-04 22:39:56,772 - scraper_base - INFO - 🔍 Petz: Buscando NexGard Combo
2026-10-04 22:39:58,542 - scraper_petz - INFO - Petz: Nenhum product-card encontrado para NexGard Combo
2026-10-04 22:39:58,542 - scraper_base - INFO - ⚪ Petz: Nenhum produto encontrado para NexGard Combo
2026-10-04 22:40:00,101 - scraper_base - INFO - 📦 [6/20] Processando Bravecto
2026-10-04 22:40:00,101 - scraper_base - INFO - 🔍 Petz: Buscando Bravecto
2026-10-04 22:40:02,650 - scraper_petz - INFO - Petz: Nenhum product-card encontrado para Bravecto
2026-10-04 22:40:02,650 - scraper_base - INFO - ⚪ Petz: Nenhum produto encontrado para Bravecto
2026-10-04 22:40:04,342 - scraper_base - INFO - 📦 [7/20] Processando Frontline
2026-10-04 22:40:04,342 - scraper_base - INFO - 🔍 Petz: Buscando Frontline
2026-10-04 22:40:06,773 - scraper_petz - INFO - Petz: Nenhum product-card encontrado para Frontline
2026-10-04 22:40:06,773 - scraper_base - INFO - ⚪ Petz: Nenhum produto encontrado para Frontline
2026-10-04 22:40:09,263 - scraper_base - INFO - 📦 [8/20] Processando Advocate
2026-10-04 22:40:09,263 - scraper_base - INFO - 🔍 Petz: Buscando Advocate
2026-10-04 22:40:11,601 - scraper_petz - INFO - Petz: Nenhum product-card encontrado para Advocate
2026-10-04 22:40:11,601 - scraper_base - INFO - ⚪ Petz: Nenhum produto encontrado para Advocate
2026-10-04 22:40:13,268 - scraper_base - INFO - 📦 [9/20] Processando Drontal
2026-10-04 22:40:13,268 - scraper_base - INFO - 🔍 Petz: Buscando Drontal
2026-10-04 22:40:16,698 - scraper_petz - INFO - Petz: Nenhum product-card encontrado para Drontal
2026-10-04 22:40:16,698 - scraper_base - INFO - ⚪ Petz: Nenhum produto encontrado para Drontal
2026-10-04 22:40:17,877 - scraper_base - INFO - 📦 [10/20] Processando Milbemax
2026-10-04 22:40:17,877 - scraper_base - INFO - 🔍 Petz: Buscando Milbemax
2026-10-04 22:40:19,830 - scraper_petz - INFO - Petz: Nenhum product-card encontrado para Milbemax
2026-10-04 22:40:19,830 - scraper_base - INFO - ⚪ Petz: Nenhum produto encontrado para Milbemax
2026-10-04 22:40:20,950 - scraper_base - INFO - 📦 [11/20] Processando Vermivet
2026-10-04 22:40:20,950 - scraper_base - INFO - 🔍 Petz: Buscando Vermivet
2026-10-04 22:40:23,292 - scraper_petz - INFO - Petz: Nenhum product-card encontrado para Vermivet
2026-10-04 22:40:23,292 - scraper_base - INFO - ⚪ Petz: Nenhum produto encontrado para Vermivet
2026-10-04 22:40:25,077 - scraper_base - INFO - 📦 [12/20] Processando Rimadyl
2026-10-04 22:40:25,077 - scraper_base - INFO - 🔍 Petz: Buscando Rimadyl
2026-10-04 22:40:26,789 - scraper_petz - INFO - Petz: Nenhum product-card encontrado para Rimadyl
2026-10-04 22:40:26,789 - scraper_base - INFO - ⚪ Petz: Nenhum produto encontrado para Rimadyl
2026-10-04 22:40:29,239 - scraper_base - INFO - 📦 [13/20] Processando Onsior
2026-10-04 22:40:29,239 - scraper_base - INFO - 🔍 Petz: Buscando Onsior
2026-10-04 22:40:31,082 - scraper_petz - INFO - Petz: Nenhum product-card encontrado para Onsior
2026-10-04 22:40:31,082 - scraper_base - INFO - ⚪ Petz: Nenhum produto encontrado para Onsior
2026-10-04 22:40:33,946 - scraper_base - INFO - 📦 [14/20] Processando Maxicam
2026-10-04 22:40:33,946 - scraper_base - INFO - 🔍 Petz: Buscando Maxicam
2026-10-04 22:40:37,029 - scraper_petz - INFO - Petz: Nenhum product-card encontrado para Maxicam
2026-10-04 22:40:37,029 - scraper_base - INFO - ⚪ Petz: Nenhum produto encontrado para Maxicam
2026-10-04 22:40:38,800 - scraper_base - INFO - 📦 [15/20] Processando Carproflan
2026-10-04 22:40:38,800 - scraper_base - INFO - 🔍 Petz: Buscando Carproflan
2026-10-04 22:40:40,728 - scraper_petz - INFO - Petz: Nenhum product-card encontrado para Carproflan
2026-10-04 22:40:40,729 - scraper_base - INFO - ⚪ Petz: Nenhum produto encontrado para Carproflan
2026-10-04 22:40:42,600 - scraper_base - INFO - 📦 [16/20] Processando Previcox
2026-10-04 22:40:42,600 - scraper_base - INFO - 🔍 Petz: Buscando Previcox
2026-10-04 22:40:44,559 - scraper_petz - INFO - Petz: Nenhum product-card encontrado para Previcox
2026-10-04 22:40:44,559 - scraper_base - INFO - ⚪ Petz: Nenhum produto encontrado para Previcox
2026-10-04 22:40:45,674 - scraper_base - INFO - 📦 [17/20] Processando Apoquel
2026-10-04 22:40:45,674 - scraper_base - INFO - 🔍 Petz: Buscando Apoquel
2026-10-04 22:40:47,439 - scraper_petz - INFO - Petz: Nenhum product-card encontrado para Apoquel
2026-10-04 22:40:47,439 - scraper_base - INFO - ⚪ Petz: Nenhum produto encontrado para Apoquel
2026-10-04 22:40:49,058 - scraper_base - INFO - 📦 [18/20] Processando Zenrelia
2026-10-04 22:40:49,058 - scraper_base - INFO - 🔍 Petz: Buscando Zenrelia
2026-10-04 22:40:50,835 - scraper_petz - INFO - Petz: Nenhum product-card encontrado para Zenrelia
2026-10-04 22:40:50,835 - scraper_base - INFO - ⚪ Petz: Nenhum produto encontrado para Zenrelia
2026-10-04 22:40:53,014 - scraper_base - INFO - 📦 [19/20] Processando Synulox
2026-10-04 22:40:53,014 - scraper_base - INFO - 🔍 Petz: Buscando Synulox
2026-10-04 22:40:55,102 - scraper_petz - INFO - Petz: Nenhum product-card encontrado para Synulox
2026-10-04 22:40:55,102 - scraper_base - INFO - ⚪ Petz: Nenhum produto encontrado para Synulox
2026-10-04 22:40:56,277 - scraper_base - INFO - 📦 [20/20] Processando Baytril
2026-10-04 22:40:56,277 - scraper_base - INFO - 🔍 Petz: Buscando Baytril
2026-10-04 22:40:58,280 - scraper_petz - INFO - Petz: Nenhum product-card encontrado para Baytril
2026-10-04 22:40:58,280 - scraper_base - INFO - ⚪ Petz: Nenhum produto encontrado para Baytril
2026-10-04 22:41:00,537 - scraper_base - INFO - 📊 Petz - Estatísticas finais:
2026-10-04 22:41:00,537 - scraper_base - INFO -    • Medicamentos processados: 20
2026-10-04 22:41:00,537 - scraper_base - INFO -    • Produtos encontrados: 0
2026-10-04 22:41:00,537 - scraper_base - INFO -    • Medicamentos sem resultado: 20
2026-10-04 22:41:00,537 - scraper_base - INFO -    • Tempo total: 83.9s
2026-10-04 22:41:00,537 - scraper_base - INFO -    • Tempo médio por medicamento: 4.2s
2026-10-04 22:41:00,537 - gerenciador_principal - WARNING - Petz: Nenhum produto coletado
2026-10-04 22:41:00,537 - gerenciador_principal - INFO - Gerando relatório consolidado...
2026-10-04 22:41:00,680 - gerenciador_arquivos - INFO - Relatório consolidado salvo: dados_relatorios/relatorio_consolidado_20261004_224100.xlsx
2026-10-04 22:41:00,854 - gerenciador_conexoes - INFO - Chrome fechado
2026-10-04 22:41:00,855 - gerenciador_conexoes - INFO - Métodos utilizados - Requests: 63.3%, Selenium: 36.7%, Falhas: 0.0%
2026-10-04 22:41:00,855 - gerenciador_principal - INFO - ============================================================
2026-10-04 22:41:00,855 - gerenciador_principal - INFO - RELATORIO FINAL DE EXECUÇÃO
2026-10-04 22:41:00,855 - gerenciador_principal - INFO - ============================================================
2026-10-04 22:41:00,855 - gerenciador_principal - INFO - Sites processados: 3
2026-10-04 22:41:00,855 - gerenciador_principal - INFO - Sites com sucesso: 2
2026-10-04 22:41:00,855 - gerenciador_principal - INFO - Total de produtos coletados: 390
2026-10-04 22:41:00,855 - gerenciador_principal - WARNING - Sites com falhas: Petz
2026-10-04 22:41:00,855 - gerenciador_principal - INFO - Tempo total de execução: 383.4 segundos
2026-10-04 22:41:00,855 - gerenciador_principal - INFO - Estatísticas de conexão:
2026-10-04 22:41:00,855 - gerenciador_principal - INFO -   - Requests bem-sucedidos: 63.3%
2026-10-04 22:41:00,855 - gerenciador_principal - INFO -   - Selenium fallback: 36.7%
2026-10-04 22:41:00,856 - gerenciador_principal - INFO -   - Falhas totais: 0.0%
2026-10-04 22:41:00,860 - gerenciador_principal - INFO - Arquivos salvos na pasta: dados_coletados
2026-10-04 22:41:00,860 - gerenciador_principal - INFO - Total de arquivos: 1031
2026-10-04 22:41:00,860 - gerenciador_principal - INFO - ============================================================
