2026-02-16 20:16:40,801 - configurador_logs - INFO - Sistema de logs configurado com sucesso
2026-02-16 20:16:40,802 - configurador_logs - INFO - 🚀 Logs configurados para MODO PRODUÇÃO
2026-02-16 20:16:40,802 - gerenciador_principal - INFO - Inicializando sistema - Modo: PRODUCAO
2026-02-16 20:16:40,802 - gerenciador_arquivos - INFO - Pasta dados_coletados preparada
2026-02-16 20:16:40,802 - gerenciador_principal - INFO - Sistema inicializado com 3 scrapers
2026-02-16 20:16:40,802 - gerenciador_principal - INFO - ============================================================
2026-02-16 20:16:40,802 - gerenciador_principal - INFO - INICIANDO SCRAPING COMPLETO - PRODUCAO
2026-02-16 20:16:40,802 - gerenciador_principal - INFO - ============================================================
2026-02-16 20:16:40,802 - gerenciador_principal - INFO - [1/3] Processando Cobasi
2026-02-16 20:16:40,802 - scraper_base - INFO - 🚀 Iniciando scraping completo - Cobasi
2026-02-16 20:16:41,091 - gerenciador_conexoes - INFO - Sessao estabelecida com cobasi.com.br
2026-02-16 20:16:41,091 - scraper_base - INFO - 📋 20 medicamentos para processar
2026-02-16 20:16:41,091 - scraper_base - INFO - 📦 [1/20] Processando Simparic
2026-02-16 20:16:41,091 - scraper_base - INFO - 🔍 Cobasi: Buscando Simparic
2026-02-16 20:16:41,145 - scraper_cobasi - INFO - Cobasi: Dados extraídos via JSON para Simparic
2026-02-16 20:16:41,145 - scraper_base - INFO - ✅ Cobasi: 12 produto(s) encontrado(s) para Simparic
2026-02-16 20:16:43,483 - scraper_base - INFO - 📦 [2/20] Processando Revolution
2026-02-16 20:16:43,483 - scraper_base - INFO - 🔍 Cobasi: Buscando Revolution
2026-02-16 20:16:47,207 - scraper_cobasi - INFO - Cobasi: Dados extraídos via JSON para Revolution
2026-02-16 20:16:47,207 - scraper_base - INFO - ✅ Cobasi: 18 produto(s) encontrado(s) para Revolution
2026-02-16 20:16:48,792 - scraper_base - INFO - 📦 [3/20] Processando NexGard
2026-02-16 20:16:48,792 - scraper_base - INFO - 🔍 Cobasi: Buscando NexGard
2026-02-16 20:16:51,143 - scraper_cobasi - INFO - Cobasi: Dados extraídos via JSON para NexGard
2026-02-16 20:16:51,143 - scraper_base - INFO - ✅ Cobasi: 22 produto(s) encontrado(s) para NexGard
2026-02-16 20:16:52,783 - scraper_base - INFO - 📦 [4/20] Processando NexGard Spectra
2026-02-16 20:16:52,783 - scraper_base - INFO - 🔍 Cobasi: Buscando NexGard Spectra
2026-02-16 20:16:54,704 - scraper_cobasi - INFO - Cobasi: Dados extraídos via JSON para NexGard Spectra
2026-02-16 20:16:54,704 - scraper_base - INFO - ✅ Cobasi: 10 produto(s) encontrado(s) para NexGard Spectra
2026-02-16 20:16:56,054 - scraper_base - INFO - 📦 [5/20] Processando NexGard Combo
2026-02-16 20:16:56,054 - scraper_base - INFO - 🔍 Cobasi: Buscando NexGard Combo
2026-02-16 20:16:57,983 - scraper_cobasi - INFO - Cobasi: Dados extraídos via JSON para NexGard Combo
2026-02-16 20:16:57,983 - scraper_base - INFO - ✅ Cobasi: 4 produto(s) encontrado(s) para NexGard Combo
2026-02-16 20:17:00,533 - scraper_base - INFO - 📦 [6/20] Processando Bravecto
2026-02-16 20:17:00,533 - scraper_base - INFO - 🔍 Cobasi: Buscando Bravecto
2026-02-16 20:17:03,425 - scraper_cobasi - INFO - Cobasi: Dados extraídos via JSON para Bravecto
2026-02-16 20:17:03,425 - scraper_base - INFO - ✅ Cobasi: 16 produto(s) encontrado(s) para Bravecto
2026-02-16 20:17:04,890 - scraper_base - INFO - 📦 [7/20] Processando Frontline
2026-02-16 20:17:04,891 - scraper_base - INFO - 🔍 Cobasi: Buscando Frontline
2026-02-16 20:17:07,943 - scraper_cobasi - INFO - Cobasi: Dados extraídos via JSON para Frontline
2026-02-16 20:17:07,943 - scraper_base - INFO - ✅ Cobasi: 10 produto(s) encontrado(s) para Frontline
2026-02-16 20:17:09,512 - scraper_base - INFO - 📦 [8/20] Processando Advocate
2026-02-16 20:17:09,512 - scraper_base - INFO - 🔍 Cobasi: Buscando Advocate
2026-02-16 20:17:11,721 - scraper_cobasi - INFO - Cobasi: Dados extraídos via JSON para Advocate
2026-02-16 20:17:11,721 - scraper_base - INFO - ✅ Cobasi: 12 produto(s) encontrado(s) para Advocate
2026-02-16 20:17:14,603 - scraper_base - INFO - 📦 [9/20] Processando Drontal
2026-02-16 20:17:14,603 - scraper_base - INFO - 🔍 Cobasi: Buscando Drontal
2026-02-16 20:17:16,726 - scraper_cobasi - INFO - Cobasi: Dados extraídos via JSON para Drontal
2026-02-16 20:17:16,726 - scraper_base - INFO - ✅ Cobasi: 8 produto(s) encontrado(s) para Drontal
2026-02-16 20:17:17,732 - scraper_base - INFO - 📦 [10/20] Processando Milbemax
2026-02-16 20:17:17,733 - scraper_base - INFO - 🔍 Cobasi: Buscando Milbemax
2026-02-16 20:17:19,677 - scraper_cobasi - INFO - Cobasi: Dados extraídos via JSON para Milbemax
2026-02-16 20:17:19,677 - scraper_base - INFO - ✅ Cobasi: 4 produto(s) encontrado(s) para Milbemax
2026-02-16 20:17:21,039 - scraper_base - INFO - 📦 [11/20] Processando Vermivet
2026-02-16 20:17:21,039 - scraper_base - INFO - 🔍 Cobasi: Buscando Vermivet
2026-02-16 20:17:23,015 - scraper_cobasi - INFO - Cobasi: Dados extraídos via JSON para Vermivet
2026-02-16 20:17:23,015 - scraper_base - INFO - ✅ Cobasi: 5 produto(s) encontrado(s) para Vermivet
2026-02-16 20:17:25,816 - scraper_base - INFO - 📦 [12/20] Processando Rimadyl
2026-02-16 20:17:25,816 - scraper_base - INFO - 🔍 Cobasi: Buscando Rimadyl
2026-02-16 20:17:27,520 - scraper_cobasi - INFO - Cobasi: Dados extraídos via JSON para Rimadyl
2026-02-16 20:17:27,520 - scraper_base - INFO - ✅ Cobasi: 3 produto(s) encontrado(s) para Rimadyl
2026-02-16 20:17:29,874 - scraper_base - INFO - 📦 [13/20] Processando Onsior
2026-02-16 20:17:29,874 - scraper_base - INFO - 🔍 Cobasi: Buscando Onsior
2026-02-16 20:17:31,964 - scraper_cobasi - INFO - Cobasi: Dados extraídos via JSON para Onsior
2026-02-16 20:17:31,964 - scraper_base - INFO - ✅ Cobasi: 4 produto(s) encontrado(s) para Onsior
2026-02-16 20:17:33,077 - scraper_base - INFO - 📦 [14/20] Processando Maxicam
2026-02-16 20:17:33,077 - scraper_base - INFO - 🔍 Cobasi: Buscando Maxicam
2026-02-16 20:17:36,360 - scraper_cobasi - INFO - Cobasi: Dados extraídos via JSON para Maxicam
2026-02-16 20:17:36,360 - scraper_base - INFO - ✅ Cobasi: 21 produto(s) encontrado(s) para Maxicam
2026-02-16 20:17:38,069 - scraper_base - INFO - 📦 [15/20] Processando Carproflan
2026-02-16 20:17:38,069 - scraper_base - INFO - 🔍 Cobasi: Buscando Carproflan
2026-02-16 20:17:40,524 - scraper_cobasi - INFO - Cobasi: Dados extraídos via JSON para Carproflan
2026-02-16 20:17:40,524 - scraper_base - INFO - ✅ Cobasi: 3 produto(s) encontrado(s) para Carproflan
2026-02-16 20:17:41,798 - scraper_base - INFO - 📦 [16/20] Processando Previcox
2026-02-16 20:17:41,798 - scraper_base - INFO - 🔍 Cobasi: Buscando Previcox
2026-02-16 20:17:43,536 - scraper_cobasi - INFO - Cobasi: Dados extraídos via JSON para Previcox
2026-02-16 20:17:43,536 - scraper_base - INFO - ✅ Cobasi: 2 produto(s) encontrado(s) para Previcox
2026-02-16 20:17:45,277 - scraper_base - INFO - 📦 [17/20] Processando Apoquel
2026-02-16 20:17:45,277 - scraper_base - INFO - 🔍 Cobasi: Buscando Apoquel
2026-02-16 20:17:47,328 - scraper_cobasi - INFO - Cobasi: Dados extraídos via JSON para Apoquel
2026-02-16 20:17:47,329 - scraper_base - INFO - ✅ Cobasi: 3 produto(s) encontrado(s) para Apoquel
2026-02-16 20:17:49,580 - scraper_base - INFO - 📦 [18/20] Processando Zenrelia
2026-02-16 20:17:49,580 - scraper_base - INFO - 🔍 Cobasi: Buscando Zenrelia
2026-02-16 20:17:51,709 - scraper_cobasi - INFO - Cobasi: Dados extraídos via JSON para Zenrelia
2026-02-16 20:17:51,709 - scraper_base - INFO - ✅ Cobasi: 4 produto(s) encontrado(s) para Zenrelia
2026-02-16 20:17:54,532 - scraper_base - INFO - 📦 [19/20] Processando Synulox
2026-02-16 20:17:54,532 - scraper_base - INFO - 🔍 Cobasi: Buscando Synulox
2026-02-16 20:17:57,040 - scraper_cobasi - INFO - Cobasi: Dados extraídos via JSON para Synulox
2026-02-16 20:17:57,041 - scraper_base - INFO - ✅ Cobasi: 2 produto(s) encontrado(s) para Synulox
2026-02-16 20:17:58,956 - scraper_base - INFO - 📦 [20/20] Processando Baytril
2026-02-16 20:17:58,956 - scraper_base - INFO - 🔍 Cobasi: Buscando Baytril
2026-02-16 20:18:00,676 - scraper_cobasi - INFO - Cobasi: Dados extraídos via JSON para Baytril
2026-02-16 20:18:00,676 - scraper_base - INFO - ✅ Cobasi: 4 produto(s) encontrado(s) para Baytril
2026-02-16 20:18:03,475 - scraper_base - INFO - 📊 Cobasi - Estatísticas finais:
2026-02-16 20:18:03,475 - scraper_base - INFO -    • Medicamentos processados: 20
2026-02-16 20:18:03,475 - scraper_base - INFO -    • Produtos encontrados: 167
2026-02-16 20:18:03,476 - scraper_base - INFO -    • Medicamentos sem resultado: 0
2026-02-16 20:18:03,476 - scraper_base - INFO -    • Tempo total: 82.7s
2026-02-16 20:18:03,476 - scraper_base - INFO -    • Tempo médio por medicamento: 4.1s
2026-02-16 20:18:03,589 - gerenciador_arquivos - INFO - Excel salvo: dados_coletados/cobasi_20260216_201803.xlsx (167 produtos)
2026-02-16 20:18:03,589 - gerenciador_principal - INFO - Cobasi: Arquivo individual salvo com sucesso
2026-02-16 20:18:03,589 - gerenciador_principal - INFO - Pausando entre sites...
2026-02-16 20:18:05,589 - gerenciador_principal - INFO - [2/3] Processando Petlove
2026-02-16 20:18:05,589 - scraper_base - INFO - 🚀 Iniciando scraping completo - Petlove
2026-02-16 20:18:05,845 - scraper_base - INFO - 📋 20 medicamentos para processar
2026-02-16 20:18:05,845 - scraper_base - INFO - 📦 [1/20] Processando Simparic
2026-02-16 20:18:05,845 - scraper_base - INFO - 🔍 Petlove: Buscando Simparic
2026-02-16 20:18:20,637 - gerenciador_conexoes - INFO - Chrome inicializado com otimizacoes de velocidade
2026-02-16 20:18:21,937 - scraper_petlove - INFO - Petlove: Nenhum produto encontrado para Simparic
2026-02-16 20:18:21,937 - scraper_base - INFO - ⚪ Petlove: Nenhum produto encontrado para Simparic
2026-02-16 20:18:24,064 - scraper_base - INFO - 📦 [2/20] Processando Revolution
2026-02-16 20:18:24,064 - scraper_base - INFO - 🔍 Petlove: Buscando Revolution
2026-02-16 20:18:25,274 - scraper_petlove - INFO - Petlove: Nenhum produto encontrado para Revolution
2026-02-16 20:18:25,274 - scraper_base - INFO - ⚪ Petlove: Nenhum produto encontrado para Revolution
2026-02-16 20:18:27,582 - scraper_base - INFO - 📦 [3/20] Processando NexGard
2026-02-16 20:18:27,582 - scraper_base - INFO - 🔍 Petlove: Buscando NexGard
2026-02-16 20:18:30,261 - scraper_base - INFO - ✅ Petlove: 11 produto(s) encontrado(s) para NexGard
2026-02-16 20:18:31,423 - scraper_base - INFO - 📦 [4/20] Processando NexGard Spectra
2026-02-16 20:18:31,424 - scraper_base - INFO - 🔍 Petlove: Buscando NexGard Spectra
2026-02-16 20:18:32,983 - scraper_base - INFO - ✅ Petlove: 5 produto(s) encontrado(s) para NexGard Spectra
2026-02-16 20:18:34,334 - scraper_base - INFO - 📦 [5/20] Processando NexGard Combo
2026-02-16 20:18:34,334 - scraper_base - INFO - 🔍 Petlove: Buscando NexGard Combo
2026-02-16 20:18:35,722 - scraper_base - INFO - ✅ Petlove: 2 produto(s) encontrado(s) para NexGard Combo
2026-02-16 20:18:37,339 - scraper_base - INFO - 📦 [6/20] Processando Bravecto
2026-02-16 20:18:37,339 - scraper_base - INFO - 🔍 Petlove: Buscando Bravecto
2026-02-16 20:18:38,879 - scraper_base - INFO - ✅ Petlove: 23 produto(s) encontrado(s) para Bravecto
2026-02-16 20:18:39,888 - scraper_base - INFO - 📦 [7/20] Processando Frontline
2026-02-16 20:18:39,888 - scraper_base - INFO - 🔍 Petlove: Buscando Frontline
2026-02-16 20:18:41,387 - scraper_base - INFO - ✅ Petlove: 11 produto(s) encontrado(s) para Frontline
2026-02-16 20:18:44,288 - scraper_base - INFO - 📦 [8/20] Processando Advocate
2026-02-16 20:18:44,288 - scraper_base - INFO - 🔍 Petlove: Buscando Advocate
2026-02-16 20:18:46,985 - scraper_base - INFO - ✅ Petlove: 12 produto(s) encontrado(s) para Advocate
2026-02-16 20:18:49,139 - scraper_base - INFO - 📦 [9/20] Processando Drontal
2026-02-16 20:18:49,139 - scraper_base - INFO - 🔍 Petlove: Buscando Drontal
2026-02-16 20:18:51,147 - scraper_base - INFO - ✅ Petlove: 36 produto(s) encontrado(s) para Drontal
2026-02-16 20:18:53,718 - scraper_base - INFO - 📦 [10/20] Processando Milbemax
2026-02-16 20:18:53,718 - scraper_base - INFO - 🔍 Petlove: Buscando Milbemax
2026-02-16 20:18:55,360 - scraper_base - INFO - ✅ Petlove: 14 produto(s) encontrado(s) para Milbemax
2026-02-16 20:18:56,875 - scraper_base - INFO - 📦 [11/20] Processando Vermivet
2026-02-16 20:18:56,875 - scraper_base - INFO - 🔍 Petlove: Buscando Vermivet
2026-02-16 20:18:58,740 - scraper_base - INFO - ✅ Petlove: 36 produto(s) encontrado(s) para Vermivet
2026-02-16 20:19:01,275 - scraper_base - INFO - 📦 [12/20] Processando Rimadyl
2026-02-16 20:19:01,275 - scraper_base - INFO - 🔍 Petlove: Buscando Rimadyl
2026-02-16 20:19:02,421 - scraper_base - INFO - ✅ Petlove: 1 produto(s) encontrado(s) para Rimadyl
2026-02-16 20:19:05,047 - scraper_base - INFO - 📦 [13/20] Processando Onsior
2026-02-16 20:19:05,047 - scraper_base - INFO - 🔍 Petlove: Buscando Onsior
2026-02-16 20:19:06,717 - scraper_base - INFO - ✅ Petlove: 4 produto(s) encontrado(s) para Onsior
2026-02-16 20:19:08,024 - scraper_base - INFO - 📦 [14/20] Processando Maxicam
2026-02-16 20:19:08,024 - scraper_base - INFO - 🔍 Petlove: Buscando Maxicam
2026-02-16 20:19:09,895 - scraper_base - INFO - ✅ Petlove: 3 produto(s) encontrado(s) para Maxicam
2026-02-16 20:19:12,718 - scraper_base - INFO - 📦 [15/20] Processando Carproflan
2026-02-16 20:19:12,718 - scraper_base - INFO - 🔍 Petlove: Buscando Carproflan
2026-02-16 20:19:14,014 - scraper_base - INFO - ✅ Petlove: 7 produto(s) encontrado(s) para Carproflan
2026-02-16 20:19:15,615 - scraper_base - INFO - 📦 [16/20] Processando Previcox
2026-02-16 20:19:15,615 - scraper_base - INFO - 🔍 Petlove: Buscando Previcox
2026-02-16 20:19:16,982 - scraper_base - INFO - ✅ Petlove: 4 produto(s) encontrado(s) para Previcox
2026-02-16 20:19:19,627 - scraper_base - INFO - 📦 [17/20] Processando Apoquel
2026-02-16 20:19:19,628 - scraper_base - INFO - 🔍 Petlove: Buscando Apoquel
2026-02-16 20:19:20,873 - scraper_base - INFO - ✅ Petlove: 16 produto(s) encontrado(s) para Apoquel
2026-02-16 20:19:23,170 - scraper_base - INFO - 📦 [18/20] Processando Zenrelia
2026-02-16 20:19:23,170 - scraper_base - INFO - 🔍 Petlove: Buscando Zenrelia
2026-02-16 20:19:24,980 - scraper_base - INFO - ✅ Petlove: 4 produto(s) encontrado(s) para Zenrelia
2026-02-16 20:19:27,793 - scraper_base - INFO - 📦 [19/20] Processando Synulox
2026-02-16 20:19:27,793 - scraper_base - INFO - 🔍 Petlove: Buscando Synulox
2026-02-16 20:19:28,988 - scraper_base - INFO - ✅ Petlove: 1 produto(s) encontrado(s) para Synulox
2026-02-16 20:19:30,170 - scraper_base - INFO - 📦 [20/20] Processando Baytril
2026-02-16 20:19:30,170 - scraper_base - INFO - 🔍 Petlove: Buscando Baytril
2026-02-16 20:19:31,632 - scraper_base - INFO - ✅ Petlove: 4 produto(s) encontrado(s) para Baytril
2026-02-16 20:19:32,759 - scraper_base - INFO - 📊 Petlove - Estatísticas finais:
2026-02-16 20:19:32,759 - scraper_base - INFO -    • Medicamentos processados: 20
2026-02-16 20:19:32,759 - scraper_base - INFO -    • Produtos encontrados: 194
2026-02-16 20:19:32,759 - scraper_base - INFO -    • Medicamentos sem resultado: 2
2026-02-16 20:19:32,759 - scraper_base - INFO -    • Tempo total: 87.2s
2026-02-16 20:19:32,759 - scraper_base - INFO -    • Tempo médio por medicamento: 4.4s
2026-02-16 20:19:32,797 - gerenciador_arquivos - INFO - Excel salvo: dados_coletados/petlove_20260216_201932.xlsx (194 produtos)
2026-02-16 20:19:32,797 - gerenciador_principal - INFO - Petlove: Arquivo individual salvo com sucesso
2026-02-16 20:19:32,797 - gerenciador_principal - INFO - Pausando entre sites...
2026-02-16 20:19:34,797 - gerenciador_principal - INFO - [3/3] Processando Petz
2026-02-16 20:19:34,798 - scraper_base - INFO - 🚀 Iniciando scraping completo - Petz
2026-02-16 20:19:35,113 - scraper_base - INFO - 📋 20 medicamentos para processar
2026-02-16 20:19:35,113 - scraper_base - INFO - 📦 [1/20] Processando Simparic
2026-02-16 20:19:35,113 - scraper_base - INFO - 🔍 Petz: Buscando Simparic
2026-02-16 20:19:39,034 - scraper_base - INFO - ✅ Petz: 12 produto(s) encontrado(s) para Simparic
2026-02-16 20:19:41,219 - scraper_base - INFO - 📦 [2/20] Processando Revolution
2026-02-16 20:19:41,219 - scraper_base - INFO - 🔍 Petz: Buscando Revolution
2026-02-16 20:19:43,747 - scraper_base - INFO - ✅ Petz: 26 produto(s) encontrado(s) para Revolution
2026-02-16 20:19:46,074 - scraper_base - INFO - 📦 [3/20] Processando NexGard
2026-02-16 20:19:46,074 - scraper_base - INFO - 🔍 Petz: Buscando NexGard
2026-02-16 20:19:47,903 - scraper_base - INFO - ✅ Petz: 22 produto(s) encontrado(s) para NexGard
2026-02-16 20:19:49,439 - scraper_base - INFO - 📦 [4/20] Processando NexGard Spectra
2026-02-16 20:19:49,439 - scraper_base - INFO - 🔍 Petz: Buscando NexGard Spectra
2026-02-16 20:19:51,244 - scraper_base - INFO - ✅ Petz: 10 produto(s) encontrado(s) para NexGard Spectra
2026-02-16 20:19:54,092 - scraper_base - INFO - 📦 [5/20] Processando NexGard Combo
2026-02-16 20:19:54,092 - scraper_base - INFO - 🔍 Petz: Buscando NexGard Combo
2026-02-16 20:19:55,749 - scraper_base - INFO - ✅ Petz: 4 produto(s) encontrado(s) para NexGard Combo
2026-02-16 20:19:57,345 - scraper_base - INFO - 📦 [6/20] Processando Bravecto
2026-02-16 20:19:57,345 - scraper_base - INFO - 🔍 Petz: Buscando Bravecto
2026-02-16 20:19:59,500 - scraper_base - INFO - ✅ Petz: 16 produto(s) encontrado(s) para Bravecto
2026-02-16 20:20:01,268 - scraper_base - INFO - 📦 [7/20] Processando Frontline
2026-02-16 20:20:01,268 - scraper_base - INFO - 🔍 Petz: Buscando Frontline
2026-02-16 20:20:03,304 - scraper_base - INFO - ✅ Petz: 11 produto(s) encontrado(s) para Frontline
2026-02-16 20:20:06,000 - scraper_base - INFO - 📦 [8/20] Processando Advocate
2026-02-16 20:20:06,000 - scraper_base - INFO - 🔍 Petz: Buscando Advocate
2026-02-16 20:20:07,833 - scraper_base - INFO - ✅ Petz: 12 produto(s) encontrado(s) para Advocate
2026-02-16 20:20:10,606 - scraper_base - INFO - 📦 [9/20] Processando Drontal
2026-02-16 20:20:10,606 - scraper_base - INFO - 🔍 Petz: Buscando Drontal
2026-02-16 20:20:13,248 - scraper_base - INFO - ✅ Petz: 30 produto(s) encontrado(s) para Drontal
2026-02-16 20:20:15,040 - scraper_base - INFO - 📦 [10/20] Processando Milbemax
2026-02-16 20:20:15,040 - scraper_base - INFO - 🔍 Petz: Buscando Milbemax
2026-02-16 20:20:16,709 - scraper_base - INFO - ✅ Petz: 4 produto(s) encontrado(s) para Milbemax
2026-02-16 20:20:18,184 - scraper_base - INFO - 📦 [11/20] Processando Vermivet
2026-02-16 20:20:18,184 - scraper_base - INFO - 🔍 Petz: Buscando Vermivet
2026-02-16 20:20:20,091 - scraper_base - INFO - ✅ Petz: 5 produto(s) encontrado(s) para Vermivet
2026-02-16 20:20:22,159 - scraper_base - INFO - 📦 [12/20] Processando Rimadyl
2026-02-16 20:20:22,160 - scraper_base - INFO - 🔍 Petz: Buscando Rimadyl
2026-02-16 20:20:23,659 - scraper_base - INFO - ✅ Petz: 3 produto(s) encontrado(s) para Rimadyl
2026-02-16 20:20:25,213 - scraper_base - INFO - 📦 [13/20] Processando Onsior
2026-02-16 20:20:25,213 - scraper_base - INFO - 🔍 Petz: Buscando Onsior
2026-02-16 20:20:26,877 - scraper_base - INFO - ✅ Petz: 4 produto(s) encontrado(s) para Onsior
2026-02-16 20:20:28,783 - scraper_base - INFO - 📦 [14/20] Processando Maxicam
2026-02-16 20:20:28,783 - scraper_base - INFO - 🔍 Petz: Buscando Maxicam
2026-02-16 20:20:30,956 - scraper_base - INFO - ✅ Petz: 29 produto(s) encontrado(s) para Maxicam
2026-02-16 20:20:32,116 - scraper_base - INFO - 📦 [15/20] Processando Carproflan
2026-02-16 20:20:32,117 - scraper_base - INFO - 🔍 Petz: Buscando Carproflan
2026-02-16 20:20:33,828 - scraper_base - INFO - ✅ Petz: 3 produto(s) encontrado(s) para Carproflan
2026-02-16 20:20:36,600 - scraper_base - INFO - 📦 [16/20] Processando Previcox
2026-02-16 20:20:36,600 - scraper_base - INFO - 🔍 Petz: Buscando Previcox
2026-02-16 20:20:38,091 - scraper_base - INFO - ✅ Petz: 2 produto(s) encontrado(s) para Previcox
2026-02-16 20:20:40,704 - scraper_base - INFO - 📦 [17/20] Processando Apoquel
2026-02-16 20:20:40,704 - scraper_base - INFO - 🔍 Petz: Buscando Apoquel
2026-02-16 20:20:42,420 - scraper_base - INFO - ✅ Petz: 3 produto(s) encontrado(s) para Apoquel
2026-02-16 20:20:44,237 - scraper_base - INFO - 📦 [18/20] Processando Zenrelia
2026-02-16 20:20:44,237 - scraper_base - INFO - 🔍 Petz: Buscando Zenrelia
2026-02-16 20:20:45,917 - scraper_base - INFO - ✅ Petz: 4 produto(s) encontrado(s) para Zenrelia
2026-02-16 20:20:47,564 - scraper_base - INFO - 📦 [19/20] Processando Synulox
2026-02-16 20:20:47,565 - scraper_base - INFO - 🔍 Petz: Buscando Synulox
2026-02-16 20:20:49,044 - scraper_base - INFO - ✅ Petz: 2 produto(s) encontrado(s) para Synulox
2026-02-16 20:20:50,684 - scraper_base - INFO - 📦 [20/20] Processando Baytril
2026-02-16 20:20:50,684 - scraper_base - INFO - 🔍 Petz: Buscando Baytril
2026-02-16 20:20:52,375 - scraper_base - INFO - ✅ Petz: 9 produto(s) encontrado(s) para Baytril
2026-02-16 20:20:54,067 - scraper_base - INFO - 📊 Petz - Estatísticas finais:
2026-02-16 20:20:54,067 - scraper_base - INFO -    • Medicamentos processados: 20
2026-02-16 20:20:54,067 - scraper_base - INFO -    • Produtos encontrados: 211
2026-02-16 20:20:54,067 - scraper_base - INFO -    • Medicamentos sem resultado: 0
2026-02-16 20:20:54,067 - scraper_base - INFO -    • Tempo total: 79.3s
2026-02-16 20:20:54,067 - scraper_base - INFO -    • Tempo médio por medicamento: 4.0s
2026-02-16 20:20:54,110 - gerenciador_arquivos - INFO - Excel salvo: dados_coletados/petz_20260216_202054.xlsx (211 produtos)
2026-02-16 20:20:54,110 - gerenciador_principal - INFO - Petz: Arquivo individual salvo com sucesso
2026-02-16 20:20:54,111 - gerenciador_principal - INFO - Gerando relatório consolidado...
2026-02-16 20:20:54,354 - gerenciador_arquivos - INFO - Relatório consolidado salvo: dados_relatorios/relatorio_consolidado_20260216_202054.xlsx
2026-02-16 20:20:54,495 - gerenciador_conexoes - INFO - Chrome fechado
2026-02-16 20:20:54,495 - gerenciador_conexoes - INFO - Métodos utilizados - Requests: 33.3%, Selenium: 66.7%, Falhas: 0.0%
2026-02-16 20:20:54,495 - gerenciador_principal - INFO - ============================================================
2026-02-16 20:20:54,495 - gerenciador_principal - INFO - RELATORIO FINAL DE EXECUÇÃO
2026-02-16 20:20:54,495 - gerenciador_principal - INFO - ============================================================
2026-02-16 20:20:54,495 - gerenciador_principal - INFO - Sites processados: 3
2026-02-16 20:20:54,495 - gerenciador_principal - INFO - Sites com sucesso: 3
2026-02-16 20:20:54,495 - gerenciador_principal - INFO - Total de produtos coletados: 572
2026-02-16 20:20:54,496 - gerenciador_principal - INFO - Tempo total de execução: 253.3 segundos
2026-02-16 20:20:54,496 - gerenciador_principal - INFO - Estatísticas de conexão:
2026-02-16 20:20:54,496 - gerenciador_principal - INFO -   - Requests bem-sucedidos: 33.3%
2026-02-16 20:20:54,496 - gerenciador_principal - INFO -   - Selenium fallback: 66.7%
2026-02-16 20:20:54,496 - gerenciador_principal - INFO -   - Falhas totais: 0.0%
2026-02-16 20:20:54,498 - gerenciador_principal - INFO - Arquivos salvos na pasta: dados_coletados
2026-02-16 20:20:54,498 - gerenciador_principal - INFO - Total de arquivos: 412
2026-02-16 20:20:54,498 - gerenciador_principal - INFO - ============================================================
