2026-07-03 20:49:34,537 - configurador_logs - INFO - Sistema de logs configurado com sucesso
2026-07-03 20:49:34,537 - configurador_logs - INFO - 🚀 Logs configurados para MODO PRODUÇÃO
2026-07-03 20:49:34,537 - gerenciador_principal - INFO - Inicializando sistema - Modo: PRODUCAO
2026-07-03 20:49:34,537 - gerenciador_arquivos - INFO - Pasta dados_coletados preparada
2026-07-03 20:49:34,537 - gerenciador_principal - INFO - Sistema inicializado com 3 scrapers
2026-07-03 20:49:34,537 - gerenciador_principal - INFO - ============================================================
2026-07-03 20:49:34,537 - gerenciador_principal - INFO - INICIANDO SCRAPING COMPLETO - PRODUCAO
2026-07-03 20:49:34,537 - gerenciador_principal - INFO - ============================================================
2026-07-03 20:49:34,538 - gerenciador_principal - INFO - [1/3] Processando Cobasi
2026-07-03 20:49:34,538 - scraper_base - INFO - 🚀 Iniciando scraping completo - Cobasi
2026-07-03 20:49:34,934 - gerenciador_conexoes - INFO - Sessao estabelecida com cobasi.com.br
2026-07-03 20:49:34,934 - scraper_base - INFO - 📋 20 medicamentos para processar
2026-07-03 20:49:34,934 - scraper_base - INFO - 📦 [1/20] Processando Simparic
2026-07-03 20:49:34,934 - scraper_base - INFO - 🔍 Cobasi: Buscando Simparic
2026-07-03 20:49:40,940 - scraper_cobasi - INFO - Cobasi: Dados extraídos via JSON para Simparic
2026-07-03 20:49:40,940 - scraper_base - INFO - ✅ Cobasi: 24 produto(s) encontrado(s) para Simparic
2026-07-03 20:49:41,988 - scraper_base - INFO - 📦 [2/20] Processando Revolution
2026-07-03 20:49:41,988 - scraper_base - INFO - 🔍 Cobasi: Buscando Revolution
2026-07-03 20:49:45,993 - scraper_cobasi - INFO - Cobasi: Dados extraídos via JSON para Revolution
2026-07-03 20:49:45,993 - scraper_base - INFO - ✅ Cobasi: 18 produto(s) encontrado(s) para Revolution
2026-07-03 20:49:47,854 - scraper_base - INFO - 📦 [3/20] Processando NexGard
2026-07-03 20:49:47,854 - scraper_base - INFO - 🔍 Cobasi: Buscando NexGard
2026-07-03 20:49:52,264 - scraper_cobasi - INFO - Cobasi: Dados extraídos via JSON para NexGard
2026-07-03 20:49:52,264 - scraper_base - INFO - ✅ Cobasi: 22 produto(s) encontrado(s) para NexGard
2026-07-03 20:49:54,280 - scraper_base - INFO - 📦 [4/20] Processando NexGard Spectra
2026-07-03 20:49:54,281 - scraper_base - INFO - 🔍 Cobasi: Buscando NexGard Spectra
2026-07-03 20:50:00,364 - scraper_cobasi - INFO - Cobasi: Dados extraídos via JSON para NexGard Spectra
2026-07-03 20:50:00,365 - scraper_base - INFO - ✅ Cobasi: 10 produto(s) encontrado(s) para NexGard Spectra
2026-07-03 20:50:01,473 - scraper_base - INFO - 📦 [5/20] Processando NexGard Combo
2026-07-03 20:50:01,473 - scraper_base - INFO - 🔍 Cobasi: Buscando NexGard Combo
2026-07-03 20:50:05,481 - scraper_cobasi - INFO - Cobasi: Dados extraídos via JSON para NexGard Combo
2026-07-03 20:50:05,481 - scraper_base - INFO - ✅ Cobasi: 4 produto(s) encontrado(s) para NexGard Combo
2026-07-03 20:50:08,022 - scraper_base - INFO - 📦 [6/20] Processando Bravecto
2026-07-03 20:50:08,022 - scraper_base - INFO - 🔍 Cobasi: Buscando Bravecto
2026-07-03 20:50:11,449 - scraper_cobasi - INFO - Cobasi: Dados extraídos via JSON para Bravecto
2026-07-03 20:50:11,449 - scraper_base - INFO - ✅ Cobasi: 16 produto(s) encontrado(s) para Bravecto
2026-07-03 20:50:13,556 - scraper_base - INFO - 📦 [7/20] Processando Frontline
2026-07-03 20:50:13,556 - scraper_base - INFO - 🔍 Cobasi: Buscando Frontline
2026-07-03 20:50:20,936 - scraper_cobasi - INFO - Cobasi: Dados extraídos via JSON para Frontline
2026-07-03 20:50:20,936 - scraper_base - INFO - ✅ Cobasi: 11 produto(s) encontrado(s) para Frontline
2026-07-03 20:50:22,040 - scraper_base - INFO - 📦 [8/20] Processando Advocate
2026-07-03 20:50:22,040 - scraper_base - INFO - 🔍 Cobasi: Buscando Advocate
2026-07-03 20:50:26,714 - scraper_cobasi - INFO - Cobasi: Dados extraídos via JSON para Advocate
2026-07-03 20:50:26,715 - scraper_base - INFO - ✅ Cobasi: 12 produto(s) encontrado(s) para Advocate
2026-07-03 20:50:29,132 - scraper_base - INFO - 📦 [9/20] Processando Drontal
2026-07-03 20:50:29,132 - scraper_base - INFO - 🔍 Cobasi: Buscando Drontal
2026-07-03 20:50:34,546 - scraper_cobasi - INFO - Cobasi: Dados extraídos via JSON para Drontal
2026-07-03 20:50:34,546 - scraper_base - INFO - ✅ Cobasi: 8 produto(s) encontrado(s) para Drontal
2026-07-03 20:50:36,611 - scraper_base - INFO - 📦 [10/20] Processando Milbemax
2026-07-03 20:50:36,612 - scraper_base - INFO - 🔍 Cobasi: Buscando Milbemax
2026-07-03 20:50:40,020 - scraper_cobasi - INFO - Cobasi: Dados extraídos via JSON para Milbemax
2026-07-03 20:50:40,020 - scraper_base - INFO - ✅ Cobasi: 4 produto(s) encontrado(s) para Milbemax
2026-07-03 20:50:41,882 - scraper_base - INFO - 📦 [11/20] Processando Vermivet
2026-07-03 20:50:41,882 - scraper_base - INFO - 🔍 Cobasi: Buscando Vermivet
2026-07-03 20:50:46,801 - scraper_cobasi - INFO - Cobasi: Dados extraídos via JSON para Vermivet
2026-07-03 20:50:46,801 - scraper_base - INFO - ✅ Cobasi: 5 produto(s) encontrado(s) para Vermivet
2026-07-03 20:50:49,774 - scraper_base - INFO - 📦 [12/20] Processando Rimadyl
2026-07-03 20:50:49,774 - scraper_base - INFO - 🔍 Cobasi: Buscando Rimadyl
2026-07-03 20:50:52,588 - scraper_cobasi - INFO - Cobasi: Dados extraídos via JSON para Rimadyl
2026-07-03 20:50:52,588 - scraper_base - INFO - ✅ Cobasi: 3 produto(s) encontrado(s) para Rimadyl
2026-07-03 20:50:55,461 - scraper_base - INFO - 📦 [13/20] Processando Onsior
2026-07-03 20:50:55,461 - scraper_base - INFO - 🔍 Cobasi: Buscando Onsior
2026-07-03 20:50:59,024 - scraper_cobasi - INFO - Cobasi: Dados extraídos via JSON para Onsior
2026-07-03 20:50:59,024 - scraper_base - INFO - ✅ Cobasi: 4 produto(s) encontrado(s) para Onsior
2026-07-03 20:51:00,760 - scraper_base - INFO - 📦 [14/20] Processando Maxicam
2026-07-03 20:51:00,760 - scraper_base - INFO - 🔍 Cobasi: Buscando Maxicam
2026-07-03 20:51:04,901 - scraper_cobasi - INFO - Cobasi: Dados extraídos via JSON para Maxicam
2026-07-03 20:51:04,901 - scraper_base - INFO - ✅ Cobasi: 3 produto(s) encontrado(s) para Maxicam
2026-07-03 20:51:06,670 - scraper_base - INFO - 📦 [15/20] Processando Carproflan
2026-07-03 20:51:06,670 - scraper_base - INFO - 🔍 Cobasi: Buscando Carproflan
2026-07-03 20:51:11,814 - scraper_cobasi - INFO - Cobasi: Dados extraídos via JSON para Carproflan
2026-07-03 20:51:11,814 - scraper_base - INFO - ✅ Cobasi: 3 produto(s) encontrado(s) para Carproflan
2026-07-03 20:51:13,244 - scraper_base - INFO - 📦 [16/20] Processando Previcox
2026-07-03 20:51:13,244 - scraper_base - INFO - 🔍 Cobasi: Buscando Previcox
2026-07-03 20:51:15,538 - scraper_cobasi - INFO - Cobasi: Dados extraídos via JSON para Previcox
2026-07-03 20:51:15,538 - scraper_base - INFO - ✅ Cobasi: 2 produto(s) encontrado(s) para Previcox
2026-07-03 20:51:16,954 - scraper_base - INFO - 📦 [17/20] Processando Apoquel
2026-07-03 20:51:16,954 - scraper_base - INFO - 🔍 Cobasi: Buscando Apoquel
2026-07-03 20:51:20,237 - scraper_cobasi - INFO - Cobasi: Dados extraídos via JSON para Apoquel
2026-07-03 20:51:20,237 - scraper_base - INFO - ✅ Cobasi: 3 produto(s) encontrado(s) para Apoquel
2026-07-03 20:51:21,541 - scraper_base - INFO - 📦 [18/20] Processando Zenrelia
2026-07-03 20:51:21,542 - scraper_base - INFO - 🔍 Cobasi: Buscando Zenrelia
2026-07-03 20:51:25,688 - scraper_cobasi - INFO - Cobasi: Dados extraídos via JSON para Zenrelia
2026-07-03 20:51:25,689 - scraper_base - INFO - ✅ Cobasi: 4 produto(s) encontrado(s) para Zenrelia
2026-07-03 20:51:28,269 - scraper_base - INFO - 📦 [19/20] Processando Synulox
2026-07-03 20:51:28,270 - scraper_base - INFO - 🔍 Cobasi: Buscando Synulox
2026-07-03 20:51:31,839 - scraper_cobasi - INFO - Cobasi: Dados extraídos via JSON para Synulox
2026-07-03 20:51:31,839 - scraper_base - INFO - ✅ Cobasi: 2 produto(s) encontrado(s) para Synulox
2026-07-03 20:51:34,533 - scraper_base - INFO - 📦 [20/20] Processando Baytril
2026-07-03 20:51:34,534 - scraper_base - INFO - 🔍 Cobasi: Buscando Baytril
2026-07-03 20:51:37,627 - scraper_cobasi - INFO - Cobasi: Dados extraídos via JSON para Baytril
2026-07-03 20:51:37,627 - scraper_base - INFO - ✅ Cobasi: 2 produto(s) encontrado(s) para Baytril
2026-07-03 20:51:40,554 - scraper_base - INFO - 📊 Cobasi - Estatísticas finais:
2026-07-03 20:51:40,554 - scraper_base - INFO -    • Medicamentos processados: 20
2026-07-03 20:51:40,554 - scraper_base - INFO -    • Produtos encontrados: 160
2026-07-03 20:51:40,554 - scraper_base - INFO -    • Medicamentos sem resultado: 0
2026-07-03 20:51:40,554 - scraper_base - INFO -    • Tempo total: 126.0s
2026-07-03 20:51:40,554 - scraper_base - INFO -    • Tempo médio por medicamento: 6.3s
2026-07-03 20:51:40,714 - gerenciador_arquivos - INFO - Excel salvo: dados_coletados/cobasi_20260703_205140.xlsx (160 produtos)
2026-07-03 20:51:40,715 - gerenciador_principal - INFO - Cobasi: Arquivo individual salvo com sucesso
2026-07-03 20:51:40,715 - gerenciador_principal - INFO - Pausando entre sites...
2026-07-03 20:51:42,715 - gerenciador_principal - INFO - [2/3] Processando Petlove
2026-07-03 20:51:42,715 - scraper_base - INFO - 🚀 Iniciando scraping completo - Petlove
2026-07-03 20:51:42,937 - gerenciador_conexoes - INFO - Sessao estabelecida com petlove.com.br
2026-07-03 20:51:42,937 - scraper_base - INFO - 📋 20 medicamentos para processar
2026-07-03 20:51:42,937 - scraper_base - INFO - 📦 [1/20] Processando Simparic
2026-07-03 20:51:42,937 - scraper_base - INFO - 🔍 Petlove: Buscando Simparic
2026-07-03 20:51:43,719 - scraper_base - INFO - ✅ Petlove: 36 produto(s) encontrado(s) para Simparic
2026-07-03 20:51:45,753 - scraper_base - INFO - 📦 [2/20] Processando Revolution
2026-07-03 20:51:45,753 - scraper_base - INFO - 🔍 Petlove: Buscando Revolution
2026-07-03 20:51:46,553 - scraper_base - INFO - ✅ Petlove: 20 produto(s) encontrado(s) para Revolution
2026-07-03 20:51:48,168 - scraper_base - INFO - 📦 [3/20] Processando NexGard
2026-07-03 20:51:48,168 - scraper_base - INFO - 🔍 Petlove: Buscando NexGard
2026-07-03 20:51:49,188 - scraper_base - INFO - ✅ Petlove: 11 produto(s) encontrado(s) para NexGard
2026-07-03 20:51:51,719 - scraper_base - INFO - 📦 [4/20] Processando NexGard Spectra
2026-07-03 20:51:51,720 - scraper_base - INFO - 🔍 Petlove: Buscando NexGard Spectra
2026-07-03 20:51:52,427 - scraper_base - INFO - ✅ Petlove: 5 produto(s) encontrado(s) para NexGard Spectra
2026-07-03 20:51:53,526 - scraper_base - INFO - 📦 [5/20] Processando NexGard Combo
2026-07-03 20:51:53,526 - scraper_base - INFO - 🔍 Petlove: Buscando NexGard Combo
2026-07-03 20:51:54,301 - scraper_base - INFO - ✅ Petlove: 2 produto(s) encontrado(s) para NexGard Combo
2026-07-03 20:51:55,591 - scraper_base - INFO - 📦 [6/20] Processando Bravecto
2026-07-03 20:51:55,591 - scraper_base - INFO - 🔍 Petlove: Buscando Bravecto
2026-07-03 20:51:56,398 - scraper_base - INFO - ✅ Petlove: 22 produto(s) encontrado(s) para Bravecto
2026-07-03 20:51:58,723 - scraper_base - INFO - 📦 [7/20] Processando Frontline
2026-07-03 20:51:58,723 - scraper_base - INFO - 🔍 Petlove: Buscando Frontline
2026-07-03 20:51:59,409 - scraper_base - INFO - ✅ Petlove: 11 produto(s) encontrado(s) para Frontline
2026-07-03 20:52:02,304 - scraper_base - INFO - 📦 [8/20] Processando Advocate
2026-07-03 20:52:02,304 - scraper_base - INFO - 🔍 Petlove: Buscando Advocate
2026-07-03 20:52:03,022 - scraper_base - INFO - ✅ Petlove: 9 produto(s) encontrado(s) para Advocate
2026-07-03 20:52:04,922 - scraper_base - INFO - 📦 [9/20] Processando Drontal
2026-07-03 20:52:04,922 - scraper_base - INFO - 🔍 Petlove: Buscando Drontal
2026-07-03 20:52:05,918 - scraper_base - INFO - ✅ Petlove: 36 produto(s) encontrado(s) para Drontal
2026-07-03 20:52:08,069 - scraper_base - INFO - 📦 [10/20] Processando Milbemax
2026-07-03 20:52:08,069 - scraper_base - INFO - 🔍 Petlove: Buscando Milbemax
2026-07-03 20:52:08,942 - scraper_base - INFO - ✅ Petlove: 14 produto(s) encontrado(s) para Milbemax
2026-07-03 20:52:11,713 - scraper_base - INFO - 📦 [11/20] Processando Vermivet
2026-07-03 20:52:11,713 - scraper_base - INFO - 🔍 Petlove: Buscando Vermivet
2026-07-03 20:52:13,637 - scraper_base - INFO - ✅ Petlove: 36 produto(s) encontrado(s) para Vermivet
2026-07-03 20:52:16,297 - scraper_base - INFO - 📦 [12/20] Processando Rimadyl
2026-07-03 20:52:16,297 - scraper_base - INFO - 🔍 Petlove: Buscando Rimadyl
2026-07-03 20:52:17,073 - scraper_base - INFO - ✅ Petlove: 1 produto(s) encontrado(s) para Rimadyl
2026-07-03 20:52:19,793 - scraper_base - INFO - 📦 [13/20] Processando Onsior
2026-07-03 20:52:19,794 - scraper_base - INFO - 🔍 Petlove: Buscando Onsior
2026-07-03 20:52:20,436 - scraper_base - INFO - ✅ Petlove: 4 produto(s) encontrado(s) para Onsior
2026-07-03 20:52:22,981 - scraper_base - INFO - 📦 [14/20] Processando Maxicam
2026-07-03 20:52:22,982 - scraper_base - INFO - 🔍 Petlove: Buscando Maxicam
2026-07-03 20:52:23,538 - scraper_base - INFO - ✅ Petlove: 3 produto(s) encontrado(s) para Maxicam
2026-07-03 20:52:25,663 - scraper_base - INFO - 📦 [15/20] Processando Carproflan
2026-07-03 20:52:25,663 - scraper_base - INFO - 🔍 Petlove: Buscando Carproflan
2026-07-03 20:52:26,387 - scraper_base - INFO - ✅ Petlove: 8 produto(s) encontrado(s) para Carproflan
2026-07-03 20:52:27,671 - scraper_base - INFO - 📦 [16/20] Processando Previcox
2026-07-03 20:52:27,671 - scraper_base - INFO - 🔍 Petlove: Buscando Previcox
2026-07-03 20:52:28,259 - scraper_base - INFO - ✅ Petlove: 4 produto(s) encontrado(s) para Previcox
2026-07-03 20:52:30,722 - scraper_base - INFO - 📦 [17/20] Processando Apoquel
2026-07-03 20:52:30,723 - scraper_base - INFO - 🔍 Petlove: Buscando Apoquel
2026-07-03 20:52:31,426 - scraper_base - INFO - ✅ Petlove: 16 produto(s) encontrado(s) para Apoquel
2026-07-03 20:52:34,116 - scraper_base - INFO - 📦 [18/20] Processando Zenrelia
2026-07-03 20:52:34,116 - scraper_base - INFO - 🔍 Petlove: Buscando Zenrelia
2026-07-03 20:52:34,754 - scraper_base - INFO - ✅ Petlove: 4 produto(s) encontrado(s) para Zenrelia
2026-07-03 20:52:37,480 - scraper_base - INFO - 📦 [19/20] Processando Synulox
2026-07-03 20:52:37,480 - scraper_base - INFO - 🔍 Petlove: Buscando Synulox
2026-07-03 20:52:38,209 - scraper_base - INFO - ✅ Petlove: 1 produto(s) encontrado(s) para Synulox
2026-07-03 20:52:40,169 - scraper_base - INFO - 📦 [20/20] Processando Baytril
2026-07-03 20:52:40,170 - scraper_base - INFO - 🔍 Petlove: Buscando Baytril
2026-07-03 20:52:40,823 - scraper_base - INFO - ✅ Petlove: 6 produto(s) encontrado(s) para Baytril
2026-07-03 20:52:43,585 - scraper_base - INFO - 📊 Petlove - Estatísticas finais:
2026-07-03 20:52:43,585 - scraper_base - INFO -    • Medicamentos processados: 20
2026-07-03 20:52:43,585 - scraper_base - INFO -    • Produtos encontrados: 249
2026-07-03 20:52:43,585 - scraper_base - INFO -    • Medicamentos sem resultado: 0
2026-07-03 20:52:43,585 - scraper_base - INFO -    • Tempo total: 60.9s
2026-07-03 20:52:43,585 - scraper_base - INFO -    • Tempo médio por medicamento: 3.0s
2026-07-03 20:52:43,631 - gerenciador_arquivos - INFO - Excel salvo: dados_coletados/petlove_20260703_205243.xlsx (249 produtos)
2026-07-03 20:52:43,631 - gerenciador_principal - INFO - Petlove: Arquivo individual salvo com sucesso
2026-07-03 20:52:43,631 - gerenciador_principal - INFO - Pausando entre sites...
2026-07-03 20:52:45,632 - gerenciador_principal - INFO - [3/3] Processando Petz
2026-07-03 20:52:45,632 - scraper_base - INFO - 🚀 Iniciando scraping completo - Petz
2026-07-03 20:52:45,875 - scraper_base - INFO - 📋 20 medicamentos para processar
2026-07-03 20:52:45,875 - scraper_base - INFO - 📦 [1/20] Processando Simparic
2026-07-03 20:52:45,875 - scraper_base - INFO - 🔍 Petz: Buscando Simparic
2026-07-03 20:52:47,293 - gerenciador_conexoes - INFO - Chrome inicializado com otimizacoes de velocidade
2026-07-03 20:52:51,566 - scraper_base - INFO - ✅ Petz: 24 produto(s) encontrado(s) para Simparic
2026-07-03 20:52:53,128 - scraper_base - INFO - 📦 [2/20] Processando Revolution
2026-07-03 20:52:53,128 - scraper_base - INFO - 🔍 Petz: Buscando Revolution
2026-07-03 20:52:56,310 - scraper_base - INFO - ✅ Petz: 27 produto(s) encontrado(s) para Revolution
2026-07-03 20:52:57,695 - scraper_base - INFO - 📦 [3/20] Processando NexGard
2026-07-03 20:52:57,696 - scraper_base - INFO - 🔍 Petz: Buscando NexGard
2026-07-03 20:53:00,029 - scraper_base - INFO - ✅ Petz: 22 produto(s) encontrado(s) para NexGard
2026-07-03 20:53:01,147 - scraper_base - INFO - 📦 [4/20] Processando NexGard Spectra
2026-07-03 20:53:01,147 - scraper_base - INFO - 🔍 Petz: Buscando NexGard Spectra
2026-07-03 20:53:03,156 - scraper_base - INFO - ✅ Petz: 10 produto(s) encontrado(s) para NexGard Spectra
2026-07-03 20:53:05,939 - scraper_base - INFO - 📦 [5/20] Processando NexGard Combo
2026-07-03 20:53:05,939 - scraper_base - INFO - 🔍 Petz: Buscando NexGard Combo
2026-07-03 20:53:08,392 - scraper_base - INFO - ✅ Petz: 4 produto(s) encontrado(s) para NexGard Combo
2026-07-03 20:53:09,585 - scraper_base - INFO - 📦 [6/20] Processando Bravecto
2026-07-03 20:53:09,585 - scraper_base - INFO - 🔍 Petz: Buscando Bravecto
2026-07-03 20:53:12,508 - scraper_base - INFO - ✅ Petz: 16 produto(s) encontrado(s) para Bravecto
2026-07-03 20:53:14,234 - scraper_base - INFO - 📦 [7/20] Processando Frontline
2026-07-03 20:53:14,234 - scraper_base - INFO - 🔍 Petz: Buscando Frontline
2026-07-03 20:53:16,604 - scraper_base - INFO - ✅ Petz: 11 produto(s) encontrado(s) para Frontline
2026-07-03 20:53:19,221 - scraper_base - INFO - 📦 [8/20] Processando Advocate
2026-07-03 20:53:19,221 - scraper_base - INFO - 🔍 Petz: Buscando Advocate
2026-07-03 20:53:21,379 - scraper_base - INFO - ✅ Petz: 12 produto(s) encontrado(s) para Advocate
2026-07-03 20:53:23,488 - scraper_base - INFO - 📦 [9/20] Processando Drontal
2026-07-03 20:53:23,488 - scraper_base - INFO - 🔍 Petz: Buscando Drontal
2026-07-03 20:53:26,792 - scraper_base - INFO - ✅ Petz: 37 produto(s) encontrado(s) para Drontal
2026-07-03 20:53:29,107 - scraper_base - INFO - 📦 [10/20] Processando Milbemax
2026-07-03 20:53:29,107 - scraper_base - INFO - 🔍 Petz: Buscando Milbemax
2026-07-03 20:53:31,137 - scraper_base - INFO - ✅ Petz: 4 produto(s) encontrado(s) para Milbemax
2026-07-03 20:53:32,766 - scraper_base - INFO - 📦 [11/20] Processando Vermivet
2026-07-03 20:53:32,766 - scraper_base - INFO - 🔍 Petz: Buscando Vermivet
2026-07-03 20:53:34,751 - scraper_base - INFO - ✅ Petz: 5 produto(s) encontrado(s) para Vermivet
2026-07-03 20:53:37,610 - scraper_base - INFO - 📦 [12/20] Processando Rimadyl
2026-07-03 20:53:37,611 - scraper_base - INFO - 🔍 Petz: Buscando Rimadyl
2026-07-03 20:53:39,752 - scraper_base - INFO - ✅ Petz: 3 produto(s) encontrado(s) para Rimadyl
2026-07-03 20:53:42,327 - scraper_base - INFO - 📦 [13/20] Processando Onsior
2026-07-03 20:53:42,327 - scraper_base - INFO - 🔍 Petz: Buscando Onsior
2026-07-03 20:53:47,564 - scraper_base - INFO - ✅ Petz: 4 produto(s) encontrado(s) para Onsior
2026-07-03 20:53:49,526 - scraper_base - INFO - 📦 [14/20] Processando Maxicam
2026-07-03 20:53:49,526 - scraper_base - INFO - 🔍 Petz: Buscando Maxicam
2026-07-03 20:53:52,634 - scraper_base - INFO - ✅ Petz: 29 produto(s) encontrado(s) para Maxicam
2026-07-03 20:53:54,960 - scraper_base - INFO - 📦 [15/20] Processando Carproflan
2026-07-03 20:53:54,960 - scraper_base - INFO - 🔍 Petz: Buscando Carproflan
2026-07-03 20:53:56,724 - scraper_base - INFO - ✅ Petz: 3 produto(s) encontrado(s) para Carproflan
2026-07-03 20:53:58,788 - scraper_base - INFO - 📦 [16/20] Processando Previcox
2026-07-03 20:53:58,788 - scraper_base - INFO - 🔍 Petz: Buscando Previcox
2026-07-03 20:54:00,572 - scraper_base - INFO - ✅ Petz: 2 produto(s) encontrado(s) para Previcox
2026-07-03 20:54:03,199 - scraper_base - INFO - 📦 [17/20] Processando Apoquel
2026-07-03 20:54:03,199 - scraper_base - INFO - 🔍 Petz: Buscando Apoquel
2026-07-03 20:54:04,880 - scraper_base - INFO - ✅ Petz: 3 produto(s) encontrado(s) para Apoquel
2026-07-03 20:54:06,414 - scraper_base - INFO - 📦 [18/20] Processando Zenrelia
2026-07-03 20:54:06,415 - scraper_base - INFO - 🔍 Petz: Buscando Zenrelia
2026-07-03 20:54:08,162 - scraper_base - INFO - ✅ Petz: 4 produto(s) encontrado(s) para Zenrelia
2026-07-03 20:54:10,326 - scraper_base - INFO - 📦 [19/20] Processando Synulox
2026-07-03 20:54:10,326 - scraper_base - INFO - 🔍 Petz: Buscando Synulox
2026-07-03 20:54:12,132 - scraper_base - INFO - ✅ Petz: 2 produto(s) encontrado(s) para Synulox
2026-07-03 20:54:13,624 - scraper_base - INFO - 📦 [20/20] Processando Baytril
2026-07-03 20:54:13,624 - scraper_base - INFO - 🔍 Petz: Buscando Baytril
2026-07-03 20:54:15,709 - scraper_base - INFO - ✅ Petz: 9 produto(s) encontrado(s) para Baytril
2026-07-03 20:54:18,107 - scraper_base - INFO - 📊 Petz - Estatísticas finais:
2026-07-03 20:54:18,107 - scraper_base - INFO -    • Medicamentos processados: 20
2026-07-03 20:54:18,107 - scraper_base - INFO -    • Produtos encontrados: 231
2026-07-03 20:54:18,107 - scraper_base - INFO -    • Medicamentos sem resultado: 0
2026-07-03 20:54:18,107 - scraper_base - INFO -    • Tempo total: 92.5s
2026-07-03 20:54:18,107 - scraper_base - INFO -    • Tempo médio por medicamento: 4.6s
2026-07-03 20:54:18,154 - gerenciador_arquivos - INFO - Excel salvo: dados_coletados/petz_20260703_205418.xlsx (231 produtos)
2026-07-03 20:54:18,155 - gerenciador_principal - INFO - Petz: Arquivo individual salvo com sucesso
2026-07-03 20:54:18,155 - gerenciador_principal - INFO - Gerando relatório consolidado...
2026-07-03 20:54:18,373 - gerenciador_arquivos - INFO - Relatório consolidado salvo: dados_relatorios/relatorio_consolidado_20260703_205418.xlsx
2026-07-03 20:54:18,482 - gerenciador_conexoes - INFO - Chrome fechado
2026-07-03 20:54:18,482 - gerenciador_conexoes - INFO - Métodos utilizados - Requests: 66.7%, Selenium: 33.3%, Falhas: 0.0%
2026-07-03 20:54:18,482 - gerenciador_principal - INFO - ============================================================
2026-07-03 20:54:18,482 - gerenciador_principal - INFO - RELATORIO FINAL DE EXECUÇÃO
2026-07-03 20:54:18,482 - gerenciador_principal - INFO - ============================================================
2026-07-03 20:54:18,482 - gerenciador_principal - INFO - Sites processados: 3
2026-07-03 20:54:18,482 - gerenciador_principal - INFO - Sites com sucesso: 3
2026-07-03 20:54:18,482 - gerenciador_principal - INFO - Total de produtos coletados: 640
2026-07-03 20:54:18,482 - gerenciador_principal - INFO - Tempo total de execução: 283.6 segundos
2026-07-03 20:54:18,482 - gerenciador_principal - INFO - Estatísticas de conexão:
2026-07-03 20:54:18,482 - gerenciador_principal - INFO -   - Requests bem-sucedidos: 66.7%
2026-07-03 20:54:18,482 - gerenciador_principal - INFO -   - Selenium fallback: 33.3%
2026-07-03 20:54:18,482 - gerenciador_principal - INFO -   - Falhas totais: 0.0%
2026-07-03 20:54:18,486 - gerenciador_principal - INFO - Arquivos salvos na pasta: dados_coletados
2026-07-03 20:54:18,486 - gerenciador_principal - INFO - Total de arquivos: 810
2026-07-03 20:54:18,486 - gerenciador_principal - INFO - ============================================================
