2026-07-08 20:52:32,117 - configurador_logs - INFO - Sistema de logs configurado com sucesso
2026-07-08 20:52:32,117 - configurador_logs - INFO - 🚀 Logs configurados para MODO PRODUÇÃO
2026-07-08 20:52:32,117 - gerenciador_principal - INFO - Inicializando sistema - Modo: PRODUCAO
2026-07-08 20:52:32,117 - gerenciador_arquivos - INFO - Pasta dados_coletados preparada
2026-07-08 20:52:32,118 - gerenciador_principal - INFO - Sistema inicializado com 3 scrapers
2026-07-08 20:52:32,118 - gerenciador_principal - INFO - ============================================================
2026-07-08 20:52:32,118 - gerenciador_principal - INFO - INICIANDO SCRAPING COMPLETO - PRODUCAO
2026-07-08 20:52:32,118 - gerenciador_principal - INFO - ============================================================
2026-07-08 20:52:32,118 - gerenciador_principal - INFO - [1/3] Processando Cobasi
2026-07-08 20:52:32,118 - scraper_base - INFO - 🚀 Iniciando scraping completo - Cobasi
2026-07-08 20:52:32,546 - gerenciador_conexoes - INFO - Sessao estabelecida com cobasi.com.br
2026-07-08 20:52:32,546 - scraper_base - INFO - 📋 20 medicamentos para processar
2026-07-08 20:52:32,546 - scraper_base - INFO - 📦 [1/20] Processando Simparic
2026-07-08 20:52:32,546 - scraper_base - INFO - 🔍 Cobasi: Buscando Simparic
2026-07-08 20:52:38,001 - scraper_cobasi - INFO - Cobasi: Dados extraídos via JSON para Simparic
2026-07-08 20:52:38,002 - scraper_base - INFO - ✅ Cobasi: 24 produto(s) encontrado(s) para Simparic
2026-07-08 20:52:39,173 - scraper_base - INFO - 📦 [2/20] Processando Revolution
2026-07-08 20:52:39,173 - scraper_base - INFO - 🔍 Cobasi: Buscando Revolution
2026-07-08 20:52:44,171 - scraper_cobasi - INFO - Cobasi: Dados extraídos via JSON para Revolution
2026-07-08 20:52:44,171 - scraper_base - INFO - ✅ Cobasi: 18 produto(s) encontrado(s) para Revolution
2026-07-08 20:52:45,294 - scraper_base - INFO - 📦 [3/20] Processando NexGard
2026-07-08 20:52:45,294 - scraper_base - INFO - 🔍 Cobasi: Buscando NexGard
2026-07-08 20:52:49,502 - scraper_cobasi - INFO - Cobasi: Dados extraídos via JSON para NexGard
2026-07-08 20:52:49,503 - scraper_base - INFO - ✅ Cobasi: 22 produto(s) encontrado(s) para NexGard
2026-07-08 20:52:51,916 - scraper_base - INFO - 📦 [4/20] Processando NexGard Spectra
2026-07-08 20:52:51,917 - scraper_base - INFO - 🔍 Cobasi: Buscando NexGard Spectra
2026-07-08 20:52:55,880 - scraper_cobasi - INFO - Cobasi: Dados extraídos via JSON para NexGard Spectra
2026-07-08 20:52:55,880 - scraper_base - INFO - ✅ Cobasi: 10 produto(s) encontrado(s) para NexGard Spectra
2026-07-08 20:52:58,016 - scraper_base - INFO - 📦 [5/20] Processando NexGard Combo
2026-07-08 20:52:58,016 - scraper_base - INFO - 🔍 Cobasi: Buscando NexGard Combo
2026-07-08 20:53:01,147 - scraper_cobasi - INFO - Cobasi: Dados extraídos via JSON para NexGard Combo
2026-07-08 20:53:01,147 - scraper_base - INFO - ✅ Cobasi: 4 produto(s) encontrado(s) para NexGard Combo
2026-07-08 20:53:02,384 - scraper_base - INFO - 📦 [6/20] Processando Bravecto
2026-07-08 20:53:02,384 - scraper_base - INFO - 🔍 Cobasi: Buscando Bravecto
2026-07-08 20:53:07,852 - scraper_cobasi - INFO - Cobasi: Dados extraídos via JSON para Bravecto
2026-07-08 20:53:07,852 - scraper_base - INFO - ✅ Cobasi: 16 produto(s) encontrado(s) para Bravecto
2026-07-08 20:53:10,081 - scraper_base - INFO - 📦 [7/20] Processando Frontline
2026-07-08 20:53:10,081 - scraper_base - INFO - 🔍 Cobasi: Buscando Frontline
2026-07-08 20:53:13,709 - scraper_cobasi - INFO - Cobasi: Dados extraídos via JSON para Frontline
2026-07-08 20:53:13,710 - scraper_base - INFO - ✅ Cobasi: 11 produto(s) encontrado(s) para Frontline
2026-07-08 20:53:15,250 - scraper_base - INFO - 📦 [8/20] Processando Advocate
2026-07-08 20:53:15,250 - scraper_base - INFO - 🔍 Cobasi: Buscando Advocate
2026-07-08 20:53:19,225 - scraper_cobasi - INFO - Cobasi: Dados extraídos via JSON para Advocate
2026-07-08 20:53:19,225 - scraper_base - INFO - ✅ Cobasi: 12 produto(s) encontrado(s) para Advocate
2026-07-08 20:53:20,747 - scraper_base - INFO - 📦 [9/20] Processando Drontal
2026-07-08 20:53:20,747 - scraper_base - INFO - 🔍 Cobasi: Buscando Drontal
2026-07-08 20:53:24,215 - scraper_cobasi - INFO - Cobasi: Dados extraídos via JSON para Drontal
2026-07-08 20:53:24,216 - scraper_base - INFO - ✅ Cobasi: 8 produto(s) encontrado(s) para Drontal
2026-07-08 20:53:26,752 - scraper_base - INFO - 📦 [10/20] Processando Milbemax
2026-07-08 20:53:26,753 - scraper_base - INFO - 🔍 Cobasi: Buscando Milbemax
2026-07-08 20:53:30,189 - scraper_cobasi - INFO - Cobasi: Dados extraídos via JSON para Milbemax
2026-07-08 20:53:30,189 - scraper_base - INFO - ✅ Cobasi: 4 produto(s) encontrado(s) para Milbemax
2026-07-08 20:53:31,432 - scraper_base - INFO - 📦 [11/20] Processando Vermivet
2026-07-08 20:53:31,432 - scraper_base - INFO - 🔍 Cobasi: Buscando Vermivet
2026-07-08 20:53:35,416 - scraper_cobasi - INFO - Cobasi: Dados extraídos via JSON para Vermivet
2026-07-08 20:53:35,417 - scraper_base - INFO - ✅ Cobasi: 5 produto(s) encontrado(s) para Vermivet
2026-07-08 20:53:37,002 - scraper_base - INFO - 📦 [12/20] Processando Rimadyl
2026-07-08 20:53:37,002 - scraper_base - INFO - 🔍 Cobasi: Buscando Rimadyl
2026-07-08 20:53:39,840 - scraper_cobasi - INFO - Cobasi: Dados extraídos via JSON para Rimadyl
2026-07-08 20:53:39,840 - scraper_base - INFO - ✅ Cobasi: 3 produto(s) encontrado(s) para Rimadyl
2026-07-08 20:53:41,003 - scraper_base - INFO - 📦 [13/20] Processando Onsior
2026-07-08 20:53:41,003 - scraper_base - INFO - 🔍 Cobasi: Buscando Onsior
2026-07-08 20:53:44,007 - scraper_cobasi - INFO - Cobasi: Dados extraídos via JSON para Onsior
2026-07-08 20:53:44,007 - scraper_base - INFO - ✅ Cobasi: 4 produto(s) encontrado(s) para Onsior
2026-07-08 20:53:45,520 - scraper_base - INFO - 📦 [14/20] Processando Maxicam
2026-07-08 20:53:45,521 - scraper_base - INFO - 🔍 Cobasi: Buscando Maxicam
2026-07-08 20:53:48,640 - scraper_cobasi - INFO - Cobasi: Dados extraídos via JSON para Maxicam
2026-07-08 20:53:48,640 - scraper_base - INFO - ✅ Cobasi: 3 produto(s) encontrado(s) para Maxicam
2026-07-08 20:53:50,807 - scraper_base - INFO - 📦 [15/20] Processando Carproflan
2026-07-08 20:53:50,807 - scraper_base - INFO - 🔍 Cobasi: Buscando Carproflan
2026-07-08 20:53:53,538 - scraper_cobasi - INFO - Cobasi: Dados extraídos via JSON para Carproflan
2026-07-08 20:53:53,538 - scraper_base - INFO - ✅ Cobasi: 3 produto(s) encontrado(s) para Carproflan
2026-07-08 20:53:55,906 - scraper_base - INFO - 📦 [16/20] Processando Previcox
2026-07-08 20:53:55,906 - scraper_base - INFO - 🔍 Cobasi: Buscando Previcox
2026-07-08 20:53:58,832 - scraper_cobasi - INFO - Cobasi: Dados extraídos via JSON para Previcox
2026-07-08 20:53:58,832 - scraper_base - INFO - ✅ Cobasi: 2 produto(s) encontrado(s) para Previcox
2026-07-08 20:54:01,580 - scraper_base - INFO - 📦 [17/20] Processando Apoquel
2026-07-08 20:54:01,580 - scraper_base - INFO - 🔍 Cobasi: Buscando Apoquel
2026-07-08 20:54:05,468 - scraper_cobasi - INFO - Cobasi: Dados extraídos via JSON para Apoquel
2026-07-08 20:54:05,468 - scraper_base - INFO - ✅ Cobasi: 3 produto(s) encontrado(s) para Apoquel
2026-07-08 20:54:07,775 - scraper_base - INFO - 📦 [18/20] Processando Zenrelia
2026-07-08 20:54:07,775 - scraper_base - INFO - 🔍 Cobasi: Buscando Zenrelia
2026-07-08 20:54:10,793 - scraper_cobasi - INFO - Cobasi: Dados extraídos via JSON para Zenrelia
2026-07-08 20:54:10,794 - scraper_base - INFO - ✅ Cobasi: 4 produto(s) encontrado(s) para Zenrelia
2026-07-08 20:54:12,569 - scraper_base - INFO - 📦 [19/20] Processando Synulox
2026-07-08 20:54:12,569 - scraper_base - INFO - 🔍 Cobasi: Buscando Synulox
2026-07-08 20:54:15,387 - scraper_cobasi - INFO - Cobasi: Dados extraídos via JSON para Synulox
2026-07-08 20:54:15,387 - scraper_base - INFO - ✅ Cobasi: 2 produto(s) encontrado(s) para Synulox
2026-07-08 20:54:18,080 - scraper_base - INFO - 📦 [20/20] Processando Baytril
2026-07-08 20:54:18,081 - scraper_base - INFO - 🔍 Cobasi: Buscando Baytril
2026-07-08 20:54:22,085 - scraper_cobasi - INFO - Cobasi: Dados extraídos via JSON para Baytril
2026-07-08 20:54:22,085 - scraper_base - INFO - ✅ Cobasi: 2 produto(s) encontrado(s) para Baytril
2026-07-08 20:54:25,027 - scraper_base - INFO - 📊 Cobasi - Estatísticas finais:
2026-07-08 20:54:25,027 - scraper_base - INFO -    • Medicamentos processados: 20
2026-07-08 20:54:25,028 - scraper_base - INFO -    • Produtos encontrados: 160
2026-07-08 20:54:25,028 - scraper_base - INFO -    • Medicamentos sem resultado: 0
2026-07-08 20:54:25,028 - scraper_base - INFO -    • Tempo total: 112.9s
2026-07-08 20:54:25,028 - scraper_base - INFO -    • Tempo médio por medicamento: 5.6s
2026-07-08 20:54:25,242 - gerenciador_arquivos - INFO - Excel salvo: dados_coletados/cobasi_20260708_205425.xlsx (160 produtos)
2026-07-08 20:54:25,242 - gerenciador_principal - INFO - Cobasi: Arquivo individual salvo com sucesso
2026-07-08 20:54:25,242 - gerenciador_principal - INFO - Pausando entre sites...
2026-07-08 20:54:27,243 - gerenciador_principal - INFO - [2/3] Processando Petlove
2026-07-08 20:54:27,243 - scraper_base - INFO - 🚀 Iniciando scraping completo - Petlove
2026-07-08 20:54:27,551 - gerenciador_conexoes - INFO - Sessao estabelecida com petlove.com.br
2026-07-08 20:54:27,551 - scraper_base - INFO - 📋 20 medicamentos para processar
2026-07-08 20:54:27,551 - scraper_base - INFO - 📦 [1/20] Processando Simparic
2026-07-08 20:54:27,551 - scraper_base - INFO - 🔍 Petlove: Buscando Simparic
2026-07-08 20:54:28,379 - scraper_base - INFO - ✅ Petlove: 36 produto(s) encontrado(s) para Simparic
2026-07-08 20:54:30,324 - scraper_base - INFO - 📦 [2/20] Processando Revolution
2026-07-08 20:54:30,324 - scraper_base - INFO - 🔍 Petlove: Buscando Revolution
2026-07-08 20:54:31,230 - scraper_base - INFO - ✅ Petlove: 20 produto(s) encontrado(s) para Revolution
2026-07-08 20:54:34,071 - scraper_base - INFO - 📦 [3/20] Processando NexGard
2026-07-08 20:54:34,071 - scraper_base - INFO - 🔍 Petlove: Buscando NexGard
2026-07-08 20:54:34,782 - scraper_base - INFO - ✅ Petlove: 11 produto(s) encontrado(s) para NexGard
2026-07-08 20:54:36,050 - scraper_base - INFO - 📦 [4/20] Processando NexGard Spectra
2026-07-08 20:54:36,050 - scraper_base - INFO - 🔍 Petlove: Buscando NexGard Spectra
2026-07-08 20:54:36,679 - scraper_base - INFO - ✅ Petlove: 5 produto(s) encontrado(s) para NexGard Spectra
2026-07-08 20:54:38,409 - scraper_base - INFO - 📦 [5/20] Processando NexGard Combo
2026-07-08 20:54:38,409 - scraper_base - INFO - 🔍 Petlove: Buscando NexGard Combo
2026-07-08 20:54:39,036 - scraper_base - INFO - ✅ Petlove: 2 produto(s) encontrado(s) para NexGard Combo
2026-07-08 20:54:41,309 - scraper_base - INFO - 📦 [6/20] Processando Bravecto
2026-07-08 20:54:41,309 - scraper_base - INFO - 🔍 Petlove: Buscando Bravecto
2026-07-08 20:54:42,166 - scraper_base - INFO - ✅ Petlove: 22 produto(s) encontrado(s) para Bravecto
2026-07-08 20:54:44,678 - scraper_base - INFO - 📦 [7/20] Processando Frontline
2026-07-08 20:54:44,678 - scraper_base - INFO - 🔍 Petlove: Buscando Frontline
2026-07-08 20:54:45,507 - scraper_base - INFO - ✅ Petlove: 11 produto(s) encontrado(s) para Frontline
2026-07-08 20:54:46,818 - scraper_base - INFO - 📦 [8/20] Processando Advocate
2026-07-08 20:54:46,818 - scraper_base - INFO - 🔍 Petlove: Buscando Advocate
2026-07-08 20:54:47,517 - scraper_base - INFO - ✅ Petlove: 9 produto(s) encontrado(s) para Advocate
2026-07-08 20:54:49,990 - scraper_base - INFO - 📦 [9/20] Processando Drontal
2026-07-08 20:54:49,990 - scraper_base - INFO - 🔍 Petlove: Buscando Drontal
2026-07-08 20:54:51,347 - scraper_base - INFO - ✅ Petlove: 36 produto(s) encontrado(s) para Drontal
2026-07-08 20:54:53,457 - scraper_base - INFO - 📦 [10/20] Processando Milbemax
2026-07-08 20:54:53,457 - scraper_base - INFO - 🔍 Petlove: Buscando Milbemax
2026-07-08 20:54:54,420 - scraper_base - INFO - ✅ Petlove: 14 produto(s) encontrado(s) para Milbemax
2026-07-08 20:54:56,837 - scraper_base - INFO - 📦 [11/20] Processando Vermivet
2026-07-08 20:54:56,837 - scraper_base - INFO - 🔍 Petlove: Buscando Vermivet
2026-07-08 20:54:57,641 - scraper_base - INFO - ✅ Petlove: 36 produto(s) encontrado(s) para Vermivet
2026-07-08 20:54:58,911 - scraper_base - INFO - 📦 [12/20] Processando Rimadyl
2026-07-08 20:54:58,911 - scraper_base - INFO - 🔍 Petlove: Buscando Rimadyl
2026-07-08 20:54:59,601 - scraper_base - INFO - ✅ Petlove: 1 produto(s) encontrado(s) para Rimadyl
2026-07-08 20:55:01,294 - scraper_base - INFO - 📦 [13/20] Processando Onsior
2026-07-08 20:55:01,295 - scraper_base - INFO - 🔍 Petlove: Buscando Onsior
2026-07-08 20:55:02,016 - scraper_base - INFO - ✅ Petlove: 4 produto(s) encontrado(s) para Onsior
2026-07-08 20:55:04,952 - scraper_base - INFO - 📦 [14/20] Processando Maxicam
2026-07-08 20:55:04,952 - scraper_base - INFO - 🔍 Petlove: Buscando Maxicam
2026-07-08 20:55:05,612 - scraper_base - INFO - ✅ Petlove: 3 produto(s) encontrado(s) para Maxicam
2026-07-08 20:55:07,191 - scraper_base - INFO - 📦 [15/20] Processando Carproflan
2026-07-08 20:55:07,191 - scraper_base - INFO - 🔍 Petlove: Buscando Carproflan
2026-07-08 20:55:07,943 - scraper_base - INFO - ✅ Petlove: 8 produto(s) encontrado(s) para Carproflan
2026-07-08 20:55:09,263 - scraper_base - INFO - 📦 [16/20] Processando Previcox
2026-07-08 20:55:09,263 - scraper_base - INFO - 🔍 Petlove: Buscando Previcox
2026-07-08 20:55:10,030 - scraper_base - INFO - ✅ Petlove: 4 produto(s) encontrado(s) para Previcox
2026-07-08 20:55:12,754 - scraper_base - INFO - 📦 [17/20] Processando Apoquel
2026-07-08 20:55:12,754 - scraper_base - INFO - 🔍 Petlove: Buscando Apoquel
2026-07-08 20:55:13,439 - scraper_base - INFO - ✅ Petlove: 16 produto(s) encontrado(s) para Apoquel
2026-07-08 20:55:15,945 - scraper_base - INFO - 📦 [18/20] Processando Zenrelia
2026-07-08 20:55:15,945 - scraper_base - INFO - 🔍 Petlove: Buscando Zenrelia
2026-07-08 20:55:16,578 - scraper_base - INFO - ✅ Petlove: 4 produto(s) encontrado(s) para Zenrelia
2026-07-08 20:55:17,723 - scraper_base - INFO - 📦 [19/20] Processando Synulox
2026-07-08 20:55:17,724 - scraper_base - INFO - 🔍 Petlove: Buscando Synulox
2026-07-08 20:55:18,364 - scraper_base - INFO - ✅ Petlove: 1 produto(s) encontrado(s) para Synulox
2026-07-08 20:55:19,965 - scraper_base - INFO - 📦 [20/20] Processando Baytril
2026-07-08 20:55:19,965 - scraper_base - INFO - 🔍 Petlove: Buscando Baytril
2026-07-08 20:55:20,629 - scraper_base - INFO - ✅ Petlove: 6 produto(s) encontrado(s) para Baytril
2026-07-08 20:55:22,586 - scraper_base - INFO - 📊 Petlove - Estatísticas finais:
2026-07-08 20:55:22,586 - scraper_base - INFO -    • Medicamentos processados: 20
2026-07-08 20:55:22,586 - scraper_base - INFO -    • Produtos encontrados: 249
2026-07-08 20:55:22,586 - scraper_base - INFO -    • Medicamentos sem resultado: 0
2026-07-08 20:55:22,586 - scraper_base - INFO -    • Tempo total: 55.3s
2026-07-08 20:55:22,586 - scraper_base - INFO -    • Tempo médio por medicamento: 2.8s
2026-07-08 20:55:22,633 - gerenciador_arquivos - INFO - Excel salvo: dados_coletados/petlove_20260708_205522.xlsx (249 produtos)
2026-07-08 20:55:22,633 - gerenciador_principal - INFO - Petlove: Arquivo individual salvo com sucesso
2026-07-08 20:55:22,633 - gerenciador_principal - INFO - Pausando entre sites...
2026-07-08 20:55:24,633 - gerenciador_principal - INFO - [3/3] Processando Petz
2026-07-08 20:55:24,633 - scraper_base - INFO - 🚀 Iniciando scraping completo - Petz
2026-07-08 20:55:24,794 - scraper_base - INFO - 📋 20 medicamentos para processar
2026-07-08 20:55:24,794 - scraper_base - INFO - 📦 [1/20] Processando Simparic
2026-07-08 20:55:24,794 - scraper_base - INFO - 🔍 Petz: Buscando Simparic
2026-07-08 20:55:26,396 - gerenciador_conexoes - INFO - Chrome inicializado com otimizacoes de velocidade
2026-07-08 20:55:31,351 - scraper_base - INFO - ✅ Petz: 24 produto(s) encontrado(s) para Simparic
2026-07-08 20:55:33,823 - scraper_base - INFO - 📦 [2/20] Processando Revolution
2026-07-08 20:55:33,823 - scraper_base - INFO - 🔍 Petz: Buscando Revolution
2026-07-08 20:55:37,169 - scraper_base - INFO - ✅ Petz: 27 produto(s) encontrado(s) para Revolution
2026-07-08 20:55:38,771 - scraper_base - INFO - 📦 [3/20] Processando NexGard
2026-07-08 20:55:38,772 - scraper_base - INFO - 🔍 Petz: Buscando NexGard
2026-07-08 20:55:41,422 - scraper_base - INFO - ✅ Petz: 22 produto(s) encontrado(s) para NexGard
2026-07-08 20:55:42,932 - scraper_base - INFO - 📦 [4/20] Processando NexGard Spectra
2026-07-08 20:55:42,932 - scraper_base - INFO - 🔍 Petz: Buscando NexGard Spectra
2026-07-08 20:55:45,172 - scraper_base - INFO - ✅ Petz: 10 produto(s) encontrado(s) para NexGard Spectra
2026-07-08 20:55:46,372 - scraper_base - INFO - 📦 [5/20] Processando NexGard Combo
2026-07-08 20:55:46,372 - scraper_base - INFO - 🔍 Petz: Buscando NexGard Combo
2026-07-08 20:55:48,631 - scraper_base - INFO - ✅ Petz: 4 produto(s) encontrado(s) para NexGard Combo
2026-07-08 20:55:50,054 - scraper_base - INFO - 📦 [6/20] Processando Bravecto
2026-07-08 20:55:50,054 - scraper_base - INFO - 🔍 Petz: Buscando Bravecto
2026-07-08 20:55:52,541 - scraper_base - INFO - ✅ Petz: 16 produto(s) encontrado(s) para Bravecto
2026-07-08 20:55:54,068 - scraper_base - INFO - 📦 [7/20] Processando Frontline
2026-07-08 20:55:54,068 - scraper_base - INFO - 🔍 Petz: Buscando Frontline
2026-07-08 20:55:56,303 - scraper_base - INFO - ✅ Petz: 11 produto(s) encontrado(s) para Frontline
2026-07-08 20:55:57,857 - scraper_base - INFO - 📦 [8/20] Processando Advocate
2026-07-08 20:55:57,857 - scraper_base - INFO - 🔍 Petz: Buscando Advocate
2026-07-08 20:56:00,031 - scraper_base - INFO - ✅ Petz: 12 produto(s) encontrado(s) para Advocate
2026-07-08 20:56:01,667 - scraper_base - INFO - 📦 [9/20] Processando Drontal
2026-07-08 20:56:01,667 - scraper_base - INFO - 🔍 Petz: Buscando Drontal
2026-07-08 20:56:04,852 - scraper_base - INFO - ✅ Petz: 34 produto(s) encontrado(s) para Drontal
2026-07-08 20:56:07,523 - scraper_base - INFO - 📦 [10/20] Processando Milbemax
2026-07-08 20:56:07,523 - scraper_base - INFO - 🔍 Petz: Buscando Milbemax
2026-07-08 20:56:09,473 - scraper_base - INFO - ✅ Petz: 4 produto(s) encontrado(s) para Milbemax
2026-07-08 20:56:10,631 - scraper_base - INFO - 📦 [11/20] Processando Vermivet
2026-07-08 20:56:10,631 - scraper_base - INFO - 🔍 Petz: Buscando Vermivet
2026-07-08 20:56:12,548 - scraper_base - INFO - ✅ Petz: 5 produto(s) encontrado(s) para Vermivet
2026-07-08 20:56:15,082 - scraper_base - INFO - 📦 [12/20] Processando Rimadyl
2026-07-08 20:56:15,082 - scraper_base - INFO - 🔍 Petz: Buscando Rimadyl
2026-07-08 20:56:16,963 - scraper_base - INFO - ✅ Petz: 3 produto(s) encontrado(s) para Rimadyl
2026-07-08 20:56:19,289 - scraper_base - INFO - 📦 [13/20] Processando Onsior
2026-07-08 20:56:19,289 - scraper_base - INFO - 🔍 Petz: Buscando Onsior
2026-07-08 20:56:21,186 - scraper_base - INFO - ✅ Petz: 4 produto(s) encontrado(s) para Onsior
2026-07-08 20:56:23,447 - scraper_base - INFO - 📦 [14/20] Processando Maxicam
2026-07-08 20:56:23,447 - scraper_base - INFO - 🔍 Petz: Buscando Maxicam
2026-07-08 20:56:26,240 - scraper_base - INFO - ✅ Petz: 26 produto(s) encontrado(s) para Maxicam
2026-07-08 20:56:27,312 - scraper_base - INFO - 📦 [15/20] Processando Carproflan
2026-07-08 20:56:27,312 - scraper_base - INFO - 🔍 Petz: Buscando Carproflan
2026-07-08 20:56:30,146 - scraper_base - INFO - ✅ Petz: 3 produto(s) encontrado(s) para Carproflan
2026-07-08 20:56:33,015 - scraper_base - INFO - 📦 [16/20] Processando Previcox
2026-07-08 20:56:33,015 - scraper_base - INFO - 🔍 Petz: Buscando Previcox
2026-07-08 20:56:35,470 - scraper_base - INFO - ✅ Petz: 2 produto(s) encontrado(s) para Previcox
2026-07-08 20:56:37,159 - scraper_base - INFO - 📦 [17/20] Processando Apoquel
2026-07-08 20:56:37,160 - scraper_base - INFO - 🔍 Petz: Buscando Apoquel
2026-07-08 20:56:39,405 - scraper_base - INFO - ✅ Petz: 3 produto(s) encontrado(s) para Apoquel
2026-07-08 20:56:41,571 - scraper_base - INFO - 📦 [18/20] Processando Zenrelia
2026-07-08 20:56:41,571 - scraper_base - INFO - 🔍 Petz: Buscando Zenrelia
2026-07-08 20:56:43,869 - scraper_base - INFO - ✅ Petz: 4 produto(s) encontrado(s) para Zenrelia
2026-07-08 20:56:45,248 - scraper_base - INFO - 📦 [19/20] Processando Synulox
2026-07-08 20:56:45,248 - scraper_base - INFO - 🔍 Petz: Buscando Synulox
2026-07-08 20:56:47,528 - scraper_base - INFO - ✅ Petz: 2 produto(s) encontrado(s) para Synulox
2026-07-08 20:56:49,287 - scraper_base - INFO - 📦 [20/20] Processando Baytril
2026-07-08 20:56:49,288 - scraper_base - INFO - 🔍 Petz: Buscando Baytril
2026-07-08 20:56:51,427 - scraper_base - INFO - ✅ Petz: 9 produto(s) encontrado(s) para Baytril
2026-07-08 20:56:54,137 - scraper_base - INFO - 📊 Petz - Estatísticas finais:
2026-07-08 20:56:54,137 - scraper_base - INFO -    • Medicamentos processados: 20
2026-07-08 20:56:54,137 - scraper_base - INFO -    • Produtos encontrados: 225
2026-07-08 20:56:54,137 - scraper_base - INFO -    • Medicamentos sem resultado: 0
2026-07-08 20:56:54,137 - scraper_base - INFO -    • Tempo total: 89.5s
2026-07-08 20:56:54,137 - scraper_base - INFO -    • Tempo médio por medicamento: 4.5s
2026-07-08 20:56:54,285 - gerenciador_arquivos - INFO - Excel salvo: dados_coletados/petz_20260708_205654.xlsx (225 produtos)
2026-07-08 20:56:54,285 - gerenciador_principal - INFO - Petz: Arquivo individual salvo com sucesso
2026-07-08 20:56:54,286 - gerenciador_principal - INFO - Gerando relatório consolidado...
2026-07-08 20:56:54,520 - gerenciador_arquivos - INFO - Relatório consolidado salvo: dados_relatorios/relatorio_consolidado_20260708_205654.xlsx
2026-07-08 20:56:54,625 - gerenciador_conexoes - INFO - Chrome fechado
2026-07-08 20:56:54,626 - gerenciador_conexoes - INFO - Métodos utilizados - Requests: 66.7%, Selenium: 33.3%, Falhas: 0.0%
2026-07-08 20:56:54,626 - gerenciador_principal - INFO - ============================================================
2026-07-08 20:56:54,626 - gerenciador_principal - INFO - RELATORIO FINAL DE EXECUÇÃO
2026-07-08 20:56:54,626 - gerenciador_principal - INFO - ============================================================
2026-07-08 20:56:54,626 - gerenciador_principal - INFO - Sites processados: 3
2026-07-08 20:56:54,626 - gerenciador_principal - INFO - Sites com sucesso: 3
2026-07-08 20:56:54,626 - gerenciador_principal - INFO - Total de produtos coletados: 634
2026-07-08 20:56:54,626 - gerenciador_principal - INFO - Tempo total de execução: 262.2 segundos
2026-07-08 20:56:54,626 - gerenciador_principal - INFO - Estatísticas de conexão:
2026-07-08 20:56:54,626 - gerenciador_principal - INFO -   - Requests bem-sucedidos: 66.7%
2026-07-08 20:56:54,626 - gerenciador_principal - INFO -   - Selenium fallback: 33.3%
2026-07-08 20:56:54,626 - gerenciador_principal - INFO -   - Falhas totais: 0.0%
2026-07-08 20:56:54,630 - gerenciador_principal - INFO - Arquivos salvos na pasta: dados_coletados
2026-07-08 20:56:54,630 - gerenciador_principal - INFO - Total de arquivos: 825
2026-07-08 20:56:54,630 - gerenciador_principal - INFO - ============================================================
