2026-07-02 20:48:25,416 - configurador_logs - INFO - Sistema de logs configurado com sucesso
2026-07-02 20:48:25,416 - configurador_logs - INFO - 🚀 Logs configurados para MODO PRODUÇÃO
2026-07-02 20:48:25,416 - gerenciador_principal - INFO - Inicializando sistema - Modo: PRODUCAO
2026-07-02 20:48:25,416 - gerenciador_arquivos - INFO - Pasta dados_coletados preparada
2026-07-02 20:48:25,417 - gerenciador_principal - INFO - Sistema inicializado com 3 scrapers
2026-07-02 20:48:25,417 - gerenciador_principal - INFO - ============================================================
2026-07-02 20:48:25,417 - gerenciador_principal - INFO - INICIANDO SCRAPING COMPLETO - PRODUCAO
2026-07-02 20:48:25,417 - gerenciador_principal - INFO - ============================================================
2026-07-02 20:48:25,417 - gerenciador_principal - INFO - [1/3] Processando Cobasi
2026-07-02 20:48:25,417 - scraper_base - INFO - 🚀 Iniciando scraping completo - Cobasi
2026-07-02 20:48:26,404 - gerenciador_conexoes - INFO - Sessao estabelecida com cobasi.com.br
2026-07-02 20:48:26,404 - scraper_base - INFO - 📋 20 medicamentos para processar
2026-07-02 20:48:26,404 - scraper_base - INFO - 📦 [1/20] Processando Simparic
2026-07-02 20:48:26,404 - scraper_base - INFO - 🔍 Cobasi: Buscando Simparic
2026-07-02 20:48:29,908 - scraper_cobasi - INFO - Cobasi: Dados extraídos via JSON para Simparic
2026-07-02 20:48:29,908 - scraper_base - INFO - ✅ Cobasi: 24 produto(s) encontrado(s) para Simparic
2026-07-02 20:48:31,786 - scraper_base - INFO - 📦 [2/20] Processando Revolution
2026-07-02 20:48:31,786 - scraper_base - INFO - 🔍 Cobasi: Buscando Revolution
2026-07-02 20:48:37,946 - scraper_cobasi - INFO - Cobasi: Dados extraídos via JSON para Revolution
2026-07-02 20:48:37,946 - scraper_base - INFO - ✅ Cobasi: 18 produto(s) encontrado(s) para Revolution
2026-07-02 20:48:40,946 - scraper_base - INFO - 📦 [3/20] Processando NexGard
2026-07-02 20:48:40,946 - scraper_base - INFO - 🔍 Cobasi: Buscando NexGard
2026-07-02 20:48:47,079 - scraper_cobasi - INFO - Cobasi: Dados extraídos via JSON para NexGard
2026-07-02 20:48:47,079 - scraper_base - INFO - ✅ Cobasi: 22 produto(s) encontrado(s) para NexGard
2026-07-02 20:48:50,014 - scraper_base - INFO - 📦 [4/20] Processando NexGard Spectra
2026-07-02 20:48:50,014 - scraper_base - INFO - 🔍 Cobasi: Buscando NexGard Spectra
2026-07-02 20:48:56,008 - scraper_cobasi - INFO - Cobasi: Dados extraídos via JSON para NexGard Spectra
2026-07-02 20:48:56,009 - scraper_base - INFO - ✅ Cobasi: 10 produto(s) encontrado(s) para NexGard Spectra
2026-07-02 20:48:57,172 - scraper_base - INFO - 📦 [5/20] Processando NexGard Combo
2026-07-02 20:48:57,173 - scraper_base - INFO - 🔍 Cobasi: Buscando NexGard Combo
2026-07-02 20:49:00,375 - scraper_cobasi - INFO - Cobasi: Dados extraídos via JSON para NexGard Combo
2026-07-02 20:49:00,375 - scraper_base - INFO - ✅ Cobasi: 4 produto(s) encontrado(s) para NexGard Combo
2026-07-02 20:49:01,461 - scraper_base - INFO - 📦 [6/20] Processando Bravecto
2026-07-02 20:49:01,461 - scraper_base - INFO - 🔍 Cobasi: Buscando Bravecto
2026-07-02 20:49:06,791 - scraper_cobasi - INFO - Cobasi: Dados extraídos via JSON para Bravecto
2026-07-02 20:49:06,791 - scraper_base - INFO - ✅ Cobasi: 16 produto(s) encontrado(s) para Bravecto
2026-07-02 20:49:08,069 - scraper_base - INFO - 📦 [7/20] Processando Frontline
2026-07-02 20:49:08,070 - scraper_base - INFO - 🔍 Cobasi: Buscando Frontline
2026-07-02 20:49:15,035 - scraper_cobasi - INFO - Cobasi: Dados extraídos via JSON para Frontline
2026-07-02 20:49:15,035 - scraper_base - INFO - ✅ Cobasi: 11 produto(s) encontrado(s) para Frontline
2026-07-02 20:49:16,539 - scraper_base - INFO - 📦 [8/20] Processando Advocate
2026-07-02 20:49:16,539 - scraper_base - INFO - 🔍 Cobasi: Buscando Advocate
2026-07-02 20:49:20,384 - scraper_cobasi - INFO - Cobasi: Dados extraídos via JSON para Advocate
2026-07-02 20:49:20,385 - scraper_base - INFO - ✅ Cobasi: 12 produto(s) encontrado(s) para Advocate
2026-07-02 20:49:22,529 - scraper_base - INFO - 📦 [9/20] Processando Drontal
2026-07-02 20:49:22,529 - scraper_base - INFO - 🔍 Cobasi: Buscando Drontal
2026-07-02 20:49:25,561 - scraper_cobasi - INFO - Cobasi: Dados extraídos via JSON para Drontal
2026-07-02 20:49:25,561 - scraper_base - INFO - ✅ Cobasi: 8 produto(s) encontrado(s) para Drontal
2026-07-02 20:49:26,719 - scraper_base - INFO - 📦 [10/20] Processando Milbemax
2026-07-02 20:49:26,719 - scraper_base - INFO - 🔍 Cobasi: Buscando Milbemax
2026-07-02 20:49:31,165 - scraper_cobasi - INFO - Cobasi: Dados extraídos via JSON para Milbemax
2026-07-02 20:49:31,165 - scraper_base - INFO - ✅ Cobasi: 4 produto(s) encontrado(s) para Milbemax
2026-07-02 20:49:32,307 - scraper_base - INFO - 📦 [11/20] Processando Vermivet
2026-07-02 20:49:32,307 - scraper_base - INFO - 🔍 Cobasi: Buscando Vermivet
2026-07-02 20:49:35,769 - scraper_cobasi - INFO - Cobasi: Dados extraídos via JSON para Vermivet
2026-07-02 20:49:35,769 - scraper_base - INFO - ✅ Cobasi: 5 produto(s) encontrado(s) para Vermivet
2026-07-02 20:49:37,379 - scraper_base - INFO - 📦 [12/20] Processando Rimadyl
2026-07-02 20:49:37,379 - scraper_base - INFO - 🔍 Cobasi: Buscando Rimadyl
2026-07-02 20:49:42,546 - scraper_cobasi - INFO - Cobasi: Dados extraídos via JSON para Rimadyl
2026-07-02 20:49:42,546 - scraper_base - INFO - ✅ Cobasi: 3 produto(s) encontrado(s) para Rimadyl
2026-07-02 20:49:44,303 - scraper_base - INFO - 📦 [13/20] Processando Onsior
2026-07-02 20:49:44,304 - scraper_base - INFO - 🔍 Cobasi: Buscando Onsior
2026-07-02 20:49:47,834 - scraper_cobasi - INFO - Cobasi: Dados extraídos via JSON para Onsior
2026-07-02 20:49:47,834 - scraper_base - INFO - ✅ Cobasi: 4 produto(s) encontrado(s) para Onsior
2026-07-02 20:49:49,750 - scraper_base - INFO - 📦 [14/20] Processando Maxicam
2026-07-02 20:49:49,750 - scraper_base - INFO - 🔍 Cobasi: Buscando Maxicam
2026-07-02 20:49:54,155 - scraper_cobasi - INFO - Cobasi: Dados extraídos via JSON para Maxicam
2026-07-02 20:49:54,155 - scraper_base - INFO - ✅ Cobasi: 3 produto(s) encontrado(s) para Maxicam
2026-07-02 20:49:56,099 - scraper_base - INFO - 📦 [15/20] Processando Carproflan
2026-07-02 20:49:56,099 - scraper_base - INFO - 🔍 Cobasi: Buscando Carproflan
2026-07-02 20:49:59,849 - scraper_cobasi - INFO - Cobasi: Dados extraídos via JSON para Carproflan
2026-07-02 20:49:59,849 - scraper_base - INFO - ✅ Cobasi: 3 produto(s) encontrado(s) para Carproflan
2026-07-02 20:50:01,997 - scraper_base - INFO - 📦 [16/20] Processando Previcox
2026-07-02 20:50:01,998 - scraper_base - INFO - 🔍 Cobasi: Buscando Previcox
2026-07-02 20:50:04,784 - scraper_cobasi - INFO - Cobasi: Dados extraídos via JSON para Previcox
2026-07-02 20:50:04,784 - scraper_base - INFO - ✅ Cobasi: 2 produto(s) encontrado(s) para Previcox
2026-07-02 20:50:07,550 - scraper_base - INFO - 📦 [17/20] Processando Apoquel
2026-07-02 20:50:07,550 - scraper_base - INFO - 🔍 Cobasi: Buscando Apoquel
2026-07-02 20:50:11,849 - scraper_cobasi - INFO - Cobasi: Dados extraídos via JSON para Apoquel
2026-07-02 20:50:11,849 - scraper_base - INFO - ✅ Cobasi: 3 produto(s) encontrado(s) para Apoquel
2026-07-02 20:50:14,646 - scraper_base - INFO - 📦 [18/20] Processando Zenrelia
2026-07-02 20:50:14,646 - scraper_base - INFO - 🔍 Cobasi: Buscando Zenrelia
2026-07-02 20:50:18,276 - scraper_cobasi - INFO - Cobasi: Dados extraídos via JSON para Zenrelia
2026-07-02 20:50:18,277 - scraper_base - INFO - ✅ Cobasi: 4 produto(s) encontrado(s) para Zenrelia
2026-07-02 20:50:20,014 - scraper_base - INFO - 📦 [19/20] Processando Synulox
2026-07-02 20:50:20,014 - scraper_base - INFO - 🔍 Cobasi: Buscando Synulox
2026-07-02 20:50:22,948 - scraper_cobasi - INFO - Cobasi: Dados extraídos via JSON para Synulox
2026-07-02 20:50:22,948 - scraper_base - INFO - ✅ Cobasi: 2 produto(s) encontrado(s) para Synulox
2026-07-02 20:50:24,579 - scraper_base - INFO - 📦 [20/20] Processando Baytril
2026-07-02 20:50:24,579 - scraper_base - INFO - 🔍 Cobasi: Buscando Baytril
2026-07-02 20:50:27,981 - scraper_cobasi - INFO - Cobasi: Dados extraídos via JSON para Baytril
2026-07-02 20:50:27,981 - scraper_base - INFO - ✅ Cobasi: 2 produto(s) encontrado(s) para Baytril
2026-07-02 20:50:29,035 - scraper_base - INFO - 📊 Cobasi - Estatísticas finais:
2026-07-02 20:50:29,035 - scraper_base - INFO -    • Medicamentos processados: 20
2026-07-02 20:50:29,035 - scraper_base - INFO -    • Produtos encontrados: 160
2026-07-02 20:50:29,035 - scraper_base - INFO -    • Medicamentos sem resultado: 0
2026-07-02 20:50:29,035 - scraper_base - INFO -    • Tempo total: 123.6s
2026-07-02 20:50:29,035 - scraper_base - INFO -    • Tempo médio por medicamento: 6.2s
2026-07-02 20:50:29,189 - gerenciador_arquivos - INFO - Excel salvo: dados_coletados/cobasi_20260702_205029.xlsx (160 produtos)
2026-07-02 20:50:29,189 - gerenciador_principal - INFO - Cobasi: Arquivo individual salvo com sucesso
2026-07-02 20:50:29,189 - gerenciador_principal - INFO - Pausando entre sites...
2026-07-02 20:50:31,190 - gerenciador_principal - INFO - [2/3] Processando Petlove
2026-07-02 20:50:31,190 - scraper_base - INFO - 🚀 Iniciando scraping completo - Petlove
2026-07-02 20:50:31,404 - gerenciador_conexoes - INFO - Sessao estabelecida com petlove.com.br
2026-07-02 20:50:31,404 - scraper_base - INFO - 📋 20 medicamentos para processar
2026-07-02 20:50:31,404 - scraper_base - INFO - 📦 [1/20] Processando Simparic
2026-07-02 20:50:31,404 - scraper_base - INFO - 🔍 Petlove: Buscando Simparic
2026-07-02 20:50:34,303 - scraper_base - INFO - ✅ Petlove: 36 produto(s) encontrado(s) para Simparic
2026-07-02 20:50:37,114 - scraper_base - INFO - 📦 [2/20] Processando Revolution
2026-07-02 20:50:37,114 - scraper_base - INFO - 🔍 Petlove: Buscando Revolution
2026-07-02 20:50:37,896 - scraper_base - INFO - ✅ Petlove: 20 produto(s) encontrado(s) para Revolution
2026-07-02 20:50:40,449 - scraper_base - INFO - 📦 [3/20] Processando NexGard
2026-07-02 20:50:40,449 - scraper_base - INFO - 🔍 Petlove: Buscando NexGard
2026-07-02 20:50:41,374 - scraper_base - INFO - ✅ Petlove: 11 produto(s) encontrado(s) para NexGard
2026-07-02 20:50:43,217 - scraper_base - INFO - 📦 [4/20] Processando NexGard Spectra
2026-07-02 20:50:43,217 - scraper_base - INFO - 🔍 Petlove: Buscando NexGard Spectra
2026-07-02 20:50:43,812 - scraper_base - INFO - ✅ Petlove: 5 produto(s) encontrado(s) para NexGard Spectra
2026-07-02 20:50:45,193 - scraper_base - INFO - 📦 [5/20] Processando NexGard Combo
2026-07-02 20:50:45,194 - scraper_base - INFO - 🔍 Petlove: Buscando NexGard Combo
2026-07-02 20:50:45,850 - scraper_base - INFO - ✅ Petlove: 2 produto(s) encontrado(s) para NexGard Combo
2026-07-02 20:50:47,944 - scraper_base - INFO - 📦 [6/20] Processando Bravecto
2026-07-02 20:50:47,945 - scraper_base - INFO - 🔍 Petlove: Buscando Bravecto
2026-07-02 20:50:49,337 - scraper_base - INFO - ✅ Petlove: 22 produto(s) encontrado(s) para Bravecto
2026-07-02 20:50:50,868 - scraper_base - INFO - 📦 [7/20] Processando Frontline
2026-07-02 20:50:50,868 - scraper_base - INFO - 🔍 Petlove: Buscando Frontline
2026-07-02 20:50:51,554 - scraper_base - INFO - ✅ Petlove: 11 produto(s) encontrado(s) para Frontline
2026-07-02 20:50:52,647 - scraper_base - INFO - 📦 [8/20] Processando Advocate
2026-07-02 20:50:52,647 - scraper_base - INFO - 🔍 Petlove: Buscando Advocate
2026-07-02 20:50:53,312 - scraper_base - INFO - ✅ Petlove: 9 produto(s) encontrado(s) para Advocate
2026-07-02 20:50:55,644 - scraper_base - INFO - 📦 [9/20] Processando Drontal
2026-07-02 20:50:55,644 - scraper_base - INFO - 🔍 Petlove: Buscando Drontal
2026-07-02 20:50:56,426 - scraper_base - INFO - ✅ Petlove: 36 produto(s) encontrado(s) para Drontal
2026-07-02 20:50:58,779 - scraper_base - INFO - 📦 [10/20] Processando Milbemax
2026-07-02 20:50:58,780 - scraper_base - INFO - 🔍 Petlove: Buscando Milbemax
2026-07-02 20:50:59,481 - scraper_base - INFO - ✅ Petlove: 14 produto(s) encontrado(s) para Milbemax
2026-07-02 20:51:01,669 - scraper_base - INFO - 📦 [11/20] Processando Vermivet
2026-07-02 20:51:01,670 - scraper_base - INFO - 🔍 Petlove: Buscando Vermivet
2026-07-02 20:51:02,477 - scraper_base - INFO - ✅ Petlove: 36 produto(s) encontrado(s) para Vermivet
2026-07-02 20:51:04,611 - scraper_base - INFO - 📦 [12/20] Processando Rimadyl
2026-07-02 20:51:04,612 - scraper_base - INFO - 🔍 Petlove: Buscando Rimadyl
2026-07-02 20:51:05,260 - scraper_base - INFO - ✅ Petlove: 1 produto(s) encontrado(s) para Rimadyl
2026-07-02 20:51:08,246 - scraper_base - INFO - 📦 [13/20] Processando Onsior
2026-07-02 20:51:08,246 - scraper_base - INFO - 🔍 Petlove: Buscando Onsior
2026-07-02 20:51:08,876 - scraper_base - INFO - ✅ Petlove: 4 produto(s) encontrado(s) para Onsior
2026-07-02 20:51:10,875 - scraper_base - INFO - 📦 [14/20] Processando Maxicam
2026-07-02 20:51:10,875 - scraper_base - INFO - 🔍 Petlove: Buscando Maxicam
2026-07-02 20:51:11,488 - scraper_base - INFO - ✅ Petlove: 3 produto(s) encontrado(s) para Maxicam
2026-07-02 20:51:13,110 - scraper_base - INFO - 📦 [15/20] Processando Carproflan
2026-07-02 20:51:13,110 - scraper_base - INFO - 🔍 Petlove: Buscando Carproflan
2026-07-02 20:51:13,888 - scraper_base - INFO - ✅ Petlove: 8 produto(s) encontrado(s) para Carproflan
2026-07-02 20:51:14,950 - scraper_base - INFO - 📦 [16/20] Processando Previcox
2026-07-02 20:51:14,950 - scraper_base - INFO - 🔍 Petlove: Buscando Previcox
2026-07-02 20:51:15,623 - scraper_base - INFO - ✅ Petlove: 4 produto(s) encontrado(s) para Previcox
2026-07-02 20:51:17,294 - scraper_base - INFO - 📦 [17/20] Processando Apoquel
2026-07-02 20:51:17,295 - scraper_base - INFO - 🔍 Petlove: Buscando Apoquel
2026-07-02 20:51:17,960 - scraper_base - INFO - ✅ Petlove: 16 produto(s) encontrado(s) para Apoquel
2026-07-02 20:51:20,298 - scraper_base - INFO - 📦 [18/20] Processando Zenrelia
2026-07-02 20:51:20,298 - scraper_base - INFO - 🔍 Petlove: Buscando Zenrelia
2026-07-02 20:51:20,904 - scraper_base - INFO - ✅ Petlove: 4 produto(s) encontrado(s) para Zenrelia
2026-07-02 20:51:22,347 - scraper_base - INFO - 📦 [19/20] Processando Synulox
2026-07-02 20:51:22,347 - scraper_base - INFO - 🔍 Petlove: Buscando Synulox
2026-07-02 20:51:22,919 - scraper_base - INFO - ✅ Petlove: 1 produto(s) encontrado(s) para Synulox
2026-07-02 20:51:24,508 - scraper_base - INFO - 📦 [20/20] Processando Baytril
2026-07-02 20:51:24,508 - scraper_base - INFO - 🔍 Petlove: Buscando Baytril
2026-07-02 20:51:25,118 - scraper_base - INFO - ✅ Petlove: 6 produto(s) encontrado(s) para Baytril
2026-07-02 20:51:26,698 - scraper_base - INFO - 📊 Petlove - Estatísticas finais:
2026-07-02 20:51:26,698 - scraper_base - INFO -    • Medicamentos processados: 20
2026-07-02 20:51:26,698 - scraper_base - INFO -    • Produtos encontrados: 249
2026-07-02 20:51:26,698 - scraper_base - INFO -    • Medicamentos sem resultado: 0
2026-07-02 20:51:26,698 - scraper_base - INFO -    • Tempo total: 55.5s
2026-07-02 20:51:26,698 - scraper_base - INFO -    • Tempo médio por medicamento: 2.8s
2026-07-02 20:51:26,745 - gerenciador_arquivos - INFO - Excel salvo: dados_coletados/petlove_20260702_205126.xlsx (249 produtos)
2026-07-02 20:51:26,745 - gerenciador_principal - INFO - Petlove: Arquivo individual salvo com sucesso
2026-07-02 20:51:26,745 - gerenciador_principal - INFO - Pausando entre sites...
2026-07-02 20:51:28,745 - gerenciador_principal - INFO - [3/3] Processando Petz
2026-07-02 20:51:28,745 - scraper_base - INFO - 🚀 Iniciando scraping completo - Petz
2026-07-02 20:51:28,966 - scraper_base - INFO - 📋 20 medicamentos para processar
2026-07-02 20:51:28,966 - scraper_base - INFO - 📦 [1/20] Processando Simparic
2026-07-02 20:51:28,966 - scraper_base - INFO - 🔍 Petz: Buscando Simparic
2026-07-02 20:51:36,903 - gerenciador_conexoes - INFO - Chrome inicializado com otimizacoes de velocidade
2026-07-02 20:51:41,768 - scraper_base - INFO - ✅ Petz: 24 produto(s) encontrado(s) para Simparic
2026-07-02 20:51:44,167 - scraper_base - INFO - 📦 [2/20] Processando Revolution
2026-07-02 20:51:44,168 - scraper_base - INFO - 🔍 Petz: Buscando Revolution
2026-07-02 20:51:47,173 - scraper_base - INFO - ✅ Petz: 27 produto(s) encontrado(s) para Revolution
2026-07-02 20:51:48,628 - scraper_base - INFO - 📦 [3/20] Processando NexGard
2026-07-02 20:51:48,628 - scraper_base - INFO - 🔍 Petz: Buscando NexGard
2026-07-02 20:51:51,003 - scraper_base - INFO - ✅ Petz: 22 produto(s) encontrado(s) para NexGard
2026-07-02 20:51:52,971 - scraper_base - INFO - 📦 [4/20] Processando NexGard Spectra
2026-07-02 20:51:52,972 - scraper_base - INFO - 🔍 Petz: Buscando NexGard Spectra
2026-07-02 20:51:55,089 - scraper_base - INFO - ✅ Petz: 10 produto(s) encontrado(s) para NexGard Spectra
2026-07-02 20:51:56,961 - scraper_base - INFO - 📦 [5/20] Processando NexGard Combo
2026-07-02 20:51:56,961 - scraper_base - INFO - 🔍 Petz: Buscando NexGard Combo
2026-07-02 20:51:58,647 - scraper_base - INFO - ✅ Petz: 4 produto(s) encontrado(s) para NexGard Combo
2026-07-02 20:51:59,788 - scraper_base - INFO - 📦 [6/20] Processando Bravecto
2026-07-02 20:51:59,788 - scraper_base - INFO - 🔍 Petz: Buscando Bravecto
2026-07-02 20:52:01,975 - scraper_base - INFO - ✅ Petz: 16 produto(s) encontrado(s) para Bravecto
2026-07-02 20:52:03,969 - scraper_base - INFO - 📦 [7/20] Processando Frontline
2026-07-02 20:52:03,969 - scraper_base - INFO - 🔍 Petz: Buscando Frontline
2026-07-02 20:52:05,886 - scraper_base - INFO - ✅ Petz: 11 produto(s) encontrado(s) para Frontline
2026-07-02 20:52:07,543 - scraper_base - INFO - 📦 [8/20] Processando Advocate
2026-07-02 20:52:07,543 - scraper_base - INFO - 🔍 Petz: Buscando Advocate
2026-07-02 20:52:09,412 - scraper_base - INFO - ✅ Petz: 12 produto(s) encontrado(s) para Advocate
2026-07-02 20:52:11,398 - scraper_base - INFO - 📦 [9/20] Processando Drontal
2026-07-02 20:52:11,398 - scraper_base - INFO - 🔍 Petz: Buscando Drontal
2026-07-02 20:52:14,035 - scraper_base - INFO - ✅ Petz: 37 produto(s) encontrado(s) para Drontal
2026-07-02 20:52:16,049 - scraper_base - INFO - 📦 [10/20] Processando Milbemax
2026-07-02 20:52:16,050 - scraper_base - INFO - 🔍 Petz: Buscando Milbemax
2026-07-02 20:52:18,115 - scraper_base - INFO - ✅ Petz: 4 produto(s) encontrado(s) para Milbemax
2026-07-02 20:52:19,286 - scraper_base - INFO - 📦 [11/20] Processando Vermivet
2026-07-02 20:52:19,286 - scraper_base - INFO - 🔍 Petz: Buscando Vermivet
2026-07-02 20:52:21,219 - scraper_base - INFO - ✅ Petz: 5 produto(s) encontrado(s) para Vermivet
2026-07-02 20:52:23,303 - scraper_base - INFO - 📦 [12/20] Processando Rimadyl
2026-07-02 20:52:23,303 - scraper_base - INFO - 🔍 Petz: Buscando Rimadyl
2026-07-02 20:52:25,081 - scraper_base - INFO - ✅ Petz: 3 produto(s) encontrado(s) para Rimadyl
2026-07-02 20:52:27,492 - scraper_base - INFO - 📦 [13/20] Processando Onsior
2026-07-02 20:52:27,492 - scraper_base - INFO - 🔍 Petz: Buscando Onsior
2026-07-02 20:52:29,130 - scraper_base - INFO - ✅ Petz: 4 produto(s) encontrado(s) para Onsior
2026-07-02 20:52:30,629 - scraper_base - INFO - 📦 [14/20] Processando Maxicam
2026-07-02 20:52:30,629 - scraper_base - INFO - 🔍 Petz: Buscando Maxicam
2026-07-02 20:52:33,039 - scraper_base - INFO - ✅ Petz: 29 produto(s) encontrado(s) para Maxicam
2026-07-02 20:52:34,178 - scraper_base - INFO - 📦 [15/20] Processando Carproflan
2026-07-02 20:52:34,178 - scraper_base - INFO - 🔍 Petz: Buscando Carproflan
2026-07-02 20:52:35,926 - scraper_base - INFO - ✅ Petz: 3 produto(s) encontrado(s) para Carproflan
2026-07-02 20:52:38,926 - scraper_base - INFO - 📦 [16/20] Processando Previcox
2026-07-02 20:52:38,926 - scraper_base - INFO - 🔍 Petz: Buscando Previcox
2026-07-02 20:52:40,969 - scraper_base - INFO - ✅ Petz: 2 produto(s) encontrado(s) para Previcox
2026-07-02 20:52:43,826 - scraper_base - INFO - 📦 [17/20] Processando Apoquel
2026-07-02 20:52:43,827 - scraper_base - INFO - 🔍 Petz: Buscando Apoquel
2026-07-02 20:52:46,262 - scraper_base - INFO - ✅ Petz: 3 produto(s) encontrado(s) para Apoquel
2026-07-02 20:52:48,559 - scraper_base - INFO - 📦 [18/20] Processando Zenrelia
2026-07-02 20:52:48,559 - scraper_base - INFO - 🔍 Petz: Buscando Zenrelia
2026-07-02 20:52:50,467 - scraper_base - INFO - ✅ Petz: 4 produto(s) encontrado(s) para Zenrelia
2026-07-02 20:52:51,995 - scraper_base - INFO - 📦 [19/20] Processando Synulox
2026-07-02 20:52:51,996 - scraper_base - INFO - 🔍 Petz: Buscando Synulox
2026-07-02 20:52:53,694 - scraper_base - INFO - ✅ Petz: 2 produto(s) encontrado(s) para Synulox
2026-07-02 20:52:56,636 - scraper_base - INFO - 📦 [20/20] Processando Baytril
2026-07-02 20:52:56,636 - scraper_base - INFO - 🔍 Petz: Buscando Baytril
2026-07-02 20:52:59,631 - scraper_base - INFO - ✅ Petz: 9 produto(s) encontrado(s) para Baytril
2026-07-02 20:53:02,184 - scraper_base - INFO - 📊 Petz - Estatísticas finais:
2026-07-02 20:53:02,184 - scraper_base - INFO -    • Medicamentos processados: 20
2026-07-02 20:53:02,184 - scraper_base - INFO -    • Produtos encontrados: 231
2026-07-02 20:53:02,184 - scraper_base - INFO -    • Medicamentos sem resultado: 0
2026-07-02 20:53:02,184 - scraper_base - INFO -    • Tempo total: 93.4s
2026-07-02 20:53:02,184 - scraper_base - INFO -    • Tempo médio por medicamento: 4.7s
2026-07-02 20:53:02,231 - gerenciador_arquivos - INFO - Excel salvo: dados_coletados/petz_20260702_205302.xlsx (231 produtos)
2026-07-02 20:53:02,231 - gerenciador_principal - INFO - Petz: Arquivo individual salvo com sucesso
2026-07-02 20:53:02,231 - gerenciador_principal - INFO - Gerando relatório consolidado...
2026-07-02 20:53:02,449 - gerenciador_arquivos - INFO - Relatório consolidado salvo: dados_relatorios/relatorio_consolidado_20260702_205302.xlsx
2026-07-02 20:53:02,555 - gerenciador_conexoes - INFO - Chrome fechado
2026-07-02 20:53:02,556 - gerenciador_conexoes - INFO - Métodos utilizados - Requests: 66.7%, Selenium: 33.3%, Falhas: 0.0%
2026-07-02 20:53:02,556 - gerenciador_principal - INFO - ============================================================
2026-07-02 20:53:02,556 - gerenciador_principal - INFO - RELATORIO FINAL DE EXECUÇÃO
2026-07-02 20:53:02,556 - gerenciador_principal - INFO - ============================================================
2026-07-02 20:53:02,556 - gerenciador_principal - INFO - Sites processados: 3
2026-07-02 20:53:02,556 - gerenciador_principal - INFO - Sites com sucesso: 3
2026-07-02 20:53:02,556 - gerenciador_principal - INFO - Total de produtos coletados: 640
2026-07-02 20:53:02,556 - gerenciador_principal - INFO - Tempo total de execução: 276.8 segundos
2026-07-02 20:53:02,556 - gerenciador_principal - INFO - Estatísticas de conexão:
2026-07-02 20:53:02,556 - gerenciador_principal - INFO -   - Requests bem-sucedidos: 66.7%
2026-07-02 20:53:02,556 - gerenciador_principal - INFO -   - Selenium fallback: 33.3%
2026-07-02 20:53:02,556 - gerenciador_principal - INFO -   - Falhas totais: 0.0%
2026-07-02 20:53:02,561 - gerenciador_principal - INFO - Arquivos salvos na pasta: dados_coletados
2026-07-02 20:53:02,562 - gerenciador_principal - INFO - Total de arquivos: 807
2026-07-02 20:53:02,562 - gerenciador_principal - INFO - ============================================================
