2026-09-25 22:52:22,085 - configurador_logs - INFO - Sistema de logs configurado com sucesso
2026-09-25 22:52:22,085 - configurador_logs - INFO - 🚀 Logs configurados para MODO PRODUÇÃO
2026-09-25 22:52:22,085 - gerenciador_principal - INFO - Inicializando sistema - Modo: PRODUCAO
2026-09-25 22:52:22,085 - gerenciador_arquivos - INFO - Pasta dados_coletados preparada
2026-09-25 22:52:22,085 - gerenciador_principal - INFO - Sistema inicializado com 3 scrapers
2026-09-25 22:52:22,085 - gerenciador_principal - INFO - ============================================================
2026-09-25 22:52:22,085 - gerenciador_principal - INFO - INICIANDO SCRAPING COMPLETO - PRODUCAO
2026-09-25 22:52:22,085 - gerenciador_principal - INFO - ============================================================
2026-09-25 22:52:22,085 - gerenciador_principal - INFO - [1/3] Processando Cobasi
2026-09-25 22:52:22,085 - scraper_base - INFO - 🚀 Iniciando scraping completo - Cobasi
2026-09-25 22:52:22,416 - gerenciador_conexoes - INFO - Sessao estabelecida com cobasi.com.br
2026-09-25 22:52:22,416 - scraper_base - INFO - 📋 20 medicamentos para processar
2026-09-25 22:52:22,416 - scraper_base - INFO - 📦 [1/20] Processando Simparic
2026-09-25 22:52:22,416 - scraper_base - INFO - 🔍 Cobasi: Buscando Simparic
2026-09-25 22:52:29,041 - scraper_cobasi - INFO - Cobasi: Dados extraídos via JSON para Simparic
2026-09-25 22:52:29,041 - scraper_base - INFO - ✅ Cobasi: 24 produto(s) encontrado(s) para Simparic
2026-09-25 22:52:30,882 - scraper_base - INFO - 📦 [2/20] Processando Revolution
2026-09-25 22:52:30,882 - scraper_base - INFO - 🔍 Cobasi: Buscando Revolution
2026-09-25 22:52:35,150 - scraper_cobasi - INFO - Cobasi: Dados extraídos via JSON para Revolution
2026-09-25 22:52:35,151 - scraper_base - INFO - ✅ Cobasi: 16 produto(s) encontrado(s) para Revolution
2026-09-25 22:52:36,840 - scraper_base - INFO - 📦 [3/20] Processando NexGard
2026-09-25 22:52:36,841 - scraper_base - INFO - 🔍 Cobasi: Buscando NexGard
2026-09-25 22:52:43,606 - scraper_cobasi - INFO - Cobasi: Dados extraídos via JSON para NexGard
2026-09-25 22:52:43,606 - scraper_base - INFO - ✅ Cobasi: 22 produto(s) encontrado(s) para NexGard
2026-09-25 22:52:44,860 - scraper_base - INFO - 📦 [4/20] Processando NexGard Spectra
2026-09-25 22:52:44,860 - scraper_base - INFO - 🔍 Cobasi: Buscando NexGard Spectra
2026-09-25 22:52:47,631 - scraper_cobasi - INFO - Cobasi: Dados extraídos via JSON para NexGard Spectra
2026-09-25 22:52:47,632 - scraper_base - INFO - ✅ Cobasi: 10 produto(s) encontrado(s) para NexGard Spectra
2026-09-25 22:52:48,836 - scraper_base - INFO - 📦 [5/20] Processando NexGard Combo
2026-09-25 22:52:48,836 - scraper_base - INFO - 🔍 Cobasi: Buscando NexGard Combo
2026-09-25 22:52:50,905 - scraper_cobasi - INFO - Cobasi: Dados extraídos via JSON para NexGard Combo
2026-09-25 22:52:50,906 - scraper_base - INFO - ✅ Cobasi: 4 produto(s) encontrado(s) para NexGard Combo
2026-09-25 22:52:52,502 - scraper_base - INFO - 📦 [6/20] Processando Bravecto
2026-09-25 22:52:52,502 - scraper_base - INFO - 🔍 Cobasi: Buscando Bravecto
2026-09-25 22:52:56,351 - scraper_cobasi - INFO - Cobasi: Dados extraídos via JSON para Bravecto
2026-09-25 22:52:56,351 - scraper_base - INFO - ✅ Cobasi: 16 produto(s) encontrado(s) para Bravecto
2026-09-25 22:52:57,490 - scraper_base - INFO - 📦 [7/20] Processando Frontline
2026-09-25 22:52:57,490 - scraper_base - INFO - 🔍 Cobasi: Buscando Frontline
2026-09-25 22:53:01,082 - scraper_cobasi - INFO - Cobasi: Dados extraídos via JSON para Frontline
2026-09-25 22:53:01,082 - scraper_base - INFO - ✅ Cobasi: 11 produto(s) encontrado(s) para Frontline
2026-09-25 22:53:03,126 - scraper_base - INFO - 📦 [8/20] Processando Advocate
2026-09-25 22:53:03,126 - scraper_base - INFO - 🔍 Cobasi: Buscando Advocate
2026-09-25 22:53:05,352 - scraper_cobasi - INFO - Cobasi: Dados extraídos via JSON para Advocate
2026-09-25 22:53:05,353 - scraper_base - INFO - ✅ Cobasi: 12 produto(s) encontrado(s) para Advocate
2026-09-25 22:53:07,744 - scraper_base - INFO - 📦 [9/20] Processando Drontal
2026-09-25 22:53:07,744 - scraper_base - INFO - 🔍 Cobasi: Buscando Drontal
2026-09-25 22:53:10,527 - scraper_cobasi - INFO - Cobasi: Dados extraídos via JSON para Drontal
2026-09-25 22:53:10,527 - scraper_base - INFO - ✅ Cobasi: 8 produto(s) encontrado(s) para Drontal
2026-09-25 22:53:11,825 - scraper_base - INFO - 📦 [10/20] Processando Milbemax
2026-09-25 22:53:11,825 - scraper_base - INFO - 🔍 Cobasi: Buscando Milbemax
2026-09-25 22:53:13,964 - scraper_cobasi - INFO - Cobasi: Dados extraídos via JSON para Milbemax
2026-09-25 22:53:13,964 - scraper_base - INFO - ✅ Cobasi: 4 produto(s) encontrado(s) para Milbemax
2026-09-25 22:53:15,382 - scraper_base - INFO - 📦 [11/20] Processando Vermivet
2026-09-25 22:53:15,382 - scraper_base - INFO - 🔍 Cobasi: Buscando Vermivet
2026-09-25 22:53:19,217 - scraper_cobasi - INFO - Cobasi: Dados extraídos via JSON para Vermivet
2026-09-25 22:53:19,217 - scraper_base - INFO - ✅ Cobasi: 5 produto(s) encontrado(s) para Vermivet
2026-09-25 22:53:22,170 - scraper_base - INFO - 📦 [12/20] Processando Rimadyl
2026-09-25 22:53:22,170 - scraper_base - INFO - 🔍 Cobasi: Buscando Rimadyl
2026-09-25 22:53:25,375 - scraper_cobasi - INFO - Cobasi: Dados extraídos via JSON para Rimadyl
2026-09-25 22:53:25,375 - scraper_base - INFO - ✅ Cobasi: 3 produto(s) encontrado(s) para Rimadyl
2026-09-25 22:53:27,308 - scraper_base - INFO - 📦 [13/20] Processando Onsior
2026-09-25 22:53:27,308 - scraper_base - INFO - 🔍 Cobasi: Buscando Onsior
2026-09-25 22:53:30,216 - scraper_cobasi - INFO - Cobasi: Dados extraídos via JSON para Onsior
2026-09-25 22:53:30,216 - scraper_base - INFO - ✅ Cobasi: 4 produto(s) encontrado(s) para Onsior
2026-09-25 22:53:31,867 - scraper_base - INFO - 📦 [14/20] Processando Maxicam
2026-09-25 22:53:31,867 - scraper_base - INFO - 🔍 Cobasi: Buscando Maxicam
2026-09-25 22:53:34,848 - scraper_cobasi - INFO - Cobasi: Dados extraídos via JSON para Maxicam
2026-09-25 22:53:34,848 - scraper_base - INFO - ✅ Cobasi: 3 produto(s) encontrado(s) para Maxicam
2026-09-25 22:53:36,781 - scraper_base - INFO - 📦 [15/20] Processando Carproflan
2026-09-25 22:53:36,781 - scraper_base - INFO - 🔍 Cobasi: Buscando Carproflan
2026-09-25 22:53:39,735 - scraper_cobasi - INFO - Cobasi: Dados extraídos via JSON para Carproflan
2026-09-25 22:53:39,735 - scraper_base - INFO - ✅ Cobasi: 3 produto(s) encontrado(s) para Carproflan
2026-09-25 22:53:40,837 - scraper_base - INFO - 📦 [16/20] Processando Previcox
2026-09-25 22:53:40,837 - scraper_base - INFO - 🔍 Cobasi: Buscando Previcox
2026-09-25 22:53:42,852 - scraper_cobasi - INFO - Cobasi: Dados extraídos via JSON para Previcox
2026-09-25 22:53:42,852 - scraper_base - INFO - ✅ Cobasi: 2 produto(s) encontrado(s) para Previcox
2026-09-25 22:53:45,082 - scraper_base - INFO - 📦 [17/20] Processando Apoquel
2026-09-25 22:53:45,082 - scraper_base - INFO - 🔍 Cobasi: Buscando Apoquel
2026-09-25 22:53:48,261 - scraper_cobasi - INFO - Cobasi: Dados extraídos via JSON para Apoquel
2026-09-25 22:53:48,261 - scraper_base - INFO - ✅ Cobasi: 3 produto(s) encontrado(s) para Apoquel
2026-09-25 22:53:50,177 - scraper_base - INFO - 📦 [18/20] Processando Zenrelia
2026-09-25 22:53:50,177 - scraper_base - INFO - 🔍 Cobasi: Buscando Zenrelia
2026-09-25 22:53:52,717 - scraper_cobasi - INFO - Cobasi: Dados extraídos via JSON para Zenrelia
2026-09-25 22:53:52,717 - scraper_base - INFO - ✅ Cobasi: 4 produto(s) encontrado(s) para Zenrelia
2026-09-25 22:53:54,339 - scraper_base - INFO - 📦 [19/20] Processando Synulox
2026-09-25 22:53:54,339 - scraper_base - INFO - 🔍 Cobasi: Buscando Synulox
2026-09-25 22:53:57,477 - scraper_cobasi - INFO - Cobasi: Dados extraídos via JSON para Synulox
2026-09-25 22:53:57,477 - scraper_base - INFO - ✅ Cobasi: 2 produto(s) encontrado(s) para Synulox
2026-09-25 22:53:59,663 - scraper_base - INFO - 📦 [20/20] Processando Baytril
2026-09-25 22:53:59,663 - scraper_base - INFO - 🔍 Cobasi: Buscando Baytril
2026-09-25 22:54:01,419 - scraper_cobasi - INFO - Cobasi: Dados extraídos via JSON para Baytril
2026-09-25 22:54:01,420 - scraper_base - INFO - ✅ Cobasi: 2 produto(s) encontrado(s) para Baytril
2026-09-25 22:54:02,664 - scraper_base - INFO - 📊 Cobasi - Estatísticas finais:
2026-09-25 22:54:02,664 - scraper_base - INFO -    • Medicamentos processados: 20
2026-09-25 22:54:02,664 - scraper_base - INFO -    • Produtos encontrados: 158
2026-09-25 22:54:02,664 - scraper_base - INFO -    • Medicamentos sem resultado: 0
2026-09-25 22:54:02,664 - scraper_base - INFO -    • Tempo total: 100.6s
2026-09-25 22:54:02,664 - scraper_base - INFO -    • Tempo médio por medicamento: 5.0s
2026-09-25 22:54:02,779 - gerenciador_arquivos - INFO - Excel salvo: dados_coletados/cobasi_20260925_225402.xlsx (158 produtos)
2026-09-25 22:54:02,780 - gerenciador_principal - INFO - Cobasi: Arquivo individual salvo com sucesso
2026-09-25 22:54:02,780 - gerenciador_principal - INFO - Pausando entre sites...
2026-09-25 22:54:04,780 - gerenciador_principal - INFO - [2/3] Processando Petlove
2026-09-25 22:54:04,780 - scraper_base - INFO - 🚀 Iniciando scraping completo - Petlove
2026-09-25 22:54:05,707 - gerenciador_conexoes - INFO - Sessao estabelecida com petlove.com.br
2026-09-25 22:54:05,707 - scraper_base - INFO - 📋 20 medicamentos para processar
2026-09-25 22:54:05,707 - scraper_base - INFO - 📦 [1/20] Processando Simparic
2026-09-25 22:54:05,707 - scraper_base - INFO - 🔍 Petlove: Buscando Simparic
2026-09-25 22:54:06,455 - scraper_base - INFO - ✅ Petlove: 36 produto(s) encontrado(s) para Simparic
2026-09-25 22:54:07,752 - scraper_base - INFO - 📦 [2/20] Processando Revolution
2026-09-25 22:54:07,752 - scraper_base - INFO - 🔍 Petlove: Buscando Revolution
2026-09-25 22:54:08,543 - scraper_base - INFO - ✅ Petlove: 19 produto(s) encontrado(s) para Revolution
2026-09-25 22:54:10,547 - scraper_base - INFO - 📦 [3/20] Processando NexGard
2026-09-25 22:54:10,547 - scraper_base - INFO - 🔍 Petlove: Buscando NexGard
2026-09-25 22:54:11,226 - scraper_base - INFO - ✅ Petlove: 11 produto(s) encontrado(s) para NexGard
2026-09-25 22:54:13,375 - scraper_base - INFO - 📦 [4/20] Processando NexGard Spectra
2026-09-25 22:54:13,375 - scraper_base - INFO - 🔍 Petlove: Buscando NexGard Spectra
2026-09-25 22:54:14,044 - scraper_base - INFO - ✅ Petlove: 5 produto(s) encontrado(s) para NexGard Spectra
2026-09-25 22:54:16,347 - scraper_base - INFO - 📦 [5/20] Processando NexGard Combo
2026-09-25 22:54:16,347 - scraper_base - INFO - 🔍 Petlove: Buscando NexGard Combo
2026-09-25 22:54:16,976 - scraper_base - INFO - ✅ Petlove: 2 produto(s) encontrado(s) para NexGard Combo
2026-09-25 22:54:19,278 - scraper_base - INFO - 📦 [6/20] Processando Bravecto
2026-09-25 22:54:19,278 - scraper_base - INFO - 🔍 Petlove: Buscando Bravecto
2026-09-25 22:54:20,163 - scraper_base - INFO - ✅ Petlove: 20 produto(s) encontrado(s) para Bravecto
2026-09-25 22:54:22,071 - scraper_base - INFO - 📦 [7/20] Processando Frontline
2026-09-25 22:54:22,072 - scraper_base - INFO - 🔍 Petlove: Buscando Frontline
2026-09-25 22:54:22,775 - scraper_base - INFO - ✅ Petlove: 11 produto(s) encontrado(s) para Frontline
2026-09-25 22:54:24,878 - scraper_base - INFO - 📦 [8/20] Processando Advocate
2026-09-25 22:54:24,878 - scraper_base - INFO - 🔍 Petlove: Buscando Advocate
2026-09-25 22:54:26,082 - scraper_base - INFO - ✅ Petlove: 9 produto(s) encontrado(s) para Advocate
2026-09-25 22:54:27,420 - scraper_base - INFO - 📦 [9/20] Processando Drontal
2026-09-25 22:54:27,420 - scraper_base - INFO - 🔍 Petlove: Buscando Drontal
2026-09-25 22:54:28,316 - scraper_base - INFO - ✅ Petlove: 36 produto(s) encontrado(s) para Drontal
2026-09-25 22:54:30,080 - scraper_base - INFO - 📦 [10/20] Processando Milbemax
2026-09-25 22:54:30,080 - scraper_base - INFO - 🔍 Petlove: Buscando Milbemax
2026-09-25 22:54:30,806 - scraper_base - INFO - ✅ Petlove: 14 produto(s) encontrado(s) para Milbemax
2026-09-25 22:54:32,251 - scraper_base - INFO - 📦 [11/20] Processando Vermivet
2026-09-25 22:54:32,251 - scraper_base - INFO - 🔍 Petlove: Buscando Vermivet
2026-09-25 22:54:33,023 - scraper_base - INFO - ✅ Petlove: 36 produto(s) encontrado(s) para Vermivet
2026-09-25 22:54:35,038 - scraper_base - INFO - 📦 [12/20] Processando Rimadyl
2026-09-25 22:54:35,038 - scraper_base - INFO - 🔍 Petlove: Buscando Rimadyl
2026-09-25 22:54:35,654 - scraper_base - INFO - ✅ Petlove: 1 produto(s) encontrado(s) para Rimadyl
2026-09-25 22:54:37,241 - scraper_base - INFO - 📦 [13/20] Processando Onsior
2026-09-25 22:54:37,241 - scraper_base - INFO - 🔍 Petlove: Buscando Onsior
2026-09-25 22:54:37,928 - scraper_base - INFO - ✅ Petlove: 4 produto(s) encontrado(s) para Onsior
2026-09-25 22:54:39,712 - scraper_base - INFO - 📦 [14/20] Processando Maxicam
2026-09-25 22:54:39,713 - scraper_base - INFO - 🔍 Petlove: Buscando Maxicam
2026-09-25 22:54:40,418 - scraper_base - INFO - ✅ Petlove: 3 produto(s) encontrado(s) para Maxicam
2026-09-25 22:54:41,763 - scraper_base - INFO - 📦 [15/20] Processando Carproflan
2026-09-25 22:54:41,764 - scraper_base - INFO - 🔍 Petlove: Buscando Carproflan
2026-09-25 22:54:42,407 - scraper_base - INFO - ✅ Petlove: 7 produto(s) encontrado(s) para Carproflan
2026-09-25 22:54:43,616 - scraper_base - INFO - 📦 [16/20] Processando Previcox
2026-09-25 22:54:43,616 - scraper_base - INFO - 🔍 Petlove: Buscando Previcox
2026-09-25 22:54:44,295 - scraper_base - INFO - ✅ Petlove: 4 produto(s) encontrado(s) para Previcox
2026-09-25 22:54:46,183 - scraper_base - INFO - 📦 [17/20] Processando Apoquel
2026-09-25 22:54:46,183 - scraper_base - INFO - 🔍 Petlove: Buscando Apoquel
2026-09-25 22:54:47,547 - scraper_base - INFO - ✅ Petlove: 16 produto(s) encontrado(s) para Apoquel
2026-09-25 22:54:49,051 - scraper_base - INFO - 📦 [18/20] Processando Zenrelia
2026-09-25 22:54:49,052 - scraper_base - INFO - 🔍 Petlove: Buscando Zenrelia
2026-09-25 22:54:49,749 - scraper_base - INFO - ✅ Petlove: 4 produto(s) encontrado(s) para Zenrelia
2026-09-25 22:54:50,836 - scraper_base - INFO - 📦 [19/20] Processando Synulox
2026-09-25 22:54:50,836 - scraper_base - INFO - 🔍 Petlove: Buscando Synulox
2026-09-25 22:54:51,795 - scraper_base - INFO - ✅ Petlove: 1 produto(s) encontrado(s) para Synulox
2026-09-25 22:54:54,263 - scraper_base - INFO - 📦 [20/20] Processando Baytril
2026-09-25 22:54:54,263 - scraper_base - INFO - 🔍 Petlove: Buscando Baytril
2026-09-25 22:54:54,946 - scraper_base - INFO - ✅ Petlove: 6 produto(s) encontrado(s) para Baytril
2026-09-25 22:54:56,741 - scraper_base - INFO - 📊 Petlove - Estatísticas finais:
2026-09-25 22:54:56,741 - scraper_base - INFO -    • Medicamentos processados: 20
2026-09-25 22:54:56,741 - scraper_base - INFO -    • Produtos encontrados: 245
2026-09-25 22:54:56,741 - scraper_base - INFO -    • Medicamentos sem resultado: 0
2026-09-25 22:54:56,741 - scraper_base - INFO -    • Tempo total: 52.0s
2026-09-25 22:54:56,741 - scraper_base - INFO -    • Tempo médio por medicamento: 2.6s
2026-09-25 22:54:56,767 - gerenciador_arquivos - INFO - Excel salvo: dados_coletados/petlove_20260925_225456.xlsx (245 produtos)
2026-09-25 22:54:56,768 - gerenciador_principal - INFO - Petlove: Arquivo individual salvo com sucesso
2026-09-25 22:54:56,768 - gerenciador_principal - INFO - Pausando entre sites...
2026-09-25 22:54:58,768 - gerenciador_principal - INFO - [3/3] Processando Petz
2026-09-25 22:54:58,768 - scraper_base - INFO - 🚀 Iniciando scraping completo - Petz
2026-09-25 22:54:59,159 - scraper_base - INFO - 📋 20 medicamentos para processar
2026-09-25 22:54:59,160 - scraper_base - INFO - 📦 [1/20] Processando Simparic
2026-09-25 22:54:59,160 - scraper_base - INFO - 🔍 Petz: Buscando Simparic
2026-09-25 22:55:00,832 - gerenciador_conexoes - INFO - Chrome inicializado com otimizacoes de velocidade
2026-09-25 22:55:00,928 - scraper_petz - INFO - Petz: Nenhum product-card encontrado para Simparic
2026-09-25 22:55:00,928 - scraper_base - INFO - ⚪ Petz: Nenhum produto encontrado para Simparic
2026-09-25 22:55:02,367 - scraper_base - INFO - 📦 [2/20] Processando Revolution
2026-09-25 22:55:02,367 - scraper_base - INFO - 🔍 Petz: Buscando Revolution
2026-09-25 22:55:02,698 - scraper_petz - INFO - Petz: Nenhum product-card encontrado para Revolution
2026-09-25 22:55:02,698 - scraper_base - INFO - ⚪ Petz: Nenhum produto encontrado para Revolution
2026-09-25 22:55:04,428 - scraper_base - INFO - 📦 [3/20] Processando NexGard
2026-09-25 22:55:04,428 - scraper_base - INFO - 🔍 Petz: Buscando NexGard
2026-09-25 22:55:04,514 - scraper_petz - INFO - Petz: Nenhum product-card encontrado para NexGard
2026-09-25 22:55:04,514 - scraper_base - INFO - ⚪ Petz: Nenhum produto encontrado para NexGard
2026-09-25 22:55:06,545 - scraper_base - INFO - 📦 [4/20] Processando NexGard Spectra
2026-09-25 22:55:06,545 - scraper_base - INFO - 🔍 Petz: Buscando NexGard Spectra
2026-09-25 22:55:06,849 - scraper_petz - INFO - Petz: Nenhum product-card encontrado para NexGard Spectra
2026-09-25 22:55:06,849 - scraper_base - INFO - ⚪ Petz: Nenhum produto encontrado para NexGard Spectra
2026-09-25 22:55:08,080 - scraper_base - INFO - 📦 [5/20] Processando NexGard Combo
2026-09-25 22:55:08,080 - scraper_base - INFO - 🔍 Petz: Buscando NexGard Combo
2026-09-25 22:55:08,183 - scraper_petz - INFO - Petz: Nenhum product-card encontrado para NexGard Combo
2026-09-25 22:55:08,183 - scraper_base - INFO - ⚪ Petz: Nenhum produto encontrado para NexGard Combo
2026-09-25 22:55:09,879 - scraper_base - INFO - 📦 [6/20] Processando Bravecto
2026-09-25 22:55:09,879 - scraper_base - INFO - 🔍 Petz: Buscando Bravecto
2026-09-25 22:55:09,977 - scraper_petz - INFO - Petz: Nenhum product-card encontrado para Bravecto
2026-09-25 22:55:09,978 - scraper_base - INFO - ⚪ Petz: Nenhum produto encontrado para Bravecto
2026-09-25 22:55:12,084 - scraper_base - INFO - 📦 [7/20] Processando Frontline
2026-09-25 22:55:12,084 - scraper_base - INFO - 🔍 Petz: Buscando Frontline
2026-09-25 22:55:12,175 - scraper_petz - INFO - Petz: Nenhum product-card encontrado para Frontline
2026-09-25 22:55:12,175 - scraper_base - INFO - ⚪ Petz: Nenhum produto encontrado para Frontline
2026-09-25 22:55:14,976 - scraper_base - INFO - 📦 [8/20] Processando Advocate
2026-09-25 22:55:14,976 - scraper_base - INFO - 🔍 Petz: Buscando Advocate
2026-09-25 22:55:15,066 - scraper_petz - INFO - Petz: Nenhum product-card encontrado para Advocate
2026-09-25 22:55:15,066 - scraper_base - INFO - ⚪ Petz: Nenhum produto encontrado para Advocate
2026-09-25 22:55:16,912 - scraper_base - INFO - 📦 [9/20] Processando Drontal
2026-09-25 22:55:16,912 - scraper_base - INFO - 🔍 Petz: Buscando Drontal
2026-09-25 22:55:17,069 - scraper_petz - INFO - Petz: Nenhum product-card encontrado para Drontal
2026-09-25 22:55:17,069 - scraper_base - INFO - ⚪ Petz: Nenhum produto encontrado para Drontal
2026-09-25 22:55:18,937 - scraper_base - INFO - 📦 [10/20] Processando Milbemax
2026-09-25 22:55:18,937 - scraper_base - INFO - 🔍 Petz: Buscando Milbemax
2026-09-25 22:55:19,027 - scraper_petz - INFO - Petz: Nenhum product-card encontrado para Milbemax
2026-09-25 22:55:19,027 - scraper_base - INFO - ⚪ Petz: Nenhum produto encontrado para Milbemax
2026-09-25 22:55:21,193 - scraper_base - INFO - 📦 [11/20] Processando Vermivet
2026-09-25 22:55:21,193 - scraper_base - INFO - 🔍 Petz: Buscando Vermivet
2026-09-25 22:55:21,470 - scraper_petz - INFO - Petz: Nenhum product-card encontrado para Vermivet
2026-09-25 22:55:21,470 - scraper_base - INFO - ⚪ Petz: Nenhum produto encontrado para Vermivet
2026-09-25 22:55:22,545 - scraper_base - INFO - 📦 [12/20] Processando Rimadyl
2026-09-25 22:55:22,546 - scraper_base - INFO - 🔍 Petz: Buscando Rimadyl
2026-09-25 22:55:22,632 - scraper_petz - INFO - Petz: Nenhum product-card encontrado para Rimadyl
2026-09-25 22:55:22,632 - scraper_base - INFO - ⚪ Petz: Nenhum produto encontrado para Rimadyl
2026-09-25 22:55:25,304 - scraper_base - INFO - 📦 [13/20] Processando Onsior
2026-09-25 22:55:25,304 - scraper_base - INFO - 🔍 Petz: Buscando Onsior
2026-09-25 22:55:25,380 - scraper_petz - INFO - Petz: Nenhum product-card encontrado para Onsior
2026-09-25 22:55:25,380 - scraper_base - INFO - ⚪ Petz: Nenhum produto encontrado para Onsior
2026-09-25 22:55:26,396 - scraper_base - INFO - 📦 [14/20] Processando Maxicam
2026-09-25 22:55:26,396 - scraper_base - INFO - 🔍 Petz: Buscando Maxicam
2026-09-25 22:55:26,478 - scraper_petz - INFO - Petz: Nenhum product-card encontrado para Maxicam
2026-09-25 22:55:26,478 - scraper_base - INFO - ⚪ Petz: Nenhum produto encontrado para Maxicam
2026-09-25 22:55:29,423 - scraper_base - INFO - 📦 [15/20] Processando Carproflan
2026-09-25 22:55:29,423 - scraper_base - INFO - 🔍 Petz: Buscando Carproflan
2026-09-25 22:55:29,499 - scraper_petz - INFO - Petz: Nenhum product-card encontrado para Carproflan
2026-09-25 22:55:29,500 - scraper_base - INFO - ⚪ Petz: Nenhum produto encontrado para Carproflan
2026-09-25 22:55:31,480 - scraper_base - INFO - 📦 [16/20] Processando Previcox
2026-09-25 22:55:31,480 - scraper_base - INFO - 🔍 Petz: Buscando Previcox
2026-09-25 22:55:31,569 - scraper_petz - INFO - Petz: Nenhum product-card encontrado para Previcox
2026-09-25 22:55:31,569 - scraper_base - INFO - ⚪ Petz: Nenhum produto encontrado para Previcox
2026-09-25 22:55:33,354 - scraper_base - INFO - 📦 [17/20] Processando Apoquel
2026-09-25 22:55:33,354 - scraper_base - INFO - 🔍 Petz: Buscando Apoquel
2026-09-25 22:55:33,449 - scraper_petz - INFO - Petz: Nenhum product-card encontrado para Apoquel
2026-09-25 22:55:33,449 - scraper_base - INFO - ⚪ Petz: Nenhum produto encontrado para Apoquel
2026-09-25 22:55:34,504 - scraper_base - INFO - 📦 [18/20] Processando Zenrelia
2026-09-25 22:55:34,504 - scraper_base - INFO - 🔍 Petz: Buscando Zenrelia
2026-09-25 22:55:34,583 - scraper_petz - INFO - Petz: Nenhum product-card encontrado para Zenrelia
2026-09-25 22:55:34,583 - scraper_base - INFO - ⚪ Petz: Nenhum produto encontrado para Zenrelia
2026-09-25 22:55:35,669 - scraper_base - INFO - 📦 [19/20] Processando Synulox
2026-09-25 22:55:35,669 - scraper_base - INFO - 🔍 Petz: Buscando Synulox
2026-09-25 22:55:35,745 - scraper_petz - INFO - Petz: Nenhum product-card encontrado para Synulox
2026-09-25 22:55:35,746 - scraper_base - INFO - ⚪ Petz: Nenhum produto encontrado para Synulox
2026-09-25 22:55:37,784 - scraper_base - INFO - 📦 [20/20] Processando Baytril
2026-09-25 22:55:37,784 - scraper_base - INFO - 🔍 Petz: Buscando Baytril
2026-09-25 22:55:37,865 - scraper_petz - INFO - Petz: Nenhum product-card encontrado para Baytril
2026-09-25 22:55:37,865 - scraper_base - INFO - ⚪ Petz: Nenhum produto encontrado para Baytril
2026-09-25 22:55:40,644 - scraper_base - INFO - 📊 Petz - Estatísticas finais:
2026-09-25 22:55:40,644 - scraper_base - INFO -    • Medicamentos processados: 20
2026-09-25 22:55:40,644 - scraper_base - INFO -    • Produtos encontrados: 0
2026-09-25 22:55:40,644 - scraper_base - INFO -    • Medicamentos sem resultado: 20
2026-09-25 22:55:40,644 - scraper_base - INFO -    • Tempo total: 41.9s
2026-09-25 22:55:40,644 - scraper_base - INFO -    • Tempo médio por medicamento: 2.1s
2026-09-25 22:55:40,644 - gerenciador_principal - WARNING - Petz: Nenhum produto coletado
2026-09-25 22:55:40,644 - gerenciador_principal - INFO - Gerando relatório consolidado...
2026-09-25 22:55:40,723 - gerenciador_arquivos - INFO - Relatório consolidado salvo: dados_relatorios/relatorio_consolidado_20260925_225540.xlsx
2026-09-25 22:55:40,812 - gerenciador_conexoes - INFO - Chrome fechado
2026-09-25 22:55:40,812 - gerenciador_conexoes - INFO - Métodos utilizados - Requests: 66.7%, Selenium: 33.3%, Falhas: 0.0%
2026-09-25 22:55:40,812 - gerenciador_principal - INFO - ============================================================
2026-09-25 22:55:40,812 - gerenciador_principal - INFO - RELATORIO FINAL DE EXECUÇÃO
2026-09-25 22:55:40,813 - gerenciador_principal - INFO - ============================================================
2026-09-25 22:55:40,813 - gerenciador_principal - INFO - Sites processados: 3
2026-09-25 22:55:40,813 - gerenciador_principal - INFO - Sites com sucesso: 2
2026-09-25 22:55:40,813 - gerenciador_principal - INFO - Total de produtos coletados: 403
2026-09-25 22:55:40,813 - gerenciador_principal - WARNING - Sites com falhas: Petz
2026-09-25 22:55:40,813 - gerenciador_principal - INFO - Tempo total de execução: 198.6 segundos
2026-09-25 22:55:40,813 - gerenciador_principal - INFO - Estatísticas de conexão:
2026-09-25 22:55:40,813 - gerenciador_principal - INFO -   - Requests bem-sucedidos: 66.7%
2026-09-25 22:55:40,813 - gerenciador_principal - INFO -   - Selenium fallback: 33.3%
2026-09-25 22:55:40,813 - gerenciador_principal - INFO -   - Falhas totais: 0.0%
2026-09-25 22:55:40,816 - gerenciador_principal - INFO - Arquivos salvos na pasta: dados_coletados
2026-09-25 22:55:40,816 - gerenciador_principal - INFO - Total de arquivos: 1013
2026-09-25 22:55:40,816 - gerenciador_principal - INFO - ============================================================
