2026-03-05 20:26:07,708 - configurador_logs - INFO - Sistema de logs configurado com sucesso
2026-03-05 20:26:07,708 - configurador_logs - INFO - 🚀 Logs configurados para MODO PRODUÇÃO
2026-03-05 20:26:07,708 - gerenciador_principal - INFO - Inicializando sistema - Modo: PRODUCAO
2026-03-05 20:26:07,708 - gerenciador_arquivos - INFO - Pasta dados_coletados preparada
2026-03-05 20:26:07,708 - gerenciador_principal - INFO - Sistema inicializado com 3 scrapers
2026-03-05 20:26:07,708 - gerenciador_principal - INFO - ============================================================
2026-03-05 20:26:07,708 - gerenciador_principal - INFO - INICIANDO SCRAPING COMPLETO - PRODUCAO
2026-03-05 20:26:07,708 - gerenciador_principal - INFO - ============================================================
2026-03-05 20:26:07,709 - gerenciador_principal - INFO - [1/3] Processando Cobasi
2026-03-05 20:26:07,709 - scraper_base - INFO - 🚀 Iniciando scraping completo - Cobasi
2026-03-05 20:26:08,422 - gerenciador_conexoes - INFO - Sessao estabelecida com cobasi.com.br
2026-03-05 20:26:08,422 - scraper_base - INFO - 📋 20 medicamentos para processar
2026-03-05 20:26:08,422 - scraper_base - INFO - 📦 [1/20] Processando Simparic
2026-03-05 20:26:08,422 - scraper_base - INFO - 🔍 Cobasi: Buscando Simparic
2026-03-05 20:26:11,899 - scraper_cobasi - INFO - Cobasi: Dados extraídos via JSON para Simparic
2026-03-05 20:26:11,899 - scraper_base - INFO - ✅ Cobasi: 12 produto(s) encontrado(s) para Simparic
2026-03-05 20:26:13,017 - scraper_base - INFO - 📦 [2/20] Processando Revolution
2026-03-05 20:26:13,017 - scraper_base - INFO - 🔍 Cobasi: Buscando Revolution
2026-03-05 20:26:16,573 - scraper_cobasi - INFO - Cobasi: Dados extraídos via JSON para Revolution
2026-03-05 20:26:16,573 - scraper_base - INFO - ✅ Cobasi: 18 produto(s) encontrado(s) para Revolution
2026-03-05 20:26:17,785 - scraper_base - INFO - 📦 [3/20] Processando NexGard
2026-03-05 20:26:17,785 - scraper_base - INFO - 🔍 Cobasi: Buscando NexGard
2026-03-05 20:26:21,385 - scraper_cobasi - INFO - Cobasi: Dados extraídos via JSON para NexGard
2026-03-05 20:26:21,386 - scraper_base - INFO - ✅ Cobasi: 22 produto(s) encontrado(s) para NexGard
2026-03-05 20:26:23,627 - scraper_base - INFO - 📦 [4/20] Processando NexGard Spectra
2026-03-05 20:26:23,627 - scraper_base - INFO - 🔍 Cobasi: Buscando NexGard Spectra
2026-03-05 20:26:26,717 - scraper_cobasi - INFO - Cobasi: Dados extraídos via JSON para NexGard Spectra
2026-03-05 20:26:26,717 - scraper_base - INFO - ✅ Cobasi: 10 produto(s) encontrado(s) para NexGard Spectra
2026-03-05 20:26:29,685 - scraper_base - INFO - 📦 [5/20] Processando NexGard Combo
2026-03-05 20:26:29,685 - scraper_base - INFO - 🔍 Cobasi: Buscando NexGard Combo
2026-03-05 20:26:32,238 - scraper_cobasi - INFO - Cobasi: Dados extraídos via JSON para NexGard Combo
2026-03-05 20:26:32,238 - scraper_base - INFO - ✅ Cobasi: 4 produto(s) encontrado(s) para NexGard Combo
2026-03-05 20:26:34,084 - scraper_base - INFO - 📦 [6/20] Processando Bravecto
2026-03-05 20:26:34,084 - scraper_base - INFO - 🔍 Cobasi: Buscando Bravecto
2026-03-05 20:26:34,574 - scraper_cobasi - INFO - Cobasi: Dados extraídos via JSON para Bravecto
2026-03-05 20:26:34,574 - scraper_base - INFO - ✅ Cobasi: 16 produto(s) encontrado(s) para Bravecto
2026-03-05 20:26:35,936 - scraper_base - INFO - 📦 [7/20] Processando Frontline
2026-03-05 20:26:35,936 - scraper_base - INFO - 🔍 Cobasi: Buscando Frontline
2026-03-05 20:26:39,326 - scraper_cobasi - INFO - Cobasi: Dados extraídos via JSON para Frontline
2026-03-05 20:26:39,327 - scraper_base - INFO - ✅ Cobasi: 11 produto(s) encontrado(s) para Frontline
2026-03-05 20:26:41,602 - scraper_base - INFO - 📦 [8/20] Processando Advocate
2026-03-05 20:26:41,602 - scraper_base - INFO - 🔍 Cobasi: Buscando Advocate
2026-03-05 20:26:44,906 - scraper_cobasi - INFO - Cobasi: Dados extraídos via JSON para Advocate
2026-03-05 20:26:44,906 - scraper_base - INFO - ✅ Cobasi: 12 produto(s) encontrado(s) para Advocate
2026-03-05 20:26:46,416 - scraper_base - INFO - 📦 [9/20] Processando Drontal
2026-03-05 20:26:46,417 - scraper_base - INFO - 🔍 Cobasi: Buscando Drontal
2026-03-05 20:26:49,974 - scraper_cobasi - INFO - Cobasi: Dados extraídos via JSON para Drontal
2026-03-05 20:26:49,974 - scraper_base - INFO - ✅ Cobasi: 8 produto(s) encontrado(s) para Drontal
2026-03-05 20:26:51,075 - scraper_base - INFO - 📦 [10/20] Processando Milbemax
2026-03-05 20:26:51,075 - scraper_base - INFO - 🔍 Cobasi: Buscando Milbemax
2026-03-05 20:26:54,170 - scraper_cobasi - INFO - Cobasi: Dados extraídos via JSON para Milbemax
2026-03-05 20:26:54,170 - scraper_base - INFO - ✅ Cobasi: 4 produto(s) encontrado(s) para Milbemax
2026-03-05 20:26:56,340 - scraper_base - INFO - 📦 [11/20] Processando Vermivet
2026-03-05 20:26:56,340 - scraper_base - INFO - 🔍 Cobasi: Buscando Vermivet
2026-03-05 20:27:00,025 - scraper_cobasi - INFO - Cobasi: Dados extraídos via JSON para Vermivet
2026-03-05 20:27:00,026 - scraper_base - INFO - ✅ Cobasi: 5 produto(s) encontrado(s) para Vermivet
2026-03-05 20:27:02,911 - scraper_base - INFO - 📦 [12/20] Processando Rimadyl
2026-03-05 20:27:02,912 - scraper_base - INFO - 🔍 Cobasi: Buscando Rimadyl
2026-03-05 20:27:05,356 - scraper_cobasi - INFO - Cobasi: Dados extraídos via JSON para Rimadyl
2026-03-05 20:27:05,356 - scraper_base - INFO - ✅ Cobasi: 3 produto(s) encontrado(s) para Rimadyl
2026-03-05 20:27:06,398 - scraper_base - INFO - 📦 [13/20] Processando Onsior
2026-03-05 20:27:06,399 - scraper_base - INFO - 🔍 Cobasi: Buscando Onsior
2026-03-05 20:27:09,972 - scraper_cobasi - INFO - Cobasi: Dados extraídos via JSON para Onsior
2026-03-05 20:27:09,972 - scraper_base - INFO - ✅ Cobasi: 4 produto(s) encontrado(s) para Onsior
2026-03-05 20:27:12,535 - scraper_base - INFO - 📦 [14/20] Processando Maxicam
2026-03-05 20:27:12,535 - scraper_base - INFO - 🔍 Cobasi: Buscando Maxicam
2026-03-05 20:27:15,662 - scraper_cobasi - INFO - Cobasi: Dados extraídos via JSON para Maxicam
2026-03-05 20:27:15,662 - scraper_base - INFO - ✅ Cobasi: 3 produto(s) encontrado(s) para Maxicam
2026-03-05 20:27:18,284 - scraper_base - INFO - 📦 [15/20] Processando Carproflan
2026-03-05 20:27:18,284 - scraper_base - INFO - 🔍 Cobasi: Buscando Carproflan
2026-03-05 20:27:18,731 - scraper_cobasi - INFO - Cobasi: Dados extraídos via JSON para Carproflan
2026-03-05 20:27:18,731 - scraper_base - INFO - ✅ Cobasi: 3 produto(s) encontrado(s) para Carproflan
2026-03-05 20:27:19,983 - scraper_base - INFO - 📦 [16/20] Processando Previcox
2026-03-05 20:27:19,983 - scraper_base - INFO - 🔍 Cobasi: Buscando Previcox
2026-03-05 20:27:22,791 - scraper_cobasi - INFO - Cobasi: Dados extraídos via JSON para Previcox
2026-03-05 20:27:22,791 - scraper_base - INFO - ✅ Cobasi: 2 produto(s) encontrado(s) para Previcox
2026-03-05 20:27:25,350 - scraper_base - INFO - 📦 [17/20] Processando Apoquel
2026-03-05 20:27:25,350 - scraper_base - INFO - 🔍 Cobasi: Buscando Apoquel
2026-03-05 20:27:28,029 - scraper_cobasi - INFO - Cobasi: Dados extraídos via JSON para Apoquel
2026-03-05 20:27:28,029 - scraper_base - INFO - ✅ Cobasi: 3 produto(s) encontrado(s) para Apoquel
2026-03-05 20:27:30,812 - scraper_base - INFO - 📦 [18/20] Processando Zenrelia
2026-03-05 20:27:30,812 - scraper_base - INFO - 🔍 Cobasi: Buscando Zenrelia
2026-03-05 20:27:33,953 - scraper_cobasi - INFO - Cobasi: Dados extraídos via JSON para Zenrelia
2026-03-05 20:27:33,953 - scraper_base - INFO - ✅ Cobasi: 4 produto(s) encontrado(s) para Zenrelia
2026-03-05 20:27:35,620 - scraper_base - INFO - 📦 [19/20] Processando Synulox
2026-03-05 20:27:35,621 - scraper_base - INFO - 🔍 Cobasi: Buscando Synulox
2026-03-05 20:27:38,630 - scraper_cobasi - INFO - Cobasi: Dados extraídos via JSON para Synulox
2026-03-05 20:27:38,631 - scraper_base - INFO - ✅ Cobasi: 2 produto(s) encontrado(s) para Synulox
2026-03-05 20:27:39,986 - scraper_base - INFO - 📦 [20/20] Processando Baytril
2026-03-05 20:27:39,986 - scraper_base - INFO - 🔍 Cobasi: Buscando Baytril
2026-03-05 20:27:42,879 - scraper_cobasi - INFO - Cobasi: Dados extraídos via JSON para Baytril
2026-03-05 20:27:42,879 - scraper_base - INFO - ✅ Cobasi: 3 produto(s) encontrado(s) para Baytril
2026-03-05 20:27:45,035 - scraper_base - INFO - 📊 Cobasi - Estatísticas finais:
2026-03-05 20:27:45,035 - scraper_base - INFO -    • Medicamentos processados: 20
2026-03-05 20:27:45,035 - scraper_base - INFO -    • Produtos encontrados: 149
2026-03-05 20:27:45,035 - scraper_base - INFO -    • Medicamentos sem resultado: 0
2026-03-05 20:27:45,035 - scraper_base - INFO -    • Tempo total: 97.3s
2026-03-05 20:27:45,035 - scraper_base - INFO -    • Tempo médio por medicamento: 4.9s
2026-03-05 20:27:45,260 - gerenciador_arquivos - INFO - Excel salvo: dados_coletados/cobasi_20260305_202745.xlsx (149 produtos)
2026-03-05 20:27:45,260 - gerenciador_principal - INFO - Cobasi: Arquivo individual salvo com sucesso
2026-03-05 20:27:45,260 - gerenciador_principal - INFO - Pausando entre sites...
2026-03-05 20:27:47,260 - gerenciador_principal - INFO - [2/3] Processando Petlove
2026-03-05 20:27:47,261 - scraper_base - INFO - 🚀 Iniciando scraping completo - Petlove
2026-03-05 20:27:47,688 - scraper_base - INFO - 📋 20 medicamentos para processar
2026-03-05 20:27:47,688 - scraper_base - INFO - 📦 [1/20] Processando Simparic
2026-03-05 20:27:47,688 - scraper_base - INFO - 🔍 Petlove: Buscando Simparic
2026-03-05 20:28:01,850 - gerenciador_conexoes - INFO - Chrome inicializado com otimizacoes de velocidade
2026-03-05 20:28:06,604 - scraper_base - INFO - ✅ Petlove: 26 produto(s) encontrado(s) para Simparic
2026-03-05 20:28:08,178 - scraper_base - INFO - 📦 [2/20] Processando Revolution
2026-03-05 20:28:08,178 - scraper_base - INFO - 🔍 Petlove: Buscando Revolution
2026-03-05 20:28:10,283 - scraper_base - INFO - ✅ Petlove: 20 produto(s) encontrado(s) para Revolution
2026-03-05 20:28:12,277 - scraper_base - INFO - 📦 [3/20] Processando NexGard
2026-03-05 20:28:12,278 - scraper_base - INFO - 🔍 Petlove: Buscando NexGard
2026-03-05 20:28:13,783 - scraper_base - INFO - ✅ Petlove: 11 produto(s) encontrado(s) para NexGard
2026-03-05 20:28:15,349 - scraper_base - INFO - 📦 [4/20] Processando NexGard Spectra
2026-03-05 20:28:15,349 - scraper_base - INFO - 🔍 Petlove: Buscando NexGard Spectra
2026-03-05 20:28:16,756 - scraper_base - INFO - ✅ Petlove: 5 produto(s) encontrado(s) para NexGard Spectra
2026-03-05 20:28:19,573 - scraper_base - INFO - 📦 [5/20] Processando NexGard Combo
2026-03-05 20:28:19,573 - scraper_base - INFO - 🔍 Petlove: Buscando NexGard Combo
2026-03-05 20:28:21,052 - scraper_base - INFO - ✅ Petlove: 2 produto(s) encontrado(s) para NexGard Combo
2026-03-05 20:28:23,863 - scraper_base - INFO - 📦 [6/20] Processando Bravecto
2026-03-05 20:28:23,863 - scraper_base - INFO - 🔍 Petlove: Buscando Bravecto
2026-03-05 20:28:26,238 - scraper_base - INFO - ✅ Petlove: 23 produto(s) encontrado(s) para Bravecto
2026-03-05 20:28:28,405 - scraper_base - INFO - 📦 [7/20] Processando Frontline
2026-03-05 20:28:28,406 - scraper_base - INFO - 🔍 Petlove: Buscando Frontline
2026-03-05 20:28:30,118 - scraper_base - INFO - ✅ Petlove: 11 produto(s) encontrado(s) para Frontline
2026-03-05 20:28:33,022 - scraper_base - INFO - 📦 [8/20] Processando Advocate
2026-03-05 20:28:33,022 - scraper_base - INFO - 🔍 Petlove: Buscando Advocate
2026-03-05 20:28:34,776 - scraper_base - INFO - ✅ Petlove: 9 produto(s) encontrado(s) para Advocate
2026-03-05 20:28:36,880 - scraper_base - INFO - 📦 [9/20] Processando Drontal
2026-03-05 20:28:36,881 - scraper_base - INFO - 🔍 Petlove: Buscando Drontal
2026-03-05 20:28:38,832 - scraper_base - INFO - ✅ Petlove: 36 produto(s) encontrado(s) para Drontal
2026-03-05 20:28:41,201 - scraper_base - INFO - 📦 [10/20] Processando Milbemax
2026-03-05 20:28:41,201 - scraper_base - INFO - 🔍 Petlove: Buscando Milbemax
2026-03-05 20:28:43,003 - scraper_base - INFO - ✅ Petlove: 14 produto(s) encontrado(s) para Milbemax
2026-03-05 20:28:45,145 - scraper_base - INFO - 📦 [11/20] Processando Vermivet
2026-03-05 20:28:45,145 - scraper_base - INFO - 🔍 Petlove: Buscando Vermivet
2026-03-05 20:28:47,266 - scraper_base - INFO - ✅ Petlove: 36 produto(s) encontrado(s) para Vermivet
2026-03-05 20:28:48,359 - scraper_base - INFO - 📦 [12/20] Processando Rimadyl
2026-03-05 20:28:48,359 - scraper_base - INFO - 🔍 Petlove: Buscando Rimadyl
2026-03-05 20:28:50,087 - scraper_base - INFO - ✅ Petlove: 1 produto(s) encontrado(s) para Rimadyl
2026-03-05 20:28:51,493 - scraper_base - INFO - 📦 [13/20] Processando Onsior
2026-03-05 20:28:51,494 - scraper_base - INFO - 🔍 Petlove: Buscando Onsior
2026-03-05 20:28:53,570 - scraper_base - INFO - ✅ Petlove: 4 produto(s) encontrado(s) para Onsior
2026-03-05 20:28:56,098 - scraper_base - INFO - 📦 [14/20] Processando Maxicam
2026-03-05 20:28:56,098 - scraper_base - INFO - 🔍 Petlove: Buscando Maxicam
2026-03-05 20:28:57,653 - scraper_base - INFO - ✅ Petlove: 3 produto(s) encontrado(s) para Maxicam
2026-03-05 20:28:59,679 - scraper_base - INFO - 📦 [15/20] Processando Carproflan
2026-03-05 20:28:59,679 - scraper_base - INFO - 🔍 Petlove: Buscando Carproflan
2026-03-05 20:29:01,386 - scraper_base - INFO - ✅ Petlove: 8 produto(s) encontrado(s) para Carproflan
2026-03-05 20:29:02,587 - scraper_base - INFO - 📦 [16/20] Processando Previcox
2026-03-05 20:29:02,587 - scraper_base - INFO - 🔍 Petlove: Buscando Previcox
2026-03-05 20:29:04,353 - scraper_base - INFO - ✅ Petlove: 4 produto(s) encontrado(s) para Previcox
2026-03-05 20:29:05,604 - scraper_base - INFO - 📦 [17/20] Processando Apoquel
2026-03-05 20:29:05,604 - scraper_base - INFO - 🔍 Petlove: Buscando Apoquel
2026-03-05 20:29:07,339 - scraper_base - INFO - ✅ Petlove: 16 produto(s) encontrado(s) para Apoquel
2026-03-05 20:29:09,402 - scraper_base - INFO - 📦 [18/20] Processando Zenrelia
2026-03-05 20:29:09,403 - scraper_base - INFO - 🔍 Petlove: Buscando Zenrelia
2026-03-05 20:29:10,793 - scraper_base - INFO - ✅ Petlove: 4 produto(s) encontrado(s) para Zenrelia
2026-03-05 20:29:13,359 - scraper_base - INFO - 📦 [19/20] Processando Synulox
2026-03-05 20:29:13,359 - scraper_base - INFO - 🔍 Petlove: Buscando Synulox
2026-03-05 20:29:14,639 - scraper_base - INFO - ✅ Petlove: 1 produto(s) encontrado(s) para Synulox
2026-03-05 20:29:16,020 - scraper_base - INFO - 📦 [20/20] Processando Baytril
2026-03-05 20:29:16,020 - scraper_base - INFO - 🔍 Petlove: Buscando Baytril
2026-03-05 20:29:18,105 - scraper_base - INFO - ✅ Petlove: 4 produto(s) encontrado(s) para Baytril
2026-03-05 20:29:19,120 - scraper_base - INFO - 📊 Petlove - Estatísticas finais:
2026-03-05 20:29:19,120 - scraper_base - INFO -    • Medicamentos processados: 20
2026-03-05 20:29:19,120 - scraper_base - INFO -    • Produtos encontrados: 238
2026-03-05 20:29:19,120 - scraper_base - INFO -    • Medicamentos sem resultado: 0
2026-03-05 20:29:19,120 - scraper_base - INFO -    • Tempo total: 91.9s
2026-03-05 20:29:19,120 - scraper_base - INFO -    • Tempo médio por medicamento: 4.6s
2026-03-05 20:29:19,202 - gerenciador_arquivos - INFO - Excel salvo: dados_coletados/petlove_20260305_202919.xlsx (238 produtos)
2026-03-05 20:29:19,202 - gerenciador_principal - INFO - Petlove: Arquivo individual salvo com sucesso
2026-03-05 20:29:19,202 - gerenciador_principal - INFO - Pausando entre sites...
2026-03-05 20:29:21,202 - gerenciador_principal - INFO - [3/3] Processando Petz
2026-03-05 20:29:21,202 - scraper_base - INFO - 🚀 Iniciando scraping completo - Petz
2026-03-05 20:29:21,555 - scraper_base - INFO - 📋 20 medicamentos para processar
2026-03-05 20:29:21,556 - scraper_base - INFO - 📦 [1/20] Processando Simparic
2026-03-05 20:29:21,556 - scraper_base - INFO - 🔍 Petz: Buscando Simparic
2026-03-05 20:29:26,115 - scraper_base - INFO - ✅ Petz: 12 produto(s) encontrado(s) para Simparic
2026-03-05 20:29:28,735 - scraper_base - INFO - 📦 [2/20] Processando Revolution
2026-03-05 20:29:28,735 - scraper_base - INFO - 🔍 Petz: Buscando Revolution
2026-03-05 20:29:31,583 - scraper_base - INFO - ✅ Petz: 21 produto(s) encontrado(s) para Revolution
2026-03-05 20:29:32,852 - scraper_base - INFO - 📦 [3/20] Processando NexGard
2026-03-05 20:29:32,852 - scraper_base - INFO - 🔍 Petz: Buscando NexGard
2026-03-05 20:29:35,531 - scraper_base - INFO - ✅ Petz: 22 produto(s) encontrado(s) para NexGard
2026-03-05 20:29:38,142 - scraper_base - INFO - 📦 [4/20] Processando NexGard Spectra
2026-03-05 20:29:38,143 - scraper_base - INFO - 🔍 Petz: Buscando NexGard Spectra
2026-03-05 20:29:40,082 - scraper_base - INFO - ✅ Petz: 10 produto(s) encontrado(s) para NexGard Spectra
2026-03-05 20:29:42,538 - scraper_base - INFO - 📦 [5/20] Processando NexGard Combo
2026-03-05 20:29:42,538 - scraper_base - INFO - 🔍 Petz: Buscando NexGard Combo
2026-03-05 20:29:44,399 - scraper_base - INFO - ✅ Petz: 4 produto(s) encontrado(s) para NexGard Combo
2026-03-05 20:29:46,484 - scraper_base - INFO - 📦 [6/20] Processando Bravecto
2026-03-05 20:29:46,484 - scraper_base - INFO - 🔍 Petz: Buscando Bravecto
2026-03-05 20:29:48,599 - scraper_base - INFO - ✅ Petz: 16 produto(s) encontrado(s) para Bravecto
2026-03-05 20:29:50,096 - scraper_base - INFO - 📦 [7/20] Processando Frontline
2026-03-05 20:29:50,096 - scraper_base - INFO - 🔍 Petz: Buscando Frontline
2026-03-05 20:29:52,239 - scraper_base - INFO - ✅ Petz: 11 produto(s) encontrado(s) para Frontline
2026-03-05 20:29:54,440 - scraper_base - INFO - 📦 [8/20] Processando Advocate
2026-03-05 20:29:54,440 - scraper_base - INFO - 🔍 Petz: Buscando Advocate
2026-03-05 20:29:56,163 - scraper_base - INFO - ✅ Petz: 12 produto(s) encontrado(s) para Advocate
2026-03-05 20:29:57,469 - scraper_base - INFO - 📦 [9/20] Processando Drontal
2026-03-05 20:29:57,469 - scraper_base - INFO - 🔍 Petz: Buscando Drontal
2026-03-05 20:30:00,260 - scraper_base - INFO - ✅ Petz: 33 produto(s) encontrado(s) para Drontal
2026-03-05 20:30:01,906 - scraper_base - INFO - 📦 [10/20] Processando Milbemax
2026-03-05 20:30:01,906 - scraper_base - INFO - 🔍 Petz: Buscando Milbemax
2026-03-05 20:30:04,476 - scraper_base - INFO - ✅ Petz: 4 produto(s) encontrado(s) para Milbemax
2026-03-05 20:30:06,494 - scraper_base - INFO - 📦 [11/20] Processando Vermivet
2026-03-05 20:30:06,494 - scraper_base - INFO - 🔍 Petz: Buscando Vermivet
2026-03-05 20:30:08,140 - scraper_base - INFO - ✅ Petz: 5 produto(s) encontrado(s) para Vermivet
2026-03-05 20:30:09,377 - scraper_base - INFO - 📦 [12/20] Processando Rimadyl
2026-03-05 20:30:09,378 - scraper_base - INFO - 🔍 Petz: Buscando Rimadyl
2026-03-05 20:30:11,107 - scraper_base - INFO - ✅ Petz: 3 produto(s) encontrado(s) para Rimadyl
2026-03-05 20:30:13,874 - scraper_base - INFO - 📦 [13/20] Processando Onsior
2026-03-05 20:30:13,874 - scraper_base - INFO - 🔍 Petz: Buscando Onsior
2026-03-05 20:30:15,661 - scraper_base - INFO - ✅ Petz: 4 produto(s) encontrado(s) para Onsior
2026-03-05 20:30:18,093 - scraper_base - INFO - 📦 [14/20] Processando Maxicam
2026-03-05 20:30:18,093 - scraper_base - INFO - 🔍 Petz: Buscando Maxicam
2026-03-05 20:30:20,932 - scraper_base - INFO - ✅ Petz: 31 produto(s) encontrado(s) para Maxicam
2026-03-05 20:30:22,323 - scraper_base - INFO - 📦 [15/20] Processando Carproflan
2026-03-05 20:30:22,323 - scraper_base - INFO - 🔍 Petz: Buscando Carproflan
2026-03-05 20:30:24,114 - scraper_base - INFO - ✅ Petz: 3 produto(s) encontrado(s) para Carproflan
2026-03-05 20:30:26,235 - scraper_base - INFO - 📦 [16/20] Processando Previcox
2026-03-05 20:30:26,235 - scraper_base - INFO - 🔍 Petz: Buscando Previcox
2026-03-05 20:30:27,924 - scraper_base - INFO - ✅ Petz: 2 produto(s) encontrado(s) para Previcox
2026-03-05 20:30:30,733 - scraper_base - INFO - 📦 [17/20] Processando Apoquel
2026-03-05 20:30:30,733 - scraper_base - INFO - 🔍 Petz: Buscando Apoquel
2026-03-05 20:30:32,869 - scraper_base - INFO - ✅ Petz: 3 produto(s) encontrado(s) para Apoquel
2026-03-05 20:30:35,253 - scraper_base - INFO - 📦 [18/20] Processando Zenrelia
2026-03-05 20:30:35,253 - scraper_base - INFO - 🔍 Petz: Buscando Zenrelia
2026-03-05 20:30:36,851 - scraper_base - INFO - ✅ Petz: 4 produto(s) encontrado(s) para Zenrelia
2026-03-05 20:30:39,159 - scraper_base - INFO - 📦 [19/20] Processando Synulox
2026-03-05 20:30:39,159 - scraper_base - INFO - 🔍 Petz: Buscando Synulox
2026-03-05 20:30:40,780 - scraper_base - INFO - ✅ Petz: 2 produto(s) encontrado(s) para Synulox
2026-03-05 20:30:43,478 - scraper_base - INFO - 📦 [20/20] Processando Baytril
2026-03-05 20:30:43,478 - scraper_base - INFO - 🔍 Petz: Buscando Baytril
2026-03-05 20:30:45,578 - scraper_base - INFO - ✅ Petz: 9 produto(s) encontrado(s) para Baytril
2026-03-05 20:30:47,882 - scraper_base - INFO - 📊 Petz - Estatísticas finais:
2026-03-05 20:30:47,882 - scraper_base - INFO -    • Medicamentos processados: 20
2026-03-05 20:30:47,883 - scraper_base - INFO -    • Produtos encontrados: 211
2026-03-05 20:30:47,883 - scraper_base - INFO -    • Medicamentos sem resultado: 0
2026-03-05 20:30:47,883 - scraper_base - INFO -    • Tempo total: 86.7s
2026-03-05 20:30:47,883 - scraper_base - INFO -    • Tempo médio por medicamento: 4.3s
2026-03-05 20:30:47,928 - gerenciador_arquivos - INFO - Excel salvo: dados_coletados/petz_20260305_203047.xlsx (211 produtos)
2026-03-05 20:30:47,928 - gerenciador_principal - INFO - Petz: Arquivo individual salvo com sucesso
2026-03-05 20:30:47,928 - gerenciador_principal - INFO - Gerando relatório consolidado...
2026-03-05 20:30:48,206 - gerenciador_arquivos - INFO - Relatório consolidado salvo: dados_relatorios/relatorio_consolidado_20260305_203047.xlsx
2026-03-05 20:30:48,353 - gerenciador_conexoes - INFO - Chrome fechado
2026-03-05 20:30:48,354 - gerenciador_conexoes - INFO - Métodos utilizados - Requests: 33.3%, Selenium: 66.7%, Falhas: 0.0%
2026-03-05 20:30:48,354 - gerenciador_principal - INFO - ============================================================
2026-03-05 20:30:48,354 - gerenciador_principal - INFO - RELATORIO FINAL DE EXECUÇÃO
2026-03-05 20:30:48,354 - gerenciador_principal - INFO - ============================================================
2026-03-05 20:30:48,354 - gerenciador_principal - INFO - Sites processados: 3
2026-03-05 20:30:48,354 - gerenciador_principal - INFO - Sites com sucesso: 3
2026-03-05 20:30:48,354 - gerenciador_principal - INFO - Total de produtos coletados: 598
2026-03-05 20:30:48,354 - gerenciador_principal - INFO - Tempo total de execução: 280.2 segundos
2026-03-05 20:30:48,354 - gerenciador_principal - INFO - Estatísticas de conexão:
2026-03-05 20:30:48,354 - gerenciador_principal - INFO -   - Requests bem-sucedidos: 33.3%
2026-03-05 20:30:48,354 - gerenciador_principal - INFO -   - Selenium fallback: 66.7%
2026-03-05 20:30:48,354 - gerenciador_principal - INFO -   - Falhas totais: 0.0%
2026-03-05 20:30:48,357 - gerenciador_principal - INFO - Arquivos salvos na pasta: dados_coletados
2026-03-05 20:30:48,357 - gerenciador_principal - INFO - Total de arquivos: 461
2026-03-05 20:30:48,357 - gerenciador_principal - INFO - ============================================================
