2026-03-17 20:26:33,764 - configurador_logs - INFO - Sistema de logs configurado com sucesso
2026-03-17 20:26:33,764 - configurador_logs - INFO - 🚀 Logs configurados para MODO PRODUÇÃO
2026-03-17 20:26:33,764 - gerenciador_principal - INFO - Inicializando sistema - Modo: PRODUCAO
2026-03-17 20:26:33,765 - gerenciador_arquivos - INFO - Pasta dados_coletados preparada
2026-03-17 20:26:33,765 - gerenciador_principal - INFO - Sistema inicializado com 3 scrapers
2026-03-17 20:26:33,765 - gerenciador_principal - INFO - ============================================================
2026-03-17 20:26:33,765 - gerenciador_principal - INFO - INICIANDO SCRAPING COMPLETO - PRODUCAO
2026-03-17 20:26:33,765 - gerenciador_principal - INFO - ============================================================
2026-03-17 20:26:33,765 - gerenciador_principal - INFO - [1/3] Processando Cobasi
2026-03-17 20:26:33,765 - scraper_base - INFO - 🚀 Iniciando scraping completo - Cobasi
2026-03-17 20:26:43,782 - scraper_base - INFO - 📋 20 medicamentos para processar
2026-03-17 20:26:43,782 - scraper_base - INFO - 📦 [1/20] Processando Simparic
2026-03-17 20:26:43,782 - scraper_base - INFO - 🔍 Cobasi: Buscando Simparic
2026-03-17 20:27:02,996 - scraper_cobasi - INFO - Cobasi: Dados extraídos via JSON para Simparic
2026-03-17 20:27:02,996 - scraper_base - INFO - ✅ Cobasi: 12 produto(s) encontrado(s) para Simparic
2026-03-17 20:27:04,117 - scraper_base - INFO - 📦 [2/20] Processando Revolution
2026-03-17 20:27:04,117 - scraper_base - INFO - 🔍 Cobasi: Buscando Revolution
2026-03-17 20:27:07,578 - scraper_cobasi - INFO - Cobasi: Dados extraídos via JSON para Revolution
2026-03-17 20:27:07,578 - scraper_base - INFO - ✅ Cobasi: 18 produto(s) encontrado(s) para Revolution
2026-03-17 20:27:09,416 - scraper_base - INFO - 📦 [3/20] Processando NexGard
2026-03-17 20:27:09,416 - scraper_base - INFO - 🔍 Cobasi: Buscando NexGard
2026-03-17 20:27:13,174 - scraper_cobasi - INFO - Cobasi: Dados extraídos via JSON para NexGard
2026-03-17 20:27:13,174 - scraper_base - INFO - ✅ Cobasi: 22 produto(s) encontrado(s) para NexGard
2026-03-17 20:27:15,868 - scraper_base - INFO - 📦 [4/20] Processando NexGard Spectra
2026-03-17 20:27:15,868 - scraper_base - INFO - 🔍 Cobasi: Buscando NexGard Spectra
2026-03-17 20:27:23,032 - scraper_cobasi - INFO - Cobasi: Dados extraídos via JSON para NexGard Spectra
2026-03-17 20:27:23,032 - scraper_base - INFO - ✅ Cobasi: 10 produto(s) encontrado(s) para NexGard Spectra
2026-03-17 20:27:24,086 - scraper_base - INFO - 📦 [5/20] Processando NexGard Combo
2026-03-17 20:27:24,086 - scraper_base - INFO - 🔍 Cobasi: Buscando NexGard Combo
2026-03-17 20:27:27,174 - scraper_cobasi - INFO - Cobasi: Dados extraídos via JSON para NexGard Combo
2026-03-17 20:27:27,174 - scraper_base - INFO - ✅ Cobasi: 4 produto(s) encontrado(s) para NexGard Combo
2026-03-17 20:27:28,234 - scraper_base - INFO - 📦 [6/20] Processando Bravecto
2026-03-17 20:27:28,234 - scraper_base - INFO - 🔍 Cobasi: Buscando Bravecto
2026-03-17 20:27:31,753 - scraper_cobasi - INFO - Cobasi: Dados extraídos via JSON para Bravecto
2026-03-17 20:27:31,753 - scraper_base - INFO - ✅ Cobasi: 16 produto(s) encontrado(s) para Bravecto
2026-03-17 20:27:33,249 - scraper_base - INFO - 📦 [7/20] Processando Frontline
2026-03-17 20:27:33,249 - scraper_base - INFO - 🔍 Cobasi: Buscando Frontline
2026-03-17 20:27:36,444 - scraper_cobasi - INFO - Cobasi: Dados extraídos via JSON para Frontline
2026-03-17 20:27:36,444 - scraper_base - INFO - ✅ Cobasi: 11 produto(s) encontrado(s) para Frontline
2026-03-17 20:27:38,140 - scraper_base - INFO - 📦 [8/20] Processando Advocate
2026-03-17 20:27:38,141 - scraper_base - INFO - 🔍 Cobasi: Buscando Advocate
2026-03-17 20:27:41,686 - scraper_cobasi - INFO - Cobasi: Dados extraídos via JSON para Advocate
2026-03-17 20:27:41,687 - scraper_base - INFO - ✅ Cobasi: 12 produto(s) encontrado(s) para Advocate
2026-03-17 20:27:43,182 - scraper_base - INFO - 📦 [9/20] Processando Drontal
2026-03-17 20:27:43,183 - scraper_base - INFO - 🔍 Cobasi: Buscando Drontal
2026-03-17 20:27:46,480 - scraper_cobasi - INFO - Cobasi: Dados extraídos via JSON para Drontal
2026-03-17 20:27:46,480 - scraper_base - INFO - ✅ Cobasi: 8 produto(s) encontrado(s) para Drontal
2026-03-17 20:27:48,983 - scraper_base - INFO - 📦 [10/20] Processando Milbemax
2026-03-17 20:27:48,983 - scraper_base - INFO - 🔍 Cobasi: Buscando Milbemax
2026-03-17 20:27:51,958 - scraper_cobasi - INFO - Cobasi: Dados extraídos via JSON para Milbemax
2026-03-17 20:27:51,958 - scraper_base - INFO - ✅ Cobasi: 4 produto(s) encontrado(s) para Milbemax
2026-03-17 20:27:54,108 - scraper_base - INFO - 📦 [11/20] Processando Vermivet
2026-03-17 20:27:54,108 - scraper_base - INFO - 🔍 Cobasi: Buscando Vermivet
2026-03-17 20:27:57,244 - scraper_cobasi - INFO - Cobasi: Dados extraídos via JSON para Vermivet
2026-03-17 20:27:57,244 - scraper_base - INFO - ✅ Cobasi: 5 produto(s) encontrado(s) para Vermivet
2026-03-17 20:27:58,721 - scraper_base - INFO - 📦 [12/20] Processando Rimadyl
2026-03-17 20:27:58,721 - scraper_base - INFO - 🔍 Cobasi: Buscando Rimadyl
2026-03-17 20:28:01,610 - scraper_cobasi - INFO - Cobasi: Dados extraídos via JSON para Rimadyl
2026-03-17 20:28:01,610 - scraper_base - INFO - ✅ Cobasi: 3 produto(s) encontrado(s) para Rimadyl
2026-03-17 20:28:03,186 - scraper_base - INFO - 📦 [13/20] Processando Onsior
2026-03-17 20:28:03,187 - scraper_base - INFO - 🔍 Cobasi: Buscando Onsior
2026-03-17 20:28:06,253 - scraper_cobasi - INFO - Cobasi: Dados extraídos via JSON para Onsior
2026-03-17 20:28:06,253 - scraper_base - INFO - ✅ Cobasi: 4 produto(s) encontrado(s) para Onsior
2026-03-17 20:28:08,564 - scraper_base - INFO - 📦 [14/20] Processando Maxicam
2026-03-17 20:28:08,564 - scraper_base - INFO - 🔍 Cobasi: Buscando Maxicam
2026-03-17 20:28:11,502 - scraper_cobasi - INFO - Cobasi: Dados extraídos via JSON para Maxicam
2026-03-17 20:28:11,502 - scraper_base - INFO - ✅ Cobasi: 3 produto(s) encontrado(s) para Maxicam
2026-03-17 20:28:14,183 - scraper_base - INFO - 📦 [15/20] Processando Carproflan
2026-03-17 20:28:14,183 - scraper_base - INFO - 🔍 Cobasi: Buscando Carproflan
2026-03-17 20:28:16,839 - scraper_cobasi - INFO - Cobasi: Dados extraídos via JSON para Carproflan
2026-03-17 20:28:16,839 - scraper_base - INFO - ✅ Cobasi: 3 produto(s) encontrado(s) para Carproflan
2026-03-17 20:28:19,013 - scraper_base - INFO - 📦 [16/20] Processando Previcox
2026-03-17 20:28:19,014 - scraper_base - INFO - 🔍 Cobasi: Buscando Previcox
2026-03-17 20:28:22,256 - scraper_cobasi - INFO - Cobasi: Dados extraídos via JSON para Previcox
2026-03-17 20:28:22,257 - scraper_base - INFO - ✅ Cobasi: 2 produto(s) encontrado(s) para Previcox
2026-03-17 20:28:24,546 - scraper_base - INFO - 📦 [17/20] Processando Apoquel
2026-03-17 20:28:24,546 - scraper_base - INFO - 🔍 Cobasi: Buscando Apoquel
2026-03-17 20:28:24,903 - scraper_cobasi - INFO - Cobasi: Dados extraídos via JSON para Apoquel
2026-03-17 20:28:24,903 - scraper_base - INFO - ✅ Cobasi: 3 produto(s) encontrado(s) para Apoquel
2026-03-17 20:28:26,892 - scraper_base - INFO - 📦 [18/20] Processando Zenrelia
2026-03-17 20:28:26,892 - scraper_base - INFO - 🔍 Cobasi: Buscando Zenrelia
2026-03-17 20:28:29,550 - scraper_cobasi - INFO - Cobasi: Dados extraídos via JSON para Zenrelia
2026-03-17 20:28:29,550 - scraper_base - INFO - ✅ Cobasi: 4 produto(s) encontrado(s) para Zenrelia
2026-03-17 20:28:31,746 - scraper_base - INFO - 📦 [19/20] Processando Synulox
2026-03-17 20:28:31,746 - scraper_base - INFO - 🔍 Cobasi: Buscando Synulox
2026-03-17 20:28:35,055 - scraper_cobasi - INFO - Cobasi: Dados extraídos via JSON para Synulox
2026-03-17 20:28:35,055 - scraper_base - INFO - ✅ Cobasi: 2 produto(s) encontrado(s) para Synulox
2026-03-17 20:28:36,998 - scraper_base - INFO - 📦 [20/20] Processando Baytril
2026-03-17 20:28:36,998 - scraper_base - INFO - 🔍 Cobasi: Buscando Baytril
2026-03-17 20:28:39,909 - scraper_cobasi - INFO - Cobasi: Dados extraídos via JSON para Baytril
2026-03-17 20:28:39,909 - scraper_base - INFO - ✅ Cobasi: 3 produto(s) encontrado(s) para Baytril
2026-03-17 20:28:42,707 - scraper_base - INFO - 📊 Cobasi - Estatísticas finais:
2026-03-17 20:28:42,707 - scraper_base - INFO -    • Medicamentos processados: 20
2026-03-17 20:28:42,707 - scraper_base - INFO -    • Produtos encontrados: 149
2026-03-17 20:28:42,708 - scraper_base - INFO -    • Medicamentos sem resultado: 0
2026-03-17 20:28:42,708 - scraper_base - INFO -    • Tempo total: 128.9s
2026-03-17 20:28:42,708 - scraper_base - INFO -    • Tempo médio por medicamento: 6.4s
2026-03-17 20:28:42,900 - gerenciador_arquivos - INFO - Excel salvo: dados_coletados/cobasi_20260317_202842.xlsx (149 produtos)
2026-03-17 20:28:42,900 - gerenciador_principal - INFO - Cobasi: Arquivo individual salvo com sucesso
2026-03-17 20:28:42,900 - gerenciador_principal - INFO - Pausando entre sites...
2026-03-17 20:28:44,900 - gerenciador_principal - INFO - [2/3] Processando Petlove
2026-03-17 20:28:44,901 - scraper_base - INFO - 🚀 Iniciando scraping completo - Petlove
2026-03-17 20:28:45,108 - scraper_base - INFO - 📋 20 medicamentos para processar
2026-03-17 20:28:45,108 - scraper_base - INFO - 📦 [1/20] Processando Simparic
2026-03-17 20:28:45,108 - scraper_base - INFO - 🔍 Petlove: Buscando Simparic
2026-03-17 20:28:55,143 - gerenciador_conexoes - INFO - Chrome inicializado com otimizacoes de velocidade
2026-03-17 20:28:59,511 - scraper_base - INFO - ✅ Petlove: 27 produto(s) encontrado(s) para Simparic
2026-03-17 20:29:00,689 - scraper_base - INFO - 📦 [2/20] Processando Revolution
2026-03-17 20:29:00,689 - scraper_base - INFO - 🔍 Petlove: Buscando Revolution
2026-03-17 20:29:02,290 - scraper_base - INFO - ✅ Petlove: 20 produto(s) encontrado(s) para Revolution
2026-03-17 20:29:04,876 - scraper_base - INFO - 📦 [3/20] Processando NexGard
2026-03-17 20:29:04,876 - scraper_base - INFO - 🔍 Petlove: Buscando NexGard
2026-03-17 20:29:06,848 - scraper_base - INFO - ✅ Petlove: 11 produto(s) encontrado(s) para NexGard
2026-03-17 20:29:09,391 - scraper_base - INFO - 📦 [4/20] Processando NexGard Spectra
2026-03-17 20:29:09,391 - scraper_base - INFO - 🔍 Petlove: Buscando NexGard Spectra
2026-03-17 20:29:10,612 - scraper_base - INFO - ✅ Petlove: 5 produto(s) encontrado(s) para NexGard Spectra
2026-03-17 20:29:12,301 - scraper_base - INFO - 📦 [5/20] Processando NexGard Combo
2026-03-17 20:29:12,301 - scraper_base - INFO - 🔍 Petlove: Buscando NexGard Combo
2026-03-17 20:29:14,692 - scraper_base - INFO - ✅ Petlove: 2 produto(s) encontrado(s) para NexGard Combo
2026-03-17 20:29:17,608 - scraper_base - INFO - 📦 [6/20] Processando Bravecto
2026-03-17 20:29:17,608 - scraper_base - INFO - 🔍 Petlove: Buscando Bravecto
2026-03-17 20:29:19,584 - scraper_base - INFO - ✅ Petlove: 23 produto(s) encontrado(s) para Bravecto
2026-03-17 20:29:21,494 - scraper_base - INFO - 📦 [7/20] Processando Frontline
2026-03-17 20:29:21,494 - scraper_base - INFO - 🔍 Petlove: Buscando Frontline
2026-03-17 20:29:23,415 - scraper_base - INFO - ✅ Petlove: 11 produto(s) encontrado(s) para Frontline
2026-03-17 20:29:25,760 - scraper_base - INFO - 📦 [8/20] Processando Advocate
2026-03-17 20:29:25,760 - scraper_base - INFO - 🔍 Petlove: Buscando Advocate
2026-03-17 20:29:27,595 - scraper_base - INFO - ✅ Petlove: 9 produto(s) encontrado(s) para Advocate
2026-03-17 20:29:28,722 - scraper_base - INFO - 📦 [9/20] Processando Drontal
2026-03-17 20:29:28,722 - scraper_base - INFO - 🔍 Petlove: Buscando Drontal
2026-03-17 20:29:30,764 - scraper_base - INFO - ✅ Petlove: 36 produto(s) encontrado(s) para Drontal
2026-03-17 20:29:32,368 - scraper_base - INFO - 📦 [10/20] Processando Milbemax
2026-03-17 20:29:32,368 - scraper_base - INFO - 🔍 Petlove: Buscando Milbemax
2026-03-17 20:29:33,854 - scraper_base - INFO - ✅ Petlove: 14 produto(s) encontrado(s) para Milbemax
2026-03-17 20:29:35,876 - scraper_base - INFO - 📦 [11/20] Processando Vermivet
2026-03-17 20:29:35,876 - scraper_base - INFO - 🔍 Petlove: Buscando Vermivet
2026-03-17 20:29:37,919 - scraper_base - INFO - ✅ Petlove: 36 produto(s) encontrado(s) para Vermivet
2026-03-17 20:29:39,641 - scraper_base - INFO - 📦 [12/20] Processando Rimadyl
2026-03-17 20:29:39,641 - scraper_base - INFO - 🔍 Petlove: Buscando Rimadyl
2026-03-17 20:29:41,650 - scraper_base - INFO - ✅ Petlove: 1 produto(s) encontrado(s) para Rimadyl
2026-03-17 20:29:44,437 - scraper_base - INFO - 📦 [13/20] Processando Onsior
2026-03-17 20:29:44,437 - scraper_base - INFO - 🔍 Petlove: Buscando Onsior
2026-03-17 20:29:46,016 - scraper_base - INFO - ✅ Petlove: 4 produto(s) encontrado(s) para Onsior
2026-03-17 20:29:47,084 - scraper_base - INFO - 📦 [14/20] Processando Maxicam
2026-03-17 20:29:47,084 - scraper_base - INFO - 🔍 Petlove: Buscando Maxicam
2026-03-17 20:29:48,780 - scraper_base - INFO - ✅ Petlove: 3 produto(s) encontrado(s) para Maxicam
2026-03-17 20:29:51,127 - scraper_base - INFO - 📦 [15/20] Processando Carproflan
2026-03-17 20:29:51,127 - scraper_base - INFO - 🔍 Petlove: Buscando Carproflan
2026-03-17 20:29:52,620 - scraper_base - INFO - ✅ Petlove: 8 produto(s) encontrado(s) para Carproflan
2026-03-17 20:29:54,672 - scraper_base - INFO - 📦 [16/20] Processando Previcox
2026-03-17 20:29:54,672 - scraper_base - INFO - 🔍 Petlove: Buscando Previcox
2026-03-17 20:29:56,029 - scraper_base - INFO - ✅ Petlove: 4 produto(s) encontrado(s) para Previcox
2026-03-17 20:29:57,744 - scraper_base - INFO - 📦 [17/20] Processando Apoquel
2026-03-17 20:29:57,744 - scraper_base - INFO - 🔍 Petlove: Buscando Apoquel
2026-03-17 20:29:59,351 - scraper_base - INFO - ✅ Petlove: 22 produto(s) encontrado(s) para Apoquel
2026-03-17 20:30:01,987 - scraper_base - INFO - 📦 [18/20] Processando Zenrelia
2026-03-17 20:30:01,987 - scraper_base - INFO - 🔍 Petlove: Buscando Zenrelia
2026-03-17 20:30:03,641 - scraper_base - INFO - ✅ Petlove: 4 produto(s) encontrado(s) para Zenrelia
2026-03-17 20:30:04,966 - scraper_base - INFO - 📦 [19/20] Processando Synulox
2026-03-17 20:30:04,966 - scraper_base - INFO - 🔍 Petlove: Buscando Synulox
2026-03-17 20:30:06,221 - scraper_base - INFO - ✅ Petlove: 1 produto(s) encontrado(s) para Synulox
2026-03-17 20:30:07,726 - scraper_base - INFO - 📦 [20/20] Processando Baytril
2026-03-17 20:30:07,726 - scraper_base - INFO - 🔍 Petlove: Buscando Baytril
2026-03-17 20:30:09,249 - scraper_base - INFO - ✅ Petlove: 4 produto(s) encontrado(s) para Baytril
2026-03-17 20:30:11,689 - scraper_base - INFO - 📊 Petlove - Estatísticas finais:
2026-03-17 20:30:11,689 - scraper_base - INFO -    • Medicamentos processados: 20
2026-03-17 20:30:11,690 - scraper_base - INFO -    • Produtos encontrados: 245
2026-03-17 20:30:11,690 - scraper_base - INFO -    • Medicamentos sem resultado: 0
2026-03-17 20:30:11,690 - scraper_base - INFO -    • Tempo total: 86.8s
2026-03-17 20:30:11,690 - scraper_base - INFO -    • Tempo médio por medicamento: 4.3s
2026-03-17 20:30:11,787 - gerenciador_arquivos - INFO - Excel salvo: dados_coletados/petlove_20260317_203011.xlsx (245 produtos)
2026-03-17 20:30:11,787 - gerenciador_principal - INFO - Petlove: Arquivo individual salvo com sucesso
2026-03-17 20:30:11,787 - gerenciador_principal - INFO - Pausando entre sites...
2026-03-17 20:30:13,787 - gerenciador_principal - INFO - [3/3] Processando Petz
2026-03-17 20:30:13,788 - scraper_base - INFO - 🚀 Iniciando scraping completo - Petz
2026-03-17 20:30:13,999 - scraper_base - INFO - 📋 20 medicamentos para processar
2026-03-17 20:30:13,999 - scraper_base - INFO - 📦 [1/20] Processando Simparic
2026-03-17 20:30:14,000 - scraper_base - INFO - 🔍 Petz: Buscando Simparic
2026-03-17 20:30:18,633 - scraper_base - INFO - ✅ Petz: 12 produto(s) encontrado(s) para Simparic
2026-03-17 20:30:21,223 - scraper_base - INFO - 📦 [2/20] Processando Revolution
2026-03-17 20:30:21,223 - scraper_base - INFO - 🔍 Petz: Buscando Revolution
2026-03-17 20:30:23,857 - scraper_base - INFO - ✅ Petz: 21 produto(s) encontrado(s) para Revolution
2026-03-17 20:30:25,865 - scraper_base - INFO - 📦 [3/20] Processando NexGard
2026-03-17 20:30:25,865 - scraper_base - INFO - 🔍 Petz: Buscando NexGard
2026-03-17 20:30:28,218 - scraper_base - INFO - ✅ Petz: 22 produto(s) encontrado(s) para NexGard
2026-03-17 20:30:30,664 - scraper_base - INFO - 📦 [4/20] Processando NexGard Spectra
2026-03-17 20:30:30,665 - scraper_base - INFO - 🔍 Petz: Buscando NexGard Spectra
2026-03-17 20:30:32,813 - scraper_base - INFO - ✅ Petz: 10 produto(s) encontrado(s) para NexGard Spectra
2026-03-17 20:30:33,910 - scraper_base - INFO - 📦 [5/20] Processando NexGard Combo
2026-03-17 20:30:33,910 - scraper_base - INFO - 🔍 Petz: Buscando NexGard Combo
2026-03-17 20:30:35,619 - scraper_base - INFO - ✅ Petz: 4 produto(s) encontrado(s) para NexGard Combo
2026-03-17 20:30:37,293 - scraper_base - INFO - 📦 [6/20] Processando Bravecto
2026-03-17 20:30:37,293 - scraper_base - INFO - 🔍 Petz: Buscando Bravecto
2026-03-17 20:30:39,800 - scraper_base - INFO - ✅ Petz: 16 produto(s) encontrado(s) para Bravecto
2026-03-17 20:30:42,174 - scraper_base - INFO - 📦 [7/20] Processando Frontline
2026-03-17 20:30:42,174 - scraper_base - INFO - 🔍 Petz: Buscando Frontline
2026-03-17 20:30:44,178 - scraper_base - INFO - ✅ Petz: 11 produto(s) encontrado(s) para Frontline
2026-03-17 20:30:45,731 - scraper_base - INFO - 📦 [8/20] Processando Advocate
2026-03-17 20:30:45,731 - scraper_base - INFO - 🔍 Petz: Buscando Advocate
2026-03-17 20:30:47,579 - scraper_base - INFO - ✅ Petz: 12 produto(s) encontrado(s) para Advocate
2026-03-17 20:30:48,863 - scraper_base - INFO - 📦 [9/20] Processando Drontal
2026-03-17 20:30:48,864 - scraper_base - INFO - 🔍 Petz: Buscando Drontal
2026-03-17 20:30:51,854 - scraper_base - INFO - ✅ Petz: 32 produto(s) encontrado(s) para Drontal
2026-03-17 20:30:52,924 - scraper_base - INFO - 📦 [10/20] Processando Milbemax
2026-03-17 20:30:52,924 - scraper_base - INFO - 🔍 Petz: Buscando Milbemax
2026-03-17 20:30:54,877 - scraper_base - INFO - ✅ Petz: 4 produto(s) encontrado(s) para Milbemax
2026-03-17 20:30:56,227 - scraper_base - INFO - 📦 [11/20] Processando Vermivet
2026-03-17 20:30:56,227 - scraper_base - INFO - 🔍 Petz: Buscando Vermivet
2026-03-17 20:30:57,974 - scraper_base - INFO - ✅ Petz: 5 produto(s) encontrado(s) para Vermivet
2026-03-17 20:31:00,032 - scraper_base - INFO - 📦 [12/20] Processando Rimadyl
2026-03-17 20:31:00,032 - scraper_base - INFO - 🔍 Petz: Buscando Rimadyl
2026-03-17 20:31:01,810 - scraper_base - INFO - ✅ Petz: 3 produto(s) encontrado(s) para Rimadyl
2026-03-17 20:31:03,386 - scraper_base - INFO - 📦 [13/20] Processando Onsior
2026-03-17 20:31:03,386 - scraper_base - INFO - 🔍 Petz: Buscando Onsior
2026-03-17 20:31:04,977 - scraper_base - INFO - ✅ Petz: 4 produto(s) encontrado(s) para Onsior
2026-03-17 20:31:07,136 - scraper_base - INFO - 📦 [14/20] Processando Maxicam
2026-03-17 20:31:07,136 - scraper_base - INFO - 🔍 Petz: Buscando Maxicam
2026-03-17 20:31:09,856 - scraper_base - INFO - ✅ Petz: 29 produto(s) encontrado(s) para Maxicam
2026-03-17 20:31:12,094 - scraper_base - INFO - 📦 [15/20] Processando Carproflan
2026-03-17 20:31:12,094 - scraper_base - INFO - 🔍 Petz: Buscando Carproflan
2026-03-17 20:31:13,870 - scraper_base - INFO - ✅ Petz: 3 produto(s) encontrado(s) para Carproflan
2026-03-17 20:31:15,860 - scraper_base - INFO - 📦 [16/20] Processando Previcox
2026-03-17 20:31:15,861 - scraper_base - INFO - 🔍 Petz: Buscando Previcox
2026-03-17 20:31:17,848 - scraper_base - INFO - ✅ Petz: 2 produto(s) encontrado(s) para Previcox
2026-03-17 20:31:20,130 - scraper_base - INFO - 📦 [17/20] Processando Apoquel
2026-03-17 20:31:20,130 - scraper_base - INFO - 🔍 Petz: Buscando Apoquel
2026-03-17 20:31:21,916 - scraper_base - INFO - ✅ Petz: 3 produto(s) encontrado(s) para Apoquel
2026-03-17 20:31:23,743 - scraper_base - INFO - 📦 [18/20] Processando Zenrelia
2026-03-17 20:31:23,743 - scraper_base - INFO - 🔍 Petz: Buscando Zenrelia
2026-03-17 20:31:25,380 - scraper_base - INFO - ✅ Petz: 4 produto(s) encontrado(s) para Zenrelia
2026-03-17 20:31:27,659 - scraper_base - INFO - 📦 [19/20] Processando Synulox
2026-03-17 20:31:27,659 - scraper_base - INFO - 🔍 Petz: Buscando Synulox
2026-03-17 20:31:29,316 - scraper_base - INFO - ✅ Petz: 2 produto(s) encontrado(s) para Synulox
2026-03-17 20:31:30,578 - scraper_base - INFO - 📦 [20/20] Processando Baytril
2026-03-17 20:31:30,578 - scraper_base - INFO - 🔍 Petz: Buscando Baytril
2026-03-17 20:31:32,994 - scraper_base - INFO - ✅ Petz: 9 produto(s) encontrado(s) para Baytril
2026-03-17 20:31:34,819 - scraper_base - INFO - 📊 Petz - Estatísticas finais:
2026-03-17 20:31:34,819 - scraper_base - INFO -    • Medicamentos processados: 20
2026-03-17 20:31:34,819 - scraper_base - INFO -    • Produtos encontrados: 208
2026-03-17 20:31:34,819 - scraper_base - INFO -    • Medicamentos sem resultado: 0
2026-03-17 20:31:34,819 - scraper_base - INFO -    • Tempo total: 81.0s
2026-03-17 20:31:34,819 - scraper_base - INFO -    • Tempo médio por medicamento: 4.1s
2026-03-17 20:31:34,862 - gerenciador_arquivos - INFO - Excel salvo: dados_coletados/petz_20260317_203134.xlsx (208 produtos)
2026-03-17 20:31:34,862 - gerenciador_principal - INFO - Petz: Arquivo individual salvo com sucesso
2026-03-17 20:31:34,862 - gerenciador_principal - INFO - Gerando relatório consolidado...
2026-03-17 20:31:35,120 - gerenciador_arquivos - INFO - Relatório consolidado salvo: dados_relatorios/relatorio_consolidado_20260317_203134.xlsx
2026-03-17 20:31:35,257 - gerenciador_conexoes - INFO - Chrome fechado
2026-03-17 20:31:35,257 - gerenciador_conexoes - INFO - Métodos utilizados - Requests: 33.3%, Selenium: 66.7%, Falhas: 0.0%
2026-03-17 20:31:35,257 - gerenciador_principal - INFO - ============================================================
2026-03-17 20:31:35,257 - gerenciador_principal - INFO - RELATORIO FINAL DE EXECUÇÃO
2026-03-17 20:31:35,257 - gerenciador_principal - INFO - ============================================================
2026-03-17 20:31:35,257 - gerenciador_principal - INFO - Sites processados: 3
2026-03-17 20:31:35,257 - gerenciador_principal - INFO - Sites com sucesso: 3
2026-03-17 20:31:35,257 - gerenciador_principal - INFO - Total de produtos coletados: 602
2026-03-17 20:31:35,257 - gerenciador_principal - INFO - Tempo total de execução: 301.1 segundos
2026-03-17 20:31:35,257 - gerenciador_principal - INFO - Estatísticas de conexão:
2026-03-17 20:31:35,257 - gerenciador_principal - INFO -   - Requests bem-sucedidos: 33.3%
2026-03-17 20:31:35,257 - gerenciador_principal - INFO -   - Selenium fallback: 66.7%
2026-03-17 20:31:35,257 - gerenciador_principal - INFO -   - Falhas totais: 0.0%
2026-03-17 20:31:35,260 - gerenciador_principal - INFO - Arquivos salvos na pasta: dados_coletados
2026-03-17 20:31:35,260 - gerenciador_principal - INFO - Total de arquivos: 497
2026-03-17 20:31:35,260 - gerenciador_principal - INFO - ============================================================
