2026-04-03 20:21:42,332 - configurador_logs - INFO - Sistema de logs configurado com sucesso
2026-04-03 20:21:42,332 - configurador_logs - INFO - 🚀 Logs configurados para MODO PRODUÇÃO
2026-04-03 20:21:42,332 - gerenciador_principal - INFO - Inicializando sistema - Modo: PRODUCAO
2026-04-03 20:21:42,333 - gerenciador_arquivos - INFO - Pasta dados_coletados preparada
2026-04-03 20:21:42,333 - gerenciador_principal - INFO - Sistema inicializado com 3 scrapers
2026-04-03 20:21:42,333 - gerenciador_principal - INFO - ============================================================
2026-04-03 20:21:42,333 - gerenciador_principal - INFO - INICIANDO SCRAPING COMPLETO - PRODUCAO
2026-04-03 20:21:42,333 - gerenciador_principal - INFO - ============================================================
2026-04-03 20:21:42,333 - gerenciador_principal - INFO - [1/3] Processando Cobasi
2026-04-03 20:21:42,333 - scraper_base - INFO - 🚀 Iniciando scraping completo - Cobasi
2026-04-03 20:21:43,931 - gerenciador_conexoes - INFO - Sessao estabelecida com cobasi.com.br
2026-04-03 20:21:43,932 - scraper_base - INFO - 📋 20 medicamentos para processar
2026-04-03 20:21:43,932 - scraper_base - INFO - 📦 [1/20] Processando Simparic
2026-04-03 20:21:43,932 - scraper_base - INFO - 🔍 Cobasi: Buscando Simparic
2026-04-03 20:21:49,374 - scraper_cobasi - INFO - Cobasi: Dados extraídos via JSON para Simparic
2026-04-03 20:21:49,374 - scraper_base - INFO - ✅ Cobasi: 12 produto(s) encontrado(s) para Simparic
2026-04-03 20:21:50,798 - scraper_base - INFO - 📦 [2/20] Processando Revolution
2026-04-03 20:21:50,798 - scraper_base - INFO - 🔍 Cobasi: Buscando Revolution
2026-04-03 20:21:54,349 - scraper_cobasi - INFO - Cobasi: Dados extraídos via JSON para Revolution
2026-04-03 20:21:54,349 - scraper_base - INFO - ✅ Cobasi: 18 produto(s) encontrado(s) para Revolution
2026-04-03 20:21:56,264 - scraper_base - INFO - 📦 [3/20] Processando NexGard
2026-04-03 20:21:56,264 - scraper_base - INFO - 🔍 Cobasi: Buscando NexGard
2026-04-03 20:22:00,873 - scraper_cobasi - INFO - Cobasi: Dados extraídos via JSON para NexGard
2026-04-03 20:22:00,873 - scraper_base - INFO - ✅ Cobasi: 22 produto(s) encontrado(s) para NexGard
2026-04-03 20:22:03,315 - scraper_base - INFO - 📦 [4/20] Processando NexGard Spectra
2026-04-03 20:22:03,315 - scraper_base - INFO - 🔍 Cobasi: Buscando NexGard Spectra
2026-04-03 20:22:06,910 - scraper_cobasi - INFO - Cobasi: Dados extraídos via JSON para NexGard Spectra
2026-04-03 20:22:06,910 - scraper_base - INFO - ✅ Cobasi: 10 produto(s) encontrado(s) para NexGard Spectra
2026-04-03 20:22:09,358 - scraper_base - INFO - 📦 [5/20] Processando NexGard Combo
2026-04-03 20:22:09,359 - scraper_base - INFO - 🔍 Cobasi: Buscando NexGard Combo
2026-04-03 20:22:13,099 - scraper_cobasi - INFO - Cobasi: Dados extraídos via JSON para NexGard Combo
2026-04-03 20:22:13,100 - scraper_base - INFO - ✅ Cobasi: 4 produto(s) encontrado(s) para NexGard Combo
2026-04-03 20:22:15,533 - scraper_base - INFO - 📦 [6/20] Processando Bravecto
2026-04-03 20:22:15,534 - scraper_base - INFO - 🔍 Cobasi: Buscando Bravecto
2026-04-03 20:22:19,893 - scraper_cobasi - INFO - Cobasi: Dados extraídos via JSON para Bravecto
2026-04-03 20:22:19,893 - scraper_base - INFO - ✅ Cobasi: 16 produto(s) encontrado(s) para Bravecto
2026-04-03 20:22:21,353 - scraper_base - INFO - 📦 [7/20] Processando Frontline
2026-04-03 20:22:21,354 - scraper_base - INFO - 🔍 Cobasi: Buscando Frontline
2026-04-03 20:22:26,396 - scraper_cobasi - INFO - Cobasi: Dados extraídos via JSON para Frontline
2026-04-03 20:22:26,396 - scraper_base - INFO - ✅ Cobasi: 11 produto(s) encontrado(s) para Frontline
2026-04-03 20:22:28,505 - scraper_base - INFO - 📦 [8/20] Processando Advocate
2026-04-03 20:22:28,505 - scraper_base - INFO - 🔍 Cobasi: Buscando Advocate
2026-04-03 20:22:31,755 - scraper_cobasi - INFO - Cobasi: Dados extraídos via JSON para Advocate
2026-04-03 20:22:31,755 - scraper_base - INFO - ✅ Cobasi: 12 produto(s) encontrado(s) para Advocate
2026-04-03 20:22:34,598 - scraper_base - INFO - 📦 [9/20] Processando Drontal
2026-04-03 20:22:34,598 - scraper_base - INFO - 🔍 Cobasi: Buscando Drontal
2026-04-03 20:22:38,960 - scraper_cobasi - INFO - Cobasi: Dados extraídos via JSON para Drontal
2026-04-03 20:22:38,960 - scraper_base - INFO - ✅ Cobasi: 8 produto(s) encontrado(s) para Drontal
2026-04-03 20:22:40,072 - scraper_base - INFO - 📦 [10/20] Processando Milbemax
2026-04-03 20:22:40,072 - scraper_base - INFO - 🔍 Cobasi: Buscando Milbemax
2026-04-03 20:22:41,054 - scraper_cobasi - INFO - Cobasi: Dados extraídos via JSON para Milbemax
2026-04-03 20:22:41,055 - scraper_base - INFO - ✅ Cobasi: 4 produto(s) encontrado(s) para Milbemax
2026-04-03 20:22:42,826 - scraper_base - INFO - 📦 [11/20] Processando Vermivet
2026-04-03 20:22:42,826 - scraper_base - INFO - 🔍 Cobasi: Buscando Vermivet
2026-04-03 20:22:47,353 - scraper_cobasi - INFO - Cobasi: Dados extraídos via JSON para Vermivet
2026-04-03 20:22:47,353 - scraper_base - INFO - ✅ Cobasi: 5 produto(s) encontrado(s) para Vermivet
2026-04-03 20:22:50,297 - scraper_base - INFO - 📦 [12/20] Processando Rimadyl
2026-04-03 20:22:50,297 - scraper_base - INFO - 🔍 Cobasi: Buscando Rimadyl
2026-04-03 20:22:53,434 - scraper_cobasi - INFO - Cobasi: Dados extraídos via JSON para Rimadyl
2026-04-03 20:22:53,435 - scraper_base - INFO - ✅ Cobasi: 3 produto(s) encontrado(s) para Rimadyl
2026-04-03 20:22:55,019 - scraper_base - INFO - 📦 [13/20] Processando Onsior
2026-04-03 20:22:55,019 - scraper_base - INFO - 🔍 Cobasi: Buscando Onsior
2026-04-03 20:22:59,419 - scraper_cobasi - INFO - Cobasi: Dados extraídos via JSON para Onsior
2026-04-03 20:22:59,419 - scraper_base - INFO - ✅ Cobasi: 4 produto(s) encontrado(s) para Onsior
2026-04-03 20:23:02,229 - scraper_base - INFO - 📦 [14/20] Processando Maxicam
2026-04-03 20:23:02,229 - scraper_base - INFO - 🔍 Cobasi: Buscando Maxicam
2026-04-03 20:23:06,595 - scraper_cobasi - INFO - Cobasi: Dados extraídos via JSON para Maxicam
2026-04-03 20:23:06,596 - scraper_base - INFO - ✅ Cobasi: 3 produto(s) encontrado(s) para Maxicam
2026-04-03 20:23:09,304 - scraper_base - INFO - 📦 [15/20] Processando Carproflan
2026-04-03 20:23:09,305 - scraper_base - INFO - 🔍 Cobasi: Buscando Carproflan
2026-04-03 20:23:13,501 - scraper_cobasi - INFO - Cobasi: Dados extraídos via JSON para Carproflan
2026-04-03 20:23:13,501 - scraper_base - INFO - ✅ Cobasi: 3 produto(s) encontrado(s) para Carproflan
2026-04-03 20:23:15,570 - scraper_base - INFO - 📦 [16/20] Processando Previcox
2026-04-03 20:23:15,570 - scraper_base - INFO - 🔍 Cobasi: Buscando Previcox
2026-04-03 20:23:18,766 - scraper_cobasi - INFO - Cobasi: Dados extraídos via JSON para Previcox
2026-04-03 20:23:18,766 - scraper_base - INFO - ✅ Cobasi: 2 produto(s) encontrado(s) para Previcox
2026-04-03 20:23:20,667 - scraper_base - INFO - 📦 [17/20] Processando Apoquel
2026-04-03 20:23:20,667 - scraper_base - INFO - 🔍 Cobasi: Buscando Apoquel
2026-04-03 20:23:24,376 - scraper_cobasi - INFO - Cobasi: Dados extraídos via JSON para Apoquel
2026-04-03 20:23:24,376 - scraper_base - INFO - ✅ Cobasi: 3 produto(s) encontrado(s) para Apoquel
2026-04-03 20:23:25,881 - scraper_base - INFO - 📦 [18/20] Processando Zenrelia
2026-04-03 20:23:25,881 - scraper_base - INFO - 🔍 Cobasi: Buscando Zenrelia
2026-04-03 20:23:29,033 - scraper_cobasi - INFO - Cobasi: Dados extraídos via JSON para Zenrelia
2026-04-03 20:23:29,033 - scraper_base - INFO - ✅ Cobasi: 4 produto(s) encontrado(s) para Zenrelia
2026-04-03 20:23:31,473 - scraper_base - INFO - 📦 [19/20] Processando Synulox
2026-04-03 20:23:31,473 - scraper_base - INFO - 🔍 Cobasi: Buscando Synulox
2026-04-03 20:23:34,041 - scraper_cobasi - INFO - Cobasi: Dados extraídos via JSON para Synulox
2026-04-03 20:23:34,041 - scraper_base - INFO - ✅ Cobasi: 2 produto(s) encontrado(s) para Synulox
2026-04-03 20:23:35,091 - scraper_base - INFO - 📦 [20/20] Processando Baytril
2026-04-03 20:23:35,091 - scraper_base - INFO - 🔍 Cobasi: Buscando Baytril
2026-04-03 20:23:38,121 - scraper_cobasi - INFO - Cobasi: Dados extraídos via JSON para Baytril
2026-04-03 20:23:38,121 - scraper_base - INFO - ✅ Cobasi: 3 produto(s) encontrado(s) para Baytril
2026-04-03 20:23:40,071 - scraper_base - INFO - 📊 Cobasi - Estatísticas finais:
2026-04-03 20:23:40,072 - scraper_base - INFO -    • Medicamentos processados: 20
2026-04-03 20:23:40,072 - scraper_base - INFO -    • Produtos encontrados: 149
2026-04-03 20:23:40,072 - scraper_base - INFO -    • Medicamentos sem resultado: 0
2026-04-03 20:23:40,072 - scraper_base - INFO -    • Tempo total: 117.7s
2026-04-03 20:23:40,072 - scraper_base - INFO -    • Tempo médio por medicamento: 5.9s
2026-04-03 20:23:40,302 - gerenciador_arquivos - INFO - Excel salvo: dados_coletados/cobasi_20260403_202340.xlsx (149 produtos)
2026-04-03 20:23:40,302 - gerenciador_principal - INFO - Cobasi: Arquivo individual salvo com sucesso
2026-04-03 20:23:40,302 - gerenciador_principal - INFO - Pausando entre sites...
2026-04-03 20:23:42,302 - gerenciador_principal - INFO - [2/3] Processando Petlove
2026-04-03 20:23:42,302 - scraper_base - INFO - 🚀 Iniciando scraping completo - Petlove
2026-04-03 20:23:42,595 - scraper_base - INFO - 📋 20 medicamentos para processar
2026-04-03 20:23:42,596 - scraper_base - INFO - 📦 [1/20] Processando Simparic
2026-04-03 20:23:42,596 - scraper_base - INFO - 🔍 Petlove: Buscando Simparic
2026-04-03 20:23:51,147 - gerenciador_conexoes - INFO - Chrome inicializado com otimizacoes de velocidade
2026-04-03 20:23:53,955 - scraper_base - INFO - ✅ Petlove: 27 produto(s) encontrado(s) para Simparic
2026-04-03 20:23:55,024 - scraper_base - INFO - 📦 [2/20] Processando Revolution
2026-04-03 20:23:55,024 - scraper_base - INFO - 🔍 Petlove: Buscando Revolution
2026-04-03 20:23:56,891 - scraper_base - INFO - ✅ Petlove: 20 produto(s) encontrado(s) para Revolution
2026-04-03 20:23:59,150 - scraper_base - INFO - 📦 [3/20] Processando NexGard
2026-04-03 20:23:59,150 - scraper_base - INFO - 🔍 Petlove: Buscando NexGard
2026-04-03 20:24:00,653 - scraper_base - INFO - ✅ Petlove: 11 produto(s) encontrado(s) para NexGard
2026-04-03 20:24:03,205 - scraper_base - INFO - 📦 [4/20] Processando NexGard Spectra
2026-04-03 20:24:03,205 - scraper_base - INFO - 🔍 Petlove: Buscando NexGard Spectra
2026-04-03 20:24:04,640 - scraper_base - INFO - ✅ Petlove: 5 produto(s) encontrado(s) para NexGard Spectra
2026-04-03 20:24:06,081 - scraper_base - INFO - 📦 [5/20] Processando NexGard Combo
2026-04-03 20:24:06,081 - scraper_base - INFO - 🔍 Petlove: Buscando NexGard Combo
2026-04-03 20:24:07,600 - scraper_base - INFO - ✅ Petlove: 2 produto(s) encontrado(s) para NexGard Combo
2026-04-03 20:24:09,339 - scraper_base - INFO - 📦 [6/20] Processando Bravecto
2026-04-03 20:24:09,339 - scraper_base - INFO - 🔍 Petlove: Buscando Bravecto
2026-04-03 20:24:11,292 - scraper_base - INFO - ✅ Petlove: 23 produto(s) encontrado(s) para Bravecto
2026-04-03 20:24:13,082 - scraper_base - INFO - 📦 [7/20] Processando Frontline
2026-04-03 20:24:13,082 - scraper_base - INFO - 🔍 Petlove: Buscando Frontline
2026-04-03 20:24:15,049 - scraper_base - INFO - ✅ Petlove: 11 produto(s) encontrado(s) para Frontline
2026-04-03 20:24:16,902 - scraper_base - INFO - 📦 [8/20] Processando Advocate
2026-04-03 20:24:16,902 - scraper_base - INFO - 🔍 Petlove: Buscando Advocate
2026-04-03 20:24:18,561 - scraper_base - INFO - ✅ Petlove: 9 produto(s) encontrado(s) para Advocate
2026-04-03 20:24:20,127 - scraper_base - INFO - 📦 [9/20] Processando Drontal
2026-04-03 20:24:20,127 - scraper_base - INFO - 🔍 Petlove: Buscando Drontal
2026-04-03 20:24:22,143 - scraper_base - INFO - ✅ Petlove: 36 produto(s) encontrado(s) para Drontal
2026-04-03 20:24:23,275 - scraper_base - INFO - 📦 [10/20] Processando Milbemax
2026-04-03 20:24:23,275 - scraper_base - INFO - 🔍 Petlove: Buscando Milbemax
2026-04-03 20:24:24,849 - scraper_base - INFO - ✅ Petlove: 14 produto(s) encontrado(s) para Milbemax
2026-04-03 20:24:27,334 - scraper_base - INFO - 📦 [11/20] Processando Vermivet
2026-04-03 20:24:27,334 - scraper_base - INFO - 🔍 Petlove: Buscando Vermivet
2026-04-03 20:24:29,158 - scraper_base - INFO - ✅ Petlove: 36 produto(s) encontrado(s) para Vermivet
2026-04-03 20:24:32,152 - scraper_base - INFO - 📦 [12/20] Processando Rimadyl
2026-04-03 20:24:32,153 - scraper_base - INFO - 🔍 Petlove: Buscando Rimadyl
2026-04-03 20:24:33,916 - scraper_base - INFO - ✅ Petlove: 1 produto(s) encontrado(s) para Rimadyl
2026-04-03 20:24:36,693 - scraper_base - INFO - 📦 [13/20] Processando Onsior
2026-04-03 20:24:36,693 - scraper_base - INFO - 🔍 Petlove: Buscando Onsior
2026-04-03 20:24:38,725 - scraper_base - INFO - ✅ Petlove: 4 produto(s) encontrado(s) para Onsior
2026-04-03 20:24:40,725 - scraper_base - INFO - 📦 [14/20] Processando Maxicam
2026-04-03 20:24:40,725 - scraper_base - INFO - 🔍 Petlove: Buscando Maxicam
2026-04-03 20:24:42,084 - scraper_base - INFO - ✅ Petlove: 3 produto(s) encontrado(s) para Maxicam
2026-04-03 20:24:44,098 - scraper_base - INFO - 📦 [15/20] Processando Carproflan
2026-04-03 20:24:44,098 - scraper_base - INFO - 🔍 Petlove: Buscando Carproflan
2026-04-03 20:24:45,499 - scraper_base - INFO - ✅ Petlove: 8 produto(s) encontrado(s) para Carproflan
2026-04-03 20:24:47,764 - scraper_base - INFO - 📦 [16/20] Processando Previcox
2026-04-03 20:24:47,765 - scraper_base - INFO - 🔍 Petlove: Buscando Previcox
2026-04-03 20:24:49,079 - scraper_base - INFO - ✅ Petlove: 4 produto(s) encontrado(s) para Previcox
2026-04-03 20:24:50,685 - scraper_base - INFO - 📦 [17/20] Processando Apoquel
2026-04-03 20:24:50,685 - scraper_base - INFO - 🔍 Petlove: Buscando Apoquel
2026-04-03 20:24:52,189 - scraper_base - INFO - ✅ Petlove: 16 produto(s) encontrado(s) para Apoquel
2026-04-03 20:24:53,365 - scraper_base - INFO - 📦 [18/20] Processando Zenrelia
2026-04-03 20:24:53,365 - scraper_base - INFO - 🔍 Petlove: Buscando Zenrelia
2026-04-03 20:24:54,913 - scraper_base - INFO - ✅ Petlove: 4 produto(s) encontrado(s) para Zenrelia
2026-04-03 20:24:56,673 - scraper_base - INFO - 📦 [19/20] Processando Synulox
2026-04-03 20:24:56,674 - scraper_base - INFO - 🔍 Petlove: Buscando Synulox
2026-04-03 20:24:58,198 - scraper_base - INFO - ✅ Petlove: 1 produto(s) encontrado(s) para Synulox
2026-04-03 20:25:00,377 - scraper_base - INFO - 📦 [20/20] Processando Baytril
2026-04-03 20:25:00,377 - scraper_base - INFO - 🔍 Petlove: Buscando Baytril
2026-04-03 20:25:02,103 - scraper_base - INFO - ✅ Petlove: 4 produto(s) encontrado(s) para Baytril
2026-04-03 20:25:05,002 - scraper_base - INFO - 📊 Petlove - Estatísticas finais:
2026-04-03 20:25:05,002 - scraper_base - INFO -    • Medicamentos processados: 20
2026-04-03 20:25:05,002 - scraper_base - INFO -    • Produtos encontrados: 239
2026-04-03 20:25:05,002 - scraper_base - INFO -    • Medicamentos sem resultado: 0
2026-04-03 20:25:05,002 - scraper_base - INFO -    • Tempo total: 82.7s
2026-04-03 20:25:05,002 - scraper_base - INFO -    • Tempo médio por medicamento: 4.1s
2026-04-03 20:25:05,094 - gerenciador_arquivos - INFO - Excel salvo: dados_coletados/petlove_20260403_202505.xlsx (239 produtos)
2026-04-03 20:25:05,094 - gerenciador_principal - INFO - Petlove: Arquivo individual salvo com sucesso
2026-04-03 20:25:05,094 - gerenciador_principal - INFO - Pausando entre sites...
2026-04-03 20:25:07,094 - gerenciador_principal - INFO - [3/3] Processando Petz
2026-04-03 20:25:07,094 - scraper_base - INFO - 🚀 Iniciando scraping completo - Petz
2026-04-03 20:25:07,444 - scraper_base - INFO - 📋 20 medicamentos para processar
2026-04-03 20:25:07,445 - scraper_base - INFO - 📦 [1/20] Processando Simparic
2026-04-03 20:25:07,445 - scraper_base - INFO - 🔍 Petz: Buscando Simparic
2026-04-03 20:25:13,204 - scraper_base - INFO - ✅ Petz: 12 produto(s) encontrado(s) para Simparic
2026-04-03 20:25:16,086 - scraper_base - INFO - 📦 [2/20] Processando Revolution
2026-04-03 20:25:16,086 - scraper_base - INFO - 🔍 Petz: Buscando Revolution
2026-04-03 20:25:18,860 - scraper_base - INFO - ✅ Petz: 21 produto(s) encontrado(s) para Revolution
2026-04-03 20:25:20,800 - scraper_base - INFO - 📦 [3/20] Processando NexGard
2026-04-03 20:25:20,800 - scraper_base - INFO - 🔍 Petz: Buscando NexGard
2026-04-03 20:25:22,885 - scraper_base - INFO - ✅ Petz: 22 produto(s) encontrado(s) para NexGard
2026-04-03 20:25:24,089 - scraper_base - INFO - 📦 [4/20] Processando NexGard Spectra
2026-04-03 20:25:24,089 - scraper_base - INFO - 🔍 Petz: Buscando NexGard Spectra
2026-04-03 20:25:26,092 - scraper_base - INFO - ✅ Petz: 10 produto(s) encontrado(s) para NexGard Spectra
2026-04-03 20:25:27,879 - scraper_base - INFO - 📦 [5/20] Processando NexGard Combo
2026-04-03 20:25:27,879 - scraper_base - INFO - 🔍 Petz: Buscando NexGard Combo
2026-04-03 20:25:29,644 - scraper_base - INFO - ✅ Petz: 4 produto(s) encontrado(s) para NexGard Combo
2026-04-03 20:25:32,021 - scraper_base - INFO - 📦 [6/20] Processando Bravecto
2026-04-03 20:25:32,021 - scraper_base - INFO - 🔍 Petz: Buscando Bravecto
2026-04-03 20:25:34,346 - scraper_base - INFO - ✅ Petz: 16 produto(s) encontrado(s) para Bravecto
2026-04-03 20:25:35,576 - scraper_base - INFO - 📦 [7/20] Processando Frontline
2026-04-03 20:25:35,576 - scraper_base - INFO - 🔍 Petz: Buscando Frontline
2026-04-03 20:25:37,595 - scraper_base - INFO - ✅ Petz: 11 produto(s) encontrado(s) para Frontline
2026-04-03 20:25:39,604 - scraper_base - INFO - 📦 [8/20] Processando Advocate
2026-04-03 20:25:39,604 - scraper_base - INFO - 🔍 Petz: Buscando Advocate
2026-04-03 20:25:41,788 - scraper_base - INFO - ✅ Petz: 12 produto(s) encontrado(s) para Advocate
2026-04-03 20:25:44,746 - scraper_base - INFO - 📦 [9/20] Processando Drontal
2026-04-03 20:25:44,746 - scraper_base - INFO - 🔍 Petz: Buscando Drontal
2026-04-03 20:25:47,496 - scraper_base - INFO - ✅ Petz: 27 produto(s) encontrado(s) para Drontal
2026-04-03 20:25:49,075 - scraper_base - INFO - 📦 [10/20] Processando Milbemax
2026-04-03 20:25:49,076 - scraper_base - INFO - 🔍 Petz: Buscando Milbemax
2026-04-03 20:25:51,004 - scraper_base - INFO - ✅ Petz: 4 produto(s) encontrado(s) para Milbemax
2026-04-03 20:25:53,703 - scraper_base - INFO - 📦 [11/20] Processando Vermivet
2026-04-03 20:25:53,703 - scraper_base - INFO - 🔍 Petz: Buscando Vermivet
2026-04-03 20:25:55,422 - scraper_base - INFO - ✅ Petz: 5 produto(s) encontrado(s) para Vermivet
2026-04-03 20:25:57,933 - scraper_base - INFO - 📦 [12/20] Processando Rimadyl
2026-04-03 20:25:57,933 - scraper_base - INFO - 🔍 Petz: Buscando Rimadyl
2026-04-03 20:25:59,652 - scraper_base - INFO - ✅ Petz: 3 produto(s) encontrado(s) para Rimadyl
2026-04-03 20:26:02,457 - scraper_base - INFO - 📦 [13/20] Processando Onsior
2026-04-03 20:26:02,457 - scraper_base - INFO - 🔍 Petz: Buscando Onsior
2026-04-03 20:26:04,514 - scraper_base - INFO - ✅ Petz: 4 produto(s) encontrado(s) para Onsior
2026-04-03 20:26:06,186 - scraper_base - INFO - 📦 [14/20] Processando Maxicam
2026-04-03 20:26:06,186 - scraper_base - INFO - 🔍 Petz: Buscando Maxicam
2026-04-03 20:26:08,545 - scraper_base - INFO - ✅ Petz: 28 produto(s) encontrado(s) para Maxicam
2026-04-03 20:26:10,735 - scraper_base - INFO - 📦 [15/20] Processando Carproflan
2026-04-03 20:26:10,735 - scraper_base - INFO - 🔍 Petz: Buscando Carproflan
2026-04-03 20:26:12,431 - scraper_base - INFO - ✅ Petz: 3 produto(s) encontrado(s) para Carproflan
2026-04-03 20:26:15,316 - scraper_base - INFO - 📦 [16/20] Processando Previcox
2026-04-03 20:26:15,316 - scraper_base - INFO - 🔍 Petz: Buscando Previcox
2026-04-03 20:26:17,304 - scraper_base - INFO - ✅ Petz: 2 produto(s) encontrado(s) para Previcox
2026-04-03 20:26:19,437 - scraper_base - INFO - 📦 [17/20] Processando Apoquel
2026-04-03 20:26:19,437 - scraper_base - INFO - 🔍 Petz: Buscando Apoquel
2026-04-03 20:26:21,277 - scraper_base - INFO - ✅ Petz: 3 produto(s) encontrado(s) para Apoquel
2026-04-03 20:26:23,957 - scraper_base - INFO - 📦 [18/20] Processando Zenrelia
2026-04-03 20:26:23,957 - scraper_base - INFO - 🔍 Petz: Buscando Zenrelia
2026-04-03 20:26:25,624 - scraper_base - INFO - ✅ Petz: 4 produto(s) encontrado(s) para Zenrelia
2026-04-03 20:26:28,471 - scraper_base - INFO - 📦 [19/20] Processando Synulox
2026-04-03 20:26:28,471 - scraper_base - INFO - 🔍 Petz: Buscando Synulox
2026-04-03 20:26:30,088 - scraper_base - INFO - ✅ Petz: 2 produto(s) encontrado(s) para Synulox
2026-04-03 20:26:32,812 - scraper_base - INFO - 📦 [20/20] Processando Baytril
2026-04-03 20:26:32,812 - scraper_base - INFO - 🔍 Petz: Buscando Baytril
2026-04-03 20:26:34,871 - scraper_base - INFO - ✅ Petz: 9 produto(s) encontrado(s) para Baytril
2026-04-03 20:26:36,118 - scraper_base - INFO - 📊 Petz - Estatísticas finais:
2026-04-03 20:26:36,118 - scraper_base - INFO -    • Medicamentos processados: 20
2026-04-03 20:26:36,118 - scraper_base - INFO -    • Produtos encontrados: 202
2026-04-03 20:26:36,118 - scraper_base - INFO -    • Medicamentos sem resultado: 0
2026-04-03 20:26:36,118 - scraper_base - INFO -    • Tempo total: 89.0s
2026-04-03 20:26:36,118 - scraper_base - INFO -    • Tempo médio por medicamento: 4.5s
2026-04-03 20:26:36,162 - gerenciador_arquivos - INFO - Excel salvo: dados_coletados/petz_20260403_202636.xlsx (202 produtos)
2026-04-03 20:26:36,162 - gerenciador_principal - INFO - Petz: Arquivo individual salvo com sucesso
2026-04-03 20:26:36,162 - gerenciador_principal - INFO - Gerando relatório consolidado...
2026-04-03 20:26:36,437 - gerenciador_arquivos - INFO - Relatório consolidado salvo: dados_relatorios/relatorio_consolidado_20260403_202636.xlsx
2026-04-03 20:26:36,560 - gerenciador_conexoes - INFO - Chrome fechado
2026-04-03 20:26:36,560 - gerenciador_conexoes - INFO - Métodos utilizados - Requests: 33.3%, Selenium: 66.7%, Falhas: 0.0%
2026-04-03 20:26:36,561 - gerenciador_principal - INFO - ============================================================
2026-04-03 20:26:36,561 - gerenciador_principal - INFO - RELATORIO FINAL DE EXECUÇÃO
2026-04-03 20:26:36,561 - gerenciador_principal - INFO - ============================================================
2026-04-03 20:26:36,561 - gerenciador_principal - INFO - Sites processados: 3
2026-04-03 20:26:36,561 - gerenciador_principal - INFO - Sites com sucesso: 3
2026-04-03 20:26:36,561 - gerenciador_principal - INFO - Total de produtos coletados: 590
2026-04-03 20:26:36,561 - gerenciador_principal - INFO - Tempo total de execução: 293.8 segundos
2026-04-03 20:26:36,561 - gerenciador_principal - INFO - Estatísticas de conexão:
2026-04-03 20:26:36,561 - gerenciador_principal - INFO -   - Requests bem-sucedidos: 33.3%
2026-04-03 20:26:36,561 - gerenciador_principal - INFO -   - Selenium fallback: 66.7%
2026-04-03 20:26:36,561 - gerenciador_principal - INFO -   - Falhas totais: 0.0%
2026-04-03 20:26:36,564 - gerenciador_principal - INFO - Arquivos salvos na pasta: dados_coletados
2026-04-03 20:26:36,564 - gerenciador_principal - INFO - Total de arquivos: 545
2026-04-03 20:26:36,564 - gerenciador_principal - INFO - ============================================================
