2026-04-02 20:22:26,110 - configurador_logs - INFO - Sistema de logs configurado com sucesso
2026-04-02 20:22:26,110 - configurador_logs - INFO - 🚀 Logs configurados para MODO PRODUÇÃO
2026-04-02 20:22:26,110 - gerenciador_principal - INFO - Inicializando sistema - Modo: PRODUCAO
2026-04-02 20:22:26,110 - gerenciador_arquivos - INFO - Pasta dados_coletados preparada
2026-04-02 20:22:26,110 - gerenciador_principal - INFO - Sistema inicializado com 3 scrapers
2026-04-02 20:22:26,110 - gerenciador_principal - INFO - ============================================================
2026-04-02 20:22:26,110 - gerenciador_principal - INFO - INICIANDO SCRAPING COMPLETO - PRODUCAO
2026-04-02 20:22:26,110 - gerenciador_principal - INFO - ============================================================
2026-04-02 20:22:26,110 - gerenciador_principal - INFO - [1/3] Processando Cobasi
2026-04-02 20:22:26,110 - scraper_base - INFO - 🚀 Iniciando scraping completo - Cobasi
2026-04-02 20:22:27,136 - gerenciador_conexoes - INFO - Sessao estabelecida com cobasi.com.br
2026-04-02 20:22:27,136 - scraper_base - INFO - 📋 20 medicamentos para processar
2026-04-02 20:22:27,136 - scraper_base - INFO - 📦 [1/20] Processando Simparic
2026-04-02 20:22:27,136 - scraper_base - INFO - 🔍 Cobasi: Buscando Simparic
2026-04-02 20:22:31,299 - scraper_cobasi - INFO - Cobasi: Dados extraídos via JSON para Simparic
2026-04-02 20:22:31,299 - scraper_base - INFO - ✅ Cobasi: 12 produto(s) encontrado(s) para Simparic
2026-04-02 20:22:34,074 - scraper_base - INFO - 📦 [2/20] Processando Revolution
2026-04-02 20:22:34,074 - scraper_base - INFO - 🔍 Cobasi: Buscando Revolution
2026-04-02 20:22:38,042 - scraper_cobasi - INFO - Cobasi: Dados extraídos via JSON para Revolution
2026-04-02 20:22:38,042 - scraper_base - INFO - ✅ Cobasi: 18 produto(s) encontrado(s) para Revolution
2026-04-02 20:22:40,931 - scraper_base - INFO - 📦 [3/20] Processando NexGard
2026-04-02 20:22:40,931 - scraper_base - INFO - 🔍 Cobasi: Buscando NexGard
2026-04-02 20:22:46,027 - scraper_cobasi - INFO - Cobasi: Dados extraídos via JSON para NexGard
2026-04-02 20:22:46,027 - scraper_base - INFO - ✅ Cobasi: 22 produto(s) encontrado(s) para NexGard
2026-04-02 20:22:48,424 - scraper_base - INFO - 📦 [4/20] Processando NexGard Spectra
2026-04-02 20:22:48,424 - scraper_base - INFO - 🔍 Cobasi: Buscando NexGard Spectra
2026-04-02 20:22:52,500 - scraper_cobasi - INFO - Cobasi: Dados extraídos via JSON para NexGard Spectra
2026-04-02 20:22:52,500 - scraper_base - INFO - ✅ Cobasi: 10 produto(s) encontrado(s) para NexGard Spectra
2026-04-02 20:22:54,802 - scraper_base - INFO - 📦 [5/20] Processando NexGard Combo
2026-04-02 20:22:54,803 - scraper_base - INFO - 🔍 Cobasi: Buscando NexGard Combo
2026-04-02 20:22:57,801 - scraper_cobasi - INFO - Cobasi: Dados extraídos via JSON para NexGard Combo
2026-04-02 20:22:57,801 - scraper_base - INFO - ✅ Cobasi: 4 produto(s) encontrado(s) para NexGard Combo
2026-04-02 20:22:59,618 - scraper_base - INFO - 📦 [6/20] Processando Bravecto
2026-04-02 20:22:59,618 - scraper_base - INFO - 🔍 Cobasi: Buscando Bravecto
2026-04-02 20:23:03,695 - scraper_cobasi - INFO - Cobasi: Dados extraídos via JSON para Bravecto
2026-04-02 20:23:03,695 - scraper_base - INFO - ✅ Cobasi: 16 produto(s) encontrado(s) para Bravecto
2026-04-02 20:23:05,970 - scraper_base - INFO - 📦 [7/20] Processando Frontline
2026-04-02 20:23:05,970 - scraper_base - INFO - 🔍 Cobasi: Buscando Frontline
2026-04-02 20:23:11,172 - scraper_cobasi - INFO - Cobasi: Dados extraídos via JSON para Frontline
2026-04-02 20:23:11,172 - scraper_base - INFO - ✅ Cobasi: 11 produto(s) encontrado(s) para Frontline
2026-04-02 20:23:12,694 - scraper_base - INFO - 📦 [8/20] Processando Advocate
2026-04-02 20:23:12,694 - scraper_base - INFO - 🔍 Cobasi: Buscando Advocate
2026-04-02 20:23:16,411 - scraper_cobasi - INFO - Cobasi: Dados extraídos via JSON para Advocate
2026-04-02 20:23:16,411 - scraper_base - INFO - ✅ Cobasi: 12 produto(s) encontrado(s) para Advocate
2026-04-02 20:23:19,240 - scraper_base - INFO - 📦 [9/20] Processando Drontal
2026-04-02 20:23:19,240 - scraper_base - INFO - 🔍 Cobasi: Buscando Drontal
2026-04-02 20:23:25,348 - scraper_cobasi - INFO - Cobasi: Dados extraídos via JSON para Drontal
2026-04-02 20:23:25,348 - scraper_base - INFO - ✅ Cobasi: 8 produto(s) encontrado(s) para Drontal
2026-04-02 20:23:27,959 - scraper_base - INFO - 📦 [10/20] Processando Milbemax
2026-04-02 20:23:27,960 - scraper_base - INFO - 🔍 Cobasi: Buscando Milbemax
2026-04-02 20:23:31,377 - scraper_cobasi - INFO - Cobasi: Dados extraídos via JSON para Milbemax
2026-04-02 20:23:31,377 - scraper_base - INFO - ✅ Cobasi: 4 produto(s) encontrado(s) para Milbemax
2026-04-02 20:23:33,948 - scraper_base - INFO - 📦 [11/20] Processando Vermivet
2026-04-02 20:23:33,948 - scraper_base - INFO - 🔍 Cobasi: Buscando Vermivet
2026-04-02 20:23:37,430 - scraper_cobasi - INFO - Cobasi: Dados extraídos via JSON para Vermivet
2026-04-02 20:23:37,430 - scraper_base - INFO - ✅ Cobasi: 5 produto(s) encontrado(s) para Vermivet
2026-04-02 20:23:39,299 - scraper_base - INFO - 📦 [12/20] Processando Rimadyl
2026-04-02 20:23:39,300 - scraper_base - INFO - 🔍 Cobasi: Buscando Rimadyl
2026-04-02 20:23:42,906 - scraper_cobasi - INFO - Cobasi: Dados extraídos via JSON para Rimadyl
2026-04-02 20:23:42,906 - scraper_base - INFO - ✅ Cobasi: 3 produto(s) encontrado(s) para Rimadyl
2026-04-02 20:23:45,338 - scraper_base - INFO - 📦 [13/20] Processando Onsior
2026-04-02 20:23:45,338 - scraper_base - INFO - 🔍 Cobasi: Buscando Onsior
2026-04-02 20:23:49,022 - scraper_cobasi - INFO - Cobasi: Dados extraídos via JSON para Onsior
2026-04-02 20:23:49,022 - scraper_base - INFO - ✅ Cobasi: 4 produto(s) encontrado(s) para Onsior
2026-04-02 20:23:51,823 - scraper_base - INFO - 📦 [14/20] Processando Maxicam
2026-04-02 20:23:51,823 - scraper_base - INFO - 🔍 Cobasi: Buscando Maxicam
2026-04-02 20:23:54,838 - scraper_cobasi - INFO - Cobasi: Dados extraídos via JSON para Maxicam
2026-04-02 20:23:54,838 - scraper_base - INFO - ✅ Cobasi: 3 produto(s) encontrado(s) para Maxicam
2026-04-02 20:23:57,103 - scraper_base - INFO - 📦 [15/20] Processando Carproflan
2026-04-02 20:23:57,103 - scraper_base - INFO - 🔍 Cobasi: Buscando Carproflan
2026-04-02 20:24:00,166 - scraper_cobasi - INFO - Cobasi: Dados extraídos via JSON para Carproflan
2026-04-02 20:24:00,166 - scraper_base - INFO - ✅ Cobasi: 3 produto(s) encontrado(s) para Carproflan
2026-04-02 20:24:02,839 - scraper_base - INFO - 📦 [16/20] Processando Previcox
2026-04-02 20:24:02,839 - scraper_base - INFO - 🔍 Cobasi: Buscando Previcox
2026-04-02 20:24:07,995 - scraper_cobasi - INFO - Cobasi: Dados extraídos via JSON para Previcox
2026-04-02 20:24:07,995 - scraper_base - INFO - ✅ Cobasi: 2 produto(s) encontrado(s) para Previcox
2026-04-02 20:24:10,723 - scraper_base - INFO - 📦 [17/20] Processando Apoquel
2026-04-02 20:24:10,723 - scraper_base - INFO - 🔍 Cobasi: Buscando Apoquel
2026-04-02 20:24:13,799 - scraper_cobasi - INFO - Cobasi: Dados extraídos via JSON para Apoquel
2026-04-02 20:24:13,800 - scraper_base - INFO - ✅ Cobasi: 3 produto(s) encontrado(s) para Apoquel
2026-04-02 20:24:15,026 - scraper_base - INFO - 📦 [18/20] Processando Zenrelia
2026-04-02 20:24:15,026 - scraper_base - INFO - 🔍 Cobasi: Buscando Zenrelia
2026-04-02 20:24:18,612 - scraper_cobasi - INFO - Cobasi: Dados extraídos via JSON para Zenrelia
2026-04-02 20:24:18,613 - scraper_base - INFO - ✅ Cobasi: 4 produto(s) encontrado(s) para Zenrelia
2026-04-02 20:24:21,600 - scraper_base - INFO - 📦 [19/20] Processando Synulox
2026-04-02 20:24:21,601 - scraper_base - INFO - 🔍 Cobasi: Buscando Synulox
2026-04-02 20:24:24,453 - scraper_cobasi - INFO - Cobasi: Dados extraídos via JSON para Synulox
2026-04-02 20:24:24,453 - scraper_base - INFO - ✅ Cobasi: 2 produto(s) encontrado(s) para Synulox
2026-04-02 20:24:25,981 - scraper_base - INFO - 📦 [20/20] Processando Baytril
2026-04-02 20:24:25,982 - scraper_base - INFO - 🔍 Cobasi: Buscando Baytril
2026-04-02 20:24:29,395 - scraper_cobasi - INFO - Cobasi: Dados extraídos via JSON para Baytril
2026-04-02 20:24:29,396 - scraper_base - INFO - ✅ Cobasi: 3 produto(s) encontrado(s) para Baytril
2026-04-02 20:24:31,640 - scraper_base - INFO - 📊 Cobasi - Estatísticas finais:
2026-04-02 20:24:31,640 - scraper_base - INFO -    • Medicamentos processados: 20
2026-04-02 20:24:31,640 - scraper_base - INFO -    • Produtos encontrados: 149
2026-04-02 20:24:31,640 - scraper_base - INFO -    • Medicamentos sem resultado: 0
2026-04-02 20:24:31,640 - scraper_base - INFO -    • Tempo total: 125.5s
2026-04-02 20:24:31,640 - scraper_base - INFO -    • Tempo médio por medicamento: 6.3s
2026-04-02 20:24:31,823 - gerenciador_arquivos - INFO - Excel salvo: dados_coletados/cobasi_20260402_202431.xlsx (149 produtos)
2026-04-02 20:24:31,823 - gerenciador_principal - INFO - Cobasi: Arquivo individual salvo com sucesso
2026-04-02 20:24:31,823 - gerenciador_principal - INFO - Pausando entre sites...
2026-04-02 20:24:33,823 - gerenciador_principal - INFO - [2/3] Processando Petlove
2026-04-02 20:24:33,823 - scraper_base - INFO - 🚀 Iniciando scraping completo - Petlove
2026-04-02 20:24:34,101 - scraper_base - INFO - 📋 20 medicamentos para processar
2026-04-02 20:24:34,101 - scraper_base - INFO - 📦 [1/20] Processando Simparic
2026-04-02 20:24:34,101 - scraper_base - INFO - 🔍 Petlove: Buscando Simparic
2026-04-02 20:24:39,732 - gerenciador_conexoes - INFO - Chrome inicializado com otimizacoes de velocidade
2026-04-02 20:24:42,581 - scraper_base - INFO - ✅ Petlove: 27 produto(s) encontrado(s) para Simparic
2026-04-02 20:24:44,338 - scraper_base - INFO - 📦 [2/20] Processando Revolution
2026-04-02 20:24:44,338 - scraper_base - INFO - 🔍 Petlove: Buscando Revolution
2026-04-02 20:24:46,291 - scraper_base - INFO - ✅ Petlove: 20 produto(s) encontrado(s) para Revolution
2026-04-02 20:24:48,584 - scraper_base - INFO - 📦 [3/20] Processando NexGard
2026-04-02 20:24:48,584 - scraper_base - INFO - 🔍 Petlove: Buscando NexGard
2026-04-02 20:24:50,349 - scraper_base - INFO - ✅ Petlove: 11 produto(s) encontrado(s) para NexGard
2026-04-02 20:24:51,401 - scraper_base - INFO - 📦 [4/20] Processando NexGard Spectra
2026-04-02 20:24:51,401 - scraper_base - INFO - 🔍 Petlove: Buscando NexGard Spectra
2026-04-02 20:24:52,756 - scraper_base - INFO - ✅ Petlove: 5 produto(s) encontrado(s) para NexGard Spectra
2026-04-02 20:24:54,321 - scraper_base - INFO - 📦 [5/20] Processando NexGard Combo
2026-04-02 20:24:54,321 - scraper_base - INFO - 🔍 Petlove: Buscando NexGard Combo
2026-04-02 20:24:55,709 - scraper_base - INFO - ✅ Petlove: 2 produto(s) encontrado(s) para NexGard Combo
2026-04-02 20:24:58,677 - scraper_base - INFO - 📦 [6/20] Processando Bravecto
2026-04-02 20:24:58,677 - scraper_base - INFO - 🔍 Petlove: Buscando Bravecto
2026-04-02 20:25:01,256 - scraper_base - INFO - ✅ Petlove: 23 produto(s) encontrado(s) para Bravecto
2026-04-02 20:25:03,801 - scraper_base - INFO - 📦 [7/20] Processando Frontline
2026-04-02 20:25:03,801 - scraper_base - INFO - 🔍 Petlove: Buscando Frontline
2026-04-02 20:25:05,633 - scraper_base - INFO - ✅ Petlove: 11 produto(s) encontrado(s) para Frontline
2026-04-02 20:25:08,586 - scraper_base - INFO - 📦 [8/20] Processando Advocate
2026-04-02 20:25:08,586 - scraper_base - INFO - 🔍 Petlove: Buscando Advocate
2026-04-02 20:25:10,372 - scraper_base - INFO - ✅ Petlove: 9 produto(s) encontrado(s) para Advocate
2026-04-02 20:25:11,948 - scraper_base - INFO - 📦 [9/20] Processando Drontal
2026-04-02 20:25:11,948 - scraper_base - INFO - 🔍 Petlove: Buscando Drontal
2026-04-02 20:25:13,967 - scraper_base - INFO - ✅ Petlove: 36 produto(s) encontrado(s) para Drontal
2026-04-02 20:25:15,842 - scraper_base - INFO - 📦 [10/20] Processando Milbemax
2026-04-02 20:25:15,842 - scraper_base - INFO - 🔍 Petlove: Buscando Milbemax
2026-04-02 20:25:17,282 - scraper_base - INFO - ✅ Petlove: 14 produto(s) encontrado(s) para Milbemax
2026-04-02 20:25:19,793 - scraper_base - INFO - 📦 [11/20] Processando Vermivet
2026-04-02 20:25:19,794 - scraper_base - INFO - 🔍 Petlove: Buscando Vermivet
2026-04-02 20:25:21,711 - scraper_base - INFO - ✅ Petlove: 36 produto(s) encontrado(s) para Vermivet
2026-04-02 20:25:23,371 - scraper_base - INFO - 📦 [12/20] Processando Rimadyl
2026-04-02 20:25:23,371 - scraper_base - INFO - 🔍 Petlove: Buscando Rimadyl
2026-04-02 20:25:25,038 - scraper_base - INFO - ✅ Petlove: 1 produto(s) encontrado(s) para Rimadyl
2026-04-02 20:25:27,203 - scraper_base - INFO - 📦 [13/20] Processando Onsior
2026-04-02 20:25:27,203 - scraper_base - INFO - 🔍 Petlove: Buscando Onsior
2026-04-02 20:25:29,587 - scraper_base - INFO - ✅ Petlove: 4 produto(s) encontrado(s) para Onsior
2026-04-02 20:25:30,856 - scraper_base - INFO - 📦 [14/20] Processando Maxicam
2026-04-02 20:25:30,856 - scraper_base - INFO - 🔍 Petlove: Buscando Maxicam
2026-04-02 20:25:32,276 - scraper_base - INFO - ✅ Petlove: 3 produto(s) encontrado(s) para Maxicam
2026-04-02 20:25:33,598 - scraper_base - INFO - 📦 [15/20] Processando Carproflan
2026-04-02 20:25:33,598 - scraper_base - INFO - 🔍 Petlove: Buscando Carproflan
2026-04-02 20:25:35,344 - scraper_base - INFO - ✅ Petlove: 8 produto(s) encontrado(s) para Carproflan
2026-04-02 20:25:37,482 - scraper_base - INFO - 📦 [16/20] Processando Previcox
2026-04-02 20:25:37,482 - scraper_base - INFO - 🔍 Petlove: Buscando Previcox
2026-04-02 20:25:38,859 - scraper_base - INFO - ✅ Petlove: 4 produto(s) encontrado(s) para Previcox
2026-04-02 20:25:41,459 - scraper_base - INFO - 📦 [17/20] Processando Apoquel
2026-04-02 20:25:41,459 - scraper_base - INFO - 🔍 Petlove: Buscando Apoquel
2026-04-02 20:25:46,335 - scraper_base - INFO - ✅ Petlove: 16 produto(s) encontrado(s) para Apoquel
2026-04-02 20:25:47,954 - scraper_base - INFO - 📦 [18/20] Processando Zenrelia
2026-04-02 20:25:47,954 - scraper_base - INFO - 🔍 Petlove: Buscando Zenrelia
2026-04-02 20:25:49,971 - scraper_base - INFO - ✅ Petlove: 4 produto(s) encontrado(s) para Zenrelia
2026-04-02 20:25:51,490 - scraper_base - INFO - 📦 [19/20] Processando Synulox
2026-04-02 20:25:51,490 - scraper_base - INFO - 🔍 Petlove: Buscando Synulox
2026-04-02 20:25:53,065 - scraper_base - INFO - ✅ Petlove: 1 produto(s) encontrado(s) para Synulox
2026-04-02 20:25:54,711 - scraper_base - INFO - 📦 [20/20] Processando Baytril
2026-04-02 20:25:54,711 - scraper_base - INFO - 🔍 Petlove: Buscando Baytril
2026-04-02 20:25:56,662 - scraper_base - INFO - ✅ Petlove: 4 produto(s) encontrado(s) para Baytril
2026-04-02 20:25:58,004 - scraper_base - INFO - 📊 Petlove - Estatísticas finais:
2026-04-02 20:25:58,004 - scraper_base - INFO -    • Medicamentos processados: 20
2026-04-02 20:25:58,004 - scraper_base - INFO -    • Produtos encontrados: 239
2026-04-02 20:25:58,005 - scraper_base - INFO -    • Medicamentos sem resultado: 0
2026-04-02 20:25:58,005 - scraper_base - INFO -    • Tempo total: 84.2s
2026-04-02 20:25:58,005 - scraper_base - INFO -    • Tempo médio por medicamento: 4.2s
2026-04-02 20:25:58,096 - gerenciador_arquivos - INFO - Excel salvo: dados_coletados/petlove_20260402_202558.xlsx (239 produtos)
2026-04-02 20:25:58,096 - gerenciador_principal - INFO - Petlove: Arquivo individual salvo com sucesso
2026-04-02 20:25:58,096 - gerenciador_principal - INFO - Pausando entre sites...
2026-04-02 20:26:00,096 - gerenciador_principal - INFO - [3/3] Processando Petz
2026-04-02 20:26:00,097 - scraper_base - INFO - 🚀 Iniciando scraping completo - Petz
2026-04-02 20:26:00,448 - scraper_base - INFO - 📋 20 medicamentos para processar
2026-04-02 20:26:00,448 - scraper_base - INFO - 📦 [1/20] Processando Simparic
2026-04-02 20:26:00,448 - scraper_base - INFO - 🔍 Petz: Buscando Simparic
2026-04-02 20:26:03,508 - scraper_base - INFO - ✅ Petz: 12 produto(s) encontrado(s) para Simparic
2026-04-02 20:26:06,478 - scraper_base - INFO - 📦 [2/20] Processando Revolution
2026-04-02 20:26:06,478 - scraper_base - INFO - 🔍 Petz: Buscando Revolution
2026-04-02 20:26:09,402 - scraper_base - INFO - ✅ Petz: 21 produto(s) encontrado(s) para Revolution
2026-04-02 20:26:11,866 - scraper_base - INFO - 📦 [3/20] Processando NexGard
2026-04-02 20:26:11,866 - scraper_base - INFO - 🔍 Petz: Buscando NexGard
2026-04-02 20:26:13,976 - scraper_base - INFO - ✅ Petz: 22 produto(s) encontrado(s) para NexGard
2026-04-02 20:26:15,344 - scraper_base - INFO - 📦 [4/20] Processando NexGard Spectra
2026-04-02 20:26:15,345 - scraper_base - INFO - 🔍 Petz: Buscando NexGard Spectra
2026-04-02 20:26:17,565 - scraper_base - INFO - ✅ Petz: 10 produto(s) encontrado(s) para NexGard Spectra
2026-04-02 20:26:18,744 - scraper_base - INFO - 📦 [5/20] Processando NexGard Combo
2026-04-02 20:26:18,744 - scraper_base - INFO - 🔍 Petz: Buscando NexGard Combo
2026-04-02 20:26:20,591 - scraper_base - INFO - ✅ Petz: 4 produto(s) encontrado(s) para NexGard Combo
2026-04-02 20:26:22,755 - scraper_base - INFO - 📦 [6/20] Processando Bravecto
2026-04-02 20:26:22,755 - scraper_base - INFO - 🔍 Petz: Buscando Bravecto
2026-04-02 20:26:25,250 - scraper_base - INFO - ✅ Petz: 16 produto(s) encontrado(s) para Bravecto
2026-04-02 20:26:26,989 - scraper_base - INFO - 📦 [7/20] Processando Frontline
2026-04-02 20:26:26,989 - scraper_base - INFO - 🔍 Petz: Buscando Frontline
2026-04-02 20:26:29,088 - scraper_base - INFO - ✅ Petz: 11 produto(s) encontrado(s) para Frontline
2026-04-02 20:26:32,036 - scraper_base - INFO - 📦 [8/20] Processando Advocate
2026-04-02 20:26:32,037 - scraper_base - INFO - 🔍 Petz: Buscando Advocate
2026-04-02 20:26:33,881 - scraper_base - INFO - ✅ Petz: 12 produto(s) encontrado(s) para Advocate
2026-04-02 20:26:35,824 - scraper_base - INFO - 📦 [9/20] Processando Drontal
2026-04-02 20:26:35,824 - scraper_base - INFO - 🔍 Petz: Buscando Drontal
2026-04-02 20:26:38,647 - scraper_base - INFO - ✅ Petz: 31 produto(s) encontrado(s) para Drontal
2026-04-02 20:26:41,025 - scraper_base - INFO - 📦 [10/20] Processando Milbemax
2026-04-02 20:26:41,025 - scraper_base - INFO - 🔍 Petz: Buscando Milbemax
2026-04-02 20:26:43,157 - scraper_base - INFO - ✅ Petz: 4 produto(s) encontrado(s) para Milbemax
2026-04-02 20:26:45,974 - scraper_base - INFO - 📦 [11/20] Processando Vermivet
2026-04-02 20:26:45,974 - scraper_base - INFO - 🔍 Petz: Buscando Vermivet
2026-04-02 20:26:47,892 - scraper_base - INFO - ✅ Petz: 5 produto(s) encontrado(s) para Vermivet
2026-04-02 20:26:49,171 - scraper_base - INFO - 📦 [12/20] Processando Rimadyl
2026-04-02 20:26:49,171 - scraper_base - INFO - 🔍 Petz: Buscando Rimadyl
2026-04-02 20:26:50,802 - scraper_base - INFO - ✅ Petz: 3 produto(s) encontrado(s) para Rimadyl
2026-04-02 20:26:53,288 - scraper_base - INFO - 📦 [13/20] Processando Onsior
2026-04-02 20:26:53,289 - scraper_base - INFO - 🔍 Petz: Buscando Onsior
2026-04-02 20:26:54,980 - scraper_base - INFO - ✅ Petz: 4 produto(s) encontrado(s) para Onsior
2026-04-02 20:26:56,599 - scraper_base - INFO - 📦 [14/20] Processando Maxicam
2026-04-02 20:26:56,600 - scraper_base - INFO - 🔍 Petz: Buscando Maxicam
2026-04-02 20:26:58,893 - scraper_base - INFO - ✅ Petz: 28 produto(s) encontrado(s) para Maxicam
2026-04-02 20:27:00,169 - scraper_base - INFO - 📦 [15/20] Processando Carproflan
2026-04-02 20:27:00,169 - scraper_base - INFO - 🔍 Petz: Buscando Carproflan
2026-04-02 20:27:02,089 - scraper_base - INFO - ✅ Petz: 3 produto(s) encontrado(s) para Carproflan
2026-04-02 20:27:03,205 - scraper_base - INFO - 📦 [16/20] Processando Previcox
2026-04-02 20:27:03,205 - scraper_base - INFO - 🔍 Petz: Buscando Previcox
2026-04-02 20:27:04,780 - scraper_base - INFO - ✅ Petz: 2 produto(s) encontrado(s) para Previcox
2026-04-02 20:27:07,151 - scraper_base - INFO - 📦 [17/20] Processando Apoquel
2026-04-02 20:27:07,151 - scraper_base - INFO - 🔍 Petz: Buscando Apoquel
2026-04-02 20:27:09,366 - scraper_base - INFO - ✅ Petz: 3 produto(s) encontrado(s) para Apoquel
2026-04-02 20:27:12,303 - scraper_base - INFO - 📦 [18/20] Processando Zenrelia
2026-04-02 20:27:12,303 - scraper_base - INFO - 🔍 Petz: Buscando Zenrelia
2026-04-02 20:27:13,982 - scraper_base - INFO - ✅ Petz: 4 produto(s) encontrado(s) para Zenrelia
2026-04-02 20:27:16,742 - scraper_base - INFO - 📦 [19/20] Processando Synulox
2026-04-02 20:27:16,742 - scraper_base - INFO - 🔍 Petz: Buscando Synulox
2026-04-02 20:27:18,590 - scraper_base - INFO - ✅ Petz: 2 produto(s) encontrado(s) para Synulox
2026-04-02 20:27:19,764 - scraper_base - INFO - 📦 [20/20] Processando Baytril
2026-04-02 20:27:19,765 - scraper_base - INFO - 🔍 Petz: Buscando Baytril
2026-04-02 20:27:21,924 - scraper_base - INFO - ✅ Petz: 9 produto(s) encontrado(s) para Baytril
2026-04-02 20:27:23,059 - scraper_base - INFO - 📊 Petz - Estatísticas finais:
2026-04-02 20:27:23,059 - scraper_base - INFO -    • Medicamentos processados: 20
2026-04-02 20:27:23,059 - scraper_base - INFO -    • Produtos encontrados: 206
2026-04-02 20:27:23,059 - scraper_base - INFO -    • Medicamentos sem resultado: 0
2026-04-02 20:27:23,059 - scraper_base - INFO -    • Tempo total: 83.0s
2026-04-02 20:27:23,059 - scraper_base - INFO -    • Tempo médio por medicamento: 4.1s
2026-04-02 20:27:23,103 - gerenciador_arquivos - INFO - Excel salvo: dados_coletados/petz_20260402_202723.xlsx (206 produtos)
2026-04-02 20:27:23,103 - gerenciador_principal - INFO - Petz: Arquivo individual salvo com sucesso
2026-04-02 20:27:23,103 - gerenciador_principal - INFO - Gerando relatório consolidado...
2026-04-02 20:27:23,356 - gerenciador_arquivos - INFO - Relatório consolidado salvo: dados_relatorios/relatorio_consolidado_20260402_202723.xlsx
2026-04-02 20:27:23,478 - gerenciador_conexoes - INFO - Chrome fechado
2026-04-02 20:27:23,478 - gerenciador_conexoes - INFO - Métodos utilizados - Requests: 33.3%, Selenium: 66.7%, Falhas: 0.0%
2026-04-02 20:27:23,478 - gerenciador_principal - INFO - ============================================================
2026-04-02 20:27:23,478 - gerenciador_principal - INFO - RELATORIO FINAL DE EXECUÇÃO
2026-04-02 20:27:23,478 - gerenciador_principal - INFO - ============================================================
2026-04-02 20:27:23,478 - gerenciador_principal - INFO - Sites processados: 3
2026-04-02 20:27:23,478 - gerenciador_principal - INFO - Sites com sucesso: 3
2026-04-02 20:27:23,479 - gerenciador_principal - INFO - Total de produtos coletados: 594
2026-04-02 20:27:23,479 - gerenciador_principal - INFO - Tempo total de execução: 297.0 segundos
2026-04-02 20:27:23,479 - gerenciador_principal - INFO - Estatísticas de conexão:
2026-04-02 20:27:23,479 - gerenciador_principal - INFO -   - Requests bem-sucedidos: 33.3%
2026-04-02 20:27:23,479 - gerenciador_principal - INFO -   - Selenium fallback: 66.7%
2026-04-02 20:27:23,479 - gerenciador_principal - INFO -   - Falhas totais: 0.0%
2026-04-02 20:27:23,481 - gerenciador_principal - INFO - Arquivos salvos na pasta: dados_coletados
2026-04-02 20:27:23,481 - gerenciador_principal - INFO - Total de arquivos: 542
2026-04-02 20:27:23,481 - gerenciador_principal - INFO - ============================================================
