2026-01-04 20:11:02,061 - configurador_logs - INFO - Sistema de logs configurado com sucesso
2026-01-04 20:11:02,061 - configurador_logs - INFO - 🚀 Logs configurados para MODO PRODUÇÃO
2026-01-04 20:11:02,061 - gerenciador_principal - INFO - Inicializando sistema - Modo: PRODUCAO
2026-01-04 20:11:02,061 - gerenciador_arquivos - INFO - Pasta dados_coletados preparada
2026-01-04 20:11:02,061 - gerenciador_principal - INFO - Sistema inicializado com 3 scrapers
2026-01-04 20:11:02,061 - gerenciador_principal - INFO - ============================================================
2026-01-04 20:11:02,061 - gerenciador_principal - INFO - INICIANDO SCRAPING COMPLETO - PRODUCAO
2026-01-04 20:11:02,061 - gerenciador_principal - INFO - ============================================================
2026-01-04 20:11:02,062 - gerenciador_principal - INFO - [1/3] Processando Cobasi
2026-01-04 20:11:02,062 - scraper_base - INFO - 🚀 Iniciando scraping completo - Cobasi
2026-01-04 20:11:02,800 - gerenciador_conexoes - INFO - Sessao estabelecida com cobasi.com.br
2026-01-04 20:11:02,800 - scraper_base - INFO - 📋 20 medicamentos para processar
2026-01-04 20:11:02,800 - scraper_base - INFO - 📦 [1/20] Processando Simparic
2026-01-04 20:11:02,800 - scraper_base - INFO - 🔍 Cobasi: Buscando Simparic
2026-01-04 20:11:05,171 - scraper_cobasi - INFO - Cobasi: Dados extraídos via JSON para Simparic
2026-01-04 20:11:05,171 - scraper_base - INFO - ✅ Cobasi: 12 produto(s) encontrado(s) para Simparic
2026-01-04 20:11:07,110 - scraper_base - INFO - 📦 [2/20] Processando Revolution
2026-01-04 20:11:07,110 - scraper_base - INFO - 🔍 Cobasi: Buscando Revolution
2026-01-04 20:11:09,723 - scraper_cobasi - INFO - Cobasi: Dados extraídos via JSON para Revolution
2026-01-04 20:11:09,723 - scraper_base - INFO - ✅ Cobasi: 18 produto(s) encontrado(s) para Revolution
2026-01-04 20:11:12,127 - scraper_base - INFO - 📦 [3/20] Processando NexGard
2026-01-04 20:11:12,127 - scraper_base - INFO - 🔍 Cobasi: Buscando NexGard
2026-01-04 20:11:15,482 - scraper_cobasi - INFO - Cobasi: Dados extraídos via JSON para NexGard
2026-01-04 20:11:15,482 - scraper_base - INFO - ✅ Cobasi: 22 produto(s) encontrado(s) para NexGard
2026-01-04 20:11:17,025 - scraper_base - INFO - 📦 [4/20] Processando NexGard Spectra
2026-01-04 20:11:17,025 - scraper_base - INFO - 🔍 Cobasi: Buscando NexGard Spectra
2026-01-04 20:11:19,973 - scraper_cobasi - INFO - Cobasi: Dados extraídos via JSON para NexGard Spectra
2026-01-04 20:11:19,973 - scraper_base - INFO - ✅ Cobasi: 10 produto(s) encontrado(s) para NexGard Spectra
2026-01-04 20:11:21,920 - scraper_base - INFO - 📦 [5/20] Processando NexGard Combo
2026-01-04 20:11:21,920 - scraper_base - INFO - 🔍 Cobasi: Buscando NexGard Combo
2026-01-04 20:11:23,708 - scraper_cobasi - INFO - Cobasi: Dados extraídos via JSON para NexGard Combo
2026-01-04 20:11:23,708 - scraper_base - INFO - ✅ Cobasi: 4 produto(s) encontrado(s) para NexGard Combo
2026-01-04 20:11:26,037 - scraper_base - INFO - 📦 [6/20] Processando Bravecto
2026-01-04 20:11:26,037 - scraper_base - INFO - 🔍 Cobasi: Buscando Bravecto
2026-01-04 20:11:28,916 - scraper_cobasi - INFO - Cobasi: Dados extraídos via JSON para Bravecto
2026-01-04 20:11:28,916 - scraper_base - INFO - ✅ Cobasi: 16 produto(s) encontrado(s) para Bravecto
2026-01-04 20:11:30,405 - scraper_base - INFO - 📦 [7/20] Processando Frontline
2026-01-04 20:11:30,406 - scraper_base - INFO - 🔍 Cobasi: Buscando Frontline
2026-01-04 20:11:32,974 - scraper_cobasi - INFO - Cobasi: Dados extraídos via JSON para Frontline
2026-01-04 20:11:32,974 - scraper_base - INFO - ✅ Cobasi: 10 produto(s) encontrado(s) para Frontline
2026-01-04 20:11:34,514 - scraper_base - INFO - 📦 [8/20] Processando Advocate
2026-01-04 20:11:34,515 - scraper_base - INFO - 🔍 Cobasi: Buscando Advocate
2026-01-04 20:11:36,971 - scraper_cobasi - INFO - Cobasi: Dados extraídos via JSON para Advocate
2026-01-04 20:11:36,971 - scraper_base - INFO - ✅ Cobasi: 12 produto(s) encontrado(s) para Advocate
2026-01-04 20:11:39,401 - scraper_base - INFO - 📦 [9/20] Processando Drontal
2026-01-04 20:11:39,401 - scraper_base - INFO - 🔍 Cobasi: Buscando Drontal
2026-01-04 20:11:40,459 - scraper_cobasi - INFO - Cobasi: Dados extraídos via JSON para Drontal
2026-01-04 20:11:40,459 - scraper_base - INFO - ✅ Cobasi: 8 produto(s) encontrado(s) para Drontal
2026-01-04 20:11:41,637 - scraper_base - INFO - 📦 [10/20] Processando Milbemax
2026-01-04 20:11:41,637 - scraper_base - INFO - 🔍 Cobasi: Buscando Milbemax
2026-01-04 20:11:43,977 - scraper_cobasi - INFO - Cobasi: Dados extraídos via JSON para Milbemax
2026-01-04 20:11:43,977 - scraper_base - INFO - ✅ Cobasi: 4 produto(s) encontrado(s) para Milbemax
2026-01-04 20:11:45,618 - scraper_base - INFO - 📦 [11/20] Processando Vermivet
2026-01-04 20:11:45,619 - scraper_base - INFO - 🔍 Cobasi: Buscando Vermivet
2026-01-04 20:11:47,548 - scraper_cobasi - INFO - Cobasi: Dados extraídos via JSON para Vermivet
2026-01-04 20:11:47,548 - scraper_base - INFO - ✅ Cobasi: 5 produto(s) encontrado(s) para Vermivet
2026-01-04 20:11:48,766 - scraper_base - INFO - 📦 [12/20] Processando Rimadyl
2026-01-04 20:11:48,766 - scraper_base - INFO - 🔍 Cobasi: Buscando Rimadyl
2026-01-04 20:11:50,816 - scraper_cobasi - INFO - Cobasi: Dados extraídos via JSON para Rimadyl
2026-01-04 20:11:50,817 - scraper_base - INFO - ✅ Cobasi: 3 produto(s) encontrado(s) para Rimadyl
2026-01-04 20:11:52,392 - scraper_base - INFO - 📦 [13/20] Processando Onsior
2026-01-04 20:11:52,392 - scraper_base - INFO - 🔍 Cobasi: Buscando Onsior
2026-01-04 20:11:54,366 - scraper_cobasi - INFO - Cobasi: Dados extraídos via JSON para Onsior
2026-01-04 20:11:54,366 - scraper_base - INFO - ✅ Cobasi: 4 produto(s) encontrado(s) para Onsior
2026-01-04 20:11:55,431 - scraper_base - INFO - 📦 [14/20] Processando Maxicam
2026-01-04 20:11:55,431 - scraper_base - INFO - 🔍 Cobasi: Buscando Maxicam
2026-01-04 20:11:58,127 - scraper_cobasi - INFO - Cobasi: Dados extraídos via JSON para Maxicam
2026-01-04 20:11:58,127 - scraper_base - INFO - ✅ Cobasi: 21 produto(s) encontrado(s) para Maxicam
2026-01-04 20:11:59,477 - scraper_base - INFO - 📦 [15/20] Processando Carproflan
2026-01-04 20:11:59,477 - scraper_base - INFO - 🔍 Cobasi: Buscando Carproflan
2026-01-04 20:12:01,263 - scraper_cobasi - INFO - Cobasi: Dados extraídos via JSON para Carproflan
2026-01-04 20:12:01,263 - scraper_base - INFO - ✅ Cobasi: 3 produto(s) encontrado(s) para Carproflan
2026-01-04 20:12:03,466 - scraper_base - INFO - 📦 [16/20] Processando Previcox
2026-01-04 20:12:03,466 - scraper_base - INFO - 🔍 Cobasi: Buscando Previcox
2026-01-04 20:12:05,156 - scraper_cobasi - INFO - Cobasi: Dados extraídos via JSON para Previcox
2026-01-04 20:12:05,156 - scraper_base - INFO - ✅ Cobasi: 2 produto(s) encontrado(s) para Previcox
2026-01-04 20:12:06,457 - scraper_base - INFO - 📦 [17/20] Processando Apoquel
2026-01-04 20:12:06,457 - scraper_base - INFO - 🔍 Cobasi: Buscando Apoquel
2026-01-04 20:12:08,276 - scraper_cobasi - INFO - Cobasi: Dados extraídos via JSON para Apoquel
2026-01-04 20:12:08,276 - scraper_base - INFO - ✅ Cobasi: 3 produto(s) encontrado(s) para Apoquel
2026-01-04 20:12:10,059 - scraper_base - INFO - 📦 [18/20] Processando Zenrelia
2026-01-04 20:12:10,059 - scraper_base - INFO - 🔍 Cobasi: Buscando Zenrelia
2026-01-04 20:12:12,398 - scraper_cobasi - INFO - Cobasi: Dados extraídos via JSON para Zenrelia
2026-01-04 20:12:12,398 - scraper_base - INFO - ✅ Cobasi: 4 produto(s) encontrado(s) para Zenrelia
2026-01-04 20:12:14,395 - scraper_base - INFO - 📦 [19/20] Processando Synulox
2026-01-04 20:12:14,396 - scraper_base - INFO - 🔍 Cobasi: Buscando Synulox
2026-01-04 20:12:15,986 - scraper_cobasi - INFO - Cobasi: Dados extraídos via JSON para Synulox
2026-01-04 20:12:15,986 - scraper_base - INFO - ✅ Cobasi: 2 produto(s) encontrado(s) para Synulox
2026-01-04 20:12:18,002 - scraper_base - INFO - 📦 [20/20] Processando Baytril
2026-01-04 20:12:18,002 - scraper_base - INFO - 🔍 Cobasi: Buscando Baytril
2026-01-04 20:12:21,118 - scraper_cobasi - INFO - Cobasi: Dados extraídos via JSON para Baytril
2026-01-04 20:12:21,118 - scraper_base - INFO - ✅ Cobasi: 4 produto(s) encontrado(s) para Baytril
2026-01-04 20:12:22,255 - scraper_base - INFO - 📊 Cobasi - Estatísticas finais:
2026-01-04 20:12:22,255 - scraper_base - INFO -    • Medicamentos processados: 20
2026-01-04 20:12:22,255 - scraper_base - INFO -    • Produtos encontrados: 167
2026-01-04 20:12:22,255 - scraper_base - INFO -    • Medicamentos sem resultado: 0
2026-01-04 20:12:22,255 - scraper_base - INFO -    • Tempo total: 80.2s
2026-01-04 20:12:22,255 - scraper_base - INFO -    • Tempo médio por medicamento: 4.0s
2026-01-04 20:12:22,429 - gerenciador_arquivos - INFO - Excel salvo: dados_coletados/cobasi_20260104_201222.xlsx (167 produtos)
2026-01-04 20:12:22,429 - gerenciador_principal - INFO - Cobasi: Arquivo individual salvo com sucesso
2026-01-04 20:12:22,429 - gerenciador_principal - INFO - Pausando entre sites...
2026-01-04 20:12:24,429 - gerenciador_principal - INFO - [2/3] Processando Petlove
2026-01-04 20:12:24,429 - scraper_base - INFO - 🚀 Iniciando scraping completo - Petlove
2026-01-04 20:12:24,692 - scraper_base - INFO - 📋 20 medicamentos para processar
2026-01-04 20:12:24,692 - scraper_base - INFO - 📦 [1/20] Processando Simparic
2026-01-04 20:12:24,693 - scraper_base - INFO - 🔍 Petlove: Buscando Simparic
2026-01-04 20:12:32,287 - gerenciador_conexoes - INFO - Chrome inicializado com otimizacoes de velocidade
2026-01-04 20:12:35,012 - scraper_base - INFO - ✅ Petlove: 15 produto(s) encontrado(s) para Simparic
2026-01-04 20:12:36,031 - scraper_base - INFO - 📦 [2/20] Processando Revolution
2026-01-04 20:12:36,031 - scraper_base - INFO - 🔍 Petlove: Buscando Revolution
2026-01-04 20:12:37,737 - scraper_base - INFO - ✅ Petlove: 14 produto(s) encontrado(s) para Revolution
2026-01-04 20:12:39,250 - scraper_base - INFO - 📦 [3/20] Processando NexGard
2026-01-04 20:12:39,250 - scraper_base - INFO - 🔍 Petlove: Buscando NexGard
2026-01-04 20:12:40,469 - scraper_base - INFO - ✅ Petlove: 11 produto(s) encontrado(s) para NexGard
2026-01-04 20:12:42,735 - scraper_base - INFO - 📦 [4/20] Processando NexGard Spectra
2026-01-04 20:12:42,735 - scraper_base - INFO - 🔍 Petlove: Buscando NexGard Spectra
2026-01-04 20:12:43,888 - scraper_base - INFO - ✅ Petlove: 5 produto(s) encontrado(s) para NexGard Spectra
2026-01-04 20:12:46,682 - scraper_base - INFO - 📦 [5/20] Processando NexGard Combo
2026-01-04 20:12:46,682 - scraper_base - INFO - 🔍 Petlove: Buscando NexGard Combo
2026-01-04 20:12:47,960 - scraper_base - INFO - ✅ Petlove: 2 produto(s) encontrado(s) para NexGard Combo
2026-01-04 20:12:49,616 - scraper_base - INFO - 📦 [6/20] Processando Bravecto
2026-01-04 20:12:49,617 - scraper_base - INFO - 🔍 Petlove: Buscando Bravecto
2026-01-04 20:12:51,326 - scraper_base - INFO - ✅ Petlove: 23 produto(s) encontrado(s) para Bravecto
2026-01-04 20:12:52,424 - scraper_base - INFO - 📦 [7/20] Processando Frontline
2026-01-04 20:12:52,424 - scraper_base - INFO - 🔍 Petlove: Buscando Frontline
2026-01-04 20:12:54,705 - scraper_base - INFO - ✅ Petlove: 11 produto(s) encontrado(s) para Frontline
2026-01-04 20:12:56,112 - scraper_base - INFO - 📦 [8/20] Processando Advocate
2026-01-04 20:12:56,112 - scraper_base - INFO - 🔍 Petlove: Buscando Advocate
2026-01-04 20:12:57,636 - scraper_base - INFO - ✅ Petlove: 9 produto(s) encontrado(s) para Advocate
2026-01-04 20:13:00,362 - scraper_base - INFO - 📦 [9/20] Processando Drontal
2026-01-04 20:13:00,362 - scraper_base - INFO - 🔍 Petlove: Buscando Drontal
2026-01-04 20:13:02,087 - scraper_base - INFO - ✅ Petlove: 18 produto(s) encontrado(s) para Drontal
2026-01-04 20:13:05,070 - scraper_base - INFO - 📦 [10/20] Processando Milbemax
2026-01-04 20:13:05,070 - scraper_base - INFO - 🔍 Petlove: Buscando Milbemax
2026-01-04 20:13:06,601 - scraper_base - INFO - ✅ Petlove: 4 produto(s) encontrado(s) para Milbemax
2026-01-04 20:13:08,583 - scraper_base - INFO - 📦 [11/20] Processando Vermivet
2026-01-04 20:13:08,583 - scraper_base - INFO - 🔍 Petlove: Buscando Vermivet
2026-01-04 20:13:10,577 - scraper_base - INFO - ✅ Petlove: 36 produto(s) encontrado(s) para Vermivet
2026-01-04 20:13:12,964 - scraper_base - INFO - 📦 [12/20] Processando Rimadyl
2026-01-04 20:13:12,965 - scraper_base - INFO - 🔍 Petlove: Buscando Rimadyl
2026-01-04 20:13:14,846 - scraper_base - INFO - ✅ Petlove: 1 produto(s) encontrado(s) para Rimadyl
2026-01-04 20:13:17,279 - scraper_base - INFO - 📦 [13/20] Processando Onsior
2026-01-04 20:13:17,280 - scraper_base - INFO - 🔍 Petlove: Buscando Onsior
2026-01-04 20:13:18,769 - scraper_base - INFO - ✅ Petlove: 4 produto(s) encontrado(s) para Onsior
2026-01-04 20:13:19,898 - scraper_base - INFO - 📦 [14/20] Processando Maxicam
2026-01-04 20:13:19,898 - scraper_base - INFO - 🔍 Petlove: Buscando Maxicam
2026-01-04 20:13:21,360 - scraper_base - INFO - ✅ Petlove: 4 produto(s) encontrado(s) para Maxicam
2026-01-04 20:13:22,673 - scraper_base - INFO - 📦 [15/20] Processando Carproflan
2026-01-04 20:13:22,673 - scraper_base - INFO - 🔍 Petlove: Buscando Carproflan
2026-01-04 20:13:24,233 - scraper_base - INFO - ✅ Petlove: 4 produto(s) encontrado(s) para Carproflan
2026-01-04 20:13:26,350 - scraper_base - INFO - 📦 [16/20] Processando Previcox
2026-01-04 20:13:26,350 - scraper_base - INFO - 🔍 Petlove: Buscando Previcox
2026-01-04 20:13:27,963 - scraper_base - INFO - ✅ Petlove: 4 produto(s) encontrado(s) para Previcox
2026-01-04 20:13:30,560 - scraper_base - INFO - 📦 [17/20] Processando Apoquel
2026-01-04 20:13:30,560 - scraper_base - INFO - 🔍 Petlove: Buscando Apoquel
2026-01-04 20:13:32,094 - scraper_base - INFO - ✅ Petlove: 16 produto(s) encontrado(s) para Apoquel
2026-01-04 20:13:34,260 - scraper_base - INFO - 📦 [18/20] Processando Zenrelia
2026-01-04 20:13:34,260 - scraper_base - INFO - 🔍 Petlove: Buscando Zenrelia
2026-01-04 20:13:35,872 - scraper_base - INFO - ✅ Petlove: 4 produto(s) encontrado(s) para Zenrelia
2026-01-04 20:13:37,061 - scraper_base - INFO - 📦 [19/20] Processando Synulox
2026-01-04 20:13:37,062 - scraper_base - INFO - 🔍 Petlove: Buscando Synulox
2026-01-04 20:13:38,498 - scraper_base - INFO - ✅ Petlove: 1 produto(s) encontrado(s) para Synulox
2026-01-04 20:13:40,783 - scraper_base - INFO - 📦 [20/20] Processando Baytril
2026-01-04 20:13:40,783 - scraper_base - INFO - 🔍 Petlove: Buscando Baytril
2026-01-04 20:13:42,331 - scraper_base - INFO - ✅ Petlove: 4 produto(s) encontrado(s) para Baytril
2026-01-04 20:13:44,377 - scraper_base - INFO - 📊 Petlove - Estatísticas finais:
2026-01-04 20:13:44,377 - scraper_base - INFO -    • Medicamentos processados: 20
2026-01-04 20:13:44,377 - scraper_base - INFO -    • Produtos encontrados: 190
2026-01-04 20:13:44,378 - scraper_base - INFO -    • Medicamentos sem resultado: 0
2026-01-04 20:13:44,378 - scraper_base - INFO -    • Tempo total: 79.9s
2026-01-04 20:13:44,378 - scraper_base - INFO -    • Tempo médio por medicamento: 4.0s
2026-01-04 20:13:44,411 - gerenciador_arquivos - INFO - Excel salvo: dados_coletados/petlove_20260104_201344.xlsx (190 produtos)
2026-01-04 20:13:44,411 - gerenciador_principal - INFO - Petlove: Arquivo individual salvo com sucesso
2026-01-04 20:13:44,411 - gerenciador_principal - INFO - Pausando entre sites...
2026-01-04 20:13:46,412 - gerenciador_principal - INFO - [3/3] Processando Petz
2026-01-04 20:13:46,412 - scraper_base - INFO - 🚀 Iniciando scraping completo - Petz
2026-01-04 20:13:46,693 - scraper_base - INFO - 📋 20 medicamentos para processar
2026-01-04 20:13:46,694 - scraper_base - INFO - 📦 [1/20] Processando Simparic
2026-01-04 20:13:46,694 - scraper_base - INFO - 🔍 Petz: Buscando Simparic
2026-01-04 20:13:46,857 - scraper_petz - INFO - Petz: Nenhum product-card encontrado para Simparic
2026-01-04 20:13:46,857 - scraper_base - INFO - ⚪ Petz: Nenhum produto encontrado para Simparic
2026-01-04 20:13:49,091 - scraper_base - INFO - 📦 [2/20] Processando Revolution
2026-01-04 20:13:49,091 - scraper_base - INFO - 🔍 Petz: Buscando Revolution
2026-01-04 20:13:49,210 - scraper_petz - INFO - Petz: Nenhum product-card encontrado para Revolution
2026-01-04 20:13:49,210 - scraper_base - INFO - ⚪ Petz: Nenhum produto encontrado para Revolution
2026-01-04 20:13:52,088 - scraper_base - INFO - 📦 [3/20] Processando NexGard
2026-01-04 20:13:52,088 - scraper_base - INFO - 🔍 Petz: Buscando NexGard
2026-01-04 20:13:52,195 - scraper_petz - INFO - Petz: Nenhum product-card encontrado para NexGard
2026-01-04 20:13:52,195 - scraper_base - INFO - ⚪ Petz: Nenhum produto encontrado para NexGard
2026-01-04 20:13:53,662 - scraper_base - INFO - 📦 [4/20] Processando NexGard Spectra
2026-01-04 20:13:53,663 - scraper_base - INFO - 🔍 Petz: Buscando NexGard Spectra
2026-01-04 20:13:53,782 - scraper_petz - INFO - Petz: Nenhum product-card encontrado para NexGard Spectra
2026-01-04 20:13:53,782 - scraper_base - INFO - ⚪ Petz: Nenhum produto encontrado para NexGard Spectra
2026-01-04 20:13:55,344 - scraper_base - INFO - 📦 [5/20] Processando NexGard Combo
2026-01-04 20:13:55,345 - scraper_base - INFO - 🔍 Petz: Buscando NexGard Combo
2026-01-04 20:13:55,474 - scraper_petz - INFO - Petz: Nenhum product-card encontrado para NexGard Combo
2026-01-04 20:13:55,474 - scraper_base - INFO - ⚪ Petz: Nenhum produto encontrado para NexGard Combo
2026-01-04 20:13:57,378 - scraper_base - INFO - 📦 [6/20] Processando Bravecto
2026-01-04 20:13:57,378 - scraper_base - INFO - 🔍 Petz: Buscando Bravecto
2026-01-04 20:13:57,485 - scraper_petz - INFO - Petz: Nenhum product-card encontrado para Bravecto
2026-01-04 20:13:57,485 - scraper_base - INFO - ⚪ Petz: Nenhum produto encontrado para Bravecto
2026-01-04 20:13:59,868 - scraper_base - INFO - 📦 [7/20] Processando Frontline
2026-01-04 20:13:59,868 - scraper_base - INFO - 🔍 Petz: Buscando Frontline
2026-01-04 20:14:00,018 - scraper_petz - INFO - Petz: Nenhum product-card encontrado para Frontline
2026-01-04 20:14:00,018 - scraper_base - INFO - ⚪ Petz: Nenhum produto encontrado para Frontline
2026-01-04 20:14:02,262 - scraper_base - INFO - 📦 [8/20] Processando Advocate
2026-01-04 20:14:02,262 - scraper_base - INFO - 🔍 Petz: Buscando Advocate
2026-01-04 20:14:02,364 - scraper_petz - INFO - Petz: Nenhum product-card encontrado para Advocate
2026-01-04 20:14:02,364 - scraper_base - INFO - ⚪ Petz: Nenhum produto encontrado para Advocate
2026-01-04 20:14:03,888 - scraper_base - INFO - 📦 [9/20] Processando Drontal
2026-01-04 20:14:03,889 - scraper_base - INFO - 🔍 Petz: Buscando Drontal
2026-01-04 20:14:03,992 - scraper_petz - INFO - Petz: Nenhum product-card encontrado para Drontal
2026-01-04 20:14:03,992 - scraper_base - INFO - ⚪ Petz: Nenhum produto encontrado para Drontal
2026-01-04 20:14:06,589 - scraper_base - INFO - 📦 [10/20] Processando Milbemax
2026-01-04 20:14:06,589 - scraper_base - INFO - 🔍 Petz: Buscando Milbemax
2026-01-04 20:14:06,705 - scraper_petz - INFO - Petz: Nenhum product-card encontrado para Milbemax
2026-01-04 20:14:06,705 - scraper_base - INFO - ⚪ Petz: Nenhum produto encontrado para Milbemax
2026-01-04 20:14:09,288 - scraper_base - INFO - 📦 [11/20] Processando Vermivet
2026-01-04 20:14:09,288 - scraper_base - INFO - 🔍 Petz: Buscando Vermivet
2026-01-04 20:14:10,064 - scraper_petz - INFO - Petz: Nenhum product-card encontrado para Vermivet
2026-01-04 20:14:10,064 - scraper_base - INFO - ⚪ Petz: Nenhum produto encontrado para Vermivet
2026-01-04 20:14:12,310 - scraper_base - INFO - 📦 [12/20] Processando Rimadyl
2026-01-04 20:14:12,311 - scraper_base - INFO - 🔍 Petz: Buscando Rimadyl
2026-01-04 20:14:12,419 - scraper_petz - INFO - Petz: Nenhum product-card encontrado para Rimadyl
2026-01-04 20:14:12,419 - scraper_base - INFO - ⚪ Petz: Nenhum produto encontrado para Rimadyl
2026-01-04 20:14:13,970 - scraper_base - INFO - 📦 [13/20] Processando Onsior
2026-01-04 20:14:13,970 - scraper_base - INFO - 🔍 Petz: Buscando Onsior
2026-01-04 20:14:14,086 - scraper_petz - INFO - Petz: Nenhum product-card encontrado para Onsior
2026-01-04 20:14:14,086 - scraper_base - INFO - ⚪ Petz: Nenhum produto encontrado para Onsior
2026-01-04 20:14:16,693 - scraper_base - INFO - 📦 [14/20] Processando Maxicam
2026-01-04 20:14:16,693 - scraper_base - INFO - 🔍 Petz: Buscando Maxicam
2026-01-04 20:14:16,791 - scraper_petz - INFO - Petz: Nenhum product-card encontrado para Maxicam
2026-01-04 20:14:16,791 - scraper_base - INFO - ⚪ Petz: Nenhum produto encontrado para Maxicam
2026-01-04 20:14:18,565 - scraper_base - INFO - 📦 [15/20] Processando Carproflan
2026-01-04 20:14:18,565 - scraper_base - INFO - 🔍 Petz: Buscando Carproflan
2026-01-04 20:14:18,676 - scraper_petz - INFO - Petz: Nenhum product-card encontrado para Carproflan
2026-01-04 20:14:18,676 - scraper_base - INFO - ⚪ Petz: Nenhum produto encontrado para Carproflan
2026-01-04 20:14:20,040 - scraper_base - INFO - 📦 [16/20] Processando Previcox
2026-01-04 20:14:20,040 - scraper_base - INFO - 🔍 Petz: Buscando Previcox
2026-01-04 20:14:20,142 - scraper_petz - INFO - Petz: Nenhum product-card encontrado para Previcox
2026-01-04 20:14:20,142 - scraper_base - INFO - ⚪ Petz: Nenhum produto encontrado para Previcox
2026-01-04 20:14:22,038 - scraper_base - INFO - 📦 [17/20] Processando Apoquel
2026-01-04 20:14:22,038 - scraper_base - INFO - 🔍 Petz: Buscando Apoquel
2026-01-04 20:14:22,140 - scraper_petz - INFO - Petz: Nenhum product-card encontrado para Apoquel
2026-01-04 20:14:22,140 - scraper_base - INFO - ⚪ Petz: Nenhum produto encontrado para Apoquel
2026-01-04 20:14:25,081 - scraper_base - INFO - 📦 [18/20] Processando Zenrelia
2026-01-04 20:14:25,082 - scraper_base - INFO - 🔍 Petz: Buscando Zenrelia
2026-01-04 20:14:25,182 - scraper_petz - INFO - Petz: Nenhum product-card encontrado para Zenrelia
2026-01-04 20:14:25,182 - scraper_base - INFO - ⚪ Petz: Nenhum produto encontrado para Zenrelia
2026-01-04 20:14:27,501 - scraper_base - INFO - 📦 [19/20] Processando Synulox
2026-01-04 20:14:27,501 - scraper_base - INFO - 🔍 Petz: Buscando Synulox
2026-01-04 20:14:27,605 - scraper_petz - INFO - Petz: Nenhum product-card encontrado para Synulox
2026-01-04 20:14:27,605 - scraper_base - INFO - ⚪ Petz: Nenhum produto encontrado para Synulox
2026-01-04 20:14:29,835 - scraper_base - INFO - 📦 [20/20] Processando Baytril
2026-01-04 20:14:29,835 - scraper_base - INFO - 🔍 Petz: Buscando Baytril
2026-01-04 20:14:30,154 - scraper_petz - INFO - Petz: Nenhum product-card encontrado para Baytril
2026-01-04 20:14:30,154 - scraper_base - INFO - ⚪ Petz: Nenhum produto encontrado para Baytril
2026-01-04 20:14:31,444 - scraper_base - INFO - 📊 Petz - Estatísticas finais:
2026-01-04 20:14:31,444 - scraper_base - INFO -    • Medicamentos processados: 20
2026-01-04 20:14:31,444 - scraper_base - INFO -    • Produtos encontrados: 0
2026-01-04 20:14:31,444 - scraper_base - INFO -    • Medicamentos sem resultado: 20
2026-01-04 20:14:31,444 - scraper_base - INFO -    • Tempo total: 45.0s
2026-01-04 20:14:31,444 - scraper_base - INFO -    • Tempo médio por medicamento: 2.3s
2026-01-04 20:14:31,444 - gerenciador_principal - WARNING - Petz: Nenhum produto coletado
2026-01-04 20:14:31,445 - gerenciador_principal - INFO - Gerando relatório consolidado...
2026-01-04 20:14:31,559 - gerenciador_arquivos - INFO - Relatório consolidado salvo: dados_relatorios/relatorio_consolidado_20260104_201431.xlsx
2026-01-04 20:14:31,640 - gerenciador_conexoes - INFO - Chrome fechado
2026-01-04 20:14:31,640 - gerenciador_conexoes - INFO - Métodos utilizados - Requests: 33.3%, Selenium: 66.7%, Falhas: 0.0%
2026-01-04 20:14:31,640 - gerenciador_principal - INFO - ============================================================
2026-01-04 20:14:31,640 - gerenciador_principal - INFO - RELATORIO FINAL DE EXECUÇÃO
2026-01-04 20:14:31,640 - gerenciador_principal - INFO - ============================================================
2026-01-04 20:14:31,640 - gerenciador_principal - INFO - Sites processados: 3
2026-01-04 20:14:31,640 - gerenciador_principal - INFO - Sites com sucesso: 2
2026-01-04 20:14:31,640 - gerenciador_principal - INFO - Total de produtos coletados: 357
2026-01-04 20:14:31,640 - gerenciador_principal - WARNING - Sites com falhas: Petz
2026-01-04 20:14:31,640 - gerenciador_principal - INFO - Tempo total de execução: 209.4 segundos
2026-01-04 20:14:31,641 - gerenciador_principal - INFO - Estatísticas de conexão:
2026-01-04 20:14:31,641 - gerenciador_principal - INFO -   - Requests bem-sucedidos: 33.3%
2026-01-04 20:14:31,641 - gerenciador_principal - INFO -   - Selenium fallback: 66.7%
2026-01-04 20:14:31,641 - gerenciador_principal - INFO -   - Falhas totais: 0.0%
2026-01-04 20:14:31,642 - gerenciador_principal - INFO - Arquivos salvos na pasta: dados_coletados
2026-01-04 20:14:31,642 - gerenciador_principal - INFO - Total de arquivos: 291
2026-01-04 20:14:31,642 - gerenciador_principal - INFO - ============================================================
