2026-04-08 20:30:02,275 - configurador_logs - INFO - Sistema de logs configurado com sucesso
2026-04-08 20:30:02,275 - configurador_logs - INFO - 🚀 Logs configurados para MODO PRODUÇÃO
2026-04-08 20:30:02,275 - gerenciador_principal - INFO - Inicializando sistema - Modo: PRODUCAO
2026-04-08 20:30:02,276 - gerenciador_arquivos - INFO - Pasta dados_coletados preparada
2026-04-08 20:30:02,276 - gerenciador_principal - INFO - Sistema inicializado com 3 scrapers
2026-04-08 20:30:02,276 - gerenciador_principal - INFO - ============================================================
2026-04-08 20:30:02,276 - gerenciador_principal - INFO - INICIANDO SCRAPING COMPLETO - PRODUCAO
2026-04-08 20:30:02,276 - gerenciador_principal - INFO - ============================================================
2026-04-08 20:30:02,276 - gerenciador_principal - INFO - [1/3] Processando Cobasi
2026-04-08 20:30:02,276 - scraper_base - INFO - 🚀 Iniciando scraping completo - Cobasi
2026-04-08 20:30:03,579 - gerenciador_conexoes - INFO - Sessao estabelecida com cobasi.com.br
2026-04-08 20:30:03,579 - scraper_base - INFO - 📋 20 medicamentos para processar
2026-04-08 20:30:03,579 - scraper_base - INFO - 📦 [1/20] Processando Simparic
2026-04-08 20:30:03,580 - scraper_base - INFO - 🔍 Cobasi: Buscando Simparic
2026-04-08 20:30:07,383 - scraper_cobasi - INFO - Cobasi: Dados extraídos via JSON para Simparic
2026-04-08 20:30:07,383 - scraper_base - INFO - ✅ Cobasi: 12 produto(s) encontrado(s) para Simparic
2026-04-08 20:30:09,195 - scraper_base - INFO - 📦 [2/20] Processando Revolution
2026-04-08 20:30:09,195 - scraper_base - INFO - 🔍 Cobasi: Buscando Revolution
2026-04-08 20:30:12,952 - scraper_cobasi - INFO - Cobasi: Dados extraídos via JSON para Revolution
2026-04-08 20:30:12,952 - scraper_base - INFO - ✅ Cobasi: 18 produto(s) encontrado(s) para Revolution
2026-04-08 20:30:15,539 - scraper_base - INFO - 📦 [3/20] Processando NexGard
2026-04-08 20:30:15,539 - scraper_base - INFO - 🔍 Cobasi: Buscando NexGard
2026-04-08 20:30:21,315 - scraper_cobasi - INFO - Cobasi: Dados extraídos via JSON para NexGard
2026-04-08 20:30:21,315 - scraper_base - INFO - ✅ Cobasi: 22 produto(s) encontrado(s) para NexGard
2026-04-08 20:30:23,475 - scraper_base - INFO - 📦 [4/20] Processando NexGard Spectra
2026-04-08 20:30:23,475 - scraper_base - INFO - 🔍 Cobasi: Buscando NexGard Spectra
2026-04-08 20:30:27,087 - scraper_cobasi - INFO - Cobasi: Dados extraídos via JSON para NexGard Spectra
2026-04-08 20:30:27,087 - scraper_base - INFO - ✅ Cobasi: 10 produto(s) encontrado(s) para NexGard Spectra
2026-04-08 20:30:28,299 - scraper_base - INFO - 📦 [5/20] Processando NexGard Combo
2026-04-08 20:30:28,299 - scraper_base - INFO - 🔍 Cobasi: Buscando NexGard Combo
2026-04-08 20:30:32,134 - scraper_cobasi - INFO - Cobasi: Dados extraídos via JSON para NexGard Combo
2026-04-08 20:30:32,134 - scraper_base - INFO - ✅ Cobasi: 4 produto(s) encontrado(s) para NexGard Combo
2026-04-08 20:30:33,976 - scraper_base - INFO - 📦 [6/20] Processando Bravecto
2026-04-08 20:30:33,976 - scraper_base - INFO - 🔍 Cobasi: Buscando Bravecto
2026-04-08 20:30:39,136 - scraper_cobasi - INFO - Cobasi: Dados extraídos via JSON para Bravecto
2026-04-08 20:30:39,137 - scraper_base - INFO - ✅ Cobasi: 16 produto(s) encontrado(s) para Bravecto
2026-04-08 20:30:41,978 - scraper_base - INFO - 📦 [7/20] Processando Frontline
2026-04-08 20:30:41,978 - scraper_base - INFO - 🔍 Cobasi: Buscando Frontline
2026-04-08 20:30:47,337 - scraper_cobasi - INFO - Cobasi: Dados extraídos via JSON para Frontline
2026-04-08 20:30:47,337 - scraper_base - INFO - ✅ Cobasi: 11 produto(s) encontrado(s) para Frontline
2026-04-08 20:30:48,707 - scraper_base - INFO - 📦 [8/20] Processando Advocate
2026-04-08 20:30:48,707 - scraper_base - INFO - 🔍 Cobasi: Buscando Advocate
2026-04-08 20:30:52,548 - scraper_cobasi - INFO - Cobasi: Dados extraídos via JSON para Advocate
2026-04-08 20:30:52,548 - scraper_base - INFO - ✅ Cobasi: 12 produto(s) encontrado(s) para Advocate
2026-04-08 20:30:55,249 - scraper_base - INFO - 📦 [9/20] Processando Drontal
2026-04-08 20:30:55,249 - scraper_base - INFO - 🔍 Cobasi: Buscando Drontal
2026-04-08 20:30:58,911 - scraper_cobasi - INFO - Cobasi: Dados extraídos via JSON para Drontal
2026-04-08 20:30:58,911 - scraper_base - INFO - ✅ Cobasi: 7 produto(s) encontrado(s) para Drontal
2026-04-08 20:31:01,679 - scraper_base - INFO - 📦 [10/20] Processando Milbemax
2026-04-08 20:31:01,679 - scraper_base - INFO - 🔍 Cobasi: Buscando Milbemax
2026-04-08 20:31:04,568 - scraper_cobasi - INFO - Cobasi: Dados extraídos via JSON para Milbemax
2026-04-08 20:31:04,568 - scraper_base - INFO - ✅ Cobasi: 4 produto(s) encontrado(s) para Milbemax
2026-04-08 20:31:06,405 - scraper_base - INFO - 📦 [11/20] Processando Vermivet
2026-04-08 20:31:06,405 - scraper_base - INFO - 🔍 Cobasi: Buscando Vermivet
2026-04-08 20:31:09,559 - scraper_cobasi - INFO - Cobasi: Dados extraídos via JSON para Vermivet
2026-04-08 20:31:09,559 - scraper_base - INFO - ✅ Cobasi: 5 produto(s) encontrado(s) para Vermivet
2026-04-08 20:31:10,951 - scraper_base - INFO - 📦 [12/20] Processando Rimadyl
2026-04-08 20:31:10,951 - scraper_base - INFO - 🔍 Cobasi: Buscando Rimadyl
2026-04-08 20:31:13,656 - scraper_cobasi - INFO - Cobasi: Dados extraídos via JSON para Rimadyl
2026-04-08 20:31:13,657 - scraper_base - INFO - ✅ Cobasi: 3 produto(s) encontrado(s) para Rimadyl
2026-04-08 20:31:15,737 - scraper_base - INFO - 📦 [13/20] Processando Onsior
2026-04-08 20:31:15,737 - scraper_base - INFO - 🔍 Cobasi: Buscando Onsior
2026-04-08 20:31:18,620 - scraper_cobasi - INFO - Cobasi: Dados extraídos via JSON para Onsior
2026-04-08 20:31:18,620 - scraper_base - INFO - ✅ Cobasi: 4 produto(s) encontrado(s) para Onsior
2026-04-08 20:31:21,294 - scraper_base - INFO - 📦 [14/20] Processando Maxicam
2026-04-08 20:31:21,295 - scraper_base - INFO - 🔍 Cobasi: Buscando Maxicam
2026-04-08 20:31:24,783 - scraper_cobasi - INFO - Cobasi: Dados extraídos via JSON para Maxicam
2026-04-08 20:31:24,783 - scraper_base - INFO - ✅ Cobasi: 3 produto(s) encontrado(s) para Maxicam
2026-04-08 20:31:26,056 - scraper_base - INFO - 📦 [15/20] Processando Carproflan
2026-04-08 20:31:26,056 - scraper_base - INFO - 🔍 Cobasi: Buscando Carproflan
2026-04-08 20:31:28,793 - scraper_cobasi - INFO - Cobasi: Dados extraídos via JSON para Carproflan
2026-04-08 20:31:28,793 - scraper_base - INFO - ✅ Cobasi: 3 produto(s) encontrado(s) para Carproflan
2026-04-08 20:31:31,654 - scraper_base - INFO - 📦 [16/20] Processando Previcox
2026-04-08 20:31:31,654 - scraper_base - INFO - 🔍 Cobasi: Buscando Previcox
2026-04-08 20:31:35,009 - scraper_cobasi - INFO - Cobasi: Dados extraídos via JSON para Previcox
2026-04-08 20:31:35,009 - scraper_base - INFO - ✅ Cobasi: 2 produto(s) encontrado(s) para Previcox
2026-04-08 20:31:36,207 - scraper_base - INFO - 📦 [17/20] Processando Apoquel
2026-04-08 20:31:36,208 - scraper_base - INFO - 🔍 Cobasi: Buscando Apoquel
2026-04-08 20:31:38,643 - scraper_cobasi - INFO - Cobasi: Dados extraídos via JSON para Apoquel
2026-04-08 20:31:38,643 - scraper_base - INFO - ✅ Cobasi: 3 produto(s) encontrado(s) para Apoquel
2026-04-08 20:31:40,772 - scraper_base - INFO - 📦 [18/20] Processando Zenrelia
2026-04-08 20:31:40,772 - scraper_base - INFO - 🔍 Cobasi: Buscando Zenrelia
2026-04-08 20:31:43,375 - scraper_cobasi - INFO - Cobasi: Dados extraídos via JSON para Zenrelia
2026-04-08 20:31:43,375 - scraper_base - INFO - ✅ Cobasi: 4 produto(s) encontrado(s) para Zenrelia
2026-04-08 20:31:46,086 - scraper_base - INFO - 📦 [19/20] Processando Synulox
2026-04-08 20:31:46,087 - scraper_base - INFO - 🔍 Cobasi: Buscando Synulox
2026-04-08 20:31:48,554 - scraper_cobasi - INFO - Cobasi: Dados extraídos via JSON para Synulox
2026-04-08 20:31:48,554 - scraper_base - INFO - ✅ Cobasi: 2 produto(s) encontrado(s) para Synulox
2026-04-08 20:31:51,165 - scraper_base - INFO - 📦 [20/20] Processando Baytril
2026-04-08 20:31:51,165 - scraper_base - INFO - 🔍 Cobasi: Buscando Baytril
2026-04-08 20:31:54,242 - scraper_cobasi - INFO - Cobasi: Dados extraídos via JSON para Baytril
2026-04-08 20:31:54,242 - scraper_base - INFO - ✅ Cobasi: 3 produto(s) encontrado(s) para Baytril
2026-04-08 20:31:55,890 - scraper_base - INFO - 📊 Cobasi - Estatísticas finais:
2026-04-08 20:31:55,891 - scraper_base - INFO -    • Medicamentos processados: 20
2026-04-08 20:31:55,891 - scraper_base - INFO -    • Produtos encontrados: 148
2026-04-08 20:31:55,891 - scraper_base - INFO -    • Medicamentos sem resultado: 0
2026-04-08 20:31:55,891 - scraper_base - INFO -    • Tempo total: 113.6s
2026-04-08 20:31:55,891 - scraper_base - INFO -    • Tempo médio por medicamento: 5.7s
2026-04-08 20:31:56,108 - gerenciador_arquivos - INFO - Excel salvo: dados_coletados/cobasi_20260408_203155.xlsx (148 produtos)
2026-04-08 20:31:56,108 - gerenciador_principal - INFO - Cobasi: Arquivo individual salvo com sucesso
2026-04-08 20:31:56,108 - gerenciador_principal - INFO - Pausando entre sites...
2026-04-08 20:31:58,108 - gerenciador_principal - INFO - [2/3] Processando Petlove
2026-04-08 20:31:58,108 - scraper_base - INFO - 🚀 Iniciando scraping completo - Petlove
2026-04-08 20:31:58,273 - scraper_base - INFO - 📋 20 medicamentos para processar
2026-04-08 20:31:58,273 - scraper_base - INFO - 📦 [1/20] Processando Simparic
2026-04-08 20:31:58,273 - scraper_base - INFO - 🔍 Petlove: Buscando Simparic
2026-04-08 20:32:02,913 - gerenciador_conexoes - INFO - Chrome inicializado com otimizacoes de velocidade
2026-04-08 20:32:07,706 - scraper_base - INFO - ✅ Petlove: 27 produto(s) encontrado(s) para Simparic
2026-04-08 20:32:08,724 - scraper_base - INFO - 📦 [2/20] Processando Revolution
2026-04-08 20:32:08,724 - scraper_base - INFO - 🔍 Petlove: Buscando Revolution
2026-04-08 20:32:10,566 - scraper_base - INFO - ✅ Petlove: 20 produto(s) encontrado(s) para Revolution
2026-04-08 20:32:13,447 - scraper_base - INFO - 📦 [3/20] Processando NexGard
2026-04-08 20:32:13,447 - scraper_base - INFO - 🔍 Petlove: Buscando NexGard
2026-04-08 20:32:15,415 - scraper_base - INFO - ✅ Petlove: 19 produto(s) encontrado(s) para NexGard
2026-04-08 20:32:17,266 - scraper_base - INFO - 📦 [4/20] Processando NexGard Spectra
2026-04-08 20:32:17,266 - scraper_base - INFO - 🔍 Petlove: Buscando NexGard Spectra
2026-04-08 20:32:18,843 - scraper_base - INFO - ✅ Petlove: 11 produto(s) encontrado(s) para NexGard Spectra
2026-04-08 20:32:21,619 - scraper_base - INFO - 📦 [5/20] Processando NexGard Combo
2026-04-08 20:32:21,619 - scraper_base - INFO - 🔍 Petlove: Buscando NexGard Combo
2026-04-08 20:32:23,050 - scraper_base - INFO - ✅ Petlove: 4 produto(s) encontrado(s) para NexGard Combo
2026-04-08 20:32:24,986 - scraper_base - INFO - 📦 [6/20] Processando Bravecto
2026-04-08 20:32:24,986 - scraper_base - INFO - 🔍 Petlove: Buscando Bravecto
2026-04-08 20:32:27,679 - scraper_base - INFO - ✅ Petlove: 22 produto(s) encontrado(s) para Bravecto
2026-04-08 20:32:30,309 - scraper_base - INFO - 📦 [7/20] Processando Frontline
2026-04-08 20:32:30,310 - scraper_base - INFO - 🔍 Petlove: Buscando Frontline
2026-04-08 20:32:32,324 - scraper_base - INFO - ✅ Petlove: 11 produto(s) encontrado(s) para Frontline
2026-04-08 20:32:34,711 - scraper_base - INFO - 📦 [8/20] Processando Advocate
2026-04-08 20:32:34,712 - scraper_base - INFO - 🔍 Petlove: Buscando Advocate
2026-04-08 20:32:36,652 - scraper_base - INFO - ✅ Petlove: 9 produto(s) encontrado(s) para Advocate
2026-04-08 20:32:39,287 - scraper_base - INFO - 📦 [9/20] Processando Drontal
2026-04-08 20:32:39,287 - scraper_base - INFO - 🔍 Petlove: Buscando Drontal
2026-04-08 20:32:41,382 - scraper_base - INFO - ✅ Petlove: 36 produto(s) encontrado(s) para Drontal
2026-04-08 20:32:43,151 - scraper_base - INFO - 📦 [10/20] Processando Milbemax
2026-04-08 20:32:43,151 - scraper_base - INFO - 🔍 Petlove: Buscando Milbemax
2026-04-08 20:32:44,869 - scraper_base - INFO - ✅ Petlove: 20 produto(s) encontrado(s) para Milbemax
2026-04-08 20:32:46,554 - scraper_base - INFO - 📦 [11/20] Processando Vermivet
2026-04-08 20:32:46,554 - scraper_base - INFO - 🔍 Petlove: Buscando Vermivet
2026-04-08 20:32:48,572 - scraper_base - INFO - ✅ Petlove: 36 produto(s) encontrado(s) para Vermivet
2026-04-08 20:32:51,120 - scraper_base - INFO - 📦 [12/20] Processando Rimadyl
2026-04-08 20:32:51,120 - scraper_base - INFO - 🔍 Petlove: Buscando Rimadyl
2026-04-08 20:32:53,055 - scraper_base - INFO - ✅ Petlove: 1 produto(s) encontrado(s) para Rimadyl
2026-04-08 20:32:55,231 - scraper_base - INFO - 📦 [13/20] Processando Onsior
2026-04-08 20:32:55,231 - scraper_base - INFO - 🔍 Petlove: Buscando Onsior
2026-04-08 20:32:57,562 - scraper_base - INFO - ✅ Petlove: 4 produto(s) encontrado(s) para Onsior
2026-04-08 20:32:59,198 - scraper_base - INFO - 📦 [14/20] Processando Maxicam
2026-04-08 20:32:59,198 - scraper_base - INFO - 🔍 Petlove: Buscando Maxicam
2026-04-08 20:33:00,618 - scraper_base - INFO - ✅ Petlove: 3 produto(s) encontrado(s) para Maxicam
2026-04-08 20:33:02,133 - scraper_base - INFO - 📦 [15/20] Processando Carproflan
2026-04-08 20:33:02,134 - scraper_base - INFO - 🔍 Petlove: Buscando Carproflan
2026-04-08 20:33:03,726 - scraper_base - INFO - ✅ Petlove: 8 produto(s) encontrado(s) para Carproflan
2026-04-08 20:33:06,141 - scraper_base - INFO - 📦 [16/20] Processando Previcox
2026-04-08 20:33:06,141 - scraper_base - INFO - 🔍 Petlove: Buscando Previcox
2026-04-08 20:33:07,261 - scraper_base - INFO - ✅ Petlove: 4 produto(s) encontrado(s) para Previcox
2026-04-08 20:33:08,430 - scraper_base - INFO - 📦 [17/20] Processando Apoquel
2026-04-08 20:33:08,431 - scraper_base - INFO - 🔍 Petlove: Buscando Apoquel
2026-04-08 20:33:09,902 - scraper_base - INFO - ✅ Petlove: 16 produto(s) encontrado(s) para Apoquel
2026-04-08 20:33:11,277 - scraper_base - INFO - 📦 [18/20] Processando Zenrelia
2026-04-08 20:33:11,278 - scraper_base - INFO - 🔍 Petlove: Buscando Zenrelia
2026-04-08 20:33:12,782 - scraper_base - INFO - ✅ Petlove: 8 produto(s) encontrado(s) para Zenrelia
2026-04-08 20:33:15,624 - scraper_base - INFO - 📦 [19/20] Processando Synulox
2026-04-08 20:33:15,624 - scraper_base - INFO - 🔍 Petlove: Buscando Synulox
2026-04-08 20:33:16,837 - scraper_base - INFO - ✅ Petlove: 1 produto(s) encontrado(s) para Synulox
2026-04-08 20:33:18,301 - scraper_base - INFO - 📦 [20/20] Processando Baytril
2026-04-08 20:33:18,301 - scraper_base - INFO - 🔍 Petlove: Buscando Baytril
2026-04-08 20:33:19,905 - scraper_base - INFO - ✅ Petlove: 4 produto(s) encontrado(s) para Baytril
2026-04-08 20:33:22,427 - scraper_base - INFO - 📊 Petlove - Estatísticas finais:
2026-04-08 20:33:22,427 - scraper_base - INFO -    • Medicamentos processados: 20
2026-04-08 20:33:22,427 - scraper_base - INFO -    • Produtos encontrados: 264
2026-04-08 20:33:22,427 - scraper_base - INFO -    • Medicamentos sem resultado: 0
2026-04-08 20:33:22,427 - scraper_base - INFO -    • Tempo total: 84.3s
2026-04-08 20:33:22,427 - scraper_base - INFO -    • Tempo médio por medicamento: 4.2s
2026-04-08 20:33:22,549 - gerenciador_arquivos - INFO - Excel salvo: dados_coletados/petlove_20260408_203322.xlsx (264 produtos)
2026-04-08 20:33:22,549 - gerenciador_principal - INFO - Petlove: Arquivo individual salvo com sucesso
2026-04-08 20:33:22,549 - gerenciador_principal - INFO - Pausando entre sites...
2026-04-08 20:33:24,549 - gerenciador_principal - INFO - [3/3] Processando Petz
2026-04-08 20:33:24,550 - scraper_base - INFO - 🚀 Iniciando scraping completo - Petz
2026-04-08 20:33:24,740 - scraper_base - INFO - 📋 20 medicamentos para processar
2026-04-08 20:33:24,740 - scraper_base - INFO - 📦 [1/20] Processando Simparic
2026-04-08 20:33:24,740 - scraper_base - INFO - 🔍 Petz: Buscando Simparic
2026-04-08 20:33:28,521 - scraper_base - INFO - ✅ Petz: 12 produto(s) encontrado(s) para Simparic
2026-04-08 20:33:30,865 - scraper_base - INFO - 📦 [2/20] Processando Revolution
2026-04-08 20:33:30,866 - scraper_base - INFO - 🔍 Petz: Buscando Revolution
2026-04-08 20:33:33,917 - scraper_base - INFO - ✅ Petz: 21 produto(s) encontrado(s) para Revolution
2026-04-08 20:33:35,797 - scraper_base - INFO - 📦 [3/20] Processando NexGard
2026-04-08 20:33:35,797 - scraper_base - INFO - 🔍 Petz: Buscando NexGard
2026-04-08 20:33:38,189 - scraper_base - INFO - ✅ Petz: 22 produto(s) encontrado(s) para NexGard
2026-04-08 20:33:40,039 - scraper_base - INFO - 📦 [4/20] Processando NexGard Spectra
2026-04-08 20:33:40,039 - scraper_base - INFO - 🔍 Petz: Buscando NexGard Spectra
2026-04-08 20:33:42,024 - scraper_base - INFO - ✅ Petz: 10 produto(s) encontrado(s) para NexGard Spectra
2026-04-08 20:33:43,185 - scraper_base - INFO - 📦 [5/20] Processando NexGard Combo
2026-04-08 20:33:43,185 - scraper_base - INFO - 🔍 Petz: Buscando NexGard Combo
2026-04-08 20:33:44,854 - scraper_base - INFO - ✅ Petz: 4 produto(s) encontrado(s) para NexGard Combo
2026-04-08 20:33:46,914 - scraper_base - INFO - 📦 [6/20] Processando Bravecto
2026-04-08 20:33:46,914 - scraper_base - INFO - 🔍 Petz: Buscando Bravecto
2026-04-08 20:33:49,519 - scraper_base - INFO - ✅ Petz: 16 produto(s) encontrado(s) para Bravecto
2026-04-08 20:33:51,367 - scraper_base - INFO - 📦 [7/20] Processando Frontline
2026-04-08 20:33:51,367 - scraper_base - INFO - 🔍 Petz: Buscando Frontline
2026-04-08 20:33:53,556 - scraper_base - INFO - ✅ Petz: 11 produto(s) encontrado(s) para Frontline
2026-04-08 20:33:56,544 - scraper_base - INFO - 📦 [8/20] Processando Advocate
2026-04-08 20:33:56,544 - scraper_base - INFO - 🔍 Petz: Buscando Advocate
2026-04-08 20:33:58,754 - scraper_base - INFO - ✅ Petz: 12 produto(s) encontrado(s) para Advocate
2026-04-08 20:34:01,693 - scraper_base - INFO - 📦 [9/20] Processando Drontal
2026-04-08 20:34:01,693 - scraper_base - INFO - 🔍 Petz: Buscando Drontal
2026-04-08 20:34:04,595 - scraper_base - INFO - ✅ Petz: 28 produto(s) encontrado(s) para Drontal
2026-04-08 20:34:07,072 - scraper_base - INFO - 📦 [10/20] Processando Milbemax
2026-04-08 20:34:07,072 - scraper_base - INFO - 🔍 Petz: Buscando Milbemax
2026-04-08 20:34:09,127 - scraper_base - INFO - ✅ Petz: 4 produto(s) encontrado(s) para Milbemax
2026-04-08 20:34:11,511 - scraper_base - INFO - 📦 [11/20] Processando Vermivet
2026-04-08 20:34:11,511 - scraper_base - INFO - 🔍 Petz: Buscando Vermivet
2026-04-08 20:34:13,466 - scraper_base - INFO - ✅ Petz: 5 produto(s) encontrado(s) para Vermivet
2026-04-08 20:34:14,707 - scraper_base - INFO - 📦 [12/20] Processando Rimadyl
2026-04-08 20:34:14,707 - scraper_base - INFO - 🔍 Petz: Buscando Rimadyl
2026-04-08 20:34:16,637 - scraper_base - INFO - ✅ Petz: 3 produto(s) encontrado(s) para Rimadyl
2026-04-08 20:34:17,859 - scraper_base - INFO - 📦 [13/20] Processando Onsior
2026-04-08 20:34:17,859 - scraper_base - INFO - 🔍 Petz: Buscando Onsior
2026-04-08 20:34:19,486 - scraper_base - INFO - ✅ Petz: 4 produto(s) encontrado(s) para Onsior
2026-04-08 20:34:22,014 - scraper_base - INFO - 📦 [14/20] Processando Maxicam
2026-04-08 20:34:22,014 - scraper_base - INFO - 🔍 Petz: Buscando Maxicam
2026-04-08 20:34:24,383 - scraper_base - INFO - ✅ Petz: 28 produto(s) encontrado(s) para Maxicam
2026-04-08 20:34:26,591 - scraper_base - INFO - 📦 [15/20] Processando Carproflan
2026-04-08 20:34:26,592 - scraper_base - INFO - 🔍 Petz: Buscando Carproflan
2026-04-08 20:34:28,285 - scraper_base - INFO - ✅ Petz: 3 produto(s) encontrado(s) para Carproflan
2026-04-08 20:34:29,486 - scraper_base - INFO - 📦 [16/20] Processando Previcox
2026-04-08 20:34:29,487 - scraper_base - INFO - 🔍 Petz: Buscando Previcox
2026-04-08 20:34:31,468 - scraper_base - INFO - ✅ Petz: 2 produto(s) encontrado(s) para Previcox
2026-04-08 20:34:33,075 - scraper_base - INFO - 📦 [17/20] Processando Apoquel
2026-04-08 20:34:33,075 - scraper_base - INFO - 🔍 Petz: Buscando Apoquel
2026-04-08 20:34:34,591 - scraper_base - INFO - ✅ Petz: 3 produto(s) encontrado(s) para Apoquel
2026-04-08 20:34:37,213 - scraper_base - INFO - 📦 [18/20] Processando Zenrelia
2026-04-08 20:34:37,213 - scraper_base - INFO - 🔍 Petz: Buscando Zenrelia
2026-04-08 20:34:38,766 - scraper_base - INFO - ✅ Petz: 4 produto(s) encontrado(s) para Zenrelia
2026-04-08 20:34:41,760 - scraper_base - INFO - 📦 [19/20] Processando Synulox
2026-04-08 20:34:41,761 - scraper_base - INFO - 🔍 Petz: Buscando Synulox
2026-04-08 20:34:43,350 - scraper_base - INFO - ✅ Petz: 2 produto(s) encontrado(s) para Synulox
2026-04-08 20:34:46,045 - scraper_base - INFO - 📦 [20/20] Processando Baytril
2026-04-08 20:34:46,045 - scraper_base - INFO - 🔍 Petz: Buscando Baytril
2026-04-08 20:34:48,188 - scraper_base - INFO - ✅ Petz: 9 produto(s) encontrado(s) para Baytril
2026-04-08 20:34:51,041 - scraper_base - INFO - 📊 Petz - Estatísticas finais:
2026-04-08 20:34:51,042 - scraper_base - INFO -    • Medicamentos processados: 20
2026-04-08 20:34:51,042 - scraper_base - INFO -    • Produtos encontrados: 203
2026-04-08 20:34:51,042 - scraper_base - INFO -    • Medicamentos sem resultado: 0
2026-04-08 20:34:51,042 - scraper_base - INFO -    • Tempo total: 86.5s
2026-04-08 20:34:51,042 - scraper_base - INFO -    • Tempo médio por medicamento: 4.3s
2026-04-08 20:34:51,084 - gerenciador_arquivos - INFO - Excel salvo: dados_coletados/petz_20260408_203451.xlsx (203 produtos)
2026-04-08 20:34:51,084 - gerenciador_principal - INFO - Petz: Arquivo individual salvo com sucesso
2026-04-08 20:34:51,084 - gerenciador_principal - INFO - Gerando relatório consolidado...
2026-04-08 20:34:51,371 - gerenciador_arquivos - INFO - Relatório consolidado salvo: dados_relatorios/relatorio_consolidado_20260408_203451.xlsx
2026-04-08 20:34:51,485 - gerenciador_conexoes - INFO - Chrome fechado
2026-04-08 20:34:51,485 - gerenciador_conexoes - INFO - Métodos utilizados - Requests: 33.3%, Selenium: 66.7%, Falhas: 0.0%
2026-04-08 20:34:51,485 - gerenciador_principal - INFO - ============================================================
2026-04-08 20:34:51,485 - gerenciador_principal - INFO - RELATORIO FINAL DE EXECUÇÃO
2026-04-08 20:34:51,485 - gerenciador_principal - INFO - ============================================================
2026-04-08 20:34:51,485 - gerenciador_principal - INFO - Sites processados: 3
2026-04-08 20:34:51,485 - gerenciador_principal - INFO - Sites com sucesso: 3
2026-04-08 20:34:51,485 - gerenciador_principal - INFO - Total de produtos coletados: 615
2026-04-08 20:34:51,485 - gerenciador_principal - INFO - Tempo total de execução: 288.8 segundos
2026-04-08 20:34:51,485 - gerenciador_principal - INFO - Estatísticas de conexão:
2026-04-08 20:34:51,485 - gerenciador_principal - INFO -   - Requests bem-sucedidos: 33.3%
2026-04-08 20:34:51,485 - gerenciador_principal - INFO -   - Selenium fallback: 66.7%
2026-04-08 20:34:51,485 - gerenciador_principal - INFO -   - Falhas totais: 0.0%
2026-04-08 20:34:51,489 - gerenciador_principal - INFO - Arquivos salvos na pasta: dados_coletados
2026-04-08 20:34:51,489 - gerenciador_principal - INFO - Total de arquivos: 560
2026-04-08 20:34:51,489 - gerenciador_principal - INFO - ============================================================
