2026-09-20 21:58:09,920 - configurador_logs - INFO - Sistema de logs configurado com sucesso
2026-09-20 21:58:09,920 - configurador_logs - INFO - 🚀 Logs configurados para MODO PRODUÇÃO
2026-09-20 21:58:09,920 - gerenciador_principal - INFO - Inicializando sistema - Modo: PRODUCAO
2026-09-20 21:58:09,921 - gerenciador_arquivos - INFO - Pasta dados_coletados preparada
2026-09-20 21:58:09,921 - gerenciador_principal - INFO - Sistema inicializado com 3 scrapers
2026-09-20 21:58:09,921 - gerenciador_principal - INFO - ============================================================
2026-09-20 21:58:09,921 - gerenciador_principal - INFO - INICIANDO SCRAPING COMPLETO - PRODUCAO
2026-09-20 21:58:09,921 - gerenciador_principal - INFO - ============================================================
2026-09-20 21:58:09,921 - gerenciador_principal - INFO - [1/3] Processando Cobasi
2026-09-20 21:58:09,921 - scraper_base - INFO - 🚀 Iniciando scraping completo - Cobasi
2026-09-20 21:58:11,277 - gerenciador_conexoes - INFO - Sessao estabelecida com cobasi.com.br
2026-09-20 21:58:11,277 - scraper_base - INFO - 📋 20 medicamentos para processar
2026-09-20 21:58:11,277 - scraper_base - INFO - 📦 [1/20] Processando Simparic
2026-09-20 21:58:11,277 - scraper_base - INFO - 🔍 Cobasi: Buscando Simparic
2026-09-20 21:58:16,274 - scraper_cobasi - INFO - Cobasi: Dados extraídos via JSON para Simparic
2026-09-20 21:58:16,274 - scraper_base - INFO - ✅ Cobasi: 24 produto(s) encontrado(s) para Simparic
2026-09-20 21:58:18,975 - scraper_base - INFO - 📦 [2/20] Processando Revolution
2026-09-20 21:58:18,975 - scraper_base - INFO - 🔍 Cobasi: Buscando Revolution
2026-09-20 21:58:25,838 - scraper_cobasi - INFO - Cobasi: Dados extraídos via JSON para Revolution
2026-09-20 21:58:25,838 - scraper_base - INFO - ✅ Cobasi: 16 produto(s) encontrado(s) para Revolution
2026-09-20 21:58:26,917 - scraper_base - INFO - 📦 [3/20] Processando NexGard
2026-09-20 21:58:26,918 - scraper_base - INFO - 🔍 Cobasi: Buscando NexGard
2026-09-20 21:58:30,509 - scraper_cobasi - INFO - Cobasi: Dados extraídos via JSON para NexGard
2026-09-20 21:58:30,509 - scraper_base - INFO - ✅ Cobasi: 22 produto(s) encontrado(s) para NexGard
2026-09-20 21:58:32,323 - scraper_base - INFO - 📦 [4/20] Processando NexGard Spectra
2026-09-20 21:58:32,323 - scraper_base - INFO - 🔍 Cobasi: Buscando NexGard Spectra
2026-09-20 21:58:36,687 - scraper_cobasi - INFO - Cobasi: Dados extraídos via JSON para NexGard Spectra
2026-09-20 21:58:36,687 - scraper_base - INFO - ✅ Cobasi: 10 produto(s) encontrado(s) para NexGard Spectra
2026-09-20 21:58:39,232 - scraper_base - INFO - 📦 [5/20] Processando NexGard Combo
2026-09-20 21:58:39,232 - scraper_base - INFO - 🔍 Cobasi: Buscando NexGard Combo
2026-09-20 21:58:42,616 - scraper_cobasi - INFO - Cobasi: Dados extraídos via JSON para NexGard Combo
2026-09-20 21:58:42,616 - scraper_base - INFO - ✅ Cobasi: 4 produto(s) encontrado(s) para NexGard Combo
2026-09-20 21:58:45,001 - scraper_base - INFO - 📦 [6/20] Processando Bravecto
2026-09-20 21:58:45,001 - scraper_base - INFO - 🔍 Cobasi: Buscando Bravecto
2026-09-20 21:58:51,130 - scraper_cobasi - INFO - Cobasi: Dados extraídos via JSON para Bravecto
2026-09-20 21:58:51,130 - scraper_base - INFO - ✅ Cobasi: 16 produto(s) encontrado(s) para Bravecto
2026-09-20 21:58:52,944 - scraper_base - INFO - 📦 [7/20] Processando Frontline
2026-09-20 21:58:52,944 - scraper_base - INFO - 🔍 Cobasi: Buscando Frontline
2026-09-20 21:58:55,578 - scraper_cobasi - INFO - Cobasi: Dados extraídos via JSON para Frontline
2026-09-20 21:58:55,578 - scraper_base - INFO - ✅ Cobasi: 11 produto(s) encontrado(s) para Frontline
2026-09-20 21:58:56,733 - scraper_base - INFO - 📦 [8/20] Processando Advocate
2026-09-20 21:58:56,734 - scraper_base - INFO - 🔍 Cobasi: Buscando Advocate
2026-09-20 21:58:58,426 - scraper_cobasi - INFO - Cobasi: Dados extraídos via JSON para Advocate
2026-09-20 21:58:58,426 - scraper_base - INFO - ✅ Cobasi: 12 produto(s) encontrado(s) para Advocate
2026-09-20 21:59:01,160 - scraper_base - INFO - 📦 [9/20] Processando Drontal
2026-09-20 21:59:01,160 - scraper_base - INFO - 🔍 Cobasi: Buscando Drontal
2026-09-20 21:59:03,914 - scraper_cobasi - INFO - Cobasi: Dados extraídos via JSON para Drontal
2026-09-20 21:59:03,914 - scraper_base - INFO - ✅ Cobasi: 8 produto(s) encontrado(s) para Drontal
2026-09-20 21:59:06,368 - scraper_base - INFO - 📦 [10/20] Processando Milbemax
2026-09-20 21:59:06,368 - scraper_base - INFO - 🔍 Cobasi: Buscando Milbemax
2026-09-20 21:59:09,096 - scraper_cobasi - INFO - Cobasi: Dados extraídos via JSON para Milbemax
2026-09-20 21:59:09,096 - scraper_base - INFO - ✅ Cobasi: 4 produto(s) encontrado(s) para Milbemax
2026-09-20 21:59:10,727 - scraper_base - INFO - 📦 [11/20] Processando Vermivet
2026-09-20 21:59:10,727 - scraper_base - INFO - 🔍 Cobasi: Buscando Vermivet
2026-09-20 21:59:14,536 - scraper_cobasi - INFO - Cobasi: Dados extraídos via JSON para Vermivet
2026-09-20 21:59:14,536 - scraper_base - INFO - ✅ Cobasi: 5 produto(s) encontrado(s) para Vermivet
2026-09-20 21:59:15,997 - scraper_base - INFO - 📦 [12/20] Processando Rimadyl
2026-09-20 21:59:15,997 - scraper_base - INFO - 🔍 Cobasi: Buscando Rimadyl
2026-09-20 21:59:20,834 - scraper_cobasi - INFO - Cobasi: Dados extraídos via JSON para Rimadyl
2026-09-20 21:59:20,834 - scraper_base - INFO - ✅ Cobasi: 3 produto(s) encontrado(s) para Rimadyl
2026-09-20 21:59:23,298 - scraper_base - INFO - 📦 [13/20] Processando Onsior
2026-09-20 21:59:23,298 - scraper_base - INFO - 🔍 Cobasi: Buscando Onsior
2026-09-20 21:59:25,824 - scraper_cobasi - INFO - Cobasi: Dados extraídos via JSON para Onsior
2026-09-20 21:59:25,824 - scraper_base - INFO - ✅ Cobasi: 4 produto(s) encontrado(s) para Onsior
2026-09-20 21:59:28,710 - scraper_base - INFO - 📦 [14/20] Processando Maxicam
2026-09-20 21:59:28,710 - scraper_base - INFO - 🔍 Cobasi: Buscando Maxicam
2026-09-20 21:59:30,786 - scraper_cobasi - INFO - Cobasi: Dados extraídos via JSON para Maxicam
2026-09-20 21:59:30,786 - scraper_base - INFO - ✅ Cobasi: 3 produto(s) encontrado(s) para Maxicam
2026-09-20 21:59:32,984 - scraper_base - INFO - 📦 [15/20] Processando Carproflan
2026-09-20 21:59:32,984 - scraper_base - INFO - 🔍 Cobasi: Buscando Carproflan
2026-09-20 21:59:34,794 - scraper_cobasi - INFO - Cobasi: Dados extraídos via JSON para Carproflan
2026-09-20 21:59:34,794 - scraper_base - INFO - ✅ Cobasi: 3 produto(s) encontrado(s) para Carproflan
2026-09-20 21:59:37,552 - scraper_base - INFO - 📦 [16/20] Processando Previcox
2026-09-20 21:59:37,552 - scraper_base - INFO - 🔍 Cobasi: Buscando Previcox
2026-09-20 21:59:38,936 - scraper_cobasi - INFO - Cobasi: Dados extraídos via JSON para Previcox
2026-09-20 21:59:38,936 - scraper_base - INFO - ✅ Cobasi: 2 produto(s) encontrado(s) para Previcox
2026-09-20 21:59:40,629 - scraper_base - INFO - 📦 [17/20] Processando Apoquel
2026-09-20 21:59:40,629 - scraper_base - INFO - 🔍 Cobasi: Buscando Apoquel
2026-09-20 21:59:43,890 - scraper_cobasi - INFO - Cobasi: Dados extraídos via JSON para Apoquel
2026-09-20 21:59:43,890 - scraper_base - INFO - ✅ Cobasi: 3 produto(s) encontrado(s) para Apoquel
2026-09-20 21:59:46,475 - scraper_base - INFO - 📦 [18/20] Processando Zenrelia
2026-09-20 21:59:46,475 - scraper_base - INFO - 🔍 Cobasi: Buscando Zenrelia
2026-09-20 21:59:48,418 - scraper_cobasi - INFO - Cobasi: Dados extraídos via JSON para Zenrelia
2026-09-20 21:59:48,418 - scraper_base - INFO - ✅ Cobasi: 4 produto(s) encontrado(s) para Zenrelia
2026-09-20 21:59:50,886 - scraper_base - INFO - 📦 [19/20] Processando Synulox
2026-09-20 21:59:50,886 - scraper_base - INFO - 🔍 Cobasi: Buscando Synulox
2026-09-20 21:59:53,200 - scraper_cobasi - INFO - Cobasi: Dados extraídos via JSON para Synulox
2026-09-20 21:59:53,200 - scraper_base - INFO - ✅ Cobasi: 2 produto(s) encontrado(s) para Synulox
2026-09-20 21:59:55,682 - scraper_base - INFO - 📦 [20/20] Processando Baytril
2026-09-20 21:59:55,682 - scraper_base - INFO - 🔍 Cobasi: Buscando Baytril
2026-09-20 21:59:57,356 - scraper_cobasi - INFO - Cobasi: Dados extraídos via JSON para Baytril
2026-09-20 21:59:57,356 - scraper_base - INFO - ✅ Cobasi: 2 produto(s) encontrado(s) para Baytril
2026-09-20 21:59:59,120 - scraper_base - INFO - 📊 Cobasi - Estatísticas finais:
2026-09-20 21:59:59,120 - scraper_base - INFO -    • Medicamentos processados: 20
2026-09-20 21:59:59,120 - scraper_base - INFO -    • Produtos encontrados: 158
2026-09-20 21:59:59,120 - scraper_base - INFO -    • Medicamentos sem resultado: 0
2026-09-20 21:59:59,120 - scraper_base - INFO -    • Tempo total: 109.2s
2026-09-20 21:59:59,120 - scraper_base - INFO -    • Tempo médio por medicamento: 5.5s
2026-09-20 21:59:59,240 - gerenciador_arquivos - INFO - Excel salvo: dados_coletados/cobasi_20260920_215959.xlsx (158 produtos)
2026-09-20 21:59:59,240 - gerenciador_principal - INFO - Cobasi: Arquivo individual salvo com sucesso
2026-09-20 21:59:59,241 - gerenciador_principal - INFO - Pausando entre sites...
2026-09-20 22:00:01,241 - gerenciador_principal - INFO - [2/3] Processando Petlove
2026-09-20 22:00:01,241 - scraper_base - INFO - 🚀 Iniciando scraping completo - Petlove
2026-09-20 22:00:01,614 - gerenciador_conexoes - INFO - Sessao estabelecida com petlove.com.br
2026-09-20 22:00:01,614 - scraper_base - INFO - 📋 20 medicamentos para processar
2026-09-20 22:00:01,614 - scraper_base - INFO - 📦 [1/20] Processando Simparic
2026-09-20 22:00:01,614 - scraper_base - INFO - 🔍 Petlove: Buscando Simparic
2026-09-20 22:00:02,435 - scraper_base - INFO - ✅ Petlove: 36 produto(s) encontrado(s) para Simparic
2026-09-20 22:00:03,970 - scraper_base - INFO - 📦 [2/20] Processando Revolution
2026-09-20 22:00:03,971 - scraper_base - INFO - 🔍 Petlove: Buscando Revolution
2026-09-20 22:00:04,838 - scraper_base - INFO - ✅ Petlove: 19 produto(s) encontrado(s) para Revolution
2026-09-20 22:00:06,830 - scraper_base - INFO - 📦 [3/20] Processando NexGard
2026-09-20 22:00:06,831 - scraper_base - INFO - 🔍 Petlove: Buscando NexGard
2026-09-20 22:00:08,203 - scraper_base - INFO - ✅ Petlove: 11 produto(s) encontrado(s) para NexGard
2026-09-20 22:00:09,958 - scraper_base - INFO - 📦 [4/20] Processando NexGard Spectra
2026-09-20 22:00:09,958 - scraper_base - INFO - 🔍 Petlove: Buscando NexGard Spectra
2026-09-20 22:00:10,608 - scraper_base - INFO - ✅ Petlove: 5 produto(s) encontrado(s) para NexGard Spectra
2026-09-20 22:00:12,672 - scraper_base - INFO - 📦 [5/20] Processando NexGard Combo
2026-09-20 22:00:12,672 - scraper_base - INFO - 🔍 Petlove: Buscando NexGard Combo
2026-09-20 22:00:15,207 - scraper_base - INFO - ✅ Petlove: 2 produto(s) encontrado(s) para NexGard Combo
2026-09-20 22:00:18,007 - scraper_base - INFO - 📦 [6/20] Processando Bravecto
2026-09-20 22:00:18,007 - scraper_base - INFO - 🔍 Petlove: Buscando Bravecto
2026-09-20 22:00:19,070 - scraper_base - INFO - ✅ Petlove: 27 produto(s) encontrado(s) para Bravecto
2026-09-20 22:00:20,406 - scraper_base - INFO - 📦 [7/20] Processando Frontline
2026-09-20 22:00:20,406 - scraper_base - INFO - 🔍 Petlove: Buscando Frontline
2026-09-20 22:00:21,070 - scraper_base - INFO - ✅ Petlove: 11 produto(s) encontrado(s) para Frontline
2026-09-20 22:00:22,546 - scraper_base - INFO - 📦 [8/20] Processando Advocate
2026-09-20 22:00:22,546 - scraper_base - INFO - 🔍 Petlove: Buscando Advocate
2026-09-20 22:00:23,239 - scraper_base - INFO - ✅ Petlove: 9 produto(s) encontrado(s) para Advocate
2026-09-20 22:00:24,372 - scraper_base - INFO - 📦 [9/20] Processando Drontal
2026-09-20 22:00:24,372 - scraper_base - INFO - 🔍 Petlove: Buscando Drontal
2026-09-20 22:00:25,242 - scraper_base - INFO - ✅ Petlove: 36 produto(s) encontrado(s) para Drontal
2026-09-20 22:00:26,577 - scraper_base - INFO - 📦 [10/20] Processando Milbemax
2026-09-20 22:00:26,577 - scraper_base - INFO - 🔍 Petlove: Buscando Milbemax
2026-09-20 22:00:27,566 - scraper_base - INFO - ✅ Petlove: 14 produto(s) encontrado(s) para Milbemax
2026-09-20 22:00:29,801 - scraper_base - INFO - 📦 [11/20] Processando Vermivet
2026-09-20 22:00:29,801 - scraper_base - INFO - 🔍 Petlove: Buscando Vermivet
2026-09-20 22:00:30,826 - scraper_base - INFO - ✅ Petlove: 36 produto(s) encontrado(s) para Vermivet
2026-09-20 22:00:32,702 - scraper_base - INFO - 📦 [12/20] Processando Rimadyl
2026-09-20 22:00:32,703 - scraper_base - INFO - 🔍 Petlove: Buscando Rimadyl
2026-09-20 22:00:33,438 - scraper_base - INFO - ✅ Petlove: 1 produto(s) encontrado(s) para Rimadyl
2026-09-20 22:00:35,130 - scraper_base - INFO - 📦 [13/20] Processando Onsior
2026-09-20 22:00:35,130 - scraper_base - INFO - 🔍 Petlove: Buscando Onsior
2026-09-20 22:00:35,789 - scraper_base - INFO - ✅ Petlove: 4 produto(s) encontrado(s) para Onsior
2026-09-20 22:00:37,878 - scraper_base - INFO - 📦 [14/20] Processando Maxicam
2026-09-20 22:00:37,878 - scraper_base - INFO - 🔍 Petlove: Buscando Maxicam
2026-09-20 22:00:38,800 - scraper_base - INFO - ✅ Petlove: 3 produto(s) encontrado(s) para Maxicam
2026-09-20 22:00:41,582 - scraper_base - INFO - 📦 [15/20] Processando Carproflan
2026-09-20 22:00:41,582 - scraper_base - INFO - 🔍 Petlove: Buscando Carproflan
2026-09-20 22:00:42,218 - scraper_base - INFO - ✅ Petlove: 7 produto(s) encontrado(s) para Carproflan
2026-09-20 22:00:44,538 - scraper_base - INFO - 📦 [16/20] Processando Previcox
2026-09-20 22:00:44,538 - scraper_base - INFO - 🔍 Petlove: Buscando Previcox
2026-09-20 22:00:45,237 - scraper_base - INFO - ✅ Petlove: 4 produto(s) encontrado(s) para Previcox
2026-09-20 22:00:47,073 - scraper_base - INFO - 📦 [17/20] Processando Apoquel
2026-09-20 22:00:47,073 - scraper_base - INFO - 🔍 Petlove: Buscando Apoquel
2026-09-20 22:00:47,811 - scraper_base - INFO - ✅ Petlove: 16 produto(s) encontrado(s) para Apoquel
2026-09-20 22:00:50,113 - scraper_base - INFO - 📦 [18/20] Processando Zenrelia
2026-09-20 22:00:50,113 - scraper_base - INFO - 🔍 Petlove: Buscando Zenrelia
2026-09-20 22:00:51,011 - scraper_base - INFO - ✅ Petlove: 4 produto(s) encontrado(s) para Zenrelia
2026-09-20 22:00:53,738 - scraper_base - INFO - 📦 [19/20] Processando Synulox
2026-09-20 22:00:53,738 - scraper_base - INFO - 🔍 Petlove: Buscando Synulox
2026-09-20 22:00:54,469 - scraper_base - INFO - ✅ Petlove: 1 produto(s) encontrado(s) para Synulox
2026-09-20 22:00:56,608 - scraper_base - INFO - 📦 [20/20] Processando Baytril
2026-09-20 22:00:56,608 - scraper_base - INFO - 🔍 Petlove: Buscando Baytril
2026-09-20 22:00:57,251 - scraper_base - INFO - ✅ Petlove: 6 produto(s) encontrado(s) para Baytril
2026-09-20 22:01:00,166 - scraper_base - INFO - 📊 Petlove - Estatísticas finais:
2026-09-20 22:01:00,166 - scraper_base - INFO -    • Medicamentos processados: 20
2026-09-20 22:01:00,166 - scraper_base - INFO -    • Produtos encontrados: 252
2026-09-20 22:01:00,166 - scraper_base - INFO -    • Medicamentos sem resultado: 0
2026-09-20 22:01:00,166 - scraper_base - INFO -    • Tempo total: 58.9s
2026-09-20 22:01:00,166 - scraper_base - INFO -    • Tempo médio por medicamento: 2.9s
2026-09-20 22:01:00,202 - gerenciador_arquivos - INFO - Excel salvo: dados_coletados/petlove_20260920_220100.xlsx (252 produtos)
2026-09-20 22:01:00,203 - gerenciador_principal - INFO - Petlove: Arquivo individual salvo com sucesso
2026-09-20 22:01:00,203 - gerenciador_principal - INFO - Pausando entre sites...
2026-09-20 22:01:02,203 - gerenciador_principal - INFO - [3/3] Processando Petz
2026-09-20 22:01:02,203 - scraper_base - INFO - 🚀 Iniciando scraping completo - Petz
2026-09-20 22:01:02,479 - scraper_base - INFO - 📋 20 medicamentos para processar
2026-09-20 22:01:02,479 - scraper_base - INFO - 📦 [1/20] Processando Simparic
2026-09-20 22:01:02,479 - scraper_base - INFO - 🔍 Petz: Buscando Simparic
2026-09-20 22:01:10,077 - gerenciador_conexoes - INFO - Chrome inicializado com otimizacoes de velocidade
2026-09-20 22:01:10,286 - scraper_petz - INFO - Petz: Nenhum product-card encontrado para Simparic
2026-09-20 22:01:10,286 - scraper_base - INFO - ⚪ Petz: Nenhum produto encontrado para Simparic
2026-09-20 22:01:12,825 - scraper_base - INFO - 📦 [2/20] Processando Revolution
2026-09-20 22:01:12,825 - scraper_base - INFO - 🔍 Petz: Buscando Revolution
2026-09-20 22:01:12,914 - scraper_petz - INFO - Petz: Nenhum product-card encontrado para Revolution
2026-09-20 22:01:12,914 - scraper_base - INFO - ⚪ Petz: Nenhum produto encontrado para Revolution
2026-09-20 22:01:14,999 - scraper_base - INFO - 📦 [3/20] Processando NexGard
2026-09-20 22:01:14,999 - scraper_base - INFO - 🔍 Petz: Buscando NexGard
2026-09-20 22:01:15,080 - scraper_petz - INFO - Petz: Nenhum product-card encontrado para NexGard
2026-09-20 22:01:15,080 - scraper_base - INFO - ⚪ Petz: Nenhum produto encontrado para NexGard
2026-09-20 22:01:17,864 - scraper_base - INFO - 📦 [4/20] Processando NexGard Spectra
2026-09-20 22:01:17,864 - scraper_base - INFO - 🔍 Petz: Buscando NexGard Spectra
2026-09-20 22:01:17,952 - scraper_petz - INFO - Petz: Nenhum product-card encontrado para NexGard Spectra
2026-09-20 22:01:17,952 - scraper_base - INFO - ⚪ Petz: Nenhum produto encontrado para NexGard Spectra
2026-09-20 22:01:20,230 - scraper_base - INFO - 📦 [5/20] Processando NexGard Combo
2026-09-20 22:01:20,230 - scraper_base - INFO - 🔍 Petz: Buscando NexGard Combo
2026-09-20 22:01:20,356 - scraper_petz - INFO - Petz: Nenhum product-card encontrado para NexGard Combo
2026-09-20 22:01:20,356 - scraper_base - INFO - ⚪ Petz: Nenhum produto encontrado para NexGard Combo
2026-09-20 22:01:23,226 - scraper_base - INFO - 📦 [6/20] Processando Bravecto
2026-09-20 22:01:23,227 - scraper_base - INFO - 🔍 Petz: Buscando Bravecto
2026-09-20 22:01:23,500 - scraper_petz - INFO - Petz: Nenhum product-card encontrado para Bravecto
2026-09-20 22:01:23,500 - scraper_base - INFO - ⚪ Petz: Nenhum produto encontrado para Bravecto
2026-09-20 22:01:25,146 - scraper_base - INFO - 📦 [7/20] Processando Frontline
2026-09-20 22:01:25,146 - scraper_base - INFO - 🔍 Petz: Buscando Frontline
2026-09-20 22:01:25,242 - scraper_petz - INFO - Petz: Nenhum product-card encontrado para Frontline
2026-09-20 22:01:25,242 - scraper_base - INFO - ⚪ Petz: Nenhum produto encontrado para Frontline
2026-09-20 22:01:26,771 - scraper_base - INFO - 📦 [8/20] Processando Advocate
2026-09-20 22:01:26,771 - scraper_base - INFO - 🔍 Petz: Buscando Advocate
2026-09-20 22:01:26,859 - scraper_petz - INFO - Petz: Nenhum product-card encontrado para Advocate
2026-09-20 22:01:26,859 - scraper_base - INFO - ⚪ Petz: Nenhum produto encontrado para Advocate
2026-09-20 22:01:29,768 - scraper_base - INFO - 📦 [9/20] Processando Drontal
2026-09-20 22:01:29,768 - scraper_base - INFO - 🔍 Petz: Buscando Drontal
2026-09-20 22:01:29,843 - scraper_petz - INFO - Petz: Nenhum product-card encontrado para Drontal
2026-09-20 22:01:29,843 - scraper_base - INFO - ⚪ Petz: Nenhum produto encontrado para Drontal
2026-09-20 22:01:31,656 - scraper_base - INFO - 📦 [10/20] Processando Milbemax
2026-09-20 22:01:31,656 - scraper_base - INFO - 🔍 Petz: Buscando Milbemax
2026-09-20 22:01:31,856 - scraper_petz - INFO - Petz: Nenhum product-card encontrado para Milbemax
2026-09-20 22:01:31,856 - scraper_base - INFO - ⚪ Petz: Nenhum produto encontrado para Milbemax
2026-09-20 22:01:33,009 - scraper_base - INFO - 📦 [11/20] Processando Vermivet
2026-09-20 22:01:33,010 - scraper_base - INFO - 🔍 Petz: Buscando Vermivet
2026-09-20 22:01:33,085 - scraper_petz - INFO - Petz: Nenhum product-card encontrado para Vermivet
2026-09-20 22:01:33,085 - scraper_base - INFO - ⚪ Petz: Nenhum produto encontrado para Vermivet
2026-09-20 22:01:35,479 - scraper_base - INFO - 📦 [12/20] Processando Rimadyl
2026-09-20 22:01:35,479 - scraper_base - INFO - 🔍 Petz: Buscando Rimadyl
2026-09-20 22:01:35,583 - scraper_petz - INFO - Petz: Nenhum product-card encontrado para Rimadyl
2026-09-20 22:01:35,583 - scraper_base - INFO - ⚪ Petz: Nenhum produto encontrado para Rimadyl
2026-09-20 22:01:38,513 - scraper_base - INFO - 📦 [13/20] Processando Onsior
2026-09-20 22:01:38,513 - scraper_base - INFO - 🔍 Petz: Buscando Onsior
2026-09-20 22:01:38,592 - scraper_petz - INFO - Petz: Nenhum product-card encontrado para Onsior
2026-09-20 22:01:38,593 - scraper_base - INFO - ⚪ Petz: Nenhum produto encontrado para Onsior
2026-09-20 22:01:41,456 - scraper_base - INFO - 📦 [14/20] Processando Maxicam
2026-09-20 22:01:41,457 - scraper_base - INFO - 🔍 Petz: Buscando Maxicam
2026-09-20 22:01:41,532 - scraper_petz - INFO - Petz: Nenhum product-card encontrado para Maxicam
2026-09-20 22:01:41,532 - scraper_base - INFO - ⚪ Petz: Nenhum produto encontrado para Maxicam
2026-09-20 22:01:43,985 - scraper_base - INFO - 📦 [15/20] Processando Carproflan
2026-09-20 22:01:43,985 - scraper_base - INFO - 🔍 Petz: Buscando Carproflan
2026-09-20 22:01:44,236 - scraper_petz - INFO - Petz: Nenhum product-card encontrado para Carproflan
2026-09-20 22:01:44,236 - scraper_base - INFO - ⚪ Petz: Nenhum produto encontrado para Carproflan
2026-09-20 22:01:47,020 - scraper_base - INFO - 📦 [16/20] Processando Previcox
2026-09-20 22:01:47,020 - scraper_base - INFO - 🔍 Petz: Buscando Previcox
2026-09-20 22:01:47,096 - scraper_petz - INFO - Petz: Nenhum product-card encontrado para Previcox
2026-09-20 22:01:47,096 - scraper_base - INFO - ⚪ Petz: Nenhum produto encontrado para Previcox
2026-09-20 22:01:48,553 - scraper_base - INFO - 📦 [17/20] Processando Apoquel
2026-09-20 22:01:48,553 - scraper_base - INFO - 🔍 Petz: Buscando Apoquel
2026-09-20 22:01:48,656 - scraper_petz - INFO - Petz: Nenhum product-card encontrado para Apoquel
2026-09-20 22:01:48,656 - scraper_base - INFO - ⚪ Petz: Nenhum produto encontrado para Apoquel
2026-09-20 22:01:50,074 - scraper_base - INFO - 📦 [18/20] Processando Zenrelia
2026-09-20 22:01:50,074 - scraper_base - INFO - 🔍 Petz: Buscando Zenrelia
2026-09-20 22:01:50,151 - scraper_petz - INFO - Petz: Nenhum product-card encontrado para Zenrelia
2026-09-20 22:01:50,152 - scraper_base - INFO - ⚪ Petz: Nenhum produto encontrado para Zenrelia
2026-09-20 22:01:51,427 - scraper_base - INFO - 📦 [19/20] Processando Synulox
2026-09-20 22:01:51,427 - scraper_base - INFO - 🔍 Petz: Buscando Synulox
2026-09-20 22:01:51,507 - scraper_petz - INFO - Petz: Nenhum product-card encontrado para Synulox
2026-09-20 22:01:51,507 - scraper_base - INFO - ⚪ Petz: Nenhum produto encontrado para Synulox
2026-09-20 22:01:53,856 - scraper_base - INFO - 📦 [20/20] Processando Baytril
2026-09-20 22:01:53,856 - scraper_base - INFO - 🔍 Petz: Buscando Baytril
2026-09-20 22:01:53,934 - scraper_petz - INFO - Petz: Nenhum product-card encontrado para Baytril
2026-09-20 22:01:53,934 - scraper_base - INFO - ⚪ Petz: Nenhum produto encontrado para Baytril
2026-09-20 22:01:55,206 - scraper_base - INFO - 📊 Petz - Estatísticas finais:
2026-09-20 22:01:55,206 - scraper_base - INFO -    • Medicamentos processados: 20
2026-09-20 22:01:55,206 - scraper_base - INFO -    • Produtos encontrados: 0
2026-09-20 22:01:55,206 - scraper_base - INFO -    • Medicamentos sem resultado: 20
2026-09-20 22:01:55,206 - scraper_base - INFO -    • Tempo total: 53.0s
2026-09-20 22:01:55,206 - scraper_base - INFO -    • Tempo médio por medicamento: 2.7s
2026-09-20 22:01:55,206 - gerenciador_principal - WARNING - Petz: Nenhum produto coletado
2026-09-20 22:01:55,206 - gerenciador_principal - INFO - Gerando relatório consolidado...
2026-09-20 22:01:55,315 - gerenciador_arquivos - INFO - Relatório consolidado salvo: dados_relatorios/relatorio_consolidado_20260920_220155.xlsx
2026-09-20 22:01:55,379 - gerenciador_conexoes - INFO - Chrome fechado
2026-09-20 22:01:55,379 - gerenciador_conexoes - INFO - Métodos utilizados - Requests: 66.7%, Selenium: 33.3%, Falhas: 0.0%
2026-09-20 22:01:55,379 - gerenciador_principal - INFO - ============================================================
2026-09-20 22:01:55,379 - gerenciador_principal - INFO - RELATORIO FINAL DE EXECUÇÃO
2026-09-20 22:01:55,379 - gerenciador_principal - INFO - ============================================================
2026-09-20 22:01:55,379 - gerenciador_principal - INFO - Sites processados: 3
2026-09-20 22:01:55,379 - gerenciador_principal - INFO - Sites com sucesso: 2
2026-09-20 22:01:55,379 - gerenciador_principal - INFO - Total de produtos coletados: 410
2026-09-20 22:01:55,379 - gerenciador_principal - WARNING - Sites com falhas: Petz
2026-09-20 22:01:55,379 - gerenciador_principal - INFO - Tempo total de execução: 225.3 segundos
2026-09-20 22:01:55,379 - gerenciador_principal - INFO - Estatísticas de conexão:
2026-09-20 22:01:55,379 - gerenciador_principal - INFO -   - Requests bem-sucedidos: 66.7%
2026-09-20 22:01:55,379 - gerenciador_principal - INFO -   - Selenium fallback: 33.3%
2026-09-20 22:01:55,379 - gerenciador_principal - INFO -   - Falhas totais: 0.0%
2026-09-20 22:01:55,383 - gerenciador_principal - INFO - Arquivos salvos na pasta: dados_coletados
2026-09-20 22:01:55,383 - gerenciador_principal - INFO - Total de arquivos: 1003
2026-09-20 22:01:55,383 - gerenciador_principal - INFO - ============================================================
