2026-03-22 20:12:57,767 - configurador_logs - INFO - Sistema de logs configurado com sucesso
2026-03-22 20:12:57,767 - configurador_logs - INFO - 🚀 Logs configurados para MODO PRODUÇÃO
2026-03-22 20:12:57,767 - gerenciador_principal - INFO - Inicializando sistema - Modo: PRODUCAO
2026-03-22 20:12:57,767 - gerenciador_arquivos - INFO - Pasta dados_coletados preparada
2026-03-22 20:12:57,767 - gerenciador_principal - INFO - Sistema inicializado com 3 scrapers
2026-03-22 20:12:57,767 - gerenciador_principal - INFO - ============================================================
2026-03-22 20:12:57,768 - gerenciador_principal - INFO - INICIANDO SCRAPING COMPLETO - PRODUCAO
2026-03-22 20:12:57,768 - gerenciador_principal - INFO - ============================================================
2026-03-22 20:12:57,768 - gerenciador_principal - INFO - [1/3] Processando Cobasi
2026-03-22 20:12:57,768 - scraper_base - INFO - 🚀 Iniciando scraping completo - Cobasi
2026-03-22 20:12:58,339 - gerenciador_conexoes - INFO - Sessao estabelecida com cobasi.com.br
2026-03-22 20:12:58,339 - scraper_base - INFO - 📋 20 medicamentos para processar
2026-03-22 20:12:58,339 - scraper_base - INFO - 📦 [1/20] Processando Simparic
2026-03-22 20:12:58,339 - scraper_base - INFO - 🔍 Cobasi: Buscando Simparic
2026-03-22 20:13:03,299 - scraper_cobasi - INFO - Cobasi: Dados extraídos via JSON para Simparic
2026-03-22 20:13:03,300 - scraper_base - INFO - ✅ Cobasi: 12 produto(s) encontrado(s) para Simparic
2026-03-22 20:13:05,768 - scraper_base - INFO - 📦 [2/20] Processando Revolution
2026-03-22 20:13:05,768 - scraper_base - INFO - 🔍 Cobasi: Buscando Revolution
2026-03-22 20:13:09,686 - scraper_cobasi - INFO - Cobasi: Dados extraídos via JSON para Revolution
2026-03-22 20:13:09,686 - scraper_base - INFO - ✅ Cobasi: 18 produto(s) encontrado(s) para Revolution
2026-03-22 20:13:12,595 - scraper_base - INFO - 📦 [3/20] Processando NexGard
2026-03-22 20:13:12,596 - scraper_base - INFO - 🔍 Cobasi: Buscando NexGard
2026-03-22 20:13:16,685 - scraper_cobasi - INFO - Cobasi: Dados extraídos via JSON para NexGard
2026-03-22 20:13:16,685 - scraper_base - INFO - ✅ Cobasi: 22 produto(s) encontrado(s) para NexGard
2026-03-22 20:13:17,909 - scraper_base - INFO - 📦 [4/20] Processando NexGard Spectra
2026-03-22 20:13:17,909 - scraper_base - INFO - 🔍 Cobasi: Buscando NexGard Spectra
2026-03-22 20:13:21,540 - scraper_cobasi - INFO - Cobasi: Dados extraídos via JSON para NexGard Spectra
2026-03-22 20:13:21,540 - scraper_base - INFO - ✅ Cobasi: 10 produto(s) encontrado(s) para NexGard Spectra
2026-03-22 20:13:22,882 - scraper_base - INFO - 📦 [5/20] Processando NexGard Combo
2026-03-22 20:13:22,882 - scraper_base - INFO - 🔍 Cobasi: Buscando NexGard Combo
2026-03-22 20:13:24,130 - scraper_cobasi - INFO - Cobasi: Dados extraídos via JSON para NexGard Combo
2026-03-22 20:13:24,131 - scraper_base - INFO - ✅ Cobasi: 4 produto(s) encontrado(s) para NexGard Combo
2026-03-22 20:13:26,951 - scraper_base - INFO - 📦 [6/20] Processando Bravecto
2026-03-22 20:13:26,951 - scraper_base - INFO - 🔍 Cobasi: Buscando Bravecto
2026-03-22 20:13:31,136 - scraper_cobasi - INFO - Cobasi: Dados extraídos via JSON para Bravecto
2026-03-22 20:13:31,137 - scraper_base - INFO - ✅ Cobasi: 16 produto(s) encontrado(s) para Bravecto
2026-03-22 20:13:33,506 - scraper_base - INFO - 📦 [7/20] Processando Frontline
2026-03-22 20:13:33,506 - scraper_base - INFO - 🔍 Cobasi: Buscando Frontline
2026-03-22 20:13:36,799 - scraper_cobasi - INFO - Cobasi: Dados extraídos via JSON para Frontline
2026-03-22 20:13:36,799 - scraper_base - INFO - ✅ Cobasi: 11 produto(s) encontrado(s) para Frontline
2026-03-22 20:13:39,608 - scraper_base - INFO - 📦 [8/20] Processando Advocate
2026-03-22 20:13:39,608 - scraper_base - INFO - 🔍 Cobasi: Buscando Advocate
2026-03-22 20:13:43,335 - scraper_cobasi - INFO - Cobasi: Dados extraídos via JSON para Advocate
2026-03-22 20:13:43,335 - scraper_base - INFO - ✅ Cobasi: 12 produto(s) encontrado(s) para Advocate
2026-03-22 20:13:44,796 - scraper_base - INFO - 📦 [9/20] Processando Drontal
2026-03-22 20:13:44,796 - scraper_base - INFO - 🔍 Cobasi: Buscando Drontal
2026-03-22 20:13:48,381 - scraper_cobasi - INFO - Cobasi: Dados extraídos via JSON para Drontal
2026-03-22 20:13:48,381 - scraper_base - INFO - ✅ Cobasi: 8 produto(s) encontrado(s) para Drontal
2026-03-22 20:13:50,884 - scraper_base - INFO - 📦 [10/20] Processando Milbemax
2026-03-22 20:13:50,884 - scraper_base - INFO - 🔍 Cobasi: Buscando Milbemax
2026-03-22 20:13:54,664 - scraper_cobasi - INFO - Cobasi: Dados extraídos via JSON para Milbemax
2026-03-22 20:13:54,664 - scraper_base - INFO - ✅ Cobasi: 4 produto(s) encontrado(s) para Milbemax
2026-03-22 20:13:57,014 - scraper_base - INFO - 📦 [11/20] Processando Vermivet
2026-03-22 20:13:57,015 - scraper_base - INFO - 🔍 Cobasi: Buscando Vermivet
2026-03-22 20:14:00,462 - scraper_cobasi - INFO - Cobasi: Dados extraídos via JSON para Vermivet
2026-03-22 20:14:00,462 - scraper_base - INFO - ✅ Cobasi: 5 produto(s) encontrado(s) para Vermivet
2026-03-22 20:14:02,838 - scraper_base - INFO - 📦 [12/20] Processando Rimadyl
2026-03-22 20:14:02,838 - scraper_base - INFO - 🔍 Cobasi: Buscando Rimadyl
2026-03-22 20:14:06,005 - scraper_cobasi - INFO - Cobasi: Dados extraídos via JSON para Rimadyl
2026-03-22 20:14:06,005 - scraper_base - INFO - ✅ Cobasi: 3 produto(s) encontrado(s) para Rimadyl
2026-03-22 20:14:08,184 - scraper_base - INFO - 📦 [13/20] Processando Onsior
2026-03-22 20:14:08,184 - scraper_base - INFO - 🔍 Cobasi: Buscando Onsior
2026-03-22 20:14:11,139 - scraper_cobasi - INFO - Cobasi: Dados extraídos via JSON para Onsior
2026-03-22 20:14:11,140 - scraper_base - INFO - ✅ Cobasi: 4 produto(s) encontrado(s) para Onsior
2026-03-22 20:14:13,245 - scraper_base - INFO - 📦 [14/20] Processando Maxicam
2026-03-22 20:14:13,246 - scraper_base - INFO - 🔍 Cobasi: Buscando Maxicam
2026-03-22 20:14:15,852 - scraper_cobasi - INFO - Cobasi: Dados extraídos via JSON para Maxicam
2026-03-22 20:14:15,852 - scraper_base - INFO - ✅ Cobasi: 3 produto(s) encontrado(s) para Maxicam
2026-03-22 20:14:18,009 - scraper_base - INFO - 📦 [15/20] Processando Carproflan
2026-03-22 20:14:18,010 - scraper_base - INFO - 🔍 Cobasi: Buscando Carproflan
2026-03-22 20:14:21,808 - scraper_cobasi - INFO - Cobasi: Dados extraídos via JSON para Carproflan
2026-03-22 20:14:21,808 - scraper_base - INFO - ✅ Cobasi: 3 produto(s) encontrado(s) para Carproflan
2026-03-22 20:14:23,214 - scraper_base - INFO - 📦 [16/20] Processando Previcox
2026-03-22 20:14:23,214 - scraper_base - INFO - 🔍 Cobasi: Buscando Previcox
2026-03-22 20:14:26,073 - scraper_cobasi - INFO - Cobasi: Dados extraídos via JSON para Previcox
2026-03-22 20:14:26,073 - scraper_base - INFO - ✅ Cobasi: 2 produto(s) encontrado(s) para Previcox
2026-03-22 20:14:27,238 - scraper_base - INFO - 📦 [17/20] Processando Apoquel
2026-03-22 20:14:27,238 - scraper_base - INFO - 🔍 Cobasi: Buscando Apoquel
2026-03-22 20:14:29,945 - scraper_cobasi - INFO - Cobasi: Dados extraídos via JSON para Apoquel
2026-03-22 20:14:29,945 - scraper_base - INFO - ✅ Cobasi: 3 produto(s) encontrado(s) para Apoquel
2026-03-22 20:14:32,805 - scraper_base - INFO - 📦 [18/20] Processando Zenrelia
2026-03-22 20:14:32,805 - scraper_base - INFO - 🔍 Cobasi: Buscando Zenrelia
2026-03-22 20:14:35,659 - scraper_cobasi - INFO - Cobasi: Dados extraídos via JSON para Zenrelia
2026-03-22 20:14:35,659 - scraper_base - INFO - ✅ Cobasi: 4 produto(s) encontrado(s) para Zenrelia
2026-03-22 20:14:38,213 - scraper_base - INFO - 📦 [19/20] Processando Synulox
2026-03-22 20:14:38,213 - scraper_base - INFO - 🔍 Cobasi: Buscando Synulox
2026-03-22 20:14:40,756 - scraper_cobasi - INFO - Cobasi: Dados extraídos via JSON para Synulox
2026-03-22 20:14:40,756 - scraper_base - INFO - ✅ Cobasi: 2 produto(s) encontrado(s) para Synulox
2026-03-22 20:14:42,784 - scraper_base - INFO - 📦 [20/20] Processando Baytril
2026-03-22 20:14:42,784 - scraper_base - INFO - 🔍 Cobasi: Buscando Baytril
2026-03-22 20:14:45,863 - scraper_cobasi - INFO - Cobasi: Dados extraídos via JSON para Baytril
2026-03-22 20:14:45,863 - scraper_base - INFO - ✅ Cobasi: 3 produto(s) encontrado(s) para Baytril
2026-03-22 20:14:47,847 - scraper_base - INFO - 📊 Cobasi - Estatísticas finais:
2026-03-22 20:14:47,847 - scraper_base - INFO -    • Medicamentos processados: 20
2026-03-22 20:14:47,847 - scraper_base - INFO -    • Produtos encontrados: 149
2026-03-22 20:14:47,847 - scraper_base - INFO -    • Medicamentos sem resultado: 0
2026-03-22 20:14:47,847 - scraper_base - INFO -    • Tempo total: 110.1s
2026-03-22 20:14:47,847 - scraper_base - INFO -    • Tempo médio por medicamento: 5.5s
2026-03-22 20:14:48,040 - gerenciador_arquivos - INFO - Excel salvo: dados_coletados/cobasi_20260322_201447.xlsx (149 produtos)
2026-03-22 20:14:48,040 - gerenciador_principal - INFO - Cobasi: Arquivo individual salvo com sucesso
2026-03-22 20:14:48,040 - gerenciador_principal - INFO - Pausando entre sites...
2026-03-22 20:14:50,040 - gerenciador_principal - INFO - [2/3] Processando Petlove
2026-03-22 20:14:50,040 - scraper_base - INFO - 🚀 Iniciando scraping completo - Petlove
2026-03-22 20:14:50,355 - scraper_base - INFO - 📋 20 medicamentos para processar
2026-03-22 20:14:50,356 - scraper_base - INFO - 📦 [1/20] Processando Simparic
2026-03-22 20:14:50,356 - scraper_base - INFO - 🔍 Petlove: Buscando Simparic
2026-03-22 20:14:57,078 - gerenciador_conexoes - INFO - Chrome inicializado com otimizacoes de velocidade
2026-03-22 20:15:00,252 - scraper_base - INFO - ✅ Petlove: 27 produto(s) encontrado(s) para Simparic
2026-03-22 20:15:03,220 - scraper_base - INFO - 📦 [2/20] Processando Revolution
2026-03-22 20:15:03,220 - scraper_base - INFO - 🔍 Petlove: Buscando Revolution
2026-03-22 20:15:05,232 - scraper_base - INFO - ✅ Petlove: 20 produto(s) encontrado(s) para Revolution
2026-03-22 20:15:06,827 - scraper_base - INFO - 📦 [3/20] Processando NexGard
2026-03-22 20:15:06,827 - scraper_base - INFO - 🔍 Petlove: Buscando NexGard
2026-03-22 20:15:08,542 - scraper_base - INFO - ✅ Petlove: 11 produto(s) encontrado(s) para NexGard
2026-03-22 20:15:11,228 - scraper_base - INFO - 📦 [4/20] Processando NexGard Spectra
2026-03-22 20:15:11,228 - scraper_base - INFO - 🔍 Petlove: Buscando NexGard Spectra
2026-03-22 20:15:12,751 - scraper_base - INFO - ✅ Petlove: 5 produto(s) encontrado(s) para NexGard Spectra
2026-03-22 20:15:14,629 - scraper_base - INFO - 📦 [5/20] Processando NexGard Combo
2026-03-22 20:15:14,629 - scraper_base - INFO - 🔍 Petlove: Buscando NexGard Combo
2026-03-22 20:15:15,950 - scraper_base - INFO - ✅ Petlove: 2 produto(s) encontrado(s) para NexGard Combo
2026-03-22 20:15:18,875 - scraper_base - INFO - 📦 [6/20] Processando Bravecto
2026-03-22 20:15:18,876 - scraper_base - INFO - 🔍 Petlove: Buscando Bravecto
2026-03-22 20:15:20,636 - scraper_base - INFO - ✅ Petlove: 23 produto(s) encontrado(s) para Bravecto
2026-03-22 20:15:22,288 - scraper_base - INFO - 📦 [7/20] Processando Frontline
2026-03-22 20:15:22,288 - scraper_base - INFO - 🔍 Petlove: Buscando Frontline
2026-03-22 20:15:26,865 - scraper_base - INFO - ✅ Petlove: 11 produto(s) encontrado(s) para Frontline
2026-03-22 20:15:28,028 - scraper_base - INFO - 📦 [8/20] Processando Advocate
2026-03-22 20:15:28,028 - scraper_base - INFO - 🔍 Petlove: Buscando Advocate
2026-03-22 20:15:29,781 - scraper_base - INFO - ✅ Petlove: 9 produto(s) encontrado(s) para Advocate
2026-03-22 20:15:30,955 - scraper_base - INFO - 📦 [9/20] Processando Drontal
2026-03-22 20:15:30,955 - scraper_base - INFO - 🔍 Petlove: Buscando Drontal
2026-03-22 20:15:33,084 - scraper_base - INFO - ✅ Petlove: 36 produto(s) encontrado(s) para Drontal
2026-03-22 20:15:35,991 - scraper_base - INFO - 📦 [10/20] Processando Milbemax
2026-03-22 20:15:35,991 - scraper_base - INFO - 🔍 Petlove: Buscando Milbemax
2026-03-22 20:15:37,489 - scraper_base - INFO - ✅ Petlove: 14 produto(s) encontrado(s) para Milbemax
2026-03-22 20:15:39,030 - scraper_base - INFO - 📦 [11/20] Processando Vermivet
2026-03-22 20:15:39,030 - scraper_base - INFO - 🔍 Petlove: Buscando Vermivet
2026-03-22 20:15:40,993 - scraper_base - INFO - ✅ Petlove: 36 produto(s) encontrado(s) para Vermivet
2026-03-22 20:15:42,386 - scraper_base - INFO - 📦 [12/20] Processando Rimadyl
2026-03-22 20:15:42,386 - scraper_base - INFO - 🔍 Petlove: Buscando Rimadyl
2026-03-22 20:15:44,155 - scraper_base - INFO - ✅ Petlove: 1 produto(s) encontrado(s) para Rimadyl
2026-03-22 20:15:46,900 - scraper_base - INFO - 📦 [13/20] Processando Onsior
2026-03-22 20:15:46,900 - scraper_base - INFO - 🔍 Petlove: Buscando Onsior
2026-03-22 20:15:49,149 - scraper_base - INFO - ✅ Petlove: 4 produto(s) encontrado(s) para Onsior
2026-03-22 20:15:50,960 - scraper_base - INFO - 📦 [14/20] Processando Maxicam
2026-03-22 20:15:50,960 - scraper_base - INFO - 🔍 Petlove: Buscando Maxicam
2026-03-22 20:15:52,374 - scraper_base - INFO - ✅ Petlove: 3 produto(s) encontrado(s) para Maxicam
2026-03-22 20:15:54,489 - scraper_base - INFO - 📦 [15/20] Processando Carproflan
2026-03-22 20:15:54,489 - scraper_base - INFO - 🔍 Petlove: Buscando Carproflan
2026-03-22 20:15:55,910 - scraper_base - INFO - ✅ Petlove: 8 produto(s) encontrado(s) para Carproflan
2026-03-22 20:15:58,077 - scraper_base - INFO - 📦 [16/20] Processando Previcox
2026-03-22 20:15:58,078 - scraper_base - INFO - 🔍 Petlove: Buscando Previcox
2026-03-22 20:15:59,556 - scraper_base - INFO - ✅ Petlove: 4 produto(s) encontrado(s) para Previcox
2026-03-22 20:16:01,032 - scraper_base - INFO - 📦 [17/20] Processando Apoquel
2026-03-22 20:16:01,032 - scraper_base - INFO - 🔍 Petlove: Buscando Apoquel
2026-03-22 20:16:02,655 - scraper_base - INFO - ✅ Petlove: 16 produto(s) encontrado(s) para Apoquel
2026-03-22 20:16:03,978 - scraper_base - INFO - 📦 [18/20] Processando Zenrelia
2026-03-22 20:16:03,978 - scraper_base - INFO - 🔍 Petlove: Buscando Zenrelia
2026-03-22 20:16:07,451 - scraper_base - INFO - ✅ Petlove: 4 produto(s) encontrado(s) para Zenrelia
2026-03-22 20:16:10,435 - scraper_base - INFO - 📦 [19/20] Processando Synulox
2026-03-22 20:16:10,435 - scraper_base - INFO - 🔍 Petlove: Buscando Synulox
2026-03-22 20:16:11,809 - scraper_base - INFO - ✅ Petlove: 1 produto(s) encontrado(s) para Synulox
2026-03-22 20:16:14,678 - scraper_base - INFO - 📦 [20/20] Processando Baytril
2026-03-22 20:16:14,678 - scraper_base - INFO - 🔍 Petlove: Buscando Baytril
2026-03-22 20:16:16,059 - scraper_base - INFO - ✅ Petlove: 4 produto(s) encontrado(s) para Baytril
2026-03-22 20:16:17,527 - scraper_base - INFO - 📊 Petlove - Estatísticas finais:
2026-03-22 20:16:17,527 - scraper_base - INFO -    • Medicamentos processados: 20
2026-03-22 20:16:17,527 - scraper_base - INFO -    • Produtos encontrados: 239
2026-03-22 20:16:17,527 - scraper_base - INFO -    • Medicamentos sem resultado: 0
2026-03-22 20:16:17,527 - scraper_base - INFO -    • Tempo total: 87.5s
2026-03-22 20:16:17,528 - scraper_base - INFO -    • Tempo médio por medicamento: 4.4s
2026-03-22 20:16:17,621 - gerenciador_arquivos - INFO - Excel salvo: dados_coletados/petlove_20260322_201617.xlsx (239 produtos)
2026-03-22 20:16:17,621 - gerenciador_principal - INFO - Petlove: Arquivo individual salvo com sucesso
2026-03-22 20:16:17,621 - gerenciador_principal - INFO - Pausando entre sites...
2026-03-22 20:16:19,621 - gerenciador_principal - INFO - [3/3] Processando Petz
2026-03-22 20:16:19,621 - scraper_base - INFO - 🚀 Iniciando scraping completo - Petz
2026-03-22 20:16:23,732 - scraper_base - INFO - 📋 20 medicamentos para processar
2026-03-22 20:16:23,732 - scraper_base - INFO - 📦 [1/20] Processando Simparic
2026-03-22 20:16:23,732 - scraper_base - INFO - 🔍 Petz: Buscando Simparic
2026-03-22 20:16:28,998 - scraper_base - INFO - ✅ Petz: 12 produto(s) encontrado(s) para Simparic
2026-03-22 20:16:30,154 - scraper_base - INFO - 📦 [2/20] Processando Revolution
2026-03-22 20:16:30,154 - scraper_base - INFO - 🔍 Petz: Buscando Revolution
2026-03-22 20:16:32,674 - scraper_base - INFO - ✅ Petz: 21 produto(s) encontrado(s) para Revolution
2026-03-22 20:16:34,892 - scraper_base - INFO - 📦 [3/20] Processando NexGard
2026-03-22 20:16:34,892 - scraper_base - INFO - 🔍 Petz: Buscando NexGard
2026-03-22 20:16:36,948 - scraper_base - INFO - ✅ Petz: 22 produto(s) encontrado(s) para NexGard
2026-03-22 20:16:38,587 - scraper_base - INFO - 📦 [4/20] Processando NexGard Spectra
2026-03-22 20:16:38,587 - scraper_base - INFO - 🔍 Petz: Buscando NexGard Spectra
2026-03-22 20:16:40,702 - scraper_base - INFO - ✅ Petz: 10 produto(s) encontrado(s) para NexGard Spectra
2026-03-22 20:16:42,046 - scraper_base - INFO - 📦 [5/20] Processando NexGard Combo
2026-03-22 20:16:42,046 - scraper_base - INFO - 🔍 Petz: Buscando NexGard Combo
2026-03-22 20:16:44,158 - scraper_base - INFO - ✅ Petz: 4 produto(s) encontrado(s) para NexGard Combo
2026-03-22 20:16:45,750 - scraper_base - INFO - 📦 [6/20] Processando Bravecto
2026-03-22 20:16:45,751 - scraper_base - INFO - 🔍 Petz: Buscando Bravecto
2026-03-22 20:16:48,034 - scraper_base - INFO - ✅ Petz: 16 produto(s) encontrado(s) para Bravecto
2026-03-22 20:16:50,277 - scraper_base - INFO - 📦 [7/20] Processando Frontline
2026-03-22 20:16:50,277 - scraper_base - INFO - 🔍 Petz: Buscando Frontline
2026-03-22 20:16:52,704 - scraper_base - INFO - ✅ Petz: 11 produto(s) encontrado(s) para Frontline
2026-03-22 20:16:55,352 - scraper_base - INFO - 📦 [8/20] Processando Advocate
2026-03-22 20:16:55,353 - scraper_base - INFO - 🔍 Petz: Buscando Advocate
2026-03-22 20:16:57,082 - scraper_base - INFO - ✅ Petz: 12 produto(s) encontrado(s) para Advocate
2026-03-22 20:16:59,150 - scraper_base - INFO - 📦 [9/20] Processando Drontal
2026-03-22 20:16:59,150 - scraper_base - INFO - 🔍 Petz: Buscando Drontal
2026-03-22 20:17:02,518 - scraper_base - INFO - ✅ Petz: 32 produto(s) encontrado(s) para Drontal
2026-03-22 20:17:03,948 - scraper_base - INFO - 📦 [10/20] Processando Milbemax
2026-03-22 20:17:03,948 - scraper_base - INFO - 🔍 Petz: Buscando Milbemax
2026-03-22 20:17:05,815 - scraper_base - INFO - ✅ Petz: 4 produto(s) encontrado(s) para Milbemax
2026-03-22 20:17:08,039 - scraper_base - INFO - 📦 [11/20] Processando Vermivet
2026-03-22 20:17:08,039 - scraper_base - INFO - 🔍 Petz: Buscando Vermivet
2026-03-22 20:17:10,137 - scraper_base - INFO - ✅ Petz: 5 produto(s) encontrado(s) para Vermivet
2026-03-22 20:17:11,406 - scraper_base - INFO - 📦 [12/20] Processando Rimadyl
2026-03-22 20:17:11,406 - scraper_base - INFO - 🔍 Petz: Buscando Rimadyl
2026-03-22 20:17:12,979 - scraper_base - INFO - ✅ Petz: 3 produto(s) encontrado(s) para Rimadyl
2026-03-22 20:17:15,385 - scraper_base - INFO - 📦 [13/20] Processando Onsior
2026-03-22 20:17:15,385 - scraper_base - INFO - 🔍 Petz: Buscando Onsior
2026-03-22 20:17:17,003 - scraper_base - INFO - ✅ Petz: 4 produto(s) encontrado(s) para Onsior
2026-03-22 20:17:19,893 - scraper_base - INFO - 📦 [14/20] Processando Maxicam
2026-03-22 20:17:19,893 - scraper_base - INFO - 🔍 Petz: Buscando Maxicam
2026-03-22 20:17:22,240 - scraper_base - INFO - ✅ Petz: 28 produto(s) encontrado(s) para Maxicam
2026-03-22 20:17:24,349 - scraper_base - INFO - 📦 [15/20] Processando Carproflan
2026-03-22 20:17:24,349 - scraper_base - INFO - 🔍 Petz: Buscando Carproflan
2026-03-22 20:17:26,314 - scraper_base - INFO - ✅ Petz: 3 produto(s) encontrado(s) para Carproflan
2026-03-22 20:17:27,783 - scraper_base - INFO - 📦 [16/20] Processando Previcox
2026-03-22 20:17:27,783 - scraper_base - INFO - 🔍 Petz: Buscando Previcox
2026-03-22 20:17:29,712 - scraper_base - INFO - ✅ Petz: 2 produto(s) encontrado(s) para Previcox
2026-03-22 20:17:31,978 - scraper_base - INFO - 📦 [17/20] Processando Apoquel
2026-03-22 20:17:31,978 - scraper_base - INFO - 🔍 Petz: Buscando Apoquel
2026-03-22 20:17:33,835 - scraper_base - INFO - ✅ Petz: 3 produto(s) encontrado(s) para Apoquel
2026-03-22 20:17:36,458 - scraper_base - INFO - 📦 [18/20] Processando Zenrelia
2026-03-22 20:17:36,458 - scraper_base - INFO - 🔍 Petz: Buscando Zenrelia
2026-03-22 20:17:38,056 - scraper_base - INFO - ✅ Petz: 4 produto(s) encontrado(s) para Zenrelia
2026-03-22 20:17:39,883 - scraper_base - INFO - 📦 [19/20] Processando Synulox
2026-03-22 20:17:39,883 - scraper_base - INFO - 🔍 Petz: Buscando Synulox
2026-03-22 20:17:41,449 - scraper_base - INFO - ✅ Petz: 2 produto(s) encontrado(s) para Synulox
2026-03-22 20:17:43,190 - scraper_base - INFO - 📦 [20/20] Processando Baytril
2026-03-22 20:17:43,190 - scraper_base - INFO - 🔍 Petz: Buscando Baytril
2026-03-22 20:17:45,114 - scraper_base - INFO - ✅ Petz: 9 produto(s) encontrado(s) para Baytril
2026-03-22 20:17:47,068 - scraper_base - INFO - 📊 Petz - Estatísticas finais:
2026-03-22 20:17:47,068 - scraper_base - INFO -    • Medicamentos processados: 20
2026-03-22 20:17:47,068 - scraper_base - INFO -    • Produtos encontrados: 207
2026-03-22 20:17:47,068 - scraper_base - INFO -    • Medicamentos sem resultado: 0
2026-03-22 20:17:47,068 - scraper_base - INFO -    • Tempo total: 87.4s
2026-03-22 20:17:47,068 - scraper_base - INFO -    • Tempo médio por medicamento: 4.4s
2026-03-22 20:17:47,112 - gerenciador_arquivos - INFO - Excel salvo: dados_coletados/petz_20260322_201747.xlsx (207 produtos)
2026-03-22 20:17:47,112 - gerenciador_principal - INFO - Petz: Arquivo individual salvo com sucesso
2026-03-22 20:17:47,112 - gerenciador_principal - INFO - Gerando relatório consolidado...
2026-03-22 20:17:47,371 - gerenciador_arquivos - INFO - Relatório consolidado salvo: dados_relatorios/relatorio_consolidado_20260322_201747.xlsx
2026-03-22 20:17:47,503 - gerenciador_conexoes - INFO - Chrome fechado
2026-03-22 20:17:47,504 - gerenciador_conexoes - INFO - Métodos utilizados - Requests: 33.3%, Selenium: 66.7%, Falhas: 0.0%
2026-03-22 20:17:47,504 - gerenciador_principal - INFO - ============================================================
2026-03-22 20:17:47,504 - gerenciador_principal - INFO - RELATORIO FINAL DE EXECUÇÃO
2026-03-22 20:17:47,504 - gerenciador_principal - INFO - ============================================================
2026-03-22 20:17:47,504 - gerenciador_principal - INFO - Sites processados: 3
2026-03-22 20:17:47,504 - gerenciador_principal - INFO - Sites com sucesso: 3
2026-03-22 20:17:47,504 - gerenciador_principal - INFO - Total de produtos coletados: 595
2026-03-22 20:17:47,504 - gerenciador_principal - INFO - Tempo total de execução: 289.3 segundos
2026-03-22 20:17:47,504 - gerenciador_principal - INFO - Estatísticas de conexão:
2026-03-22 20:17:47,504 - gerenciador_principal - INFO -   - Requests bem-sucedidos: 33.3%
2026-03-22 20:17:47,504 - gerenciador_principal - INFO -   - Selenium fallback: 66.7%
2026-03-22 20:17:47,504 - gerenciador_principal - INFO -   - Falhas totais: 0.0%
2026-03-22 20:17:47,508 - gerenciador_principal - INFO - Arquivos salvos na pasta: dados_coletados
2026-03-22 20:17:47,508 - gerenciador_principal - INFO - Total de arquivos: 511
2026-03-22 20:17:47,508 - gerenciador_principal - INFO - ============================================================
