2026-06-24 21:14:39,091 - configurador_logs - INFO - Sistema de logs configurado com sucesso
2026-06-24 21:14:39,091 - configurador_logs - INFO - 🚀 Logs configurados para MODO PRODUÇÃO
2026-06-24 21:14:39,091 - gerenciador_principal - INFO - Inicializando sistema - Modo: PRODUCAO
2026-06-24 21:14:39,092 - gerenciador_arquivos - INFO - Pasta dados_coletados preparada
2026-06-24 21:14:39,092 - gerenciador_principal - INFO - Sistema inicializado com 3 scrapers
2026-06-24 21:14:39,092 - gerenciador_principal - INFO - ============================================================
2026-06-24 21:14:39,092 - gerenciador_principal - INFO - INICIANDO SCRAPING COMPLETO - PRODUCAO
2026-06-24 21:14:39,092 - gerenciador_principal - INFO - ============================================================
2026-06-24 21:14:39,092 - gerenciador_principal - INFO - [1/3] Processando Cobasi
2026-06-24 21:14:39,092 - scraper_base - INFO - 🚀 Iniciando scraping completo - Cobasi
2026-06-24 21:14:40,423 - gerenciador_conexoes - INFO - Sessao estabelecida com cobasi.com.br
2026-06-24 21:14:40,423 - scraper_base - INFO - 📋 20 medicamentos para processar
2026-06-24 21:14:40,423 - scraper_base - INFO - 📦 [1/20] Processando Simparic
2026-06-24 21:14:40,423 - scraper_base - INFO - 🔍 Cobasi: Buscando Simparic
2026-06-24 21:14:44,755 - scraper_cobasi - INFO - Cobasi: Dados extraídos via JSON para Simparic
2026-06-24 21:14:44,755 - scraper_base - INFO - ✅ Cobasi: 24 produto(s) encontrado(s) para Simparic
2026-06-24 21:14:46,488 - scraper_base - INFO - 📦 [2/20] Processando Revolution
2026-06-24 21:14:46,488 - scraper_base - INFO - 🔍 Cobasi: Buscando Revolution
2026-06-24 21:14:51,598 - scraper_cobasi - INFO - Cobasi: Dados extraídos via JSON para Revolution
2026-06-24 21:14:51,598 - scraper_base - INFO - ✅ Cobasi: 18 produto(s) encontrado(s) para Revolution
2026-06-24 21:14:52,973 - scraper_base - INFO - 📦 [3/20] Processando NexGard
2026-06-24 21:14:52,973 - scraper_base - INFO - 🔍 Cobasi: Buscando NexGard
2026-06-24 21:14:57,023 - scraper_cobasi - INFO - Cobasi: Dados extraídos via JSON para NexGard
2026-06-24 21:14:57,024 - scraper_base - INFO - ✅ Cobasi: 22 produto(s) encontrado(s) para NexGard
2026-06-24 21:14:58,412 - scraper_base - INFO - 📦 [4/20] Processando NexGard Spectra
2026-06-24 21:14:58,412 - scraper_base - INFO - 🔍 Cobasi: Buscando NexGard Spectra
2026-06-24 21:15:02,126 - scraper_cobasi - INFO - Cobasi: Dados extraídos via JSON para NexGard Spectra
2026-06-24 21:15:02,126 - scraper_base - INFO - ✅ Cobasi: 10 produto(s) encontrado(s) para NexGard Spectra
2026-06-24 21:15:03,650 - scraper_base - INFO - 📦 [5/20] Processando NexGard Combo
2026-06-24 21:15:03,650 - scraper_base - INFO - 🔍 Cobasi: Buscando NexGard Combo
2026-06-24 21:15:07,632 - scraper_cobasi - INFO - Cobasi: Dados extraídos via JSON para NexGard Combo
2026-06-24 21:15:07,632 - scraper_base - INFO - ✅ Cobasi: 4 produto(s) encontrado(s) para NexGard Combo
2026-06-24 21:15:09,825 - scraper_base - INFO - 📦 [6/20] Processando Bravecto
2026-06-24 21:15:09,825 - scraper_base - INFO - 🔍 Cobasi: Buscando Bravecto
2026-06-24 21:15:14,573 - scraper_cobasi - INFO - Cobasi: Dados extraídos via JSON para Bravecto
2026-06-24 21:15:14,573 - scraper_base - INFO - ✅ Cobasi: 16 produto(s) encontrado(s) para Bravecto
2026-06-24 21:15:17,075 - scraper_base - INFO - 📦 [7/20] Processando Frontline
2026-06-24 21:15:17,075 - scraper_base - INFO - 🔍 Cobasi: Buscando Frontline
2026-06-24 21:15:21,843 - scraper_cobasi - INFO - Cobasi: Dados extraídos via JSON para Frontline
2026-06-24 21:15:21,843 - scraper_base - INFO - ✅ Cobasi: 11 produto(s) encontrado(s) para Frontline
2026-06-24 21:15:24,400 - scraper_base - INFO - 📦 [8/20] Processando Advocate
2026-06-24 21:15:24,400 - scraper_base - INFO - 🔍 Cobasi: Buscando Advocate
2026-06-24 21:15:28,512 - scraper_cobasi - INFO - Cobasi: Dados extraídos via JSON para Advocate
2026-06-24 21:15:28,512 - scraper_base - INFO - ✅ Cobasi: 12 produto(s) encontrado(s) para Advocate
2026-06-24 21:15:30,310 - scraper_base - INFO - 📦 [9/20] Processando Drontal
2026-06-24 21:15:30,310 - scraper_base - INFO - 🔍 Cobasi: Buscando Drontal
2026-06-24 21:15:34,942 - scraper_cobasi - INFO - Cobasi: Dados extraídos via JSON para Drontal
2026-06-24 21:15:34,942 - scraper_base - INFO - ✅ Cobasi: 8 produto(s) encontrado(s) para Drontal
2026-06-24 21:15:37,727 - scraper_base - INFO - 📦 [10/20] Processando Milbemax
2026-06-24 21:15:37,728 - scraper_base - INFO - 🔍 Cobasi: Buscando Milbemax
2026-06-24 21:15:40,994 - scraper_cobasi - INFO - Cobasi: Dados extraídos via JSON para Milbemax
2026-06-24 21:15:40,994 - scraper_base - INFO - ✅ Cobasi: 4 produto(s) encontrado(s) para Milbemax
2026-06-24 21:15:43,730 - scraper_base - INFO - 📦 [11/20] Processando Vermivet
2026-06-24 21:15:43,730 - scraper_base - INFO - 🔍 Cobasi: Buscando Vermivet
2026-06-24 21:15:47,704 - scraper_cobasi - INFO - Cobasi: Dados extraídos via JSON para Vermivet
2026-06-24 21:15:47,704 - scraper_base - INFO - ✅ Cobasi: 5 produto(s) encontrado(s) para Vermivet
2026-06-24 21:15:49,474 - scraper_base - INFO - 📦 [12/20] Processando Rimadyl
2026-06-24 21:15:49,475 - scraper_base - INFO - 🔍 Cobasi: Buscando Rimadyl
2026-06-24 21:15:53,353 - scraper_cobasi - INFO - Cobasi: Dados extraídos via JSON para Rimadyl
2026-06-24 21:15:53,353 - scraper_base - INFO - ✅ Cobasi: 3 produto(s) encontrado(s) para Rimadyl
2026-06-24 21:15:56,278 - scraper_base - INFO - 📦 [13/20] Processando Onsior
2026-06-24 21:15:56,278 - scraper_base - INFO - 🔍 Cobasi: Buscando Onsior
2026-06-24 21:15:59,727 - scraper_cobasi - INFO - Cobasi: Dados extraídos via JSON para Onsior
2026-06-24 21:15:59,727 - scraper_base - INFO - ✅ Cobasi: 4 produto(s) encontrado(s) para Onsior
2026-06-24 21:16:01,613 - scraper_base - INFO - 📦 [14/20] Processando Maxicam
2026-06-24 21:16:01,614 - scraper_base - INFO - 🔍 Cobasi: Buscando Maxicam
2026-06-24 21:16:04,861 - scraper_cobasi - INFO - Cobasi: Dados extraídos via JSON para Maxicam
2026-06-24 21:16:04,861 - scraper_base - INFO - ✅ Cobasi: 3 produto(s) encontrado(s) para Maxicam
2026-06-24 21:16:07,528 - scraper_base - INFO - 📦 [15/20] Processando Carproflan
2026-06-24 21:16:07,529 - scraper_base - INFO - 🔍 Cobasi: Buscando Carproflan
2026-06-24 21:16:11,582 - scraper_cobasi - INFO - Cobasi: Dados extraídos via JSON para Carproflan
2026-06-24 21:16:11,583 - scraper_base - INFO - ✅ Cobasi: 3 produto(s) encontrado(s) para Carproflan
2026-06-24 21:16:14,465 - scraper_base - INFO - 📦 [16/20] Processando Previcox
2026-06-24 21:16:14,465 - scraper_base - INFO - 🔍 Cobasi: Buscando Previcox
2026-06-24 21:16:17,813 - scraper_cobasi - INFO - Cobasi: Dados extraídos via JSON para Previcox
2026-06-24 21:16:17,813 - scraper_base - INFO - ✅ Cobasi: 2 produto(s) encontrado(s) para Previcox
2026-06-24 21:16:20,182 - scraper_base - INFO - 📦 [17/20] Processando Apoquel
2026-06-24 21:16:20,182 - scraper_base - INFO - 🔍 Cobasi: Buscando Apoquel
2026-06-24 21:16:23,909 - scraper_cobasi - INFO - Cobasi: Dados extraídos via JSON para Apoquel
2026-06-24 21:16:23,909 - scraper_base - INFO - ✅ Cobasi: 3 produto(s) encontrado(s) para Apoquel
2026-06-24 21:16:25,661 - scraper_base - INFO - 📦 [18/20] Processando Zenrelia
2026-06-24 21:16:25,661 - scraper_base - INFO - 🔍 Cobasi: Buscando Zenrelia
2026-06-24 21:16:28,184 - scraper_cobasi - INFO - Cobasi: Dados extraídos via JSON para Zenrelia
2026-06-24 21:16:28,185 - scraper_base - INFO - ✅ Cobasi: 3 produto(s) encontrado(s) para Zenrelia
2026-06-24 21:16:29,644 - scraper_base - INFO - 📦 [19/20] Processando Synulox
2026-06-24 21:16:29,644 - scraper_base - INFO - 🔍 Cobasi: Buscando Synulox
2026-06-24 21:16:32,245 - scraper_cobasi - INFO - Cobasi: Dados extraídos via JSON para Synulox
2026-06-24 21:16:32,245 - scraper_base - INFO - ✅ Cobasi: 2 produto(s) encontrado(s) para Synulox
2026-06-24 21:16:34,828 - scraper_base - INFO - 📦 [20/20] Processando Baytril
2026-06-24 21:16:34,829 - scraper_base - INFO - 🔍 Cobasi: Buscando Baytril
2026-06-24 21:16:37,872 - scraper_cobasi - INFO - Cobasi: Dados extraídos via JSON para Baytril
2026-06-24 21:16:37,872 - scraper_base - INFO - ✅ Cobasi: 2 produto(s) encontrado(s) para Baytril
2026-06-24 21:16:39,061 - scraper_base - INFO - 📊 Cobasi - Estatísticas finais:
2026-06-24 21:16:39,061 - scraper_base - INFO -    • Medicamentos processados: 20
2026-06-24 21:16:39,061 - scraper_base - INFO -    • Produtos encontrados: 159
2026-06-24 21:16:39,061 - scraper_base - INFO -    • Medicamentos sem resultado: 0
2026-06-24 21:16:39,062 - scraper_base - INFO -    • Tempo total: 120.0s
2026-06-24 21:16:39,062 - scraper_base - INFO -    • Tempo médio por medicamento: 6.0s
2026-06-24 21:16:39,343 - gerenciador_arquivos - INFO - Excel salvo: dados_coletados/cobasi_20260624_211639.xlsx (159 produtos)
2026-06-24 21:16:39,344 - gerenciador_principal - INFO - Cobasi: Arquivo individual salvo com sucesso
2026-06-24 21:16:39,344 - gerenciador_principal - INFO - Pausando entre sites...
2026-06-24 21:16:41,344 - gerenciador_principal - INFO - [2/3] Processando Petlove
2026-06-24 21:16:41,344 - scraper_base - INFO - 🚀 Iniciando scraping completo - Petlove
2026-06-24 21:16:41,564 - gerenciador_conexoes - INFO - Sessao estabelecida com petlove.com.br
2026-06-24 21:16:41,564 - scraper_base - INFO - 📋 20 medicamentos para processar
2026-06-24 21:16:41,564 - scraper_base - INFO - 📦 [1/20] Processando Simparic
2026-06-24 21:16:41,564 - scraper_base - INFO - 🔍 Petlove: Buscando Simparic
2026-06-24 21:16:42,398 - scraper_base - INFO - ✅ Petlove: 36 produto(s) encontrado(s) para Simparic
2026-06-24 21:16:44,906 - scraper_base - INFO - 📦 [2/20] Processando Revolution
2026-06-24 21:16:44,906 - scraper_base - INFO - 🔍 Petlove: Buscando Revolution
2026-06-24 21:16:45,637 - scraper_base - INFO - ✅ Petlove: 20 produto(s) encontrado(s) para Revolution
2026-06-24 21:16:47,004 - scraper_base - INFO - 📦 [3/20] Processando NexGard
2026-06-24 21:16:47,004 - scraper_base - INFO - 🔍 Petlove: Buscando NexGard
2026-06-24 21:16:47,685 - scraper_base - INFO - ✅ Petlove: 11 produto(s) encontrado(s) para NexGard
2026-06-24 21:16:49,649 - scraper_base - INFO - 📦 [4/20] Processando NexGard Spectra
2026-06-24 21:16:49,649 - scraper_base - INFO - 🔍 Petlove: Buscando NexGard Spectra
2026-06-24 21:16:50,219 - scraper_base - INFO - ✅ Petlove: 5 produto(s) encontrado(s) para NexGard Spectra
2026-06-24 21:16:51,496 - scraper_base - INFO - 📦 [5/20] Processando NexGard Combo
2026-06-24 21:16:51,496 - scraper_base - INFO - 🔍 Petlove: Buscando NexGard Combo
2026-06-24 21:16:52,190 - scraper_base - INFO - ✅ Petlove: 2 produto(s) encontrado(s) para NexGard Combo
2026-06-24 21:16:54,458 - scraper_base - INFO - 📦 [6/20] Processando Bravecto
2026-06-24 21:16:54,458 - scraper_base - INFO - 🔍 Petlove: Buscando Bravecto
2026-06-24 21:16:55,178 - scraper_base - INFO - ✅ Petlove: 22 produto(s) encontrado(s) para Bravecto
2026-06-24 21:16:56,865 - scraper_base - INFO - 📦 [7/20] Processando Frontline
2026-06-24 21:16:56,865 - scraper_base - INFO - 🔍 Petlove: Buscando Frontline
2026-06-24 21:16:57,559 - scraper_base - INFO - ✅ Petlove: 11 produto(s) encontrado(s) para Frontline
2026-06-24 21:16:59,568 - scraper_base - INFO - 📦 [8/20] Processando Advocate
2026-06-24 21:16:59,568 - scraper_base - INFO - 🔍 Petlove: Buscando Advocate
2026-06-24 21:17:00,194 - scraper_base - INFO - ✅ Petlove: 9 produto(s) encontrado(s) para Advocate
2026-06-24 21:17:01,679 - scraper_base - INFO - 📦 [9/20] Processando Drontal
2026-06-24 21:17:01,680 - scraper_base - INFO - 🔍 Petlove: Buscando Drontal
2026-06-24 21:17:02,500 - scraper_base - INFO - ✅ Petlove: 36 produto(s) encontrado(s) para Drontal
2026-06-24 21:17:03,782 - scraper_base - INFO - 📦 [10/20] Processando Milbemax
2026-06-24 21:17:03,782 - scraper_base - INFO - 🔍 Petlove: Buscando Milbemax
2026-06-24 21:17:04,919 - scraper_base - INFO - ✅ Petlove: 14 produto(s) encontrado(s) para Milbemax
2026-06-24 21:17:06,864 - scraper_base - INFO - 📦 [11/20] Processando Vermivet
2026-06-24 21:17:06,864 - scraper_base - INFO - 🔍 Petlove: Buscando Vermivet
2026-06-24 21:17:07,756 - scraper_base - INFO - ✅ Petlove: 36 produto(s) encontrado(s) para Vermivet
2026-06-24 21:17:10,122 - scraper_base - INFO - 📦 [12/20] Processando Rimadyl
2026-06-24 21:17:10,123 - scraper_base - INFO - 🔍 Petlove: Buscando Rimadyl
2026-06-24 21:17:10,931 - scraper_base - INFO - ✅ Petlove: 1 produto(s) encontrado(s) para Rimadyl
2026-06-24 21:17:13,148 - scraper_base - INFO - 📦 [13/20] Processando Onsior
2026-06-24 21:17:13,148 - scraper_base - INFO - 🔍 Petlove: Buscando Onsior
2026-06-24 21:17:13,751 - scraper_base - INFO - ✅ Petlove: 4 produto(s) encontrado(s) para Onsior
2026-06-24 21:17:15,256 - scraper_base - INFO - 📦 [14/20] Processando Maxicam
2026-06-24 21:17:15,256 - scraper_base - INFO - 🔍 Petlove: Buscando Maxicam
2026-06-24 21:17:15,835 - scraper_base - INFO - ✅ Petlove: 3 produto(s) encontrado(s) para Maxicam
2026-06-24 21:17:17,083 - scraper_base - INFO - 📦 [15/20] Processando Carproflan
2026-06-24 21:17:17,083 - scraper_base - INFO - 🔍 Petlove: Buscando Carproflan
2026-06-24 21:17:17,787 - scraper_base - INFO - ✅ Petlove: 8 produto(s) encontrado(s) para Carproflan
2026-06-24 21:17:19,601 - scraper_base - INFO - 📦 [16/20] Processando Previcox
2026-06-24 21:17:19,601 - scraper_base - INFO - 🔍 Petlove: Buscando Previcox
2026-06-24 21:17:20,287 - scraper_base - INFO - ✅ Petlove: 4 produto(s) encontrado(s) para Previcox
2026-06-24 21:17:21,527 - scraper_base - INFO - 📦 [17/20] Processando Apoquel
2026-06-24 21:17:21,527 - scraper_base - INFO - 🔍 Petlove: Buscando Apoquel
2026-06-24 21:17:22,343 - scraper_base - INFO - ✅ Petlove: 16 produto(s) encontrado(s) para Apoquel
2026-06-24 21:17:24,875 - scraper_base - INFO - 📦 [18/20] Processando Zenrelia
2026-06-24 21:17:24,875 - scraper_base - INFO - 🔍 Petlove: Buscando Zenrelia
2026-06-24 21:17:25,507 - scraper_base - INFO - ✅ Petlove: 4 produto(s) encontrado(s) para Zenrelia
2026-06-24 21:17:26,988 - scraper_base - INFO - 📦 [19/20] Processando Synulox
2026-06-24 21:17:26,988 - scraper_base - INFO - 🔍 Petlove: Buscando Synulox
2026-06-24 21:17:27,585 - scraper_base - INFO - ✅ Petlove: 1 produto(s) encontrado(s) para Synulox
2026-06-24 21:17:29,865 - scraper_base - INFO - 📦 [20/20] Processando Baytril
2026-06-24 21:17:29,866 - scraper_base - INFO - 🔍 Petlove: Buscando Baytril
2026-06-24 21:17:30,475 - scraper_base - INFO - ✅ Petlove: 6 produto(s) encontrado(s) para Baytril
2026-06-24 21:17:31,768 - scraper_base - INFO - 📊 Petlove - Estatísticas finais:
2026-06-24 21:17:31,769 - scraper_base - INFO -    • Medicamentos processados: 20
2026-06-24 21:17:31,769 - scraper_base - INFO -    • Produtos encontrados: 249
2026-06-24 21:17:31,769 - scraper_base - INFO -    • Medicamentos sem resultado: 0
2026-06-24 21:17:31,769 - scraper_base - INFO -    • Tempo total: 50.4s
2026-06-24 21:17:31,769 - scraper_base - INFO -    • Tempo médio por medicamento: 2.5s
2026-06-24 21:17:31,817 - gerenciador_arquivos - INFO - Excel salvo: dados_coletados/petlove_20260624_211731.xlsx (249 produtos)
2026-06-24 21:17:31,817 - gerenciador_principal - INFO - Petlove: Arquivo individual salvo com sucesso
2026-06-24 21:17:31,817 - gerenciador_principal - INFO - Pausando entre sites...
2026-06-24 21:17:33,818 - gerenciador_principal - INFO - [3/3] Processando Petz
2026-06-24 21:17:33,818 - scraper_base - INFO - 🚀 Iniciando scraping completo - Petz
2026-06-24 21:17:34,141 - scraper_base - INFO - 📋 20 medicamentos para processar
2026-06-24 21:17:34,141 - scraper_base - INFO - 📦 [1/20] Processando Simparic
2026-06-24 21:17:34,141 - scraper_base - INFO - 🔍 Petz: Buscando Simparic
2026-06-24 21:17:35,811 - gerenciador_conexoes - INFO - Chrome inicializado com otimizacoes de velocidade
2026-06-24 21:17:40,316 - scraper_base - INFO - ✅ Petz: 24 produto(s) encontrado(s) para Simparic
2026-06-24 21:17:43,035 - scraper_base - INFO - 📦 [2/20] Processando Revolution
2026-06-24 21:17:43,035 - scraper_base - INFO - 🔍 Petz: Buscando Revolution
2026-06-24 21:17:46,497 - scraper_base - INFO - ✅ Petz: 27 produto(s) encontrado(s) para Revolution
2026-06-24 21:17:48,248 - scraper_base - INFO - 📦 [3/20] Processando NexGard
2026-06-24 21:17:48,248 - scraper_base - INFO - 🔍 Petz: Buscando NexGard
2026-06-24 21:17:50,918 - scraper_base - INFO - ✅ Petz: 22 produto(s) encontrado(s) para NexGard
2026-06-24 21:17:52,179 - scraper_base - INFO - 📦 [4/20] Processando NexGard Spectra
2026-06-24 21:17:52,179 - scraper_base - INFO - 🔍 Petz: Buscando NexGard Spectra
2026-06-24 21:17:54,454 - scraper_base - INFO - ✅ Petz: 10 produto(s) encontrado(s) para NexGard Spectra
2026-06-24 21:17:55,932 - scraper_base - INFO - 📦 [5/20] Processando NexGard Combo
2026-06-24 21:17:55,932 - scraper_base - INFO - 🔍 Petz: Buscando NexGard Combo
2026-06-24 21:17:58,259 - scraper_base - INFO - ✅ Petz: 4 produto(s) encontrado(s) para NexGard Combo
2026-06-24 21:18:00,895 - scraper_base - INFO - 📦 [6/20] Processando Bravecto
2026-06-24 21:18:00,896 - scraper_base - INFO - 🔍 Petz: Buscando Bravecto
2026-06-24 21:18:03,445 - scraper_base - INFO - ✅ Petz: 16 produto(s) encontrado(s) para Bravecto
2026-06-24 21:18:06,104 - scraper_base - INFO - 📦 [7/20] Processando Frontline
2026-06-24 21:18:06,104 - scraper_base - INFO - 🔍 Petz: Buscando Frontline
2026-06-24 21:18:08,493 - scraper_base - INFO - ✅ Petz: 11 produto(s) encontrado(s) para Frontline
2026-06-24 21:18:10,981 - scraper_base - INFO - 📦 [8/20] Processando Advocate
2026-06-24 21:18:10,982 - scraper_base - INFO - 🔍 Petz: Buscando Advocate
2026-06-24 21:18:13,383 - scraper_base - INFO - ✅ Petz: 12 produto(s) encontrado(s) para Advocate
2026-06-24 21:18:14,567 - scraper_base - INFO - 📦 [9/20] Processando Drontal
2026-06-24 21:18:14,567 - scraper_base - INFO - 🔍 Petz: Buscando Drontal
2026-06-24 21:18:18,160 - scraper_base - INFO - ✅ Petz: 38 produto(s) encontrado(s) para Drontal
2026-06-24 21:18:19,853 - scraper_base - INFO - 📦 [10/20] Processando Milbemax
2026-06-24 21:18:19,854 - scraper_base - INFO - 🔍 Petz: Buscando Milbemax
2026-06-24 21:18:21,877 - scraper_base - INFO - ✅ Petz: 4 produto(s) encontrado(s) para Milbemax
2026-06-24 21:18:23,166 - scraper_base - INFO - 📦 [11/20] Processando Vermivet
2026-06-24 21:18:23,166 - scraper_base - INFO - 🔍 Petz: Buscando Vermivet
2026-06-24 21:18:25,069 - scraper_base - INFO - ✅ Petz: 5 produto(s) encontrado(s) para Vermivet
2026-06-24 21:18:27,671 - scraper_base - INFO - 📦 [12/20] Processando Rimadyl
2026-06-24 21:18:27,671 - scraper_base - INFO - 🔍 Petz: Buscando Rimadyl
2026-06-24 21:18:29,577 - scraper_base - INFO - ✅ Petz: 3 produto(s) encontrado(s) para Rimadyl
2026-06-24 21:18:31,104 - scraper_base - INFO - 📦 [13/20] Processando Onsior
2026-06-24 21:18:31,104 - scraper_base - INFO - 🔍 Petz: Buscando Onsior
2026-06-24 21:18:33,006 - scraper_base - INFO - ✅ Petz: 4 produto(s) encontrado(s) para Onsior
2026-06-24 21:18:35,290 - scraper_base - INFO - 📦 [14/20] Processando Maxicam
2026-06-24 21:18:35,291 - scraper_base - INFO - 🔍 Petz: Buscando Maxicam
2026-06-24 21:18:38,186 - scraper_base - INFO - ✅ Petz: 30 produto(s) encontrado(s) para Maxicam
2026-06-24 21:18:40,944 - scraper_base - INFO - 📦 [15/20] Processando Carproflan
2026-06-24 21:18:40,944 - scraper_base - INFO - 🔍 Petz: Buscando Carproflan
2026-06-24 21:18:43,799 - scraper_base - INFO - ✅ Petz: 3 produto(s) encontrado(s) para Carproflan
2026-06-24 21:18:45,759 - scraper_base - INFO - 📦 [16/20] Processando Previcox
2026-06-24 21:18:45,759 - scraper_base - INFO - 🔍 Petz: Buscando Previcox
2026-06-24 21:18:47,826 - scraper_base - INFO - ✅ Petz: 2 produto(s) encontrado(s) para Previcox
2026-06-24 21:18:49,523 - scraper_base - INFO - 📦 [17/20] Processando Apoquel
2026-06-24 21:18:49,523 - scraper_base - INFO - 🔍 Petz: Buscando Apoquel
2026-06-24 21:18:51,524 - scraper_base - INFO - ✅ Petz: 3 produto(s) encontrado(s) para Apoquel
2026-06-24 21:18:53,303 - scraper_base - INFO - 📦 [18/20] Processando Zenrelia
2026-06-24 21:18:53,303 - scraper_base - INFO - 🔍 Petz: Buscando Zenrelia
2026-06-24 21:18:55,165 - scraper_base - INFO - ✅ Petz: 4 produto(s) encontrado(s) para Zenrelia
2026-06-24 21:18:57,401 - scraper_base - INFO - 📦 [19/20] Processando Synulox
2026-06-24 21:18:57,401 - scraper_base - INFO - 🔍 Petz: Buscando Synulox
2026-06-24 21:18:59,148 - scraper_base - INFO - ✅ Petz: 2 produto(s) encontrado(s) para Synulox
2026-06-24 21:19:00,320 - scraper_base - INFO - 📦 [20/20] Processando Baytril
2026-06-24 21:19:00,320 - scraper_base - INFO - 🔍 Petz: Buscando Baytril
2026-06-24 21:19:02,460 - scraper_base - INFO - ✅ Petz: 9 produto(s) encontrado(s) para Baytril
2026-06-24 21:19:04,110 - scraper_base - INFO - 📊 Petz - Estatísticas finais:
2026-06-24 21:19:04,110 - scraper_base - INFO -    • Medicamentos processados: 20
2026-06-24 21:19:04,111 - scraper_base - INFO -    • Produtos encontrados: 233
2026-06-24 21:19:04,111 - scraper_base - INFO -    • Medicamentos sem resultado: 0
2026-06-24 21:19:04,111 - scraper_base - INFO -    • Tempo total: 90.3s
2026-06-24 21:19:04,111 - scraper_base - INFO -    • Tempo médio por medicamento: 4.5s
2026-06-24 21:19:04,160 - gerenciador_arquivos - INFO - Excel salvo: dados_coletados/petz_20260624_211904.xlsx (233 produtos)
2026-06-24 21:19:04,160 - gerenciador_principal - INFO - Petz: Arquivo individual salvo com sucesso
2026-06-24 21:19:04,160 - gerenciador_principal - INFO - Gerando relatório consolidado...
2026-06-24 21:19:04,390 - gerenciador_arquivos - INFO - Relatório consolidado salvo: dados_relatorios/relatorio_consolidado_20260624_211904.xlsx
2026-06-24 21:19:04,482 - gerenciador_conexoes - INFO - Chrome fechado
2026-06-24 21:19:04,483 - gerenciador_conexoes - INFO - Métodos utilizados - Requests: 66.7%, Selenium: 33.3%, Falhas: 0.0%
2026-06-24 21:19:04,483 - gerenciador_principal - INFO - ============================================================
2026-06-24 21:19:04,483 - gerenciador_principal - INFO - RELATORIO FINAL DE EXECUÇÃO
2026-06-24 21:19:04,483 - gerenciador_principal - INFO - ============================================================
2026-06-24 21:19:04,483 - gerenciador_principal - INFO - Sites processados: 3
2026-06-24 21:19:04,483 - gerenciador_principal - INFO - Sites com sucesso: 3
2026-06-24 21:19:04,483 - gerenciador_principal - INFO - Total de produtos coletados: 641
2026-06-24 21:19:04,483 - gerenciador_principal - INFO - Tempo total de execução: 265.1 segundos
2026-06-24 21:19:04,483 - gerenciador_principal - INFO - Estatísticas de conexão:
2026-06-24 21:19:04,483 - gerenciador_principal - INFO -   - Requests bem-sucedidos: 66.7%
2026-06-24 21:19:04,483 - gerenciador_principal - INFO -   - Selenium fallback: 33.3%
2026-06-24 21:19:04,483 - gerenciador_principal - INFO -   - Falhas totais: 0.0%
2026-06-24 21:19:04,487 - gerenciador_principal - INFO - Arquivos salvos na pasta: dados_coletados
2026-06-24 21:19:04,487 - gerenciador_principal - INFO - Total de arquivos: 784
2026-06-24 21:19:04,487 - gerenciador_principal - INFO - ============================================================
