2026-07-18 20:34:52,185 - configurador_logs - INFO - Sistema de logs configurado com sucesso
2026-07-18 20:34:52,186 - configurador_logs - INFO - 🚀 Logs configurados para MODO PRODUÇÃO
2026-07-18 20:34:52,186 - gerenciador_principal - INFO - Inicializando sistema - Modo: PRODUCAO
2026-07-18 20:34:52,186 - gerenciador_arquivos - INFO - Pasta dados_coletados preparada
2026-07-18 20:34:52,186 - gerenciador_principal - INFO - Sistema inicializado com 3 scrapers
2026-07-18 20:34:52,186 - gerenciador_principal - INFO - ============================================================
2026-07-18 20:34:52,186 - gerenciador_principal - INFO - INICIANDO SCRAPING COMPLETO - PRODUCAO
2026-07-18 20:34:52,186 - gerenciador_principal - INFO - ============================================================
2026-07-18 20:34:52,186 - gerenciador_principal - INFO - [1/3] Processando Cobasi
2026-07-18 20:34:52,186 - scraper_base - INFO - 🚀 Iniciando scraping completo - Cobasi
2026-07-18 20:34:52,885 - gerenciador_conexoes - INFO - Sessao estabelecida com cobasi.com.br
2026-07-18 20:34:52,885 - scraper_base - INFO - 📋 20 medicamentos para processar
2026-07-18 20:34:52,885 - scraper_base - INFO - 📦 [1/20] Processando Simparic
2026-07-18 20:34:52,885 - scraper_base - INFO - 🔍 Cobasi: Buscando Simparic
2026-07-18 20:34:57,259 - scraper_cobasi - INFO - Cobasi: Dados extraídos via JSON para Simparic
2026-07-18 20:34:57,259 - scraper_base - INFO - ✅ Cobasi: 24 produto(s) encontrado(s) para Simparic
2026-07-18 20:34:59,035 - scraper_base - INFO - 📦 [2/20] Processando Revolution
2026-07-18 20:34:59,036 - scraper_base - INFO - 🔍 Cobasi: Buscando Revolution
2026-07-18 20:35:05,242 - scraper_cobasi - INFO - Cobasi: Dados extraídos via JSON para Revolution
2026-07-18 20:35:05,242 - scraper_base - INFO - ✅ Cobasi: 18 produto(s) encontrado(s) para Revolution
2026-07-18 20:35:07,614 - scraper_base - INFO - 📦 [3/20] Processando NexGard
2026-07-18 20:35:07,614 - scraper_base - INFO - 🔍 Cobasi: Buscando NexGard
2026-07-18 20:35:14,844 - scraper_cobasi - INFO - Cobasi: Dados extraídos via JSON para NexGard
2026-07-18 20:35:14,844 - scraper_base - INFO - ✅ Cobasi: 22 produto(s) encontrado(s) para NexGard
2026-07-18 20:35:16,832 - scraper_base - INFO - 📦 [4/20] Processando NexGard Spectra
2026-07-18 20:35:16,832 - scraper_base - INFO - 🔍 Cobasi: Buscando NexGard Spectra
2026-07-18 20:35:22,140 - scraper_cobasi - INFO - Cobasi: Dados extraídos via JSON para NexGard Spectra
2026-07-18 20:35:22,140 - scraper_base - INFO - ✅ Cobasi: 10 produto(s) encontrado(s) para NexGard Spectra
2026-07-18 20:35:24,527 - scraper_base - INFO - 📦 [5/20] Processando NexGard Combo
2026-07-18 20:35:24,527 - scraper_base - INFO - 🔍 Cobasi: Buscando NexGard Combo
2026-07-18 20:35:29,372 - scraper_cobasi - INFO - Cobasi: Dados extraídos via JSON para NexGard Combo
2026-07-18 20:35:29,372 - scraper_base - INFO - ✅ Cobasi: 4 produto(s) encontrado(s) para NexGard Combo
2026-07-18 20:35:31,076 - scraper_base - INFO - 📦 [6/20] Processando Bravecto
2026-07-18 20:35:31,076 - scraper_base - INFO - 🔍 Cobasi: Buscando Bravecto
2026-07-18 20:35:34,904 - scraper_cobasi - INFO - Cobasi: Dados extraídos via JSON para Bravecto
2026-07-18 20:35:34,904 - scraper_base - INFO - ✅ Cobasi: 16 produto(s) encontrado(s) para Bravecto
2026-07-18 20:35:37,073 - scraper_base - INFO - 📦 [7/20] Processando Frontline
2026-07-18 20:35:37,073 - scraper_base - INFO - 🔍 Cobasi: Buscando Frontline
2026-07-18 20:35:42,190 - scraper_cobasi - INFO - Cobasi: Dados extraídos via JSON para Frontline
2026-07-18 20:35:42,190 - scraper_base - INFO - ✅ Cobasi: 11 produto(s) encontrado(s) para Frontline
2026-07-18 20:35:44,403 - scraper_base - INFO - 📦 [8/20] Processando Advocate
2026-07-18 20:35:44,403 - scraper_base - INFO - 🔍 Cobasi: Buscando Advocate
2026-07-18 20:35:48,256 - scraper_cobasi - INFO - Cobasi: Dados extraídos via JSON para Advocate
2026-07-18 20:35:48,256 - scraper_base - INFO - ✅ Cobasi: 12 produto(s) encontrado(s) para Advocate
2026-07-18 20:35:50,949 - scraper_base - INFO - 📦 [9/20] Processando Drontal
2026-07-18 20:35:50,950 - scraper_base - INFO - 🔍 Cobasi: Buscando Drontal
2026-07-18 20:35:56,971 - scraper_cobasi - INFO - Cobasi: Dados extraídos via JSON para Drontal
2026-07-18 20:35:56,971 - scraper_base - INFO - ✅ Cobasi: 8 produto(s) encontrado(s) para Drontal
2026-07-18 20:35:58,209 - scraper_base - INFO - 📦 [10/20] Processando Milbemax
2026-07-18 20:35:58,209 - scraper_base - INFO - 🔍 Cobasi: Buscando Milbemax
2026-07-18 20:36:01,390 - scraper_cobasi - INFO - Cobasi: Dados extraídos via JSON para Milbemax
2026-07-18 20:36:01,391 - scraper_base - INFO - ✅ Cobasi: 4 produto(s) encontrado(s) para Milbemax
2026-07-18 20:36:03,495 - scraper_base - INFO - 📦 [11/20] Processando Vermivet
2026-07-18 20:36:03,495 - scraper_base - INFO - 🔍 Cobasi: Buscando Vermivet
2026-07-18 20:36:08,456 - scraper_cobasi - INFO - Cobasi: Dados extraídos via JSON para Vermivet
2026-07-18 20:36:08,456 - scraper_base - INFO - ✅ Cobasi: 5 produto(s) encontrado(s) para Vermivet
2026-07-18 20:36:09,965 - scraper_base - INFO - 📦 [12/20] Processando Rimadyl
2026-07-18 20:36:09,965 - scraper_base - INFO - 🔍 Cobasi: Buscando Rimadyl
2026-07-18 20:36:14,615 - scraper_cobasi - INFO - Cobasi: Dados extraídos via JSON para Rimadyl
2026-07-18 20:36:14,615 - scraper_base - INFO - ✅ Cobasi: 3 produto(s) encontrado(s) para Rimadyl
2026-07-18 20:36:17,575 - scraper_base - INFO - 📦 [13/20] Processando Onsior
2026-07-18 20:36:17,576 - scraper_base - INFO - 🔍 Cobasi: Buscando Onsior
2026-07-18 20:36:21,968 - scraper_cobasi - INFO - Cobasi: Dados extraídos via JSON para Onsior
2026-07-18 20:36:21,968 - scraper_base - INFO - ✅ Cobasi: 4 produto(s) encontrado(s) para Onsior
2026-07-18 20:36:24,949 - scraper_base - INFO - 📦 [14/20] Processando Maxicam
2026-07-18 20:36:24,949 - scraper_base - INFO - 🔍 Cobasi: Buscando Maxicam
2026-07-18 20:36:29,074 - scraper_cobasi - INFO - Cobasi: Dados extraídos via JSON para Maxicam
2026-07-18 20:36:29,074 - scraper_base - INFO - ✅ Cobasi: 3 produto(s) encontrado(s) para Maxicam
2026-07-18 20:36:31,819 - scraper_base - INFO - 📦 [15/20] Processando Carproflan
2026-07-18 20:36:31,819 - scraper_base - INFO - 🔍 Cobasi: Buscando Carproflan
2026-07-18 20:36:35,612 - scraper_cobasi - INFO - Cobasi: Dados extraídos via JSON para Carproflan
2026-07-18 20:36:35,612 - scraper_base - INFO - ✅ Cobasi: 3 produto(s) encontrado(s) para Carproflan
2026-07-18 20:36:37,731 - scraper_base - INFO - 📦 [16/20] Processando Previcox
2026-07-18 20:36:37,731 - scraper_base - INFO - 🔍 Cobasi: Buscando Previcox
2026-07-18 20:36:41,146 - scraper_cobasi - INFO - Cobasi: Dados extraídos via JSON para Previcox
2026-07-18 20:36:41,146 - scraper_base - INFO - ✅ Cobasi: 2 produto(s) encontrado(s) para Previcox
2026-07-18 20:36:43,542 - scraper_base - INFO - 📦 [17/20] Processando Apoquel
2026-07-18 20:36:43,542 - scraper_base - INFO - 🔍 Cobasi: Buscando Apoquel
2026-07-18 20:36:46,337 - scraper_cobasi - INFO - Cobasi: Dados extraídos via JSON para Apoquel
2026-07-18 20:36:46,337 - scraper_base - INFO - ✅ Cobasi: 3 produto(s) encontrado(s) para Apoquel
2026-07-18 20:36:48,677 - scraper_base - INFO - 📦 [18/20] Processando Zenrelia
2026-07-18 20:36:48,677 - scraper_base - INFO - 🔍 Cobasi: Buscando Zenrelia
2026-07-18 20:36:51,879 - scraper_cobasi - INFO - Cobasi: Dados extraídos via JSON para Zenrelia
2026-07-18 20:36:51,879 - scraper_base - INFO - ✅ Cobasi: 4 produto(s) encontrado(s) para Zenrelia
2026-07-18 20:36:54,258 - scraper_base - INFO - 📦 [19/20] Processando Synulox
2026-07-18 20:36:54,258 - scraper_base - INFO - 🔍 Cobasi: Buscando Synulox
2026-07-18 20:36:58,466 - scraper_cobasi - INFO - Cobasi: Dados extraídos via JSON para Synulox
2026-07-18 20:36:58,466 - scraper_base - INFO - ✅ Cobasi: 2 produto(s) encontrado(s) para Synulox
2026-07-18 20:36:59,533 - scraper_base - INFO - 📦 [20/20] Processando Baytril
2026-07-18 20:36:59,533 - scraper_base - INFO - 🔍 Cobasi: Buscando Baytril
2026-07-18 20:37:03,582 - scraper_cobasi - INFO - Cobasi: Dados extraídos via JSON para Baytril
2026-07-18 20:37:03,582 - scraper_base - INFO - ✅ Cobasi: 2 produto(s) encontrado(s) para Baytril
2026-07-18 20:37:05,830 - scraper_base - INFO - 📊 Cobasi - Estatísticas finais:
2026-07-18 20:37:05,831 - scraper_base - INFO -    • Medicamentos processados: 20
2026-07-18 20:37:05,831 - scraper_base - INFO -    • Produtos encontrados: 160
2026-07-18 20:37:05,831 - scraper_base - INFO -    • Medicamentos sem resultado: 0
2026-07-18 20:37:05,831 - scraper_base - INFO -    • Tempo total: 133.6s
2026-07-18 20:37:05,831 - scraper_base - INFO -    • Tempo médio por medicamento: 6.7s
2026-07-18 20:37:06,001 - gerenciador_arquivos - INFO - Excel salvo: dados_coletados/cobasi_20260718_203705.xlsx (160 produtos)
2026-07-18 20:37:06,002 - gerenciador_principal - INFO - Cobasi: Arquivo individual salvo com sucesso
2026-07-18 20:37:06,002 - gerenciador_principal - INFO - Pausando entre sites...
2026-07-18 20:37:08,002 - gerenciador_principal - INFO - [2/3] Processando Petlove
2026-07-18 20:37:08,002 - scraper_base - INFO - 🚀 Iniciando scraping completo - Petlove
2026-07-18 20:37:08,429 - gerenciador_conexoes - INFO - Sessao estabelecida com petlove.com.br
2026-07-18 20:37:08,429 - scraper_base - INFO - 📋 20 medicamentos para processar
2026-07-18 20:37:08,429 - scraper_base - INFO - 📦 [1/20] Processando Simparic
2026-07-18 20:37:08,430 - scraper_base - INFO - 🔍 Petlove: Buscando Simparic
2026-07-18 20:37:09,357 - scraper_base - INFO - ✅ Petlove: 36 produto(s) encontrado(s) para Simparic
2026-07-18 20:37:10,665 - scraper_base - INFO - 📦 [2/20] Processando Revolution
2026-07-18 20:37:10,665 - scraper_base - INFO - 🔍 Petlove: Buscando Revolution
2026-07-18 20:37:11,504 - scraper_base - INFO - ✅ Petlove: 20 produto(s) encontrado(s) para Revolution
2026-07-18 20:37:13,766 - scraper_base - INFO - 📦 [3/20] Processando NexGard
2026-07-18 20:37:13,766 - scraper_base - INFO - 🔍 Petlove: Buscando NexGard
2026-07-18 20:37:14,611 - scraper_base - INFO - ✅ Petlove: 11 produto(s) encontrado(s) para NexGard
2026-07-18 20:37:16,108 - scraper_base - INFO - 📦 [4/20] Processando NexGard Spectra
2026-07-18 20:37:16,108 - scraper_base - INFO - 🔍 Petlove: Buscando NexGard Spectra
2026-07-18 20:37:16,797 - scraper_base - INFO - ✅ Petlove: 5 produto(s) encontrado(s) para NexGard Spectra
2026-07-18 20:37:18,126 - scraper_base - INFO - 📦 [5/20] Processando NexGard Combo
2026-07-18 20:37:18,126 - scraper_base - INFO - 🔍 Petlove: Buscando NexGard Combo
2026-07-18 20:37:18,824 - scraper_base - INFO - ✅ Petlove: 2 produto(s) encontrado(s) para NexGard Combo
2026-07-18 20:37:20,642 - scraper_base - INFO - 📦 [6/20] Processando Bravecto
2026-07-18 20:37:20,642 - scraper_base - INFO - 🔍 Petlove: Buscando Bravecto
2026-07-18 20:37:21,490 - scraper_base - INFO - ✅ Petlove: 22 produto(s) encontrado(s) para Bravecto
2026-07-18 20:37:23,535 - scraper_base - INFO - 📦 [7/20] Processando Frontline
2026-07-18 20:37:23,536 - scraper_base - INFO - 🔍 Petlove: Buscando Frontline
2026-07-18 20:37:24,250 - scraper_base - INFO - ✅ Petlove: 11 produto(s) encontrado(s) para Frontline
2026-07-18 20:37:26,616 - scraper_base - INFO - 📦 [8/20] Processando Advocate
2026-07-18 20:37:26,616 - scraper_base - INFO - 🔍 Petlove: Buscando Advocate
2026-07-18 20:37:27,339 - scraper_base - INFO - ✅ Petlove: 9 produto(s) encontrado(s) para Advocate
2026-07-18 20:37:28,855 - scraper_base - INFO - 📦 [9/20] Processando Drontal
2026-07-18 20:37:28,855 - scraper_base - INFO - 🔍 Petlove: Buscando Drontal
2026-07-18 20:37:29,749 - scraper_base - INFO - ✅ Petlove: 36 produto(s) encontrado(s) para Drontal
2026-07-18 20:37:31,899 - scraper_base - INFO - 📦 [10/20] Processando Milbemax
2026-07-18 20:37:31,899 - scraper_base - INFO - 🔍 Petlove: Buscando Milbemax
2026-07-18 20:37:32,614 - scraper_base - INFO - ✅ Petlove: 14 produto(s) encontrado(s) para Milbemax
2026-07-18 20:37:33,907 - scraper_base - INFO - 📦 [11/20] Processando Vermivet
2026-07-18 20:37:33,907 - scraper_base - INFO - 🔍 Petlove: Buscando Vermivet
2026-07-18 20:37:35,103 - scraper_base - INFO - ✅ Petlove: 36 produto(s) encontrado(s) para Vermivet
2026-07-18 20:37:36,861 - scraper_base - INFO - 📦 [12/20] Processando Rimadyl
2026-07-18 20:37:36,862 - scraper_base - INFO - 🔍 Petlove: Buscando Rimadyl
2026-07-18 20:37:37,573 - scraper_base - INFO - ✅ Petlove: 1 produto(s) encontrado(s) para Rimadyl
2026-07-18 20:37:38,917 - scraper_base - INFO - 📦 [13/20] Processando Onsior
2026-07-18 20:37:38,917 - scraper_base - INFO - 🔍 Petlove: Buscando Onsior
2026-07-18 20:37:39,575 - scraper_base - INFO - ✅ Petlove: 4 produto(s) encontrado(s) para Onsior
2026-07-18 20:37:41,233 - scraper_base - INFO - 📦 [14/20] Processando Maxicam
2026-07-18 20:37:41,233 - scraper_base - INFO - 🔍 Petlove: Buscando Maxicam
2026-07-18 20:37:41,913 - scraper_base - INFO - ✅ Petlove: 3 produto(s) encontrado(s) para Maxicam
2026-07-18 20:37:44,453 - scraper_base - INFO - 📦 [15/20] Processando Carproflan
2026-07-18 20:37:44,454 - scraper_base - INFO - 🔍 Petlove: Buscando Carproflan
2026-07-18 20:37:45,170 - scraper_base - INFO - ✅ Petlove: 8 produto(s) encontrado(s) para Carproflan
2026-07-18 20:37:47,920 - scraper_base - INFO - 📦 [16/20] Processando Previcox
2026-07-18 20:37:47,920 - scraper_base - INFO - 🔍 Petlove: Buscando Previcox
2026-07-18 20:37:48,582 - scraper_base - INFO - ✅ Petlove: 4 produto(s) encontrado(s) para Previcox
2026-07-18 20:37:50,594 - scraper_base - INFO - 📦 [17/20] Processando Apoquel
2026-07-18 20:37:50,594 - scraper_base - INFO - 🔍 Petlove: Buscando Apoquel
2026-07-18 20:37:51,386 - scraper_base - INFO - ✅ Petlove: 16 produto(s) encontrado(s) para Apoquel
2026-07-18 20:37:53,183 - scraper_base - INFO - 📦 [18/20] Processando Zenrelia
2026-07-18 20:37:53,183 - scraper_base - INFO - 🔍 Petlove: Buscando Zenrelia
2026-07-18 20:37:54,193 - scraper_base - INFO - ✅ Petlove: 4 produto(s) encontrado(s) para Zenrelia
2026-07-18 20:37:56,071 - scraper_base - INFO - 📦 [19/20] Processando Synulox
2026-07-18 20:37:56,072 - scraper_base - INFO - 🔍 Petlove: Buscando Synulox
2026-07-18 20:37:56,737 - scraper_base - INFO - ✅ Petlove: 1 produto(s) encontrado(s) para Synulox
2026-07-18 20:37:58,591 - scraper_base - INFO - 📦 [20/20] Processando Baytril
2026-07-18 20:37:58,591 - scraper_base - INFO - 🔍 Petlove: Buscando Baytril
2026-07-18 20:37:59,259 - scraper_base - INFO - ✅ Petlove: 6 produto(s) encontrado(s) para Baytril
2026-07-18 20:38:02,006 - scraper_base - INFO - 📊 Petlove - Estatísticas finais:
2026-07-18 20:38:02,006 - scraper_base - INFO -    • Medicamentos processados: 20
2026-07-18 20:38:02,006 - scraper_base - INFO -    • Produtos encontrados: 249
2026-07-18 20:38:02,006 - scraper_base - INFO -    • Medicamentos sem resultado: 0
2026-07-18 20:38:02,006 - scraper_base - INFO -    • Tempo total: 54.0s
2026-07-18 20:38:02,006 - scraper_base - INFO -    • Tempo médio por medicamento: 2.7s
2026-07-18 20:38:02,109 - gerenciador_arquivos - INFO - Excel salvo: dados_coletados/petlove_20260718_203802.xlsx (249 produtos)
2026-07-18 20:38:02,109 - gerenciador_principal - INFO - Petlove: Arquivo individual salvo com sucesso
2026-07-18 20:38:02,109 - gerenciador_principal - INFO - Pausando entre sites...
2026-07-18 20:38:04,109 - gerenciador_principal - INFO - [3/3] Processando Petz
2026-07-18 20:38:04,110 - scraper_base - INFO - 🚀 Iniciando scraping completo - Petz
2026-07-18 20:38:04,573 - scraper_base - INFO - 📋 20 medicamentos para processar
2026-07-18 20:38:04,573 - scraper_base - INFO - 📦 [1/20] Processando Simparic
2026-07-18 20:38:04,573 - scraper_base - INFO - 🔍 Petz: Buscando Simparic
2026-07-18 20:38:10,269 - gerenciador_conexoes - INFO - Chrome inicializado com otimizacoes de velocidade
2026-07-18 20:38:10,461 - scraper_petz - INFO - Petz: Nenhum product-card encontrado para Simparic
2026-07-18 20:38:10,462 - scraper_base - INFO - ⚪ Petz: Nenhum produto encontrado para Simparic
2026-07-18 20:38:12,666 - scraper_base - INFO - 📦 [2/20] Processando Revolution
2026-07-18 20:38:12,666 - scraper_base - INFO - 🔍 Petz: Buscando Revolution
2026-07-18 20:38:12,750 - scraper_petz - INFO - Petz: Nenhum product-card encontrado para Revolution
2026-07-18 20:38:12,751 - scraper_base - INFO - ⚪ Petz: Nenhum produto encontrado para Revolution
2026-07-18 20:38:15,557 - scraper_base - INFO - 📦 [3/20] Processando NexGard
2026-07-18 20:38:15,558 - scraper_base - INFO - 🔍 Petz: Buscando NexGard
2026-07-18 20:38:15,647 - scraper_petz - INFO - Petz: Nenhum product-card encontrado para NexGard
2026-07-18 20:38:15,647 - scraper_base - INFO - ⚪ Petz: Nenhum produto encontrado para NexGard
2026-07-18 20:38:18,333 - scraper_base - INFO - 📦 [4/20] Processando NexGard Spectra
2026-07-18 20:38:18,334 - scraper_base - INFO - 🔍 Petz: Buscando NexGard Spectra
2026-07-18 20:38:18,416 - scraper_petz - INFO - Petz: Nenhum product-card encontrado para NexGard Spectra
2026-07-18 20:38:18,416 - scraper_base - INFO - ⚪ Petz: Nenhum produto encontrado para NexGard Spectra
2026-07-18 20:38:21,134 - scraper_base - INFO - 📦 [5/20] Processando NexGard Combo
2026-07-18 20:38:21,134 - scraper_base - INFO - 🔍 Petz: Buscando NexGard Combo
2026-07-18 20:38:21,233 - scraper_petz - INFO - Petz: Nenhum product-card encontrado para NexGard Combo
2026-07-18 20:38:21,234 - scraper_base - INFO - ⚪ Petz: Nenhum produto encontrado para NexGard Combo
2026-07-18 20:38:23,351 - scraper_base - INFO - 📦 [6/20] Processando Bravecto
2026-07-18 20:38:23,351 - scraper_base - INFO - 🔍 Petz: Buscando Bravecto
2026-07-18 20:38:23,565 - scraper_petz - INFO - Petz: Nenhum product-card encontrado para Bravecto
2026-07-18 20:38:23,565 - scraper_base - INFO - ⚪ Petz: Nenhum produto encontrado para Bravecto
2026-07-18 20:38:25,075 - scraper_base - INFO - 📦 [7/20] Processando Frontline
2026-07-18 20:38:25,075 - scraper_base - INFO - 🔍 Petz: Buscando Frontline
2026-07-18 20:38:25,358 - scraper_petz - INFO - Petz: Nenhum product-card encontrado para Frontline
2026-07-18 20:38:25,358 - scraper_base - INFO - ⚪ Petz: Nenhum produto encontrado para Frontline
2026-07-18 20:38:26,880 - scraper_base - INFO - 📦 [8/20] Processando Advocate
2026-07-18 20:38:26,881 - scraper_base - INFO - 🔍 Petz: Buscando Advocate
2026-07-18 20:38:26,966 - scraper_petz - INFO - Petz: Nenhum product-card encontrado para Advocate
2026-07-18 20:38:26,966 - scraper_base - INFO - ⚪ Petz: Nenhum produto encontrado para Advocate
2026-07-18 20:38:29,901 - scraper_base - INFO - 📦 [9/20] Processando Drontal
2026-07-18 20:38:29,901 - scraper_base - INFO - 🔍 Petz: Buscando Drontal
2026-07-18 20:38:29,988 - scraper_petz - INFO - Petz: Nenhum product-card encontrado para Drontal
2026-07-18 20:38:29,988 - scraper_base - INFO - ⚪ Petz: Nenhum produto encontrado para Drontal
2026-07-18 20:38:32,566 - scraper_base - INFO - 📦 [10/20] Processando Milbemax
2026-07-18 20:38:32,566 - scraper_base - INFO - 🔍 Petz: Buscando Milbemax
2026-07-18 20:38:32,746 - scraper_petz - INFO - Petz: Nenhum product-card encontrado para Milbemax
2026-07-18 20:38:32,746 - scraper_base - INFO - ⚪ Petz: Nenhum produto encontrado para Milbemax
2026-07-18 20:38:35,134 - scraper_base - INFO - 📦 [11/20] Processando Vermivet
2026-07-18 20:38:35,134 - scraper_base - INFO - 🔍 Petz: Buscando Vermivet
2026-07-18 20:38:35,251 - scraper_petz - INFO - Petz: Nenhum product-card encontrado para Vermivet
2026-07-18 20:38:35,251 - scraper_base - INFO - ⚪ Petz: Nenhum produto encontrado para Vermivet
2026-07-18 20:38:37,222 - scraper_base - INFO - 📦 [12/20] Processando Rimadyl
2026-07-18 20:38:37,222 - scraper_base - INFO - 🔍 Petz: Buscando Rimadyl
2026-07-18 20:38:37,344 - scraper_petz - INFO - Petz: Nenhum product-card encontrado para Rimadyl
2026-07-18 20:38:37,344 - scraper_base - INFO - ⚪ Petz: Nenhum produto encontrado para Rimadyl
2026-07-18 20:38:40,122 - scraper_base - INFO - 📦 [13/20] Processando Onsior
2026-07-18 20:38:40,122 - scraper_base - INFO - 🔍 Petz: Buscando Onsior
2026-07-18 20:38:40,219 - scraper_petz - INFO - Petz: Nenhum product-card encontrado para Onsior
2026-07-18 20:38:40,220 - scraper_base - INFO - ⚪ Petz: Nenhum produto encontrado para Onsior
2026-07-18 20:38:42,503 - scraper_base - INFO - 📦 [14/20] Processando Maxicam
2026-07-18 20:38:42,504 - scraper_base - INFO - 🔍 Petz: Buscando Maxicam
2026-07-18 20:38:42,615 - scraper_petz - INFO - Petz: Nenhum product-card encontrado para Maxicam
2026-07-18 20:38:42,615 - scraper_base - INFO - ⚪ Petz: Nenhum produto encontrado para Maxicam
2026-07-18 20:38:45,234 - scraper_base - INFO - 📦 [15/20] Processando Carproflan
2026-07-18 20:38:45,234 - scraper_base - INFO - 🔍 Petz: Buscando Carproflan
2026-07-18 20:38:45,356 - scraper_petz - INFO - Petz: Nenhum product-card encontrado para Carproflan
2026-07-18 20:38:45,356 - scraper_base - INFO - ⚪ Petz: Nenhum produto encontrado para Carproflan
2026-07-18 20:38:46,379 - scraper_base - INFO - 📦 [16/20] Processando Previcox
2026-07-18 20:38:46,379 - scraper_base - INFO - 🔍 Petz: Buscando Previcox
2026-07-18 20:38:46,782 - scraper_petz - INFO - Petz: Nenhum product-card encontrado para Previcox
2026-07-18 20:38:46,783 - scraper_base - INFO - ⚪ Petz: Nenhum produto encontrado para Previcox
2026-07-18 20:38:48,365 - scraper_base - INFO - 📦 [17/20] Processando Apoquel
2026-07-18 20:38:48,365 - scraper_base - INFO - 🔍 Petz: Buscando Apoquel
2026-07-18 20:38:48,479 - scraper_petz - INFO - Petz: Nenhum product-card encontrado para Apoquel
2026-07-18 20:38:48,479 - scraper_base - INFO - ⚪ Petz: Nenhum produto encontrado para Apoquel
2026-07-18 20:38:50,418 - scraper_base - INFO - 📦 [18/20] Processando Zenrelia
2026-07-18 20:38:50,418 - scraper_base - INFO - 🔍 Petz: Buscando Zenrelia
2026-07-18 20:38:50,503 - scraper_petz - INFO - Petz: Nenhum product-card encontrado para Zenrelia
2026-07-18 20:38:50,503 - scraper_base - INFO - ⚪ Petz: Nenhum produto encontrado para Zenrelia
2026-07-18 20:38:51,596 - scraper_base - INFO - 📦 [19/20] Processando Synulox
2026-07-18 20:38:51,596 - scraper_base - INFO - 🔍 Petz: Buscando Synulox
2026-07-18 20:38:51,687 - scraper_petz - INFO - Petz: Nenhum product-card encontrado para Synulox
2026-07-18 20:38:51,688 - scraper_base - INFO - ⚪ Petz: Nenhum produto encontrado para Synulox
2026-07-18 20:38:54,022 - scraper_base - INFO - 📦 [20/20] Processando Baytril
2026-07-18 20:38:54,022 - scraper_base - INFO - 🔍 Petz: Buscando Baytril
2026-07-18 20:38:54,112 - scraper_petz - INFO - Petz: Nenhum product-card encontrado para Baytril
2026-07-18 20:38:54,260 - scraper_base - INFO - ⚪ Petz: Nenhum produto encontrado para Baytril
2026-07-18 20:38:55,853 - scraper_base - INFO - 📊 Petz - Estatísticas finais:
2026-07-18 20:38:55,853 - scraper_base - INFO -    • Medicamentos processados: 20
2026-07-18 20:38:55,853 - scraper_base - INFO -    • Produtos encontrados: 0
2026-07-18 20:38:55,853 - scraper_base - INFO -    • Medicamentos sem resultado: 20
2026-07-18 20:38:55,853 - scraper_base - INFO -    • Tempo total: 51.7s
2026-07-18 20:38:55,853 - scraper_base - INFO -    • Tempo médio por medicamento: 2.6s
2026-07-18 20:38:55,853 - gerenciador_principal - WARNING - Petz: Nenhum produto coletado
2026-07-18 20:38:55,853 - gerenciador_principal - INFO - Gerando relatório consolidado...
2026-07-18 20:38:55,983 - gerenciador_arquivos - INFO - Relatório consolidado salvo: dados_relatorios/relatorio_consolidado_20260718_203855.xlsx
2026-07-18 20:38:56,050 - gerenciador_conexoes - INFO - Chrome fechado
2026-07-18 20:38:56,050 - gerenciador_conexoes - INFO - Métodos utilizados - Requests: 66.7%, Selenium: 33.3%, Falhas: 0.0%
2026-07-18 20:38:56,050 - gerenciador_principal - INFO - ============================================================
2026-07-18 20:38:56,050 - gerenciador_principal - INFO - RELATORIO FINAL DE EXECUÇÃO
2026-07-18 20:38:56,050 - gerenciador_principal - INFO - ============================================================
2026-07-18 20:38:56,050 - gerenciador_principal - INFO - Sites processados: 3
2026-07-18 20:38:56,050 - gerenciador_principal - INFO - Sites com sucesso: 2
2026-07-18 20:38:56,050 - gerenciador_principal - INFO - Total de produtos coletados: 409
2026-07-18 20:38:56,050 - gerenciador_principal - WARNING - Sites com falhas: Petz
2026-07-18 20:38:56,050 - gerenciador_principal - INFO - Tempo total de execução: 243.7 segundos
2026-07-18 20:38:56,050 - gerenciador_principal - INFO - Estatísticas de conexão:
2026-07-18 20:38:56,050 - gerenciador_principal - INFO -   - Requests bem-sucedidos: 66.7%
2026-07-18 20:38:56,050 - gerenciador_principal - INFO -   - Selenium fallback: 33.3%
2026-07-18 20:38:56,050 - gerenciador_principal - INFO -   - Falhas totais: 0.0%
2026-07-18 20:38:56,054 - gerenciador_principal - INFO - Arquivos salvos na pasta: dados_coletados
2026-07-18 20:38:56,054 - gerenciador_principal - INFO - Total de arquivos: 853
2026-07-18 20:38:56,054 - gerenciador_principal - INFO - ============================================================
