2026-06-06 20:51:42,127 - configurador_logs - INFO - Sistema de logs configurado com sucesso
2026-06-06 20:51:42,127 - configurador_logs - INFO - 🚀 Logs configurados para MODO PRODUÇÃO
2026-06-06 20:51:42,127 - gerenciador_principal - INFO - Inicializando sistema - Modo: PRODUCAO
2026-06-06 20:51:42,128 - gerenciador_arquivos - INFO - Pasta dados_coletados preparada
2026-06-06 20:51:42,128 - gerenciador_principal - INFO - Sistema inicializado com 3 scrapers
2026-06-06 20:51:42,128 - gerenciador_principal - INFO - ============================================================
2026-06-06 20:51:42,128 - gerenciador_principal - INFO - INICIANDO SCRAPING COMPLETO - PRODUCAO
2026-06-06 20:51:42,128 - gerenciador_principal - INFO - ============================================================
2026-06-06 20:51:42,128 - gerenciador_principal - INFO - [1/3] Processando Cobasi
2026-06-06 20:51:42,128 - scraper_base - INFO - 🚀 Iniciando scraping completo - Cobasi
2026-06-06 20:51:42,559 - gerenciador_conexoes - INFO - Sessao estabelecida com cobasi.com.br
2026-06-06 20:51:42,559 - scraper_base - INFO - 📋 20 medicamentos para processar
2026-06-06 20:51:42,559 - scraper_base - INFO - 📦 [1/20] Processando Simparic
2026-06-06 20:51:42,559 - scraper_base - INFO - 🔍 Cobasi: Buscando Simparic
2026-06-06 20:51:46,294 - scraper_cobasi - INFO - Cobasi: Dados extraídos via JSON para Simparic
2026-06-06 20:51:46,294 - scraper_base - INFO - ✅ Cobasi: 24 produto(s) encontrado(s) para Simparic
2026-06-06 20:51:49,015 - scraper_base - INFO - 📦 [2/20] Processando Revolution
2026-06-06 20:51:49,015 - scraper_base - INFO - 🔍 Cobasi: Buscando Revolution
2026-06-06 20:51:52,745 - scraper_cobasi - INFO - Cobasi: Dados extraídos via JSON para Revolution
2026-06-06 20:51:52,745 - scraper_base - INFO - ✅ Cobasi: 18 produto(s) encontrado(s) para Revolution
2026-06-06 20:51:54,169 - scraper_base - INFO - 📦 [3/20] Processando NexGard
2026-06-06 20:51:54,169 - scraper_base - INFO - 🔍 Cobasi: Buscando NexGard
2026-06-06 20:51:58,409 - scraper_cobasi - INFO - Cobasi: Dados extraídos via JSON para NexGard
2026-06-06 20:51:58,409 - scraper_base - INFO - ✅ Cobasi: 22 produto(s) encontrado(s) para NexGard
2026-06-06 20:51:59,924 - scraper_base - INFO - 📦 [4/20] Processando NexGard Spectra
2026-06-06 20:51:59,924 - scraper_base - INFO - 🔍 Cobasi: Buscando NexGard Spectra
2026-06-06 20:52:03,067 - scraper_cobasi - INFO - Cobasi: Dados extraídos via JSON para NexGard Spectra
2026-06-06 20:52:03,067 - scraper_base - INFO - ✅ Cobasi: 10 produto(s) encontrado(s) para NexGard Spectra
2026-06-06 20:52:05,147 - scraper_base - INFO - 📦 [5/20] Processando NexGard Combo
2026-06-06 20:52:05,147 - scraper_base - INFO - 🔍 Cobasi: Buscando NexGard Combo
2026-06-06 20:52:07,943 - scraper_cobasi - INFO - Cobasi: Dados extraídos via JSON para NexGard Combo
2026-06-06 20:52:07,943 - scraper_base - INFO - ✅ Cobasi: 4 produto(s) encontrado(s) para NexGard Combo
2026-06-06 20:52:10,088 - scraper_base - INFO - 📦 [6/20] Processando Bravecto
2026-06-06 20:52:10,088 - scraper_base - INFO - 🔍 Cobasi: Buscando Bravecto
2026-06-06 20:52:14,346 - scraper_cobasi - INFO - Cobasi: Dados extraídos via JSON para Bravecto
2026-06-06 20:52:14,346 - scraper_base - INFO - ✅ Cobasi: 16 produto(s) encontrado(s) para Bravecto
2026-06-06 20:52:15,795 - scraper_base - INFO - 📦 [7/20] Processando Frontline
2026-06-06 20:52:15,795 - scraper_base - INFO - 🔍 Cobasi: Buscando Frontline
2026-06-06 20:52:20,895 - scraper_cobasi - INFO - Cobasi: Dados extraídos via JSON para Frontline
2026-06-06 20:52:20,895 - scraper_base - INFO - ✅ Cobasi: 11 produto(s) encontrado(s) para Frontline
2026-06-06 20:52:22,250 - scraper_base - INFO - 📦 [8/20] Processando Advocate
2026-06-06 20:52:22,250 - scraper_base - INFO - 🔍 Cobasi: Buscando Advocate
2026-06-06 20:52:25,526 - scraper_cobasi - INFO - Cobasi: Dados extraídos via JSON para Advocate
2026-06-06 20:52:25,527 - scraper_base - INFO - ✅ Cobasi: 12 produto(s) encontrado(s) para Advocate
2026-06-06 20:52:27,639 - scraper_base - INFO - 📦 [9/20] Processando Drontal
2026-06-06 20:52:27,639 - scraper_base - INFO - 🔍 Cobasi: Buscando Drontal
2026-06-06 20:52:31,409 - scraper_cobasi - INFO - Cobasi: Dados extraídos via JSON para Drontal
2026-06-06 20:52:31,409 - scraper_base - INFO - ✅ Cobasi: 8 produto(s) encontrado(s) para Drontal
2026-06-06 20:52:34,301 - scraper_base - INFO - 📦 [10/20] Processando Milbemax
2026-06-06 20:52:34,302 - scraper_base - INFO - 🔍 Cobasi: Buscando Milbemax
2026-06-06 20:52:37,745 - scraper_cobasi - INFO - Cobasi: Dados extraídos via JSON para Milbemax
2026-06-06 20:52:37,745 - scraper_base - INFO - ✅ Cobasi: 4 produto(s) encontrado(s) para Milbemax
2026-06-06 20:52:39,335 - scraper_base - INFO - 📦 [11/20] Processando Vermivet
2026-06-06 20:52:39,335 - scraper_base - INFO - 🔍 Cobasi: Buscando Vermivet
2026-06-06 20:52:42,968 - scraper_cobasi - INFO - Cobasi: Dados extraídos via JSON para Vermivet
2026-06-06 20:52:42,968 - scraper_base - INFO - ✅ Cobasi: 5 produto(s) encontrado(s) para Vermivet
2026-06-06 20:52:44,784 - scraper_base - INFO - 📦 [12/20] Processando Rimadyl
2026-06-06 20:52:44,784 - scraper_base - INFO - 🔍 Cobasi: Buscando Rimadyl
2026-06-06 20:52:47,802 - scraper_cobasi - INFO - Cobasi: Dados extraídos via JSON para Rimadyl
2026-06-06 20:52:47,802 - scraper_base - INFO - ✅ Cobasi: 3 produto(s) encontrado(s) para Rimadyl
2026-06-06 20:52:49,231 - scraper_base - INFO - 📦 [13/20] Processando Onsior
2026-06-06 20:52:49,231 - scraper_base - INFO - 🔍 Cobasi: Buscando Onsior
2026-06-06 20:52:52,790 - scraper_cobasi - INFO - Cobasi: Dados extraídos via JSON para Onsior
2026-06-06 20:52:52,790 - scraper_base - INFO - ✅ Cobasi: 4 produto(s) encontrado(s) para Onsior
2026-06-06 20:52:54,413 - scraper_base - INFO - 📦 [14/20] Processando Maxicam
2026-06-06 20:52:54,414 - scraper_base - INFO - 🔍 Cobasi: Buscando Maxicam
2026-06-06 20:52:58,479 - scraper_cobasi - INFO - Cobasi: Dados extraídos via JSON para Maxicam
2026-06-06 20:52:58,479 - scraper_base - INFO - ✅ Cobasi: 3 produto(s) encontrado(s) para Maxicam
2026-06-06 20:53:00,112 - scraper_base - INFO - 📦 [15/20] Processando Carproflan
2026-06-06 20:53:00,113 - scraper_base - INFO - 🔍 Cobasi: Buscando Carproflan
2026-06-06 20:53:03,255 - scraper_cobasi - INFO - Cobasi: Dados extraídos via JSON para Carproflan
2026-06-06 20:53:03,256 - scraper_base - INFO - ✅ Cobasi: 3 produto(s) encontrado(s) para Carproflan
2026-06-06 20:53:04,740 - scraper_base - INFO - 📦 [16/20] Processando Previcox
2026-06-06 20:53:04,740 - scraper_base - INFO - 🔍 Cobasi: Buscando Previcox
2026-06-06 20:53:08,063 - scraper_cobasi - INFO - Cobasi: Dados extraídos via JSON para Previcox
2026-06-06 20:53:08,063 - scraper_base - INFO - ✅ Cobasi: 2 produto(s) encontrado(s) para Previcox
2026-06-06 20:53:11,022 - scraper_base - INFO - 📦 [17/20] Processando Apoquel
2026-06-06 20:53:11,022 - scraper_base - INFO - 🔍 Cobasi: Buscando Apoquel
2026-06-06 20:53:13,837 - scraper_cobasi - INFO - Cobasi: Dados extraídos via JSON para Apoquel
2026-06-06 20:53:13,837 - scraper_base - INFO - ✅ Cobasi: 3 produto(s) encontrado(s) para Apoquel
2026-06-06 20:53:15,534 - scraper_base - INFO - 📦 [18/20] Processando Zenrelia
2026-06-06 20:53:15,534 - scraper_base - INFO - 🔍 Cobasi: Buscando Zenrelia
2026-06-06 20:53:18,232 - scraper_cobasi - INFO - Cobasi: Dados extraídos via JSON para Zenrelia
2026-06-06 20:53:18,232 - scraper_base - INFO - ✅ Cobasi: 4 produto(s) encontrado(s) para Zenrelia
2026-06-06 20:53:20,687 - scraper_base - INFO - 📦 [19/20] Processando Synulox
2026-06-06 20:53:20,687 - scraper_base - INFO - 🔍 Cobasi: Buscando Synulox
2026-06-06 20:53:23,222 - scraper_cobasi - INFO - Cobasi: Dados extraídos via JSON para Synulox
2026-06-06 20:53:23,222 - scraper_base - INFO - ✅ Cobasi: 2 produto(s) encontrado(s) para Synulox
2026-06-06 20:53:25,776 - scraper_base - INFO - 📦 [20/20] Processando Baytril
2026-06-06 20:53:25,776 - scraper_base - INFO - 🔍 Cobasi: Buscando Baytril
2026-06-06 20:53:28,765 - scraper_cobasi - INFO - Cobasi: Dados extraídos via JSON para Baytril
2026-06-06 20:53:28,765 - scraper_base - INFO - ✅ Cobasi: 2 produto(s) encontrado(s) para Baytril
2026-06-06 20:53:30,061 - scraper_base - INFO - 📊 Cobasi - Estatísticas finais:
2026-06-06 20:53:30,061 - scraper_base - INFO -    • Medicamentos processados: 20
2026-06-06 20:53:30,061 - scraper_base - INFO -    • Produtos encontrados: 160
2026-06-06 20:53:30,061 - scraper_base - INFO -    • Medicamentos sem resultado: 0
2026-06-06 20:53:30,061 - scraper_base - INFO -    • Tempo total: 107.9s
2026-06-06 20:53:30,061 - scraper_base - INFO -    • Tempo médio por medicamento: 5.4s
2026-06-06 20:53:30,247 - gerenciador_arquivos - INFO - Excel salvo: dados_coletados/cobasi_20260606_205330.xlsx (160 produtos)
2026-06-06 20:53:30,248 - gerenciador_principal - INFO - Cobasi: Arquivo individual salvo com sucesso
2026-06-06 20:53:30,248 - gerenciador_principal - INFO - Pausando entre sites...
2026-06-06 20:53:32,248 - gerenciador_principal - INFO - [2/3] Processando Petlove
2026-06-06 20:53:32,248 - scraper_base - INFO - 🚀 Iniciando scraping completo - Petlove
2026-06-06 20:53:32,887 - gerenciador_conexoes - INFO - Sessao estabelecida com petlove.com.br
2026-06-06 20:53:32,887 - scraper_base - INFO - 📋 20 medicamentos para processar
2026-06-06 20:53:32,887 - scraper_base - INFO - 📦 [1/20] Processando Simparic
2026-06-06 20:53:32,887 - scraper_base - INFO - 🔍 Petlove: Buscando Simparic
2026-06-06 20:53:33,703 - scraper_base - INFO - ✅ Petlove: 36 produto(s) encontrado(s) para Simparic
2026-06-06 20:53:36,072 - scraper_base - INFO - 📦 [2/20] Processando Revolution
2026-06-06 20:53:36,072 - scraper_base - INFO - 🔍 Petlove: Buscando Revolution
2026-06-06 20:53:37,082 - scraper_base - INFO - ✅ Petlove: 20 produto(s) encontrado(s) para Revolution
2026-06-06 20:53:39,182 - scraper_base - INFO - 📦 [3/20] Processando NexGard
2026-06-06 20:53:39,182 - scraper_base - INFO - 🔍 Petlove: Buscando NexGard
2026-06-06 20:53:40,173 - scraper_base - INFO - ✅ Petlove: 11 produto(s) encontrado(s) para NexGard
2026-06-06 20:53:41,605 - scraper_base - INFO - 📦 [4/20] Processando NexGard Spectra
2026-06-06 20:53:41,605 - scraper_base - INFO - 🔍 Petlove: Buscando NexGard Spectra
2026-06-06 20:53:42,297 - scraper_base - INFO - ✅ Petlove: 5 produto(s) encontrado(s) para NexGard Spectra
2026-06-06 20:53:44,951 - scraper_base - INFO - 📦 [5/20] Processando NexGard Combo
2026-06-06 20:53:44,951 - scraper_base - INFO - 🔍 Petlove: Buscando NexGard Combo
2026-06-06 20:53:45,527 - scraper_base - INFO - ✅ Petlove: 2 produto(s) encontrado(s) para NexGard Combo
2026-06-06 20:53:47,671 - scraper_base - INFO - 📦 [6/20] Processando Bravecto
2026-06-06 20:53:47,671 - scraper_base - INFO - 🔍 Petlove: Buscando Bravecto
2026-06-06 20:53:48,535 - scraper_base - INFO - ✅ Petlove: 22 produto(s) encontrado(s) para Bravecto
2026-06-06 20:53:49,559 - scraper_base - INFO - 📦 [7/20] Processando Frontline
2026-06-06 20:53:49,559 - scraper_base - INFO - 🔍 Petlove: Buscando Frontline
2026-06-06 20:53:50,277 - scraper_base - INFO - ✅ Petlove: 11 produto(s) encontrado(s) para Frontline
2026-06-06 20:53:51,426 - scraper_base - INFO - 📦 [8/20] Processando Advocate
2026-06-06 20:53:51,426 - scraper_base - INFO - 🔍 Petlove: Buscando Advocate
2026-06-06 20:53:52,037 - scraper_base - INFO - ✅ Petlove: 9 produto(s) encontrado(s) para Advocate
2026-06-06 20:53:53,307 - scraper_base - INFO - 📦 [9/20] Processando Drontal
2026-06-06 20:53:53,307 - scraper_base - INFO - 🔍 Petlove: Buscando Drontal
2026-06-06 20:53:54,192 - scraper_base - INFO - ✅ Petlove: 36 produto(s) encontrado(s) para Drontal
2026-06-06 20:53:56,461 - scraper_base - INFO - 📦 [10/20] Processando Milbemax
2026-06-06 20:53:56,461 - scraper_base - INFO - 🔍 Petlove: Buscando Milbemax
2026-06-06 20:53:57,135 - scraper_base - INFO - ✅ Petlove: 14 produto(s) encontrado(s) para Milbemax
2026-06-06 20:53:59,052 - scraper_base - INFO - 📦 [11/20] Processando Vermivet
2026-06-06 20:53:59,052 - scraper_base - INFO - 🔍 Petlove: Buscando Vermivet
2026-06-06 20:53:59,784 - scraper_base - INFO - ✅ Petlove: 36 produto(s) encontrado(s) para Vermivet
2026-06-06 20:54:01,648 - scraper_base - INFO - 📦 [12/20] Processando Rimadyl
2026-06-06 20:54:01,648 - scraper_base - INFO - 🔍 Petlove: Buscando Rimadyl
2026-06-06 20:54:02,200 - scraper_base - INFO - ✅ Petlove: 1 produto(s) encontrado(s) para Rimadyl
2026-06-06 20:54:03,727 - scraper_base - INFO - 📦 [13/20] Processando Onsior
2026-06-06 20:54:03,727 - scraper_base - INFO - 🔍 Petlove: Buscando Onsior
2026-06-06 20:54:04,338 - scraper_base - INFO - ✅ Petlove: 4 produto(s) encontrado(s) para Onsior
2026-06-06 20:54:05,661 - scraper_base - INFO - 📦 [14/20] Processando Maxicam
2026-06-06 20:54:05,662 - scraper_base - INFO - 🔍 Petlove: Buscando Maxicam
2026-06-06 20:54:06,268 - scraper_base - INFO - ✅ Petlove: 3 produto(s) encontrado(s) para Maxicam
2026-06-06 20:54:08,533 - scraper_base - INFO - 📦 [15/20] Processando Carproflan
2026-06-06 20:54:08,533 - scraper_base - INFO - 🔍 Petlove: Buscando Carproflan
2026-06-06 20:54:09,341 - scraper_base - INFO - ✅ Petlove: 8 produto(s) encontrado(s) para Carproflan
2026-06-06 20:54:11,086 - scraper_base - INFO - 📦 [16/20] Processando Previcox
2026-06-06 20:54:11,086 - scraper_base - INFO - 🔍 Petlove: Buscando Previcox
2026-06-06 20:54:11,671 - scraper_base - INFO - ✅ Petlove: 4 produto(s) encontrado(s) para Previcox
2026-06-06 20:54:13,157 - scraper_base - INFO - 📦 [17/20] Processando Apoquel
2026-06-06 20:54:13,158 - scraper_base - INFO - 🔍 Petlove: Buscando Apoquel
2026-06-06 20:54:13,778 - scraper_base - INFO - ✅ Petlove: 16 produto(s) encontrado(s) para Apoquel
2026-06-06 20:54:15,675 - scraper_base - INFO - 📦 [18/20] Processando Zenrelia
2026-06-06 20:54:15,675 - scraper_base - INFO - 🔍 Petlove: Buscando Zenrelia
2026-06-06 20:54:16,297 - scraper_base - INFO - ✅ Petlove: 4 produto(s) encontrado(s) para Zenrelia
2026-06-06 20:54:18,089 - scraper_base - INFO - 📦 [19/20] Processando Synulox
2026-06-06 20:54:18,089 - scraper_base - INFO - 🔍 Petlove: Buscando Synulox
2026-06-06 20:54:18,906 - scraper_base - INFO - ✅ Petlove: 1 produto(s) encontrado(s) para Synulox
2026-06-06 20:54:21,534 - scraper_base - INFO - 📦 [20/20] Processando Baytril
2026-06-06 20:54:21,534 - scraper_base - INFO - 🔍 Petlove: Buscando Baytril
2026-06-06 20:54:22,202 - scraper_base - INFO - ✅ Petlove: 6 produto(s) encontrado(s) para Baytril
2026-06-06 20:54:23,628 - scraper_base - INFO - 📊 Petlove - Estatísticas finais:
2026-06-06 20:54:23,628 - scraper_base - INFO -    • Medicamentos processados: 20
2026-06-06 20:54:23,628 - scraper_base - INFO -    • Produtos encontrados: 249
2026-06-06 20:54:23,628 - scraper_base - INFO -    • Medicamentos sem resultado: 0
2026-06-06 20:54:23,628 - scraper_base - INFO -    • Tempo total: 51.4s
2026-06-06 20:54:23,628 - scraper_base - INFO -    • Tempo médio por medicamento: 2.6s
2026-06-06 20:54:23,676 - gerenciador_arquivos - INFO - Excel salvo: dados_coletados/petlove_20260606_205423.xlsx (249 produtos)
2026-06-06 20:54:23,676 - gerenciador_principal - INFO - Petlove: Arquivo individual salvo com sucesso
2026-06-06 20:54:23,676 - gerenciador_principal - INFO - Pausando entre sites...
2026-06-06 20:54:25,676 - gerenciador_principal - INFO - [3/3] Processando Petz
2026-06-06 20:54:25,677 - scraper_base - INFO - 🚀 Iniciando scraping completo - Petz
2026-06-06 20:54:26,001 - scraper_base - INFO - 📋 20 medicamentos para processar
2026-06-06 20:54:26,001 - scraper_base - INFO - 📦 [1/20] Processando Simparic
2026-06-06 20:54:26,001 - scraper_base - INFO - 🔍 Petz: Buscando Simparic
2026-06-06 20:54:34,451 - gerenciador_conexoes - INFO - Chrome inicializado com otimizacoes de velocidade
2026-06-06 20:54:40,728 - scraper_base - INFO - ✅ Petz: 24 produto(s) encontrado(s) para Simparic
2026-06-06 20:54:42,579 - scraper_base - INFO - 📦 [2/20] Processando Revolution
2026-06-06 20:54:42,580 - scraper_base - INFO - 🔍 Petz: Buscando Revolution
2026-06-06 20:54:46,299 - scraper_base - INFO - ✅ Petz: 21 produto(s) encontrado(s) para Revolution
2026-06-06 20:54:49,235 - scraper_base - INFO - 📦 [3/20] Processando NexGard
2026-06-06 20:54:49,236 - scraper_base - INFO - 🔍 Petz: Buscando NexGard
2026-06-06 20:54:52,705 - scraper_base - INFO - ✅ Petz: 22 produto(s) encontrado(s) para NexGard
2026-06-06 20:54:55,305 - scraper_base - INFO - 📦 [4/20] Processando NexGard Spectra
2026-06-06 20:54:55,305 - scraper_base - INFO - 🔍 Petz: Buscando NexGard Spectra
2026-06-06 20:54:57,694 - scraper_base - INFO - ✅ Petz: 10 produto(s) encontrado(s) para NexGard Spectra
2026-06-06 20:54:59,476 - scraper_base - INFO - 📦 [5/20] Processando NexGard Combo
2026-06-06 20:54:59,476 - scraper_base - INFO - 🔍 Petz: Buscando NexGard Combo
2026-06-06 20:55:01,310 - scraper_base - INFO - ✅ Petz: 4 produto(s) encontrado(s) para NexGard Combo
2026-06-06 20:55:03,187 - scraper_base - INFO - 📦 [6/20] Processando Bravecto
2026-06-06 20:55:03,187 - scraper_base - INFO - 🔍 Petz: Buscando Bravecto
2026-06-06 20:55:06,892 - scraper_base - INFO - ✅ Petz: 16 produto(s) encontrado(s) para Bravecto
2026-06-06 20:55:09,795 - scraper_base - INFO - 📦 [7/20] Processando Frontline
2026-06-06 20:55:09,795 - scraper_base - INFO - 🔍 Petz: Buscando Frontline
2026-06-06 20:55:12,483 - scraper_base - INFO - ✅ Petz: 11 produto(s) encontrado(s) para Frontline
2026-06-06 20:55:14,645 - scraper_base - INFO - 📦 [8/20] Processando Advocate
2026-06-06 20:55:14,645 - scraper_base - INFO - 🔍 Petz: Buscando Advocate
2026-06-06 20:55:17,157 - scraper_base - INFO - ✅ Petz: 12 produto(s) encontrado(s) para Advocate
2026-06-06 20:55:19,725 - scraper_base - INFO - 📦 [9/20] Processando Drontal
2026-06-06 20:55:19,725 - scraper_base - INFO - 🔍 Petz: Buscando Drontal
2026-06-06 20:55:23,553 - scraper_base - INFO - ✅ Petz: 32 produto(s) encontrado(s) para Drontal
2026-06-06 20:55:25,622 - scraper_base - INFO - 📦 [10/20] Processando Milbemax
2026-06-06 20:55:25,622 - scraper_base - INFO - 🔍 Petz: Buscando Milbemax
2026-06-06 20:55:27,505 - scraper_base - INFO - ✅ Petz: 4 produto(s) encontrado(s) para Milbemax
2026-06-06 20:55:29,357 - scraper_base - INFO - 📦 [11/20] Processando Vermivet
2026-06-06 20:55:29,358 - scraper_base - INFO - 🔍 Petz: Buscando Vermivet
2026-06-06 20:55:31,308 - scraper_base - INFO - ✅ Petz: 5 produto(s) encontrado(s) para Vermivet
2026-06-06 20:55:34,163 - scraper_base - INFO - 📦 [12/20] Processando Rimadyl
2026-06-06 20:55:34,163 - scraper_base - INFO - 🔍 Petz: Buscando Rimadyl
2026-06-06 20:55:36,066 - scraper_base - INFO - ✅ Petz: 3 produto(s) encontrado(s) para Rimadyl
2026-06-06 20:55:38,697 - scraper_base - INFO - 📦 [13/20] Processando Onsior
2026-06-06 20:55:38,698 - scraper_base - INFO - 🔍 Petz: Buscando Onsior
2026-06-06 20:55:40,725 - scraper_base - INFO - ✅ Petz: 4 produto(s) encontrado(s) para Onsior
2026-06-06 20:55:41,824 - scraper_base - INFO - 📦 [14/20] Processando Maxicam
2026-06-06 20:55:41,824 - scraper_base - INFO - 🔍 Petz: Buscando Maxicam
2026-06-06 20:55:45,362 - scraper_base - INFO - ✅ Petz: 29 produto(s) encontrado(s) para Maxicam
2026-06-06 20:55:46,710 - scraper_base - INFO - 📦 [15/20] Processando Carproflan
2026-06-06 20:55:46,710 - scraper_base - INFO - 🔍 Petz: Buscando Carproflan
2026-06-06 20:55:48,884 - scraper_base - INFO - ✅ Petz: 3 produto(s) encontrado(s) para Carproflan
2026-06-06 20:55:50,014 - scraper_base - INFO - 📦 [16/20] Processando Previcox
2026-06-06 20:55:50,015 - scraper_base - INFO - 🔍 Petz: Buscando Previcox
2026-06-06 20:55:52,227 - scraper_base - INFO - ✅ Petz: 2 produto(s) encontrado(s) para Previcox
2026-06-06 20:55:53,641 - scraper_base - INFO - 📦 [17/20] Processando Apoquel
2026-06-06 20:55:53,642 - scraper_base - INFO - 🔍 Petz: Buscando Apoquel
2026-06-06 20:55:55,992 - scraper_base - INFO - ✅ Petz: 3 produto(s) encontrado(s) para Apoquel
2026-06-06 20:55:58,682 - scraper_base - INFO - 📦 [18/20] Processando Zenrelia
2026-06-06 20:55:58,682 - scraper_base - INFO - 🔍 Petz: Buscando Zenrelia
2026-06-06 20:56:00,961 - scraper_base - INFO - ✅ Petz: 4 produto(s) encontrado(s) para Zenrelia
2026-06-06 20:56:03,494 - scraper_base - INFO - 📦 [19/20] Processando Synulox
2026-06-06 20:56:03,494 - scraper_base - INFO - 🔍 Petz: Buscando Synulox
2026-06-06 20:56:05,297 - scraper_base - INFO - ✅ Petz: 2 produto(s) encontrado(s) para Synulox
2026-06-06 20:56:08,091 - scraper_base - INFO - 📦 [20/20] Processando Baytril
2026-06-06 20:56:08,091 - scraper_base - INFO - 🔍 Petz: Buscando Baytril
2026-06-06 20:56:10,317 - scraper_base - INFO - ✅ Petz: 9 produto(s) encontrado(s) para Baytril
2026-06-06 20:56:12,004 - scraper_base - INFO - 📊 Petz - Estatísticas finais:
2026-06-06 20:56:12,005 - scraper_base - INFO -    • Medicamentos processados: 20
2026-06-06 20:56:12,005 - scraper_base - INFO -    • Produtos encontrados: 220
2026-06-06 20:56:12,005 - scraper_base - INFO -    • Medicamentos sem resultado: 0
2026-06-06 20:56:12,005 - scraper_base - INFO -    • Tempo total: 106.3s
2026-06-06 20:56:12,005 - scraper_base - INFO -    • Tempo médio por medicamento: 5.3s
2026-06-06 20:56:12,120 - gerenciador_arquivos - INFO - Excel salvo: dados_coletados/petz_20260606_205612.xlsx (220 produtos)
2026-06-06 20:56:12,120 - gerenciador_principal - INFO - Petz: Arquivo individual salvo com sucesso
2026-06-06 20:56:12,120 - gerenciador_principal - INFO - Gerando relatório consolidado...
2026-06-06 20:56:12,332 - gerenciador_arquivos - INFO - Relatório consolidado salvo: dados_relatorios/relatorio_consolidado_20260606_205612.xlsx
2026-06-06 20:56:12,437 - gerenciador_conexoes - INFO - Chrome fechado
2026-06-06 20:56:12,437 - gerenciador_conexoes - INFO - Métodos utilizados - Requests: 66.7%, Selenium: 33.3%, Falhas: 0.0%
2026-06-06 20:56:12,437 - gerenciador_principal - INFO - ============================================================
2026-06-06 20:56:12,437 - gerenciador_principal - INFO - RELATORIO FINAL DE EXECUÇÃO
2026-06-06 20:56:12,437 - gerenciador_principal - INFO - ============================================================
2026-06-06 20:56:12,437 - gerenciador_principal - INFO - Sites processados: 3
2026-06-06 20:56:12,437 - gerenciador_principal - INFO - Sites com sucesso: 3
2026-06-06 20:56:12,437 - gerenciador_principal - INFO - Total de produtos coletados: 629
2026-06-06 20:56:12,437 - gerenciador_principal - INFO - Tempo total de execução: 270.0 segundos
2026-06-06 20:56:12,437 - gerenciador_principal - INFO - Estatísticas de conexão:
2026-06-06 20:56:12,437 - gerenciador_principal - INFO -   - Requests bem-sucedidos: 66.7%
2026-06-06 20:56:12,437 - gerenciador_principal - INFO -   - Selenium fallback: 33.3%
2026-06-06 20:56:12,437 - gerenciador_principal - INFO -   - Falhas totais: 0.0%
2026-06-06 20:56:12,441 - gerenciador_principal - INFO - Arquivos salvos na pasta: dados_coletados
2026-06-06 20:56:12,441 - gerenciador_principal - INFO - Total de arquivos: 730
2026-06-06 20:56:12,441 - gerenciador_principal - INFO - ============================================================
