2026-07-09 21:08:41,839 - configurador_logs - INFO - Sistema de logs configurado com sucesso
2026-07-09 21:08:41,840 - configurador_logs - INFO - 🚀 Logs configurados para MODO PRODUÇÃO
2026-07-09 21:08:41,840 - gerenciador_principal - INFO - Inicializando sistema - Modo: PRODUCAO
2026-07-09 21:08:41,840 - gerenciador_arquivos - INFO - Pasta dados_coletados preparada
2026-07-09 21:08:41,840 - gerenciador_principal - INFO - Sistema inicializado com 3 scrapers
2026-07-09 21:08:41,840 - gerenciador_principal - INFO - ============================================================
2026-07-09 21:08:41,840 - gerenciador_principal - INFO - INICIANDO SCRAPING COMPLETO - PRODUCAO
2026-07-09 21:08:41,840 - gerenciador_principal - INFO - ============================================================
2026-07-09 21:08:41,840 - gerenciador_principal - INFO - [1/3] Processando Cobasi
2026-07-09 21:08:41,840 - scraper_base - INFO - 🚀 Iniciando scraping completo - Cobasi
2026-07-09 21:08:42,371 - gerenciador_conexoes - INFO - Sessao estabelecida com cobasi.com.br
2026-07-09 21:08:42,371 - scraper_base - INFO - 📋 20 medicamentos para processar
2026-07-09 21:08:42,371 - scraper_base - INFO - 📦 [1/20] Processando Simparic
2026-07-09 21:08:42,371 - scraper_base - INFO - 🔍 Cobasi: Buscando Simparic
2026-07-09 21:08:46,087 - scraper_cobasi - INFO - Cobasi: Dados extraídos via JSON para Simparic
2026-07-09 21:08:46,087 - scraper_base - INFO - ✅ Cobasi: 24 produto(s) encontrado(s) para Simparic
2026-07-09 21:08:47,549 - scraper_base - INFO - 📦 [2/20] Processando Revolution
2026-07-09 21:08:47,549 - scraper_base - INFO - 🔍 Cobasi: Buscando Revolution
2026-07-09 21:08:51,563 - scraper_cobasi - INFO - Cobasi: Dados extraídos via JSON para Revolution
2026-07-09 21:08:51,563 - scraper_base - INFO - ✅ Cobasi: 18 produto(s) encontrado(s) para Revolution
2026-07-09 21:08:53,379 - scraper_base - INFO - 📦 [3/20] Processando NexGard
2026-07-09 21:08:53,379 - scraper_base - INFO - 🔍 Cobasi: Buscando NexGard
2026-07-09 21:08:57,483 - scraper_cobasi - INFO - Cobasi: Dados extraídos via JSON para NexGard
2026-07-09 21:08:57,483 - scraper_base - INFO - ✅ Cobasi: 22 produto(s) encontrado(s) para NexGard
2026-07-09 21:08:58,820 - scraper_base - INFO - 📦 [4/20] Processando NexGard Spectra
2026-07-09 21:08:58,820 - scraper_base - INFO - 🔍 Cobasi: Buscando NexGard Spectra
2026-07-09 21:09:03,032 - scraper_cobasi - INFO - Cobasi: Dados extraídos via JSON para NexGard Spectra
2026-07-09 21:09:03,032 - scraper_base - INFO - ✅ Cobasi: 10 produto(s) encontrado(s) para NexGard Spectra
2026-07-09 21:09:04,560 - scraper_base - INFO - 📦 [5/20] Processando NexGard Combo
2026-07-09 21:09:04,560 - scraper_base - INFO - 🔍 Cobasi: Buscando NexGard Combo
2026-07-09 21:09:07,912 - scraper_cobasi - INFO - Cobasi: Dados extraídos via JSON para NexGard Combo
2026-07-09 21:09:07,912 - scraper_base - INFO - ✅ Cobasi: 4 produto(s) encontrado(s) para NexGard Combo
2026-07-09 21:09:10,825 - scraper_base - INFO - 📦 [6/20] Processando Bravecto
2026-07-09 21:09:10,825 - scraper_base - INFO - 🔍 Cobasi: Buscando Bravecto
2026-07-09 21:09:14,095 - scraper_cobasi - INFO - Cobasi: Dados extraídos via JSON para Bravecto
2026-07-09 21:09:14,095 - scraper_base - INFO - ✅ Cobasi: 16 produto(s) encontrado(s) para Bravecto
2026-07-09 21:09:15,246 - scraper_base - INFO - 📦 [7/20] Processando Frontline
2026-07-09 21:09:15,246 - scraper_base - INFO - 🔍 Cobasi: Buscando Frontline
2026-07-09 21:09:19,846 - scraper_cobasi - INFO - Cobasi: Dados extraídos via JSON para Frontline
2026-07-09 21:09:19,846 - scraper_base - INFO - ✅ Cobasi: 11 produto(s) encontrado(s) para Frontline
2026-07-09 21:09:21,935 - scraper_base - INFO - 📦 [8/20] Processando Advocate
2026-07-09 21:09:21,936 - scraper_base - INFO - 🔍 Cobasi: Buscando Advocate
2026-07-09 21:09:25,696 - scraper_cobasi - INFO - Cobasi: Dados extraídos via JSON para Advocate
2026-07-09 21:09:25,697 - scraper_base - INFO - ✅ Cobasi: 12 produto(s) encontrado(s) para Advocate
2026-07-09 21:09:26,867 - scraper_base - INFO - 📦 [9/20] Processando Drontal
2026-07-09 21:09:26,867 - scraper_base - INFO - 🔍 Cobasi: Buscando Drontal
2026-07-09 21:09:30,801 - scraper_cobasi - INFO - Cobasi: Dados extraídos via JSON para Drontal
2026-07-09 21:09:30,801 - scraper_base - INFO - ✅ Cobasi: 8 produto(s) encontrado(s) para Drontal
2026-07-09 21:09:31,811 - scraper_base - INFO - 📦 [10/20] Processando Milbemax
2026-07-09 21:09:31,811 - scraper_base - INFO - 🔍 Cobasi: Buscando Milbemax
2026-07-09 21:09:35,096 - scraper_cobasi - INFO - Cobasi: Dados extraídos via JSON para Milbemax
2026-07-09 21:09:35,096 - scraper_base - INFO - ✅ Cobasi: 4 produto(s) encontrado(s) para Milbemax
2026-07-09 21:09:37,169 - scraper_base - INFO - 📦 [11/20] Processando Vermivet
2026-07-09 21:09:37,169 - scraper_base - INFO - 🔍 Cobasi: Buscando Vermivet
2026-07-09 21:09:41,313 - scraper_cobasi - INFO - Cobasi: Dados extraídos via JSON para Vermivet
2026-07-09 21:09:41,313 - scraper_base - INFO - ✅ Cobasi: 5 produto(s) encontrado(s) para Vermivet
2026-07-09 21:09:43,184 - scraper_base - INFO - 📦 [12/20] Processando Rimadyl
2026-07-09 21:09:43,184 - scraper_base - INFO - 🔍 Cobasi: Buscando Rimadyl
2026-07-09 21:09:46,335 - scraper_cobasi - INFO - Cobasi: Dados extraídos via JSON para Rimadyl
2026-07-09 21:09:46,335 - scraper_base - INFO - ✅ Cobasi: 3 produto(s) encontrado(s) para Rimadyl
2026-07-09 21:09:48,552 - scraper_base - INFO - 📦 [13/20] Processando Onsior
2026-07-09 21:09:48,552 - scraper_base - INFO - 🔍 Cobasi: Buscando Onsior
2026-07-09 21:09:51,229 - scraper_cobasi - INFO - Cobasi: Dados extraídos via JSON para Onsior
2026-07-09 21:09:51,230 - scraper_base - INFO - ✅ Cobasi: 4 produto(s) encontrado(s) para Onsior
2026-07-09 21:09:52,335 - scraper_base - INFO - 📦 [14/20] Processando Maxicam
2026-07-09 21:09:52,335 - scraper_base - INFO - 🔍 Cobasi: Buscando Maxicam
2026-07-09 21:09:56,673 - scraper_cobasi - INFO - Cobasi: Dados extraídos via JSON para Maxicam
2026-07-09 21:09:56,673 - scraper_base - INFO - ✅ Cobasi: 3 produto(s) encontrado(s) para Maxicam
2026-07-09 21:09:58,343 - scraper_base - INFO - 📦 [15/20] Processando Carproflan
2026-07-09 21:09:58,343 - scraper_base - INFO - 🔍 Cobasi: Buscando Carproflan
2026-07-09 21:10:02,156 - scraper_cobasi - INFO - Cobasi: Dados extraídos via JSON para Carproflan
2026-07-09 21:10:02,156 - scraper_base - INFO - ✅ Cobasi: 3 produto(s) encontrado(s) para Carproflan
2026-07-09 21:10:03,661 - scraper_base - INFO - 📦 [16/20] Processando Previcox
2026-07-09 21:10:03,661 - scraper_base - INFO - 🔍 Cobasi: Buscando Previcox
2026-07-09 21:10:06,292 - scraper_cobasi - INFO - Cobasi: Dados extraídos via JSON para Previcox
2026-07-09 21:10:06,292 - scraper_base - INFO - ✅ Cobasi: 2 produto(s) encontrado(s) para Previcox
2026-07-09 21:10:07,369 - scraper_base - INFO - 📦 [17/20] Processando Apoquel
2026-07-09 21:10:07,370 - scraper_base - INFO - 🔍 Cobasi: Buscando Apoquel
2026-07-09 21:10:10,737 - scraper_cobasi - INFO - Cobasi: Dados extraídos via JSON para Apoquel
2026-07-09 21:10:10,737 - scraper_base - INFO - ✅ Cobasi: 3 produto(s) encontrado(s) para Apoquel
2026-07-09 21:10:12,523 - scraper_base - INFO - 📦 [18/20] Processando Zenrelia
2026-07-09 21:10:12,523 - scraper_base - INFO - 🔍 Cobasi: Buscando Zenrelia
2026-07-09 21:10:16,237 - scraper_cobasi - INFO - Cobasi: Dados extraídos via JSON para Zenrelia
2026-07-09 21:10:16,237 - scraper_base - INFO - ✅ Cobasi: 4 produto(s) encontrado(s) para Zenrelia
2026-07-09 21:10:18,281 - scraper_base - INFO - 📦 [19/20] Processando Synulox
2026-07-09 21:10:18,281 - scraper_base - INFO - 🔍 Cobasi: Buscando Synulox
2026-07-09 21:10:22,478 - scraper_cobasi - INFO - Cobasi: Dados extraídos via JSON para Synulox
2026-07-09 21:10:22,478 - scraper_base - INFO - ✅ Cobasi: 2 produto(s) encontrado(s) para Synulox
2026-07-09 21:10:24,616 - scraper_base - INFO - 📦 [20/20] Processando Baytril
2026-07-09 21:10:24,616 - scraper_base - INFO - 🔍 Cobasi: Buscando Baytril
2026-07-09 21:10:28,629 - scraper_cobasi - INFO - Cobasi: Dados extraídos via JSON para Baytril
2026-07-09 21:10:28,629 - scraper_base - INFO - ✅ Cobasi: 2 produto(s) encontrado(s) para Baytril
2026-07-09 21:10:31,487 - scraper_base - INFO - 📊 Cobasi - Estatísticas finais:
2026-07-09 21:10:31,487 - scraper_base - INFO -    • Medicamentos processados: 20
2026-07-09 21:10:31,487 - scraper_base - INFO -    • Produtos encontrados: 160
2026-07-09 21:10:31,487 - scraper_base - INFO -    • Medicamentos sem resultado: 0
2026-07-09 21:10:31,487 - scraper_base - INFO -    • Tempo total: 109.6s
2026-07-09 21:10:31,487 - scraper_base - INFO -    • Tempo médio por medicamento: 5.5s
2026-07-09 21:10:31,637 - gerenciador_arquivos - INFO - Excel salvo: dados_coletados/cobasi_20260709_211031.xlsx (160 produtos)
2026-07-09 21:10:31,637 - gerenciador_principal - INFO - Cobasi: Arquivo individual salvo com sucesso
2026-07-09 21:10:31,637 - gerenciador_principal - INFO - Pausando entre sites...
2026-07-09 21:10:33,637 - gerenciador_principal - INFO - [2/3] Processando Petlove
2026-07-09 21:10:33,637 - scraper_base - INFO - 🚀 Iniciando scraping completo - Petlove
2026-07-09 21:10:33,999 - gerenciador_conexoes - INFO - Sessao estabelecida com petlove.com.br
2026-07-09 21:10:33,999 - scraper_base - INFO - 📋 20 medicamentos para processar
2026-07-09 21:10:33,999 - scraper_base - INFO - 📦 [1/20] Processando Simparic
2026-07-09 21:10:33,999 - scraper_base - INFO - 🔍 Petlove: Buscando Simparic
2026-07-09 21:10:35,228 - scraper_base - INFO - ✅ Petlove: 36 produto(s) encontrado(s) para Simparic
2026-07-09 21:10:36,235 - scraper_base - INFO - 📦 [2/20] Processando Revolution
2026-07-09 21:10:36,235 - scraper_base - INFO - 🔍 Petlove: Buscando Revolution
2026-07-09 21:10:37,067 - scraper_base - INFO - ✅ Petlove: 20 produto(s) encontrado(s) para Revolution
2026-07-09 21:10:39,907 - scraper_base - INFO - 📦 [3/20] Processando NexGard
2026-07-09 21:10:39,907 - scraper_base - INFO - 🔍 Petlove: Buscando NexGard
2026-07-09 21:10:40,661 - scraper_base - INFO - ✅ Petlove: 11 produto(s) encontrado(s) para NexGard
2026-07-09 21:10:43,047 - scraper_base - INFO - 📦 [4/20] Processando NexGard Spectra
2026-07-09 21:10:43,047 - scraper_base - INFO - 🔍 Petlove: Buscando NexGard Spectra
2026-07-09 21:10:43,742 - scraper_base - INFO - ✅ Petlove: 5 produto(s) encontrado(s) para NexGard Spectra
2026-07-09 21:10:45,305 - scraper_base - INFO - 📦 [5/20] Processando NexGard Combo
2026-07-09 21:10:45,305 - scraper_base - INFO - 🔍 Petlove: Buscando NexGard Combo
2026-07-09 21:10:45,982 - scraper_base - INFO - ✅ Petlove: 2 produto(s) encontrado(s) para NexGard Combo
2026-07-09 21:10:48,943 - scraper_base - INFO - 📦 [6/20] Processando Bravecto
2026-07-09 21:10:48,943 - scraper_base - INFO - 🔍 Petlove: Buscando Bravecto
2026-07-09 21:10:49,857 - scraper_base - INFO - ✅ Petlove: 22 produto(s) encontrado(s) para Bravecto
2026-07-09 21:10:51,387 - scraper_base - INFO - 📦 [7/20] Processando Frontline
2026-07-09 21:10:51,387 - scraper_base - INFO - 🔍 Petlove: Buscando Frontline
2026-07-09 21:10:52,848 - scraper_base - INFO - ✅ Petlove: 11 produto(s) encontrado(s) para Frontline
2026-07-09 21:10:55,731 - scraper_base - INFO - 📦 [8/20] Processando Advocate
2026-07-09 21:10:55,731 - scraper_base - INFO - 🔍 Petlove: Buscando Advocate
2026-07-09 21:10:57,068 - scraper_base - INFO - ✅ Petlove: 9 produto(s) encontrado(s) para Advocate
2026-07-09 21:10:58,169 - scraper_base - INFO - 📦 [9/20] Processando Drontal
2026-07-09 21:10:58,169 - scraper_base - INFO - 🔍 Petlove: Buscando Drontal
2026-07-09 21:10:59,037 - scraper_base - INFO - ✅ Petlove: 36 produto(s) encontrado(s) para Drontal
2026-07-09 21:11:01,932 - scraper_base - INFO - 📦 [10/20] Processando Milbemax
2026-07-09 21:11:01,932 - scraper_base - INFO - 🔍 Petlove: Buscando Milbemax
2026-07-09 21:11:02,865 - scraper_base - INFO - ✅ Petlove: 14 produto(s) encontrado(s) para Milbemax
2026-07-09 21:11:04,351 - scraper_base - INFO - 📦 [11/20] Processando Vermivet
2026-07-09 21:11:04,351 - scraper_base - INFO - 🔍 Petlove: Buscando Vermivet
2026-07-09 21:11:05,280 - scraper_base - INFO - ✅ Petlove: 36 produto(s) encontrado(s) para Vermivet
2026-07-09 21:11:07,412 - scraper_base - INFO - 📦 [12/20] Processando Rimadyl
2026-07-09 21:11:07,412 - scraper_base - INFO - 🔍 Petlove: Buscando Rimadyl
2026-07-09 21:11:08,382 - scraper_base - INFO - ✅ Petlove: 1 produto(s) encontrado(s) para Rimadyl
2026-07-09 21:11:10,717 - scraper_base - INFO - 📦 [13/20] Processando Onsior
2026-07-09 21:11:10,717 - scraper_base - INFO - 🔍 Petlove: Buscando Onsior
2026-07-09 21:11:11,390 - scraper_base - INFO - ✅ Petlove: 4 produto(s) encontrado(s) para Onsior
2026-07-09 21:11:12,726 - scraper_base - INFO - 📦 [14/20] Processando Maxicam
2026-07-09 21:11:12,726 - scraper_base - INFO - 🔍 Petlove: Buscando Maxicam
2026-07-09 21:11:13,374 - scraper_base - INFO - ✅ Petlove: 3 produto(s) encontrado(s) para Maxicam
2026-07-09 21:11:15,323 - scraper_base - INFO - 📦 [15/20] Processando Carproflan
2026-07-09 21:11:15,324 - scraper_base - INFO - 🔍 Petlove: Buscando Carproflan
2026-07-09 21:11:16,160 - scraper_base - INFO - ✅ Petlove: 8 produto(s) encontrado(s) para Carproflan
2026-07-09 21:11:17,279 - scraper_base - INFO - 📦 [16/20] Processando Previcox
2026-07-09 21:11:17,279 - scraper_base - INFO - 🔍 Petlove: Buscando Previcox
2026-07-09 21:11:17,961 - scraper_base - INFO - ✅ Petlove: 4 produto(s) encontrado(s) para Previcox
2026-07-09 21:11:20,085 - scraper_base - INFO - 📦 [17/20] Processando Apoquel
2026-07-09 21:11:20,085 - scraper_base - INFO - 🔍 Petlove: Buscando Apoquel
2026-07-09 21:11:20,879 - scraper_base - INFO - ✅ Petlove: 16 produto(s) encontrado(s) para Apoquel
2026-07-09 21:11:23,248 - scraper_base - INFO - 📦 [18/20] Processando Zenrelia
2026-07-09 21:11:23,248 - scraper_base - INFO - 🔍 Petlove: Buscando Zenrelia
2026-07-09 21:11:24,011 - scraper_base - INFO - ✅ Petlove: 4 produto(s) encontrado(s) para Zenrelia
2026-07-09 21:11:25,154 - scraper_base - INFO - 📦 [19/20] Processando Synulox
2026-07-09 21:11:25,155 - scraper_base - INFO - 🔍 Petlove: Buscando Synulox
2026-07-09 21:11:25,889 - scraper_base - INFO - ✅ Petlove: 1 produto(s) encontrado(s) para Synulox
2026-07-09 21:11:27,120 - scraper_base - INFO - 📦 [20/20] Processando Baytril
2026-07-09 21:11:27,120 - scraper_base - INFO - 🔍 Petlove: Buscando Baytril
2026-07-09 21:11:28,349 - scraper_base - INFO - ✅ Petlove: 6 produto(s) encontrado(s) para Baytril
2026-07-09 21:11:30,525 - scraper_base - INFO - 📊 Petlove - Estatísticas finais:
2026-07-09 21:11:30,525 - scraper_base - INFO -    • Medicamentos processados: 20
2026-07-09 21:11:30,525 - scraper_base - INFO -    • Produtos encontrados: 249
2026-07-09 21:11:30,525 - scraper_base - INFO -    • Medicamentos sem resultado: 0
2026-07-09 21:11:30,526 - scraper_base - INFO -    • Tempo total: 56.9s
2026-07-09 21:11:30,526 - scraper_base - INFO -    • Tempo médio por medicamento: 2.8s
2026-07-09 21:11:30,571 - gerenciador_arquivos - INFO - Excel salvo: dados_coletados/petlove_20260709_211130.xlsx (249 produtos)
2026-07-09 21:11:30,571 - gerenciador_principal - INFO - Petlove: Arquivo individual salvo com sucesso
2026-07-09 21:11:30,571 - gerenciador_principal - INFO - Pausando entre sites...
2026-07-09 21:11:32,571 - gerenciador_principal - INFO - [3/3] Processando Petz
2026-07-09 21:11:32,571 - scraper_base - INFO - 🚀 Iniciando scraping completo - Petz
2026-07-09 21:11:32,834 - scraper_base - INFO - 📋 20 medicamentos para processar
2026-07-09 21:11:32,834 - scraper_base - INFO - 📦 [1/20] Processando Simparic
2026-07-09 21:11:32,834 - scraper_base - INFO - 🔍 Petz: Buscando Simparic
2026-07-09 21:11:55,098 - gerenciador_conexoes - INFO - Chrome inicializado com otimizacoes de velocidade
2026-07-09 21:12:03,223 - scraper_base - INFO - ✅ Petz: 24 produto(s) encontrado(s) para Simparic
2026-07-09 21:12:05,247 - scraper_base - INFO - 📦 [2/20] Processando Revolution
2026-07-09 21:12:05,247 - scraper_base - INFO - 🔍 Petz: Buscando Revolution
2026-07-09 21:12:08,109 - scraper_base - INFO - ✅ Petz: 27 produto(s) encontrado(s) para Revolution
2026-07-09 21:12:10,745 - scraper_base - INFO - 📦 [3/20] Processando NexGard
2026-07-09 21:12:10,745 - scraper_base - INFO - 🔍 Petz: Buscando NexGard
2026-07-09 21:12:13,677 - scraper_base - INFO - ✅ Petz: 22 produto(s) encontrado(s) para NexGard
2026-07-09 21:12:14,989 - scraper_base - INFO - 📦 [4/20] Processando NexGard Spectra
2026-07-09 21:12:14,989 - scraper_base - INFO - 🔍 Petz: Buscando NexGard Spectra
2026-07-09 21:12:16,825 - scraper_base - INFO - ✅ Petz: 10 produto(s) encontrado(s) para NexGard Spectra
2026-07-09 21:12:19,093 - scraper_base - INFO - 📦 [5/20] Processando NexGard Combo
2026-07-09 21:12:19,093 - scraper_base - INFO - 🔍 Petz: Buscando NexGard Combo
2026-07-09 21:12:21,507 - scraper_base - INFO - ✅ Petz: 4 produto(s) encontrado(s) para NexGard Combo
2026-07-09 21:12:22,865 - scraper_base - INFO - 📦 [6/20] Processando Bravecto
2026-07-09 21:12:22,865 - scraper_base - INFO - 🔍 Petz: Buscando Bravecto
2026-07-09 21:12:25,257 - scraper_base - INFO - ✅ Petz: 16 produto(s) encontrado(s) para Bravecto
2026-07-09 21:12:26,301 - scraper_base - INFO - 📦 [7/20] Processando Frontline
2026-07-09 21:12:26,301 - scraper_base - INFO - 🔍 Petz: Buscando Frontline
2026-07-09 21:12:28,365 - scraper_base - INFO - ✅ Petz: 11 produto(s) encontrado(s) para Frontline
2026-07-09 21:12:30,049 - scraper_base - INFO - 📦 [8/20] Processando Advocate
2026-07-09 21:12:30,049 - scraper_base - INFO - 🔍 Petz: Buscando Advocate
2026-07-09 21:12:31,972 - scraper_base - INFO - ✅ Petz: 12 produto(s) encontrado(s) para Advocate
2026-07-09 21:12:34,197 - scraper_base - INFO - 📦 [9/20] Processando Drontal
2026-07-09 21:12:34,197 - scraper_base - INFO - 🔍 Petz: Buscando Drontal
2026-07-09 21:12:37,359 - scraper_base - INFO - ✅ Petz: 35 produto(s) encontrado(s) para Drontal
2026-07-09 21:12:39,967 - scraper_base - INFO - 📦 [10/20] Processando Milbemax
2026-07-09 21:12:39,967 - scraper_base - INFO - 🔍 Petz: Buscando Milbemax
2026-07-09 21:12:41,729 - scraper_base - INFO - ✅ Petz: 4 produto(s) encontrado(s) para Milbemax
2026-07-09 21:12:43,257 - scraper_base - INFO - 📦 [11/20] Processando Vermivet
2026-07-09 21:12:43,257 - scraper_base - INFO - 🔍 Petz: Buscando Vermivet
2026-07-09 21:12:45,075 - scraper_base - INFO - ✅ Petz: 5 produto(s) encontrado(s) para Vermivet
2026-07-09 21:12:46,953 - scraper_base - INFO - 📦 [12/20] Processando Rimadyl
2026-07-09 21:12:46,953 - scraper_base - INFO - 🔍 Petz: Buscando Rimadyl
2026-07-09 21:12:48,987 - scraper_base - INFO - ✅ Petz: 3 produto(s) encontrado(s) para Rimadyl
2026-07-09 21:12:50,595 - scraper_base - INFO - 📦 [13/20] Processando Onsior
2026-07-09 21:12:50,595 - scraper_base - INFO - 🔍 Petz: Buscando Onsior
2026-07-09 21:12:52,402 - scraper_base - INFO - ✅ Petz: 4 produto(s) encontrado(s) para Onsior
2026-07-09 21:12:53,492 - scraper_base - INFO - 📦 [14/20] Processando Maxicam
2026-07-09 21:12:53,492 - scraper_base - INFO - 🔍 Petz: Buscando Maxicam
2026-07-09 21:12:56,229 - scraper_base - INFO - ✅ Petz: 26 produto(s) encontrado(s) para Maxicam
2026-07-09 21:12:58,348 - scraper_base - INFO - 📦 [15/20] Processando Carproflan
2026-07-09 21:12:58,349 - scraper_base - INFO - 🔍 Petz: Buscando Carproflan
2026-07-09 21:13:00,900 - scraper_base - INFO - ✅ Petz: 3 produto(s) encontrado(s) para Carproflan
2026-07-09 21:13:02,601 - scraper_base - INFO - 📦 [16/20] Processando Previcox
2026-07-09 21:13:02,601 - scraper_base - INFO - 🔍 Petz: Buscando Previcox
2026-07-09 21:13:04,693 - scraper_base - INFO - ✅ Petz: 2 produto(s) encontrado(s) para Previcox
2026-07-09 21:13:07,589 - scraper_base - INFO - 📦 [17/20] Processando Apoquel
2026-07-09 21:13:07,590 - scraper_base - INFO - 🔍 Petz: Buscando Apoquel
2026-07-09 21:13:09,379 - scraper_base - INFO - ✅ Petz: 3 produto(s) encontrado(s) para Apoquel
2026-07-09 21:13:10,969 - scraper_base - INFO - 📦 [18/20] Processando Zenrelia
2026-07-09 21:13:10,969 - scraper_base - INFO - 🔍 Petz: Buscando Zenrelia
2026-07-09 21:13:12,723 - scraper_base - INFO - ✅ Petz: 4 produto(s) encontrado(s) para Zenrelia
2026-07-09 21:13:14,535 - scraper_base - INFO - 📦 [19/20] Processando Synulox
2026-07-09 21:13:14,535 - scraper_base - INFO - 🔍 Petz: Buscando Synulox
2026-07-09 21:13:16,267 - scraper_base - INFO - ✅ Petz: 2 produto(s) encontrado(s) para Synulox
2026-07-09 21:13:17,493 - scraper_base - INFO - 📦 [20/20] Processando Baytril
2026-07-09 21:13:17,493 - scraper_base - INFO - 🔍 Petz: Buscando Baytril
2026-07-09 21:13:19,456 - scraper_base - INFO - ✅ Petz: 9 produto(s) encontrado(s) para Baytril
2026-07-09 21:13:20,622 - scraper_base - INFO - 📊 Petz - Estatísticas finais:
2026-07-09 21:13:20,622 - scraper_base - INFO -    • Medicamentos processados: 20
2026-07-09 21:13:20,622 - scraper_base - INFO -    • Produtos encontrados: 226
2026-07-09 21:13:20,622 - scraper_base - INFO -    • Medicamentos sem resultado: 0
2026-07-09 21:13:20,622 - scraper_base - INFO -    • Tempo total: 108.1s
2026-07-09 21:13:20,622 - scraper_base - INFO -    • Tempo médio por medicamento: 5.4s
2026-07-09 21:13:20,668 - gerenciador_arquivos - INFO - Excel salvo: dados_coletados/petz_20260709_211320.xlsx (226 produtos)
2026-07-09 21:13:20,668 - gerenciador_principal - INFO - Petz: Arquivo individual salvo com sucesso
2026-07-09 21:13:20,668 - gerenciador_principal - INFO - Gerando relatório consolidado...
2026-07-09 21:13:20,939 - gerenciador_arquivos - INFO - Relatório consolidado salvo: dados_relatorios/relatorio_consolidado_20260709_211320.xlsx
2026-07-09 21:13:21,055 - gerenciador_conexoes - INFO - Chrome fechado
2026-07-09 21:13:21,055 - gerenciador_conexoes - INFO - Métodos utilizados - Requests: 66.7%, Selenium: 33.3%, Falhas: 0.0%
2026-07-09 21:13:21,055 - gerenciador_principal - INFO - ============================================================
2026-07-09 21:13:21,055 - gerenciador_principal - INFO - RELATORIO FINAL DE EXECUÇÃO
2026-07-09 21:13:21,055 - gerenciador_principal - INFO - ============================================================
2026-07-09 21:13:21,055 - gerenciador_principal - INFO - Sites processados: 3
2026-07-09 21:13:21,055 - gerenciador_principal - INFO - Sites com sucesso: 3
2026-07-09 21:13:21,055 - gerenciador_principal - INFO - Total de produtos coletados: 635
2026-07-09 21:13:21,055 - gerenciador_principal - INFO - Tempo total de execução: 278.8 segundos
2026-07-09 21:13:21,056 - gerenciador_principal - INFO - Estatísticas de conexão:
2026-07-09 21:13:21,056 - gerenciador_principal - INFO -   - Requests bem-sucedidos: 66.7%
2026-07-09 21:13:21,056 - gerenciador_principal - INFO -   - Selenium fallback: 33.3%
2026-07-09 21:13:21,056 - gerenciador_principal - INFO -   - Falhas totais: 0.0%
2026-07-09 21:13:21,061 - gerenciador_principal - INFO - Arquivos salvos na pasta: dados_coletados
2026-07-09 21:13:21,061 - gerenciador_principal - INFO - Total de arquivos: 828
2026-07-09 21:13:21,061 - gerenciador_principal - INFO - ============================================================
