2026-01-23 20:12:26,267 - configurador_logs - INFO - Sistema de logs configurado com sucesso
2026-01-23 20:12:26,267 - configurador_logs - INFO - 🚀 Logs configurados para MODO PRODUÇÃO
2026-01-23 20:12:26,268 - gerenciador_principal - INFO - Inicializando sistema - Modo: PRODUCAO
2026-01-23 20:12:26,268 - gerenciador_arquivos - INFO - Pasta dados_coletados preparada
2026-01-23 20:12:26,268 - gerenciador_principal - INFO - Sistema inicializado com 3 scrapers
2026-01-23 20:12:26,268 - gerenciador_principal - INFO - ============================================================
2026-01-23 20:12:26,268 - gerenciador_principal - INFO - INICIANDO SCRAPING COMPLETO - PRODUCAO
2026-01-23 20:12:26,268 - gerenciador_principal - INFO - ============================================================
2026-01-23 20:12:26,268 - gerenciador_principal - INFO - [1/3] Processando Cobasi
2026-01-23 20:12:26,268 - scraper_base - INFO - 🚀 Iniciando scraping completo - Cobasi
2026-01-23 20:12:26,686 - gerenciador_conexoes - INFO - Sessao estabelecida com cobasi.com.br
2026-01-23 20:12:26,686 - scraper_base - INFO - 📋 20 medicamentos para processar
2026-01-23 20:12:26,686 - scraper_base - INFO - 📦 [1/20] Processando Simparic
2026-01-23 20:12:26,686 - scraper_base - INFO - 🔍 Cobasi: Buscando Simparic
2026-01-23 20:12:29,287 - scraper_cobasi - INFO - Cobasi: Dados extraídos via JSON para Simparic
2026-01-23 20:12:29,287 - scraper_base - INFO - ✅ Cobasi: 12 produto(s) encontrado(s) para Simparic
2026-01-23 20:12:32,060 - scraper_base - INFO - 📦 [2/20] Processando Revolution
2026-01-23 20:12:32,061 - scraper_base - INFO - 🔍 Cobasi: Buscando Revolution
2026-01-23 20:12:35,105 - scraper_cobasi - INFO - Cobasi: Dados extraídos via JSON para Revolution
2026-01-23 20:12:35,105 - scraper_base - INFO - ✅ Cobasi: 18 produto(s) encontrado(s) para Revolution
2026-01-23 20:12:36,371 - scraper_base - INFO - 📦 [3/20] Processando NexGard
2026-01-23 20:12:36,371 - scraper_base - INFO - 🔍 Cobasi: Buscando NexGard
2026-01-23 20:12:39,030 - scraper_cobasi - INFO - Cobasi: Dados extraídos via JSON para NexGard
2026-01-23 20:12:39,030 - scraper_base - INFO - ✅ Cobasi: 22 produto(s) encontrado(s) para NexGard
2026-01-23 20:12:40,832 - scraper_base - INFO - 📦 [4/20] Processando NexGard Spectra
2026-01-23 20:12:40,832 - scraper_base - INFO - 🔍 Cobasi: Buscando NexGard Spectra
2026-01-23 20:12:43,032 - scraper_cobasi - INFO - Cobasi: Dados extraídos via JSON para NexGard Spectra
2026-01-23 20:12:43,033 - scraper_base - INFO - ✅ Cobasi: 10 produto(s) encontrado(s) para NexGard Spectra
2026-01-23 20:12:45,271 - scraper_base - INFO - 📦 [5/20] Processando NexGard Combo
2026-01-23 20:12:45,271 - scraper_base - INFO - 🔍 Cobasi: Buscando NexGard Combo
2026-01-23 20:12:47,536 - scraper_cobasi - INFO - Cobasi: Dados extraídos via JSON para NexGard Combo
2026-01-23 20:12:47,536 - scraper_base - INFO - ✅ Cobasi: 4 produto(s) encontrado(s) para NexGard Combo
2026-01-23 20:12:50,227 - scraper_base - INFO - 📦 [6/20] Processando Bravecto
2026-01-23 20:12:50,227 - scraper_base - INFO - 🔍 Cobasi: Buscando Bravecto
2026-01-23 20:12:50,718 - scraper_cobasi - INFO - Cobasi: Dados extraídos via JSON para Bravecto
2026-01-23 20:12:50,719 - scraper_base - INFO - ✅ Cobasi: 16 produto(s) encontrado(s) para Bravecto
2026-01-23 20:12:53,313 - scraper_base - INFO - 📦 [7/20] Processando Frontline
2026-01-23 20:12:53,313 - scraper_base - INFO - 🔍 Cobasi: Buscando Frontline
2026-01-23 20:12:56,555 - scraper_cobasi - INFO - Cobasi: Dados extraídos via JSON para Frontline
2026-01-23 20:12:56,555 - scraper_base - INFO - ✅ Cobasi: 10 produto(s) encontrado(s) para Frontline
2026-01-23 20:12:59,437 - scraper_base - INFO - 📦 [8/20] Processando Advocate
2026-01-23 20:12:59,437 - scraper_base - INFO - 🔍 Cobasi: Buscando Advocate
2026-01-23 20:13:01,805 - scraper_cobasi - INFO - Cobasi: Dados extraídos via JSON para Advocate
2026-01-23 20:13:01,805 - scraper_base - INFO - ✅ Cobasi: 12 produto(s) encontrado(s) para Advocate
2026-01-23 20:13:03,033 - scraper_base - INFO - 📦 [9/20] Processando Drontal
2026-01-23 20:13:03,033 - scraper_base - INFO - 🔍 Cobasi: Buscando Drontal
2026-01-23 20:13:06,771 - scraper_cobasi - INFO - Cobasi: Dados extraídos via JSON para Drontal
2026-01-23 20:13:06,771 - scraper_base - INFO - ✅ Cobasi: 8 produto(s) encontrado(s) para Drontal
2026-01-23 20:13:09,383 - scraper_base - INFO - 📦 [10/20] Processando Milbemax
2026-01-23 20:13:09,383 - scraper_base - INFO - 🔍 Cobasi: Buscando Milbemax
2026-01-23 20:13:11,136 - scraper_cobasi - INFO - Cobasi: Dados extraídos via JSON para Milbemax
2026-01-23 20:13:11,136 - scraper_base - INFO - ✅ Cobasi: 4 produto(s) encontrado(s) para Milbemax
2026-01-23 20:13:13,650 - scraper_base - INFO - 📦 [11/20] Processando Vermivet
2026-01-23 20:13:13,650 - scraper_base - INFO - 🔍 Cobasi: Buscando Vermivet
2026-01-23 20:13:16,174 - scraper_cobasi - INFO - Cobasi: Dados extraídos via JSON para Vermivet
2026-01-23 20:13:16,174 - scraper_base - INFO - ✅ Cobasi: 5 produto(s) encontrado(s) para Vermivet
2026-01-23 20:13:18,278 - scraper_base - INFO - 📦 [12/20] Processando Rimadyl
2026-01-23 20:13:18,278 - scraper_base - INFO - 🔍 Cobasi: Buscando Rimadyl
2026-01-23 20:13:20,211 - scraper_cobasi - INFO - Cobasi: Dados extraídos via JSON para Rimadyl
2026-01-23 20:13:20,211 - scraper_base - INFO - ✅ Cobasi: 3 produto(s) encontrado(s) para Rimadyl
2026-01-23 20:13:22,430 - scraper_base - INFO - 📦 [13/20] Processando Onsior
2026-01-23 20:13:22,430 - scraper_base - INFO - 🔍 Cobasi: Buscando Onsior
2026-01-23 20:13:24,660 - scraper_cobasi - INFO - Cobasi: Dados extraídos via JSON para Onsior
2026-01-23 20:13:24,660 - scraper_base - INFO - ✅ Cobasi: 4 produto(s) encontrado(s) para Onsior
2026-01-23 20:13:26,761 - scraper_base - INFO - 📦 [14/20] Processando Maxicam
2026-01-23 20:13:26,762 - scraper_base - INFO - 🔍 Cobasi: Buscando Maxicam
2026-01-23 20:13:29,502 - scraper_cobasi - INFO - Cobasi: Dados extraídos via JSON para Maxicam
2026-01-23 20:13:29,502 - scraper_base - INFO - ✅ Cobasi: 21 produto(s) encontrado(s) para Maxicam
2026-01-23 20:13:31,844 - scraper_base - INFO - 📦 [15/20] Processando Carproflan
2026-01-23 20:13:31,844 - scraper_base - INFO - 🔍 Cobasi: Buscando Carproflan
2026-01-23 20:13:33,638 - scraper_cobasi - INFO - Cobasi: Dados extraídos via JSON para Carproflan
2026-01-23 20:13:33,638 - scraper_base - INFO - ✅ Cobasi: 3 produto(s) encontrado(s) para Carproflan
2026-01-23 20:13:35,707 - scraper_base - INFO - 📦 [16/20] Processando Previcox
2026-01-23 20:13:35,708 - scraper_base - INFO - 🔍 Cobasi: Buscando Previcox
2026-01-23 20:13:37,389 - scraper_cobasi - INFO - Cobasi: Dados extraídos via JSON para Previcox
2026-01-23 20:13:37,389 - scraper_base - INFO - ✅ Cobasi: 2 produto(s) encontrado(s) para Previcox
2026-01-23 20:13:38,890 - scraper_base - INFO - 📦 [17/20] Processando Apoquel
2026-01-23 20:13:38,890 - scraper_base - INFO - 🔍 Cobasi: Buscando Apoquel
2026-01-23 20:13:40,906 - scraper_cobasi - INFO - Cobasi: Dados extraídos via JSON para Apoquel
2026-01-23 20:13:40,906 - scraper_base - INFO - ✅ Cobasi: 3 produto(s) encontrado(s) para Apoquel
2026-01-23 20:13:43,598 - scraper_base - INFO - 📦 [18/20] Processando Zenrelia
2026-01-23 20:13:43,598 - scraper_base - INFO - 🔍 Cobasi: Buscando Zenrelia
2026-01-23 20:13:45,603 - scraper_cobasi - INFO - Cobasi: Dados extraídos via JSON para Zenrelia
2026-01-23 20:13:45,603 - scraper_base - INFO - ✅ Cobasi: 4 produto(s) encontrado(s) para Zenrelia
2026-01-23 20:13:46,692 - scraper_base - INFO - 📦 [19/20] Processando Synulox
2026-01-23 20:13:46,692 - scraper_base - INFO - 🔍 Cobasi: Buscando Synulox
2026-01-23 20:13:48,317 - scraper_cobasi - INFO - Cobasi: Dados extraídos via JSON para Synulox
2026-01-23 20:13:48,317 - scraper_base - INFO - ✅ Cobasi: 2 produto(s) encontrado(s) para Synulox
2026-01-23 20:13:49,446 - scraper_base - INFO - 📦 [20/20] Processando Baytril
2026-01-23 20:13:49,446 - scraper_base - INFO - 🔍 Cobasi: Buscando Baytril
2026-01-23 20:13:51,442 - scraper_cobasi - INFO - Cobasi: Dados extraídos via JSON para Baytril
2026-01-23 20:13:51,442 - scraper_base - INFO - ✅ Cobasi: 4 produto(s) encontrado(s) para Baytril
2026-01-23 20:13:53,994 - scraper_base - INFO - 📊 Cobasi - Estatísticas finais:
2026-01-23 20:13:53,994 - scraper_base - INFO -    • Medicamentos processados: 20
2026-01-23 20:13:53,994 - scraper_base - INFO -    • Produtos encontrados: 167
2026-01-23 20:13:53,994 - scraper_base - INFO -    • Medicamentos sem resultado: 0
2026-01-23 20:13:53,994 - scraper_base - INFO -    • Tempo total: 87.7s
2026-01-23 20:13:53,994 - scraper_base - INFO -    • Tempo médio por medicamento: 4.4s
2026-01-23 20:13:54,154 - gerenciador_arquivos - INFO - Excel salvo: dados_coletados/cobasi_20260123_201353.xlsx (167 produtos)
2026-01-23 20:13:54,154 - gerenciador_principal - INFO - Cobasi: Arquivo individual salvo com sucesso
2026-01-23 20:13:54,154 - gerenciador_principal - INFO - Pausando entre sites...
2026-01-23 20:13:56,154 - gerenciador_principal - INFO - [2/3] Processando Petlove
2026-01-23 20:13:56,154 - scraper_base - INFO - 🚀 Iniciando scraping completo - Petlove
2026-01-23 20:13:56,338 - scraper_base - INFO - 📋 20 medicamentos para processar
2026-01-23 20:13:56,339 - scraper_base - INFO - 📦 [1/20] Processando Simparic
2026-01-23 20:13:56,339 - scraper_base - INFO - 🔍 Petlove: Buscando Simparic
2026-01-23 20:14:05,857 - gerenciador_conexoes - INFO - Chrome inicializado com otimizacoes de velocidade
2026-01-23 20:14:09,397 - scraper_base - INFO - ✅ Petlove: 34 produto(s) encontrado(s) para Simparic
2026-01-23 20:14:10,919 - scraper_base - INFO - 📦 [2/20] Processando Revolution
2026-01-23 20:14:10,919 - scraper_base - INFO - 🔍 Petlove: Buscando Revolution
2026-01-23 20:14:12,824 - scraper_base - INFO - ✅ Petlove: 17 produto(s) encontrado(s) para Revolution
2026-01-23 20:14:15,752 - scraper_base - INFO - 📦 [3/20] Processando NexGard
2026-01-23 20:14:15,752 - scraper_base - INFO - 🔍 Petlove: Buscando NexGard
2026-01-23 20:14:17,208 - scraper_base - INFO - ✅ Petlove: 11 produto(s) encontrado(s) para NexGard
2026-01-23 20:14:19,066 - scraper_base - INFO - 📦 [4/20] Processando NexGard Spectra
2026-01-23 20:14:19,066 - scraper_base - INFO - 🔍 Petlove: Buscando NexGard Spectra
2026-01-23 20:14:20,299 - scraper_base - INFO - ✅ Petlove: 5 produto(s) encontrado(s) para NexGard Spectra
2026-01-23 20:14:22,989 - scraper_base - INFO - 📦 [5/20] Processando NexGard Combo
2026-01-23 20:14:22,989 - scraper_base - INFO - 🔍 Petlove: Buscando NexGard Combo
2026-01-23 20:14:24,291 - scraper_base - INFO - ✅ Petlove: 2 produto(s) encontrado(s) para NexGard Combo
2026-01-23 20:14:25,317 - scraper_base - INFO - 📦 [6/20] Processando Bravecto
2026-01-23 20:14:25,317 - scraper_base - INFO - 🔍 Petlove: Buscando Bravecto
2026-01-23 20:14:27,121 - scraper_base - INFO - ✅ Petlove: 23 produto(s) encontrado(s) para Bravecto
2026-01-23 20:14:29,029 - scraper_base - INFO - 📦 [7/20] Processando Frontline
2026-01-23 20:14:29,029 - scraper_base - INFO - 🔍 Petlove: Buscando Frontline
2026-01-23 20:14:30,857 - scraper_base - INFO - ✅ Petlove: 11 produto(s) encontrado(s) para Frontline
2026-01-23 20:14:32,759 - scraper_base - INFO - 📦 [8/20] Processando Advocate
2026-01-23 20:14:32,759 - scraper_base - INFO - 🔍 Petlove: Buscando Advocate
2026-01-23 20:14:34,567 - scraper_base - INFO - ✅ Petlove: 12 produto(s) encontrado(s) para Advocate
2026-01-23 20:14:37,542 - scraper_base - INFO - 📦 [9/20] Processando Drontal
2026-01-23 20:14:37,542 - scraper_base - INFO - 🔍 Petlove: Buscando Drontal
2026-01-23 20:14:39,270 - scraper_base - INFO - ✅ Petlove: 36 produto(s) encontrado(s) para Drontal
2026-01-23 20:14:41,767 - scraper_base - INFO - 📦 [10/20] Processando Milbemax
2026-01-23 20:14:41,767 - scraper_base - INFO - 🔍 Petlove: Buscando Milbemax
2026-01-23 20:14:43,217 - scraper_base - INFO - ✅ Petlove: 14 produto(s) encontrado(s) para Milbemax
2026-01-23 20:14:44,688 - scraper_base - INFO - 📦 [11/20] Processando Vermivet
2026-01-23 20:14:44,688 - scraper_base - INFO - 🔍 Petlove: Buscando Vermivet
2026-01-23 20:14:46,586 - scraper_base - INFO - ✅ Petlove: 36 produto(s) encontrado(s) para Vermivet
2026-01-23 20:14:47,847 - scraper_base - INFO - 📦 [12/20] Processando Rimadyl
2026-01-23 20:14:47,847 - scraper_base - INFO - 🔍 Petlove: Buscando Rimadyl
2026-01-23 20:14:50,019 - scraper_base - INFO - ✅ Petlove: 1 produto(s) encontrado(s) para Rimadyl
2026-01-23 20:14:51,565 - scraper_base - INFO - 📦 [13/20] Processando Onsior
2026-01-23 20:14:51,565 - scraper_base - INFO - 🔍 Petlove: Buscando Onsior
2026-01-23 20:14:55,561 - scraper_base - INFO - ✅ Petlove: 4 produto(s) encontrado(s) para Onsior
2026-01-23 20:14:56,779 - scraper_base - INFO - 📦 [14/20] Processando Maxicam
2026-01-23 20:14:56,779 - scraper_base - INFO - 🔍 Petlove: Buscando Maxicam
2026-01-23 20:14:58,281 - scraper_base - INFO - ✅ Petlove: 3 produto(s) encontrado(s) para Maxicam
2026-01-23 20:14:59,297 - scraper_base - INFO - 📦 [15/20] Processando Carproflan
2026-01-23 20:14:59,298 - scraper_base - INFO - 🔍 Petlove: Buscando Carproflan
2026-01-23 20:15:00,711 - scraper_base - INFO - ✅ Petlove: 8 produto(s) encontrado(s) para Carproflan
2026-01-23 20:15:02,656 - scraper_base - INFO - 📦 [16/20] Processando Previcox
2026-01-23 20:15:02,656 - scraper_base - INFO - 🔍 Petlove: Buscando Previcox
2026-01-23 20:15:04,049 - scraper_base - INFO - ✅ Petlove: 4 produto(s) encontrado(s) para Previcox
2026-01-23 20:15:06,534 - scraper_base - INFO - 📦 [17/20] Processando Apoquel
2026-01-23 20:15:06,534 - scraper_base - INFO - 🔍 Petlove: Buscando Apoquel
2026-01-23 20:15:08,029 - scraper_base - INFO - ✅ Petlove: 16 produto(s) encontrado(s) para Apoquel
2026-01-23 20:15:09,226 - scraper_base - INFO - 📦 [18/20] Processando Zenrelia
2026-01-23 20:15:09,226 - scraper_base - INFO - 🔍 Petlove: Buscando Zenrelia
2026-01-23 20:15:10,699 - scraper_base - INFO - ✅ Petlove: 4 produto(s) encontrado(s) para Zenrelia
2026-01-23 20:15:13,357 - scraper_base - INFO - 📦 [19/20] Processando Synulox
2026-01-23 20:15:13,357 - scraper_base - INFO - 🔍 Petlove: Buscando Synulox
2026-01-23 20:15:15,298 - scraper_base - INFO - ✅ Petlove: 1 produto(s) encontrado(s) para Synulox
2026-01-23 20:15:17,085 - scraper_base - INFO - 📦 [20/20] Processando Baytril
2026-01-23 20:15:17,085 - scraper_base - INFO - 🔍 Petlove: Buscando Baytril
2026-01-23 20:15:18,583 - scraper_base - INFO - ✅ Petlove: 4 produto(s) encontrado(s) para Baytril
2026-01-23 20:15:20,943 - scraper_base - INFO - 📊 Petlove - Estatísticas finais:
2026-01-23 20:15:20,943 - scraper_base - INFO -    • Medicamentos processados: 20
2026-01-23 20:15:20,943 - scraper_base - INFO -    • Produtos encontrados: 246
2026-01-23 20:15:20,944 - scraper_base - INFO -    • Medicamentos sem resultado: 0
2026-01-23 20:15:20,944 - scraper_base - INFO -    • Tempo total: 84.8s
2026-01-23 20:15:20,944 - scraper_base - INFO -    • Tempo médio por medicamento: 4.2s
2026-01-23 20:15:20,988 - gerenciador_arquivos - INFO - Excel salvo: dados_coletados/petlove_20260123_201520.xlsx (246 produtos)
2026-01-23 20:15:20,988 - gerenciador_principal - INFO - Petlove: Arquivo individual salvo com sucesso
2026-01-23 20:15:20,988 - gerenciador_principal - INFO - Pausando entre sites...
2026-01-23 20:15:22,988 - gerenciador_principal - INFO - [3/3] Processando Petz
2026-01-23 20:15:22,988 - scraper_base - INFO - 🚀 Iniciando scraping completo - Petz
2026-01-23 20:15:23,290 - scraper_base - INFO - 📋 20 medicamentos para processar
2026-01-23 20:15:23,290 - scraper_base - INFO - 📦 [1/20] Processando Simparic
2026-01-23 20:15:23,290 - scraper_base - INFO - 🔍 Petz: Buscando Simparic
2026-01-23 20:15:27,237 - scraper_base - INFO - ✅ Petz: 12 produto(s) encontrado(s) para Simparic
2026-01-23 20:15:29,999 - scraper_base - INFO - 📦 [2/20] Processando Revolution
2026-01-23 20:15:29,999 - scraper_base - INFO - 🔍 Petz: Buscando Revolution
2026-01-23 20:15:32,416 - scraper_base - INFO - ✅ Petz: 24 produto(s) encontrado(s) para Revolution
2026-01-23 20:15:33,772 - scraper_base - INFO - 📦 [3/20] Processando NexGard
2026-01-23 20:15:33,772 - scraper_base - INFO - 🔍 Petz: Buscando NexGard
2026-01-23 20:15:35,719 - scraper_base - INFO - ✅ Petz: 22 produto(s) encontrado(s) para NexGard
2026-01-23 20:15:37,249 - scraper_base - INFO - 📦 [4/20] Processando NexGard Spectra
2026-01-23 20:15:37,249 - scraper_base - INFO - 🔍 Petz: Buscando NexGard Spectra
2026-01-23 20:15:38,870 - scraper_base - INFO - ✅ Petz: 10 produto(s) encontrado(s) para NexGard Spectra
2026-01-23 20:15:40,619 - scraper_base - INFO - 📦 [5/20] Processando NexGard Combo
2026-01-23 20:15:40,619 - scraper_base - INFO - 🔍 Petz: Buscando NexGard Combo
2026-01-23 20:15:42,133 - scraper_base - INFO - ✅ Petz: 4 produto(s) encontrado(s) para NexGard Combo
2026-01-23 20:15:43,171 - scraper_base - INFO - 📦 [6/20] Processando Bravecto
2026-01-23 20:15:43,171 - scraper_base - INFO - 🔍 Petz: Buscando Bravecto
2026-01-23 20:15:45,256 - scraper_base - INFO - ✅ Petz: 16 produto(s) encontrado(s) para Bravecto
2026-01-23 20:15:47,521 - scraper_base - INFO - 📦 [7/20] Processando Frontline
2026-01-23 20:15:47,521 - scraper_base - INFO - 🔍 Petz: Buscando Frontline
2026-01-23 20:15:49,272 - scraper_base - INFO - ✅ Petz: 11 produto(s) encontrado(s) para Frontline
2026-01-23 20:15:51,648 - scraper_base - INFO - 📦 [8/20] Processando Advocate
2026-01-23 20:15:51,648 - scraper_base - INFO - 🔍 Petz: Buscando Advocate
2026-01-23 20:15:53,753 - scraper_base - INFO - ✅ Petz: 12 produto(s) encontrado(s) para Advocate
2026-01-23 20:15:55,241 - scraper_base - INFO - 📦 [9/20] Processando Drontal
2026-01-23 20:15:55,241 - scraper_base - INFO - 🔍 Petz: Buscando Drontal
2026-01-23 20:15:57,713 - scraper_base - INFO - ✅ Petz: 30 produto(s) encontrado(s) para Drontal
2026-01-23 20:15:59,147 - scraper_base - INFO - 📦 [10/20] Processando Milbemax
2026-01-23 20:15:59,147 - scraper_base - INFO - 🔍 Petz: Buscando Milbemax
2026-01-23 20:16:00,655 - scraper_base - INFO - ✅ Petz: 4 produto(s) encontrado(s) para Milbemax
2026-01-23 20:16:03,078 - scraper_base - INFO - 📦 [11/20] Processando Vermivet
2026-01-23 20:16:03,078 - scraper_base - INFO - 🔍 Petz: Buscando Vermivet
2026-01-23 20:16:04,703 - scraper_base - INFO - ✅ Petz: 5 produto(s) encontrado(s) para Vermivet
2026-01-23 20:16:06,899 - scraper_base - INFO - 📦 [12/20] Processando Rimadyl
2026-01-23 20:16:06,899 - scraper_base - INFO - 🔍 Petz: Buscando Rimadyl
2026-01-23 20:16:08,357 - scraper_base - INFO - ✅ Petz: 3 produto(s) encontrado(s) para Rimadyl
2026-01-23 20:16:10,436 - scraper_base - INFO - 📦 [13/20] Processando Onsior
2026-01-23 20:16:10,436 - scraper_base - INFO - 🔍 Petz: Buscando Onsior
2026-01-23 20:16:12,111 - scraper_base - INFO - ✅ Petz: 4 produto(s) encontrado(s) para Onsior
2026-01-23 20:16:14,769 - scraper_base - INFO - 📦 [14/20] Processando Maxicam
2026-01-23 20:16:14,770 - scraper_base - INFO - 🔍 Petz: Buscando Maxicam
2026-01-23 20:16:17,019 - scraper_base - INFO - ✅ Petz: 31 produto(s) encontrado(s) para Maxicam
2026-01-23 20:16:18,877 - scraper_base - INFO - 📦 [15/20] Processando Carproflan
2026-01-23 20:16:18,877 - scraper_base - INFO - 🔍 Petz: Buscando Carproflan
2026-01-23 20:16:20,531 - scraper_base - INFO - ✅ Petz: 3 produto(s) encontrado(s) para Carproflan
2026-01-23 20:16:22,974 - scraper_base - INFO - 📦 [16/20] Processando Previcox
2026-01-23 20:16:22,974 - scraper_base - INFO - 🔍 Petz: Buscando Previcox
2026-01-23 20:16:25,019 - scraper_base - INFO - ✅ Petz: 2 produto(s) encontrado(s) para Previcox
2026-01-23 20:16:26,808 - scraper_base - INFO - 📦 [17/20] Processando Apoquel
2026-01-23 20:16:26,808 - scraper_base - INFO - 🔍 Petz: Buscando Apoquel
2026-01-23 20:16:28,605 - scraper_base - INFO - ✅ Petz: 3 produto(s) encontrado(s) para Apoquel
2026-01-23 20:16:30,170 - scraper_base - INFO - 📦 [18/20] Processando Zenrelia
2026-01-23 20:16:30,170 - scraper_base - INFO - 🔍 Petz: Buscando Zenrelia
2026-01-23 20:16:31,786 - scraper_base - INFO - ✅ Petz: 4 produto(s) encontrado(s) para Zenrelia
2026-01-23 20:16:33,295 - scraper_base - INFO - 📦 [19/20] Processando Synulox
2026-01-23 20:16:33,296 - scraper_base - INFO - 🔍 Petz: Buscando Synulox
2026-01-23 20:16:34,849 - scraper_base - INFO - ✅ Petz: 2 produto(s) encontrado(s) para Synulox
2026-01-23 20:16:37,070 - scraper_base - INFO - 📦 [20/20] Processando Baytril
2026-01-23 20:16:37,070 - scraper_base - INFO - 🔍 Petz: Buscando Baytril
2026-01-23 20:16:38,723 - scraper_base - INFO - ✅ Petz: 9 produto(s) encontrado(s) para Baytril
2026-01-23 20:16:40,041 - scraper_base - INFO - 📊 Petz - Estatísticas finais:
2026-01-23 20:16:40,042 - scraper_base - INFO -    • Medicamentos processados: 20
2026-01-23 20:16:40,042 - scraper_base - INFO -    • Produtos encontrados: 211
2026-01-23 20:16:40,042 - scraper_base - INFO -    • Medicamentos sem resultado: 0
2026-01-23 20:16:40,042 - scraper_base - INFO -    • Tempo total: 77.1s
2026-01-23 20:16:40,042 - scraper_base - INFO -    • Tempo médio por medicamento: 3.9s
2026-01-23 20:16:40,086 - gerenciador_arquivos - INFO - Excel salvo: dados_coletados/petz_20260123_201640.xlsx (211 produtos)
2026-01-23 20:16:40,086 - gerenciador_principal - INFO - Petz: Arquivo individual salvo com sucesso
2026-01-23 20:16:40,086 - gerenciador_principal - INFO - Gerando relatório consolidado...
2026-01-23 20:16:40,297 - gerenciador_arquivos - INFO - Relatório consolidado salvo: dados_relatorios/relatorio_consolidado_20260123_201640.xlsx
2026-01-23 20:16:40,434 - gerenciador_conexoes - INFO - Chrome fechado
2026-01-23 20:16:40,434 - gerenciador_conexoes - INFO - Métodos utilizados - Requests: 33.3%, Selenium: 66.7%, Falhas: 0.0%
2026-01-23 20:16:40,434 - gerenciador_principal - INFO - ============================================================
2026-01-23 20:16:40,434 - gerenciador_principal - INFO - RELATORIO FINAL DE EXECUÇÃO
2026-01-23 20:16:40,434 - gerenciador_principal - INFO - ============================================================
2026-01-23 20:16:40,434 - gerenciador_principal - INFO - Sites processados: 3
2026-01-23 20:16:40,434 - gerenciador_principal - INFO - Sites com sucesso: 3
2026-01-23 20:16:40,434 - gerenciador_principal - INFO - Total de produtos coletados: 624
2026-01-23 20:16:40,434 - gerenciador_principal - INFO - Tempo total de execução: 253.8 segundos
2026-01-23 20:16:40,434 - gerenciador_principal - INFO - Estatísticas de conexão:
2026-01-23 20:16:40,434 - gerenciador_principal - INFO -   - Requests bem-sucedidos: 33.3%
2026-01-23 20:16:40,434 - gerenciador_principal - INFO -   - Selenium fallback: 66.7%
2026-01-23 20:16:40,434 - gerenciador_principal - INFO -   - Falhas totais: 0.0%
2026-01-23 20:16:40,436 - gerenciador_principal - INFO - Arquivos salvos na pasta: dados_coletados
2026-01-23 20:16:40,436 - gerenciador_principal - INFO - Total de arquivos: 345
2026-01-23 20:16:40,436 - gerenciador_principal - INFO - ============================================================
