2026-04-15 20:35:28,050 - configurador_logs - INFO - Sistema de logs configurado com sucesso
2026-04-15 20:35:28,050 - configurador_logs - INFO - 🚀 Logs configurados para MODO PRODUÇÃO
2026-04-15 20:35:28,051 - gerenciador_principal - INFO - Inicializando sistema - Modo: PRODUCAO
2026-04-15 20:35:28,051 - gerenciador_arquivos - INFO - Pasta dados_coletados preparada
2026-04-15 20:35:28,051 - gerenciador_principal - INFO - Sistema inicializado com 3 scrapers
2026-04-15 20:35:28,051 - gerenciador_principal - INFO - ============================================================
2026-04-15 20:35:28,051 - gerenciador_principal - INFO - INICIANDO SCRAPING COMPLETO - PRODUCAO
2026-04-15 20:35:28,051 - gerenciador_principal - INFO - ============================================================
2026-04-15 20:35:28,051 - gerenciador_principal - INFO - [1/3] Processando Cobasi
2026-04-15 20:35:28,051 - scraper_base - INFO - 🚀 Iniciando scraping completo - Cobasi
2026-04-15 20:35:28,536 - gerenciador_conexoes - INFO - Sessao estabelecida com cobasi.com.br
2026-04-15 20:35:28,536 - scraper_base - INFO - 📋 20 medicamentos para processar
2026-04-15 20:35:28,536 - scraper_base - INFO - 📦 [1/20] Processando Simparic
2026-04-15 20:35:28,537 - scraper_base - INFO - 🔍 Cobasi: Buscando Simparic
2026-04-15 20:35:32,880 - scraper_cobasi - INFO - Cobasi: Dados extraídos via JSON para Simparic
2026-04-15 20:35:32,880 - scraper_base - INFO - ✅ Cobasi: 12 produto(s) encontrado(s) para Simparic
2026-04-15 20:35:35,050 - scraper_base - INFO - 📦 [2/20] Processando Revolution
2026-04-15 20:35:35,050 - scraper_base - INFO - 🔍 Cobasi: Buscando Revolution
2026-04-15 20:35:38,703 - scraper_cobasi - INFO - Cobasi: Dados extraídos via JSON para Revolution
2026-04-15 20:35:38,703 - scraper_base - INFO - ✅ Cobasi: 18 produto(s) encontrado(s) para Revolution
2026-04-15 20:35:40,652 - scraper_base - INFO - 📦 [3/20] Processando NexGard
2026-04-15 20:35:40,652 - scraper_base - INFO - 🔍 Cobasi: Buscando NexGard
2026-04-15 20:35:45,712 - scraper_cobasi - INFO - Cobasi: Dados extraídos via JSON para NexGard
2026-04-15 20:35:45,713 - scraper_base - INFO - ✅ Cobasi: 22 produto(s) encontrado(s) para NexGard
2026-04-15 20:35:47,305 - scraper_base - INFO - 📦 [4/20] Processando NexGard Spectra
2026-04-15 20:35:47,306 - scraper_base - INFO - 🔍 Cobasi: Buscando NexGard Spectra
2026-04-15 20:35:50,795 - scraper_cobasi - INFO - Cobasi: Dados extraídos via JSON para NexGard Spectra
2026-04-15 20:35:50,795 - scraper_base - INFO - ✅ Cobasi: 10 produto(s) encontrado(s) para NexGard Spectra
2026-04-15 20:35:52,636 - scraper_base - INFO - 📦 [5/20] Processando NexGard Combo
2026-04-15 20:35:52,636 - scraper_base - INFO - 🔍 Cobasi: Buscando NexGard Combo
2026-04-15 20:35:56,517 - scraper_cobasi - INFO - Cobasi: Dados extraídos via JSON para NexGard Combo
2026-04-15 20:35:56,517 - scraper_base - INFO - ✅ Cobasi: 4 produto(s) encontrado(s) para NexGard Combo
2026-04-15 20:35:58,245 - scraper_base - INFO - 📦 [6/20] Processando Bravecto
2026-04-15 20:35:58,246 - scraper_base - INFO - 🔍 Cobasi: Buscando Bravecto
2026-04-15 20:36:02,294 - scraper_cobasi - INFO - Cobasi: Dados extraídos via JSON para Bravecto
2026-04-15 20:36:02,294 - scraper_base - INFO - ✅ Cobasi: 16 produto(s) encontrado(s) para Bravecto
2026-04-15 20:36:04,722 - scraper_base - INFO - 📦 [7/20] Processando Frontline
2026-04-15 20:36:04,722 - scraper_base - INFO - 🔍 Cobasi: Buscando Frontline
2026-04-15 20:36:08,020 - scraper_cobasi - INFO - Cobasi: Dados extraídos via JSON para Frontline
2026-04-15 20:36:08,020 - scraper_base - INFO - ✅ Cobasi: 11 produto(s) encontrado(s) para Frontline
2026-04-15 20:36:10,596 - scraper_base - INFO - 📦 [8/20] Processando Advocate
2026-04-15 20:36:10,596 - scraper_base - INFO - 🔍 Cobasi: Buscando Advocate
2026-04-15 20:36:14,484 - scraper_cobasi - INFO - Cobasi: Dados extraídos via JSON para Advocate
2026-04-15 20:36:14,484 - scraper_base - INFO - ✅ Cobasi: 12 produto(s) encontrado(s) para Advocate
2026-04-15 20:36:17,056 - scraper_base - INFO - 📦 [9/20] Processando Drontal
2026-04-15 20:36:17,056 - scraper_base - INFO - 🔍 Cobasi: Buscando Drontal
2026-04-15 20:36:20,629 - scraper_cobasi - INFO - Cobasi: Dados extraídos via JSON para Drontal
2026-04-15 20:36:20,630 - scraper_base - INFO - ✅ Cobasi: 8 produto(s) encontrado(s) para Drontal
2026-04-15 20:36:22,330 - scraper_base - INFO - 📦 [10/20] Processando Milbemax
2026-04-15 20:36:22,330 - scraper_base - INFO - 🔍 Cobasi: Buscando Milbemax
2026-04-15 20:36:26,086 - scraper_cobasi - INFO - Cobasi: Dados extraídos via JSON para Milbemax
2026-04-15 20:36:26,086 - scraper_base - INFO - ✅ Cobasi: 4 produto(s) encontrado(s) para Milbemax
2026-04-15 20:36:29,020 - scraper_base - INFO - 📦 [11/20] Processando Vermivet
2026-04-15 20:36:29,020 - scraper_base - INFO - 🔍 Cobasi: Buscando Vermivet
2026-04-15 20:36:32,458 - scraper_cobasi - INFO - Cobasi: Dados extraídos via JSON para Vermivet
2026-04-15 20:36:32,459 - scraper_base - INFO - ✅ Cobasi: 5 produto(s) encontrado(s) para Vermivet
2026-04-15 20:36:35,394 - scraper_base - INFO - 📦 [12/20] Processando Rimadyl
2026-04-15 20:36:35,394 - scraper_base - INFO - 🔍 Cobasi: Buscando Rimadyl
2026-04-15 20:36:40,272 - scraper_cobasi - INFO - Cobasi: Dados extraídos via JSON para Rimadyl
2026-04-15 20:36:40,273 - scraper_base - INFO - ✅ Cobasi: 3 produto(s) encontrado(s) para Rimadyl
2026-04-15 20:36:41,806 - scraper_base - INFO - 📦 [13/20] Processando Onsior
2026-04-15 20:36:41,806 - scraper_base - INFO - 🔍 Cobasi: Buscando Onsior
2026-04-15 20:36:46,597 - scraper_cobasi - INFO - Cobasi: Dados extraídos via JSON para Onsior
2026-04-15 20:36:46,597 - scraper_base - INFO - ✅ Cobasi: 4 produto(s) encontrado(s) para Onsior
2026-04-15 20:36:48,805 - scraper_base - INFO - 📦 [14/20] Processando Maxicam
2026-04-15 20:36:48,805 - scraper_base - INFO - 🔍 Cobasi: Buscando Maxicam
2026-04-15 20:36:53,327 - scraper_cobasi - INFO - Cobasi: Dados extraídos via JSON para Maxicam
2026-04-15 20:36:53,327 - scraper_base - INFO - ✅ Cobasi: 3 produto(s) encontrado(s) para Maxicam
2026-04-15 20:36:55,895 - scraper_base - INFO - 📦 [15/20] Processando Carproflan
2026-04-15 20:36:55,895 - scraper_base - INFO - 🔍 Cobasi: Buscando Carproflan
2026-04-15 20:37:00,037 - scraper_cobasi - INFO - Cobasi: Dados extraídos via JSON para Carproflan
2026-04-15 20:37:00,038 - scraper_base - INFO - ✅ Cobasi: 3 produto(s) encontrado(s) para Carproflan
2026-04-15 20:37:01,638 - scraper_base - INFO - 📦 [16/20] Processando Previcox
2026-04-15 20:37:01,638 - scraper_base - INFO - 🔍 Cobasi: Buscando Previcox
2026-04-15 20:37:04,195 - scraper_cobasi - INFO - Cobasi: Dados extraídos via JSON para Previcox
2026-04-15 20:37:04,195 - scraper_base - INFO - ✅ Cobasi: 2 produto(s) encontrado(s) para Previcox
2026-04-15 20:37:06,797 - scraper_base - INFO - 📦 [17/20] Processando Apoquel
2026-04-15 20:37:06,797 - scraper_base - INFO - 🔍 Cobasi: Buscando Apoquel
2026-04-15 20:37:10,161 - scraper_cobasi - INFO - Cobasi: Dados extraídos via JSON para Apoquel
2026-04-15 20:37:10,161 - scraper_base - INFO - ✅ Cobasi: 3 produto(s) encontrado(s) para Apoquel
2026-04-15 20:37:11,378 - scraper_base - INFO - 📦 [18/20] Processando Zenrelia
2026-04-15 20:37:11,378 - scraper_base - INFO - 🔍 Cobasi: Buscando Zenrelia
2026-04-15 20:37:14,327 - scraper_cobasi - INFO - Cobasi: Dados extraídos via JSON para Zenrelia
2026-04-15 20:37:14,327 - scraper_base - INFO - ✅ Cobasi: 4 produto(s) encontrado(s) para Zenrelia
2026-04-15 20:37:16,332 - scraper_base - INFO - 📦 [19/20] Processando Synulox
2026-04-15 20:37:16,332 - scraper_base - INFO - 🔍 Cobasi: Buscando Synulox
2026-04-15 20:37:18,849 - scraper_cobasi - INFO - Cobasi: Dados extraídos via JSON para Synulox
2026-04-15 20:37:18,849 - scraper_base - INFO - ✅ Cobasi: 2 produto(s) encontrado(s) para Synulox
2026-04-15 20:37:21,431 - scraper_base - INFO - 📦 [20/20] Processando Baytril
2026-04-15 20:37:21,431 - scraper_base - INFO - 🔍 Cobasi: Buscando Baytril
2026-04-15 20:37:25,156 - scraper_cobasi - INFO - Cobasi: Dados extraídos via JSON para Baytril
2026-04-15 20:37:25,157 - scraper_base - INFO - ✅ Cobasi: 3 produto(s) encontrado(s) para Baytril
2026-04-15 20:37:26,358 - scraper_base - INFO - 📊 Cobasi - Estatísticas finais:
2026-04-15 20:37:26,358 - scraper_base - INFO -    • Medicamentos processados: 20
2026-04-15 20:37:26,358 - scraper_base - INFO -    • Produtos encontrados: 149
2026-04-15 20:37:26,358 - scraper_base - INFO -    • Medicamentos sem resultado: 0
2026-04-15 20:37:26,358 - scraper_base - INFO -    • Tempo total: 118.3s
2026-04-15 20:37:26,359 - scraper_base - INFO -    • Tempo médio por medicamento: 5.9s
2026-04-15 20:37:26,528 - gerenciador_arquivos - INFO - Excel salvo: dados_coletados/cobasi_20260415_203726.xlsx (149 produtos)
2026-04-15 20:37:26,528 - gerenciador_principal - INFO - Cobasi: Arquivo individual salvo com sucesso
2026-04-15 20:37:26,528 - gerenciador_principal - INFO - Pausando entre sites...
2026-04-15 20:37:28,529 - gerenciador_principal - INFO - [2/3] Processando Petlove
2026-04-15 20:37:28,529 - scraper_base - INFO - 🚀 Iniciando scraping completo - Petlove
2026-04-15 20:37:28,718 - scraper_base - INFO - 📋 20 medicamentos para processar
2026-04-15 20:37:28,718 - scraper_base - INFO - 📦 [1/20] Processando Simparic
2026-04-15 20:37:28,718 - scraper_base - INFO - 🔍 Petlove: Buscando Simparic
2026-04-15 20:37:29,852 - gerenciador_conexoes - INFO - Chrome inicializado com otimizacoes de velocidade
2026-04-15 20:37:32,654 - scraper_base - INFO - ✅ Petlove: 27 produto(s) encontrado(s) para Simparic
2026-04-15 20:37:35,541 - scraper_base - INFO - 📦 [2/20] Processando Revolution
2026-04-15 20:37:35,541 - scraper_base - INFO - 🔍 Petlove: Buscando Revolution
2026-04-15 20:37:37,403 - scraper_base - INFO - ✅ Petlove: 20 produto(s) encontrado(s) para Revolution
2026-04-15 20:37:39,466 - scraper_base - INFO - 📦 [3/20] Processando NexGard
2026-04-15 20:37:39,466 - scraper_base - INFO - 🔍 Petlove: Buscando NexGard
2026-04-15 20:37:41,449 - scraper_base - INFO - ✅ Petlove: 19 produto(s) encontrado(s) para NexGard
2026-04-15 20:37:44,380 - scraper_base - INFO - 📦 [4/20] Processando NexGard Spectra
2026-04-15 20:37:44,380 - scraper_base - INFO - 🔍 Petlove: Buscando NexGard Spectra
2026-04-15 20:37:45,800 - scraper_base - INFO - ✅ Petlove: 11 produto(s) encontrado(s) para NexGard Spectra
2026-04-15 20:37:47,594 - scraper_base - INFO - 📦 [5/20] Processando NexGard Combo
2026-04-15 20:37:47,594 - scraper_base - INFO - 🔍 Petlove: Buscando NexGard Combo
2026-04-15 20:37:49,033 - scraper_base - INFO - ✅ Petlove: 4 produto(s) encontrado(s) para NexGard Combo
2026-04-15 20:37:50,600 - scraper_base - INFO - 📦 [6/20] Processando Bravecto
2026-04-15 20:37:50,600 - scraper_base - INFO - 🔍 Petlove: Buscando Bravecto
2026-04-15 20:37:53,017 - scraper_base - INFO - ✅ Petlove: 22 produto(s) encontrado(s) para Bravecto
2026-04-15 20:37:55,756 - scraper_base - INFO - 📦 [7/20] Processando Frontline
2026-04-15 20:37:55,756 - scraper_base - INFO - 🔍 Petlove: Buscando Frontline
2026-04-15 20:37:57,487 - scraper_base - INFO - ✅ Petlove: 11 produto(s) encontrado(s) para Frontline
2026-04-15 20:37:59,675 - scraper_base - INFO - 📦 [8/20] Processando Advocate
2026-04-15 20:37:59,676 - scraper_base - INFO - 🔍 Petlove: Buscando Advocate
2026-04-15 20:38:01,295 - scraper_base - INFO - ✅ Petlove: 9 produto(s) encontrado(s) para Advocate
2026-04-15 20:38:03,101 - scraper_base - INFO - 📦 [9/20] Processando Drontal
2026-04-15 20:38:03,101 - scraper_base - INFO - 🔍 Petlove: Buscando Drontal
2026-04-15 20:38:04,891 - scraper_base - INFO - ✅ Petlove: 36 produto(s) encontrado(s) para Drontal
2026-04-15 20:38:07,121 - scraper_base - INFO - 📦 [10/20] Processando Milbemax
2026-04-15 20:38:07,121 - scraper_base - INFO - 🔍 Petlove: Buscando Milbemax
2026-04-15 20:38:08,598 - scraper_base - INFO - ✅ Petlove: 20 produto(s) encontrado(s) para Milbemax
2026-04-15 20:38:10,795 - scraper_base - INFO - 📦 [11/20] Processando Vermivet
2026-04-15 20:38:10,796 - scraper_base - INFO - 🔍 Petlove: Buscando Vermivet
2026-04-15 20:38:12,496 - scraper_base - INFO - ✅ Petlove: 36 produto(s) encontrado(s) para Vermivet
2026-04-15 20:38:14,051 - scraper_base - INFO - 📦 [12/20] Processando Rimadyl
2026-04-15 20:38:14,051 - scraper_base - INFO - 🔍 Petlove: Buscando Rimadyl
2026-04-15 20:38:15,824 - scraper_base - INFO - ✅ Petlove: 1 produto(s) encontrado(s) para Rimadyl
2026-04-15 20:38:17,036 - scraper_base - INFO - 📦 [13/20] Processando Onsior
2026-04-15 20:38:17,036 - scraper_base - INFO - 🔍 Petlove: Buscando Onsior
2026-04-15 20:38:18,876 - scraper_base - INFO - ✅ Petlove: 4 produto(s) encontrado(s) para Onsior
2026-04-15 20:38:20,686 - scraper_base - INFO - 📦 [14/20] Processando Maxicam
2026-04-15 20:38:20,686 - scraper_base - INFO - 🔍 Petlove: Buscando Maxicam
2026-04-15 20:38:21,940 - scraper_base - INFO - ✅ Petlove: 3 produto(s) encontrado(s) para Maxicam
2026-04-15 20:38:23,131 - scraper_base - INFO - 📦 [15/20] Processando Carproflan
2026-04-15 20:38:23,131 - scraper_base - INFO - 🔍 Petlove: Buscando Carproflan
2026-04-15 20:38:24,513 - scraper_base - INFO - ✅ Petlove: 8 produto(s) encontrado(s) para Carproflan
2026-04-15 20:38:26,079 - scraper_base - INFO - 📦 [16/20] Processando Previcox
2026-04-15 20:38:26,079 - scraper_base - INFO - 🔍 Petlove: Buscando Previcox
2026-04-15 20:38:27,305 - scraper_base - INFO - ✅ Petlove: 4 produto(s) encontrado(s) para Previcox
2026-04-15 20:38:28,935 - scraper_base - INFO - 📦 [17/20] Processando Apoquel
2026-04-15 20:38:28,935 - scraper_base - INFO - 🔍 Petlove: Buscando Apoquel
2026-04-15 20:38:30,418 - scraper_base - INFO - ✅ Petlove: 16 produto(s) encontrado(s) para Apoquel
2026-04-15 20:38:33,098 - scraper_base - INFO - 📦 [18/20] Processando Zenrelia
2026-04-15 20:38:33,098 - scraper_base - INFO - 🔍 Petlove: Buscando Zenrelia
2026-04-15 20:38:34,594 - scraper_base - INFO - ✅ Petlove: 4 produto(s) encontrado(s) para Zenrelia
2026-04-15 20:38:36,098 - scraper_base - INFO - 📦 [19/20] Processando Synulox
2026-04-15 20:38:36,098 - scraper_base - INFO - 🔍 Petlove: Buscando Synulox
2026-04-15 20:38:37,526 - scraper_base - INFO - ✅ Petlove: 1 produto(s) encontrado(s) para Synulox
2026-04-15 20:38:39,535 - scraper_base - INFO - 📦 [20/20] Processando Baytril
2026-04-15 20:38:39,535 - scraper_base - INFO - 🔍 Petlove: Buscando Baytril
2026-04-15 20:38:40,981 - scraper_base - INFO - ✅ Petlove: 4 produto(s) encontrado(s) para Baytril
2026-04-15 20:38:42,780 - scraper_base - INFO - 📊 Petlove - Estatísticas finais:
2026-04-15 20:38:42,780 - scraper_base - INFO -    • Medicamentos processados: 20
2026-04-15 20:38:42,780 - scraper_base - INFO -    • Produtos encontrados: 260
2026-04-15 20:38:42,780 - scraper_base - INFO -    • Medicamentos sem resultado: 0
2026-04-15 20:38:42,780 - scraper_base - INFO -    • Tempo total: 74.3s
2026-04-15 20:38:42,780 - scraper_base - INFO -    • Tempo médio por medicamento: 3.7s
2026-04-15 20:38:42,893 - gerenciador_arquivos - INFO - Excel salvo: dados_coletados/petlove_20260415_203842.xlsx (260 produtos)
2026-04-15 20:38:42,893 - gerenciador_principal - INFO - Petlove: Arquivo individual salvo com sucesso
2026-04-15 20:38:42,893 - gerenciador_principal - INFO - Pausando entre sites...
2026-04-15 20:38:44,894 - gerenciador_principal - INFO - [3/3] Processando Petz
2026-04-15 20:38:44,894 - scraper_base - INFO - 🚀 Iniciando scraping completo - Petz
2026-04-15 20:38:45,235 - scraper_base - INFO - 📋 20 medicamentos para processar
2026-04-15 20:38:45,235 - scraper_base - INFO - 📦 [1/20] Processando Simparic
2026-04-15 20:38:45,235 - scraper_base - INFO - 🔍 Petz: Buscando Simparic
2026-04-15 20:38:48,055 - scraper_base - INFO - ✅ Petz: 12 produto(s) encontrado(s) para Simparic
2026-04-15 20:38:50,619 - scraper_base - INFO - 📦 [2/20] Processando Revolution
2026-04-15 20:38:50,619 - scraper_base - INFO - 🔍 Petz: Buscando Revolution
2026-04-15 20:38:53,694 - scraper_base - INFO - ✅ Petz: 21 produto(s) encontrado(s) para Revolution
2026-04-15 20:38:56,486 - scraper_base - INFO - 📦 [3/20] Processando NexGard
2026-04-15 20:38:56,486 - scraper_base - INFO - 🔍 Petz: Buscando NexGard
2026-04-15 20:38:59,167 - scraper_base - INFO - ✅ Petz: 22 produto(s) encontrado(s) para NexGard
2026-04-15 20:39:01,606 - scraper_base - INFO - 📦 [4/20] Processando NexGard Spectra
2026-04-15 20:39:01,606 - scraper_base - INFO - 🔍 Petz: Buscando NexGard Spectra
2026-04-15 20:39:03,651 - scraper_base - INFO - ✅ Petz: 10 produto(s) encontrado(s) para NexGard Spectra
2026-04-15 20:39:05,397 - scraper_base - INFO - 📦 [5/20] Processando NexGard Combo
2026-04-15 20:39:05,398 - scraper_base - INFO - 🔍 Petz: Buscando NexGard Combo
2026-04-15 20:39:07,435 - scraper_base - INFO - ✅ Petz: 4 produto(s) encontrado(s) para NexGard Combo
2026-04-15 20:39:09,090 - scraper_base - INFO - 📦 [6/20] Processando Bravecto
2026-04-15 20:39:09,091 - scraper_base - INFO - 🔍 Petz: Buscando Bravecto
2026-04-15 20:39:11,129 - scraper_base - INFO - ✅ Petz: 16 produto(s) encontrado(s) para Bravecto
2026-04-15 20:39:13,340 - scraper_base - INFO - 📦 [7/20] Processando Frontline
2026-04-15 20:39:13,340 - scraper_base - INFO - 🔍 Petz: Buscando Frontline
2026-04-15 20:39:15,566 - scraper_base - INFO - ✅ Petz: 11 produto(s) encontrado(s) para Frontline
2026-04-15 20:39:17,320 - scraper_base - INFO - 📦 [8/20] Processando Advocate
2026-04-15 20:39:17,320 - scraper_base - INFO - 🔍 Petz: Buscando Advocate
2026-04-15 20:39:19,807 - scraper_base - INFO - ✅ Petz: 12 produto(s) encontrado(s) para Advocate
2026-04-15 20:39:20,997 - scraper_base - INFO - 📦 [9/20] Processando Drontal
2026-04-15 20:39:20,997 - scraper_base - INFO - 🔍 Petz: Buscando Drontal
2026-04-15 20:39:23,789 - scraper_base - INFO - ✅ Petz: 36 produto(s) encontrado(s) para Drontal
2026-04-15 20:39:25,404 - scraper_base - INFO - 📦 [10/20] Processando Milbemax
2026-04-15 20:39:25,405 - scraper_base - INFO - 🔍 Petz: Buscando Milbemax
2026-04-15 20:39:27,581 - scraper_base - INFO - ✅ Petz: 4 produto(s) encontrado(s) para Milbemax
2026-04-15 20:39:28,651 - scraper_base - INFO - 📦 [11/20] Processando Vermivet
2026-04-15 20:39:28,651 - scraper_base - INFO - 🔍 Petz: Buscando Vermivet
2026-04-15 20:39:30,649 - scraper_base - INFO - ✅ Petz: 5 produto(s) encontrado(s) para Vermivet
2026-04-15 20:39:31,962 - scraper_base - INFO - 📦 [12/20] Processando Rimadyl
2026-04-15 20:39:31,962 - scraper_base - INFO - 🔍 Petz: Buscando Rimadyl
2026-04-15 20:39:34,020 - scraper_base - INFO - ✅ Petz: 3 produto(s) encontrado(s) para Rimadyl
2026-04-15 20:39:36,965 - scraper_base - INFO - 📦 [13/20] Processando Onsior
2026-04-15 20:39:36,965 - scraper_base - INFO - 🔍 Petz: Buscando Onsior
2026-04-15 20:39:38,704 - scraper_base - INFO - ✅ Petz: 4 produto(s) encontrado(s) para Onsior
2026-04-15 20:39:40,631 - scraper_base - INFO - 📦 [14/20] Processando Maxicam
2026-04-15 20:39:40,631 - scraper_base - INFO - 🔍 Petz: Buscando Maxicam
2026-04-15 20:39:43,275 - scraper_base - INFO - ✅ Petz: 29 produto(s) encontrado(s) para Maxicam
2026-04-15 20:39:45,398 - scraper_base - INFO - 📦 [15/20] Processando Carproflan
2026-04-15 20:39:45,398 - scraper_base - INFO - 🔍 Petz: Buscando Carproflan
2026-04-15 20:39:47,501 - scraper_base - INFO - ✅ Petz: 3 produto(s) encontrado(s) para Carproflan
2026-04-15 20:39:49,612 - scraper_base - INFO - 📦 [16/20] Processando Previcox
2026-04-15 20:39:49,612 - scraper_base - INFO - 🔍 Petz: Buscando Previcox
2026-04-15 20:39:51,569 - scraper_base - INFO - ✅ Petz: 2 produto(s) encontrado(s) para Previcox
2026-04-15 20:39:52,781 - scraper_base - INFO - 📦 [17/20] Processando Apoquel
2026-04-15 20:39:52,781 - scraper_base - INFO - 🔍 Petz: Buscando Apoquel
2026-04-15 20:39:54,556 - scraper_base - INFO - ✅ Petz: 3 produto(s) encontrado(s) para Apoquel
2026-04-15 20:39:57,114 - scraper_base - INFO - 📦 [18/20] Processando Zenrelia
2026-04-15 20:39:57,114 - scraper_base - INFO - 🔍 Petz: Buscando Zenrelia
2026-04-15 20:39:58,827 - scraper_base - INFO - ✅ Petz: 4 produto(s) encontrado(s) para Zenrelia
2026-04-15 20:40:01,819 - scraper_base - INFO - 📦 [19/20] Processando Synulox
2026-04-15 20:40:01,819 - scraper_base - INFO - 🔍 Petz: Buscando Synulox
2026-04-15 20:40:04,048 - scraper_base - INFO - ✅ Petz: 2 produto(s) encontrado(s) para Synulox
2026-04-15 20:40:05,093 - scraper_base - INFO - 📦 [20/20] Processando Baytril
2026-04-15 20:40:05,093 - scraper_base - INFO - 🔍 Petz: Buscando Baytril
2026-04-15 20:40:07,057 - scraper_base - INFO - ✅ Petz: 9 produto(s) encontrado(s) para Baytril
2026-04-15 20:40:10,054 - scraper_base - INFO - 📊 Petz - Estatísticas finais:
2026-04-15 20:40:10,054 - scraper_base - INFO -    • Medicamentos processados: 20
2026-04-15 20:40:10,054 - scraper_base - INFO -    • Produtos encontrados: 212
2026-04-15 20:40:10,054 - scraper_base - INFO -    • Medicamentos sem resultado: 0
2026-04-15 20:40:10,054 - scraper_base - INFO -    • Tempo total: 85.2s
2026-04-15 20:40:10,054 - scraper_base - INFO -    • Tempo médio por medicamento: 4.3s
2026-04-15 20:40:10,168 - gerenciador_arquivos - INFO - Excel salvo: dados_coletados/petz_20260415_204010.xlsx (212 produtos)
2026-04-15 20:40:10,169 - gerenciador_principal - INFO - Petz: Arquivo individual salvo com sucesso
2026-04-15 20:40:10,169 - gerenciador_principal - INFO - Gerando relatório consolidado...
2026-04-15 20:40:10,425 - gerenciador_arquivos - INFO - Relatório consolidado salvo: dados_relatorios/relatorio_consolidado_20260415_204010.xlsx
2026-04-15 20:40:10,548 - gerenciador_conexoes - INFO - Chrome fechado
2026-04-15 20:40:10,548 - gerenciador_conexoes - INFO - Métodos utilizados - Requests: 33.3%, Selenium: 66.7%, Falhas: 0.0%
2026-04-15 20:40:10,548 - gerenciador_principal - INFO - ============================================================
2026-04-15 20:40:10,548 - gerenciador_principal - INFO - RELATORIO FINAL DE EXECUÇÃO
2026-04-15 20:40:10,549 - gerenciador_principal - INFO - ============================================================
2026-04-15 20:40:10,549 - gerenciador_principal - INFO - Sites processados: 3
2026-04-15 20:40:10,549 - gerenciador_principal - INFO - Sites com sucesso: 3
2026-04-15 20:40:10,549 - gerenciador_principal - INFO - Total de produtos coletados: 621
2026-04-15 20:40:10,549 - gerenciador_principal - INFO - Tempo total de execução: 282.1 segundos
2026-04-15 20:40:10,549 - gerenciador_principal - INFO - Estatísticas de conexão:
2026-04-15 20:40:10,549 - gerenciador_principal - INFO -   - Requests bem-sucedidos: 33.3%
2026-04-15 20:40:10,549 - gerenciador_principal - INFO -   - Selenium fallback: 66.7%
2026-04-15 20:40:10,549 - gerenciador_principal - INFO -   - Falhas totais: 0.0%
2026-04-15 20:40:10,552 - gerenciador_principal - INFO - Arquivos salvos na pasta: dados_coletados
2026-04-15 20:40:10,552 - gerenciador_principal - INFO - Total de arquivos: 581
2026-04-15 20:40:10,552 - gerenciador_principal - INFO - ============================================================
