2026-02-15 20:12:52,817 - configurador_logs - INFO - Sistema de logs configurado com sucesso
2026-02-15 20:12:52,817 - configurador_logs - INFO - 🚀 Logs configurados para MODO PRODUÇÃO
2026-02-15 20:12:52,817 - gerenciador_principal - INFO - Inicializando sistema - Modo: PRODUCAO
2026-02-15 20:12:52,817 - gerenciador_arquivos - INFO - Pasta dados_coletados preparada
2026-02-15 20:12:52,817 - gerenciador_principal - INFO - Sistema inicializado com 3 scrapers
2026-02-15 20:12:52,817 - gerenciador_principal - INFO - ============================================================
2026-02-15 20:12:52,818 - gerenciador_principal - INFO - INICIANDO SCRAPING COMPLETO - PRODUCAO
2026-02-15 20:12:52,818 - gerenciador_principal - INFO - ============================================================
2026-02-15 20:12:52,818 - gerenciador_principal - INFO - [1/3] Processando Cobasi
2026-02-15 20:12:52,818 - scraper_base - INFO - 🚀 Iniciando scraping completo - Cobasi
2026-02-15 20:12:53,525 - gerenciador_conexoes - INFO - Sessao estabelecida com cobasi.com.br
2026-02-15 20:12:53,525 - scraper_base - INFO - 📋 20 medicamentos para processar
2026-02-15 20:12:53,525 - scraper_base - INFO - 📦 [1/20] Processando Simparic
2026-02-15 20:12:53,525 - scraper_base - INFO - 🔍 Cobasi: Buscando Simparic
2026-02-15 20:12:55,017 - scraper_cobasi - INFO - Cobasi: Dados extraídos via JSON para Simparic
2026-02-15 20:12:55,018 - scraper_base - INFO - ✅ Cobasi: 12 produto(s) encontrado(s) para Simparic
2026-02-15 20:12:57,274 - scraper_base - INFO - 📦 [2/20] Processando Revolution
2026-02-15 20:12:57,274 - scraper_base - INFO - 🔍 Cobasi: Buscando Revolution
2026-02-15 20:12:57,830 - scraper_cobasi - INFO - Cobasi: Dados extraídos via JSON para Revolution
2026-02-15 20:12:57,830 - scraper_base - INFO - ✅ Cobasi: 18 produto(s) encontrado(s) para Revolution
2026-02-15 20:13:00,817 - scraper_base - INFO - 📦 [3/20] Processando NexGard
2026-02-15 20:13:00,817 - scraper_base - INFO - 🔍 Cobasi: Buscando NexGard
2026-02-15 20:13:02,469 - scraper_cobasi - INFO - Cobasi: Dados extraídos via JSON para NexGard
2026-02-15 20:13:02,469 - scraper_base - INFO - ✅ Cobasi: 22 produto(s) encontrado(s) para NexGard
2026-02-15 20:13:04,071 - scraper_base - INFO - 📦 [4/20] Processando NexGard Spectra
2026-02-15 20:13:04,071 - scraper_base - INFO - 🔍 Cobasi: Buscando NexGard Spectra
2026-02-15 20:13:06,418 - scraper_cobasi - INFO - Cobasi: Dados extraídos via JSON para NexGard Spectra
2026-02-15 20:13:06,418 - scraper_base - INFO - ✅ Cobasi: 10 produto(s) encontrado(s) para NexGard Spectra
2026-02-15 20:13:08,355 - scraper_base - INFO - 📦 [5/20] Processando NexGard Combo
2026-02-15 20:13:08,356 - scraper_base - INFO - 🔍 Cobasi: Buscando NexGard Combo
2026-02-15 20:13:10,447 - scraper_cobasi - INFO - Cobasi: Dados extraídos via JSON para NexGard Combo
2026-02-15 20:13:10,447 - scraper_base - INFO - ✅ Cobasi: 4 produto(s) encontrado(s) para NexGard Combo
2026-02-15 20:13:12,708 - scraper_base - INFO - 📦 [6/20] Processando Bravecto
2026-02-15 20:13:12,708 - scraper_base - INFO - 🔍 Cobasi: Buscando Bravecto
2026-02-15 20:13:13,299 - scraper_cobasi - INFO - Cobasi: Dados extraídos via JSON para Bravecto
2026-02-15 20:13:13,299 - scraper_base - INFO - ✅ Cobasi: 16 produto(s) encontrado(s) para Bravecto
2026-02-15 20:13:16,181 - scraper_base - INFO - 📦 [7/20] Processando Frontline
2026-02-15 20:13:16,181 - scraper_base - INFO - 🔍 Cobasi: Buscando Frontline
2026-02-15 20:13:18,898 - scraper_cobasi - INFO - Cobasi: Dados extraídos via JSON para Frontline
2026-02-15 20:13:18,898 - scraper_base - INFO - ✅ Cobasi: 10 produto(s) encontrado(s) para Frontline
2026-02-15 20:13:21,502 - scraper_base - INFO - 📦 [8/20] Processando Advocate
2026-02-15 20:13:21,502 - scraper_base - INFO - 🔍 Cobasi: Buscando Advocate
2026-02-15 20:13:23,971 - scraper_cobasi - INFO - Cobasi: Dados extraídos via JSON para Advocate
2026-02-15 20:13:23,971 - scraper_base - INFO - ✅ Cobasi: 12 produto(s) encontrado(s) para Advocate
2026-02-15 20:13:25,791 - scraper_base - INFO - 📦 [9/20] Processando Drontal
2026-02-15 20:13:25,791 - scraper_base - INFO - 🔍 Cobasi: Buscando Drontal
2026-02-15 20:13:26,340 - scraper_cobasi - INFO - Cobasi: Dados extraídos via JSON para Drontal
2026-02-15 20:13:26,340 - scraper_base - INFO - ✅ Cobasi: 8 produto(s) encontrado(s) para Drontal
2026-02-15 20:13:28,603 - scraper_base - INFO - 📦 [10/20] Processando Milbemax
2026-02-15 20:13:28,603 - scraper_base - INFO - 🔍 Cobasi: Buscando Milbemax
2026-02-15 20:13:30,625 - scraper_cobasi - INFO - Cobasi: Dados extraídos via JSON para Milbemax
2026-02-15 20:13:30,625 - scraper_base - INFO - ✅ Cobasi: 4 produto(s) encontrado(s) para Milbemax
2026-02-15 20:13:32,320 - scraper_base - INFO - 📦 [11/20] Processando Vermivet
2026-02-15 20:13:32,320 - scraper_base - INFO - 🔍 Cobasi: Buscando Vermivet
2026-02-15 20:13:34,688 - scraper_cobasi - INFO - Cobasi: Dados extraídos via JSON para Vermivet
2026-02-15 20:13:34,688 - scraper_base - INFO - ✅ Cobasi: 5 produto(s) encontrado(s) para Vermivet
2026-02-15 20:13:37,000 - scraper_base - INFO - 📦 [12/20] Processando Rimadyl
2026-02-15 20:13:37,000 - scraper_base - INFO - 🔍 Cobasi: Buscando Rimadyl
2026-02-15 20:13:38,857 - scraper_cobasi - INFO - Cobasi: Dados extraídos via JSON para Rimadyl
2026-02-15 20:13:38,858 - scraper_base - INFO - ✅ Cobasi: 3 produto(s) encontrado(s) para Rimadyl
2026-02-15 20:13:40,160 - scraper_base - INFO - 📦 [13/20] Processando Onsior
2026-02-15 20:13:40,160 - scraper_base - INFO - 🔍 Cobasi: Buscando Onsior
2026-02-15 20:13:42,132 - scraper_cobasi - INFO - Cobasi: Dados extraídos via JSON para Onsior
2026-02-15 20:13:42,132 - scraper_base - INFO - ✅ Cobasi: 4 produto(s) encontrado(s) para Onsior
2026-02-15 20:13:43,303 - scraper_base - INFO - 📦 [14/20] Processando Maxicam
2026-02-15 20:13:43,303 - scraper_base - INFO - 🔍 Cobasi: Buscando Maxicam
2026-02-15 20:13:45,703 - scraper_cobasi - INFO - Cobasi: Dados extraídos via JSON para Maxicam
2026-02-15 20:13:45,703 - scraper_base - INFO - ✅ Cobasi: 21 produto(s) encontrado(s) para Maxicam
2026-02-15 20:13:48,255 - scraper_base - INFO - 📦 [15/20] Processando Carproflan
2026-02-15 20:13:48,255 - scraper_base - INFO - 🔍 Cobasi: Buscando Carproflan
2026-02-15 20:13:48,790 - scraper_cobasi - INFO - Cobasi: Dados extraídos via JSON para Carproflan
2026-02-15 20:13:48,790 - scraper_base - INFO - ✅ Cobasi: 3 produto(s) encontrado(s) para Carproflan
2026-02-15 20:13:50,661 - scraper_base - INFO - 📦 [16/20] Processando Previcox
2026-02-15 20:13:50,661 - scraper_base - INFO - 🔍 Cobasi: Buscando Previcox
2026-02-15 20:13:51,181 - scraper_cobasi - INFO - Cobasi: Dados extraídos via JSON para Previcox
2026-02-15 20:13:51,181 - scraper_base - INFO - ✅ Cobasi: 2 produto(s) encontrado(s) para Previcox
2026-02-15 20:13:52,973 - scraper_base - INFO - 📦 [17/20] Processando Apoquel
2026-02-15 20:13:52,973 - scraper_base - INFO - 🔍 Cobasi: Buscando Apoquel
2026-02-15 20:13:54,970 - scraper_cobasi - INFO - Cobasi: Dados extraídos via JSON para Apoquel
2026-02-15 20:13:54,970 - scraper_base - INFO - ✅ Cobasi: 3 produto(s) encontrado(s) para Apoquel
2026-02-15 20:13:57,722 - scraper_base - INFO - 📦 [18/20] Processando Zenrelia
2026-02-15 20:13:57,722 - scraper_base - INFO - 🔍 Cobasi: Buscando Zenrelia
2026-02-15 20:13:58,247 - scraper_cobasi - INFO - Cobasi: Dados extraídos via JSON para Zenrelia
2026-02-15 20:13:58,247 - scraper_base - INFO - ✅ Cobasi: 4 produto(s) encontrado(s) para Zenrelia
2026-02-15 20:13:59,750 - scraper_base - INFO - 📦 [19/20] Processando Synulox
2026-02-15 20:13:59,750 - scraper_base - INFO - 🔍 Cobasi: Buscando Synulox
2026-02-15 20:14:01,469 - scraper_cobasi - INFO - Cobasi: Dados extraídos via JSON para Synulox
2026-02-15 20:14:01,469 - scraper_base - INFO - ✅ Cobasi: 2 produto(s) encontrado(s) para Synulox
2026-02-15 20:14:02,636 - scraper_base - INFO - 📦 [20/20] Processando Baytril
2026-02-15 20:14:02,636 - scraper_base - INFO - 🔍 Cobasi: Buscando Baytril
2026-02-15 20:14:04,828 - scraper_cobasi - INFO - Cobasi: Dados extraídos via JSON para Baytril
2026-02-15 20:14:04,829 - scraper_base - INFO - ✅ Cobasi: 4 produto(s) encontrado(s) para Baytril
2026-02-15 20:14:06,965 - scraper_base - INFO - 📊 Cobasi - Estatísticas finais:
2026-02-15 20:14:06,966 - scraper_base - INFO -    • Medicamentos processados: 20
2026-02-15 20:14:06,966 - scraper_base - INFO -    • Produtos encontrados: 167
2026-02-15 20:14:06,966 - scraper_base - INFO -    • Medicamentos sem resultado: 0
2026-02-15 20:14:06,966 - scraper_base - INFO -    • Tempo total: 74.1s
2026-02-15 20:14:06,966 - scraper_base - INFO -    • Tempo médio por medicamento: 3.7s
2026-02-15 20:14:07,118 - gerenciador_arquivos - INFO - Excel salvo: dados_coletados/cobasi_20260215_201406.xlsx (167 produtos)
2026-02-15 20:14:07,118 - gerenciador_principal - INFO - Cobasi: Arquivo individual salvo com sucesso
2026-02-15 20:14:07,118 - gerenciador_principal - INFO - Pausando entre sites...
2026-02-15 20:14:09,119 - gerenciador_principal - INFO - [2/3] Processando Petlove
2026-02-15 20:14:09,119 - scraper_base - INFO - 🚀 Iniciando scraping completo - Petlove
2026-02-15 20:14:09,405 - scraper_base - INFO - 📋 20 medicamentos para processar
2026-02-15 20:14:09,405 - scraper_base - INFO - 📦 [1/20] Processando Simparic
2026-02-15 20:14:09,405 - scraper_base - INFO - 🔍 Petlove: Buscando Simparic
2026-02-15 20:14:17,661 - gerenciador_conexoes - INFO - Chrome inicializado com otimizacoes de velocidade
2026-02-15 20:14:22,381 - scraper_base - INFO - ✅ Petlove: 36 produto(s) encontrado(s) para Simparic
2026-02-15 20:14:23,486 - scraper_base - INFO - 📦 [2/20] Processando Revolution
2026-02-15 20:14:23,486 - scraper_base - INFO - 🔍 Petlove: Buscando Revolution
2026-02-15 20:14:25,364 - scraper_base - INFO - ✅ Petlove: 19 produto(s) encontrado(s) para Revolution
2026-02-15 20:14:27,259 - scraper_base - INFO - 📦 [3/20] Processando NexGard
2026-02-15 20:14:27,259 - scraper_base - INFO - 🔍 Petlove: Buscando NexGard
2026-02-15 20:14:28,789 - scraper_base - INFO - ✅ Petlove: 11 produto(s) encontrado(s) para NexGard
2026-02-15 20:14:30,509 - scraper_base - INFO - 📦 [4/20] Processando NexGard Spectra
2026-02-15 20:14:30,509 - scraper_base - INFO - 🔍 Petlove: Buscando NexGard Spectra
2026-02-15 20:14:31,808 - scraper_base - INFO - ✅ Petlove: 5 produto(s) encontrado(s) para NexGard Spectra
2026-02-15 20:14:34,786 - scraper_base - INFO - 📦 [5/20] Processando NexGard Combo
2026-02-15 20:14:34,786 - scraper_base - INFO - 🔍 Petlove: Buscando NexGard Combo
2026-02-15 20:14:36,095 - scraper_base - INFO - ✅ Petlove: 2 produto(s) encontrado(s) para NexGard Combo
2026-02-15 20:14:37,372 - scraper_base - INFO - 📦 [6/20] Processando Bravecto
2026-02-15 20:14:37,372 - scraper_base - INFO - 🔍 Petlove: Buscando Bravecto
2026-02-15 20:14:40,159 - scraper_base - INFO - ✅ Petlove: 23 produto(s) encontrado(s) para Bravecto
2026-02-15 20:14:42,321 - scraper_base - INFO - 📦 [7/20] Processando Frontline
2026-02-15 20:14:42,321 - scraper_base - INFO - 🔍 Petlove: Buscando Frontline
2026-02-15 20:14:44,027 - scraper_base - INFO - ✅ Petlove: 11 produto(s) encontrado(s) para Frontline
2026-02-15 20:14:45,454 - scraper_base - INFO - 📦 [8/20] Processando Advocate
2026-02-15 20:14:45,455 - scraper_base - INFO - 🔍 Petlove: Buscando Advocate
2026-02-15 20:14:47,186 - scraper_base - INFO - ✅ Petlove: 12 produto(s) encontrado(s) para Advocate
2026-02-15 20:14:48,633 - scraper_base - INFO - 📦 [9/20] Processando Drontal
2026-02-15 20:14:48,633 - scraper_base - INFO - 🔍 Petlove: Buscando Drontal
2026-02-15 20:14:50,401 - scraper_base - INFO - ✅ Petlove: 36 produto(s) encontrado(s) para Drontal
2026-02-15 20:14:52,860 - scraper_base - INFO - 📦 [10/20] Processando Milbemax
2026-02-15 20:14:52,860 - scraper_base - INFO - 🔍 Petlove: Buscando Milbemax
2026-02-15 20:14:54,632 - scraper_base - INFO - ✅ Petlove: 14 produto(s) encontrado(s) para Milbemax
2026-02-15 20:14:56,657 - scraper_base - INFO - 📦 [11/20] Processando Vermivet
2026-02-15 20:14:56,658 - scraper_base - INFO - 🔍 Petlove: Buscando Vermivet
2026-02-15 20:14:58,675 - scraper_base - INFO - ✅ Petlove: 36 produto(s) encontrado(s) para Vermivet
2026-02-15 20:15:00,329 - scraper_base - INFO - 📦 [12/20] Processando Rimadyl
2026-02-15 20:15:00,329 - scraper_base - INFO - 🔍 Petlove: Buscando Rimadyl
2026-02-15 20:15:02,751 - scraper_base - INFO - ✅ Petlove: 1 produto(s) encontrado(s) para Rimadyl
2026-02-15 20:15:04,490 - scraper_base - INFO - 📦 [13/20] Processando Onsior
2026-02-15 20:15:04,490 - scraper_base - INFO - 🔍 Petlove: Buscando Onsior
2026-02-15 20:15:05,860 - scraper_base - INFO - ✅ Petlove: 4 produto(s) encontrado(s) para Onsior
2026-02-15 20:15:07,755 - scraper_base - INFO - 📦 [14/20] Processando Maxicam
2026-02-15 20:15:07,755 - scraper_base - INFO - 🔍 Petlove: Buscando Maxicam
2026-02-15 20:15:09,385 - scraper_base - INFO - ✅ Petlove: 3 produto(s) encontrado(s) para Maxicam
2026-02-15 20:15:11,675 - scraper_base - INFO - 📦 [15/20] Processando Carproflan
2026-02-15 20:15:11,675 - scraper_base - INFO - 🔍 Petlove: Buscando Carproflan
2026-02-15 20:15:13,273 - scraper_base - INFO - ✅ Petlove: 8 produto(s) encontrado(s) para Carproflan
2026-02-15 20:15:15,141 - scraper_base - INFO - 📦 [16/20] Processando Previcox
2026-02-15 20:15:15,142 - scraper_base - INFO - 🔍 Petlove: Buscando Previcox
2026-02-15 20:15:16,678 - scraper_base - INFO - ✅ Petlove: 4 produto(s) encontrado(s) para Previcox
2026-02-15 20:15:18,221 - scraper_base - INFO - 📦 [17/20] Processando Apoquel
2026-02-15 20:15:18,222 - scraper_base - INFO - 🔍 Petlove: Buscando Apoquel
2026-02-15 20:15:20,065 - scraper_base - INFO - ✅ Petlove: 16 produto(s) encontrado(s) para Apoquel
2026-02-15 20:15:21,832 - scraper_base - INFO - 📦 [18/20] Processando Zenrelia
2026-02-15 20:15:21,833 - scraper_base - INFO - 🔍 Petlove: Buscando Zenrelia
2026-02-15 20:15:23,965 - scraper_base - INFO - ✅ Petlove: 4 produto(s) encontrado(s) para Zenrelia
2026-02-15 20:15:25,150 - scraper_base - INFO - 📦 [19/20] Processando Synulox
2026-02-15 20:15:25,150 - scraper_base - INFO - 🔍 Petlove: Buscando Synulox
2026-02-15 20:15:26,557 - scraper_base - INFO - ✅ Petlove: 1 produto(s) encontrado(s) para Synulox
2026-02-15 20:15:29,347 - scraper_base - INFO - 📦 [20/20] Processando Baytril
2026-02-15 20:15:29,347 - scraper_base - INFO - 🔍 Petlove: Buscando Baytril
2026-02-15 20:15:30,900 - scraper_base - INFO - ✅ Petlove: 4 produto(s) encontrado(s) para Baytril
2026-02-15 20:15:32,974 - scraper_base - INFO - 📊 Petlove - Estatísticas finais:
2026-02-15 20:15:32,974 - scraper_base - INFO -    • Medicamentos processados: 20
2026-02-15 20:15:32,974 - scraper_base - INFO -    • Produtos encontrados: 250
2026-02-15 20:15:32,974 - scraper_base - INFO -    • Medicamentos sem resultado: 0
2026-02-15 20:15:32,974 - scraper_base - INFO -    • Tempo total: 83.9s
2026-02-15 20:15:32,974 - scraper_base - INFO -    • Tempo médio por medicamento: 4.2s
2026-02-15 20:15:33,020 - gerenciador_arquivos - INFO - Excel salvo: dados_coletados/petlove_20260215_201532.xlsx (250 produtos)
2026-02-15 20:15:33,020 - gerenciador_principal - INFO - Petlove: Arquivo individual salvo com sucesso
2026-02-15 20:15:33,020 - gerenciador_principal - INFO - Pausando entre sites...
2026-02-15 20:15:35,021 - gerenciador_principal - INFO - [3/3] Processando Petz
2026-02-15 20:15:35,021 - scraper_base - INFO - 🚀 Iniciando scraping completo - Petz
2026-02-15 20:15:35,374 - scraper_base - INFO - 📋 20 medicamentos para processar
2026-02-15 20:15:35,374 - scraper_base - INFO - 📦 [1/20] Processando Simparic
2026-02-15 20:15:35,374 - scraper_base - INFO - 🔍 Petz: Buscando Simparic
2026-02-15 20:15:39,878 - scraper_base - INFO - ✅ Petz: 12 produto(s) encontrado(s) para Simparic
2026-02-15 20:15:42,744 - scraper_base - INFO - 📦 [2/20] Processando Revolution
2026-02-15 20:15:42,744 - scraper_base - INFO - 🔍 Petz: Buscando Revolution
2026-02-15 20:15:45,973 - scraper_base - INFO - ✅ Petz: 26 produto(s) encontrado(s) para Revolution
2026-02-15 20:15:48,216 - scraper_base - INFO - 📦 [3/20] Processando NexGard
2026-02-15 20:15:48,216 - scraper_base - INFO - 🔍 Petz: Buscando NexGard
2026-02-15 20:15:50,895 - scraper_base - INFO - ✅ Petz: 22 produto(s) encontrado(s) para NexGard
2026-02-15 20:15:52,236 - scraper_base - INFO - 📦 [4/20] Processando NexGard Spectra
2026-02-15 20:15:52,236 - scraper_base - INFO - 🔍 Petz: Buscando NexGard Spectra
2026-02-15 20:15:55,036 - scraper_base - INFO - ✅ Petz: 10 produto(s) encontrado(s) para NexGard Spectra
2026-02-15 20:15:58,024 - scraper_base - INFO - 📦 [5/20] Processando NexGard Combo
2026-02-15 20:15:58,024 - scraper_base - INFO - 🔍 Petz: Buscando NexGard Combo
2026-02-15 20:16:00,137 - scraper_base - INFO - ✅ Petz: 4 produto(s) encontrado(s) para NexGard Combo
2026-02-15 20:16:01,143 - scraper_base - INFO - 📦 [6/20] Processando Bravecto
2026-02-15 20:16:01,143 - scraper_base - INFO - 🔍 Petz: Buscando Bravecto
2026-02-15 20:16:03,377 - scraper_base - INFO - ✅ Petz: 16 produto(s) encontrado(s) para Bravecto
2026-02-15 20:16:06,122 - scraper_base - INFO - 📦 [7/20] Processando Frontline
2026-02-15 20:16:06,122 - scraper_base - INFO - 🔍 Petz: Buscando Frontline
2026-02-15 20:16:08,031 - scraper_base - INFO - ✅ Petz: 11 produto(s) encontrado(s) para Frontline
2026-02-15 20:16:09,119 - scraper_base - INFO - 📦 [8/20] Processando Advocate
2026-02-15 20:16:09,119 - scraper_base - INFO - 🔍 Petz: Buscando Advocate
2026-02-15 20:16:11,018 - scraper_base - INFO - ✅ Petz: 12 produto(s) encontrado(s) para Advocate
2026-02-15 20:16:12,294 - scraper_base - INFO - 📦 [9/20] Processando Drontal
2026-02-15 20:16:12,294 - scraper_base - INFO - 🔍 Petz: Buscando Drontal
2026-02-15 20:16:16,017 - scraper_base - INFO - ✅ Petz: 30 produto(s) encontrado(s) para Drontal
2026-02-15 20:16:18,641 - scraper_base - INFO - 📦 [10/20] Processando Milbemax
2026-02-15 20:16:18,641 - scraper_base - INFO - 🔍 Petz: Buscando Milbemax
2026-02-15 20:16:20,767 - scraper_base - INFO - ✅ Petz: 4 produto(s) encontrado(s) para Milbemax
2026-02-15 20:16:22,486 - scraper_base - INFO - 📦 [11/20] Processando Vermivet
2026-02-15 20:16:22,486 - scraper_base - INFO - 🔍 Petz: Buscando Vermivet
2026-02-15 20:16:24,342 - scraper_base - INFO - ✅ Petz: 5 produto(s) encontrado(s) para Vermivet
2026-02-15 20:16:25,725 - scraper_base - INFO - 📦 [12/20] Processando Rimadyl
2026-02-15 20:16:25,725 - scraper_base - INFO - 🔍 Petz: Buscando Rimadyl
2026-02-15 20:16:27,295 - scraper_base - INFO - ✅ Petz: 3 produto(s) encontrado(s) para Rimadyl
2026-02-15 20:16:29,329 - scraper_base - INFO - 📦 [13/20] Processando Onsior
2026-02-15 20:16:29,330 - scraper_base - INFO - 🔍 Petz: Buscando Onsior
2026-02-15 20:16:31,093 - scraper_base - INFO - ✅ Petz: 4 produto(s) encontrado(s) para Onsior
2026-02-15 20:16:33,937 - scraper_base - INFO - 📦 [14/20] Processando Maxicam
2026-02-15 20:16:33,937 - scraper_base - INFO - 🔍 Petz: Buscando Maxicam
2026-02-15 20:16:36,392 - scraper_base - INFO - ✅ Petz: 29 produto(s) encontrado(s) para Maxicam
2026-02-15 20:16:39,064 - scraper_base - INFO - 📦 [15/20] Processando Carproflan
2026-02-15 20:16:39,064 - scraper_base - INFO - 🔍 Petz: Buscando Carproflan
2026-02-15 20:16:40,763 - scraper_base - INFO - ✅ Petz: 3 produto(s) encontrado(s) para Carproflan
2026-02-15 20:16:42,746 - scraper_base - INFO - 📦 [16/20] Processando Previcox
2026-02-15 20:16:42,746 - scraper_base - INFO - 🔍 Petz: Buscando Previcox
2026-02-15 20:16:44,562 - scraper_base - INFO - ✅ Petz: 2 produto(s) encontrado(s) para Previcox
2026-02-15 20:16:47,325 - scraper_base - INFO - 📦 [17/20] Processando Apoquel
2026-02-15 20:16:47,325 - scraper_base - INFO - 🔍 Petz: Buscando Apoquel
2026-02-15 20:16:49,051 - scraper_base - INFO - ✅ Petz: 3 produto(s) encontrado(s) para Apoquel
2026-02-15 20:16:51,505 - scraper_base - INFO - 📦 [18/20] Processando Zenrelia
2026-02-15 20:16:51,505 - scraper_base - INFO - 🔍 Petz: Buscando Zenrelia
2026-02-15 20:16:53,213 - scraper_base - INFO - ✅ Petz: 4 produto(s) encontrado(s) para Zenrelia
2026-02-15 20:16:55,517 - scraper_base - INFO - 📦 [19/20] Processando Synulox
2026-02-15 20:16:55,517 - scraper_base - INFO - 🔍 Petz: Buscando Synulox
2026-02-15 20:16:57,476 - scraper_base - INFO - ✅ Petz: 2 produto(s) encontrado(s) para Synulox
2026-02-15 20:16:58,762 - scraper_base - INFO - 📦 [20/20] Processando Baytril
2026-02-15 20:16:58,762 - scraper_base - INFO - 🔍 Petz: Buscando Baytril
2026-02-15 20:17:00,675 - scraper_base - INFO - ✅ Petz: 9 produto(s) encontrado(s) para Baytril
2026-02-15 20:17:02,338 - scraper_base - INFO - 📊 Petz - Estatísticas finais:
2026-02-15 20:17:02,338 - scraper_base - INFO -    • Medicamentos processados: 20
2026-02-15 20:17:02,338 - scraper_base - INFO -    • Produtos encontrados: 211
2026-02-15 20:17:02,338 - scraper_base - INFO -    • Medicamentos sem resultado: 0
2026-02-15 20:17:02,338 - scraper_base - INFO -    • Tempo total: 87.3s
2026-02-15 20:17:02,338 - scraper_base - INFO -    • Tempo médio por medicamento: 4.4s
2026-02-15 20:17:02,433 - gerenciador_arquivos - INFO - Excel salvo: dados_coletados/petz_20260215_201702.xlsx (211 produtos)
2026-02-15 20:17:02,433 - gerenciador_principal - INFO - Petz: Arquivo individual salvo com sucesso
2026-02-15 20:17:02,433 - gerenciador_principal - INFO - Gerando relatório consolidado...
2026-02-15 20:17:02,649 - gerenciador_arquivos - INFO - Relatório consolidado salvo: dados_relatorios/relatorio_consolidado_20260215_201702.xlsx
2026-02-15 20:17:02,803 - gerenciador_conexoes - INFO - Chrome fechado
2026-02-15 20:17:02,803 - gerenciador_conexoes - INFO - Métodos utilizados - Requests: 33.3%, Selenium: 66.7%, Falhas: 0.0%
2026-02-15 20:17:02,803 - gerenciador_principal - INFO - ============================================================
2026-02-15 20:17:02,803 - gerenciador_principal - INFO - RELATORIO FINAL DE EXECUÇÃO
2026-02-15 20:17:02,803 - gerenciador_principal - INFO - ============================================================
2026-02-15 20:17:02,803 - gerenciador_principal - INFO - Sites processados: 3
2026-02-15 20:17:02,803 - gerenciador_principal - INFO - Sites com sucesso: 3
2026-02-15 20:17:02,803 - gerenciador_principal - INFO - Total de produtos coletados: 628
2026-02-15 20:17:02,803 - gerenciador_principal - INFO - Tempo total de execução: 249.6 segundos
2026-02-15 20:17:02,803 - gerenciador_principal - INFO - Estatísticas de conexão:
2026-02-15 20:17:02,803 - gerenciador_principal - INFO -   - Requests bem-sucedidos: 33.3%
2026-02-15 20:17:02,803 - gerenciador_principal - INFO -   - Selenium fallback: 66.7%
2026-02-15 20:17:02,803 - gerenciador_principal - INFO -   - Falhas totais: 0.0%
2026-02-15 20:17:02,805 - gerenciador_principal - INFO - Arquivos salvos na pasta: dados_coletados
2026-02-15 20:17:02,805 - gerenciador_principal - INFO - Total de arquivos: 409
2026-02-15 20:17:02,806 - gerenciador_principal - INFO - ============================================================
