2026-05-08 20:43:34,473 - configurador_logs - INFO - Sistema de logs configurado com sucesso
2026-05-08 20:43:34,474 - configurador_logs - INFO - 🚀 Logs configurados para MODO PRODUÇÃO
2026-05-08 20:43:34,474 - gerenciador_principal - INFO - Inicializando sistema - Modo: PRODUCAO
2026-05-08 20:43:34,474 - gerenciador_arquivos - INFO - Pasta dados_coletados preparada
2026-05-08 20:43:34,474 - gerenciador_principal - INFO - Sistema inicializado com 3 scrapers
2026-05-08 20:43:34,474 - gerenciador_principal - INFO - ============================================================
2026-05-08 20:43:34,474 - gerenciador_principal - INFO - INICIANDO SCRAPING COMPLETO - PRODUCAO
2026-05-08 20:43:34,474 - gerenciador_principal - INFO - ============================================================
2026-05-08 20:43:34,474 - gerenciador_principal - INFO - [1/3] Processando Cobasi
2026-05-08 20:43:34,474 - scraper_base - INFO - 🚀 Iniciando scraping completo - Cobasi
2026-05-08 20:43:35,836 - gerenciador_conexoes - INFO - Sessao estabelecida com cobasi.com.br
2026-05-08 20:43:35,836 - scraper_base - INFO - 📋 20 medicamentos para processar
2026-05-08 20:43:35,836 - scraper_base - INFO - 📦 [1/20] Processando Simparic
2026-05-08 20:43:35,836 - scraper_base - INFO - 🔍 Cobasi: Buscando Simparic
2026-05-08 20:43:39,310 - scraper_cobasi - INFO - Cobasi: Dados extraídos via JSON para Simparic
2026-05-08 20:43:39,310 - scraper_base - INFO - ✅ Cobasi: 22 produto(s) encontrado(s) para Simparic
2026-05-08 20:43:41,280 - scraper_base - INFO - 📦 [2/20] Processando Revolution
2026-05-08 20:43:41,280 - scraper_base - INFO - 🔍 Cobasi: Buscando Revolution
2026-05-08 20:43:45,525 - scraper_cobasi - INFO - Cobasi: Dados extraídos via JSON para Revolution
2026-05-08 20:43:45,525 - scraper_base - INFO - ✅ Cobasi: 18 produto(s) encontrado(s) para Revolution
2026-05-08 20:43:47,237 - scraper_base - INFO - 📦 [3/20] Processando NexGard
2026-05-08 20:43:47,238 - scraper_base - INFO - 🔍 Cobasi: Buscando NexGard
2026-05-08 20:43:50,981 - scraper_cobasi - INFO - Cobasi: Dados extraídos via JSON para NexGard
2026-05-08 20:43:50,981 - scraper_base - INFO - ✅ Cobasi: 22 produto(s) encontrado(s) para NexGard
2026-05-08 20:43:53,593 - scraper_base - INFO - 📦 [4/20] Processando NexGard Spectra
2026-05-08 20:43:53,593 - scraper_base - INFO - 🔍 Cobasi: Buscando NexGard Spectra
2026-05-08 20:43:57,185 - scraper_cobasi - INFO - Cobasi: Dados extraídos via JSON para NexGard Spectra
2026-05-08 20:43:57,186 - scraper_base - INFO - ✅ Cobasi: 10 produto(s) encontrado(s) para NexGard Spectra
2026-05-08 20:43:59,270 - scraper_base - INFO - 📦 [5/20] Processando NexGard Combo
2026-05-08 20:43:59,270 - scraper_base - INFO - 🔍 Cobasi: Buscando NexGard Combo
2026-05-08 20:44:02,007 - scraper_cobasi - INFO - Cobasi: Dados extraídos via JSON para NexGard Combo
2026-05-08 20:44:02,007 - scraper_base - INFO - ✅ Cobasi: 4 produto(s) encontrado(s) para NexGard Combo
2026-05-08 20:44:03,632 - scraper_base - INFO - 📦 [6/20] Processando Bravecto
2026-05-08 20:44:03,632 - scraper_base - INFO - 🔍 Cobasi: Buscando Bravecto
2026-05-08 20:44:07,951 - scraper_cobasi - INFO - Cobasi: Dados extraídos via JSON para Bravecto
2026-05-08 20:44:07,951 - scraper_base - INFO - ✅ Cobasi: 16 produto(s) encontrado(s) para Bravecto
2026-05-08 20:44:10,399 - scraper_base - INFO - 📦 [7/20] Processando Frontline
2026-05-08 20:44:10,399 - scraper_base - INFO - 🔍 Cobasi: Buscando Frontline
2026-05-08 20:44:14,079 - scraper_cobasi - INFO - Cobasi: Dados extraídos via JSON para Frontline
2026-05-08 20:44:14,079 - scraper_base - INFO - ✅ Cobasi: 11 produto(s) encontrado(s) para Frontline
2026-05-08 20:44:16,099 - scraper_base - INFO - 📦 [8/20] Processando Advocate
2026-05-08 20:44:16,099 - scraper_base - INFO - 🔍 Cobasi: Buscando Advocate
2026-05-08 20:44:20,152 - scraper_cobasi - INFO - Cobasi: Dados extraídos via JSON para Advocate
2026-05-08 20:44:20,152 - scraper_base - INFO - ✅ Cobasi: 12 produto(s) encontrado(s) para Advocate
2026-05-08 20:44:21,626 - scraper_base - INFO - 📦 [9/20] Processando Drontal
2026-05-08 20:44:21,626 - scraper_base - INFO - 🔍 Cobasi: Buscando Drontal
2026-05-08 20:44:25,251 - scraper_cobasi - INFO - Cobasi: Dados extraídos via JSON para Drontal
2026-05-08 20:44:25,251 - scraper_base - INFO - ✅ Cobasi: 8 produto(s) encontrado(s) para Drontal
2026-05-08 20:44:26,892 - scraper_base - INFO - 📦 [10/20] Processando Milbemax
2026-05-08 20:44:26,892 - scraper_base - INFO - 🔍 Cobasi: Buscando Milbemax
2026-05-08 20:44:30,024 - scraper_cobasi - INFO - Cobasi: Dados extraídos via JSON para Milbemax
2026-05-08 20:44:30,024 - scraper_base - INFO - ✅ Cobasi: 4 produto(s) encontrado(s) para Milbemax
2026-05-08 20:44:32,323 - scraper_base - INFO - 📦 [11/20] Processando Vermivet
2026-05-08 20:44:32,323 - scraper_base - INFO - 🔍 Cobasi: Buscando Vermivet
2026-05-08 20:44:38,928 - scraper_cobasi - INFO - Cobasi: Dados extraídos via JSON para Vermivet
2026-05-08 20:44:38,928 - scraper_base - INFO - ✅ Cobasi: 5 produto(s) encontrado(s) para Vermivet
2026-05-08 20:44:40,689 - scraper_base - INFO - 📦 [12/20] Processando Rimadyl
2026-05-08 20:44:40,689 - scraper_base - INFO - 🔍 Cobasi: Buscando Rimadyl
2026-05-08 20:44:43,328 - scraper_cobasi - INFO - Cobasi: Dados extraídos via JSON para Rimadyl
2026-05-08 20:44:43,328 - scraper_base - INFO - ✅ Cobasi: 3 produto(s) encontrado(s) para Rimadyl
2026-05-08 20:44:44,929 - scraper_base - INFO - 📦 [13/20] Processando Onsior
2026-05-08 20:44:44,929 - scraper_base - INFO - 🔍 Cobasi: Buscando Onsior
2026-05-08 20:44:48,054 - scraper_cobasi - INFO - Cobasi: Dados extraídos via JSON para Onsior
2026-05-08 20:44:48,054 - scraper_base - INFO - ✅ Cobasi: 4 produto(s) encontrado(s) para Onsior
2026-05-08 20:44:51,027 - scraper_base - INFO - 📦 [14/20] Processando Maxicam
2026-05-08 20:44:51,027 - scraper_base - INFO - 🔍 Cobasi: Buscando Maxicam
2026-05-08 20:44:54,246 - scraper_cobasi - INFO - Cobasi: Dados extraídos via JSON para Maxicam
2026-05-08 20:44:54,247 - scraper_base - INFO - ✅ Cobasi: 3 produto(s) encontrado(s) para Maxicam
2026-05-08 20:44:56,264 - scraper_base - INFO - 📦 [15/20] Processando Carproflan
2026-05-08 20:44:56,264 - scraper_base - INFO - 🔍 Cobasi: Buscando Carproflan
2026-05-08 20:44:59,171 - scraper_cobasi - INFO - Cobasi: Dados extraídos via JSON para Carproflan
2026-05-08 20:44:59,171 - scraper_base - INFO - ✅ Cobasi: 3 produto(s) encontrado(s) para Carproflan
2026-05-08 20:45:01,300 - scraper_base - INFO - 📦 [16/20] Processando Previcox
2026-05-08 20:45:01,300 - scraper_base - INFO - 🔍 Cobasi: Buscando Previcox
2026-05-08 20:45:05,344 - scraper_cobasi - INFO - Cobasi: Dados extraídos via JSON para Previcox
2026-05-08 20:45:05,344 - scraper_base - INFO - ✅ Cobasi: 2 produto(s) encontrado(s) para Previcox
2026-05-08 20:45:08,139 - scraper_base - INFO - 📦 [17/20] Processando Apoquel
2026-05-08 20:45:08,139 - scraper_base - INFO - 🔍 Cobasi: Buscando Apoquel
2026-05-08 20:45:10,739 - scraper_cobasi - INFO - Cobasi: Dados extraídos via JSON para Apoquel
2026-05-08 20:45:10,739 - scraper_base - INFO - ✅ Cobasi: 3 produto(s) encontrado(s) para Apoquel
2026-05-08 20:45:13,162 - scraper_base - INFO - 📦 [18/20] Processando Zenrelia
2026-05-08 20:45:13,162 - scraper_base - INFO - 🔍 Cobasi: Buscando Zenrelia
2026-05-08 20:45:16,365 - scraper_cobasi - INFO - Cobasi: Dados extraídos via JSON para Zenrelia
2026-05-08 20:45:16,365 - scraper_base - INFO - ✅ Cobasi: 4 produto(s) encontrado(s) para Zenrelia
2026-05-08 20:45:19,141 - scraper_base - INFO - 📦 [19/20] Processando Synulox
2026-05-08 20:45:19,141 - scraper_base - INFO - 🔍 Cobasi: Buscando Synulox
2026-05-08 20:45:21,996 - scraper_cobasi - INFO - Cobasi: Dados extraídos via JSON para Synulox
2026-05-08 20:45:21,996 - scraper_base - INFO - ✅ Cobasi: 2 produto(s) encontrado(s) para Synulox
2026-05-08 20:45:23,295 - scraper_base - INFO - 📦 [20/20] Processando Baytril
2026-05-08 20:45:23,295 - scraper_base - INFO - 🔍 Cobasi: Buscando Baytril
2026-05-08 20:45:30,349 - scraper_cobasi - INFO - Cobasi: Dados extraídos via JSON para Baytril
2026-05-08 20:45:30,349 - scraper_base - INFO - ✅ Cobasi: 3 produto(s) encontrado(s) para Baytril
2026-05-08 20:45:33,193 - scraper_base - INFO - 📊 Cobasi - Estatísticas finais:
2026-05-08 20:45:33,193 - scraper_base - INFO -    • Medicamentos processados: 20
2026-05-08 20:45:33,193 - scraper_base - INFO -    • Produtos encontrados: 159
2026-05-08 20:45:33,193 - scraper_base - INFO -    • Medicamentos sem resultado: 0
2026-05-08 20:45:33,193 - scraper_base - INFO -    • Tempo total: 118.7s
2026-05-08 20:45:33,193 - scraper_base - INFO -    • Tempo médio por medicamento: 5.9s
2026-05-08 20:45:33,359 - gerenciador_arquivos - INFO - Excel salvo: dados_coletados/cobasi_20260508_204533.xlsx (159 produtos)
2026-05-08 20:45:33,359 - gerenciador_principal - INFO - Cobasi: Arquivo individual salvo com sucesso
2026-05-08 20:45:33,359 - gerenciador_principal - INFO - Pausando entre sites...
2026-05-08 20:45:35,360 - gerenciador_principal - INFO - [2/3] Processando Petlove
2026-05-08 20:45:35,360 - scraper_base - INFO - 🚀 Iniciando scraping completo - Petlove
2026-05-08 20:45:35,667 - gerenciador_conexoes - INFO - Sessao estabelecida com petlove.com.br
2026-05-08 20:45:35,667 - scraper_base - INFO - 📋 20 medicamentos para processar
2026-05-08 20:45:35,667 - scraper_base - INFO - 📦 [1/20] Processando Simparic
2026-05-08 20:45:35,667 - scraper_base - INFO - 🔍 Petlove: Buscando Simparic
2026-05-08 20:45:36,549 - scraper_base - INFO - ✅ Petlove: 36 produto(s) encontrado(s) para Simparic
2026-05-08 20:45:37,865 - scraper_base - INFO - 📦 [2/20] Processando Revolution
2026-05-08 20:45:37,865 - scraper_base - INFO - 🔍 Petlove: Buscando Revolution
2026-05-08 20:45:38,865 - scraper_base - INFO - ✅ Petlove: 20 produto(s) encontrado(s) para Revolution
2026-05-08 20:45:41,712 - scraper_base - INFO - 📦 [3/20] Processando NexGard
2026-05-08 20:45:41,712 - scraper_base - INFO - 🔍 Petlove: Buscando NexGard
2026-05-08 20:45:42,598 - scraper_base - INFO - ✅ Petlove: 11 produto(s) encontrado(s) para NexGard
2026-05-08 20:45:45,369 - scraper_base - INFO - 📦 [4/20] Processando NexGard Spectra
2026-05-08 20:45:45,369 - scraper_base - INFO - 🔍 Petlove: Buscando NexGard Spectra
2026-05-08 20:45:46,039 - scraper_base - INFO - ✅ Petlove: 5 produto(s) encontrado(s) para NexGard Spectra
2026-05-08 20:45:48,753 - scraper_base - INFO - 📦 [5/20] Processando NexGard Combo
2026-05-08 20:45:48,753 - scraper_base - INFO - 🔍 Petlove: Buscando NexGard Combo
2026-05-08 20:45:49,444 - scraper_base - INFO - ✅ Petlove: 2 produto(s) encontrado(s) para NexGard Combo
2026-05-08 20:45:51,778 - scraper_base - INFO - 📦 [6/20] Processando Bravecto
2026-05-08 20:45:51,778 - scraper_base - INFO - 🔍 Petlove: Buscando Bravecto
2026-05-08 20:45:52,494 - scraper_base - INFO - ✅ Petlove: 22 produto(s) encontrado(s) para Bravecto
2026-05-08 20:45:54,511 - scraper_base - INFO - 📦 [7/20] Processando Frontline
2026-05-08 20:45:54,511 - scraper_base - INFO - 🔍 Petlove: Buscando Frontline
2026-05-08 20:45:55,199 - scraper_base - INFO - ✅ Petlove: 11 produto(s) encontrado(s) para Frontline
2026-05-08 20:45:56,253 - scraper_base - INFO - 📦 [8/20] Processando Advocate
2026-05-08 20:45:56,253 - scraper_base - INFO - 🔍 Petlove: Buscando Advocate
2026-05-08 20:45:56,976 - scraper_base - INFO - ✅ Petlove: 9 produto(s) encontrado(s) para Advocate
2026-05-08 20:45:58,713 - scraper_base - INFO - 📦 [9/20] Processando Drontal
2026-05-08 20:45:58,713 - scraper_base - INFO - 🔍 Petlove: Buscando Drontal
2026-05-08 20:46:00,304 - scraper_base - INFO - ✅ Petlove: 36 produto(s) encontrado(s) para Drontal
2026-05-08 20:46:03,248 - scraper_base - INFO - 📦 [10/20] Processando Milbemax
2026-05-08 20:46:03,248 - scraper_base - INFO - 🔍 Petlove: Buscando Milbemax
2026-05-08 20:46:04,233 - scraper_base - INFO - ✅ Petlove: 14 produto(s) encontrado(s) para Milbemax
2026-05-08 20:46:06,707 - scraper_base - INFO - 📦 [11/20] Processando Vermivet
2026-05-08 20:46:06,707 - scraper_base - INFO - 🔍 Petlove: Buscando Vermivet
2026-05-08 20:46:07,637 - scraper_base - INFO - ✅ Petlove: 36 produto(s) encontrado(s) para Vermivet
2026-05-08 20:46:09,464 - scraper_base - INFO - 📦 [12/20] Processando Rimadyl
2026-05-08 20:46:09,464 - scraper_base - INFO - 🔍 Petlove: Buscando Rimadyl
2026-05-08 20:46:10,438 - scraper_base - INFO - ✅ Petlove: 1 produto(s) encontrado(s) para Rimadyl
2026-05-08 20:46:11,459 - scraper_base - INFO - 📦 [13/20] Processando Onsior
2026-05-08 20:46:11,459 - scraper_base - INFO - 🔍 Petlove: Buscando Onsior
2026-05-08 20:46:12,450 - scraper_base - INFO - ✅ Petlove: 4 produto(s) encontrado(s) para Onsior
2026-05-08 20:46:13,621 - scraper_base - INFO - 📦 [14/20] Processando Maxicam
2026-05-08 20:46:13,621 - scraper_base - INFO - 🔍 Petlove: Buscando Maxicam
2026-05-08 20:46:14,352 - scraper_base - INFO - ✅ Petlove: 3 produto(s) encontrado(s) para Maxicam
2026-05-08 20:46:16,302 - scraper_base - INFO - 📦 [15/20] Processando Carproflan
2026-05-08 20:46:16,302 - scraper_base - INFO - 🔍 Petlove: Buscando Carproflan
2026-05-08 20:46:16,955 - scraper_base - INFO - ✅ Petlove: 8 produto(s) encontrado(s) para Carproflan
2026-05-08 20:46:19,692 - scraper_base - INFO - 📦 [16/20] Processando Previcox
2026-05-08 20:46:19,692 - scraper_base - INFO - 🔍 Petlove: Buscando Previcox
2026-05-08 20:46:20,377 - scraper_base - INFO - ✅ Petlove: 4 produto(s) encontrado(s) para Previcox
2026-05-08 20:46:22,132 - scraper_base - INFO - 📦 [17/20] Processando Apoquel
2026-05-08 20:46:22,132 - scraper_base - INFO - 🔍 Petlove: Buscando Apoquel
2026-05-08 20:46:22,934 - scraper_base - INFO - ✅ Petlove: 16 produto(s) encontrado(s) para Apoquel
2026-05-08 20:46:25,023 - scraper_base - INFO - 📦 [18/20] Processando Zenrelia
2026-05-08 20:46:25,023 - scraper_base - INFO - 🔍 Petlove: Buscando Zenrelia
2026-05-08 20:46:25,723 - scraper_base - INFO - ✅ Petlove: 4 produto(s) encontrado(s) para Zenrelia
2026-05-08 20:46:27,939 - scraper_base - INFO - 📦 [19/20] Processando Synulox
2026-05-08 20:46:27,939 - scraper_base - INFO - 🔍 Petlove: Buscando Synulox
2026-05-08 20:46:28,566 - scraper_base - INFO - ✅ Petlove: 1 produto(s) encontrado(s) para Synulox
2026-05-08 20:46:29,988 - scraper_base - INFO - 📦 [20/20] Processando Baytril
2026-05-08 20:46:29,988 - scraper_base - INFO - 🔍 Petlove: Buscando Baytril
2026-05-08 20:46:30,748 - scraper_base - INFO - ✅ Petlove: 5 produto(s) encontrado(s) para Baytril
2026-05-08 20:46:32,207 - scraper_base - INFO - 📊 Petlove - Estatísticas finais:
2026-05-08 20:46:32,207 - scraper_base - INFO -    • Medicamentos processados: 20
2026-05-08 20:46:32,207 - scraper_base - INFO -    • Produtos encontrados: 248
2026-05-08 20:46:32,207 - scraper_base - INFO -    • Medicamentos sem resultado: 0
2026-05-08 20:46:32,207 - scraper_base - INFO -    • Tempo total: 56.8s
2026-05-08 20:46:32,207 - scraper_base - INFO -    • Tempo médio por medicamento: 2.8s
2026-05-08 20:46:32,254 - gerenciador_arquivos - INFO - Excel salvo: dados_coletados/petlove_20260508_204632.xlsx (248 produtos)
2026-05-08 20:46:32,254 - gerenciador_principal - INFO - Petlove: Arquivo individual salvo com sucesso
2026-05-08 20:46:32,254 - gerenciador_principal - INFO - Pausando entre sites...
2026-05-08 20:46:34,254 - gerenciador_principal - INFO - [3/3] Processando Petz
2026-05-08 20:46:34,254 - scraper_base - INFO - 🚀 Iniciando scraping completo - Petz
2026-05-08 20:46:34,468 - scraper_base - INFO - 📋 20 medicamentos para processar
2026-05-08 20:46:34,468 - scraper_base - INFO - 📦 [1/20] Processando Simparic
2026-05-08 20:46:34,468 - scraper_base - INFO - 🔍 Petz: Buscando Simparic
2026-05-08 20:46:38,487 - gerenciador_conexoes - INFO - Chrome inicializado com otimizacoes de velocidade
2026-05-08 20:46:43,041 - scraper_base - INFO - ✅ Petz: 24 produto(s) encontrado(s) para Simparic
2026-05-08 20:46:44,562 - scraper_base - INFO - 📦 [2/20] Processando Revolution
2026-05-08 20:46:44,562 - scraper_base - INFO - 🔍 Petz: Buscando Revolution
2026-05-08 20:46:48,010 - scraper_base - INFO - ✅ Petz: 21 produto(s) encontrado(s) para Revolution
2026-05-08 20:46:50,827 - scraper_base - INFO - 📦 [3/20] Processando NexGard
2026-05-08 20:46:50,827 - scraper_base - INFO - 🔍 Petz: Buscando NexGard
2026-05-08 20:46:53,484 - scraper_base - INFO - ✅ Petz: 22 produto(s) encontrado(s) para NexGard
2026-05-08 20:46:55,526 - scraper_base - INFO - 📦 [4/20] Processando NexGard Spectra
2026-05-08 20:46:55,526 - scraper_base - INFO - 🔍 Petz: Buscando NexGard Spectra
2026-05-08 20:46:57,864 - scraper_base - INFO - ✅ Petz: 10 produto(s) encontrado(s) para NexGard Spectra
2026-05-08 20:47:00,358 - scraper_base - INFO - 📦 [5/20] Processando NexGard Combo
2026-05-08 20:47:00,358 - scraper_base - INFO - 🔍 Petz: Buscando NexGard Combo
2026-05-08 20:47:02,167 - scraper_base - INFO - ✅ Petz: 4 produto(s) encontrado(s) para NexGard Combo
2026-05-08 20:47:03,183 - scraper_base - INFO - 📦 [6/20] Processando Bravecto
2026-05-08 20:47:03,183 - scraper_base - INFO - 🔍 Petz: Buscando Bravecto
2026-05-08 20:47:05,556 - scraper_base - INFO - ✅ Petz: 16 produto(s) encontrado(s) para Bravecto
2026-05-08 20:47:08,210 - scraper_base - INFO - 📦 [7/20] Processando Frontline
2026-05-08 20:47:08,210 - scraper_base - INFO - 🔍 Petz: Buscando Frontline
2026-05-08 20:47:10,990 - scraper_base - INFO - ✅ Petz: 11 produto(s) encontrado(s) para Frontline
2026-05-08 20:47:12,404 - scraper_base - INFO - 📦 [8/20] Processando Advocate
2026-05-08 20:47:12,404 - scraper_base - INFO - 🔍 Petz: Buscando Advocate
2026-05-08 20:47:14,475 - scraper_base - INFO - ✅ Petz: 12 produto(s) encontrado(s) para Advocate
2026-05-08 20:47:15,706 - scraper_base - INFO - 📦 [9/20] Processando Drontal
2026-05-08 20:47:15,706 - scraper_base - INFO - 🔍 Petz: Buscando Drontal
2026-05-08 20:47:19,385 - scraper_base - INFO - ✅ Petz: 35 produto(s) encontrado(s) para Drontal
2026-05-08 20:47:20,407 - scraper_base - INFO - 📦 [10/20] Processando Milbemax
2026-05-08 20:47:20,407 - scraper_base - INFO - 🔍 Petz: Buscando Milbemax
2026-05-08 20:47:22,460 - scraper_base - INFO - ✅ Petz: 4 produto(s) encontrado(s) para Milbemax
2026-05-08 20:47:25,379 - scraper_base - INFO - 📦 [11/20] Processando Vermivet
2026-05-08 20:47:25,379 - scraper_base - INFO - 🔍 Petz: Buscando Vermivet
2026-05-08 20:47:27,176 - scraper_base - INFO - ✅ Petz: 5 produto(s) encontrado(s) para Vermivet
2026-05-08 20:47:29,530 - scraper_base - INFO - 📦 [12/20] Processando Rimadyl
2026-05-08 20:47:29,531 - scraper_base - INFO - 🔍 Petz: Buscando Rimadyl
2026-05-08 20:47:31,268 - scraper_base - INFO - ✅ Petz: 3 produto(s) encontrado(s) para Rimadyl
2026-05-08 20:47:32,841 - scraper_base - INFO - 📦 [13/20] Processando Onsior
2026-05-08 20:47:32,841 - scraper_base - INFO - 🔍 Petz: Buscando Onsior
2026-05-08 20:47:34,560 - scraper_base - INFO - ✅ Petz: 4 produto(s) encontrado(s) para Onsior
2026-05-08 20:47:36,162 - scraper_base - INFO - 📦 [14/20] Processando Maxicam
2026-05-08 20:47:36,162 - scraper_base - INFO - 🔍 Petz: Buscando Maxicam
2026-05-08 20:47:39,564 - scraper_base - INFO - ✅ Petz: 30 produto(s) encontrado(s) para Maxicam
2026-05-08 20:47:42,027 - scraper_base - INFO - 📦 [15/20] Processando Carproflan
2026-05-08 20:47:42,028 - scraper_base - INFO - 🔍 Petz: Buscando Carproflan
2026-05-08 20:47:44,043 - scraper_base - INFO - ✅ Petz: 3 produto(s) encontrado(s) para Carproflan
2026-05-08 20:47:45,625 - scraper_base - INFO - 📦 [16/20] Processando Previcox
2026-05-08 20:47:45,625 - scraper_base - INFO - 🔍 Petz: Buscando Previcox
2026-05-08 20:47:48,058 - scraper_base - INFO - ✅ Petz: 2 produto(s) encontrado(s) para Previcox
2026-05-08 20:47:50,216 - scraper_base - INFO - 📦 [17/20] Processando Apoquel
2026-05-08 20:47:50,216 - scraper_base - INFO - 🔍 Petz: Buscando Apoquel
2026-05-08 20:47:52,659 - scraper_base - INFO - ✅ Petz: 3 produto(s) encontrado(s) para Apoquel
2026-05-08 20:47:54,723 - scraper_base - INFO - 📦 [18/20] Processando Zenrelia
2026-05-08 20:47:54,723 - scraper_base - INFO - 🔍 Petz: Buscando Zenrelia
2026-05-08 20:47:57,057 - scraper_base - INFO - ✅ Petz: 4 produto(s) encontrado(s) para Zenrelia
2026-05-08 20:47:59,343 - scraper_base - INFO - 📦 [19/20] Processando Synulox
2026-05-08 20:47:59,343 - scraper_base - INFO - 🔍 Petz: Buscando Synulox
2026-05-08 20:48:02,092 - scraper_base - INFO - ✅ Petz: 2 produto(s) encontrado(s) para Synulox
2026-05-08 20:48:04,077 - scraper_base - INFO - 📦 [20/20] Processando Baytril
2026-05-08 20:48:04,077 - scraper_base - INFO - 🔍 Petz: Buscando Baytril
2026-05-08 20:48:06,368 - scraper_base - INFO - ✅ Petz: 9 produto(s) encontrado(s) para Baytril
2026-05-08 20:48:07,502 - scraper_base - INFO - 📊 Petz - Estatísticas finais:
2026-05-08 20:48:07,502 - scraper_base - INFO -    • Medicamentos processados: 20
2026-05-08 20:48:07,502 - scraper_base - INFO -    • Produtos encontrados: 224
2026-05-08 20:48:07,502 - scraper_base - INFO -    • Medicamentos sem resultado: 0
2026-05-08 20:48:07,502 - scraper_base - INFO -    • Tempo total: 93.2s
2026-05-08 20:48:07,502 - scraper_base - INFO -    • Tempo médio por medicamento: 4.7s
2026-05-08 20:48:07,551 - gerenciador_arquivos - INFO - Excel salvo: dados_coletados/petz_20260508_204807.xlsx (224 produtos)
2026-05-08 20:48:07,551 - gerenciador_principal - INFO - Petz: Arquivo individual salvo com sucesso
2026-05-08 20:48:07,551 - gerenciador_principal - INFO - Gerando relatório consolidado...
2026-05-08 20:48:07,815 - gerenciador_arquivos - INFO - Relatório consolidado salvo: dados_relatorios/relatorio_consolidado_20260508_204807.xlsx
2026-05-08 20:48:07,916 - gerenciador_conexoes - INFO - Chrome fechado
2026-05-08 20:48:07,916 - gerenciador_conexoes - INFO - Métodos utilizados - Requests: 66.7%, Selenium: 33.3%, Falhas: 0.0%
2026-05-08 20:48:07,916 - gerenciador_principal - INFO - ============================================================
2026-05-08 20:48:07,916 - gerenciador_principal - INFO - RELATORIO FINAL DE EXECUÇÃO
2026-05-08 20:48:07,916 - gerenciador_principal - INFO - ============================================================
2026-05-08 20:48:07,916 - gerenciador_principal - INFO - Sites processados: 3
2026-05-08 20:48:07,916 - gerenciador_principal - INFO - Sites com sucesso: 3
2026-05-08 20:48:07,916 - gerenciador_principal - INFO - Total de produtos coletados: 631
2026-05-08 20:48:07,917 - gerenciador_principal - INFO - Tempo total de execução: 273.1 segundos
2026-05-08 20:48:07,917 - gerenciador_principal - INFO - Estatísticas de conexão:
2026-05-08 20:48:07,917 - gerenciador_principal - INFO -   - Requests bem-sucedidos: 66.7%
2026-05-08 20:48:07,917 - gerenciador_principal - INFO -   - Selenium fallback: 33.3%
2026-05-08 20:48:07,917 - gerenciador_principal - INFO -   - Falhas totais: 0.0%
2026-05-08 20:48:07,920 - gerenciador_principal - INFO - Arquivos salvos na pasta: dados_coletados
2026-05-08 20:48:07,920 - gerenciador_principal - INFO - Total de arquivos: 646
2026-05-08 20:48:07,920 - gerenciador_principal - INFO - ============================================================
