2026-06-10 21:48:36,797 - configurador_logs - INFO - Sistema de logs configurado com sucesso
2026-06-10 21:48:36,797 - configurador_logs - INFO - 🚀 Logs configurados para MODO PRODUÇÃO
2026-06-10 21:48:36,797 - gerenciador_principal - INFO - Inicializando sistema - Modo: PRODUCAO
2026-06-10 21:48:36,798 - gerenciador_arquivos - INFO - Pasta dados_coletados preparada
2026-06-10 21:48:36,798 - gerenciador_principal - INFO - Sistema inicializado com 3 scrapers
2026-06-10 21:48:36,798 - gerenciador_principal - INFO - ============================================================
2026-06-10 21:48:36,798 - gerenciador_principal - INFO - INICIANDO SCRAPING COMPLETO - PRODUCAO
2026-06-10 21:48:36,798 - gerenciador_principal - INFO - ============================================================
2026-06-10 21:48:36,798 - gerenciador_principal - INFO - [1/3] Processando Cobasi
2026-06-10 21:48:36,798 - scraper_base - INFO - 🚀 Iniciando scraping completo - Cobasi
2026-06-10 21:48:37,206 - gerenciador_conexoes - INFO - Sessao estabelecida com cobasi.com.br
2026-06-10 21:48:37,207 - scraper_base - INFO - 📋 20 medicamentos para processar
2026-06-10 21:48:37,207 - scraper_base - INFO - 📦 [1/20] Processando Simparic
2026-06-10 21:48:37,207 - scraper_base - INFO - 🔍 Cobasi: Buscando Simparic
2026-06-10 21:48:41,291 - scraper_cobasi - INFO - Cobasi: Dados extraídos via JSON para Simparic
2026-06-10 21:48:41,291 - scraper_base - INFO - ✅ Cobasi: 24 produto(s) encontrado(s) para Simparic
2026-06-10 21:48:42,378 - scraper_base - INFO - 📦 [2/20] Processando Revolution
2026-06-10 21:48:42,378 - scraper_base - INFO - 🔍 Cobasi: Buscando Revolution
2026-06-10 21:48:46,419 - scraper_cobasi - INFO - Cobasi: Dados extraídos via JSON para Revolution
2026-06-10 21:48:46,419 - scraper_base - INFO - ✅ Cobasi: 18 produto(s) encontrado(s) para Revolution
2026-06-10 21:48:48,499 - scraper_base - INFO - 📦 [3/20] Processando NexGard
2026-06-10 21:48:48,500 - scraper_base - INFO - 🔍 Cobasi: Buscando NexGard
2026-06-10 21:48:52,392 - scraper_cobasi - INFO - Cobasi: Dados extraídos via JSON para NexGard
2026-06-10 21:48:52,392 - scraper_base - INFO - ✅ Cobasi: 22 produto(s) encontrado(s) para NexGard
2026-06-10 21:48:53,996 - scraper_base - INFO - 📦 [4/20] Processando NexGard Spectra
2026-06-10 21:48:53,996 - scraper_base - INFO - 🔍 Cobasi: Buscando NexGard Spectra
2026-06-10 21:48:57,334 - scraper_cobasi - INFO - Cobasi: Dados extraídos via JSON para NexGard Spectra
2026-06-10 21:48:57,334 - scraper_base - INFO - ✅ Cobasi: 10 produto(s) encontrado(s) para NexGard Spectra
2026-06-10 21:48:59,906 - scraper_base - INFO - 📦 [5/20] Processando NexGard Combo
2026-06-10 21:48:59,907 - scraper_base - INFO - 🔍 Cobasi: Buscando NexGard Combo
2026-06-10 21:49:02,396 - scraper_cobasi - INFO - Cobasi: Dados extraídos via JSON para NexGard Combo
2026-06-10 21:49:02,396 - scraper_base - INFO - ✅ Cobasi: 4 produto(s) encontrado(s) para NexGard Combo
2026-06-10 21:49:04,980 - scraper_base - INFO - 📦 [6/20] Processando Bravecto
2026-06-10 21:49:04,980 - scraper_base - INFO - 🔍 Cobasi: Buscando Bravecto
2026-06-10 21:49:08,861 - scraper_cobasi - INFO - Cobasi: Dados extraídos via JSON para Bravecto
2026-06-10 21:49:08,861 - scraper_base - INFO - ✅ Cobasi: 16 produto(s) encontrado(s) para Bravecto
2026-06-10 21:49:11,670 - scraper_base - INFO - 📦 [7/20] Processando Frontline
2026-06-10 21:49:11,670 - scraper_base - INFO - 🔍 Cobasi: Buscando Frontline
2026-06-10 21:49:16,078 - scraper_cobasi - INFO - Cobasi: Dados extraídos via JSON para Frontline
2026-06-10 21:49:16,078 - scraper_base - INFO - ✅ Cobasi: 11 produto(s) encontrado(s) para Frontline
2026-06-10 21:49:18,362 - scraper_base - INFO - 📦 [8/20] Processando Advocate
2026-06-10 21:49:18,363 - scraper_base - INFO - 🔍 Cobasi: Buscando Advocate
2026-06-10 21:49:22,677 - scraper_cobasi - INFO - Cobasi: Dados extraídos via JSON para Advocate
2026-06-10 21:49:22,677 - scraper_base - INFO - ✅ Cobasi: 12 produto(s) encontrado(s) para Advocate
2026-06-10 21:49:25,042 - scraper_base - INFO - 📦 [9/20] Processando Drontal
2026-06-10 21:49:25,043 - scraper_base - INFO - 🔍 Cobasi: Buscando Drontal
2026-06-10 21:49:28,630 - scraper_cobasi - INFO - Cobasi: Dados extraídos via JSON para Drontal
2026-06-10 21:49:28,630 - scraper_base - INFO - ✅ Cobasi: 8 produto(s) encontrado(s) para Drontal
2026-06-10 21:49:30,787 - scraper_base - INFO - 📦 [10/20] Processando Milbemax
2026-06-10 21:49:30,787 - scraper_base - INFO - 🔍 Cobasi: Buscando Milbemax
2026-06-10 21:49:33,666 - scraper_cobasi - INFO - Cobasi: Dados extraídos via JSON para Milbemax
2026-06-10 21:49:33,666 - scraper_base - INFO - ✅ Cobasi: 4 produto(s) encontrado(s) para Milbemax
2026-06-10 21:49:35,401 - scraper_base - INFO - 📦 [11/20] Processando Vermivet
2026-06-10 21:49:35,401 - scraper_base - INFO - 🔍 Cobasi: Buscando Vermivet
2026-06-10 21:49:38,341 - scraper_cobasi - INFO - Cobasi: Dados extraídos via JSON para Vermivet
2026-06-10 21:49:38,341 - scraper_base - INFO - ✅ Cobasi: 5 produto(s) encontrado(s) para Vermivet
2026-06-10 21:49:39,767 - scraper_base - INFO - 📦 [12/20] Processando Rimadyl
2026-06-10 21:49:39,767 - scraper_base - INFO - 🔍 Cobasi: Buscando Rimadyl
2026-06-10 21:49:42,566 - scraper_cobasi - INFO - Cobasi: Dados extraídos via JSON para Rimadyl
2026-06-10 21:49:42,566 - scraper_base - INFO - ✅ Cobasi: 3 produto(s) encontrado(s) para Rimadyl
2026-06-10 21:49:44,245 - scraper_base - INFO - 📦 [13/20] Processando Onsior
2026-06-10 21:49:44,245 - scraper_base - INFO - 🔍 Cobasi: Buscando Onsior
2026-06-10 21:49:47,612 - scraper_cobasi - INFO - Cobasi: Dados extraídos via JSON para Onsior
2026-06-10 21:49:47,612 - scraper_base - INFO - ✅ Cobasi: 4 produto(s) encontrado(s) para Onsior
2026-06-10 21:49:50,209 - scraper_base - INFO - 📦 [14/20] Processando Maxicam
2026-06-10 21:49:50,209 - scraper_base - INFO - 🔍 Cobasi: Buscando Maxicam
2026-06-10 21:49:55,664 - scraper_cobasi - INFO - Cobasi: Dados extraídos via JSON para Maxicam
2026-06-10 21:49:55,664 - scraper_base - INFO - ✅ Cobasi: 3 produto(s) encontrado(s) para Maxicam
2026-06-10 21:49:58,483 - scraper_base - INFO - 📦 [15/20] Processando Carproflan
2026-06-10 21:49:58,483 - scraper_base - INFO - 🔍 Cobasi: Buscando Carproflan
2026-06-10 21:50:01,580 - scraper_cobasi - INFO - Cobasi: Dados extraídos via JSON para Carproflan
2026-06-10 21:50:01,580 - scraper_base - INFO - ✅ Cobasi: 3 produto(s) encontrado(s) para Carproflan
2026-06-10 21:50:03,430 - scraper_base - INFO - 📦 [16/20] Processando Previcox
2026-06-10 21:50:03,430 - scraper_base - INFO - 🔍 Cobasi: Buscando Previcox
2026-06-10 21:50:06,915 - scraper_cobasi - INFO - Cobasi: Dados extraídos via JSON para Previcox
2026-06-10 21:50:06,915 - scraper_base - INFO - ✅ Cobasi: 2 produto(s) encontrado(s) para Previcox
2026-06-10 21:50:08,471 - scraper_base - INFO - 📦 [17/20] Processando Apoquel
2026-06-10 21:50:08,471 - scraper_base - INFO - 🔍 Cobasi: Buscando Apoquel
2026-06-10 21:50:10,894 - scraper_cobasi - INFO - Cobasi: Dados extraídos via JSON para Apoquel
2026-06-10 21:50:10,894 - scraper_base - INFO - ✅ Cobasi: 3 produto(s) encontrado(s) para Apoquel
2026-06-10 21:50:13,420 - scraper_base - INFO - 📦 [18/20] Processando Zenrelia
2026-06-10 21:50:13,420 - scraper_base - INFO - 🔍 Cobasi: Buscando Zenrelia
2026-06-10 21:50:16,626 - scraper_cobasi - INFO - Cobasi: Dados extraídos via JSON para Zenrelia
2026-06-10 21:50:16,626 - scraper_base - INFO - ✅ Cobasi: 3 produto(s) encontrado(s) para Zenrelia
2026-06-10 21:50:19,017 - scraper_base - INFO - 📦 [19/20] Processando Synulox
2026-06-10 21:50:19,017 - scraper_base - INFO - 🔍 Cobasi: Buscando Synulox
2026-06-10 21:50:21,554 - scraper_cobasi - INFO - Cobasi: Dados extraídos via JSON para Synulox
2026-06-10 21:50:21,554 - scraper_base - INFO - ✅ Cobasi: 2 produto(s) encontrado(s) para Synulox
2026-06-10 21:50:24,141 - scraper_base - INFO - 📦 [20/20] Processando Baytril
2026-06-10 21:50:24,141 - scraper_base - INFO - 🔍 Cobasi: Buscando Baytril
2026-06-10 21:50:27,478 - scraper_cobasi - INFO - Cobasi: Dados extraídos via JSON para Baytril
2026-06-10 21:50:27,478 - scraper_base - INFO - ✅ Cobasi: 2 produto(s) encontrado(s) para Baytril
2026-06-10 21:50:28,879 - scraper_base - INFO - 📊 Cobasi - Estatísticas finais:
2026-06-10 21:50:28,879 - scraper_base - INFO -    • Medicamentos processados: 20
2026-06-10 21:50:28,879 - scraper_base - INFO -    • Produtos encontrados: 159
2026-06-10 21:50:28,879 - scraper_base - INFO -    • Medicamentos sem resultado: 0
2026-06-10 21:50:28,879 - scraper_base - INFO -    • Tempo total: 112.1s
2026-06-10 21:50:28,879 - scraper_base - INFO -    • Tempo médio por medicamento: 5.6s
2026-06-10 21:50:29,084 - gerenciador_arquivos - INFO - Excel salvo: dados_coletados/cobasi_20260610_215028.xlsx (159 produtos)
2026-06-10 21:50:29,084 - gerenciador_principal - INFO - Cobasi: Arquivo individual salvo com sucesso
2026-06-10 21:50:29,084 - gerenciador_principal - INFO - Pausando entre sites...
2026-06-10 21:50:31,084 - gerenciador_principal - INFO - [2/3] Processando Petlove
2026-06-10 21:50:31,085 - scraper_base - INFO - 🚀 Iniciando scraping completo - Petlove
2026-06-10 21:50:31,447 - gerenciador_conexoes - INFO - Sessao estabelecida com petlove.com.br
2026-06-10 21:50:31,447 - scraper_base - INFO - 📋 20 medicamentos para processar
2026-06-10 21:50:31,448 - scraper_base - INFO - 📦 [1/20] Processando Simparic
2026-06-10 21:50:31,448 - scraper_base - INFO - 🔍 Petlove: Buscando Simparic
2026-06-10 21:50:32,349 - scraper_base - INFO - ✅ Petlove: 36 produto(s) encontrado(s) para Simparic
2026-06-10 21:50:33,643 - scraper_base - INFO - 📦 [2/20] Processando Revolution
2026-06-10 21:50:33,643 - scraper_base - INFO - 🔍 Petlove: Buscando Revolution
2026-06-10 21:50:34,273 - scraper_base - INFO - ✅ Petlove: 20 produto(s) encontrado(s) para Revolution
2026-06-10 21:50:36,296 - scraper_base - INFO - 📦 [3/20] Processando NexGard
2026-06-10 21:50:36,296 - scraper_base - INFO - 🔍 Petlove: Buscando NexGard
2026-06-10 21:50:37,146 - scraper_base - INFO - ✅ Petlove: 11 produto(s) encontrado(s) para NexGard
2026-06-10 21:50:39,589 - scraper_base - INFO - 📦 [4/20] Processando NexGard Spectra
2026-06-10 21:50:39,589 - scraper_base - INFO - 🔍 Petlove: Buscando NexGard Spectra
2026-06-10 21:50:40,228 - scraper_base - INFO - ✅ Petlove: 5 produto(s) encontrado(s) para NexGard Spectra
2026-06-10 21:50:41,868 - scraper_base - INFO - 📦 [5/20] Processando NexGard Combo
2026-06-10 21:50:41,869 - scraper_base - INFO - 🔍 Petlove: Buscando NexGard Combo
2026-06-10 21:50:42,651 - scraper_base - INFO - ✅ Petlove: 2 produto(s) encontrado(s) para NexGard Combo
2026-06-10 21:50:45,217 - scraper_base - INFO - 📦 [6/20] Processando Bravecto
2026-06-10 21:50:45,217 - scraper_base - INFO - 🔍 Petlove: Buscando Bravecto
2026-06-10 21:50:45,938 - scraper_base - INFO - ✅ Petlove: 22 produto(s) encontrado(s) para Bravecto
2026-06-10 21:50:47,393 - scraper_base - INFO - 📦 [7/20] Processando Frontline
2026-06-10 21:50:47,393 - scraper_base - INFO - 🔍 Petlove: Buscando Frontline
2026-06-10 21:50:48,209 - scraper_base - INFO - ✅ Petlove: 11 produto(s) encontrado(s) para Frontline
2026-06-10 21:50:49,409 - scraper_base - INFO - 📦 [8/20] Processando Advocate
2026-06-10 21:50:49,409 - scraper_base - INFO - 🔍 Petlove: Buscando Advocate
2026-06-10 21:50:50,033 - scraper_base - INFO - ✅ Petlove: 9 produto(s) encontrado(s) para Advocate
2026-06-10 21:50:52,101 - scraper_base - INFO - 📦 [9/20] Processando Drontal
2026-06-10 21:50:52,101 - scraper_base - INFO - 🔍 Petlove: Buscando Drontal
2026-06-10 21:50:53,292 - scraper_base - INFO - ✅ Petlove: 36 produto(s) encontrado(s) para Drontal
2026-06-10 21:50:55,788 - scraper_base - INFO - 📦 [10/20] Processando Milbemax
2026-06-10 21:50:55,789 - scraper_base - INFO - 🔍 Petlove: Buscando Milbemax
2026-06-10 21:50:56,485 - scraper_base - INFO - ✅ Petlove: 14 produto(s) encontrado(s) para Milbemax
2026-06-10 21:50:58,271 - scraper_base - INFO - 📦 [11/20] Processando Vermivet
2026-06-10 21:50:58,271 - scraper_base - INFO - 🔍 Petlove: Buscando Vermivet
2026-06-10 21:50:59,318 - scraper_base - INFO - ✅ Petlove: 36 produto(s) encontrado(s) para Vermivet
2026-06-10 21:51:00,729 - scraper_base - INFO - 📦 [12/20] Processando Rimadyl
2026-06-10 21:51:00,729 - scraper_base - INFO - 🔍 Petlove: Buscando Rimadyl
2026-06-10 21:51:01,331 - scraper_base - INFO - ✅ Petlove: 1 produto(s) encontrado(s) para Rimadyl
2026-06-10 21:51:02,773 - scraper_base - INFO - 📦 [13/20] Processando Onsior
2026-06-10 21:51:02,773 - scraper_base - INFO - 🔍 Petlove: Buscando Onsior
2026-06-10 21:51:03,508 - scraper_base - INFO - ✅ Petlove: 4 produto(s) encontrado(s) para Onsior
2026-06-10 21:51:06,327 - scraper_base - INFO - 📦 [14/20] Processando Maxicam
2026-06-10 21:51:06,328 - scraper_base - INFO - 🔍 Petlove: Buscando Maxicam
2026-06-10 21:51:07,171 - scraper_base - INFO - ✅ Petlove: 3 produto(s) encontrado(s) para Maxicam
2026-06-10 21:51:09,638 - scraper_base - INFO - 📦 [15/20] Processando Carproflan
2026-06-10 21:51:09,638 - scraper_base - INFO - 🔍 Petlove: Buscando Carproflan
2026-06-10 21:51:10,353 - scraper_base - INFO - ✅ Petlove: 8 produto(s) encontrado(s) para Carproflan
2026-06-10 21:51:12,730 - scraper_base - INFO - 📦 [16/20] Processando Previcox
2026-06-10 21:51:12,730 - scraper_base - INFO - 🔍 Petlove: Buscando Previcox
2026-06-10 21:51:13,565 - scraper_base - INFO - ✅ Petlove: 4 produto(s) encontrado(s) para Previcox
2026-06-10 21:51:16,260 - scraper_base - INFO - 📦 [17/20] Processando Apoquel
2026-06-10 21:51:16,260 - scraper_base - INFO - 🔍 Petlove: Buscando Apoquel
2026-06-10 21:51:17,025 - scraper_base - INFO - ✅ Petlove: 16 produto(s) encontrado(s) para Apoquel
2026-06-10 21:51:18,813 - scraper_base - INFO - 📦 [18/20] Processando Zenrelia
2026-06-10 21:51:18,813 - scraper_base - INFO - 🔍 Petlove: Buscando Zenrelia
2026-06-10 21:51:19,403 - scraper_base - INFO - ✅ Petlove: 4 produto(s) encontrado(s) para Zenrelia
2026-06-10 21:51:21,606 - scraper_base - INFO - 📦 [19/20] Processando Synulox
2026-06-10 21:51:21,606 - scraper_base - INFO - 🔍 Petlove: Buscando Synulox
2026-06-10 21:51:22,207 - scraper_base - INFO - ✅ Petlove: 1 produto(s) encontrado(s) para Synulox
2026-06-10 21:51:23,940 - scraper_base - INFO - 📦 [20/20] Processando Baytril
2026-06-10 21:51:23,940 - scraper_base - INFO - 🔍 Petlove: Buscando Baytril
2026-06-10 21:51:24,810 - scraper_base - INFO - ✅ Petlove: 6 produto(s) encontrado(s) para Baytril
2026-06-10 21:51:26,743 - scraper_base - INFO - 📊 Petlove - Estatísticas finais:
2026-06-10 21:51:26,743 - scraper_base - INFO -    • Medicamentos processados: 20
2026-06-10 21:51:26,743 - scraper_base - INFO -    • Produtos encontrados: 249
2026-06-10 21:51:26,743 - scraper_base - INFO -    • Medicamentos sem resultado: 0
2026-06-10 21:51:26,743 - scraper_base - INFO -    • Tempo total: 55.7s
2026-06-10 21:51:26,743 - scraper_base - INFO -    • Tempo médio por medicamento: 2.8s
2026-06-10 21:51:26,789 - gerenciador_arquivos - INFO - Excel salvo: dados_coletados/petlove_20260610_215126.xlsx (249 produtos)
2026-06-10 21:51:26,789 - gerenciador_principal - INFO - Petlove: Arquivo individual salvo com sucesso
2026-06-10 21:51:26,789 - gerenciador_principal - INFO - Pausando entre sites...
2026-06-10 21:51:28,789 - gerenciador_principal - INFO - [3/3] Processando Petz
2026-06-10 21:51:28,790 - scraper_base - INFO - 🚀 Iniciando scraping completo - Petz
2026-06-10 21:51:28,940 - scraper_base - INFO - 📋 20 medicamentos para processar
2026-06-10 21:51:28,940 - scraper_base - INFO - 📦 [1/20] Processando Simparic
2026-06-10 21:51:28,940 - scraper_base - INFO - 🔍 Petz: Buscando Simparic
2026-06-10 21:51:37,057 - gerenciador_conexoes - INFO - Chrome inicializado com otimizacoes de velocidade
2026-06-10 21:51:42,726 - scraper_base - INFO - ✅ Petz: 24 produto(s) encontrado(s) para Simparic
2026-06-10 21:51:43,924 - scraper_base - INFO - 📦 [2/20] Processando Revolution
2026-06-10 21:51:43,924 - scraper_base - INFO - 🔍 Petz: Buscando Revolution
2026-06-10 21:51:46,775 - scraper_base - INFO - ✅ Petz: 21 produto(s) encontrado(s) para Revolution
2026-06-10 21:51:49,502 - scraper_base - INFO - 📦 [3/20] Processando NexGard
2026-06-10 21:51:49,502 - scraper_base - INFO - 🔍 Petz: Buscando NexGard
2026-06-10 21:51:52,788 - scraper_base - INFO - ✅ Petz: 22 produto(s) encontrado(s) para NexGard
2026-06-10 21:51:54,111 - scraper_base - INFO - 📦 [4/20] Processando NexGard Spectra
2026-06-10 21:51:54,111 - scraper_base - INFO - 🔍 Petz: Buscando NexGard Spectra
2026-06-10 21:51:56,127 - scraper_base - INFO - ✅ Petz: 10 produto(s) encontrado(s) para NexGard Spectra
2026-06-10 21:51:57,717 - scraper_base - INFO - 📦 [5/20] Processando NexGard Combo
2026-06-10 21:51:57,717 - scraper_base - INFO - 🔍 Petz: Buscando NexGard Combo
2026-06-10 21:51:59,485 - scraper_base - INFO - ✅ Petz: 4 produto(s) encontrado(s) para NexGard Combo
2026-06-10 21:52:00,750 - scraper_base - INFO - 📦 [6/20] Processando Bravecto
2026-06-10 21:52:00,750 - scraper_base - INFO - 🔍 Petz: Buscando Bravecto
2026-06-10 21:52:03,136 - scraper_base - INFO - ✅ Petz: 16 produto(s) encontrado(s) para Bravecto
2026-06-10 21:52:05,400 - scraper_base - INFO - 📦 [7/20] Processando Frontline
2026-06-10 21:52:05,400 - scraper_base - INFO - 🔍 Petz: Buscando Frontline
2026-06-10 21:52:07,874 - scraper_base - INFO - ✅ Petz: 11 produto(s) encontrado(s) para Frontline
2026-06-10 21:52:09,824 - scraper_base - INFO - 📦 [8/20] Processando Advocate
2026-06-10 21:52:09,824 - scraper_base - INFO - 🔍 Petz: Buscando Advocate
2026-06-10 21:52:12,320 - scraper_base - INFO - ✅ Petz: 12 produto(s) encontrado(s) para Advocate
2026-06-10 21:52:15,016 - scraper_base - INFO - 📦 [9/20] Processando Drontal
2026-06-10 21:52:15,017 - scraper_base - INFO - 🔍 Petz: Buscando Drontal
2026-06-10 21:52:18,096 - scraper_base - INFO - ✅ Petz: 38 produto(s) encontrado(s) para Drontal
2026-06-10 21:52:20,397 - scraper_base - INFO - 📦 [10/20] Processando Milbemax
2026-06-10 21:52:20,398 - scraper_base - INFO - 🔍 Petz: Buscando Milbemax
2026-06-10 21:52:22,145 - scraper_base - INFO - ✅ Petz: 4 produto(s) encontrado(s) para Milbemax
2026-06-10 21:52:24,494 - scraper_base - INFO - 📦 [11/20] Processando Vermivet
2026-06-10 21:52:24,494 - scraper_base - INFO - 🔍 Petz: Buscando Vermivet
2026-06-10 21:52:26,225 - scraper_base - INFO - ✅ Petz: 5 produto(s) encontrado(s) para Vermivet
2026-06-10 21:52:28,165 - scraper_base - INFO - 📦 [12/20] Processando Rimadyl
2026-06-10 21:52:28,166 - scraper_base - INFO - 🔍 Petz: Buscando Rimadyl
2026-06-10 21:52:29,840 - scraper_base - INFO - ✅ Petz: 3 produto(s) encontrado(s) para Rimadyl
2026-06-10 21:52:32,674 - scraper_base - INFO - 📦 [13/20] Processando Onsior
2026-06-10 21:52:32,675 - scraper_base - INFO - 🔍 Petz: Buscando Onsior
2026-06-10 21:52:34,502 - scraper_base - INFO - ✅ Petz: 4 produto(s) encontrado(s) para Onsior
2026-06-10 21:52:36,570 - scraper_base - INFO - 📦 [14/20] Processando Maxicam
2026-06-10 21:52:36,571 - scraper_base - INFO - 🔍 Petz: Buscando Maxicam
2026-06-10 21:52:39,984 - scraper_base - INFO - ✅ Petz: 31 produto(s) encontrado(s) para Maxicam
2026-06-10 21:52:41,553 - scraper_base - INFO - 📦 [15/20] Processando Carproflan
2026-06-10 21:52:41,553 - scraper_base - INFO - 🔍 Petz: Buscando Carproflan
2026-06-10 21:52:43,273 - scraper_base - INFO - ✅ Petz: 3 produto(s) encontrado(s) para Carproflan
2026-06-10 21:52:46,118 - scraper_base - INFO - 📦 [16/20] Processando Previcox
2026-06-10 21:52:46,119 - scraper_base - INFO - 🔍 Petz: Buscando Previcox
2026-06-10 21:52:47,797 - scraper_base - INFO - ✅ Petz: 2 produto(s) encontrado(s) para Previcox
2026-06-10 21:52:50,618 - scraper_base - INFO - 📦 [17/20] Processando Apoquel
2026-06-10 21:52:50,618 - scraper_base - INFO - 🔍 Petz: Buscando Apoquel
2026-06-10 21:52:52,199 - scraper_base - INFO - ✅ Petz: 3 produto(s) encontrado(s) para Apoquel
2026-06-10 21:52:53,619 - scraper_base - INFO - 📦 [18/20] Processando Zenrelia
2026-06-10 21:52:53,619 - scraper_base - INFO - 🔍 Petz: Buscando Zenrelia
2026-06-10 21:52:55,440 - scraper_base - INFO - ✅ Petz: 4 produto(s) encontrado(s) para Zenrelia
2026-06-10 21:52:57,993 - scraper_base - INFO - 📦 [19/20] Processando Synulox
2026-06-10 21:52:57,993 - scraper_base - INFO - 🔍 Petz: Buscando Synulox
2026-06-10 21:52:59,560 - scraper_base - INFO - ✅ Petz: 2 produto(s) encontrado(s) para Synulox
2026-06-10 21:53:02,356 - scraper_base - INFO - 📦 [20/20] Processando Baytril
2026-06-10 21:53:02,357 - scraper_base - INFO - 🔍 Petz: Buscando Baytril
2026-06-10 21:53:04,297 - scraper_base - INFO - ✅ Petz: 9 produto(s) encontrado(s) para Baytril
2026-06-10 21:53:05,970 - scraper_base - INFO - 📊 Petz - Estatísticas finais:
2026-06-10 21:53:05,970 - scraper_base - INFO -    • Medicamentos processados: 20
2026-06-10 21:53:05,970 - scraper_base - INFO -    • Produtos encontrados: 228
2026-06-10 21:53:05,970 - scraper_base - INFO -    • Medicamentos sem resultado: 0
2026-06-10 21:53:05,970 - scraper_base - INFO -    • Tempo total: 97.2s
2026-06-10 21:53:05,970 - scraper_base - INFO -    • Tempo médio por medicamento: 4.9s
2026-06-10 21:53:06,100 - gerenciador_arquivos - INFO - Excel salvo: dados_coletados/petz_20260610_215305.xlsx (228 produtos)
2026-06-10 21:53:06,100 - gerenciador_principal - INFO - Petz: Arquivo individual salvo com sucesso
2026-06-10 21:53:06,100 - gerenciador_principal - INFO - Gerando relatório consolidado...
2026-06-10 21:53:06,322 - gerenciador_arquivos - INFO - Relatório consolidado salvo: dados_relatorios/relatorio_consolidado_20260610_215306.xlsx
2026-06-10 21:53:06,414 - gerenciador_conexoes - INFO - Chrome fechado
2026-06-10 21:53:06,415 - gerenciador_conexoes - INFO - Métodos utilizados - Requests: 66.7%, Selenium: 33.3%, Falhas: 0.0%
2026-06-10 21:53:06,415 - gerenciador_principal - INFO - ============================================================
2026-06-10 21:53:06,415 - gerenciador_principal - INFO - RELATORIO FINAL DE EXECUÇÃO
2026-06-10 21:53:06,415 - gerenciador_principal - INFO - ============================================================
2026-06-10 21:53:06,415 - gerenciador_principal - INFO - Sites processados: 3
2026-06-10 21:53:06,415 - gerenciador_principal - INFO - Sites com sucesso: 3
2026-06-10 21:53:06,415 - gerenciador_principal - INFO - Total de produtos coletados: 636
2026-06-10 21:53:06,415 - gerenciador_principal - INFO - Tempo total de execução: 269.3 segundos
2026-06-10 21:53:06,415 - gerenciador_principal - INFO - Estatísticas de conexão:
2026-06-10 21:53:06,415 - gerenciador_principal - INFO -   - Requests bem-sucedidos: 66.7%
2026-06-10 21:53:06,415 - gerenciador_principal - INFO -   - Selenium fallback: 33.3%
2026-06-10 21:53:06,415 - gerenciador_principal - INFO -   - Falhas totais: 0.0%
2026-06-10 21:53:06,419 - gerenciador_principal - INFO - Arquivos salvos na pasta: dados_coletados
2026-06-10 21:53:06,419 - gerenciador_principal - INFO - Total de arquivos: 742
2026-06-10 21:53:06,419 - gerenciador_principal - INFO - ============================================================
