2026-07-10 20:57:05,929 - configurador_logs - INFO - Sistema de logs configurado com sucesso
2026-07-10 20:57:05,929 - configurador_logs - INFO - 🚀 Logs configurados para MODO PRODUÇÃO
2026-07-10 20:57:05,930 - gerenciador_principal - INFO - Inicializando sistema - Modo: PRODUCAO
2026-07-10 20:57:05,930 - gerenciador_arquivos - INFO - Pasta dados_coletados preparada
2026-07-10 20:57:05,930 - gerenciador_principal - INFO - Sistema inicializado com 3 scrapers
2026-07-10 20:57:05,930 - gerenciador_principal - INFO - ============================================================
2026-07-10 20:57:05,930 - gerenciador_principal - INFO - INICIANDO SCRAPING COMPLETO - PRODUCAO
2026-07-10 20:57:05,930 - gerenciador_principal - INFO - ============================================================
2026-07-10 20:57:05,930 - gerenciador_principal - INFO - [1/3] Processando Cobasi
2026-07-10 20:57:05,930 - scraper_base - INFO - 🚀 Iniciando scraping completo - Cobasi
2026-07-10 20:57:07,231 - gerenciador_conexoes - INFO - Sessao estabelecida com cobasi.com.br
2026-07-10 20:57:07,231 - scraper_base - INFO - 📋 20 medicamentos para processar
2026-07-10 20:57:07,231 - scraper_base - INFO - 📦 [1/20] Processando Simparic
2026-07-10 20:57:07,231 - scraper_base - INFO - 🔍 Cobasi: Buscando Simparic
2026-07-10 20:57:12,471 - scraper_cobasi - INFO - Cobasi: Dados extraídos via JSON para Simparic
2026-07-10 20:57:12,471 - scraper_base - INFO - ✅ Cobasi: 24 produto(s) encontrado(s) para Simparic
2026-07-10 20:57:14,845 - scraper_base - INFO - 📦 [2/20] Processando Revolution
2026-07-10 20:57:14,845 - scraper_base - INFO - 🔍 Cobasi: Buscando Revolution
2026-07-10 20:57:18,410 - scraper_cobasi - INFO - Cobasi: Dados extraídos via JSON para Revolution
2026-07-10 20:57:18,410 - scraper_base - INFO - ✅ Cobasi: 18 produto(s) encontrado(s) para Revolution
2026-07-10 20:57:19,715 - scraper_base - INFO - 📦 [3/20] Processando NexGard
2026-07-10 20:57:19,715 - scraper_base - INFO - 🔍 Cobasi: Buscando NexGard
2026-07-10 20:57:24,116 - scraper_cobasi - INFO - Cobasi: Dados extraídos via JSON para NexGard
2026-07-10 20:57:24,116 - scraper_base - INFO - ✅ Cobasi: 22 produto(s) encontrado(s) para NexGard
2026-07-10 20:57:25,766 - scraper_base - INFO - 📦 [4/20] Processando NexGard Spectra
2026-07-10 20:57:25,767 - scraper_base - INFO - 🔍 Cobasi: Buscando NexGard Spectra
2026-07-10 20:57:29,870 - scraper_cobasi - INFO - Cobasi: Dados extraídos via JSON para NexGard Spectra
2026-07-10 20:57:29,870 - scraper_base - INFO - ✅ Cobasi: 10 produto(s) encontrado(s) para NexGard Spectra
2026-07-10 20:57:32,558 - scraper_base - INFO - 📦 [5/20] Processando NexGard Combo
2026-07-10 20:57:32,558 - scraper_base - INFO - 🔍 Cobasi: Buscando NexGard Combo
2026-07-10 20:57:36,611 - scraper_cobasi - INFO - Cobasi: Dados extraídos via JSON para NexGard Combo
2026-07-10 20:57:36,611 - scraper_base - INFO - ✅ Cobasi: 4 produto(s) encontrado(s) para NexGard Combo
2026-07-10 20:57:39,160 - scraper_base - INFO - 📦 [6/20] Processando Bravecto
2026-07-10 20:57:39,160 - scraper_base - INFO - 🔍 Cobasi: Buscando Bravecto
2026-07-10 20:57:45,087 - scraper_cobasi - INFO - Cobasi: Dados extraídos via JSON para Bravecto
2026-07-10 20:57:45,087 - scraper_base - INFO - ✅ Cobasi: 16 produto(s) encontrado(s) para Bravecto
2026-07-10 20:57:47,649 - scraper_base - INFO - 📦 [7/20] Processando Frontline
2026-07-10 20:57:47,649 - scraper_base - INFO - 🔍 Cobasi: Buscando Frontline
2026-07-10 20:57:52,657 - scraper_cobasi - INFO - Cobasi: Dados extraídos via JSON para Frontline
2026-07-10 20:57:52,657 - scraper_base - INFO - ✅ Cobasi: 11 produto(s) encontrado(s) para Frontline
2026-07-10 20:57:54,838 - scraper_base - INFO - 📦 [8/20] Processando Advocate
2026-07-10 20:57:54,838 - scraper_base - INFO - 🔍 Cobasi: Buscando Advocate
2026-07-10 20:57:58,780 - scraper_cobasi - INFO - Cobasi: Dados extraídos via JSON para Advocate
2026-07-10 20:57:58,780 - scraper_base - INFO - ✅ Cobasi: 12 produto(s) encontrado(s) para Advocate
2026-07-10 20:58:00,245 - scraper_base - INFO - 📦 [9/20] Processando Drontal
2026-07-10 20:58:00,245 - scraper_base - INFO - 🔍 Cobasi: Buscando Drontal
2026-07-10 20:58:04,006 - scraper_cobasi - INFO - Cobasi: Dados extraídos via JSON para Drontal
2026-07-10 20:58:04,006 - scraper_base - INFO - ✅ Cobasi: 8 produto(s) encontrado(s) para Drontal
2026-07-10 20:58:06,886 - scraper_base - INFO - 📦 [10/20] Processando Milbemax
2026-07-10 20:58:06,886 - scraper_base - INFO - 🔍 Cobasi: Buscando Milbemax
2026-07-10 20:58:10,595 - scraper_cobasi - INFO - Cobasi: Dados extraídos via JSON para Milbemax
2026-07-10 20:58:10,595 - scraper_base - INFO - ✅ Cobasi: 4 produto(s) encontrado(s) para Milbemax
2026-07-10 20:58:13,334 - scraper_base - INFO - 📦 [11/20] Processando Vermivet
2026-07-10 20:58:13,334 - scraper_base - INFO - 🔍 Cobasi: Buscando Vermivet
2026-07-10 20:58:17,540 - scraper_cobasi - INFO - Cobasi: Dados extraídos via JSON para Vermivet
2026-07-10 20:58:17,540 - scraper_base - INFO - ✅ Cobasi: 5 produto(s) encontrado(s) para Vermivet
2026-07-10 20:58:19,536 - scraper_base - INFO - 📦 [12/20] Processando Rimadyl
2026-07-10 20:58:19,536 - scraper_base - INFO - 🔍 Cobasi: Buscando Rimadyl
2026-07-10 20:58:23,797 - scraper_cobasi - INFO - Cobasi: Dados extraídos via JSON para Rimadyl
2026-07-10 20:58:23,797 - scraper_base - INFO - ✅ Cobasi: 3 produto(s) encontrado(s) para Rimadyl
2026-07-10 20:58:26,742 - scraper_base - INFO - 📦 [13/20] Processando Onsior
2026-07-10 20:58:26,742 - scraper_base - INFO - 🔍 Cobasi: Buscando Onsior
2026-07-10 20:58:30,447 - scraper_cobasi - INFO - Cobasi: Dados extraídos via JSON para Onsior
2026-07-10 20:58:30,447 - scraper_base - INFO - ✅ Cobasi: 4 produto(s) encontrado(s) para Onsior
2026-07-10 20:58:33,097 - scraper_base - INFO - 📦 [14/20] Processando Maxicam
2026-07-10 20:58:33,097 - scraper_base - INFO - 🔍 Cobasi: Buscando Maxicam
2026-07-10 20:58:36,335 - scraper_cobasi - INFO - Cobasi: Dados extraídos via JSON para Maxicam
2026-07-10 20:58:36,335 - scraper_base - INFO - ✅ Cobasi: 3 produto(s) encontrado(s) para Maxicam
2026-07-10 20:58:37,407 - scraper_base - INFO - 📦 [15/20] Processando Carproflan
2026-07-10 20:58:37,407 - scraper_base - INFO - 🔍 Cobasi: Buscando Carproflan
2026-07-10 20:58:41,534 - scraper_cobasi - INFO - Cobasi: Dados extraídos via JSON para Carproflan
2026-07-10 20:58:41,534 - scraper_base - INFO - ✅ Cobasi: 3 produto(s) encontrado(s) para Carproflan
2026-07-10 20:58:42,606 - scraper_base - INFO - 📦 [16/20] Processando Previcox
2026-07-10 20:58:42,606 - scraper_base - INFO - 🔍 Cobasi: Buscando Previcox
2026-07-10 20:58:45,243 - scraper_cobasi - INFO - Cobasi: Dados extraídos via JSON para Previcox
2026-07-10 20:58:45,243 - scraper_base - INFO - ✅ Cobasi: 2 produto(s) encontrado(s) para Previcox
2026-07-10 20:58:46,709 - scraper_base - INFO - 📦 [17/20] Processando Apoquel
2026-07-10 20:58:46,709 - scraper_base - INFO - 🔍 Cobasi: Buscando Apoquel
2026-07-10 20:58:51,490 - scraper_cobasi - INFO - Cobasi: Dados extraídos via JSON para Apoquel
2026-07-10 20:58:51,490 - scraper_base - INFO - ✅ Cobasi: 3 produto(s) encontrado(s) para Apoquel
2026-07-10 20:58:54,446 - scraper_base - INFO - 📦 [18/20] Processando Zenrelia
2026-07-10 20:58:54,447 - scraper_base - INFO - 🔍 Cobasi: Buscando Zenrelia
2026-07-10 20:58:57,233 - scraper_cobasi - INFO - Cobasi: Dados extraídos via JSON para Zenrelia
2026-07-10 20:58:57,233 - scraper_base - INFO - ✅ Cobasi: 4 produto(s) encontrado(s) para Zenrelia
2026-07-10 20:58:58,305 - scraper_base - INFO - 📦 [19/20] Processando Synulox
2026-07-10 20:58:58,305 - scraper_base - INFO - 🔍 Cobasi: Buscando Synulox
2026-07-10 20:59:01,956 - scraper_cobasi - INFO - Cobasi: Dados extraídos via JSON para Synulox
2026-07-10 20:59:01,956 - scraper_base - INFO - ✅ Cobasi: 2 produto(s) encontrado(s) para Synulox
2026-07-10 20:59:04,413 - scraper_base - INFO - 📦 [20/20] Processando Baytril
2026-07-10 20:59:04,413 - scraper_base - INFO - 🔍 Cobasi: Buscando Baytril
2026-07-10 20:59:07,861 - scraper_cobasi - INFO - Cobasi: Dados extraídos via JSON para Baytril
2026-07-10 20:59:07,861 - scraper_base - INFO - ✅ Cobasi: 2 produto(s) encontrado(s) para Baytril
2026-07-10 20:59:09,013 - scraper_base - INFO - 📊 Cobasi - Estatísticas finais:
2026-07-10 20:59:09,014 - scraper_base - INFO -    • Medicamentos processados: 20
2026-07-10 20:59:09,014 - scraper_base - INFO -    • Produtos encontrados: 160
2026-07-10 20:59:09,014 - scraper_base - INFO -    • Medicamentos sem resultado: 0
2026-07-10 20:59:09,015 - scraper_base - INFO -    • Tempo total: 123.1s
2026-07-10 20:59:09,015 - scraper_base - INFO -    • Tempo médio por medicamento: 6.2s
2026-07-10 20:59:09,196 - gerenciador_arquivos - INFO - Excel salvo: dados_coletados/cobasi_20260710_205909.xlsx (160 produtos)
2026-07-10 20:59:09,196 - gerenciador_principal - INFO - Cobasi: Arquivo individual salvo com sucesso
2026-07-10 20:59:09,196 - gerenciador_principal - INFO - Pausando entre sites...
2026-07-10 20:59:11,196 - gerenciador_principal - INFO - [2/3] Processando Petlove
2026-07-10 20:59:11,196 - scraper_base - INFO - 🚀 Iniciando scraping completo - Petlove
2026-07-10 20:59:11,490 - gerenciador_conexoes - INFO - Sessao estabelecida com petlove.com.br
2026-07-10 20:59:11,490 - scraper_base - INFO - 📋 20 medicamentos para processar
2026-07-10 20:59:11,490 - scraper_base - INFO - 📦 [1/20] Processando Simparic
2026-07-10 20:59:11,490 - scraper_base - INFO - 🔍 Petlove: Buscando Simparic
2026-07-10 20:59:12,359 - scraper_base - INFO - ✅ Petlove: 36 produto(s) encontrado(s) para Simparic
2026-07-10 20:59:13,531 - scraper_base - INFO - 📦 [2/20] Processando Revolution
2026-07-10 20:59:13,531 - scraper_base - INFO - 🔍 Petlove: Buscando Revolution
2026-07-10 20:59:14,264 - scraper_base - INFO - ✅ Petlove: 20 produto(s) encontrado(s) para Revolution
2026-07-10 20:59:17,118 - scraper_base - INFO - 📦 [3/20] Processando NexGard
2026-07-10 20:59:17,118 - scraper_base - INFO - 🔍 Petlove: Buscando NexGard
2026-07-10 20:59:17,805 - scraper_base - INFO - ✅ Petlove: 11 produto(s) encontrado(s) para NexGard
2026-07-10 20:59:19,392 - scraper_base - INFO - 📦 [4/20] Processando NexGard Spectra
2026-07-10 20:59:19,392 - scraper_base - INFO - 🔍 Petlove: Buscando NexGard Spectra
2026-07-10 20:59:20,070 - scraper_base - INFO - ✅ Petlove: 5 produto(s) encontrado(s) para NexGard Spectra
2026-07-10 20:59:21,122 - scraper_base - INFO - 📦 [5/20] Processando NexGard Combo
2026-07-10 20:59:21,122 - scraper_base - INFO - 🔍 Petlove: Buscando NexGard Combo
2026-07-10 20:59:22,023 - scraper_base - INFO - ✅ Petlove: 2 produto(s) encontrado(s) para NexGard Combo
2026-07-10 20:59:23,747 - scraper_base - INFO - 📦 [6/20] Processando Bravecto
2026-07-10 20:59:23,747 - scraper_base - INFO - 🔍 Petlove: Buscando Bravecto
2026-07-10 20:59:24,559 - scraper_base - INFO - ✅ Petlove: 22 produto(s) encontrado(s) para Bravecto
2026-07-10 20:59:26,064 - scraper_base - INFO - 📦 [7/20] Processando Frontline
2026-07-10 20:59:26,064 - scraper_base - INFO - 🔍 Petlove: Buscando Frontline
2026-07-10 20:59:26,846 - scraper_base - INFO - ✅ Petlove: 11 produto(s) encontrado(s) para Frontline
2026-07-10 20:59:28,122 - scraper_base - INFO - 📦 [8/20] Processando Advocate
2026-07-10 20:59:28,122 - scraper_base - INFO - 🔍 Petlove: Buscando Advocate
2026-07-10 20:59:28,820 - scraper_base - INFO - ✅ Petlove: 9 produto(s) encontrado(s) para Advocate
2026-07-10 20:59:29,879 - scraper_base - INFO - 📦 [9/20] Processando Drontal
2026-07-10 20:59:29,879 - scraper_base - INFO - 🔍 Petlove: Buscando Drontal
2026-07-10 20:59:30,676 - scraper_base - INFO - ✅ Petlove: 36 produto(s) encontrado(s) para Drontal
2026-07-10 20:59:32,030 - scraper_base - INFO - 📦 [10/20] Processando Milbemax
2026-07-10 20:59:32,030 - scraper_base - INFO - 🔍 Petlove: Buscando Milbemax
2026-07-10 20:59:32,754 - scraper_base - INFO - ✅ Petlove: 14 produto(s) encontrado(s) para Milbemax
2026-07-10 20:59:33,904 - scraper_base - INFO - 📦 [11/20] Processando Vermivet
2026-07-10 20:59:33,904 - scraper_base - INFO - 🔍 Petlove: Buscando Vermivet
2026-07-10 20:59:35,577 - scraper_base - INFO - ✅ Petlove: 36 produto(s) encontrado(s) para Vermivet
2026-07-10 20:59:36,660 - scraper_base - INFO - 📦 [12/20] Processando Rimadyl
2026-07-10 20:59:36,660 - scraper_base - INFO - 🔍 Petlove: Buscando Rimadyl
2026-07-10 20:59:37,280 - scraper_base - INFO - ✅ Petlove: 1 produto(s) encontrado(s) para Rimadyl
2026-07-10 20:59:39,320 - scraper_base - INFO - 📦 [13/20] Processando Onsior
2026-07-10 20:59:39,320 - scraper_base - INFO - 🔍 Petlove: Buscando Onsior
2026-07-10 20:59:39,945 - scraper_base - INFO - ✅ Petlove: 4 produto(s) encontrado(s) para Onsior
2026-07-10 20:59:41,998 - scraper_base - INFO - 📦 [14/20] Processando Maxicam
2026-07-10 20:59:41,999 - scraper_base - INFO - 🔍 Petlove: Buscando Maxicam
2026-07-10 20:59:42,735 - scraper_base - INFO - ✅ Petlove: 3 produto(s) encontrado(s) para Maxicam
2026-07-10 20:59:44,709 - scraper_base - INFO - 📦 [15/20] Processando Carproflan
2026-07-10 20:59:44,709 - scraper_base - INFO - 🔍 Petlove: Buscando Carproflan
2026-07-10 20:59:45,403 - scraper_base - INFO - ✅ Petlove: 8 produto(s) encontrado(s) para Carproflan
2026-07-10 20:59:47,498 - scraper_base - INFO - 📦 [16/20] Processando Previcox
2026-07-10 20:59:47,498 - scraper_base - INFO - 🔍 Petlove: Buscando Previcox
2026-07-10 20:59:48,186 - scraper_base - INFO - ✅ Petlove: 4 produto(s) encontrado(s) para Previcox
2026-07-10 20:59:50,972 - scraper_base - INFO - 📦 [17/20] Processando Apoquel
2026-07-10 20:59:50,972 - scraper_base - INFO - 🔍 Petlove: Buscando Apoquel
2026-07-10 20:59:51,682 - scraper_base - INFO - ✅ Petlove: 16 produto(s) encontrado(s) para Apoquel
2026-07-10 20:59:52,720 - scraper_base - INFO - 📦 [18/20] Processando Zenrelia
2026-07-10 20:59:52,720 - scraper_base - INFO - 🔍 Petlove: Buscando Zenrelia
2026-07-10 20:59:53,371 - scraper_base - INFO - ✅ Petlove: 4 produto(s) encontrado(s) para Zenrelia
2026-07-10 20:59:56,089 - scraper_base - INFO - 📦 [19/20] Processando Synulox
2026-07-10 20:59:56,090 - scraper_base - INFO - 🔍 Petlove: Buscando Synulox
2026-07-10 20:59:56,724 - scraper_base - INFO - ✅ Petlove: 1 produto(s) encontrado(s) para Synulox
2026-07-10 20:59:57,788 - scraper_base - INFO - 📦 [20/20] Processando Baytril
2026-07-10 20:59:57,788 - scraper_base - INFO - 🔍 Petlove: Buscando Baytril
2026-07-10 20:59:58,521 - scraper_base - INFO - ✅ Petlove: 6 produto(s) encontrado(s) para Baytril
2026-07-10 21:00:00,726 - scraper_base - INFO - 📊 Petlove - Estatísticas finais:
2026-07-10 21:00:00,726 - scraper_base - INFO -    • Medicamentos processados: 20
2026-07-10 21:00:00,726 - scraper_base - INFO -    • Produtos encontrados: 249
2026-07-10 21:00:00,726 - scraper_base - INFO -    • Medicamentos sem resultado: 0
2026-07-10 21:00:00,726 - scraper_base - INFO -    • Tempo total: 49.5s
2026-07-10 21:00:00,726 - scraper_base - INFO -    • Tempo médio por medicamento: 2.5s
2026-07-10 21:00:00,772 - gerenciador_arquivos - INFO - Excel salvo: dados_coletados/petlove_20260710_210000.xlsx (249 produtos)
2026-07-10 21:00:00,772 - gerenciador_principal - INFO - Petlove: Arquivo individual salvo com sucesso
2026-07-10 21:00:00,772 - gerenciador_principal - INFO - Pausando entre sites...
2026-07-10 21:00:02,772 - gerenciador_principal - INFO - [3/3] Processando Petz
2026-07-10 21:00:02,772 - scraper_base - INFO - 🚀 Iniciando scraping completo - Petz
2026-07-10 21:00:02,998 - scraper_base - INFO - 📋 20 medicamentos para processar
2026-07-10 21:00:02,998 - scraper_base - INFO - 📦 [1/20] Processando Simparic
2026-07-10 21:00:02,998 - scraper_base - INFO - 🔍 Petz: Buscando Simparic
2026-07-10 21:00:11,031 - gerenciador_conexoes - INFO - Chrome inicializado com otimizacoes de velocidade
2026-07-10 21:00:16,363 - scraper_base - INFO - ✅ Petz: 24 produto(s) encontrado(s) para Simparic
2026-07-10 21:00:18,206 - scraper_base - INFO - 📦 [2/20] Processando Revolution
2026-07-10 21:00:18,206 - scraper_base - INFO - 🔍 Petz: Buscando Revolution
2026-07-10 21:00:21,551 - scraper_base - INFO - ✅ Petz: 27 produto(s) encontrado(s) para Revolution
2026-07-10 21:00:22,625 - scraper_base - INFO - 📦 [3/20] Processando NexGard
2026-07-10 21:00:22,625 - scraper_base - INFO - 🔍 Petz: Buscando NexGard
2026-07-10 21:00:24,948 - scraper_base - INFO - ✅ Petz: 22 produto(s) encontrado(s) para NexGard
2026-07-10 21:00:26,810 - scraper_base - INFO - 📦 [4/20] Processando NexGard Spectra
2026-07-10 21:00:26,811 - scraper_base - INFO - 🔍 Petz: Buscando NexGard Spectra
2026-07-10 21:00:29,133 - scraper_base - INFO - ✅ Petz: 10 produto(s) encontrado(s) para NexGard Spectra
2026-07-10 21:00:30,831 - scraper_base - INFO - 📦 [5/20] Processando NexGard Combo
2026-07-10 21:00:30,831 - scraper_base - INFO - 🔍 Petz: Buscando NexGard Combo
2026-07-10 21:00:32,790 - scraper_base - INFO - ✅ Petz: 4 produto(s) encontrado(s) para NexGard Combo
2026-07-10 21:00:34,615 - scraper_base - INFO - 📦 [6/20] Processando Bravecto
2026-07-10 21:00:34,616 - scraper_base - INFO - 🔍 Petz: Buscando Bravecto
2026-07-10 21:00:37,353 - scraper_base - INFO - ✅ Petz: 16 produto(s) encontrado(s) para Bravecto
2026-07-10 21:00:40,142 - scraper_base - INFO - 📦 [7/20] Processando Frontline
2026-07-10 21:00:40,142 - scraper_base - INFO - 🔍 Petz: Buscando Frontline
2026-07-10 21:00:42,264 - scraper_base - INFO - ✅ Petz: 11 produto(s) encontrado(s) para Frontline
2026-07-10 21:00:44,061 - scraper_base - INFO - 📦 [8/20] Processando Advocate
2026-07-10 21:00:44,061 - scraper_base - INFO - 🔍 Petz: Buscando Advocate
2026-07-10 21:00:46,399 - scraper_base - INFO - ✅ Petz: 12 produto(s) encontrado(s) para Advocate
2026-07-10 21:00:47,921 - scraper_base - INFO - 📦 [9/20] Processando Drontal
2026-07-10 21:00:47,921 - scraper_base - INFO - 🔍 Petz: Buscando Drontal
2026-07-10 21:00:51,054 - scraper_base - INFO - ✅ Petz: 34 produto(s) encontrado(s) para Drontal
2026-07-10 21:00:52,385 - scraper_base - INFO - 📦 [10/20] Processando Milbemax
2026-07-10 21:00:52,385 - scraper_base - INFO - 🔍 Petz: Buscando Milbemax
2026-07-10 21:00:54,265 - scraper_base - INFO - ✅ Petz: 4 produto(s) encontrado(s) para Milbemax
2026-07-10 21:00:56,328 - scraper_base - INFO - 📦 [11/20] Processando Vermivet
2026-07-10 21:00:56,328 - scraper_base - INFO - 🔍 Petz: Buscando Vermivet
2026-07-10 21:00:58,159 - scraper_base - INFO - ✅ Petz: 5 produto(s) encontrado(s) para Vermivet
2026-07-10 21:01:00,784 - scraper_base - INFO - 📦 [12/20] Processando Rimadyl
2026-07-10 21:01:00,784 - scraper_base - INFO - 🔍 Petz: Buscando Rimadyl
2026-07-10 21:01:02,590 - scraper_base - INFO - ✅ Petz: 3 produto(s) encontrado(s) para Rimadyl
2026-07-10 21:01:04,650 - scraper_base - INFO - 📦 [13/20] Processando Onsior
2026-07-10 21:01:04,650 - scraper_base - INFO - 🔍 Petz: Buscando Onsior
2026-07-10 21:01:06,441 - scraper_base - INFO - ✅ Petz: 4 produto(s) encontrado(s) para Onsior
2026-07-10 21:01:08,289 - scraper_base - INFO - 📦 [14/20] Processando Maxicam
2026-07-10 21:01:08,290 - scraper_base - INFO - 🔍 Petz: Buscando Maxicam
2026-07-10 21:01:11,251 - scraper_base - INFO - ✅ Petz: 26 produto(s) encontrado(s) para Maxicam
2026-07-10 21:01:13,361 - scraper_base - INFO - 📦 [15/20] Processando Carproflan
2026-07-10 21:01:13,361 - scraper_base - INFO - 🔍 Petz: Buscando Carproflan
2026-07-10 21:01:15,833 - scraper_base - INFO - ✅ Petz: 3 produto(s) encontrado(s) para Carproflan
2026-07-10 21:01:18,582 - scraper_base - INFO - 📦 [16/20] Processando Previcox
2026-07-10 21:01:18,582 - scraper_base - INFO - 🔍 Petz: Buscando Previcox
2026-07-10 21:01:20,594 - scraper_base - INFO - ✅ Petz: 2 produto(s) encontrado(s) para Previcox
2026-07-10 21:01:22,447 - scraper_base - INFO - 📦 [17/20] Processando Apoquel
2026-07-10 21:01:22,447 - scraper_base - INFO - 🔍 Petz: Buscando Apoquel
2026-07-10 21:01:24,626 - scraper_base - INFO - ✅ Petz: 3 produto(s) encontrado(s) para Apoquel
2026-07-10 21:01:27,102 - scraper_base - INFO - 📦 [18/20] Processando Zenrelia
2026-07-10 21:01:27,102 - scraper_base - INFO - 🔍 Petz: Buscando Zenrelia
2026-07-10 21:01:28,888 - scraper_base - INFO - ✅ Petz: 4 produto(s) encontrado(s) para Zenrelia
2026-07-10 21:01:30,099 - scraper_base - INFO - 📦 [19/20] Processando Synulox
2026-07-10 21:01:30,100 - scraper_base - INFO - 🔍 Petz: Buscando Synulox
2026-07-10 21:01:32,081 - scraper_base - INFO - ✅ Petz: 2 produto(s) encontrado(s) para Synulox
2026-07-10 21:01:34,190 - scraper_base - INFO - 📦 [20/20] Processando Baytril
2026-07-10 21:01:34,190 - scraper_base - INFO - 🔍 Petz: Buscando Baytril
2026-07-10 21:01:36,390 - scraper_base - INFO - ✅ Petz: 9 produto(s) encontrado(s) para Baytril
2026-07-10 21:01:38,150 - scraper_base - INFO - 📊 Petz - Estatísticas finais:
2026-07-10 21:01:38,150 - scraper_base - INFO -    • Medicamentos processados: 20
2026-07-10 21:01:38,150 - scraper_base - INFO -    • Produtos encontrados: 225
2026-07-10 21:01:38,151 - scraper_base - INFO -    • Medicamentos sem resultado: 0
2026-07-10 21:01:38,151 - scraper_base - INFO -    • Tempo total: 95.4s
2026-07-10 21:01:38,151 - scraper_base - INFO -    • Tempo médio por medicamento: 4.8s
2026-07-10 21:01:38,252 - gerenciador_arquivos - INFO - Excel salvo: dados_coletados/petz_20260710_210138.xlsx (225 produtos)
2026-07-10 21:01:38,252 - gerenciador_principal - INFO - Petz: Arquivo individual salvo com sucesso
2026-07-10 21:01:38,252 - gerenciador_principal - INFO - Gerando relatório consolidado...
2026-07-10 21:01:38,472 - gerenciador_arquivos - INFO - Relatório consolidado salvo: dados_relatorios/relatorio_consolidado_20260710_210138.xlsx
2026-07-10 21:01:38,574 - gerenciador_conexoes - INFO - Chrome fechado
2026-07-10 21:01:38,574 - gerenciador_conexoes - INFO - Métodos utilizados - Requests: 66.7%, Selenium: 33.3%, Falhas: 0.0%
2026-07-10 21:01:38,574 - gerenciador_principal - INFO - ============================================================
2026-07-10 21:01:38,574 - gerenciador_principal - INFO - RELATORIO FINAL DE EXECUÇÃO
2026-07-10 21:01:38,574 - gerenciador_principal - INFO - ============================================================
2026-07-10 21:01:38,574 - gerenciador_principal - INFO - Sites processados: 3
2026-07-10 21:01:38,575 - gerenciador_principal - INFO - Sites com sucesso: 3
2026-07-10 21:01:38,575 - gerenciador_principal - INFO - Total de produtos coletados: 634
2026-07-10 21:01:38,575 - gerenciador_principal - INFO - Tempo total de execução: 272.3 segundos
2026-07-10 21:01:38,575 - gerenciador_principal - INFO - Estatísticas de conexão:
2026-07-10 21:01:38,575 - gerenciador_principal - INFO -   - Requests bem-sucedidos: 66.7%
2026-07-10 21:01:38,575 - gerenciador_principal - INFO -   - Selenium fallback: 33.3%
2026-07-10 21:01:38,575 - gerenciador_principal - INFO -   - Falhas totais: 0.0%
2026-07-10 21:01:38,579 - gerenciador_principal - INFO - Arquivos salvos na pasta: dados_coletados
2026-07-10 21:01:38,579 - gerenciador_principal - INFO - Total de arquivos: 831
2026-07-10 21:01:38,579 - gerenciador_principal - INFO - ============================================================
