2026-08-24 20:14:57,393 - configurador_logs - INFO - Sistema de logs configurado com sucesso
2026-08-24 20:14:57,393 - configurador_logs - INFO - 🚀 Logs configurados para MODO PRODUÇÃO
2026-08-24 20:14:57,393 - gerenciador_principal - INFO - Inicializando sistema - Modo: PRODUCAO
2026-08-24 20:14:57,393 - gerenciador_arquivos - INFO - Pasta dados_coletados preparada
2026-08-24 20:14:57,393 - gerenciador_principal - INFO - Sistema inicializado com 3 scrapers
2026-08-24 20:14:57,393 - gerenciador_principal - INFO - ============================================================
2026-08-24 20:14:57,394 - gerenciador_principal - INFO - INICIANDO SCRAPING COMPLETO - PRODUCAO
2026-08-24 20:14:57,394 - gerenciador_principal - INFO - ============================================================
2026-08-24 20:14:57,394 - gerenciador_principal - INFO - [1/3] Processando Cobasi
2026-08-24 20:14:57,394 - scraper_base - INFO - 🚀 Iniciando scraping completo - Cobasi
2026-08-24 20:14:57,674 - gerenciador_conexoes - INFO - Sessao estabelecida com cobasi.com.br
2026-08-24 20:14:57,674 - scraper_base - INFO - 📋 20 medicamentos para processar
2026-08-24 20:14:57,674 - scraper_base - INFO - 📦 [1/20] Processando Simparic
2026-08-24 20:14:57,674 - scraper_base - INFO - 🔍 Cobasi: Buscando Simparic
2026-08-24 20:15:06,125 - scraper_cobasi - INFO - Cobasi: Dados extraídos via JSON para Simparic
2026-08-24 20:15:06,126 - scraper_base - INFO - ✅ Cobasi: 24 produto(s) encontrado(s) para Simparic
2026-08-24 20:15:08,141 - scraper_base - INFO - 📦 [2/20] Processando Revolution
2026-08-24 20:15:08,141 - scraper_base - INFO - 🔍 Cobasi: Buscando Revolution
2026-08-24 20:15:11,229 - scraper_cobasi - INFO - Cobasi: Dados extraídos via JSON para Revolution
2026-08-24 20:15:11,229 - scraper_base - INFO - ✅ Cobasi: 18 produto(s) encontrado(s) para Revolution
2026-08-24 20:15:12,968 - scraper_base - INFO - 📦 [3/20] Processando NexGard
2026-08-24 20:15:12,969 - scraper_base - INFO - 🔍 Cobasi: Buscando NexGard
2026-08-24 20:15:20,552 - scraper_cobasi - INFO - Cobasi: Dados extraídos via JSON para NexGard
2026-08-24 20:15:20,552 - scraper_base - INFO - ✅ Cobasi: 22 produto(s) encontrado(s) para NexGard
2026-08-24 20:15:21,760 - scraper_base - INFO - 📦 [4/20] Processando NexGard Spectra
2026-08-24 20:15:21,760 - scraper_base - INFO - 🔍 Cobasi: Buscando NexGard Spectra
2026-08-24 20:15:26,379 - scraper_cobasi - INFO - Cobasi: Dados extraídos via JSON para NexGard Spectra
2026-08-24 20:15:26,379 - scraper_base - INFO - ✅ Cobasi: 10 produto(s) encontrado(s) para NexGard Spectra
2026-08-24 20:15:28,714 - scraper_base - INFO - 📦 [5/20] Processando NexGard Combo
2026-08-24 20:15:28,714 - scraper_base - INFO - 🔍 Cobasi: Buscando NexGard Combo
2026-08-24 20:15:32,231 - scraper_cobasi - INFO - Cobasi: Dados extraídos via JSON para NexGard Combo
2026-08-24 20:15:32,231 - scraper_base - INFO - ✅ Cobasi: 4 produto(s) encontrado(s) para NexGard Combo
2026-08-24 20:15:34,412 - scraper_base - INFO - 📦 [6/20] Processando Bravecto
2026-08-24 20:15:34,413 - scraper_base - INFO - 🔍 Cobasi: Buscando Bravecto
2026-08-24 20:15:37,730 - scraper_cobasi - INFO - Cobasi: Dados extraídos via JSON para Bravecto
2026-08-24 20:15:37,730 - scraper_base - INFO - ✅ Cobasi: 16 produto(s) encontrado(s) para Bravecto
2026-08-24 20:15:40,614 - scraper_base - INFO - 📦 [7/20] Processando Frontline
2026-08-24 20:15:40,614 - scraper_base - INFO - 🔍 Cobasi: Buscando Frontline
2026-08-24 20:15:44,606 - scraper_cobasi - INFO - Cobasi: Dados extraídos via JSON para Frontline
2026-08-24 20:15:44,606 - scraper_base - INFO - ✅ Cobasi: 11 produto(s) encontrado(s) para Frontline
2026-08-24 20:15:47,422 - scraper_base - INFO - 📦 [8/20] Processando Advocate
2026-08-24 20:15:47,422 - scraper_base - INFO - 🔍 Cobasi: Buscando Advocate
2026-08-24 20:15:50,948 - scraper_cobasi - INFO - Cobasi: Dados extraídos via JSON para Advocate
2026-08-24 20:15:50,948 - scraper_base - INFO - ✅ Cobasi: 12 produto(s) encontrado(s) para Advocate
2026-08-24 20:15:53,803 - scraper_base - INFO - 📦 [9/20] Processando Drontal
2026-08-24 20:15:53,803 - scraper_base - INFO - 🔍 Cobasi: Buscando Drontal
2026-08-24 20:15:56,642 - scraper_cobasi - INFO - Cobasi: Dados extraídos via JSON para Drontal
2026-08-24 20:15:56,642 - scraper_base - INFO - ✅ Cobasi: 8 produto(s) encontrado(s) para Drontal
2026-08-24 20:15:58,036 - scraper_base - INFO - 📦 [10/20] Processando Milbemax
2026-08-24 20:15:58,036 - scraper_base - INFO - 🔍 Cobasi: Buscando Milbemax
2026-08-24 20:16:01,671 - scraper_cobasi - INFO - Cobasi: Dados extraídos via JSON para Milbemax
2026-08-24 20:16:01,671 - scraper_base - INFO - ✅ Cobasi: 4 produto(s) encontrado(s) para Milbemax
2026-08-24 20:16:03,959 - scraper_base - INFO - 📦 [11/20] Processando Vermivet
2026-08-24 20:16:03,959 - scraper_base - INFO - 🔍 Cobasi: Buscando Vermivet
2026-08-24 20:16:08,842 - scraper_cobasi - INFO - Cobasi: Dados extraídos via JSON para Vermivet
2026-08-24 20:16:08,842 - scraper_base - INFO - ✅ Cobasi: 5 produto(s) encontrado(s) para Vermivet
2026-08-24 20:16:11,796 - scraper_base - INFO - 📦 [12/20] Processando Rimadyl
2026-08-24 20:16:11,796 - scraper_base - INFO - 🔍 Cobasi: Buscando Rimadyl
2026-08-24 20:16:14,607 - scraper_cobasi - INFO - Cobasi: Dados extraídos via JSON para Rimadyl
2026-08-24 20:16:14,608 - scraper_base - INFO - ✅ Cobasi: 3 produto(s) encontrado(s) para Rimadyl
2026-08-24 20:16:16,584 - scraper_base - INFO - 📦 [13/20] Processando Onsior
2026-08-24 20:16:16,584 - scraper_base - INFO - 🔍 Cobasi: Buscando Onsior
2026-08-24 20:16:20,613 - scraper_cobasi - INFO - Cobasi: Dados extraídos via JSON para Onsior
2026-08-24 20:16:20,613 - scraper_base - INFO - ✅ Cobasi: 4 produto(s) encontrado(s) para Onsior
2026-08-24 20:16:21,940 - scraper_base - INFO - 📦 [14/20] Processando Maxicam
2026-08-24 20:16:21,940 - scraper_base - INFO - 🔍 Cobasi: Buscando Maxicam
2026-08-24 20:16:26,028 - scraper_cobasi - INFO - Cobasi: Dados extraídos via JSON para Maxicam
2026-08-24 20:16:26,028 - scraper_base - INFO - ✅ Cobasi: 3 produto(s) encontrado(s) para Maxicam
2026-08-24 20:16:27,968 - scraper_base - INFO - 📦 [15/20] Processando Carproflan
2026-08-24 20:16:27,968 - scraper_base - INFO - 🔍 Cobasi: Buscando Carproflan
2026-08-24 20:16:31,959 - scraper_cobasi - INFO - Cobasi: Dados extraídos via JSON para Carproflan
2026-08-24 20:16:31,959 - scraper_base - INFO - ✅ Cobasi: 3 produto(s) encontrado(s) para Carproflan
2026-08-24 20:16:33,576 - scraper_base - INFO - 📦 [16/20] Processando Previcox
2026-08-24 20:16:33,576 - scraper_base - INFO - 🔍 Cobasi: Buscando Previcox
2026-08-24 20:16:36,933 - scraper_cobasi - INFO - Cobasi: Dados extraídos via JSON para Previcox
2026-08-24 20:16:36,933 - scraper_base - INFO - ✅ Cobasi: 2 produto(s) encontrado(s) para Previcox
2026-08-24 20:16:38,692 - scraper_base - INFO - 📦 [17/20] Processando Apoquel
2026-08-24 20:16:38,692 - scraper_base - INFO - 🔍 Cobasi: Buscando Apoquel
2026-08-24 20:16:43,466 - scraper_cobasi - INFO - Cobasi: Dados extraídos via JSON para Apoquel
2026-08-24 20:16:43,466 - scraper_base - INFO - ✅ Cobasi: 3 produto(s) encontrado(s) para Apoquel
2026-08-24 20:16:46,056 - scraper_base - INFO - 📦 [18/20] Processando Zenrelia
2026-08-24 20:16:46,056 - scraper_base - INFO - 🔍 Cobasi: Buscando Zenrelia
2026-08-24 20:16:52,783 - scraper_cobasi - INFO - Cobasi: Dados extraídos via JSON para Zenrelia
2026-08-24 20:16:52,783 - scraper_base - INFO - ✅ Cobasi: 4 produto(s) encontrado(s) para Zenrelia
2026-08-24 20:16:54,923 - scraper_base - INFO - 📦 [19/20] Processando Synulox
2026-08-24 20:16:54,923 - scraper_base - INFO - 🔍 Cobasi: Buscando Synulox
2026-08-24 20:16:59,734 - scraper_cobasi - INFO - Cobasi: Dados extraídos via JSON para Synulox
2026-08-24 20:16:59,735 - scraper_base - INFO - ✅ Cobasi: 2 produto(s) encontrado(s) para Synulox
2026-08-24 20:17:02,320 - scraper_base - INFO - 📦 [20/20] Processando Baytril
2026-08-24 20:17:02,321 - scraper_base - INFO - 🔍 Cobasi: Buscando Baytril
2026-08-24 20:17:09,446 - scraper_cobasi - INFO - Cobasi: Dados extraídos via JSON para Baytril
2026-08-24 20:17:09,446 - scraper_base - INFO - ✅ Cobasi: 2 produto(s) encontrado(s) para Baytril
2026-08-24 20:17:10,553 - scraper_base - INFO - 📊 Cobasi - Estatísticas finais:
2026-08-24 20:17:10,553 - scraper_base - INFO -    • Medicamentos processados: 20
2026-08-24 20:17:10,553 - scraper_base - INFO -    • Produtos encontrados: 160
2026-08-24 20:17:10,554 - scraper_base - INFO -    • Medicamentos sem resultado: 0
2026-08-24 20:17:10,554 - scraper_base - INFO -    • Tempo total: 133.2s
2026-08-24 20:17:10,554 - scraper_base - INFO -    • Tempo médio por medicamento: 6.7s
2026-08-24 20:17:10,735 - gerenciador_arquivos - INFO - Excel salvo: dados_coletados/cobasi_20260824_201710.xlsx (160 produtos)
2026-08-24 20:17:10,735 - gerenciador_principal - INFO - Cobasi: Arquivo individual salvo com sucesso
2026-08-24 20:17:10,735 - gerenciador_principal - INFO - Pausando entre sites...
2026-08-24 20:17:12,736 - gerenciador_principal - INFO - [2/3] Processando Petlove
2026-08-24 20:17:12,736 - scraper_base - INFO - 🚀 Iniciando scraping completo - Petlove
2026-08-24 20:17:13,044 - gerenciador_conexoes - INFO - Sessao estabelecida com petlove.com.br
2026-08-24 20:17:13,044 - scraper_base - INFO - 📋 20 medicamentos para processar
2026-08-24 20:17:13,044 - scraper_base - INFO - 📦 [1/20] Processando Simparic
2026-08-24 20:17:13,044 - scraper_base - INFO - 🔍 Petlove: Buscando Simparic
2026-08-24 20:17:13,823 - scraper_base - INFO - ✅ Petlove: 36 produto(s) encontrado(s) para Simparic
2026-08-24 20:17:15,191 - scraper_base - INFO - 📦 [2/20] Processando Revolution
2026-08-24 20:17:15,191 - scraper_base - INFO - 🔍 Petlove: Buscando Revolution
2026-08-24 20:17:15,904 - scraper_base - INFO - ✅ Petlove: 19 produto(s) encontrado(s) para Revolution
2026-08-24 20:17:17,888 - scraper_base - INFO - 📦 [3/20] Processando NexGard
2026-08-24 20:17:17,888 - scraper_base - INFO - 🔍 Petlove: Buscando NexGard
2026-08-24 20:17:18,538 - scraper_base - INFO - ✅ Petlove: 11 produto(s) encontrado(s) para NexGard
2026-08-24 20:17:19,976 - scraper_base - INFO - 📦 [4/20] Processando NexGard Spectra
2026-08-24 20:17:19,977 - scraper_base - INFO - 🔍 Petlove: Buscando NexGard Spectra
2026-08-24 20:17:20,638 - scraper_base - INFO - ✅ Petlove: 5 produto(s) encontrado(s) para NexGard Spectra
2026-08-24 20:17:22,140 - scraper_base - INFO - 📦 [5/20] Processando NexGard Combo
2026-08-24 20:17:22,140 - scraper_base - INFO - 🔍 Petlove: Buscando NexGard Combo
2026-08-24 20:17:22,734 - scraper_base - INFO - ✅ Petlove: 2 produto(s) encontrado(s) para NexGard Combo
2026-08-24 20:17:25,105 - scraper_base - INFO - 📦 [6/20] Processando Bravecto
2026-08-24 20:17:25,106 - scraper_base - INFO - 🔍 Petlove: Buscando Bravecto
2026-08-24 20:17:25,965 - scraper_base - INFO - ✅ Petlove: 23 produto(s) encontrado(s) para Bravecto
2026-08-24 20:17:27,117 - scraper_base - INFO - 📦 [7/20] Processando Frontline
2026-08-24 20:17:27,117 - scraper_base - INFO - 🔍 Petlove: Buscando Frontline
2026-08-24 20:17:27,792 - scraper_base - INFO - ✅ Petlove: 11 produto(s) encontrado(s) para Frontline
2026-08-24 20:17:29,999 - scraper_base - INFO - 📦 [8/20] Processando Advocate
2026-08-24 20:17:30,000 - scraper_base - INFO - 🔍 Petlove: Buscando Advocate
2026-08-24 20:17:30,669 - scraper_base - INFO - ✅ Petlove: 9 produto(s) encontrado(s) para Advocate
2026-08-24 20:17:33,605 - scraper_base - INFO - 📦 [9/20] Processando Drontal
2026-08-24 20:17:33,605 - scraper_base - INFO - 🔍 Petlove: Buscando Drontal
2026-08-24 20:17:34,418 - scraper_base - INFO - ✅ Petlove: 36 produto(s) encontrado(s) para Drontal
2026-08-24 20:17:36,933 - scraper_base - INFO - 📦 [10/20] Processando Milbemax
2026-08-24 20:17:36,933 - scraper_base - INFO - 🔍 Petlove: Buscando Milbemax
2026-08-24 20:17:37,620 - scraper_base - INFO - ✅ Petlove: 14 produto(s) encontrado(s) para Milbemax
2026-08-24 20:17:38,888 - scraper_base - INFO - 📦 [11/20] Processando Vermivet
2026-08-24 20:17:38,888 - scraper_base - INFO - 🔍 Petlove: Buscando Vermivet
2026-08-24 20:17:40,145 - scraper_base - INFO - ✅ Petlove: 36 produto(s) encontrado(s) para Vermivet
2026-08-24 20:17:42,513 - scraper_base - INFO - 📦 [12/20] Processando Rimadyl
2026-08-24 20:17:42,513 - scraper_base - INFO - 🔍 Petlove: Buscando Rimadyl
2026-08-24 20:17:43,122 - scraper_base - INFO - ✅ Petlove: 1 produto(s) encontrado(s) para Rimadyl
2026-08-24 20:17:44,219 - scraper_base - INFO - 📦 [13/20] Processando Onsior
2026-08-24 20:17:44,219 - scraper_base - INFO - 🔍 Petlove: Buscando Onsior
2026-08-24 20:17:45,900 - scraper_base - INFO - ✅ Petlove: 4 produto(s) encontrado(s) para Onsior
2026-08-24 20:17:48,791 - scraper_base - INFO - 📦 [14/20] Processando Maxicam
2026-08-24 20:17:48,791 - scraper_base - INFO - 🔍 Petlove: Buscando Maxicam
2026-08-24 20:17:49,552 - scraper_base - INFO - ✅ Petlove: 3 produto(s) encontrado(s) para Maxicam
2026-08-24 20:17:51,865 - scraper_base - INFO - 📦 [15/20] Processando Carproflan
2026-08-24 20:17:51,865 - scraper_base - INFO - 🔍 Petlove: Buscando Carproflan
2026-08-24 20:17:52,517 - scraper_base - INFO - ✅ Petlove: 8 produto(s) encontrado(s) para Carproflan
2026-08-24 20:17:55,229 - scraper_base - INFO - 📦 [16/20] Processando Previcox
2026-08-24 20:17:55,229 - scraper_base - INFO - 🔍 Petlove: Buscando Previcox
2026-08-24 20:17:55,870 - scraper_base - INFO - ✅ Petlove: 4 produto(s) encontrado(s) para Previcox
2026-08-24 20:17:58,586 - scraper_base - INFO - 📦 [17/20] Processando Apoquel
2026-08-24 20:17:58,586 - scraper_base - INFO - 🔍 Petlove: Buscando Apoquel
2026-08-24 20:17:59,246 - scraper_base - INFO - ✅ Petlove: 16 produto(s) encontrado(s) para Apoquel
2026-08-24 20:18:00,554 - scraper_base - INFO - 📦 [18/20] Processando Zenrelia
2026-08-24 20:18:00,554 - scraper_base - INFO - 🔍 Petlove: Buscando Zenrelia
2026-08-24 20:18:01,170 - scraper_base - INFO - ✅ Petlove: 4 produto(s) encontrado(s) para Zenrelia
2026-08-24 20:18:03,351 - scraper_base - INFO - 📦 [19/20] Processando Synulox
2026-08-24 20:18:03,351 - scraper_base - INFO - 🔍 Petlove: Buscando Synulox
2026-08-24 20:18:04,162 - scraper_base - INFO - ✅ Petlove: 1 produto(s) encontrado(s) para Synulox
2026-08-24 20:18:06,183 - scraper_base - INFO - 📦 [20/20] Processando Baytril
2026-08-24 20:18:06,183 - scraper_base - INFO - 🔍 Petlove: Buscando Baytril
2026-08-24 20:18:06,813 - scraper_base - INFO - ✅ Petlove: 6 produto(s) encontrado(s) para Baytril
2026-08-24 20:18:09,464 - scraper_base - INFO - 📊 Petlove - Estatísticas finais:
2026-08-24 20:18:09,464 - scraper_base - INFO -    • Medicamentos processados: 20
2026-08-24 20:18:09,464 - scraper_base - INFO -    • Produtos encontrados: 249
2026-08-24 20:18:09,464 - scraper_base - INFO -    • Medicamentos sem resultado: 0
2026-08-24 20:18:09,464 - scraper_base - INFO -    • Tempo total: 56.7s
2026-08-24 20:18:09,464 - scraper_base - INFO -    • Tempo médio por medicamento: 2.8s
2026-08-24 20:18:09,512 - gerenciador_arquivos - INFO - Excel salvo: dados_coletados/petlove_20260824_201809.xlsx (249 produtos)
2026-08-24 20:18:09,512 - gerenciador_principal - INFO - Petlove: Arquivo individual salvo com sucesso
2026-08-24 20:18:09,512 - gerenciador_principal - INFO - Pausando entre sites...
2026-08-24 20:18:11,513 - gerenciador_principal - INFO - [3/3] Processando Petz
2026-08-24 20:18:11,513 - scraper_base - INFO - 🚀 Iniciando scraping completo - Petz
2026-08-24 20:18:11,837 - scraper_base - INFO - 📋 20 medicamentos para processar
2026-08-24 20:18:11,838 - scraper_base - INFO - 📦 [1/20] Processando Simparic
2026-08-24 20:18:11,838 - scraper_base - INFO - 🔍 Petz: Buscando Simparic
2026-08-24 20:18:20,117 - gerenciador_conexoes - INFO - Chrome inicializado com otimizacoes de velocidade
2026-08-24 20:18:24,864 - scraper_petz - INFO - Petz: Nenhum product-card encontrado para Simparic
2026-08-24 20:18:24,864 - scraper_base - INFO - ⚪ Petz: Nenhum produto encontrado para Simparic
2026-08-24 20:18:26,346 - scraper_base - INFO - 📦 [2/20] Processando Revolution
2026-08-24 20:18:26,346 - scraper_base - INFO - 🔍 Petz: Buscando Revolution
2026-08-24 20:18:29,005 - scraper_petz - INFO - Petz: Nenhum product-card encontrado para Revolution
2026-08-24 20:18:29,006 - scraper_base - INFO - ⚪ Petz: Nenhum produto encontrado para Revolution
2026-08-24 20:18:30,484 - scraper_base - INFO - 📦 [3/20] Processando NexGard
2026-08-24 20:18:30,485 - scraper_base - INFO - 🔍 Petz: Buscando NexGard
2026-08-24 20:18:33,190 - scraper_petz - INFO - Petz: Nenhum product-card encontrado para NexGard
2026-08-24 20:18:33,190 - scraper_base - INFO - ⚪ Petz: Nenhum produto encontrado para NexGard
2026-08-24 20:18:35,479 - scraper_base - INFO - 📦 [4/20] Processando NexGard Spectra
2026-08-24 20:18:35,480 - scraper_base - INFO - 🔍 Petz: Buscando NexGard Spectra
2026-08-24 20:18:37,956 - scraper_petz - INFO - Petz: Nenhum product-card encontrado para NexGard Spectra
2026-08-24 20:18:37,956 - scraper_base - INFO - ⚪ Petz: Nenhum produto encontrado para NexGard Spectra
2026-08-24 20:18:40,196 - scraper_base - INFO - 📦 [5/20] Processando NexGard Combo
2026-08-24 20:18:40,197 - scraper_base - INFO - 🔍 Petz: Buscando NexGard Combo
2026-08-24 20:18:41,998 - scraper_petz - INFO - Petz: Nenhum product-card encontrado para NexGard Combo
2026-08-24 20:18:41,998 - scraper_base - INFO - ⚪ Petz: Nenhum produto encontrado para NexGard Combo
2026-08-24 20:18:44,550 - scraper_base - INFO - 📦 [6/20] Processando Bravecto
2026-08-24 20:18:44,550 - scraper_base - INFO - 🔍 Petz: Buscando Bravecto
2026-08-24 20:18:46,697 - scraper_petz - INFO - Petz: Nenhum product-card encontrado para Bravecto
2026-08-24 20:18:46,697 - scraper_base - INFO - ⚪ Petz: Nenhum produto encontrado para Bravecto
2026-08-24 20:18:48,734 - scraper_base - INFO - 📦 [7/20] Processando Frontline
2026-08-24 20:18:48,735 - scraper_base - INFO - 🔍 Petz: Buscando Frontline
2026-08-24 20:18:51,006 - scraper_petz - INFO - Petz: Nenhum product-card encontrado para Frontline
2026-08-24 20:18:51,006 - scraper_base - INFO - ⚪ Petz: Nenhum produto encontrado para Frontline
2026-08-24 20:18:53,355 - scraper_base - INFO - 📦 [8/20] Processando Advocate
2026-08-24 20:18:53,355 - scraper_base - INFO - 🔍 Petz: Buscando Advocate
2026-08-24 20:18:55,233 - scraper_petz - INFO - Petz: Nenhum product-card encontrado para Advocate
2026-08-24 20:18:55,233 - scraper_base - INFO - ⚪ Petz: Nenhum produto encontrado para Advocate
2026-08-24 20:18:57,999 - scraper_base - INFO - 📦 [9/20] Processando Drontal
2026-08-24 20:18:57,999 - scraper_base - INFO - 🔍 Petz: Buscando Drontal
2026-08-24 20:19:01,246 - scraper_petz - INFO - Petz: Nenhum product-card encontrado para Drontal
2026-08-24 20:19:01,246 - scraper_base - INFO - ⚪ Petz: Nenhum produto encontrado para Drontal
2026-08-24 20:19:02,280 - scraper_base - INFO - 📦 [10/20] Processando Milbemax
2026-08-24 20:19:02,280 - scraper_base - INFO - 🔍 Petz: Buscando Milbemax
2026-08-24 20:19:04,116 - scraper_petz - INFO - Petz: Nenhum product-card encontrado para Milbemax
2026-08-24 20:19:04,116 - scraper_base - INFO - ⚪ Petz: Nenhum produto encontrado para Milbemax
2026-08-24 20:19:06,440 - scraper_base - INFO - 📦 [11/20] Processando Vermivet
2026-08-24 20:19:06,440 - scraper_base - INFO - 🔍 Petz: Buscando Vermivet
2026-08-24 20:19:08,372 - scraper_petz - INFO - Petz: Nenhum product-card encontrado para Vermivet
2026-08-24 20:19:08,373 - scraper_base - INFO - ⚪ Petz: Nenhum produto encontrado para Vermivet
2026-08-24 20:19:09,516 - scraper_base - INFO - 📦 [12/20] Processando Rimadyl
2026-08-24 20:19:09,516 - scraper_base - INFO - 🔍 Petz: Buscando Rimadyl
2026-08-24 20:19:11,156 - scraper_petz - INFO - Petz: Nenhum product-card encontrado para Rimadyl
2026-08-24 20:19:11,156 - scraper_base - INFO - ⚪ Petz: Nenhum produto encontrado para Rimadyl
2026-08-24 20:19:12,236 - scraper_base - INFO - 📦 [13/20] Processando Onsior
2026-08-24 20:19:12,236 - scraper_base - INFO - 🔍 Petz: Buscando Onsior
2026-08-24 20:19:14,005 - scraper_petz - INFO - Petz: Nenhum product-card encontrado para Onsior
2026-08-24 20:19:14,005 - scraper_base - INFO - ⚪ Petz: Nenhum produto encontrado para Onsior
2026-08-24 20:19:16,809 - scraper_base - INFO - 📦 [14/20] Processando Maxicam
2026-08-24 20:19:16,809 - scraper_base - INFO - 🔍 Petz: Buscando Maxicam
2026-08-24 20:19:19,263 - scraper_petz - INFO - Petz: Nenhum product-card encontrado para Maxicam
2026-08-24 20:19:19,263 - scraper_base - INFO - ⚪ Petz: Nenhum produto encontrado para Maxicam
2026-08-24 20:19:20,603 - scraper_base - INFO - 📦 [15/20] Processando Carproflan
2026-08-24 20:19:20,603 - scraper_base - INFO - 🔍 Petz: Buscando Carproflan
2026-08-24 20:19:22,761 - scraper_petz - INFO - Petz: Nenhum product-card encontrado para Carproflan
2026-08-24 20:19:22,761 - scraper_base - INFO - ⚪ Petz: Nenhum produto encontrado para Carproflan
2026-08-24 20:19:24,764 - scraper_base - INFO - 📦 [16/20] Processando Previcox
2026-08-24 20:19:24,764 - scraper_base - INFO - 🔍 Petz: Buscando Previcox
2026-08-24 20:19:26,931 - scraper_petz - INFO - Petz: Nenhum product-card encontrado para Previcox
2026-08-24 20:19:26,931 - scraper_base - INFO - ⚪ Petz: Nenhum produto encontrado para Previcox
2026-08-24 20:19:28,875 - scraper_base - INFO - 📦 [17/20] Processando Apoquel
2026-08-24 20:19:28,875 - scraper_base - INFO - 🔍 Petz: Buscando Apoquel
2026-08-24 20:19:30,671 - scraper_petz - INFO - Petz: Nenhum product-card encontrado para Apoquel
2026-08-24 20:19:30,672 - scraper_base - INFO - ⚪ Petz: Nenhum produto encontrado para Apoquel
2026-08-24 20:19:32,874 - scraper_base - INFO - 📦 [18/20] Processando Zenrelia
2026-08-24 20:19:32,875 - scraper_base - INFO - 🔍 Petz: Buscando Zenrelia
2026-08-24 20:19:35,056 - scraper_petz - INFO - Petz: Nenhum product-card encontrado para Zenrelia
2026-08-24 20:19:35,056 - scraper_base - INFO - ⚪ Petz: Nenhum produto encontrado para Zenrelia
2026-08-24 20:19:36,136 - scraper_base - INFO - 📦 [19/20] Processando Synulox
2026-08-24 20:19:36,136 - scraper_base - INFO - 🔍 Petz: Buscando Synulox
2026-08-24 20:19:37,938 - scraper_petz - INFO - Petz: Nenhum product-card encontrado para Synulox
2026-08-24 20:19:37,938 - scraper_base - INFO - ⚪ Petz: Nenhum produto encontrado para Synulox
2026-08-24 20:19:40,854 - scraper_base - INFO - 📦 [20/20] Processando Baytril
2026-08-24 20:19:40,854 - scraper_base - INFO - 🔍 Petz: Buscando Baytril
2026-08-24 20:19:43,034 - scraper_petz - INFO - Petz: Nenhum product-card encontrado para Baytril
2026-08-24 20:19:43,034 - scraper_base - INFO - ⚪ Petz: Nenhum produto encontrado para Baytril
2026-08-24 20:19:45,120 - scraper_base - INFO - 📊 Petz - Estatísticas finais:
2026-08-24 20:19:45,120 - scraper_base - INFO -    • Medicamentos processados: 20
2026-08-24 20:19:45,120 - scraper_base - INFO -    • Produtos encontrados: 0
2026-08-24 20:19:45,120 - scraper_base - INFO -    • Medicamentos sem resultado: 20
2026-08-24 20:19:45,120 - scraper_base - INFO -    • Tempo total: 93.6s
2026-08-24 20:19:45,120 - scraper_base - INFO -    • Tempo médio por medicamento: 4.7s
2026-08-24 20:19:45,120 - gerenciador_principal - WARNING - Petz: Nenhum produto coletado
2026-08-24 20:19:45,120 - gerenciador_principal - INFO - Gerando relatório consolidado...
2026-08-24 20:19:45,266 - gerenciador_arquivos - INFO - Relatório consolidado salvo: dados_relatorios/relatorio_consolidado_20260824_201945.xlsx
2026-08-24 20:19:45,374 - gerenciador_conexoes - INFO - Chrome fechado
2026-08-24 20:19:45,374 - gerenciador_conexoes - INFO - Métodos utilizados - Requests: 66.7%, Selenium: 33.3%, Falhas: 0.0%
2026-08-24 20:19:45,374 - gerenciador_principal - INFO - ============================================================
2026-08-24 20:19:45,374 - gerenciador_principal - INFO - RELATORIO FINAL DE EXECUÇÃO
2026-08-24 20:19:45,374 - gerenciador_principal - INFO - ============================================================
2026-08-24 20:19:45,374 - gerenciador_principal - INFO - Sites processados: 3
2026-08-24 20:19:45,374 - gerenciador_principal - INFO - Sites com sucesso: 2
2026-08-24 20:19:45,374 - gerenciador_principal - INFO - Total de produtos coletados: 409
2026-08-24 20:19:45,375 - gerenciador_principal - WARNING - Sites com falhas: Petz
2026-08-24 20:19:45,375 - gerenciador_principal - INFO - Tempo total de execução: 287.7 segundos
2026-08-24 20:19:45,375 - gerenciador_principal - INFO - Estatísticas de conexão:
2026-08-24 20:19:45,375 - gerenciador_principal - INFO -   - Requests bem-sucedidos: 66.7%
2026-08-24 20:19:45,375 - gerenciador_principal - INFO -   - Selenium fallback: 33.3%
2026-08-24 20:19:45,375 - gerenciador_principal - INFO -   - Falhas totais: 0.0%
2026-08-24 20:19:45,379 - gerenciador_principal - INFO - Arquivos salvos na pasta: dados_coletados
2026-08-24 20:19:45,379 - gerenciador_principal - INFO - Total de arquivos: 949
2026-08-24 20:19:45,379 - gerenciador_principal - INFO - ============================================================
