2026-04-05 20:18:36,589 - configurador_logs - INFO - Sistema de logs configurado com sucesso
2026-04-05 20:18:36,589 - configurador_logs - INFO - 🚀 Logs configurados para MODO PRODUÇÃO
2026-04-05 20:18:36,589 - gerenciador_principal - INFO - Inicializando sistema - Modo: PRODUCAO
2026-04-05 20:18:36,590 - gerenciador_arquivos - INFO - Pasta dados_coletados preparada
2026-04-05 20:18:36,590 - gerenciador_principal - INFO - Sistema inicializado com 3 scrapers
2026-04-05 20:18:36,590 - gerenciador_principal - INFO - ============================================================
2026-04-05 20:18:36,590 - gerenciador_principal - INFO - INICIANDO SCRAPING COMPLETO - PRODUCAO
2026-04-05 20:18:36,590 - gerenciador_principal - INFO - ============================================================
2026-04-05 20:18:36,590 - gerenciador_principal - INFO - [1/3] Processando Cobasi
2026-04-05 20:18:36,590 - scraper_base - INFO - 🚀 Iniciando scraping completo - Cobasi
2026-04-05 20:18:37,042 - gerenciador_conexoes - INFO - Sessao estabelecida com cobasi.com.br
2026-04-05 20:18:37,042 - scraper_base - INFO - 📋 20 medicamentos para processar
2026-04-05 20:18:37,042 - scraper_base - INFO - 📦 [1/20] Processando Simparic
2026-04-05 20:18:37,042 - scraper_base - INFO - 🔍 Cobasi: Buscando Simparic
2026-04-05 20:19:08,206 - gerenciador_conexoes - INFO - Chrome inicializado com otimizacoes de velocidade
2026-04-05 20:19:09,386 - scraper_cobasi - INFO - Cobasi: Dados extraídos via JSON para Simparic
2026-04-05 20:19:09,386 - scraper_base - INFO - ✅ Cobasi: 12 produto(s) encontrado(s) para Simparic
2026-04-05 20:19:12,367 - scraper_base - INFO - 📦 [2/20] Processando Revolution
2026-04-05 20:19:12,367 - scraper_base - INFO - 🔍 Cobasi: Buscando Revolution
2026-04-05 20:19:43,762 - scraper_cobasi - INFO - Cobasi: Dados extraídos via JSON para Revolution
2026-04-05 20:19:43,762 - scraper_base - INFO - ✅ Cobasi: 18 produto(s) encontrado(s) para Revolution
2026-04-05 20:19:45,267 - scraper_base - INFO - 📦 [3/20] Processando NexGard
2026-04-05 20:19:45,267 - scraper_base - INFO - 🔍 Cobasi: Buscando NexGard
2026-04-05 20:19:52,841 - scraper_cobasi - INFO - Cobasi: Dados extraídos via JSON para NexGard
2026-04-05 20:19:52,841 - scraper_base - INFO - ✅ Cobasi: 22 produto(s) encontrado(s) para NexGard
2026-04-05 20:19:53,882 - scraper_base - INFO - 📦 [4/20] Processando NexGard Spectra
2026-04-05 20:19:53,883 - scraper_base - INFO - 🔍 Cobasi: Buscando NexGard Spectra
2026-04-05 20:20:00,292 - scraper_cobasi - INFO - Cobasi: Dados extraídos via JSON para NexGard Spectra
2026-04-05 20:20:00,292 - scraper_base - INFO - ✅ Cobasi: 10 produto(s) encontrado(s) para NexGard Spectra
2026-04-05 20:20:01,480 - scraper_base - INFO - 📦 [5/20] Processando NexGard Combo
2026-04-05 20:20:01,481 - scraper_base - INFO - 🔍 Cobasi: Buscando NexGard Combo
2026-04-05 20:20:04,906 - scraper_cobasi - INFO - Cobasi: Dados extraídos via JSON para NexGard Combo
2026-04-05 20:20:04,906 - scraper_base - INFO - ✅ Cobasi: 4 produto(s) encontrado(s) para NexGard Combo
2026-04-05 20:20:06,052 - scraper_base - INFO - 📦 [6/20] Processando Bravecto
2026-04-05 20:20:06,052 - scraper_base - INFO - 🔍 Cobasi: Buscando Bravecto
2026-04-05 20:20:12,723 - scraper_cobasi - INFO - Cobasi: Dados extraídos via JSON para Bravecto
2026-04-05 20:20:12,723 - scraper_base - INFO - ✅ Cobasi: 16 produto(s) encontrado(s) para Bravecto
2026-04-05 20:20:14,067 - scraper_base - INFO - 📦 [7/20] Processando Frontline
2026-04-05 20:20:14,067 - scraper_base - INFO - 🔍 Cobasi: Buscando Frontline
2026-04-05 20:20:21,541 - scraper_cobasi - INFO - Cobasi: Dados extraídos via JSON para Frontline
2026-04-05 20:20:21,541 - scraper_base - INFO - ✅ Cobasi: 11 produto(s) encontrado(s) para Frontline
2026-04-05 20:20:23,896 - scraper_base - INFO - 📦 [8/20] Processando Advocate
2026-04-05 20:20:23,896 - scraper_base - INFO - 🔍 Cobasi: Buscando Advocate
2026-04-05 20:20:33,997 - scraper_cobasi - INFO - Cobasi: Dados extraídos via JSON para Advocate
2026-04-05 20:20:33,997 - scraper_base - INFO - ✅ Cobasi: 12 produto(s) encontrado(s) para Advocate
2026-04-05 20:20:36,853 - scraper_base - INFO - 📦 [9/20] Processando Drontal
2026-04-05 20:20:36,853 - scraper_base - INFO - 🔍 Cobasi: Buscando Drontal
2026-04-05 20:20:42,598 - scraper_cobasi - INFO - Cobasi: Dados extraídos via JSON para Drontal
2026-04-05 20:20:42,598 - scraper_base - INFO - ✅ Cobasi: 8 produto(s) encontrado(s) para Drontal
2026-04-05 20:20:43,655 - scraper_base - INFO - 📦 [10/20] Processando Milbemax
2026-04-05 20:20:43,655 - scraper_base - INFO - 🔍 Cobasi: Buscando Milbemax
2026-04-05 20:20:47,171 - scraper_cobasi - INFO - Cobasi: Dados extraídos via JSON para Milbemax
2026-04-05 20:20:47,172 - scraper_base - INFO - ✅ Cobasi: 4 produto(s) encontrado(s) para Milbemax
2026-04-05 20:20:49,965 - scraper_base - INFO - 📦 [11/20] Processando Vermivet
2026-04-05 20:20:49,965 - scraper_base - INFO - 🔍 Cobasi: Buscando Vermivet
2026-04-05 20:20:54,184 - scraper_cobasi - INFO - Cobasi: Dados extraídos via JSON para Vermivet
2026-04-05 20:20:54,184 - scraper_base - INFO - ✅ Cobasi: 5 produto(s) encontrado(s) para Vermivet
2026-04-05 20:20:55,459 - scraper_base - INFO - 📦 [12/20] Processando Rimadyl
2026-04-05 20:20:55,459 - scraper_base - INFO - 🔍 Cobasi: Buscando Rimadyl
2026-04-05 20:20:59,399 - scraper_cobasi - INFO - Cobasi: Dados extraídos via JSON para Rimadyl
2026-04-05 20:20:59,399 - scraper_base - INFO - ✅ Cobasi: 3 produto(s) encontrado(s) para Rimadyl
2026-04-05 20:21:01,999 - scraper_base - INFO - 📦 [13/20] Processando Onsior
2026-04-05 20:21:01,999 - scraper_base - INFO - 🔍 Cobasi: Buscando Onsior
2026-04-05 20:21:06,208 - scraper_cobasi - INFO - Cobasi: Dados extraídos via JSON para Onsior
2026-04-05 20:21:06,209 - scraper_base - INFO - ✅ Cobasi: 4 produto(s) encontrado(s) para Onsior
2026-04-05 20:21:08,114 - scraper_base - INFO - 📦 [14/20] Processando Maxicam
2026-04-05 20:21:08,114 - scraper_base - INFO - 🔍 Cobasi: Buscando Maxicam
2026-04-05 20:21:11,588 - scraper_cobasi - INFO - Cobasi: Dados extraídos via JSON para Maxicam
2026-04-05 20:21:11,588 - scraper_base - INFO - ✅ Cobasi: 3 produto(s) encontrado(s) para Maxicam
2026-04-05 20:21:13,639 - scraper_base - INFO - 📦 [15/20] Processando Carproflan
2026-04-05 20:21:13,639 - scraper_base - INFO - 🔍 Cobasi: Buscando Carproflan
2026-04-05 20:21:17,591 - scraper_cobasi - INFO - Cobasi: Dados extraídos via JSON para Carproflan
2026-04-05 20:21:17,591 - scraper_base - INFO - ✅ Cobasi: 3 produto(s) encontrado(s) para Carproflan
2026-04-05 20:21:19,180 - scraper_base - INFO - 📦 [16/20] Processando Previcox
2026-04-05 20:21:19,180 - scraper_base - INFO - 🔍 Cobasi: Buscando Previcox
2026-04-05 20:21:22,531 - scraper_cobasi - INFO - Cobasi: Dados extraídos via JSON para Previcox
2026-04-05 20:21:22,531 - scraper_base - INFO - ✅ Cobasi: 2 produto(s) encontrado(s) para Previcox
2026-04-05 20:21:25,530 - scraper_base - INFO - 📦 [17/20] Processando Apoquel
2026-04-05 20:21:25,530 - scraper_base - INFO - 🔍 Cobasi: Buscando Apoquel
2026-04-05 20:21:30,339 - scraper_cobasi - INFO - Cobasi: Dados extraídos via JSON para Apoquel
2026-04-05 20:21:30,339 - scraper_base - INFO - ✅ Cobasi: 3 produto(s) encontrado(s) para Apoquel
2026-04-05 20:21:31,612 - scraper_base - INFO - 📦 [18/20] Processando Zenrelia
2026-04-05 20:21:31,613 - scraper_base - INFO - 🔍 Cobasi: Buscando Zenrelia
2026-04-05 20:21:34,533 - scraper_cobasi - INFO - Cobasi: Dados extraídos via JSON para Zenrelia
2026-04-05 20:21:34,534 - scraper_base - INFO - ✅ Cobasi: 4 produto(s) encontrado(s) para Zenrelia
2026-04-05 20:21:35,790 - scraper_base - INFO - 📦 [19/20] Processando Synulox
2026-04-05 20:21:35,790 - scraper_base - INFO - 🔍 Cobasi: Buscando Synulox
2026-04-05 20:21:39,979 - scraper_cobasi - INFO - Cobasi: Dados extraídos via JSON para Synulox
2026-04-05 20:21:39,979 - scraper_base - INFO - ✅ Cobasi: 2 produto(s) encontrado(s) para Synulox
2026-04-05 20:21:41,867 - scraper_base - INFO - 📦 [20/20] Processando Baytril
2026-04-05 20:21:41,867 - scraper_base - INFO - 🔍 Cobasi: Buscando Baytril
2026-04-05 20:21:49,685 - scraper_cobasi - INFO - Cobasi: Dados extraídos via JSON para Baytril
2026-04-05 20:21:49,685 - scraper_base - INFO - ✅ Cobasi: 3 produto(s) encontrado(s) para Baytril
2026-04-05 20:21:52,666 - scraper_base - INFO - 📊 Cobasi - Estatísticas finais:
2026-04-05 20:21:52,666 - scraper_base - INFO -    • Medicamentos processados: 20
2026-04-05 20:21:52,666 - scraper_base - INFO -    • Produtos encontrados: 149
2026-04-05 20:21:52,666 - scraper_base - INFO -    • Medicamentos sem resultado: 0
2026-04-05 20:21:52,666 - scraper_base - INFO -    • Tempo total: 196.1s
2026-04-05 20:21:52,666 - scraper_base - INFO -    • Tempo médio por medicamento: 9.8s
2026-04-05 20:21:52,816 - gerenciador_arquivos - INFO - Excel salvo: dados_coletados/cobasi_20260405_202152.xlsx (149 produtos)
2026-04-05 20:21:52,816 - gerenciador_principal - INFO - Cobasi: Arquivo individual salvo com sucesso
2026-04-05 20:21:52,816 - gerenciador_principal - INFO - Pausando entre sites...
2026-04-05 20:21:54,817 - gerenciador_principal - INFO - [2/3] Processando Petlove
2026-04-05 20:21:54,817 - scraper_base - INFO - 🚀 Iniciando scraping completo - Petlove
2026-04-05 20:21:55,004 - scraper_base - INFO - 📋 20 medicamentos para processar
2026-04-05 20:21:55,004 - scraper_base - INFO - 📦 [1/20] Processando Simparic
2026-04-05 20:21:55,004 - scraper_base - INFO - 🔍 Petlove: Buscando Simparic
2026-04-05 20:21:57,354 - scraper_base - INFO - ✅ Petlove: 27 produto(s) encontrado(s) para Simparic
2026-04-05 20:21:59,629 - scraper_base - INFO - 📦 [2/20] Processando Revolution
2026-04-05 20:21:59,629 - scraper_base - INFO - 🔍 Petlove: Buscando Revolution
2026-04-05 20:22:01,419 - scraper_base - INFO - ✅ Petlove: 20 produto(s) encontrado(s) para Revolution
2026-04-05 20:22:02,809 - scraper_base - INFO - 📦 [3/20] Processando NexGard
2026-04-05 20:22:02,809 - scraper_base - INFO - 🔍 Petlove: Buscando NexGard
2026-04-05 20:22:04,599 - scraper_base - INFO - ✅ Petlove: 11 produto(s) encontrado(s) para NexGard
2026-04-05 20:22:07,279 - scraper_base - INFO - 📦 [4/20] Processando NexGard Spectra
2026-04-05 20:22:07,279 - scraper_base - INFO - 🔍 Petlove: Buscando NexGard Spectra
2026-04-05 20:22:08,489 - scraper_base - INFO - ✅ Petlove: 5 produto(s) encontrado(s) para NexGard Spectra
2026-04-05 20:22:10,183 - scraper_base - INFO - 📦 [5/20] Processando NexGard Combo
2026-04-05 20:22:10,183 - scraper_base - INFO - 🔍 Petlove: Buscando NexGard Combo
2026-04-05 20:22:11,334 - scraper_base - INFO - ✅ Petlove: 2 produto(s) encontrado(s) para NexGard Combo
2026-04-05 20:22:13,999 - scraper_base - INFO - 📦 [6/20] Processando Bravecto
2026-04-05 20:22:13,999 - scraper_base - INFO - 🔍 Petlove: Buscando Bravecto
2026-04-05 20:22:16,417 - scraper_base - INFO - ✅ Petlove: 23 produto(s) encontrado(s) para Bravecto
2026-04-05 20:22:18,207 - scraper_base - INFO - 📦 [7/20] Processando Frontline
2026-04-05 20:22:18,207 - scraper_base - INFO - 🔍 Petlove: Buscando Frontline
2026-04-05 20:22:20,151 - scraper_base - INFO - ✅ Petlove: 11 produto(s) encontrado(s) para Frontline
2026-04-05 20:22:21,501 - scraper_base - INFO - 📦 [8/20] Processando Advocate
2026-04-05 20:22:21,502 - scraper_base - INFO - 🔍 Petlove: Buscando Advocate
2026-04-05 20:22:23,529 - scraper_base - INFO - ✅ Petlove: 9 produto(s) encontrado(s) para Advocate
2026-04-05 20:22:26,008 - scraper_base - INFO - 📦 [9/20] Processando Drontal
2026-04-05 20:22:26,008 - scraper_base - INFO - 🔍 Petlove: Buscando Drontal
2026-04-05 20:22:27,985 - scraper_base - INFO - ✅ Petlove: 36 produto(s) encontrado(s) para Drontal
2026-04-05 20:22:30,928 - scraper_base - INFO - 📦 [10/20] Processando Milbemax
2026-04-05 20:22:30,928 - scraper_base - INFO - 🔍 Petlove: Buscando Milbemax
2026-04-05 20:22:32,202 - scraper_base - INFO - ✅ Petlove: 14 produto(s) encontrado(s) para Milbemax
2026-04-05 20:22:33,902 - scraper_base - INFO - 📦 [11/20] Processando Vermivet
2026-04-05 20:22:33,902 - scraper_base - INFO - 🔍 Petlove: Buscando Vermivet
2026-04-05 20:22:36,500 - scraper_base - INFO - ✅ Petlove: 36 produto(s) encontrado(s) para Vermivet
2026-04-05 20:22:39,363 - scraper_base - INFO - 📦 [12/20] Processando Rimadyl
2026-04-05 20:22:39,363 - scraper_base - INFO - 🔍 Petlove: Buscando Rimadyl
2026-04-05 20:22:41,189 - scraper_base - INFO - ✅ Petlove: 1 produto(s) encontrado(s) para Rimadyl
2026-04-05 20:22:42,507 - scraper_base - INFO - 📦 [13/20] Processando Onsior
2026-04-05 20:22:42,507 - scraper_base - INFO - 🔍 Petlove: Buscando Onsior
2026-04-05 20:22:44,702 - scraper_base - INFO - ✅ Petlove: 4 produto(s) encontrado(s) para Onsior
2026-04-05 20:22:47,486 - scraper_base - INFO - 📦 [14/20] Processando Maxicam
2026-04-05 20:22:47,486 - scraper_base - INFO - 🔍 Petlove: Buscando Maxicam
2026-04-05 20:22:48,873 - scraper_base - INFO - ✅ Petlove: 3 produto(s) encontrado(s) para Maxicam
2026-04-05 20:22:51,616 - scraper_base - INFO - 📦 [15/20] Processando Carproflan
2026-04-05 20:22:51,616 - scraper_base - INFO - 🔍 Petlove: Buscando Carproflan
2026-04-05 20:22:52,906 - scraper_base - INFO - ✅ Petlove: 8 produto(s) encontrado(s) para Carproflan
2026-04-05 20:22:55,650 - scraper_base - INFO - 📦 [16/20] Processando Previcox
2026-04-05 20:22:55,650 - scraper_base - INFO - 🔍 Petlove: Buscando Previcox
2026-04-05 20:22:57,294 - scraper_base - INFO - ✅ Petlove: 4 produto(s) encontrado(s) para Previcox
2026-04-05 20:22:58,316 - scraper_base - INFO - 📦 [17/20] Processando Apoquel
2026-04-05 20:22:58,316 - scraper_base - INFO - 🔍 Petlove: Buscando Apoquel
2026-04-05 20:22:59,979 - scraper_base - INFO - ✅ Petlove: 16 produto(s) encontrado(s) para Apoquel
2026-04-05 20:23:02,548 - scraper_base - INFO - 📦 [18/20] Processando Zenrelia
2026-04-05 20:23:02,548 - scraper_base - INFO - 🔍 Petlove: Buscando Zenrelia
2026-04-05 20:23:03,861 - scraper_base - INFO - ✅ Petlove: 4 produto(s) encontrado(s) para Zenrelia
2026-04-05 20:23:05,628 - scraper_base - INFO - 📦 [19/20] Processando Synulox
2026-04-05 20:23:05,628 - scraper_base - INFO - 🔍 Petlove: Buscando Synulox
2026-04-05 20:23:06,709 - scraper_base - INFO - ✅ Petlove: 1 produto(s) encontrado(s) para Synulox
2026-04-05 20:23:07,816 - scraper_base - INFO - 📦 [20/20] Processando Baytril
2026-04-05 20:23:07,816 - scraper_base - INFO - 🔍 Petlove: Buscando Baytril
2026-04-05 20:23:08,958 - scraper_base - INFO - ✅ Petlove: 4 produto(s) encontrado(s) para Baytril
2026-04-05 20:23:10,235 - scraper_base - INFO - 📊 Petlove - Estatísticas finais:
2026-04-05 20:23:10,236 - scraper_base - INFO -    • Medicamentos processados: 20
2026-04-05 20:23:10,236 - scraper_base - INFO -    • Produtos encontrados: 239
2026-04-05 20:23:10,236 - scraper_base - INFO -    • Medicamentos sem resultado: 0
2026-04-05 20:23:10,236 - scraper_base - INFO -    • Tempo total: 75.4s
2026-04-05 20:23:10,236 - scraper_base - INFO -    • Tempo médio por medicamento: 3.8s
2026-04-05 20:23:10,345 - gerenciador_arquivos - INFO - Excel salvo: dados_coletados/petlove_20260405_202310.xlsx (239 produtos)
2026-04-05 20:23:10,345 - gerenciador_principal - INFO - Petlove: Arquivo individual salvo com sucesso
2026-04-05 20:23:10,345 - gerenciador_principal - INFO - Pausando entre sites...
2026-04-05 20:23:12,345 - gerenciador_principal - INFO - [3/3] Processando Petz
2026-04-05 20:23:12,345 - scraper_base - INFO - 🚀 Iniciando scraping completo - Petz
2026-04-05 20:23:12,533 - scraper_base - INFO - 📋 20 medicamentos para processar
2026-04-05 20:23:12,533 - scraper_base - INFO - 📦 [1/20] Processando Simparic
2026-04-05 20:23:12,533 - scraper_base - INFO - 🔍 Petz: Buscando Simparic
2026-04-05 20:23:17,449 - scraper_base - INFO - ✅ Petz: 12 produto(s) encontrado(s) para Simparic
2026-04-05 20:23:19,836 - scraper_base - INFO - 📦 [2/20] Processando Revolution
2026-04-05 20:23:19,836 - scraper_base - INFO - 🔍 Petz: Buscando Revolution
2026-04-05 20:23:22,770 - scraper_base - INFO - ✅ Petz: 21 produto(s) encontrado(s) para Revolution
2026-04-05 20:23:24,678 - scraper_base - INFO - 📦 [3/20] Processando NexGard
2026-04-05 20:23:24,679 - scraper_base - INFO - 🔍 Petz: Buscando NexGard
2026-04-05 20:23:26,885 - scraper_base - INFO - ✅ Petz: 22 produto(s) encontrado(s) para NexGard
2026-04-05 20:23:28,124 - scraper_base - INFO - 📦 [4/20] Processando NexGard Spectra
2026-04-05 20:23:28,124 - scraper_base - INFO - 🔍 Petz: Buscando NexGard Spectra
2026-04-05 20:23:29,944 - scraper_base - INFO - ✅ Petz: 10 produto(s) encontrado(s) para NexGard Spectra
2026-04-05 20:23:32,571 - scraper_base - INFO - 📦 [5/20] Processando NexGard Combo
2026-04-05 20:23:32,571 - scraper_base - INFO - 🔍 Petz: Buscando NexGard Combo
2026-04-05 20:23:34,386 - scraper_base - INFO - ✅ Petz: 4 produto(s) encontrado(s) para NexGard Combo
2026-04-05 20:23:36,673 - scraper_base - INFO - 📦 [6/20] Processando Bravecto
2026-04-05 20:23:36,673 - scraper_base - INFO - 🔍 Petz: Buscando Bravecto
2026-04-05 20:23:39,069 - scraper_base - INFO - ✅ Petz: 16 produto(s) encontrado(s) para Bravecto
2026-04-05 20:23:40,434 - scraper_base - INFO - 📦 [7/20] Processando Frontline
2026-04-05 20:23:40,435 - scraper_base - INFO - 🔍 Petz: Buscando Frontline
2026-04-05 20:23:42,663 - scraper_base - INFO - ✅ Petz: 11 produto(s) encontrado(s) para Frontline
2026-04-05 20:23:45,099 - scraper_base - INFO - 📦 [8/20] Processando Advocate
2026-04-05 20:23:45,100 - scraper_base - INFO - 🔍 Petz: Buscando Advocate
2026-04-05 20:23:47,013 - scraper_base - INFO - ✅ Petz: 12 produto(s) encontrado(s) para Advocate
2026-04-05 20:23:48,780 - scraper_base - INFO - 📦 [9/20] Processando Drontal
2026-04-05 20:23:48,780 - scraper_base - INFO - 🔍 Petz: Buscando Drontal
2026-04-05 20:23:51,539 - scraper_base - INFO - ✅ Petz: 32 produto(s) encontrado(s) para Drontal
2026-04-05 20:23:53,101 - scraper_base - INFO - 📦 [10/20] Processando Milbemax
2026-04-05 20:23:53,101 - scraper_base - INFO - 🔍 Petz: Buscando Milbemax
2026-04-05 20:23:55,482 - scraper_base - INFO - ✅ Petz: 4 produto(s) encontrado(s) para Milbemax
2026-04-05 20:23:57,014 - scraper_base - INFO - 📦 [11/20] Processando Vermivet
2026-04-05 20:23:57,014 - scraper_base - INFO - 🔍 Petz: Buscando Vermivet
2026-04-05 20:23:58,697 - scraper_base - INFO - ✅ Petz: 5 produto(s) encontrado(s) para Vermivet
2026-04-05 20:23:59,953 - scraper_base - INFO - 📦 [12/20] Processando Rimadyl
2026-04-05 20:23:59,953 - scraper_base - INFO - 🔍 Petz: Buscando Rimadyl
2026-04-05 20:24:01,780 - scraper_base - INFO - ✅ Petz: 3 produto(s) encontrado(s) para Rimadyl
2026-04-05 20:24:03,390 - scraper_base - INFO - 📦 [13/20] Processando Onsior
2026-04-05 20:24:03,390 - scraper_base - INFO - 🔍 Petz: Buscando Onsior
2026-04-05 20:24:05,160 - scraper_base - INFO - ✅ Petz: 4 produto(s) encontrado(s) para Onsior
2026-04-05 20:24:06,524 - scraper_base - INFO - 📦 [14/20] Processando Maxicam
2026-04-05 20:24:06,524 - scraper_base - INFO - 🔍 Petz: Buscando Maxicam
2026-04-05 20:24:08,778 - scraper_base - INFO - ✅ Petz: 28 produto(s) encontrado(s) para Maxicam
2026-04-05 20:24:11,119 - scraper_base - INFO - 📦 [15/20] Processando Carproflan
2026-04-05 20:24:11,119 - scraper_base - INFO - 🔍 Petz: Buscando Carproflan
2026-04-05 20:24:13,033 - scraper_base - INFO - ✅ Petz: 3 produto(s) encontrado(s) para Carproflan
2026-04-05 20:24:15,066 - scraper_base - INFO - 📦 [16/20] Processando Previcox
2026-04-05 20:24:15,066 - scraper_base - INFO - 🔍 Petz: Buscando Previcox
2026-04-05 20:24:17,016 - scraper_base - INFO - ✅ Petz: 2 produto(s) encontrado(s) para Previcox
2026-04-05 20:24:19,641 - scraper_base - INFO - 📦 [17/20] Processando Apoquel
2026-04-05 20:24:19,641 - scraper_base - INFO - 🔍 Petz: Buscando Apoquel
2026-04-05 20:24:21,315 - scraper_base - INFO - ✅ Petz: 3 produto(s) encontrado(s) para Apoquel
2026-04-05 20:24:22,594 - scraper_base - INFO - 📦 [18/20] Processando Zenrelia
2026-04-05 20:24:22,594 - scraper_base - INFO - 🔍 Petz: Buscando Zenrelia
2026-04-05 20:24:24,228 - scraper_base - INFO - ✅ Petz: 4 produto(s) encontrado(s) para Zenrelia
2026-04-05 20:24:25,890 - scraper_base - INFO - 📦 [19/20] Processando Synulox
2026-04-05 20:24:25,890 - scraper_base - INFO - 🔍 Petz: Buscando Synulox
2026-04-05 20:24:27,446 - scraper_base - INFO - ✅ Petz: 2 produto(s) encontrado(s) para Synulox
2026-04-05 20:24:29,811 - scraper_base - INFO - 📦 [20/20] Processando Baytril
2026-04-05 20:24:29,811 - scraper_base - INFO - 🔍 Petz: Buscando Baytril
2026-04-05 20:24:31,728 - scraper_base - INFO - ✅ Petz: 9 produto(s) encontrado(s) para Baytril
2026-04-05 20:24:33,609 - scraper_base - INFO - 📊 Petz - Estatísticas finais:
2026-04-05 20:24:33,610 - scraper_base - INFO -    • Medicamentos processados: 20
2026-04-05 20:24:33,610 - scraper_base - INFO -    • Produtos encontrados: 207
2026-04-05 20:24:33,610 - scraper_base - INFO -    • Medicamentos sem resultado: 0
2026-04-05 20:24:33,610 - scraper_base - INFO -    • Tempo total: 81.3s
2026-04-05 20:24:33,610 - scraper_base - INFO -    • Tempo médio por medicamento: 4.1s
2026-04-05 20:24:33,654 - gerenciador_arquivos - INFO - Excel salvo: dados_coletados/petz_20260405_202433.xlsx (207 produtos)
2026-04-05 20:24:33,654 - gerenciador_principal - INFO - Petz: Arquivo individual salvo com sucesso
2026-04-05 20:24:33,654 - gerenciador_principal - INFO - Gerando relatório consolidado...
2026-04-05 20:24:33,934 - gerenciador_arquivos - INFO - Relatório consolidado salvo: dados_relatorios/relatorio_consolidado_20260405_202433.xlsx
2026-04-05 20:24:34,061 - gerenciador_conexoes - INFO - Chrome fechado
2026-04-05 20:24:34,061 - gerenciador_conexoes - INFO - Métodos utilizados - Requests: 30.0%, Selenium: 70.0%, Falhas: 0.0%
2026-04-05 20:24:34,061 - gerenciador_principal - INFO - ============================================================
2026-04-05 20:24:34,061 - gerenciador_principal - INFO - RELATORIO FINAL DE EXECUÇÃO
2026-04-05 20:24:34,062 - gerenciador_principal - INFO - ============================================================
2026-04-05 20:24:34,062 - gerenciador_principal - INFO - Sites processados: 3
2026-04-05 20:24:34,062 - gerenciador_principal - INFO - Sites com sucesso: 3
2026-04-05 20:24:34,062 - gerenciador_principal - INFO - Total de produtos coletados: 595
2026-04-05 20:24:34,062 - gerenciador_principal - INFO - Tempo total de execução: 357.1 segundos
2026-04-05 20:24:34,062 - gerenciador_principal - INFO - Estatísticas de conexão:
2026-04-05 20:24:34,062 - gerenciador_principal - INFO -   - Requests bem-sucedidos: 30.0%
2026-04-05 20:24:34,062 - gerenciador_principal - INFO -   - Selenium fallback: 70.0%
2026-04-05 20:24:34,062 - gerenciador_principal - INFO -   - Falhas totais: 0.0%
2026-04-05 20:24:34,064 - gerenciador_principal - INFO - Arquivos salvos na pasta: dados_coletados
2026-04-05 20:24:34,064 - gerenciador_principal - INFO - Total de arquivos: 551
2026-04-05 20:24:34,064 - gerenciador_principal - INFO - ============================================================
