2026-07-19 20:35:10,859 - configurador_logs - INFO - Sistema de logs configurado com sucesso
2026-07-19 20:35:10,859 - configurador_logs - INFO - 🚀 Logs configurados para MODO PRODUÇÃO
2026-07-19 20:35:10,859 - gerenciador_principal - INFO - Inicializando sistema - Modo: PRODUCAO
2026-07-19 20:35:10,859 - gerenciador_arquivos - INFO - Pasta dados_coletados preparada
2026-07-19 20:35:10,860 - gerenciador_principal - INFO - Sistema inicializado com 3 scrapers
2026-07-19 20:35:10,860 - gerenciador_principal - INFO - ============================================================
2026-07-19 20:35:10,860 - gerenciador_principal - INFO - INICIANDO SCRAPING COMPLETO - PRODUCAO
2026-07-19 20:35:10,860 - gerenciador_principal - INFO - ============================================================
2026-07-19 20:35:10,860 - gerenciador_principal - INFO - [1/3] Processando Cobasi
2026-07-19 20:35:10,860 - scraper_base - INFO - 🚀 Iniciando scraping completo - Cobasi
2026-07-19 20:35:11,416 - gerenciador_conexoes - INFO - Sessao estabelecida com cobasi.com.br
2026-07-19 20:35:11,416 - scraper_base - INFO - 📋 20 medicamentos para processar
2026-07-19 20:35:11,416 - scraper_base - INFO - 📦 [1/20] Processando Simparic
2026-07-19 20:35:11,416 - scraper_base - INFO - 🔍 Cobasi: Buscando Simparic
2026-07-19 20:35:16,277 - scraper_cobasi - INFO - Cobasi: Dados extraídos via JSON para Simparic
2026-07-19 20:35:16,277 - scraper_base - INFO - ✅ Cobasi: 24 produto(s) encontrado(s) para Simparic
2026-07-19 20:35:17,367 - scraper_base - INFO - 📦 [2/20] Processando Revolution
2026-07-19 20:35:17,367 - scraper_base - INFO - 🔍 Cobasi: Buscando Revolution
2026-07-19 20:35:21,748 - scraper_cobasi - INFO - Cobasi: Dados extraídos via JSON para Revolution
2026-07-19 20:35:21,748 - scraper_base - INFO - ✅ Cobasi: 18 produto(s) encontrado(s) para Revolution
2026-07-19 20:35:23,057 - scraper_base - INFO - 📦 [3/20] Processando NexGard
2026-07-19 20:35:23,058 - scraper_base - INFO - 🔍 Cobasi: Buscando NexGard
2026-07-19 20:35:27,950 - scraper_cobasi - INFO - Cobasi: Dados extraídos via JSON para NexGard
2026-07-19 20:35:27,951 - scraper_base - INFO - ✅ Cobasi: 22 produto(s) encontrado(s) para NexGard
2026-07-19 20:35:29,339 - scraper_base - INFO - 📦 [4/20] Processando NexGard Spectra
2026-07-19 20:35:29,340 - scraper_base - INFO - 🔍 Cobasi: Buscando NexGard Spectra
2026-07-19 20:35:35,676 - scraper_cobasi - INFO - Cobasi: Dados extraídos via JSON para NexGard Spectra
2026-07-19 20:35:35,677 - scraper_base - INFO - ✅ Cobasi: 10 produto(s) encontrado(s) para NexGard Spectra
2026-07-19 20:35:36,824 - scraper_base - INFO - 📦 [5/20] Processando NexGard Combo
2026-07-19 20:35:36,824 - scraper_base - INFO - 🔍 Cobasi: Buscando NexGard Combo
2026-07-19 20:35:40,937 - scraper_cobasi - INFO - Cobasi: Dados extraídos via JSON para NexGard Combo
2026-07-19 20:35:40,937 - scraper_base - INFO - ✅ Cobasi: 4 produto(s) encontrado(s) para NexGard Combo
2026-07-19 20:35:43,678 - scraper_base - INFO - 📦 [6/20] Processando Bravecto
2026-07-19 20:35:43,678 - scraper_base - INFO - 🔍 Cobasi: Buscando Bravecto
2026-07-19 20:35:47,602 - scraper_cobasi - INFO - Cobasi: Dados extraídos via JSON para Bravecto
2026-07-19 20:35:47,602 - scraper_base - INFO - ✅ Cobasi: 16 produto(s) encontrado(s) para Bravecto
2026-07-19 20:35:50,065 - scraper_base - INFO - 📦 [7/20] Processando Frontline
2026-07-19 20:35:50,065 - scraper_base - INFO - 🔍 Cobasi: Buscando Frontline
2026-07-19 20:35:55,039 - scraper_cobasi - INFO - Cobasi: Dados extraídos via JSON para Frontline
2026-07-19 20:35:55,039 - scraper_base - INFO - ✅ Cobasi: 11 produto(s) encontrado(s) para Frontline
2026-07-19 20:35:56,089 - scraper_base - INFO - 📦 [8/20] Processando Advocate
2026-07-19 20:35:56,089 - scraper_base - INFO - 🔍 Cobasi: Buscando Advocate
2026-07-19 20:36:00,284 - scraper_cobasi - INFO - Cobasi: Dados extraídos via JSON para Advocate
2026-07-19 20:36:00,284 - scraper_base - INFO - ✅ Cobasi: 12 produto(s) encontrado(s) para Advocate
2026-07-19 20:36:03,141 - scraper_base - INFO - 📦 [9/20] Processando Drontal
2026-07-19 20:36:03,142 - scraper_base - INFO - 🔍 Cobasi: Buscando Drontal
2026-07-19 20:36:08,446 - scraper_cobasi - INFO - Cobasi: Dados extraídos via JSON para Drontal
2026-07-19 20:36:08,446 - scraper_base - INFO - ✅ Cobasi: 8 produto(s) encontrado(s) para Drontal
2026-07-19 20:36:11,202 - scraper_base - INFO - 📦 [10/20] Processando Milbemax
2026-07-19 20:36:11,202 - scraper_base - INFO - 🔍 Cobasi: Buscando Milbemax
2026-07-19 20:36:14,547 - scraper_cobasi - INFO - Cobasi: Dados extraídos via JSON para Milbemax
2026-07-19 20:36:14,547 - scraper_base - INFO - ✅ Cobasi: 4 produto(s) encontrado(s) para Milbemax
2026-07-19 20:36:17,125 - scraper_base - INFO - 📦 [11/20] Processando Vermivet
2026-07-19 20:36:17,126 - scraper_base - INFO - 🔍 Cobasi: Buscando Vermivet
2026-07-19 20:36:21,501 - scraper_cobasi - INFO - Cobasi: Dados extraídos via JSON para Vermivet
2026-07-19 20:36:21,501 - scraper_base - INFO - ✅ Cobasi: 5 produto(s) encontrado(s) para Vermivet
2026-07-19 20:36:24,105 - scraper_base - INFO - 📦 [12/20] Processando Rimadyl
2026-07-19 20:36:24,105 - scraper_base - INFO - 🔍 Cobasi: Buscando Rimadyl
2026-07-19 20:36:28,170 - scraper_cobasi - INFO - Cobasi: Dados extraídos via JSON para Rimadyl
2026-07-19 20:36:28,170 - scraper_base - INFO - ✅ Cobasi: 3 produto(s) encontrado(s) para Rimadyl
2026-07-19 20:36:30,150 - scraper_base - INFO - 📦 [13/20] Processando Onsior
2026-07-19 20:36:30,150 - scraper_base - INFO - 🔍 Cobasi: Buscando Onsior
2026-07-19 20:36:35,171 - scraper_cobasi - INFO - Cobasi: Dados extraídos via JSON para Onsior
2026-07-19 20:36:35,171 - scraper_base - INFO - ✅ Cobasi: 4 produto(s) encontrado(s) para Onsior
2026-07-19 20:36:36,213 - scraper_base - INFO - 📦 [14/20] Processando Maxicam
2026-07-19 20:36:36,213 - scraper_base - INFO - 🔍 Cobasi: Buscando Maxicam
2026-07-19 20:36:39,124 - scraper_cobasi - INFO - Cobasi: Dados extraídos via JSON para Maxicam
2026-07-19 20:36:39,125 - scraper_base - INFO - ✅ Cobasi: 3 produto(s) encontrado(s) para Maxicam
2026-07-19 20:36:42,011 - scraper_base - INFO - 📦 [15/20] Processando Carproflan
2026-07-19 20:36:42,011 - scraper_base - INFO - 🔍 Cobasi: Buscando Carproflan
2026-07-19 20:36:45,456 - scraper_cobasi - INFO - Cobasi: Dados extraídos via JSON para Carproflan
2026-07-19 20:36:45,456 - scraper_base - INFO - ✅ Cobasi: 3 produto(s) encontrado(s) para Carproflan
2026-07-19 20:36:47,990 - scraper_base - INFO - 📦 [16/20] Processando Previcox
2026-07-19 20:36:47,990 - scraper_base - INFO - 🔍 Cobasi: Buscando Previcox
2026-07-19 20:36:52,347 - scraper_cobasi - INFO - Cobasi: Dados extraídos via JSON para Previcox
2026-07-19 20:36:52,347 - scraper_base - INFO - ✅ Cobasi: 2 produto(s) encontrado(s) para Previcox
2026-07-19 20:36:54,668 - scraper_base - INFO - 📦 [17/20] Processando Apoquel
2026-07-19 20:36:54,669 - scraper_base - INFO - 🔍 Cobasi: Buscando Apoquel
2026-07-19 20:36:59,939 - scraper_cobasi - INFO - Cobasi: Dados extraídos via JSON para Apoquel
2026-07-19 20:36:59,939 - scraper_base - INFO - ✅ Cobasi: 3 produto(s) encontrado(s) para Apoquel
2026-07-19 20:37:02,807 - scraper_base - INFO - 📦 [18/20] Processando Zenrelia
2026-07-19 20:37:02,807 - scraper_base - INFO - 🔍 Cobasi: Buscando Zenrelia
2026-07-19 20:37:07,569 - scraper_cobasi - INFO - Cobasi: Dados extraídos via JSON para Zenrelia
2026-07-19 20:37:07,569 - scraper_base - INFO - ✅ Cobasi: 4 produto(s) encontrado(s) para Zenrelia
2026-07-19 20:37:10,049 - scraper_base - INFO - 📦 [19/20] Processando Synulox
2026-07-19 20:37:10,050 - scraper_base - INFO - 🔍 Cobasi: Buscando Synulox
2026-07-19 20:37:14,235 - scraper_cobasi - INFO - Cobasi: Dados extraídos via JSON para Synulox
2026-07-19 20:37:14,235 - scraper_base - INFO - ✅ Cobasi: 2 produto(s) encontrado(s) para Synulox
2026-07-19 20:37:15,570 - scraper_base - INFO - 📦 [20/20] Processando Baytril
2026-07-19 20:37:15,571 - scraper_base - INFO - 🔍 Cobasi: Buscando Baytril
2026-07-19 20:37:19,885 - scraper_cobasi - INFO - Cobasi: Dados extraídos via JSON para Baytril
2026-07-19 20:37:19,885 - scraper_base - INFO - ✅ Cobasi: 2 produto(s) encontrado(s) para Baytril
2026-07-19 20:37:22,290 - scraper_base - INFO - 📊 Cobasi - Estatísticas finais:
2026-07-19 20:37:22,290 - scraper_base - INFO -    • Medicamentos processados: 20
2026-07-19 20:37:22,290 - scraper_base - INFO -    • Produtos encontrados: 160
2026-07-19 20:37:22,290 - scraper_base - INFO -    • Medicamentos sem resultado: 0
2026-07-19 20:37:22,290 - scraper_base - INFO -    • Tempo total: 131.4s
2026-07-19 20:37:22,290 - scraper_base - INFO -    • Tempo médio por medicamento: 6.6s
2026-07-19 20:37:22,474 - gerenciador_arquivos - INFO - Excel salvo: dados_coletados/cobasi_20260719_203722.xlsx (160 produtos)
2026-07-19 20:37:22,474 - gerenciador_principal - INFO - Cobasi: Arquivo individual salvo com sucesso
2026-07-19 20:37:22,474 - gerenciador_principal - INFO - Pausando entre sites...
2026-07-19 20:37:24,474 - gerenciador_principal - INFO - [2/3] Processando Petlove
2026-07-19 20:37:24,474 - scraper_base - INFO - 🚀 Iniciando scraping completo - Petlove
2026-07-19 20:37:24,777 - gerenciador_conexoes - INFO - Sessao estabelecida com petlove.com.br
2026-07-19 20:37:24,778 - scraper_base - INFO - 📋 20 medicamentos para processar
2026-07-19 20:37:24,778 - scraper_base - INFO - 📦 [1/20] Processando Simparic
2026-07-19 20:37:24,778 - scraper_base - INFO - 🔍 Petlove: Buscando Simparic
2026-07-19 20:37:25,736 - scraper_base - INFO - ✅ Petlove: 36 produto(s) encontrado(s) para Simparic
2026-07-19 20:37:27,053 - scraper_base - INFO - 📦 [2/20] Processando Revolution
2026-07-19 20:37:27,054 - scraper_base - INFO - 🔍 Petlove: Buscando Revolution
2026-07-19 20:37:27,847 - scraper_base - INFO - ✅ Petlove: 20 produto(s) encontrado(s) para Revolution
2026-07-19 20:37:30,529 - scraper_base - INFO - 📦 [3/20] Processando NexGard
2026-07-19 20:37:30,529 - scraper_base - INFO - 🔍 Petlove: Buscando NexGard
2026-07-19 20:37:31,212 - scraper_base - INFO - ✅ Petlove: 11 produto(s) encontrado(s) para NexGard
2026-07-19 20:37:33,854 - scraper_base - INFO - 📦 [4/20] Processando NexGard Spectra
2026-07-19 20:37:33,854 - scraper_base - INFO - 🔍 Petlove: Buscando NexGard Spectra
2026-07-19 20:37:34,546 - scraper_base - INFO - ✅ Petlove: 5 produto(s) encontrado(s) para NexGard Spectra
2026-07-19 20:37:37,181 - scraper_base - INFO - 📦 [5/20] Processando NexGard Combo
2026-07-19 20:37:37,181 - scraper_base - INFO - 🔍 Petlove: Buscando NexGard Combo
2026-07-19 20:37:37,865 - scraper_base - INFO - ✅ Petlove: 2 produto(s) encontrado(s) para NexGard Combo
2026-07-19 20:37:39,380 - scraper_base - INFO - 📦 [6/20] Processando Bravecto
2026-07-19 20:37:39,380 - scraper_base - INFO - 🔍 Petlove: Buscando Bravecto
2026-07-19 20:37:40,120 - scraper_base - INFO - ✅ Petlove: 22 produto(s) encontrado(s) para Bravecto
2026-07-19 20:37:42,970 - scraper_base - INFO - 📦 [7/20] Processando Frontline
2026-07-19 20:37:42,970 - scraper_base - INFO - 🔍 Petlove: Buscando Frontline
2026-07-19 20:37:43,729 - scraper_base - INFO - ✅ Petlove: 11 produto(s) encontrado(s) para Frontline
2026-07-19 20:37:45,401 - scraper_base - INFO - 📦 [8/20] Processando Advocate
2026-07-19 20:37:45,402 - scraper_base - INFO - 🔍 Petlove: Buscando Advocate
2026-07-19 20:37:46,150 - scraper_base - INFO - ✅ Petlove: 9 produto(s) encontrado(s) para Advocate
2026-07-19 20:37:47,598 - scraper_base - INFO - 📦 [9/20] Processando Drontal
2026-07-19 20:37:47,598 - scraper_base - INFO - 🔍 Petlove: Buscando Drontal
2026-07-19 20:37:48,551 - scraper_base - INFO - ✅ Petlove: 36 produto(s) encontrado(s) para Drontal
2026-07-19 20:37:49,757 - scraper_base - INFO - 📦 [10/20] Processando Milbemax
2026-07-19 20:37:49,757 - scraper_base - INFO - 🔍 Petlove: Buscando Milbemax
2026-07-19 20:37:50,458 - scraper_base - INFO - ✅ Petlove: 14 produto(s) encontrado(s) para Milbemax
2026-07-19 20:37:51,619 - scraper_base - INFO - 📦 [11/20] Processando Vermivet
2026-07-19 20:37:51,619 - scraper_base - INFO - 🔍 Petlove: Buscando Vermivet
2026-07-19 20:37:52,470 - scraper_base - INFO - ✅ Petlove: 36 produto(s) encontrado(s) para Vermivet
2026-07-19 20:37:53,817 - scraper_base - INFO - 📦 [12/20] Processando Rimadyl
2026-07-19 20:37:53,817 - scraper_base - INFO - 🔍 Petlove: Buscando Rimadyl
2026-07-19 20:37:54,548 - scraper_base - INFO - ✅ Petlove: 1 produto(s) encontrado(s) para Rimadyl
2026-07-19 20:37:56,313 - scraper_base - INFO - 📦 [13/20] Processando Onsior
2026-07-19 20:37:56,313 - scraper_base - INFO - 🔍 Petlove: Buscando Onsior
2026-07-19 20:37:57,018 - scraper_base - INFO - ✅ Petlove: 4 produto(s) encontrado(s) para Onsior
2026-07-19 20:37:58,057 - scraper_base - INFO - 📦 [14/20] Processando Maxicam
2026-07-19 20:37:58,057 - scraper_base - INFO - 🔍 Petlove: Buscando Maxicam
2026-07-19 20:37:58,679 - scraper_base - INFO - ✅ Petlove: 3 produto(s) encontrado(s) para Maxicam
2026-07-19 20:38:00,220 - scraper_base - INFO - 📦 [15/20] Processando Carproflan
2026-07-19 20:38:00,220 - scraper_base - INFO - 🔍 Petlove: Buscando Carproflan
2026-07-19 20:38:01,028 - scraper_base - INFO - ✅ Petlove: 8 produto(s) encontrado(s) para Carproflan
2026-07-19 20:38:02,977 - scraper_base - INFO - 📦 [16/20] Processando Previcox
2026-07-19 20:38:02,977 - scraper_base - INFO - 🔍 Petlove: Buscando Previcox
2026-07-19 20:38:03,622 - scraper_base - INFO - ✅ Petlove: 4 produto(s) encontrado(s) para Previcox
2026-07-19 20:38:05,101 - scraper_base - INFO - 📦 [17/20] Processando Apoquel
2026-07-19 20:38:05,101 - scraper_base - INFO - 🔍 Petlove: Buscando Apoquel
2026-07-19 20:38:05,793 - scraper_base - INFO - ✅ Petlove: 16 produto(s) encontrado(s) para Apoquel
2026-07-19 20:38:08,690 - scraper_base - INFO - 📦 [18/20] Processando Zenrelia
2026-07-19 20:38:08,690 - scraper_base - INFO - 🔍 Petlove: Buscando Zenrelia
2026-07-19 20:38:09,436 - scraper_base - INFO - ✅ Petlove: 4 produto(s) encontrado(s) para Zenrelia
2026-07-19 20:38:10,912 - scraper_base - INFO - 📦 [19/20] Processando Synulox
2026-07-19 20:38:10,912 - scraper_base - INFO - 🔍 Petlove: Buscando Synulox
2026-07-19 20:38:11,506 - scraper_base - INFO - ✅ Petlove: 1 produto(s) encontrado(s) para Synulox
2026-07-19 20:38:14,160 - scraper_base - INFO - 📦 [20/20] Processando Baytril
2026-07-19 20:38:14,160 - scraper_base - INFO - 🔍 Petlove: Buscando Baytril
2026-07-19 20:38:14,781 - scraper_base - INFO - ✅ Petlove: 6 produto(s) encontrado(s) para Baytril
2026-07-19 20:38:16,286 - scraper_base - INFO - 📊 Petlove - Estatísticas finais:
2026-07-19 20:38:16,286 - scraper_base - INFO -    • Medicamentos processados: 20
2026-07-19 20:38:16,287 - scraper_base - INFO -    • Produtos encontrados: 249
2026-07-19 20:38:16,287 - scraper_base - INFO -    • Medicamentos sem resultado: 0
2026-07-19 20:38:16,287 - scraper_base - INFO -    • Tempo total: 51.8s
2026-07-19 20:38:16,287 - scraper_base - INFO -    • Tempo médio por medicamento: 2.6s
2026-07-19 20:38:16,332 - gerenciador_arquivos - INFO - Excel salvo: dados_coletados/petlove_20260719_203816.xlsx (249 produtos)
2026-07-19 20:38:16,332 - gerenciador_principal - INFO - Petlove: Arquivo individual salvo com sucesso
2026-07-19 20:38:16,332 - gerenciador_principal - INFO - Pausando entre sites...
2026-07-19 20:38:18,332 - gerenciador_principal - INFO - [3/3] Processando Petz
2026-07-19 20:38:18,332 - scraper_base - INFO - 🚀 Iniciando scraping completo - Petz
2026-07-19 20:38:18,599 - scraper_base - INFO - 📋 20 medicamentos para processar
2026-07-19 20:38:18,600 - scraper_base - INFO - 📦 [1/20] Processando Simparic
2026-07-19 20:38:18,600 - scraper_base - INFO - 🔍 Petz: Buscando Simparic
2026-07-19 20:38:25,865 - gerenciador_conexoes - INFO - Chrome inicializado com otimizacoes de velocidade
2026-07-19 20:38:30,002 - scraper_base - INFO - ✅ Petz: 24 produto(s) encontrado(s) para Simparic
2026-07-19 20:38:32,816 - scraper_base - INFO - 📦 [2/20] Processando Revolution
2026-07-19 20:38:32,817 - scraper_base - INFO - 🔍 Petz: Buscando Revolution
2026-07-19 20:38:36,271 - scraper_base - INFO - ✅ Petz: 27 produto(s) encontrado(s) para Revolution
2026-07-19 20:38:37,541 - scraper_base - INFO - 📦 [3/20] Processando NexGard
2026-07-19 20:38:37,541 - scraper_base - INFO - 🔍 Petz: Buscando NexGard
2026-07-19 20:38:40,341 - scraper_base - INFO - ✅ Petz: 22 produto(s) encontrado(s) para NexGard
2026-07-19 20:38:42,257 - scraper_base - INFO - 📦 [4/20] Processando NexGard Spectra
2026-07-19 20:38:42,257 - scraper_base - INFO - 🔍 Petz: Buscando NexGard Spectra
2026-07-19 20:38:44,463 - scraper_base - INFO - ✅ Petz: 10 produto(s) encontrado(s) para NexGard Spectra
2026-07-19 20:38:46,193 - scraper_base - INFO - 📦 [5/20] Processando NexGard Combo
2026-07-19 20:38:46,193 - scraper_base - INFO - 🔍 Petz: Buscando NexGard Combo
2026-07-19 20:38:48,278 - scraper_base - INFO - ✅ Petz: 4 produto(s) encontrado(s) para NexGard Combo
2026-07-19 20:38:50,176 - scraper_base - INFO - 📦 [6/20] Processando Bravecto
2026-07-19 20:38:50,176 - scraper_base - INFO - 🔍 Petz: Buscando Bravecto
2026-07-19 20:38:52,726 - scraper_base - INFO - ✅ Petz: 16 produto(s) encontrado(s) para Bravecto
2026-07-19 20:38:53,896 - scraper_base - INFO - 📦 [7/20] Processando Frontline
2026-07-19 20:38:53,896 - scraper_base - INFO - 🔍 Petz: Buscando Frontline
2026-07-19 20:38:56,201 - scraper_base - INFO - ✅ Petz: 11 produto(s) encontrado(s) para Frontline
2026-07-19 20:38:59,176 - scraper_base - INFO - 📦 [8/20] Processando Advocate
2026-07-19 20:38:59,176 - scraper_base - INFO - 🔍 Petz: Buscando Advocate
2026-07-19 20:39:01,454 - scraper_base - INFO - ✅ Petz: 12 produto(s) encontrado(s) para Advocate
2026-07-19 20:39:04,291 - scraper_base - INFO - 📦 [9/20] Processando Drontal
2026-07-19 20:39:04,291 - scraper_base - INFO - 🔍 Petz: Buscando Drontal
2026-07-19 20:39:07,381 - scraper_base - INFO - ✅ Petz: 32 produto(s) encontrado(s) para Drontal
2026-07-19 20:39:10,118 - scraper_base - INFO - 📦 [10/20] Processando Milbemax
2026-07-19 20:39:10,118 - scraper_base - INFO - 🔍 Petz: Buscando Milbemax
2026-07-19 20:39:12,143 - scraper_base - INFO - ✅ Petz: 4 produto(s) encontrado(s) para Milbemax
2026-07-19 20:39:13,890 - scraper_base - INFO - 📦 [11/20] Processando Vermivet
2026-07-19 20:39:13,891 - scraper_base - INFO - 🔍 Petz: Buscando Vermivet
2026-07-19 20:39:15,938 - scraper_base - INFO - ✅ Petz: 5 produto(s) encontrado(s) para Vermivet
2026-07-19 20:39:18,871 - scraper_base - INFO - 📦 [12/20] Processando Rimadyl
2026-07-19 20:39:18,871 - scraper_base - INFO - 🔍 Petz: Buscando Rimadyl
2026-07-19 20:39:21,150 - scraper_base - INFO - ✅ Petz: 3 produto(s) encontrado(s) para Rimadyl
2026-07-19 20:39:23,327 - scraper_base - INFO - 📦 [13/20] Processando Onsior
2026-07-19 20:39:23,327 - scraper_base - INFO - 🔍 Petz: Buscando Onsior
2026-07-19 20:39:25,173 - scraper_base - INFO - ✅ Petz: 4 produto(s) encontrado(s) para Onsior
2026-07-19 20:39:28,115 - scraper_base - INFO - 📦 [14/20] Processando Maxicam
2026-07-19 20:39:28,115 - scraper_base - INFO - 🔍 Petz: Buscando Maxicam
2026-07-19 20:39:31,739 - scraper_base - INFO - ✅ Petz: 26 produto(s) encontrado(s) para Maxicam
2026-07-19 20:39:33,480 - scraper_base - INFO - 📦 [15/20] Processando Carproflan
2026-07-19 20:39:33,480 - scraper_base - INFO - 🔍 Petz: Buscando Carproflan
2026-07-19 20:39:35,245 - scraper_base - INFO - ✅ Petz: 3 produto(s) encontrado(s) para Carproflan
2026-07-19 20:39:37,207 - scraper_base - INFO - 📦 [16/20] Processando Previcox
2026-07-19 20:39:37,207 - scraper_base - INFO - 🔍 Petz: Buscando Previcox
2026-07-19 20:39:39,235 - scraper_base - INFO - ✅ Petz: 2 produto(s) encontrado(s) para Previcox
2026-07-19 20:39:42,019 - scraper_base - INFO - 📦 [17/20] Processando Apoquel
2026-07-19 20:39:42,020 - scraper_base - INFO - 🔍 Petz: Buscando Apoquel
2026-07-19 20:39:43,973 - scraper_base - INFO - ✅ Petz: 3 produto(s) encontrado(s) para Apoquel
2026-07-19 20:39:46,353 - scraper_base - INFO - 📦 [18/20] Processando Zenrelia
2026-07-19 20:39:46,353 - scraper_base - INFO - 🔍 Petz: Buscando Zenrelia
2026-07-19 20:39:48,189 - scraper_base - INFO - ✅ Petz: 4 produto(s) encontrado(s) para Zenrelia
2026-07-19 20:39:50,972 - scraper_base - INFO - 📦 [19/20] Processando Synulox
2026-07-19 20:39:50,972 - scraper_base - INFO - 🔍 Petz: Buscando Synulox
2026-07-19 20:39:52,924 - scraper_base - INFO - ✅ Petz: 2 produto(s) encontrado(s) para Synulox
2026-07-19 20:39:54,419 - scraper_base - INFO - 📦 [20/20] Processando Baytril
2026-07-19 20:39:54,419 - scraper_base - INFO - 🔍 Petz: Buscando Baytril
2026-07-19 20:39:56,491 - scraper_base - INFO - ✅ Petz: 9 produto(s) encontrado(s) para Baytril
2026-07-19 20:39:57,949 - scraper_base - INFO - 📊 Petz - Estatísticas finais:
2026-07-19 20:39:57,949 - scraper_base - INFO -    • Medicamentos processados: 20
2026-07-19 20:39:57,949 - scraper_base - INFO -    • Produtos encontrados: 223
2026-07-19 20:39:57,949 - scraper_base - INFO -    • Medicamentos sem resultado: 0
2026-07-19 20:39:57,949 - scraper_base - INFO -    • Tempo total: 99.6s
2026-07-19 20:39:57,949 - scraper_base - INFO -    • Tempo médio por medicamento: 5.0s
2026-07-19 20:39:57,995 - gerenciador_arquivos - INFO - Excel salvo: dados_coletados/petz_20260719_203957.xlsx (223 produtos)
2026-07-19 20:39:57,995 - gerenciador_principal - INFO - Petz: Arquivo individual salvo com sucesso
2026-07-19 20:39:57,995 - gerenciador_principal - INFO - Gerando relatório consolidado...
2026-07-19 20:39:58,208 - gerenciador_arquivos - INFO - Relatório consolidado salvo: dados_relatorios/relatorio_consolidado_20260719_203957.xlsx
2026-07-19 20:39:58,312 - gerenciador_conexoes - INFO - Chrome fechado
2026-07-19 20:39:58,312 - gerenciador_conexoes - INFO - Métodos utilizados - Requests: 66.7%, Selenium: 33.3%, Falhas: 0.0%
2026-07-19 20:39:58,312 - gerenciador_principal - INFO - ============================================================
2026-07-19 20:39:58,312 - gerenciador_principal - INFO - RELATORIO FINAL DE EXECUÇÃO
2026-07-19 20:39:58,312 - gerenciador_principal - INFO - ============================================================
2026-07-19 20:39:58,312 - gerenciador_principal - INFO - Sites processados: 3
2026-07-19 20:39:58,312 - gerenciador_principal - INFO - Sites com sucesso: 3
2026-07-19 20:39:58,312 - gerenciador_principal - INFO - Total de produtos coletados: 632
2026-07-19 20:39:58,312 - gerenciador_principal - INFO - Tempo total de execução: 287.1 segundos
2026-07-19 20:39:58,312 - gerenciador_principal - INFO - Estatísticas de conexão:
2026-07-19 20:39:58,312 - gerenciador_principal - INFO -   - Requests bem-sucedidos: 66.7%
2026-07-19 20:39:58,312 - gerenciador_principal - INFO -   - Selenium fallback: 33.3%
2026-07-19 20:39:58,312 - gerenciador_principal - INFO -   - Falhas totais: 0.0%
2026-07-19 20:39:58,317 - gerenciador_principal - INFO - Arquivos salvos na pasta: dados_coletados
2026-07-19 20:39:58,317 - gerenciador_principal - INFO - Total de arquivos: 856
2026-07-19 20:39:58,317 - gerenciador_principal - INFO - ============================================================
