2026-05-16 20:35:51,232 - configurador_logs - INFO - Sistema de logs configurado com sucesso
2026-05-16 20:35:51,232 - configurador_logs - INFO - 🚀 Logs configurados para MODO PRODUÇÃO
2026-05-16 20:35:51,232 - gerenciador_principal - INFO - Inicializando sistema - Modo: PRODUCAO
2026-05-16 20:35:51,232 - gerenciador_arquivos - INFO - Pasta dados_coletados preparada
2026-05-16 20:35:51,233 - gerenciador_principal - INFO - Sistema inicializado com 3 scrapers
2026-05-16 20:35:51,233 - gerenciador_principal - INFO - ============================================================
2026-05-16 20:35:51,233 - gerenciador_principal - INFO - INICIANDO SCRAPING COMPLETO - PRODUCAO
2026-05-16 20:35:51,233 - gerenciador_principal - INFO - ============================================================
2026-05-16 20:35:51,233 - gerenciador_principal - INFO - [1/3] Processando Cobasi
2026-05-16 20:35:51,233 - scraper_base - INFO - 🚀 Iniciando scraping completo - Cobasi
2026-05-16 20:35:51,985 - gerenciador_conexoes - INFO - Sessao estabelecida com cobasi.com.br
2026-05-16 20:35:51,986 - scraper_base - INFO - 📋 20 medicamentos para processar
2026-05-16 20:35:51,986 - scraper_base - INFO - 📦 [1/20] Processando Simparic
2026-05-16 20:35:51,986 - scraper_base - INFO - 🔍 Cobasi: Buscando Simparic
2026-05-16 20:35:56,546 - scraper_cobasi - INFO - Cobasi: Dados extraídos via JSON para Simparic
2026-05-16 20:35:56,546 - scraper_base - INFO - ✅ Cobasi: 23 produto(s) encontrado(s) para Simparic
2026-05-16 20:35:59,390 - scraper_base - INFO - 📦 [2/20] Processando Revolution
2026-05-16 20:35:59,390 - scraper_base - INFO - 🔍 Cobasi: Buscando Revolution
2026-05-16 20:36:03,025 - scraper_cobasi - INFO - Cobasi: Dados extraídos via JSON para Revolution
2026-05-16 20:36:03,025 - scraper_base - INFO - ✅ Cobasi: 18 produto(s) encontrado(s) para Revolution
2026-05-16 20:36:05,121 - scraper_base - INFO - 📦 [3/20] Processando NexGard
2026-05-16 20:36:05,121 - scraper_base - INFO - 🔍 Cobasi: Buscando NexGard
2026-05-16 20:36:09,708 - scraper_cobasi - INFO - Cobasi: Dados extraídos via JSON para NexGard
2026-05-16 20:36:09,709 - scraper_base - INFO - ✅ Cobasi: 22 produto(s) encontrado(s) para NexGard
2026-05-16 20:36:11,839 - scraper_base - INFO - 📦 [4/20] Processando NexGard Spectra
2026-05-16 20:36:11,839 - scraper_base - INFO - 🔍 Cobasi: Buscando NexGard Spectra
2026-05-16 20:36:15,944 - scraper_cobasi - INFO - Cobasi: Dados extraídos via JSON para NexGard Spectra
2026-05-16 20:36:15,944 - scraper_base - INFO - ✅ Cobasi: 10 produto(s) encontrado(s) para NexGard Spectra
2026-05-16 20:36:16,956 - scraper_base - INFO - 📦 [5/20] Processando NexGard Combo
2026-05-16 20:36:16,956 - scraper_base - INFO - 🔍 Cobasi: Buscando NexGard Combo
2026-05-16 20:36:21,816 - scraper_cobasi - INFO - Cobasi: Dados extraídos via JSON para NexGard Combo
2026-05-16 20:36:21,816 - scraper_base - INFO - ✅ Cobasi: 4 produto(s) encontrado(s) para NexGard Combo
2026-05-16 20:36:24,490 - scraper_base - INFO - 📦 [6/20] Processando Bravecto
2026-05-16 20:36:24,490 - scraper_base - INFO - 🔍 Cobasi: Buscando Bravecto
2026-05-16 20:36:28,273 - scraper_cobasi - INFO - Cobasi: Dados extraídos via JSON para Bravecto
2026-05-16 20:36:28,273 - scraper_base - INFO - ✅ Cobasi: 16 produto(s) encontrado(s) para Bravecto
2026-05-16 20:36:31,076 - scraper_base - INFO - 📦 [7/20] Processando Frontline
2026-05-16 20:36:31,076 - scraper_base - INFO - 🔍 Cobasi: Buscando Frontline
2026-05-16 20:36:31,694 - scraper_cobasi - INFO - Cobasi: Dados extraídos via JSON para Frontline
2026-05-16 20:36:31,694 - scraper_base - INFO - ✅ Cobasi: 11 produto(s) encontrado(s) para Frontline
2026-05-16 20:36:33,463 - scraper_base - INFO - 📦 [8/20] Processando Advocate
2026-05-16 20:36:33,463 - scraper_base - INFO - 🔍 Cobasi: Buscando Advocate
2026-05-16 20:36:37,621 - scraper_cobasi - INFO - Cobasi: Dados extraídos via JSON para Advocate
2026-05-16 20:36:37,621 - scraper_base - INFO - ✅ Cobasi: 12 produto(s) encontrado(s) para Advocate
2026-05-16 20:36:39,676 - scraper_base - INFO - 📦 [9/20] Processando Drontal
2026-05-16 20:36:39,676 - scraper_base - INFO - 🔍 Cobasi: Buscando Drontal
2026-05-16 20:36:44,174 - scraper_cobasi - INFO - Cobasi: Dados extraídos via JSON para Drontal
2026-05-16 20:36:44,175 - scraper_base - INFO - ✅ Cobasi: 8 produto(s) encontrado(s) para Drontal
2026-05-16 20:36:45,713 - scraper_base - INFO - 📦 [10/20] Processando Milbemax
2026-05-16 20:36:45,713 - scraper_base - INFO - 🔍 Cobasi: Buscando Milbemax
2026-05-16 20:36:48,429 - scraper_cobasi - INFO - Cobasi: Dados extraídos via JSON para Milbemax
2026-05-16 20:36:48,429 - scraper_base - INFO - ✅ Cobasi: 4 produto(s) encontrado(s) para Milbemax
2026-05-16 20:36:51,038 - scraper_base - INFO - 📦 [11/20] Processando Vermivet
2026-05-16 20:36:51,038 - scraper_base - INFO - 🔍 Cobasi: Buscando Vermivet
2026-05-16 20:36:52,546 - scraper_cobasi - INFO - Cobasi: Dados extraídos via JSON para Vermivet
2026-05-16 20:36:52,547 - scraper_base - INFO - ✅ Cobasi: 5 produto(s) encontrado(s) para Vermivet
2026-05-16 20:36:53,809 - scraper_base - INFO - 📦 [12/20] Processando Rimadyl
2026-05-16 20:36:53,809 - scraper_base - INFO - 🔍 Cobasi: Buscando Rimadyl
2026-05-16 20:36:56,915 - scraper_cobasi - INFO - Cobasi: Dados extraídos via JSON para Rimadyl
2026-05-16 20:36:56,915 - scraper_base - INFO - ✅ Cobasi: 3 produto(s) encontrado(s) para Rimadyl
2026-05-16 20:36:58,711 - scraper_base - INFO - 📦 [13/20] Processando Onsior
2026-05-16 20:36:58,711 - scraper_base - INFO - 🔍 Cobasi: Buscando Onsior
2026-05-16 20:37:01,814 - scraper_cobasi - INFO - Cobasi: Dados extraídos via JSON para Onsior
2026-05-16 20:37:01,814 - scraper_base - INFO - ✅ Cobasi: 4 produto(s) encontrado(s) para Onsior
2026-05-16 20:37:03,797 - scraper_base - INFO - 📦 [14/20] Processando Maxicam
2026-05-16 20:37:03,798 - scraper_base - INFO - 🔍 Cobasi: Buscando Maxicam
2026-05-16 20:37:06,576 - scraper_cobasi - INFO - Cobasi: Dados extraídos via JSON para Maxicam
2026-05-16 20:37:06,576 - scraper_base - INFO - ✅ Cobasi: 3 produto(s) encontrado(s) para Maxicam
2026-05-16 20:37:08,440 - scraper_base - INFO - 📦 [15/20] Processando Carproflan
2026-05-16 20:37:08,440 - scraper_base - INFO - 🔍 Cobasi: Buscando Carproflan
2026-05-16 20:37:11,271 - scraper_cobasi - INFO - Cobasi: Dados extraídos via JSON para Carproflan
2026-05-16 20:37:11,271 - scraper_base - INFO - ✅ Cobasi: 3 produto(s) encontrado(s) para Carproflan
2026-05-16 20:37:12,546 - scraper_base - INFO - 📦 [16/20] Processando Previcox
2026-05-16 20:37:12,546 - scraper_base - INFO - 🔍 Cobasi: Buscando Previcox
2026-05-16 20:37:15,721 - scraper_cobasi - INFO - Cobasi: Dados extraídos via JSON para Previcox
2026-05-16 20:37:15,721 - scraper_base - INFO - ✅ Cobasi: 2 produto(s) encontrado(s) para Previcox
2026-05-16 20:37:18,691 - scraper_base - INFO - 📦 [17/20] Processando Apoquel
2026-05-16 20:37:18,691 - scraper_base - INFO - 🔍 Cobasi: Buscando Apoquel
2026-05-16 20:37:21,361 - scraper_cobasi - INFO - Cobasi: Dados extraídos via JSON para Apoquel
2026-05-16 20:37:21,361 - scraper_base - INFO - ✅ Cobasi: 3 produto(s) encontrado(s) para Apoquel
2026-05-16 20:37:24,174 - scraper_base - INFO - 📦 [18/20] Processando Zenrelia
2026-05-16 20:37:24,174 - scraper_base - INFO - 🔍 Cobasi: Buscando Zenrelia
2026-05-16 20:37:27,025 - scraper_cobasi - INFO - Cobasi: Dados extraídos via JSON para Zenrelia
2026-05-16 20:37:27,025 - scraper_base - INFO - ✅ Cobasi: 4 produto(s) encontrado(s) para Zenrelia
2026-05-16 20:37:29,847 - scraper_base - INFO - 📦 [19/20] Processando Synulox
2026-05-16 20:37:29,847 - scraper_base - INFO - 🔍 Cobasi: Buscando Synulox
2026-05-16 20:37:32,319 - scraper_cobasi - INFO - Cobasi: Dados extraídos via JSON para Synulox
2026-05-16 20:37:32,319 - scraper_base - INFO - ✅ Cobasi: 2 produto(s) encontrado(s) para Synulox
2026-05-16 20:37:33,939 - scraper_base - INFO - 📦 [20/20] Processando Baytril
2026-05-16 20:37:33,939 - scraper_base - INFO - 🔍 Cobasi: Buscando Baytril
2026-05-16 20:37:36,844 - scraper_cobasi - INFO - Cobasi: Dados extraídos via JSON para Baytril
2026-05-16 20:37:36,844 - scraper_base - INFO - ✅ Cobasi: 3 produto(s) encontrado(s) para Baytril
2026-05-16 20:37:39,294 - scraper_base - INFO - 📊 Cobasi - Estatísticas finais:
2026-05-16 20:37:39,294 - scraper_base - INFO -    • Medicamentos processados: 20
2026-05-16 20:37:39,294 - scraper_base - INFO -    • Produtos encontrados: 160
2026-05-16 20:37:39,294 - scraper_base - INFO -    • Medicamentos sem resultado: 0
2026-05-16 20:37:39,294 - scraper_base - INFO -    • Tempo total: 108.1s
2026-05-16 20:37:39,294 - scraper_base - INFO -    • Tempo médio por medicamento: 5.4s
2026-05-16 20:37:39,478 - gerenciador_arquivos - INFO - Excel salvo: dados_coletados/cobasi_20260516_203739.xlsx (160 produtos)
2026-05-16 20:37:39,478 - gerenciador_principal - INFO - Cobasi: Arquivo individual salvo com sucesso
2026-05-16 20:37:39,478 - gerenciador_principal - INFO - Pausando entre sites...
2026-05-16 20:37:41,479 - gerenciador_principal - INFO - [2/3] Processando Petlove
2026-05-16 20:37:41,479 - scraper_base - INFO - 🚀 Iniciando scraping completo - Petlove
2026-05-16 20:37:42,920 - gerenciador_conexoes - INFO - Sessao estabelecida com petlove.com.br
2026-05-16 20:37:42,920 - scraper_base - INFO - 📋 20 medicamentos para processar
2026-05-16 20:37:42,920 - scraper_base - INFO - 📦 [1/20] Processando Simparic
2026-05-16 20:37:42,920 - scraper_base - INFO - 🔍 Petlove: Buscando Simparic
2026-05-16 20:37:43,971 - scraper_base - INFO - ✅ Petlove: 36 produto(s) encontrado(s) para Simparic
2026-05-16 20:37:46,553 - scraper_base - INFO - 📦 [2/20] Processando Revolution
2026-05-16 20:37:46,554 - scraper_base - INFO - 🔍 Petlove: Buscando Revolution
2026-05-16 20:37:47,260 - scraper_base - INFO - ✅ Petlove: 20 produto(s) encontrado(s) para Revolution
2026-05-16 20:37:49,871 - scraper_base - INFO - 📦 [3/20] Processando NexGard
2026-05-16 20:37:49,872 - scraper_base - INFO - 🔍 Petlove: Buscando NexGard
2026-05-16 20:37:50,696 - scraper_base - INFO - ✅ Petlove: 11 produto(s) encontrado(s) para NexGard
2026-05-16 20:37:53,492 - scraper_base - INFO - 📦 [4/20] Processando NexGard Spectra
2026-05-16 20:37:53,492 - scraper_base - INFO - 🔍 Petlove: Buscando NexGard Spectra
2026-05-16 20:37:54,362 - scraper_base - INFO - ✅ Petlove: 5 produto(s) encontrado(s) para NexGard Spectra
2026-05-16 20:37:56,506 - scraper_base - INFO - 📦 [5/20] Processando NexGard Combo
2026-05-16 20:37:56,506 - scraper_base - INFO - 🔍 Petlove: Buscando NexGard Combo
2026-05-16 20:37:57,129 - scraper_base - INFO - ✅ Petlove: 2 produto(s) encontrado(s) para NexGard Combo
2026-05-16 20:37:59,083 - scraper_base - INFO - 📦 [6/20] Processando Bravecto
2026-05-16 20:37:59,083 - scraper_base - INFO - 🔍 Petlove: Buscando Bravecto
2026-05-16 20:37:59,846 - scraper_base - INFO - ✅ Petlove: 22 produto(s) encontrado(s) para Bravecto
2026-05-16 20:38:00,937 - scraper_base - INFO - 📦 [7/20] Processando Frontline
2026-05-16 20:38:00,937 - scraper_base - INFO - 🔍 Petlove: Buscando Frontline
2026-05-16 20:38:02,190 - scraper_base - INFO - ✅ Petlove: 11 produto(s) encontrado(s) para Frontline
2026-05-16 20:38:03,782 - scraper_base - INFO - 📦 [8/20] Processando Advocate
2026-05-16 20:38:03,782 - scraper_base - INFO - 🔍 Petlove: Buscando Advocate
2026-05-16 20:38:05,456 - scraper_base - INFO - ✅ Petlove: 9 produto(s) encontrado(s) para Advocate
2026-05-16 20:38:08,032 - scraper_base - INFO - 📦 [9/20] Processando Drontal
2026-05-16 20:38:08,032 - scraper_base - INFO - 🔍 Petlove: Buscando Drontal
2026-05-16 20:38:08,903 - scraper_base - INFO - ✅ Petlove: 36 produto(s) encontrado(s) para Drontal
2026-05-16 20:38:10,416 - scraper_base - INFO - 📦 [10/20] Processando Milbemax
2026-05-16 20:38:10,416 - scraper_base - INFO - 🔍 Petlove: Buscando Milbemax
2026-05-16 20:38:12,129 - scraper_base - INFO - ✅ Petlove: 14 produto(s) encontrado(s) para Milbemax
2026-05-16 20:38:13,578 - scraper_base - INFO - 📦 [11/20] Processando Vermivet
2026-05-16 20:38:13,579 - scraper_base - INFO - 🔍 Petlove: Buscando Vermivet
2026-05-16 20:38:14,523 - scraper_base - INFO - ✅ Petlove: 36 produto(s) encontrado(s) para Vermivet
2026-05-16 20:38:15,808 - scraper_base - INFO - 📦 [12/20] Processando Rimadyl
2026-05-16 20:38:15,808 - scraper_base - INFO - 🔍 Petlove: Buscando Rimadyl
2026-05-16 20:38:17,595 - scraper_base - INFO - ✅ Petlove: 1 produto(s) encontrado(s) para Rimadyl
2026-05-16 20:38:18,768 - scraper_base - INFO - 📦 [13/20] Processando Onsior
2026-05-16 20:38:18,768 - scraper_base - INFO - 🔍 Petlove: Buscando Onsior
2026-05-16 20:38:19,432 - scraper_base - INFO - ✅ Petlove: 4 produto(s) encontrado(s) para Onsior
2026-05-16 20:38:21,016 - scraper_base - INFO - 📦 [14/20] Processando Maxicam
2026-05-16 20:38:21,016 - scraper_base - INFO - 🔍 Petlove: Buscando Maxicam
2026-05-16 20:38:21,684 - scraper_base - INFO - ✅ Petlove: 3 produto(s) encontrado(s) para Maxicam
2026-05-16 20:38:24,522 - scraper_base - INFO - 📦 [15/20] Processando Carproflan
2026-05-16 20:38:24,522 - scraper_base - INFO - 🔍 Petlove: Buscando Carproflan
2026-05-16 20:38:25,972 - scraper_base - INFO - ✅ Petlove: 8 produto(s) encontrado(s) para Carproflan
2026-05-16 20:38:28,687 - scraper_base - INFO - 📦 [16/20] Processando Previcox
2026-05-16 20:38:28,687 - scraper_base - INFO - 🔍 Petlove: Buscando Previcox
2026-05-16 20:38:29,342 - scraper_base - INFO - ✅ Petlove: 4 produto(s) encontrado(s) para Previcox
2026-05-16 20:38:30,872 - scraper_base - INFO - 📦 [17/20] Processando Apoquel
2026-05-16 20:38:30,872 - scraper_base - INFO - 🔍 Petlove: Buscando Apoquel
2026-05-16 20:38:31,751 - scraper_base - INFO - ✅ Petlove: 16 produto(s) encontrado(s) para Apoquel
2026-05-16 20:38:34,540 - scraper_base - INFO - 📦 [18/20] Processando Zenrelia
2026-05-16 20:38:34,541 - scraper_base - INFO - 🔍 Petlove: Buscando Zenrelia
2026-05-16 20:38:35,442 - scraper_base - INFO - ✅ Petlove: 4 produto(s) encontrado(s) para Zenrelia
2026-05-16 20:38:37,656 - scraper_base - INFO - 📦 [19/20] Processando Synulox
2026-05-16 20:38:37,656 - scraper_base - INFO - 🔍 Petlove: Buscando Synulox
2026-05-16 20:38:38,656 - scraper_base - INFO - ✅ Petlove: 1 produto(s) encontrado(s) para Synulox
2026-05-16 20:38:40,981 - scraper_base - INFO - 📦 [20/20] Processando Baytril
2026-05-16 20:38:40,981 - scraper_base - INFO - 🔍 Petlove: Buscando Baytril
2026-05-16 20:38:41,651 - scraper_base - INFO - ✅ Petlove: 5 produto(s) encontrado(s) para Baytril
2026-05-16 20:38:43,939 - scraper_base - INFO - 📊 Petlove - Estatísticas finais:
2026-05-16 20:38:43,939 - scraper_base - INFO -    • Medicamentos processados: 20
2026-05-16 20:38:43,940 - scraper_base - INFO -    • Produtos encontrados: 248
2026-05-16 20:38:43,940 - scraper_base - INFO -    • Medicamentos sem resultado: 0
2026-05-16 20:38:43,940 - scraper_base - INFO -    • Tempo total: 62.5s
2026-05-16 20:38:43,940 - scraper_base - INFO -    • Tempo médio por medicamento: 3.1s
2026-05-16 20:38:43,986 - gerenciador_arquivos - INFO - Excel salvo: dados_coletados/petlove_20260516_203843.xlsx (248 produtos)
2026-05-16 20:38:43,986 - gerenciador_principal - INFO - Petlove: Arquivo individual salvo com sucesso
2026-05-16 20:38:43,986 - gerenciador_principal - INFO - Pausando entre sites...
2026-05-16 20:38:45,986 - gerenciador_principal - INFO - [3/3] Processando Petz
2026-05-16 20:38:45,986 - scraper_base - INFO - 🚀 Iniciando scraping completo - Petz
2026-05-16 20:38:46,278 - scraper_base - INFO - 📋 20 medicamentos para processar
2026-05-16 20:38:46,278 - scraper_base - INFO - 📦 [1/20] Processando Simparic
2026-05-16 20:38:46,278 - scraper_base - INFO - 🔍 Petz: Buscando Simparic
2026-05-16 20:38:55,898 - gerenciador_conexoes - INFO - Chrome inicializado com otimizacoes de velocidade
2026-05-16 20:39:02,473 - scraper_base - INFO - ✅ Petz: 24 produto(s) encontrado(s) para Simparic
2026-05-16 20:39:04,767 - scraper_base - INFO - 📦 [2/20] Processando Revolution
2026-05-16 20:39:04,767 - scraper_base - INFO - 🔍 Petz: Buscando Revolution
2026-05-16 20:39:07,867 - scraper_base - INFO - ✅ Petz: 21 produto(s) encontrado(s) para Revolution
2026-05-16 20:39:09,716 - scraper_base - INFO - 📦 [3/20] Processando NexGard
2026-05-16 20:39:09,716 - scraper_base - INFO - 🔍 Petz: Buscando NexGard
2026-05-16 20:39:12,452 - scraper_base - INFO - ✅ Petz: 22 produto(s) encontrado(s) para NexGard
2026-05-16 20:39:13,824 - scraper_base - INFO - 📦 [4/20] Processando NexGard Spectra
2026-05-16 20:39:13,824 - scraper_base - INFO - 🔍 Petz: Buscando NexGard Spectra
2026-05-16 20:39:15,918 - scraper_base - INFO - ✅ Petz: 10 produto(s) encontrado(s) para NexGard Spectra
2026-05-16 20:39:17,967 - scraper_base - INFO - 📦 [5/20] Processando NexGard Combo
2026-05-16 20:39:17,967 - scraper_base - INFO - 🔍 Petz: Buscando NexGard Combo
2026-05-16 20:39:19,596 - scraper_base - INFO - ✅ Petz: 4 produto(s) encontrado(s) para NexGard Combo
2026-05-16 20:39:22,380 - scraper_base - INFO - 📦 [6/20] Processando Bravecto
2026-05-16 20:39:22,380 - scraper_base - INFO - 🔍 Petz: Buscando Bravecto
2026-05-16 20:39:24,689 - scraper_base - INFO - ✅ Petz: 16 produto(s) encontrado(s) para Bravecto
2026-05-16 20:39:26,502 - scraper_base - INFO - 📦 [7/20] Processando Frontline
2026-05-16 20:39:26,503 - scraper_base - INFO - 🔍 Petz: Buscando Frontline
2026-05-16 20:39:28,731 - scraper_base - INFO - ✅ Petz: 11 produto(s) encontrado(s) para Frontline
2026-05-16 20:39:30,426 - scraper_base - INFO - 📦 [8/20] Processando Advocate
2026-05-16 20:39:30,426 - scraper_base - INFO - 🔍 Petz: Buscando Advocate
2026-05-16 20:39:32,802 - scraper_base - INFO - ✅ Petz: 12 produto(s) encontrado(s) para Advocate
2026-05-16 20:39:34,772 - scraper_base - INFO - 📦 [9/20] Processando Drontal
2026-05-16 20:39:34,772 - scraper_base - INFO - 🔍 Petz: Buscando Drontal
2026-05-16 20:39:37,701 - scraper_base - INFO - ✅ Petz: 32 produto(s) encontrado(s) para Drontal
2026-05-16 20:39:40,219 - scraper_base - INFO - 📦 [10/20] Processando Milbemax
2026-05-16 20:39:40,219 - scraper_base - INFO - 🔍 Petz: Buscando Milbemax
2026-05-16 20:39:41,928 - scraper_base - INFO - ✅ Petz: 4 produto(s) encontrado(s) para Milbemax
2026-05-16 20:39:43,379 - scraper_base - INFO - 📦 [11/20] Processando Vermivet
2026-05-16 20:39:43,379 - scraper_base - INFO - 🔍 Petz: Buscando Vermivet
2026-05-16 20:39:45,150 - scraper_base - INFO - ✅ Petz: 5 produto(s) encontrado(s) para Vermivet
2026-05-16 20:39:46,412 - scraper_base - INFO - 📦 [12/20] Processando Rimadyl
2026-05-16 20:39:46,412 - scraper_base - INFO - 🔍 Petz: Buscando Rimadyl
2026-05-16 20:39:48,439 - scraper_base - INFO - ✅ Petz: 3 produto(s) encontrado(s) para Rimadyl
2026-05-16 20:39:50,221 - scraper_base - INFO - 📦 [13/20] Processando Onsior
2026-05-16 20:39:50,221 - scraper_base - INFO - 🔍 Petz: Buscando Onsior
2026-05-16 20:39:51,907 - scraper_base - INFO - ✅ Petz: 4 produto(s) encontrado(s) para Onsior
2026-05-16 20:39:54,073 - scraper_base - INFO - 📦 [14/20] Processando Maxicam
2026-05-16 20:39:54,073 - scraper_base - INFO - 🔍 Petz: Buscando Maxicam
2026-05-16 20:39:56,889 - scraper_base - INFO - ✅ Petz: 30 produto(s) encontrado(s) para Maxicam
2026-05-16 20:39:58,140 - scraper_base - INFO - 📦 [15/20] Processando Carproflan
2026-05-16 20:39:58,140 - scraper_base - INFO - 🔍 Petz: Buscando Carproflan
2026-05-16 20:40:00,360 - scraper_base - INFO - ✅ Petz: 3 produto(s) encontrado(s) para Carproflan
2026-05-16 20:40:01,681 - scraper_base - INFO - 📦 [16/20] Processando Previcox
2026-05-16 20:40:01,681 - scraper_base - INFO - 🔍 Petz: Buscando Previcox
2026-05-16 20:40:03,521 - scraper_base - INFO - ✅ Petz: 2 produto(s) encontrado(s) para Previcox
2026-05-16 20:40:04,868 - scraper_base - INFO - 📦 [17/20] Processando Apoquel
2026-05-16 20:40:04,868 - scraper_base - INFO - 🔍 Petz: Buscando Apoquel
2026-05-16 20:40:06,409 - scraper_base - INFO - ✅ Petz: 3 produto(s) encontrado(s) para Apoquel
2026-05-16 20:40:07,811 - scraper_base - INFO - 📦 [18/20] Processando Zenrelia
2026-05-16 20:40:07,811 - scraper_base - INFO - 🔍 Petz: Buscando Zenrelia
2026-05-16 20:40:09,638 - scraper_base - INFO - ✅ Petz: 4 produto(s) encontrado(s) para Zenrelia
2026-05-16 20:40:11,213 - scraper_base - INFO - 📦 [19/20] Processando Synulox
2026-05-16 20:40:11,213 - scraper_base - INFO - 🔍 Petz: Buscando Synulox
2026-05-16 20:40:12,812 - scraper_base - INFO - ✅ Petz: 2 produto(s) encontrado(s) para Synulox
2026-05-16 20:40:14,673 - scraper_base - INFO - 📦 [20/20] Processando Baytril
2026-05-16 20:40:14,673 - scraper_base - INFO - 🔍 Petz: Buscando Baytril
2026-05-16 20:40:16,698 - scraper_base - INFO - ✅ Petz: 9 produto(s) encontrado(s) para Baytril
2026-05-16 20:40:17,830 - scraper_base - INFO - 📊 Petz - Estatísticas finais:
2026-05-16 20:40:17,830 - scraper_base - INFO -    • Medicamentos processados: 20
2026-05-16 20:40:17,830 - scraper_base - INFO -    • Produtos encontrados: 221
2026-05-16 20:40:17,830 - scraper_base - INFO -    • Medicamentos sem resultado: 0
2026-05-16 20:40:17,830 - scraper_base - INFO -    • Tempo total: 91.8s
2026-05-16 20:40:17,830 - scraper_base - INFO -    • Tempo médio por medicamento: 4.6s
2026-05-16 20:40:17,929 - gerenciador_arquivos - INFO - Excel salvo: dados_coletados/petz_20260516_204017.xlsx (221 produtos)
2026-05-16 20:40:17,929 - gerenciador_principal - INFO - Petz: Arquivo individual salvo com sucesso
2026-05-16 20:40:17,929 - gerenciador_principal - INFO - Gerando relatório consolidado...
2026-05-16 20:40:18,150 - gerenciador_arquivos - INFO - Relatório consolidado salvo: dados_relatorios/relatorio_consolidado_20260516_204017.xlsx
2026-05-16 20:40:18,251 - gerenciador_conexoes - INFO - Chrome fechado
2026-05-16 20:40:18,251 - gerenciador_conexoes - INFO - Métodos utilizados - Requests: 66.7%, Selenium: 33.3%, Falhas: 0.0%
2026-05-16 20:40:18,251 - gerenciador_principal - INFO - ============================================================
2026-05-16 20:40:18,251 - gerenciador_principal - INFO - RELATORIO FINAL DE EXECUÇÃO
2026-05-16 20:40:18,252 - gerenciador_principal - INFO - ============================================================
2026-05-16 20:40:18,252 - gerenciador_principal - INFO - Sites processados: 3
2026-05-16 20:40:18,252 - gerenciador_principal - INFO - Sites com sucesso: 3
2026-05-16 20:40:18,252 - gerenciador_principal - INFO - Total de produtos coletados: 629
2026-05-16 20:40:18,252 - gerenciador_principal - INFO - Tempo total de execução: 266.7 segundos
2026-05-16 20:40:18,252 - gerenciador_principal - INFO - Estatísticas de conexão:
2026-05-16 20:40:18,252 - gerenciador_principal - INFO -   - Requests bem-sucedidos: 66.7%
2026-05-16 20:40:18,252 - gerenciador_principal - INFO -   - Selenium fallback: 33.3%
2026-05-16 20:40:18,252 - gerenciador_principal - INFO -   - Falhas totais: 0.0%
2026-05-16 20:40:18,255 - gerenciador_principal - INFO - Arquivos salvos na pasta: dados_coletados
2026-05-16 20:40:18,255 - gerenciador_principal - INFO - Total de arquivos: 668
2026-05-16 20:40:18,255 - gerenciador_principal - INFO - ============================================================
