2026-08-02 20:40:13,388 - configurador_logs - INFO - Sistema de logs configurado com sucesso
2026-08-02 20:40:13,388 - configurador_logs - INFO - 🚀 Logs configurados para MODO PRODUÇÃO
2026-08-02 20:40:13,388 - gerenciador_principal - INFO - Inicializando sistema - Modo: PRODUCAO
2026-08-02 20:40:13,389 - gerenciador_arquivos - INFO - Pasta dados_coletados preparada
2026-08-02 20:40:13,389 - gerenciador_principal - INFO - Sistema inicializado com 3 scrapers
2026-08-02 20:40:13,389 - gerenciador_principal - INFO - ============================================================
2026-08-02 20:40:13,389 - gerenciador_principal - INFO - INICIANDO SCRAPING COMPLETO - PRODUCAO
2026-08-02 20:40:13,389 - gerenciador_principal - INFO - ============================================================
2026-08-02 20:40:13,389 - gerenciador_principal - INFO - [1/3] Processando Cobasi
2026-08-02 20:40:13,389 - scraper_base - INFO - 🚀 Iniciando scraping completo - Cobasi
2026-08-02 20:40:15,100 - gerenciador_conexoes - INFO - Sessao estabelecida com cobasi.com.br
2026-08-02 20:40:15,101 - scraper_base - INFO - 📋 20 medicamentos para processar
2026-08-02 20:40:15,101 - scraper_base - INFO - 📦 [1/20] Processando Simparic
2026-08-02 20:40:15,101 - scraper_base - INFO - 🔍 Cobasi: Buscando Simparic
2026-08-02 20:40:22,964 - scraper_cobasi - INFO - Cobasi: Dados extraídos via JSON para Simparic
2026-08-02 20:40:22,964 - scraper_base - INFO - ✅ Cobasi: 24 produto(s) encontrado(s) para Simparic
2026-08-02 20:40:25,418 - scraper_base - INFO - 📦 [2/20] Processando Revolution
2026-08-02 20:40:25,418 - scraper_base - INFO - 🔍 Cobasi: Buscando Revolution
2026-08-02 20:40:32,052 - scraper_cobasi - INFO - Cobasi: Dados extraídos via JSON para Revolution
2026-08-02 20:40:32,052 - scraper_base - INFO - ✅ Cobasi: 17 produto(s) encontrado(s) para Revolution
2026-08-02 20:40:34,075 - scraper_base - INFO - 📦 [3/20] Processando NexGard
2026-08-02 20:40:34,075 - scraper_base - INFO - 🔍 Cobasi: Buscando NexGard
2026-08-02 20:40:40,290 - scraper_cobasi - INFO - Cobasi: Dados extraídos via JSON para NexGard
2026-08-02 20:40:40,290 - scraper_base - INFO - ✅ Cobasi: 22 produto(s) encontrado(s) para NexGard
2026-08-02 20:40:42,731 - scraper_base - INFO - 📦 [4/20] Processando NexGard Spectra
2026-08-02 20:40:42,731 - scraper_base - INFO - 🔍 Cobasi: Buscando NexGard Spectra
2026-08-02 20:40:47,542 - scraper_cobasi - INFO - Cobasi: Dados extraídos via JSON para NexGard Spectra
2026-08-02 20:40:47,542 - scraper_base - INFO - ✅ Cobasi: 10 produto(s) encontrado(s) para NexGard Spectra
2026-08-02 20:40:49,428 - scraper_base - INFO - 📦 [5/20] Processando NexGard Combo
2026-08-02 20:40:49,428 - scraper_base - INFO - 🔍 Cobasi: Buscando NexGard Combo
2026-08-02 20:40:53,209 - scraper_cobasi - INFO - Cobasi: Dados extraídos via JSON para NexGard Combo
2026-08-02 20:40:53,209 - scraper_base - INFO - ✅ Cobasi: 4 produto(s) encontrado(s) para NexGard Combo
2026-08-02 20:40:55,966 - scraper_base - INFO - 📦 [6/20] Processando Bravecto
2026-08-02 20:40:55,966 - scraper_base - INFO - 🔍 Cobasi: Buscando Bravecto
2026-08-02 20:41:02,828 - scraper_cobasi - INFO - Cobasi: Dados extraídos via JSON para Bravecto
2026-08-02 20:41:02,829 - scraper_base - INFO - ✅ Cobasi: 16 produto(s) encontrado(s) para Bravecto
2026-08-02 20:41:05,132 - scraper_base - INFO - 📦 [7/20] Processando Frontline
2026-08-02 20:41:05,132 - scraper_base - INFO - 🔍 Cobasi: Buscando Frontline
2026-08-02 20:41:12,780 - scraper_cobasi - INFO - Cobasi: Dados extraídos via JSON para Frontline
2026-08-02 20:41:12,780 - scraper_base - INFO - ✅ Cobasi: 11 produto(s) encontrado(s) para Frontline
2026-08-02 20:41:14,985 - scraper_base - INFO - 📦 [8/20] Processando Advocate
2026-08-02 20:41:14,986 - scraper_base - INFO - 🔍 Cobasi: Buscando Advocate
2026-08-02 20:41:20,364 - scraper_cobasi - INFO - Cobasi: Dados extraídos via JSON para Advocate
2026-08-02 20:41:20,365 - scraper_base - INFO - ✅ Cobasi: 12 produto(s) encontrado(s) para Advocate
2026-08-02 20:41:21,902 - scraper_base - INFO - 📦 [9/20] Processando Drontal
2026-08-02 20:41:21,902 - scraper_base - INFO - 🔍 Cobasi: Buscando Drontal
2026-08-02 20:41:26,601 - scraper_cobasi - INFO - Cobasi: Dados extraídos via JSON para Drontal
2026-08-02 20:41:26,601 - scraper_base - INFO - ✅ Cobasi: 8 produto(s) encontrado(s) para Drontal
2026-08-02 20:41:29,236 - scraper_base - INFO - 📦 [10/20] Processando Milbemax
2026-08-02 20:41:29,236 - scraper_base - INFO - 🔍 Cobasi: Buscando Milbemax
2026-08-02 20:41:34,920 - scraper_cobasi - INFO - Cobasi: Dados extraídos via JSON para Milbemax
2026-08-02 20:41:34,921 - scraper_base - INFO - ✅ Cobasi: 4 produto(s) encontrado(s) para Milbemax
2026-08-02 20:41:36,424 - scraper_base - INFO - 📦 [11/20] Processando Vermivet
2026-08-02 20:41:36,424 - scraper_base - INFO - 🔍 Cobasi: Buscando Vermivet
2026-08-02 20:41:41,510 - scraper_cobasi - INFO - Cobasi: Dados extraídos via JSON para Vermivet
2026-08-02 20:41:41,510 - scraper_base - INFO - ✅ Cobasi: 5 produto(s) encontrado(s) para Vermivet
2026-08-02 20:41:43,023 - scraper_base - INFO - 📦 [12/20] Processando Rimadyl
2026-08-02 20:41:43,024 - scraper_base - INFO - 🔍 Cobasi: Buscando Rimadyl
2026-08-02 20:41:50,347 - scraper_cobasi - INFO - Cobasi: Dados extraídos via JSON para Rimadyl
2026-08-02 20:41:50,347 - scraper_base - INFO - ✅ Cobasi: 3 produto(s) encontrado(s) para Rimadyl
2026-08-02 20:41:52,065 - scraper_base - INFO - 📦 [13/20] Processando Onsior
2026-08-02 20:41:52,066 - scraper_base - INFO - 🔍 Cobasi: Buscando Onsior
2026-08-02 20:41:55,047 - scraper_cobasi - INFO - Cobasi: Dados extraídos via JSON para Onsior
2026-08-02 20:41:55,047 - scraper_base - INFO - ✅ Cobasi: 4 produto(s) encontrado(s) para Onsior
2026-08-02 20:41:56,167 - scraper_base - INFO - 📦 [14/20] Processando Maxicam
2026-08-02 20:41:56,167 - scraper_base - INFO - 🔍 Cobasi: Buscando Maxicam
2026-08-02 20:42:00,224 - scraper_cobasi - INFO - Cobasi: Dados extraídos via JSON para Maxicam
2026-08-02 20:42:00,224 - scraper_base - INFO - ✅ Cobasi: 3 produto(s) encontrado(s) para Maxicam
2026-08-02 20:42:02,640 - scraper_base - INFO - 📦 [15/20] Processando Carproflan
2026-08-02 20:42:02,640 - scraper_base - INFO - 🔍 Cobasi: Buscando Carproflan
2026-08-02 20:42:06,743 - scraper_cobasi - INFO - Cobasi: Dados extraídos via JSON para Carproflan
2026-08-02 20:42:06,743 - scraper_base - INFO - ✅ Cobasi: 3 produto(s) encontrado(s) para Carproflan
2026-08-02 20:42:08,457 - scraper_base - INFO - 📦 [16/20] Processando Previcox
2026-08-02 20:42:08,457 - scraper_base - INFO - 🔍 Cobasi: Buscando Previcox
2026-08-02 20:42:13,672 - scraper_cobasi - INFO - Cobasi: Dados extraídos via JSON para Previcox
2026-08-02 20:42:13,673 - scraper_base - INFO - ✅ Cobasi: 2 produto(s) encontrado(s) para Previcox
2026-08-02 20:42:14,816 - scraper_base - INFO - 📦 [17/20] Processando Apoquel
2026-08-02 20:42:14,816 - scraper_base - INFO - 🔍 Cobasi: Buscando Apoquel
2026-08-02 20:42:21,399 - scraper_cobasi - INFO - Cobasi: Dados extraídos via JSON para Apoquel
2026-08-02 20:42:21,399 - scraper_base - INFO - ✅ Cobasi: 3 produto(s) encontrado(s) para Apoquel
2026-08-02 20:42:22,872 - scraper_base - INFO - 📦 [18/20] Processando Zenrelia
2026-08-02 20:42:22,873 - scraper_base - INFO - 🔍 Cobasi: Buscando Zenrelia
2026-08-02 20:42:26,730 - scraper_cobasi - INFO - Cobasi: Dados extraídos via JSON para Zenrelia
2026-08-02 20:42:26,730 - scraper_base - INFO - ✅ Cobasi: 4 produto(s) encontrado(s) para Zenrelia
2026-08-02 20:42:29,544 - scraper_base - INFO - 📦 [19/20] Processando Synulox
2026-08-02 20:42:29,544 - scraper_base - INFO - 🔍 Cobasi: Buscando Synulox
2026-08-02 20:42:33,694 - scraper_cobasi - INFO - Cobasi: Dados extraídos via JSON para Synulox
2026-08-02 20:42:33,694 - scraper_base - INFO - ✅ Cobasi: 2 produto(s) encontrado(s) para Synulox
2026-08-02 20:42:35,052 - scraper_base - INFO - 📦 [20/20] Processando Baytril
2026-08-02 20:42:35,052 - scraper_base - INFO - 🔍 Cobasi: Buscando Baytril
2026-08-02 20:42:38,259 - scraper_cobasi - INFO - Cobasi: Dados extraídos via JSON para Baytril
2026-08-02 20:42:38,260 - scraper_base - INFO - ✅ Cobasi: 2 produto(s) encontrado(s) para Baytril
2026-08-02 20:42:40,262 - scraper_base - INFO - 📊 Cobasi - Estatísticas finais:
2026-08-02 20:42:40,263 - scraper_base - INFO -    • Medicamentos processados: 20
2026-08-02 20:42:40,263 - scraper_base - INFO -    • Produtos encontrados: 159
2026-08-02 20:42:40,263 - scraper_base - INFO -    • Medicamentos sem resultado: 0
2026-08-02 20:42:40,263 - scraper_base - INFO -    • Tempo total: 146.9s
2026-08-02 20:42:40,263 - scraper_base - INFO -    • Tempo médio por medicamento: 7.3s
2026-08-02 20:42:40,498 - gerenciador_arquivos - INFO - Excel salvo: dados_coletados/cobasi_20260802_204240.xlsx (159 produtos)
2026-08-02 20:42:40,498 - gerenciador_principal - INFO - Cobasi: Arquivo individual salvo com sucesso
2026-08-02 20:42:40,498 - gerenciador_principal - INFO - Pausando entre sites...
2026-08-02 20:42:42,498 - gerenciador_principal - INFO - [2/3] Processando Petlove
2026-08-02 20:42:42,499 - scraper_base - INFO - 🚀 Iniciando scraping completo - Petlove
2026-08-02 20:42:42,768 - gerenciador_conexoes - INFO - Sessao estabelecida com petlove.com.br
2026-08-02 20:42:42,768 - scraper_base - INFO - 📋 20 medicamentos para processar
2026-08-02 20:42:42,768 - scraper_base - INFO - 📦 [1/20] Processando Simparic
2026-08-02 20:42:42,769 - scraper_base - INFO - 🔍 Petlove: Buscando Simparic
2026-08-02 20:42:44,242 - scraper_base - INFO - ✅ Petlove: 36 produto(s) encontrado(s) para Simparic
2026-08-02 20:42:45,560 - scraper_base - INFO - 📦 [2/20] Processando Revolution
2026-08-02 20:42:45,561 - scraper_base - INFO - 🔍 Petlove: Buscando Revolution
2026-08-02 20:42:46,508 - scraper_base - INFO - ✅ Petlove: 20 produto(s) encontrado(s) para Revolution
2026-08-02 20:42:47,932 - scraper_base - INFO - 📦 [3/20] Processando NexGard
2026-08-02 20:42:47,932 - scraper_base - INFO - 🔍 Petlove: Buscando NexGard
2026-08-02 20:42:48,591 - scraper_base - INFO - ✅ Petlove: 11 produto(s) encontrado(s) para NexGard
2026-08-02 20:42:50,262 - scraper_base - INFO - 📦 [4/20] Processando NexGard Spectra
2026-08-02 20:42:50,262 - scraper_base - INFO - 🔍 Petlove: Buscando NexGard Spectra
2026-08-02 20:42:50,884 - scraper_base - INFO - ✅ Petlove: 5 produto(s) encontrado(s) para NexGard Spectra
2026-08-02 20:42:52,958 - scraper_base - INFO - 📦 [5/20] Processando NexGard Combo
2026-08-02 20:42:52,958 - scraper_base - INFO - 🔍 Petlove: Buscando NexGard Combo
2026-08-02 20:42:53,604 - scraper_base - INFO - ✅ Petlove: 2 produto(s) encontrado(s) para NexGard Combo
2026-08-02 20:42:54,953 - scraper_base - INFO - 📦 [6/20] Processando Bravecto
2026-08-02 20:42:54,953 - scraper_base - INFO - 🔍 Petlove: Buscando Bravecto
2026-08-02 20:42:55,770 - scraper_base - INFO - ✅ Petlove: 23 produto(s) encontrado(s) para Bravecto
2026-08-02 20:42:57,493 - scraper_base - INFO - 📦 [7/20] Processando Frontline
2026-08-02 20:42:57,493 - scraper_base - INFO - 🔍 Petlove: Buscando Frontline
2026-08-02 20:42:58,256 - scraper_base - INFO - ✅ Petlove: 11 produto(s) encontrado(s) para Frontline
2026-08-02 20:43:00,477 - scraper_base - INFO - 📦 [8/20] Processando Advocate
2026-08-02 20:43:00,477 - scraper_base - INFO - 🔍 Petlove: Buscando Advocate
2026-08-02 20:43:01,105 - scraper_base - INFO - ✅ Petlove: 9 produto(s) encontrado(s) para Advocate
2026-08-02 20:43:03,812 - scraper_base - INFO - 📦 [9/20] Processando Drontal
2026-08-02 20:43:03,812 - scraper_base - INFO - 🔍 Petlove: Buscando Drontal
2026-08-02 20:43:06,222 - scraper_base - INFO - ✅ Petlove: 36 produto(s) encontrado(s) para Drontal
2026-08-02 20:43:08,545 - scraper_base - INFO - 📦 [10/20] Processando Milbemax
2026-08-02 20:43:08,545 - scraper_base - INFO - 🔍 Petlove: Buscando Milbemax
2026-08-02 20:43:09,424 - scraper_base - INFO - ✅ Petlove: 14 produto(s) encontrado(s) para Milbemax
2026-08-02 20:43:10,902 - scraper_base - INFO - 📦 [11/20] Processando Vermivet
2026-08-02 20:43:10,902 - scraper_base - INFO - 🔍 Petlove: Buscando Vermivet
2026-08-02 20:43:11,933 - scraper_base - INFO - ✅ Petlove: 36 produto(s) encontrado(s) para Vermivet
2026-08-02 20:43:14,820 - scraper_base - INFO - 📦 [12/20] Processando Rimadyl
2026-08-02 20:43:14,820 - scraper_base - INFO - 🔍 Petlove: Buscando Rimadyl
2026-08-02 20:43:16,975 - scraper_base - INFO - ✅ Petlove: 1 produto(s) encontrado(s) para Rimadyl
2026-08-02 20:43:18,596 - scraper_base - INFO - 📦 [13/20] Processando Onsior
2026-08-02 20:43:18,596 - scraper_base - INFO - 🔍 Petlove: Buscando Onsior
2026-08-02 20:43:19,446 - scraper_base - INFO - ✅ Petlove: 4 produto(s) encontrado(s) para Onsior
2026-08-02 20:43:22,017 - scraper_base - INFO - 📦 [14/20] Processando Maxicam
2026-08-02 20:43:22,018 - scraper_base - INFO - 🔍 Petlove: Buscando Maxicam
2026-08-02 20:43:22,672 - scraper_base - INFO - ✅ Petlove: 3 produto(s) encontrado(s) para Maxicam
2026-08-02 20:43:25,650 - scraper_base - INFO - 📦 [15/20] Processando Carproflan
2026-08-02 20:43:25,651 - scraper_base - INFO - 🔍 Petlove: Buscando Carproflan
2026-08-02 20:43:26,382 - scraper_base - INFO - ✅ Petlove: 8 produto(s) encontrado(s) para Carproflan
2026-08-02 20:43:28,212 - scraper_base - INFO - 📦 [16/20] Processando Previcox
2026-08-02 20:43:28,212 - scraper_base - INFO - 🔍 Petlove: Buscando Previcox
2026-08-02 20:43:29,077 - scraper_base - INFO - ✅ Petlove: 4 produto(s) encontrado(s) para Previcox
2026-08-02 20:43:31,623 - scraper_base - INFO - 📦 [17/20] Processando Apoquel
2026-08-02 20:43:31,623 - scraper_base - INFO - 🔍 Petlove: Buscando Apoquel
2026-08-02 20:43:32,392 - scraper_base - INFO - ✅ Petlove: 16 produto(s) encontrado(s) para Apoquel
2026-08-02 20:43:33,634 - scraper_base - INFO - 📦 [18/20] Processando Zenrelia
2026-08-02 20:43:33,634 - scraper_base - INFO - 🔍 Petlove: Buscando Zenrelia
2026-08-02 20:43:34,258 - scraper_base - INFO - ✅ Petlove: 4 produto(s) encontrado(s) para Zenrelia
2026-08-02 20:43:35,868 - scraper_base - INFO - 📦 [19/20] Processando Synulox
2026-08-02 20:43:35,868 - scraper_base - INFO - 🔍 Petlove: Buscando Synulox
2026-08-02 20:43:36,502 - scraper_base - INFO - ✅ Petlove: 1 produto(s) encontrado(s) para Synulox
2026-08-02 20:43:38,017 - scraper_base - INFO - 📦 [20/20] Processando Baytril
2026-08-02 20:43:38,018 - scraper_base - INFO - 🔍 Petlove: Buscando Baytril
2026-08-02 20:43:38,872 - scraper_base - INFO - ✅ Petlove: 6 produto(s) encontrado(s) para Baytril
2026-08-02 20:43:41,163 - scraper_base - INFO - 📊 Petlove - Estatísticas finais:
2026-08-02 20:43:41,163 - scraper_base - INFO -    • Medicamentos processados: 20
2026-08-02 20:43:41,163 - scraper_base - INFO -    • Produtos encontrados: 250
2026-08-02 20:43:41,163 - scraper_base - INFO -    • Medicamentos sem resultado: 0
2026-08-02 20:43:41,163 - scraper_base - INFO -    • Tempo total: 58.7s
2026-08-02 20:43:41,163 - scraper_base - INFO -    • Tempo médio por medicamento: 2.9s
2026-08-02 20:43:41,211 - gerenciador_arquivos - INFO - Excel salvo: dados_coletados/petlove_20260802_204341.xlsx (250 produtos)
2026-08-02 20:43:41,211 - gerenciador_principal - INFO - Petlove: Arquivo individual salvo com sucesso
2026-08-02 20:43:41,211 - gerenciador_principal - INFO - Pausando entre sites...
2026-08-02 20:43:43,212 - gerenciador_principal - INFO - [3/3] Processando Petz
2026-08-02 20:43:43,212 - scraper_base - INFO - 🚀 Iniciando scraping completo - Petz
2026-08-02 20:43:43,572 - scraper_base - INFO - 📋 20 medicamentos para processar
2026-08-02 20:43:43,573 - scraper_base - INFO - 📦 [1/20] Processando Simparic
2026-08-02 20:43:43,573 - scraper_base - INFO - 🔍 Petz: Buscando Simparic
2026-08-02 20:43:45,291 - gerenciador_conexoes - INFO - Chrome inicializado com otimizacoes de velocidade
2026-08-02 20:43:49,231 - scraper_base - INFO - ✅ Petz: 24 produto(s) encontrado(s) para Simparic
2026-08-02 20:43:50,451 - scraper_base - INFO - 📦 [2/20] Processando Revolution
2026-08-02 20:43:50,451 - scraper_base - INFO - 🔍 Petz: Buscando Revolution
2026-08-02 20:43:53,585 - scraper_base - INFO - ✅ Petz: 27 produto(s) encontrado(s) para Revolution
2026-08-02 20:43:56,199 - scraper_base - INFO - 📦 [3/20] Processando NexGard
2026-08-02 20:43:56,199 - scraper_base - INFO - 🔍 Petz: Buscando NexGard
2026-08-02 20:43:59,318 - scraper_base - INFO - ✅ Petz: 22 produto(s) encontrado(s) para NexGard
2026-08-02 20:44:02,138 - scraper_base - INFO - 📦 [4/20] Processando NexGard Spectra
2026-08-02 20:44:02,138 - scraper_base - INFO - 🔍 Petz: Buscando NexGard Spectra
2026-08-02 20:44:04,303 - scraper_base - INFO - ✅ Petz: 10 produto(s) encontrado(s) para NexGard Spectra
2026-08-02 20:44:05,520 - scraper_base - INFO - 📦 [5/20] Processando NexGard Combo
2026-08-02 20:44:05,520 - scraper_base - INFO - 🔍 Petz: Buscando NexGard Combo
2026-08-02 20:44:07,554 - scraper_base - INFO - ✅ Petz: 4 produto(s) encontrado(s) para NexGard Combo
2026-08-02 20:44:08,804 - scraper_base - INFO - 📦 [6/20] Processando Bravecto
2026-08-02 20:44:08,805 - scraper_base - INFO - 🔍 Petz: Buscando Bravecto
2026-08-02 20:44:11,197 - scraper_base - INFO - ✅ Petz: 16 produto(s) encontrado(s) para Bravecto
2026-08-02 20:44:12,393 - scraper_base - INFO - 📦 [7/20] Processando Frontline
2026-08-02 20:44:12,393 - scraper_base - INFO - 🔍 Petz: Buscando Frontline
2026-08-02 20:44:14,651 - scraper_base - INFO - ✅ Petz: 11 produto(s) encontrado(s) para Frontline
2026-08-02 20:44:15,926 - scraper_base - INFO - 📦 [8/20] Processando Advocate
2026-08-02 20:44:15,926 - scraper_base - INFO - 🔍 Petz: Buscando Advocate
2026-08-02 20:44:18,052 - scraper_base - INFO - ✅ Petz: 12 produto(s) encontrado(s) para Advocate
2026-08-02 20:44:20,302 - scraper_base - INFO - 📦 [9/20] Processando Drontal
2026-08-02 20:44:20,302 - scraper_base - INFO - 🔍 Petz: Buscando Drontal
2026-08-02 20:44:23,774 - scraper_base - INFO - ✅ Petz: 34 produto(s) encontrado(s) para Drontal
2026-08-02 20:44:26,119 - scraper_base - INFO - 📦 [10/20] Processando Milbemax
2026-08-02 20:44:26,119 - scraper_base - INFO - 🔍 Petz: Buscando Milbemax
2026-08-02 20:44:28,174 - scraper_base - INFO - ✅ Petz: 4 produto(s) encontrado(s) para Milbemax
2026-08-02 20:44:29,437 - scraper_base - INFO - 📦 [11/20] Processando Vermivet
2026-08-02 20:44:29,437 - scraper_base - INFO - 🔍 Petz: Buscando Vermivet
2026-08-02 20:44:31,438 - scraper_base - INFO - ✅ Petz: 5 produto(s) encontrado(s) para Vermivet
2026-08-02 20:44:32,729 - scraper_base - INFO - 📦 [12/20] Processando Rimadyl
2026-08-02 20:44:32,730 - scraper_base - INFO - 🔍 Petz: Buscando Rimadyl
2026-08-02 20:44:34,492 - scraper_base - INFO - ✅ Petz: 3 produto(s) encontrado(s) para Rimadyl
2026-08-02 20:44:35,937 - scraper_base - INFO - 📦 [13/20] Processando Onsior
2026-08-02 20:44:35,938 - scraper_base - INFO - 🔍 Petz: Buscando Onsior
2026-08-02 20:44:37,793 - scraper_base - INFO - ✅ Petz: 4 produto(s) encontrado(s) para Onsior
2026-08-02 20:44:39,575 - scraper_base - INFO - 📦 [14/20] Processando Maxicam
2026-08-02 20:44:39,575 - scraper_base - INFO - 🔍 Petz: Buscando Maxicam
2026-08-02 20:44:42,299 - scraper_base - INFO - ✅ Petz: 27 produto(s) encontrado(s) para Maxicam
2026-08-02 20:44:45,057 - scraper_base - INFO - 📦 [15/20] Processando Carproflan
2026-08-02 20:44:45,057 - scraper_base - INFO - 🔍 Petz: Buscando Carproflan
2026-08-02 20:44:47,343 - scraper_base - INFO - ✅ Petz: 3 produto(s) encontrado(s) para Carproflan
2026-08-02 20:44:48,454 - scraper_base - INFO - 📦 [16/20] Processando Previcox
2026-08-02 20:44:48,454 - scraper_base - INFO - 🔍 Petz: Buscando Previcox
2026-08-02 20:44:50,499 - scraper_base - INFO - ✅ Petz: 2 produto(s) encontrado(s) para Previcox
2026-08-02 20:44:52,067 - scraper_base - INFO - 📦 [17/20] Processando Apoquel
2026-08-02 20:44:52,067 - scraper_base - INFO - 🔍 Petz: Buscando Apoquel
2026-08-02 20:44:53,905 - scraper_base - INFO - ✅ Petz: 3 produto(s) encontrado(s) para Apoquel
2026-08-02 20:44:55,836 - scraper_base - INFO - 📦 [18/20] Processando Zenrelia
2026-08-02 20:44:55,836 - scraper_base - INFO - 🔍 Petz: Buscando Zenrelia
2026-08-02 20:44:57,671 - scraper_base - INFO - ✅ Petz: 4 produto(s) encontrado(s) para Zenrelia
2026-08-02 20:44:59,207 - scraper_base - INFO - 📦 [19/20] Processando Synulox
2026-08-02 20:44:59,207 - scraper_base - INFO - 🔍 Petz: Buscando Synulox
2026-08-02 20:45:01,014 - scraper_base - INFO - ✅ Petz: 2 produto(s) encontrado(s) para Synulox
2026-08-02 20:45:02,537 - scraper_base - INFO - 📦 [20/20] Processando Baytril
2026-08-02 20:45:02,537 - scraper_base - INFO - 🔍 Petz: Buscando Baytril
2026-08-02 20:45:04,656 - scraper_base - INFO - ✅ Petz: 9 produto(s) encontrado(s) para Baytril
2026-08-02 20:45:05,781 - scraper_base - INFO - 📊 Petz - Estatísticas finais:
2026-08-02 20:45:05,781 - scraper_base - INFO -    • Medicamentos processados: 20
2026-08-02 20:45:05,781 - scraper_base - INFO -    • Produtos encontrados: 226
2026-08-02 20:45:05,781 - scraper_base - INFO -    • Medicamentos sem resultado: 0
2026-08-02 20:45:05,782 - scraper_base - INFO -    • Tempo total: 82.6s
2026-08-02 20:45:05,782 - scraper_base - INFO -    • Tempo médio por medicamento: 4.1s
2026-08-02 20:45:05,829 - gerenciador_arquivos - INFO - Excel salvo: dados_coletados/petz_20260802_204505.xlsx (226 produtos)
2026-08-02 20:45:05,829 - gerenciador_principal - INFO - Petz: Arquivo individual salvo com sucesso
2026-08-02 20:45:05,829 - gerenciador_principal - INFO - Gerando relatório consolidado...
2026-08-02 20:45:06,057 - gerenciador_arquivos - INFO - Relatório consolidado salvo: dados_relatorios/relatorio_consolidado_20260802_204505.xlsx
2026-08-02 20:45:06,164 - gerenciador_conexoes - INFO - Chrome fechado
2026-08-02 20:45:06,164 - gerenciador_conexoes - INFO - Métodos utilizados - Requests: 66.7%, Selenium: 33.3%, Falhas: 0.0%
2026-08-02 20:45:06,164 - gerenciador_principal - INFO - ============================================================
2026-08-02 20:45:06,164 - gerenciador_principal - INFO - RELATORIO FINAL DE EXECUÇÃO
2026-08-02 20:45:06,164 - gerenciador_principal - INFO - ============================================================
2026-08-02 20:45:06,164 - gerenciador_principal - INFO - Sites processados: 3
2026-08-02 20:45:06,164 - gerenciador_principal - INFO - Sites com sucesso: 3
2026-08-02 20:45:06,164 - gerenciador_principal - INFO - Total de produtos coletados: 635
2026-08-02 20:45:06,165 - gerenciador_principal - INFO - Tempo total de execução: 292.4 segundos
2026-08-02 20:45:06,165 - gerenciador_principal - INFO - Estatísticas de conexão:
2026-08-02 20:45:06,165 - gerenciador_principal - INFO -   - Requests bem-sucedidos: 66.7%
2026-08-02 20:45:06,165 - gerenciador_principal - INFO -   - Selenium fallback: 33.3%
2026-08-02 20:45:06,165 - gerenciador_principal - INFO -   - Falhas totais: 0.0%
2026-08-02 20:45:06,169 - gerenciador_principal - INFO - Arquivos salvos na pasta: dados_coletados
2026-08-02 20:45:06,169 - gerenciador_principal - INFO - Total de arquivos: 897
2026-08-02 20:45:06,169 - gerenciador_principal - INFO - ============================================================
