2026-09-06 21:47:35,190 - configurador_logs - INFO - Sistema de logs configurado com sucesso
2026-09-06 21:47:35,190 - configurador_logs - INFO - 🚀 Logs configurados para MODO PRODUÇÃO
2026-09-06 21:47:35,190 - gerenciador_principal - INFO - Inicializando sistema - Modo: PRODUCAO
2026-09-06 21:47:35,191 - gerenciador_arquivos - INFO - Pasta dados_coletados preparada
2026-09-06 21:47:35,191 - gerenciador_principal - INFO - Sistema inicializado com 3 scrapers
2026-09-06 21:47:35,191 - gerenciador_principal - INFO - ============================================================
2026-09-06 21:47:35,191 - gerenciador_principal - INFO - INICIANDO SCRAPING COMPLETO - PRODUCAO
2026-09-06 21:47:35,191 - gerenciador_principal - INFO - ============================================================
2026-09-06 21:47:35,191 - gerenciador_principal - INFO - [1/3] Processando Cobasi
2026-09-06 21:47:35,191 - scraper_base - INFO - 🚀 Iniciando scraping completo - Cobasi
2026-09-06 21:47:35,758 - gerenciador_conexoes - INFO - Sessao estabelecida com cobasi.com.br
2026-09-06 21:47:35,758 - scraper_base - INFO - 📋 20 medicamentos para processar
2026-09-06 21:47:35,758 - scraper_base - INFO - 📦 [1/20] Processando Simparic
2026-09-06 21:47:35,758 - scraper_base - INFO - 🔍 Cobasi: Buscando Simparic
2026-09-06 21:47:40,376 - scraper_cobasi - INFO - Cobasi: Dados extraídos via JSON para Simparic
2026-09-06 21:47:40,376 - scraper_base - INFO - ✅ Cobasi: 24 produto(s) encontrado(s) para Simparic
2026-09-06 21:47:42,417 - scraper_base - INFO - 📦 [2/20] Processando Revolution
2026-09-06 21:47:42,417 - scraper_base - INFO - 🔍 Cobasi: Buscando Revolution
2026-09-06 21:47:47,191 - scraper_cobasi - INFO - Cobasi: Dados extraídos via JSON para Revolution
2026-09-06 21:47:47,191 - scraper_base - INFO - ✅ Cobasi: 16 produto(s) encontrado(s) para Revolution
2026-09-06 21:47:49,978 - scraper_base - INFO - 📦 [3/20] Processando NexGard
2026-09-06 21:47:49,978 - scraper_base - INFO - 🔍 Cobasi: Buscando NexGard
2026-09-06 21:47:59,266 - scraper_cobasi - INFO - Cobasi: Dados extraídos via JSON para NexGard
2026-09-06 21:47:59,266 - scraper_base - INFO - ✅ Cobasi: 22 produto(s) encontrado(s) para NexGard
2026-09-06 21:48:01,604 - scraper_base - INFO - 📦 [4/20] Processando NexGard Spectra
2026-09-06 21:48:01,604 - scraper_base - INFO - 🔍 Cobasi: Buscando NexGard Spectra
2026-09-06 21:48:06,654 - scraper_cobasi - INFO - Cobasi: Dados extraídos via JSON para NexGard Spectra
2026-09-06 21:48:06,654 - scraper_base - INFO - ✅ Cobasi: 10 produto(s) encontrado(s) para NexGard Spectra
2026-09-06 21:48:07,689 - scraper_base - INFO - 📦 [5/20] Processando NexGard Combo
2026-09-06 21:48:07,689 - scraper_base - INFO - 🔍 Cobasi: Buscando NexGard Combo
2026-09-06 21:48:11,340 - scraper_cobasi - INFO - Cobasi: Dados extraídos via JSON para NexGard Combo
2026-09-06 21:48:11,340 - scraper_base - INFO - ✅ Cobasi: 4 produto(s) encontrado(s) para NexGard Combo
2026-09-06 21:48:14,323 - scraper_base - INFO - 📦 [6/20] Processando Bravecto
2026-09-06 21:48:14,323 - scraper_base - INFO - 🔍 Cobasi: Buscando Bravecto
2026-09-06 21:48:18,469 - scraper_cobasi - INFO - Cobasi: Dados extraídos via JSON para Bravecto
2026-09-06 21:48:18,469 - scraper_base - INFO - ✅ Cobasi: 16 produto(s) encontrado(s) para Bravecto
2026-09-06 21:48:20,054 - scraper_base - INFO - 📦 [7/20] Processando Frontline
2026-09-06 21:48:20,054 - scraper_base - INFO - 🔍 Cobasi: Buscando Frontline
2026-09-06 21:48:24,698 - scraper_cobasi - INFO - Cobasi: Dados extraídos via JSON para Frontline
2026-09-06 21:48:24,698 - scraper_base - INFO - ✅ Cobasi: 11 produto(s) encontrado(s) para Frontline
2026-09-06 21:48:26,185 - scraper_base - INFO - 📦 [8/20] Processando Advocate
2026-09-06 21:48:26,186 - scraper_base - INFO - 🔍 Cobasi: Buscando Advocate
2026-09-06 21:48:30,626 - scraper_cobasi - INFO - Cobasi: Dados extraídos via JSON para Advocate
2026-09-06 21:48:30,626 - scraper_base - INFO - ✅ Cobasi: 12 produto(s) encontrado(s) para Advocate
2026-09-06 21:48:33,044 - scraper_base - INFO - 📦 [9/20] Processando Drontal
2026-09-06 21:48:33,044 - scraper_base - INFO - 🔍 Cobasi: Buscando Drontal
2026-09-06 21:48:37,811 - scraper_cobasi - INFO - Cobasi: Dados extraídos via JSON para Drontal
2026-09-06 21:48:37,811 - scraper_base - INFO - ✅ Cobasi: 8 produto(s) encontrado(s) para Drontal
2026-09-06 21:48:40,713 - scraper_base - INFO - 📦 [10/20] Processando Milbemax
2026-09-06 21:48:40,713 - scraper_base - INFO - 🔍 Cobasi: Buscando Milbemax
2026-09-06 21:48:44,655 - scraper_cobasi - INFO - Cobasi: Dados extraídos via JSON para Milbemax
2026-09-06 21:48:44,655 - scraper_base - INFO - ✅ Cobasi: 4 produto(s) encontrado(s) para Milbemax
2026-09-06 21:48:47,146 - scraper_base - INFO - 📦 [11/20] Processando Vermivet
2026-09-06 21:48:47,146 - scraper_base - INFO - 🔍 Cobasi: Buscando Vermivet
2026-09-06 21:48:50,567 - scraper_cobasi - INFO - Cobasi: Dados extraídos via JSON para Vermivet
2026-09-06 21:48:50,567 - scraper_base - INFO - ✅ Cobasi: 5 produto(s) encontrado(s) para Vermivet
2026-09-06 21:48:51,981 - scraper_base - INFO - 📦 [12/20] Processando Rimadyl
2026-09-06 21:48:51,981 - scraper_base - INFO - 🔍 Cobasi: Buscando Rimadyl
2026-09-06 21:48:55,640 - scraper_cobasi - INFO - Cobasi: Dados extraídos via JSON para Rimadyl
2026-09-06 21:48:55,640 - scraper_base - INFO - ✅ Cobasi: 3 produto(s) encontrado(s) para Rimadyl
2026-09-06 21:48:57,192 - scraper_base - INFO - 📦 [13/20] Processando Onsior
2026-09-06 21:48:57,192 - scraper_base - INFO - 🔍 Cobasi: Buscando Onsior
2026-09-06 21:49:00,770 - scraper_cobasi - INFO - Cobasi: Dados extraídos via JSON para Onsior
2026-09-06 21:49:00,770 - scraper_base - INFO - ✅ Cobasi: 4 produto(s) encontrado(s) para Onsior
2026-09-06 21:49:02,479 - scraper_base - INFO - 📦 [14/20] Processando Maxicam
2026-09-06 21:49:02,479 - scraper_base - INFO - 🔍 Cobasi: Buscando Maxicam
2026-09-06 21:49:06,383 - scraper_cobasi - INFO - Cobasi: Dados extraídos via JSON para Maxicam
2026-09-06 21:49:06,384 - scraper_base - INFO - ✅ Cobasi: 3 produto(s) encontrado(s) para Maxicam
2026-09-06 21:49:08,651 - scraper_base - INFO - 📦 [15/20] Processando Carproflan
2026-09-06 21:49:08,651 - scraper_base - INFO - 🔍 Cobasi: Buscando Carproflan
2026-09-06 21:49:14,667 - scraper_cobasi - INFO - Cobasi: Dados extraídos via JSON para Carproflan
2026-09-06 21:49:14,667 - scraper_base - INFO - ✅ Cobasi: 3 produto(s) encontrado(s) para Carproflan
2026-09-06 21:49:17,275 - scraper_base - INFO - 📦 [16/20] Processando Previcox
2026-09-06 21:49:17,275 - scraper_base - INFO - 🔍 Cobasi: Buscando Previcox
2026-09-06 21:49:22,102 - scraper_cobasi - INFO - Cobasi: Dados extraídos via JSON para Previcox
2026-09-06 21:49:22,102 - scraper_base - INFO - ✅ Cobasi: 2 produto(s) encontrado(s) para Previcox
2026-09-06 21:49:24,190 - scraper_base - INFO - 📦 [17/20] Processando Apoquel
2026-09-06 21:49:24,190 - scraper_base - INFO - 🔍 Cobasi: Buscando Apoquel
2026-09-06 21:49:30,317 - scraper_cobasi - INFO - Cobasi: Dados extraídos via JSON para Apoquel
2026-09-06 21:49:30,317 - scraper_base - INFO - ✅ Cobasi: 3 produto(s) encontrado(s) para Apoquel
2026-09-06 21:49:31,943 - scraper_base - INFO - 📦 [18/20] Processando Zenrelia
2026-09-06 21:49:31,943 - scraper_base - INFO - 🔍 Cobasi: Buscando Zenrelia
2026-09-06 21:49:37,653 - scraper_cobasi - INFO - Cobasi: Dados extraídos via JSON para Zenrelia
2026-09-06 21:49:37,654 - scraper_base - INFO - ✅ Cobasi: 4 produto(s) encontrado(s) para Zenrelia
2026-09-06 21:49:39,058 - scraper_base - INFO - 📦 [19/20] Processando Synulox
2026-09-06 21:49:39,058 - scraper_base - INFO - 🔍 Cobasi: Buscando Synulox
2026-09-06 21:49:43,662 - scraper_cobasi - INFO - Cobasi: Dados extraídos via JSON para Synulox
2026-09-06 21:49:43,662 - scraper_base - INFO - ✅ Cobasi: 2 produto(s) encontrado(s) para Synulox
2026-09-06 21:49:44,737 - scraper_base - INFO - 📦 [20/20] Processando Baytril
2026-09-06 21:49:44,738 - scraper_base - INFO - 🔍 Cobasi: Buscando Baytril
2026-09-06 21:49:51,131 - scraper_cobasi - INFO - Cobasi: Dados extraídos via JSON para Baytril
2026-09-06 21:49:51,131 - scraper_base - INFO - ✅ Cobasi: 2 produto(s) encontrado(s) para Baytril
2026-09-06 21:49:53,722 - scraper_base - INFO - 📊 Cobasi - Estatísticas finais:
2026-09-06 21:49:53,722 - scraper_base - INFO -    • Medicamentos processados: 20
2026-09-06 21:49:53,722 - scraper_base - INFO -    • Produtos encontrados: 158
2026-09-06 21:49:53,722 - scraper_base - INFO -    • Medicamentos sem resultado: 0
2026-09-06 21:49:53,722 - scraper_base - INFO -    • Tempo total: 138.5s
2026-09-06 21:49:53,722 - scraper_base - INFO -    • Tempo médio por medicamento: 6.9s
2026-09-06 21:49:53,901 - gerenciador_arquivos - INFO - Excel salvo: dados_coletados/cobasi_20260906_214953.xlsx (158 produtos)
2026-09-06 21:49:53,901 - gerenciador_principal - INFO - Cobasi: Arquivo individual salvo com sucesso
2026-09-06 21:49:53,901 - gerenciador_principal - INFO - Pausando entre sites...
2026-09-06 21:49:55,901 - gerenciador_principal - INFO - [2/3] Processando Petlove
2026-09-06 21:49:55,901 - scraper_base - INFO - 🚀 Iniciando scraping completo - Petlove
2026-09-06 21:49:56,222 - gerenciador_conexoes - INFO - Sessao estabelecida com petlove.com.br
2026-09-06 21:49:56,223 - scraper_base - INFO - 📋 20 medicamentos para processar
2026-09-06 21:49:56,223 - scraper_base - INFO - 📦 [1/20] Processando Simparic
2026-09-06 21:49:56,223 - scraper_base - INFO - 🔍 Petlove: Buscando Simparic
2026-09-06 21:49:57,360 - scraper_base - INFO - ✅ Petlove: 36 produto(s) encontrado(s) para Simparic
2026-09-06 21:49:59,527 - scraper_base - INFO - 📦 [2/20] Processando Revolution
2026-09-06 21:49:59,528 - scraper_base - INFO - 🔍 Petlove: Buscando Revolution
2026-09-06 21:50:00,960 - scraper_base - INFO - ✅ Petlove: 19 produto(s) encontrado(s) para Revolution
2026-09-06 21:50:02,966 - scraper_base - INFO - 📦 [3/20] Processando NexGard
2026-09-06 21:50:02,966 - scraper_base - INFO - 🔍 Petlove: Buscando NexGard
2026-09-06 21:50:03,754 - scraper_base - INFO - ✅ Petlove: 11 produto(s) encontrado(s) para NexGard
2026-09-06 21:50:05,498 - scraper_base - INFO - 📦 [4/20] Processando NexGard Spectra
2026-09-06 21:50:05,498 - scraper_base - INFO - 🔍 Petlove: Buscando NexGard Spectra
2026-09-06 21:50:06,247 - scraper_base - INFO - ✅ Petlove: 5 produto(s) encontrado(s) para NexGard Spectra
2026-09-06 21:50:07,398 - scraper_base - INFO - 📦 [5/20] Processando NexGard Combo
2026-09-06 21:50:07,398 - scraper_base - INFO - 🔍 Petlove: Buscando NexGard Combo
2026-09-06 21:50:08,063 - scraper_base - INFO - ✅ Petlove: 2 produto(s) encontrado(s) para NexGard Combo
2026-09-06 21:50:10,831 - scraper_base - INFO - 📦 [6/20] Processando Bravecto
2026-09-06 21:50:10,831 - scraper_base - INFO - 🔍 Petlove: Buscando Bravecto
2026-09-06 21:50:11,952 - scraper_base - INFO - ✅ Petlove: 23 produto(s) encontrado(s) para Bravecto
2026-09-06 21:50:14,578 - scraper_base - INFO - 📦 [7/20] Processando Frontline
2026-09-06 21:50:14,578 - scraper_base - INFO - 🔍 Petlove: Buscando Frontline
2026-09-06 21:50:15,390 - scraper_base - INFO - ✅ Petlove: 11 produto(s) encontrado(s) para Frontline
2026-09-06 21:50:17,368 - scraper_base - INFO - 📦 [8/20] Processando Advocate
2026-09-06 21:50:17,368 - scraper_base - INFO - 🔍 Petlove: Buscando Advocate
2026-09-06 21:50:18,313 - scraper_base - INFO - ✅ Petlove: 9 produto(s) encontrado(s) para Advocate
2026-09-06 21:50:20,843 - scraper_base - INFO - 📦 [9/20] Processando Drontal
2026-09-06 21:50:20,843 - scraper_base - INFO - 🔍 Petlove: Buscando Drontal
2026-09-06 21:50:21,917 - scraper_base - INFO - ✅ Petlove: 36 produto(s) encontrado(s) para Drontal
2026-09-06 21:50:24,775 - scraper_base - INFO - 📦 [10/20] Processando Milbemax
2026-09-06 21:50:24,775 - scraper_base - INFO - 🔍 Petlove: Buscando Milbemax
2026-09-06 21:50:25,674 - scraper_base - INFO - ✅ Petlove: 14 produto(s) encontrado(s) para Milbemax
2026-09-06 21:50:28,545 - scraper_base - INFO - 📦 [11/20] Processando Vermivet
2026-09-06 21:50:28,545 - scraper_base - INFO - 🔍 Petlove: Buscando Vermivet
2026-09-06 21:50:29,599 - scraper_base - INFO - ✅ Petlove: 36 produto(s) encontrado(s) para Vermivet
2026-09-06 21:50:31,736 - scraper_base - INFO - 📦 [12/20] Processando Rimadyl
2026-09-06 21:50:31,737 - scraper_base - INFO - 🔍 Petlove: Buscando Rimadyl
2026-09-06 21:50:32,403 - scraper_base - INFO - ✅ Petlove: 1 produto(s) encontrado(s) para Rimadyl
2026-09-06 21:50:33,562 - scraper_base - INFO - 📦 [13/20] Processando Onsior
2026-09-06 21:50:33,562 - scraper_base - INFO - 🔍 Petlove: Buscando Onsior
2026-09-06 21:50:34,382 - scraper_base - INFO - ✅ Petlove: 4 produto(s) encontrado(s) para Onsior
2026-09-06 21:50:36,789 - scraper_base - INFO - 📦 [14/20] Processando Maxicam
2026-09-06 21:50:36,789 - scraper_base - INFO - 🔍 Petlove: Buscando Maxicam
2026-09-06 21:50:37,573 - scraper_base - INFO - ✅ Petlove: 3 produto(s) encontrado(s) para Maxicam
2026-09-06 21:50:39,795 - scraper_base - INFO - 📦 [15/20] Processando Carproflan
2026-09-06 21:50:39,795 - scraper_base - INFO - 🔍 Petlove: Buscando Carproflan
2026-09-06 21:50:40,628 - scraper_base - INFO - ✅ Petlove: 7 produto(s) encontrado(s) para Carproflan
2026-09-06 21:50:42,595 - scraper_base - INFO - 📦 [16/20] Processando Previcox
2026-09-06 21:50:42,596 - scraper_base - INFO - 🔍 Petlove: Buscando Previcox
2026-09-06 21:50:43,335 - scraper_base - INFO - ✅ Petlove: 4 produto(s) encontrado(s) para Previcox
2026-09-06 21:50:45,729 - scraper_base - INFO - 📦 [17/20] Processando Apoquel
2026-09-06 21:50:45,729 - scraper_base - INFO - 🔍 Petlove: Buscando Apoquel
2026-09-06 21:50:46,570 - scraper_base - INFO - ✅ Petlove: 16 produto(s) encontrado(s) para Apoquel
2026-09-06 21:50:47,743 - scraper_base - INFO - 📦 [18/20] Processando Zenrelia
2026-09-06 21:50:47,743 - scraper_base - INFO - 🔍 Petlove: Buscando Zenrelia
2026-09-06 21:50:48,586 - scraper_base - INFO - ✅ Petlove: 4 produto(s) encontrado(s) para Zenrelia
2026-09-06 21:50:51,526 - scraper_base - INFO - 📦 [19/20] Processando Synulox
2026-09-06 21:50:51,526 - scraper_base - INFO - 🔍 Petlove: Buscando Synulox
2026-09-06 21:50:52,333 - scraper_base - INFO - ✅ Petlove: 1 produto(s) encontrado(s) para Synulox
2026-09-06 21:50:54,133 - scraper_base - INFO - 📦 [20/20] Processando Baytril
2026-09-06 21:50:54,133 - scraper_base - INFO - 🔍 Petlove: Buscando Baytril
2026-09-06 21:50:54,858 - scraper_base - INFO - ✅ Petlove: 6 produto(s) encontrado(s) para Baytril
2026-09-06 21:50:57,448 - scraper_base - INFO - 📊 Petlove - Estatísticas finais:
2026-09-06 21:50:57,448 - scraper_base - INFO -    • Medicamentos processados: 20
2026-09-06 21:50:57,448 - scraper_base - INFO -    • Produtos encontrados: 248
2026-09-06 21:50:57,448 - scraper_base - INFO -    • Medicamentos sem resultado: 0
2026-09-06 21:50:57,448 - scraper_base - INFO -    • Tempo total: 61.5s
2026-09-06 21:50:57,448 - scraper_base - INFO -    • Tempo médio por medicamento: 3.1s
2026-09-06 21:50:57,487 - gerenciador_arquivos - INFO - Excel salvo: dados_coletados/petlove_20260906_215057.xlsx (248 produtos)
2026-09-06 21:50:57,487 - gerenciador_principal - INFO - Petlove: Arquivo individual salvo com sucesso
2026-09-06 21:50:57,487 - gerenciador_principal - INFO - Pausando entre sites...
2026-09-06 21:50:59,487 - gerenciador_principal - INFO - [3/3] Processando Petz
2026-09-06 21:50:59,488 - scraper_base - INFO - 🚀 Iniciando scraping completo - Petz
2026-09-06 21:50:59,733 - scraper_base - INFO - 📋 20 medicamentos para processar
2026-09-06 21:50:59,733 - scraper_base - INFO - 📦 [1/20] Processando Simparic
2026-09-06 21:50:59,733 - scraper_base - INFO - 🔍 Petz: Buscando Simparic
2026-09-06 21:51:01,887 - gerenciador_conexoes - INFO - Chrome inicializado com otimizacoes de velocidade
2026-09-06 21:51:02,118 - scraper_petz - INFO - Petz: Nenhum product-card encontrado para Simparic
2026-09-06 21:51:02,118 - scraper_base - INFO - ⚪ Petz: Nenhum produto encontrado para Simparic
2026-09-06 21:51:04,982 - scraper_base - INFO - 📦 [2/20] Processando Revolution
2026-09-06 21:51:04,983 - scraper_base - INFO - 🔍 Petz: Buscando Revolution
2026-09-06 21:51:05,408 - scraper_petz - INFO - Petz: Nenhum product-card encontrado para Revolution
2026-09-06 21:51:05,408 - scraper_base - INFO - ⚪ Petz: Nenhum produto encontrado para Revolution
2026-09-06 21:51:07,729 - scraper_base - INFO - 📦 [3/20] Processando NexGard
2026-09-06 21:51:07,729 - scraper_base - INFO - 🔍 Petz: Buscando NexGard
2026-09-06 21:51:07,816 - scraper_petz - INFO - Petz: Nenhum product-card encontrado para NexGard
2026-09-06 21:51:07,816 - scraper_base - INFO - ⚪ Petz: Nenhum produto encontrado para NexGard
2026-09-06 21:51:10,395 - scraper_base - INFO - 📦 [4/20] Processando NexGard Spectra
2026-09-06 21:51:10,395 - scraper_base - INFO - 🔍 Petz: Buscando NexGard Spectra
2026-09-06 21:51:10,592 - scraper_petz - INFO - Petz: Nenhum product-card encontrado para NexGard Spectra
2026-09-06 21:51:10,592 - scraper_base - INFO - ⚪ Petz: Nenhum produto encontrado para NexGard Spectra
2026-09-06 21:51:12,435 - scraper_base - INFO - 📦 [5/20] Processando NexGard Combo
2026-09-06 21:51:12,435 - scraper_base - INFO - 🔍 Petz: Buscando NexGard Combo
2026-09-06 21:51:12,537 - scraper_petz - INFO - Petz: Nenhum product-card encontrado para NexGard Combo
2026-09-06 21:51:12,537 - scraper_base - INFO - ⚪ Petz: Nenhum produto encontrado para NexGard Combo
2026-09-06 21:51:14,249 - scraper_base - INFO - 📦 [6/20] Processando Bravecto
2026-09-06 21:51:14,249 - scraper_base - INFO - 🔍 Petz: Buscando Bravecto
2026-09-06 21:51:14,388 - scraper_petz - INFO - Petz: Nenhum product-card encontrado para Bravecto
2026-09-06 21:51:14,389 - scraper_base - INFO - ⚪ Petz: Nenhum produto encontrado para Bravecto
2026-09-06 21:51:16,648 - scraper_base - INFO - 📦 [7/20] Processando Frontline
2026-09-06 21:51:16,648 - scraper_base - INFO - 🔍 Petz: Buscando Frontline
2026-09-06 21:51:16,769 - scraper_petz - INFO - Petz: Nenhum product-card encontrado para Frontline
2026-09-06 21:51:16,769 - scraper_base - INFO - ⚪ Petz: Nenhum produto encontrado para Frontline
2026-09-06 21:51:19,285 - scraper_base - INFO - 📦 [8/20] Processando Advocate
2026-09-06 21:51:19,285 - scraper_base - INFO - 🔍 Petz: Buscando Advocate
2026-09-06 21:51:19,386 - scraper_petz - INFO - Petz: Nenhum product-card encontrado para Advocate
2026-09-06 21:51:19,387 - scraper_base - INFO - ⚪ Petz: Nenhum produto encontrado para Advocate
2026-09-06 21:51:22,335 - scraper_base - INFO - 📦 [9/20] Processando Drontal
2026-09-06 21:51:22,335 - scraper_base - INFO - 🔍 Petz: Buscando Drontal
2026-09-06 21:51:22,637 - scraper_petz - INFO - Petz: Nenhum product-card encontrado para Drontal
2026-09-06 21:51:22,638 - scraper_base - INFO - ⚪ Petz: Nenhum produto encontrado para Drontal
2026-09-06 21:51:23,780 - scraper_base - INFO - 📦 [10/20] Processando Milbemax
2026-09-06 21:51:23,780 - scraper_base - INFO - 🔍 Petz: Buscando Milbemax
2026-09-06 21:51:23,866 - scraper_petz - INFO - Petz: Nenhum product-card encontrado para Milbemax
2026-09-06 21:51:23,866 - scraper_base - INFO - ⚪ Petz: Nenhum produto encontrado para Milbemax
2026-09-06 21:51:26,559 - scraper_base - INFO - 📦 [11/20] Processando Vermivet
2026-09-06 21:51:26,559 - scraper_base - INFO - 🔍 Petz: Buscando Vermivet
2026-09-06 21:51:26,656 - scraper_petz - INFO - Petz: Nenhum product-card encontrado para Vermivet
2026-09-06 21:51:26,656 - scraper_base - INFO - ⚪ Petz: Nenhum produto encontrado para Vermivet
2026-09-06 21:51:28,025 - scraper_base - INFO - 📦 [12/20] Processando Rimadyl
2026-09-06 21:51:28,025 - scraper_base - INFO - 🔍 Petz: Buscando Rimadyl
2026-09-06 21:51:28,112 - scraper_petz - INFO - Petz: Nenhum product-card encontrado para Rimadyl
2026-09-06 21:51:28,112 - scraper_base - INFO - ⚪ Petz: Nenhum produto encontrado para Rimadyl
2026-09-06 21:51:31,098 - scraper_base - INFO - 📦 [13/20] Processando Onsior
2026-09-06 21:51:31,098 - scraper_base - INFO - 🔍 Petz: Buscando Onsior
2026-09-06 21:51:31,199 - scraper_petz - INFO - Petz: Nenhum product-card encontrado para Onsior
2026-09-06 21:51:31,200 - scraper_base - INFO - ⚪ Petz: Nenhum produto encontrado para Onsior
2026-09-06 21:51:33,047 - scraper_base - INFO - 📦 [14/20] Processando Maxicam
2026-09-06 21:51:33,047 - scraper_base - INFO - 🔍 Petz: Buscando Maxicam
2026-09-06 21:51:33,149 - scraper_petz - INFO - Petz: Nenhum product-card encontrado para Maxicam
2026-09-06 21:51:33,149 - scraper_base - INFO - ⚪ Petz: Nenhum produto encontrado para Maxicam
2026-09-06 21:51:34,884 - scraper_base - INFO - 📦 [15/20] Processando Carproflan
2026-09-06 21:51:34,885 - scraper_base - INFO - 🔍 Petz: Buscando Carproflan
2026-09-06 21:51:34,976 - scraper_petz - INFO - Petz: Nenhum product-card encontrado para Carproflan
2026-09-06 21:51:34,976 - scraper_base - INFO - ⚪ Petz: Nenhum produto encontrado para Carproflan
2026-09-06 21:51:37,909 - scraper_base - INFO - 📦 [16/20] Processando Previcox
2026-09-06 21:51:37,909 - scraper_base - INFO - 🔍 Petz: Buscando Previcox
2026-09-06 21:51:37,993 - scraper_petz - INFO - Petz: Nenhum product-card encontrado para Previcox
2026-09-06 21:51:37,993 - scraper_base - INFO - ⚪ Petz: Nenhum produto encontrado para Previcox
2026-09-06 21:51:39,908 - scraper_base - INFO - 📦 [17/20] Processando Apoquel
2026-09-06 21:51:39,908 - scraper_base - INFO - 🔍 Petz: Buscando Apoquel
2026-09-06 21:51:40,002 - scraper_petz - INFO - Petz: Nenhum product-card encontrado para Apoquel
2026-09-06 21:51:40,002 - scraper_base - INFO - ⚪ Petz: Nenhum produto encontrado para Apoquel
2026-09-06 21:51:41,711 - scraper_base - INFO - 📦 [18/20] Processando Zenrelia
2026-09-06 21:51:41,712 - scraper_base - INFO - 🔍 Petz: Buscando Zenrelia
2026-09-06 21:51:41,803 - scraper_petz - INFO - Petz: Nenhum product-card encontrado para Zenrelia
2026-09-06 21:51:41,803 - scraper_base - INFO - ⚪ Petz: Nenhum produto encontrado para Zenrelia
2026-09-06 21:51:44,590 - scraper_base - INFO - 📦 [19/20] Processando Synulox
2026-09-06 21:51:44,590 - scraper_base - INFO - 🔍 Petz: Buscando Synulox
2026-09-06 21:51:44,704 - scraper_petz - INFO - Petz: Nenhum product-card encontrado para Synulox
2026-09-06 21:51:44,704 - scraper_base - INFO - ⚪ Petz: Nenhum produto encontrado para Synulox
2026-09-06 21:51:46,418 - scraper_base - INFO - 📦 [20/20] Processando Baytril
2026-09-06 21:51:46,418 - scraper_base - INFO - 🔍 Petz: Buscando Baytril
2026-09-06 21:51:46,508 - scraper_petz - INFO - Petz: Nenhum product-card encontrado para Baytril
2026-09-06 21:51:46,509 - scraper_base - INFO - ⚪ Petz: Nenhum produto encontrado para Baytril
2026-09-06 21:51:49,192 - scraper_base - INFO - 📊 Petz - Estatísticas finais:
2026-09-06 21:51:49,192 - scraper_base - INFO -    • Medicamentos processados: 20
2026-09-06 21:51:49,192 - scraper_base - INFO -    • Produtos encontrados: 0
2026-09-06 21:51:49,192 - scraper_base - INFO -    • Medicamentos sem resultado: 20
2026-09-06 21:51:49,192 - scraper_base - INFO -    • Tempo total: 49.7s
2026-09-06 21:51:49,192 - scraper_base - INFO -    • Tempo médio por medicamento: 2.5s
2026-09-06 21:51:49,192 - gerenciador_principal - WARNING - Petz: Nenhum produto coletado
2026-09-06 21:51:49,192 - gerenciador_principal - INFO - Gerando relatório consolidado...
2026-09-06 21:51:49,480 - gerenciador_arquivos - INFO - Relatório consolidado salvo: dados_relatorios/relatorio_consolidado_20260906_215149.xlsx
2026-09-06 21:51:49,641 - gerenciador_conexoes - INFO - Chrome fechado
2026-09-06 21:51:49,641 - gerenciador_conexoes - INFO - Métodos utilizados - Requests: 66.7%, Selenium: 33.3%, Falhas: 0.0%
2026-09-06 21:51:49,641 - gerenciador_principal - INFO - ============================================================
2026-09-06 21:51:49,641 - gerenciador_principal - INFO - RELATORIO FINAL DE EXECUÇÃO
2026-09-06 21:51:49,641 - gerenciador_principal - INFO - ============================================================
2026-09-06 21:51:49,641 - gerenciador_principal - INFO - Sites processados: 3
2026-09-06 21:51:49,641 - gerenciador_principal - INFO - Sites com sucesso: 2
2026-09-06 21:51:49,641 - gerenciador_principal - INFO - Total de produtos coletados: 406
2026-09-06 21:51:49,641 - gerenciador_principal - WARNING - Sites com falhas: Petz
2026-09-06 21:51:49,641 - gerenciador_principal - INFO - Tempo total de execução: 254.0 segundos
2026-09-06 21:51:49,641 - gerenciador_principal - INFO - Estatísticas de conexão:
2026-09-06 21:51:49,641 - gerenciador_principal - INFO -   - Requests bem-sucedidos: 66.7%
2026-09-06 21:51:49,641 - gerenciador_principal - INFO -   - Selenium fallback: 33.3%
2026-09-06 21:51:49,641 - gerenciador_principal - INFO -   - Falhas totais: 0.0%
2026-09-06 21:51:49,644 - gerenciador_principal - INFO - Arquivos salvos na pasta: dados_coletados
2026-09-06 21:51:49,644 - gerenciador_principal - INFO - Total de arquivos: 975
2026-09-06 21:51:49,644 - gerenciador_principal - INFO - ============================================================
