2026-04-06 20:26:35,904 - configurador_logs - INFO - Sistema de logs configurado com sucesso
2026-04-06 20:26:35,904 - configurador_logs - INFO - 🚀 Logs configurados para MODO PRODUÇÃO
2026-04-06 20:26:35,904 - gerenciador_principal - INFO - Inicializando sistema - Modo: PRODUCAO
2026-04-06 20:26:35,904 - gerenciador_arquivos - INFO - Pasta dados_coletados preparada
2026-04-06 20:26:35,905 - gerenciador_principal - INFO - Sistema inicializado com 3 scrapers
2026-04-06 20:26:35,905 - gerenciador_principal - INFO - ============================================================
2026-04-06 20:26:35,905 - gerenciador_principal - INFO - INICIANDO SCRAPING COMPLETO - PRODUCAO
2026-04-06 20:26:35,905 - gerenciador_principal - INFO - ============================================================
2026-04-06 20:26:35,905 - gerenciador_principal - INFO - [1/3] Processando Cobasi
2026-04-06 20:26:35,905 - scraper_base - INFO - 🚀 Iniciando scraping completo - Cobasi
2026-04-06 20:26:36,673 - gerenciador_conexoes - INFO - Sessao estabelecida com cobasi.com.br
2026-04-06 20:26:36,673 - scraper_base - INFO - 📋 20 medicamentos para processar
2026-04-06 20:26:36,673 - scraper_base - INFO - 📦 [1/20] Processando Simparic
2026-04-06 20:26:36,674 - scraper_base - INFO - 🔍 Cobasi: Buscando Simparic
2026-04-06 20:26:38,420 - scraper_cobasi - INFO - Cobasi: Dados extraídos via JSON para Simparic
2026-04-06 20:26:38,420 - scraper_base - INFO - ✅ Cobasi: 12 produto(s) encontrado(s) para Simparic
2026-04-06 20:26:41,362 - scraper_base - INFO - 📦 [2/20] Processando Revolution
2026-04-06 20:26:41,362 - scraper_base - INFO - 🔍 Cobasi: Buscando Revolution
2026-04-06 20:26:46,070 - scraper_cobasi - INFO - Cobasi: Dados extraídos via JSON para Revolution
2026-04-06 20:26:46,070 - scraper_base - INFO - ✅ Cobasi: 17 produto(s) encontrado(s) para Revolution
2026-04-06 20:26:48,634 - scraper_base - INFO - 📦 [3/20] Processando NexGard
2026-04-06 20:26:48,634 - scraper_base - INFO - 🔍 Cobasi: Buscando NexGard
2026-04-06 20:26:54,609 - scraper_cobasi - INFO - Cobasi: Dados extraídos via JSON para NexGard
2026-04-06 20:26:54,610 - scraper_base - INFO - ✅ Cobasi: 22 produto(s) encontrado(s) para NexGard
2026-04-06 20:26:56,593 - scraper_base - INFO - 📦 [4/20] Processando NexGard Spectra
2026-04-06 20:26:56,593 - scraper_base - INFO - 🔍 Cobasi: Buscando NexGard Spectra
2026-04-06 20:27:00,754 - scraper_cobasi - INFO - Cobasi: Dados extraídos via JSON para NexGard Spectra
2026-04-06 20:27:00,754 - scraper_base - INFO - ✅ Cobasi: 10 produto(s) encontrado(s) para NexGard Spectra
2026-04-06 20:27:02,879 - scraper_base - INFO - 📦 [5/20] Processando NexGard Combo
2026-04-06 20:27:02,880 - scraper_base - INFO - 🔍 Cobasi: Buscando NexGard Combo
2026-04-06 20:27:05,798 - scraper_cobasi - INFO - Cobasi: Dados extraídos via JSON para NexGard Combo
2026-04-06 20:27:05,798 - scraper_base - INFO - ✅ Cobasi: 4 produto(s) encontrado(s) para NexGard Combo
2026-04-06 20:27:08,208 - scraper_base - INFO - 📦 [6/20] Processando Bravecto
2026-04-06 20:27:08,208 - scraper_base - INFO - 🔍 Cobasi: Buscando Bravecto
2026-04-06 20:27:11,762 - scraper_cobasi - INFO - Cobasi: Dados extraídos via JSON para Bravecto
2026-04-06 20:27:11,762 - scraper_base - INFO - ✅ Cobasi: 16 produto(s) encontrado(s) para Bravecto
2026-04-06 20:27:13,992 - scraper_base - INFO - 📦 [7/20] Processando Frontline
2026-04-06 20:27:13,992 - scraper_base - INFO - 🔍 Cobasi: Buscando Frontline
2026-04-06 20:27:17,830 - scraper_cobasi - INFO - Cobasi: Dados extraídos via JSON para Frontline
2026-04-06 20:27:17,830 - scraper_base - INFO - ✅ Cobasi: 11 produto(s) encontrado(s) para Frontline
2026-04-06 20:27:19,478 - scraper_base - INFO - 📦 [8/20] Processando Advocate
2026-04-06 20:27:19,478 - scraper_base - INFO - 🔍 Cobasi: Buscando Advocate
2026-04-06 20:27:23,417 - scraper_cobasi - INFO - Cobasi: Dados extraídos via JSON para Advocate
2026-04-06 20:27:23,417 - scraper_base - INFO - ✅ Cobasi: 12 produto(s) encontrado(s) para Advocate
2026-04-06 20:27:24,667 - scraper_base - INFO - 📦 [9/20] Processando Drontal
2026-04-06 20:27:24,667 - scraper_base - INFO - 🔍 Cobasi: Buscando Drontal
2026-04-06 20:27:28,063 - scraper_cobasi - INFO - Cobasi: Dados extraídos via JSON para Drontal
2026-04-06 20:27:28,063 - scraper_base - INFO - ✅ Cobasi: 7 produto(s) encontrado(s) para Drontal
2026-04-06 20:27:30,048 - scraper_base - INFO - 📦 [10/20] Processando Milbemax
2026-04-06 20:27:30,048 - scraper_base - INFO - 🔍 Cobasi: Buscando Milbemax
2026-04-06 20:27:33,194 - scraper_cobasi - INFO - Cobasi: Dados extraídos via JSON para Milbemax
2026-04-06 20:27:33,194 - scraper_base - INFO - ✅ Cobasi: 4 produto(s) encontrado(s) para Milbemax
2026-04-06 20:27:35,811 - scraper_base - INFO - 📦 [11/20] Processando Vermivet
2026-04-06 20:27:35,811 - scraper_base - INFO - 🔍 Cobasi: Buscando Vermivet
2026-04-06 20:27:39,592 - scraper_cobasi - INFO - Cobasi: Dados extraídos via JSON para Vermivet
2026-04-06 20:27:39,592 - scraper_base - INFO - ✅ Cobasi: 5 produto(s) encontrado(s) para Vermivet
2026-04-06 20:27:41,092 - scraper_base - INFO - 📦 [12/20] Processando Rimadyl
2026-04-06 20:27:41,092 - scraper_base - INFO - 🔍 Cobasi: Buscando Rimadyl
2026-04-06 20:27:44,082 - scraper_cobasi - INFO - Cobasi: Dados extraídos via JSON para Rimadyl
2026-04-06 20:27:44,082 - scraper_base - INFO - ✅ Cobasi: 3 produto(s) encontrado(s) para Rimadyl
2026-04-06 20:27:46,623 - scraper_base - INFO - 📦 [13/20] Processando Onsior
2026-04-06 20:27:46,623 - scraper_base - INFO - 🔍 Cobasi: Buscando Onsior
2026-04-06 20:27:51,548 - scraper_cobasi - INFO - Cobasi: Dados extraídos via JSON para Onsior
2026-04-06 20:27:51,548 - scraper_base - INFO - ✅ Cobasi: 4 produto(s) encontrado(s) para Onsior
2026-04-06 20:27:53,148 - scraper_base - INFO - 📦 [14/20] Processando Maxicam
2026-04-06 20:27:53,148 - scraper_base - INFO - 🔍 Cobasi: Buscando Maxicam
2026-04-06 20:27:56,130 - scraper_cobasi - INFO - Cobasi: Dados extraídos via JSON para Maxicam
2026-04-06 20:27:56,130 - scraper_base - INFO - ✅ Cobasi: 3 produto(s) encontrado(s) para Maxicam
2026-04-06 20:27:57,847 - scraper_base - INFO - 📦 [15/20] Processando Carproflan
2026-04-06 20:27:57,848 - scraper_base - INFO - 🔍 Cobasi: Buscando Carproflan
2026-04-06 20:28:02,242 - scraper_cobasi - INFO - Cobasi: Dados extraídos via JSON para Carproflan
2026-04-06 20:28:02,242 - scraper_base - INFO - ✅ Cobasi: 3 produto(s) encontrado(s) para Carproflan
2026-04-06 20:28:04,011 - scraper_base - INFO - 📦 [16/20] Processando Previcox
2026-04-06 20:28:04,012 - scraper_base - INFO - 🔍 Cobasi: Buscando Previcox
2026-04-06 20:28:07,109 - scraper_cobasi - INFO - Cobasi: Dados extraídos via JSON para Previcox
2026-04-06 20:28:07,109 - scraper_base - INFO - ✅ Cobasi: 2 produto(s) encontrado(s) para Previcox
2026-04-06 20:28:08,568 - scraper_base - INFO - 📦 [17/20] Processando Apoquel
2026-04-06 20:28:08,568 - scraper_base - INFO - 🔍 Cobasi: Buscando Apoquel
2026-04-06 20:28:13,046 - scraper_cobasi - INFO - Cobasi: Dados extraídos via JSON para Apoquel
2026-04-06 20:28:13,046 - scraper_base - INFO - ✅ Cobasi: 3 produto(s) encontrado(s) para Apoquel
2026-04-06 20:28:15,418 - scraper_base - INFO - 📦 [18/20] Processando Zenrelia
2026-04-06 20:28:15,418 - scraper_base - INFO - 🔍 Cobasi: Buscando Zenrelia
2026-04-06 20:28:18,756 - scraper_cobasi - INFO - Cobasi: Dados extraídos via JSON para Zenrelia
2026-04-06 20:28:18,756 - scraper_base - INFO - ✅ Cobasi: 4 produto(s) encontrado(s) para Zenrelia
2026-04-06 20:28:21,310 - scraper_base - INFO - 📦 [19/20] Processando Synulox
2026-04-06 20:28:21,310 - scraper_base - INFO - 🔍 Cobasi: Buscando Synulox
2026-04-06 20:28:23,871 - scraper_cobasi - INFO - Cobasi: Dados extraídos via JSON para Synulox
2026-04-06 20:28:23,872 - scraper_base - INFO - ✅ Cobasi: 2 produto(s) encontrado(s) para Synulox
2026-04-06 20:28:25,239 - scraper_base - INFO - 📦 [20/20] Processando Baytril
2026-04-06 20:28:25,239 - scraper_base - INFO - 🔍 Cobasi: Buscando Baytril
2026-04-06 20:28:28,272 - scraper_cobasi - INFO - Cobasi: Dados extraídos via JSON para Baytril
2026-04-06 20:28:28,272 - scraper_base - INFO - ✅ Cobasi: 3 produto(s) encontrado(s) para Baytril
2026-04-06 20:28:31,026 - scraper_base - INFO - 📊 Cobasi - Estatísticas finais:
2026-04-06 20:28:31,026 - scraper_base - INFO -    • Medicamentos processados: 20
2026-04-06 20:28:31,026 - scraper_base - INFO -    • Produtos encontrados: 147
2026-04-06 20:28:31,026 - scraper_base - INFO -    • Medicamentos sem resultado: 0
2026-04-06 20:28:31,026 - scraper_base - INFO -    • Tempo total: 115.1s
2026-04-06 20:28:31,026 - scraper_base - INFO -    • Tempo médio por medicamento: 5.8s
2026-04-06 20:28:31,208 - gerenciador_arquivos - INFO - Excel salvo: dados_coletados/cobasi_20260406_202831.xlsx (147 produtos)
2026-04-06 20:28:31,208 - gerenciador_principal - INFO - Cobasi: Arquivo individual salvo com sucesso
2026-04-06 20:28:31,208 - gerenciador_principal - INFO - Pausando entre sites...
2026-04-06 20:28:33,208 - gerenciador_principal - INFO - [2/3] Processando Petlove
2026-04-06 20:28:33,208 - scraper_base - INFO - 🚀 Iniciando scraping completo - Petlove
2026-04-06 20:28:33,437 - scraper_base - INFO - 📋 20 medicamentos para processar
2026-04-06 20:28:33,437 - scraper_base - INFO - 📦 [1/20] Processando Simparic
2026-04-06 20:28:33,437 - scraper_base - INFO - 🔍 Petlove: Buscando Simparic
2026-04-06 20:28:38,314 - gerenciador_conexoes - INFO - Chrome inicializado com otimizacoes de velocidade
2026-04-06 20:28:41,587 - scraper_base - INFO - ✅ Petlove: 27 produto(s) encontrado(s) para Simparic
2026-04-06 20:28:44,586 - scraper_base - INFO - 📦 [2/20] Processando Revolution
2026-04-06 20:28:44,586 - scraper_base - INFO - 🔍 Petlove: Buscando Revolution
2026-04-06 20:28:46,623 - scraper_base - INFO - ✅ Petlove: 20 produto(s) encontrado(s) para Revolution
2026-04-06 20:28:49,167 - scraper_base - INFO - 📦 [3/20] Processando NexGard
2026-04-06 20:28:49,167 - scraper_base - INFO - 🔍 Petlove: Buscando NexGard
2026-04-06 20:28:50,912 - scraper_base - INFO - ✅ Petlove: 12 produto(s) encontrado(s) para NexGard
2026-04-06 20:28:53,081 - scraper_base - INFO - 📦 [4/20] Processando NexGard Spectra
2026-04-06 20:28:53,081 - scraper_base - INFO - 🔍 Petlove: Buscando NexGard Spectra
2026-04-06 20:28:54,597 - scraper_base - INFO - ✅ Petlove: 6 produto(s) encontrado(s) para NexGard Spectra
2026-04-06 20:28:56,068 - scraper_base - INFO - 📦 [5/20] Processando NexGard Combo
2026-04-06 20:28:56,069 - scraper_base - INFO - 🔍 Petlove: Buscando NexGard Combo
2026-04-06 20:28:57,627 - scraper_base - INFO - ✅ Petlove: 2 produto(s) encontrado(s) para NexGard Combo
2026-04-06 20:28:58,706 - scraper_base - INFO - 📦 [6/20] Processando Bravecto
2026-04-06 20:28:58,706 - scraper_base - INFO - 🔍 Petlove: Buscando Bravecto
2026-04-06 20:29:01,080 - scraper_base - INFO - ✅ Petlove: 23 produto(s) encontrado(s) para Bravecto
2026-04-06 20:29:04,060 - scraper_base - INFO - 📦 [7/20] Processando Frontline
2026-04-06 20:29:04,060 - scraper_base - INFO - 🔍 Petlove: Buscando Frontline
2026-04-06 20:29:05,865 - scraper_base - INFO - ✅ Petlove: 11 produto(s) encontrado(s) para Frontline
2026-04-06 20:29:08,229 - scraper_base - INFO - 📦 [8/20] Processando Advocate
2026-04-06 20:29:08,230 - scraper_base - INFO - 🔍 Petlove: Buscando Advocate
2026-04-06 20:29:10,546 - scraper_base - INFO - ✅ Petlove: 9 produto(s) encontrado(s) para Advocate
2026-04-06 20:29:12,158 - scraper_base - INFO - 📦 [9/20] Processando Drontal
2026-04-06 20:29:12,158 - scraper_base - INFO - 🔍 Petlove: Buscando Drontal
2026-04-06 20:29:14,024 - scraper_base - INFO - ✅ Petlove: 36 produto(s) encontrado(s) para Drontal
2026-04-06 20:29:16,624 - scraper_base - INFO - 📦 [10/20] Processando Milbemax
2026-04-06 20:29:16,624 - scraper_base - INFO - 🔍 Petlove: Buscando Milbemax
2026-04-06 20:29:18,328 - scraper_base - INFO - ✅ Petlove: 15 produto(s) encontrado(s) para Milbemax
2026-04-06 20:29:20,395 - scraper_base - INFO - 📦 [11/20] Processando Vermivet
2026-04-06 20:29:20,395 - scraper_base - INFO - 🔍 Petlove: Buscando Vermivet
2026-04-06 20:29:22,191 - scraper_base - INFO - ✅ Petlove: 36 produto(s) encontrado(s) para Vermivet
2026-04-06 20:29:24,323 - scraper_base - INFO - 📦 [12/20] Processando Rimadyl
2026-04-06 20:29:24,323 - scraper_base - INFO - 🔍 Petlove: Buscando Rimadyl
2026-04-06 20:29:26,175 - scraper_base - INFO - ✅ Petlove: 1 produto(s) encontrado(s) para Rimadyl
2026-04-06 20:29:27,679 - scraper_base - INFO - 📦 [13/20] Processando Onsior
2026-04-06 20:29:27,680 - scraper_base - INFO - 🔍 Petlove: Buscando Onsior
2026-04-06 20:29:29,231 - scraper_base - INFO - ✅ Petlove: 4 produto(s) encontrado(s) para Onsior
2026-04-06 20:29:31,713 - scraper_base - INFO - 📦 [14/20] Processando Maxicam
2026-04-06 20:29:31,713 - scraper_base - INFO - 🔍 Petlove: Buscando Maxicam
2026-04-06 20:29:34,013 - scraper_base - INFO - ✅ Petlove: 3 produto(s) encontrado(s) para Maxicam
2026-04-06 20:29:35,878 - scraper_base - INFO - 📦 [15/20] Processando Carproflan
2026-04-06 20:29:35,879 - scraper_base - INFO - 🔍 Petlove: Buscando Carproflan
2026-04-06 20:29:37,725 - scraper_base - INFO - ✅ Petlove: 8 produto(s) encontrado(s) para Carproflan
2026-04-06 20:29:38,758 - scraper_base - INFO - 📦 [16/20] Processando Previcox
2026-04-06 20:29:38,758 - scraper_base - INFO - 🔍 Petlove: Buscando Previcox
2026-04-06 20:29:40,249 - scraper_base - INFO - ✅ Petlove: 4 produto(s) encontrado(s) para Previcox
2026-04-06 20:29:41,750 - scraper_base - INFO - 📦 [17/20] Processando Apoquel
2026-04-06 20:29:41,750 - scraper_base - INFO - 🔍 Petlove: Buscando Apoquel
2026-04-06 20:29:43,315 - scraper_base - INFO - ✅ Petlove: 16 produto(s) encontrado(s) para Apoquel
2026-04-06 20:29:44,411 - scraper_base - INFO - 📦 [18/20] Processando Zenrelia
2026-04-06 20:29:44,411 - scraper_base - INFO - 🔍 Petlove: Buscando Zenrelia
2026-04-06 20:29:46,006 - scraper_base - INFO - ✅ Petlove: 4 produto(s) encontrado(s) para Zenrelia
2026-04-06 20:29:47,395 - scraper_base - INFO - 📦 [19/20] Processando Synulox
2026-04-06 20:29:47,395 - scraper_base - INFO - 🔍 Petlove: Buscando Synulox
2026-04-06 20:29:48,786 - scraper_base - INFO - ✅ Petlove: 1 produto(s) encontrado(s) para Synulox
2026-04-06 20:29:51,019 - scraper_base - INFO - 📦 [20/20] Processando Baytril
2026-04-06 20:29:51,020 - scraper_base - INFO - 🔍 Petlove: Buscando Baytril
2026-04-06 20:29:52,611 - scraper_base - INFO - ✅ Petlove: 4 produto(s) encontrado(s) para Baytril
2026-04-06 20:29:54,107 - scraper_base - INFO - 📊 Petlove - Estatísticas finais:
2026-04-06 20:29:54,107 - scraper_base - INFO -    • Medicamentos processados: 20
2026-04-06 20:29:54,108 - scraper_base - INFO -    • Produtos encontrados: 242
2026-04-06 20:29:54,108 - scraper_base - INFO -    • Medicamentos sem resultado: 0
2026-04-06 20:29:54,108 - scraper_base - INFO -    • Tempo total: 80.9s
2026-04-06 20:29:54,108 - scraper_base - INFO -    • Tempo médio por medicamento: 4.0s
2026-04-06 20:29:54,206 - gerenciador_arquivos - INFO - Excel salvo: dados_coletados/petlove_20260406_202954.xlsx (242 produtos)
2026-04-06 20:29:54,206 - gerenciador_principal - INFO - Petlove: Arquivo individual salvo com sucesso
2026-04-06 20:29:54,206 - gerenciador_principal - INFO - Pausando entre sites...
2026-04-06 20:29:56,207 - gerenciador_principal - INFO - [3/3] Processando Petz
2026-04-06 20:29:56,207 - scraper_base - INFO - 🚀 Iniciando scraping completo - Petz
2026-04-06 20:29:56,500 - scraper_base - INFO - 📋 20 medicamentos para processar
2026-04-06 20:29:56,500 - scraper_base - INFO - 📦 [1/20] Processando Simparic
2026-04-06 20:29:56,500 - scraper_base - INFO - 🔍 Petz: Buscando Simparic
2026-04-06 20:30:01,527 - scraper_base - INFO - ✅ Petz: 12 produto(s) encontrado(s) para Simparic
2026-04-06 20:30:03,729 - scraper_base - INFO - 📦 [2/20] Processando Revolution
2026-04-06 20:30:03,729 - scraper_base - INFO - 🔍 Petz: Buscando Revolution
2026-04-06 20:30:06,882 - scraper_base - INFO - ✅ Petz: 21 produto(s) encontrado(s) para Revolution
2026-04-06 20:30:08,408 - scraper_base - INFO - 📦 [3/20] Processando NexGard
2026-04-06 20:30:08,408 - scraper_base - INFO - 🔍 Petz: Buscando NexGard
2026-04-06 20:30:11,418 - scraper_base - INFO - ✅ Petz: 22 produto(s) encontrado(s) para NexGard
2026-04-06 20:30:13,476 - scraper_base - INFO - 📦 [4/20] Processando NexGard Spectra
2026-04-06 20:30:13,476 - scraper_base - INFO - 🔍 Petz: Buscando NexGard Spectra
2026-04-06 20:30:15,414 - scraper_base - INFO - ✅ Petz: 10 produto(s) encontrado(s) para NexGard Spectra
2026-04-06 20:30:17,126 - scraper_base - INFO - 📦 [5/20] Processando NexGard Combo
2026-04-06 20:30:17,127 - scraper_base - INFO - 🔍 Petz: Buscando NexGard Combo
2026-04-06 20:30:19,286 - scraper_base - INFO - ✅ Petz: 4 produto(s) encontrado(s) para NexGard Combo
2026-04-06 20:30:20,748 - scraper_base - INFO - 📦 [6/20] Processando Bravecto
2026-04-06 20:30:20,748 - scraper_base - INFO - 🔍 Petz: Buscando Bravecto
2026-04-06 20:30:23,066 - scraper_base - INFO - ✅ Petz: 16 produto(s) encontrado(s) para Bravecto
2026-04-06 20:30:25,558 - scraper_base - INFO - 📦 [7/20] Processando Frontline
2026-04-06 20:30:25,558 - scraper_base - INFO - 🔍 Petz: Buscando Frontline
2026-04-06 20:30:28,001 - scraper_base - INFO - ✅ Petz: 11 produto(s) encontrado(s) para Frontline
2026-04-06 20:30:30,520 - scraper_base - INFO - 📦 [8/20] Processando Advocate
2026-04-06 20:30:30,521 - scraper_base - INFO - 🔍 Petz: Buscando Advocate
2026-04-06 20:30:32,560 - scraper_base - INFO - ✅ Petz: 12 produto(s) encontrado(s) para Advocate
2026-04-06 20:30:34,182 - scraper_base - INFO - 📦 [9/20] Processando Drontal
2026-04-06 20:30:34,182 - scraper_base - INFO - 🔍 Petz: Buscando Drontal
2026-04-06 20:30:37,439 - scraper_base - INFO - ✅ Petz: 28 produto(s) encontrado(s) para Drontal
2026-04-06 20:30:40,378 - scraper_base - INFO - 📦 [10/20] Processando Milbemax
2026-04-06 20:30:40,378 - scraper_base - INFO - 🔍 Petz: Buscando Milbemax
2026-04-06 20:30:42,470 - scraper_base - INFO - ✅ Petz: 4 produto(s) encontrado(s) para Milbemax
2026-04-06 20:30:44,426 - scraper_base - INFO - 📦 [11/20] Processando Vermivet
2026-04-06 20:30:44,426 - scraper_base - INFO - 🔍 Petz: Buscando Vermivet
2026-04-06 20:30:46,262 - scraper_base - INFO - ✅ Petz: 5 produto(s) encontrado(s) para Vermivet
2026-04-06 20:30:48,086 - scraper_base - INFO - 📦 [12/20] Processando Rimadyl
2026-04-06 20:30:48,086 - scraper_base - INFO - 🔍 Petz: Buscando Rimadyl
2026-04-06 20:30:50,713 - scraper_base - INFO - ✅ Petz: 3 produto(s) encontrado(s) para Rimadyl
2026-04-06 20:30:52,082 - scraper_base - INFO - 📦 [13/20] Processando Onsior
2026-04-06 20:30:52,082 - scraper_base - INFO - 🔍 Petz: Buscando Onsior
2026-04-06 20:30:53,863 - scraper_base - INFO - ✅ Petz: 4 produto(s) encontrado(s) para Onsior
2026-04-06 20:30:55,592 - scraper_base - INFO - 📦 [14/20] Processando Maxicam
2026-04-06 20:30:55,592 - scraper_base - INFO - 🔍 Petz: Buscando Maxicam
2026-04-06 20:30:58,059 - scraper_base - INFO - ✅ Petz: 28 produto(s) encontrado(s) para Maxicam
2026-04-06 20:30:59,511 - scraper_base - INFO - 📦 [15/20] Processando Carproflan
2026-04-06 20:30:59,511 - scraper_base - INFO - 🔍 Petz: Buscando Carproflan
2026-04-06 20:31:01,244 - scraper_base - INFO - ✅ Petz: 3 produto(s) encontrado(s) para Carproflan
2026-04-06 20:31:03,236 - scraper_base - INFO - 📦 [16/20] Processando Previcox
2026-04-06 20:31:03,236 - scraper_base - INFO - 🔍 Petz: Buscando Previcox
2026-04-06 20:31:05,043 - scraper_base - INFO - ✅ Petz: 2 produto(s) encontrado(s) para Previcox
2026-04-06 20:31:06,532 - scraper_base - INFO - 📦 [17/20] Processando Apoquel
2026-04-06 20:31:06,532 - scraper_base - INFO - 🔍 Petz: Buscando Apoquel
2026-04-06 20:31:08,634 - scraper_base - INFO - ✅ Petz: 3 produto(s) encontrado(s) para Apoquel
2026-04-06 20:31:11,266 - scraper_base - INFO - 📦 [18/20] Processando Zenrelia
2026-04-06 20:31:11,267 - scraper_base - INFO - 🔍 Petz: Buscando Zenrelia
2026-04-06 20:31:13,585 - scraper_base - INFO - ✅ Petz: 4 produto(s) encontrado(s) para Zenrelia
2026-04-06 20:31:15,810 - scraper_base - INFO - 📦 [19/20] Processando Synulox
2026-04-06 20:31:15,811 - scraper_base - INFO - 🔍 Petz: Buscando Synulox
2026-04-06 20:31:17,579 - scraper_base - INFO - ✅ Petz: 2 produto(s) encontrado(s) para Synulox
2026-04-06 20:31:19,702 - scraper_base - INFO - 📦 [20/20] Processando Baytril
2026-04-06 20:31:19,703 - scraper_base - INFO - 🔍 Petz: Buscando Baytril
2026-04-06 20:31:22,127 - scraper_base - INFO - ✅ Petz: 9 produto(s) encontrado(s) para Baytril
2026-04-06 20:31:24,291 - scraper_base - INFO - 📊 Petz - Estatísticas finais:
2026-04-06 20:31:24,291 - scraper_base - INFO -    • Medicamentos processados: 20
2026-04-06 20:31:24,291 - scraper_base - INFO -    • Produtos encontrados: 203
2026-04-06 20:31:24,291 - scraper_base - INFO -    • Medicamentos sem resultado: 0
2026-04-06 20:31:24,291 - scraper_base - INFO -    • Tempo total: 88.1s
2026-04-06 20:31:24,291 - scraper_base - INFO -    • Tempo médio por medicamento: 4.4s
2026-04-06 20:31:24,333 - gerenciador_arquivos - INFO - Excel salvo: dados_coletados/petz_20260406_203124.xlsx (203 produtos)
2026-04-06 20:31:24,333 - gerenciador_principal - INFO - Petz: Arquivo individual salvo com sucesso
2026-04-06 20:31:24,333 - gerenciador_principal - INFO - Gerando relatório consolidado...
2026-04-06 20:31:24,590 - gerenciador_arquivos - INFO - Relatório consolidado salvo: dados_relatorios/relatorio_consolidado_20260406_203124.xlsx
2026-04-06 20:31:24,714 - gerenciador_conexoes - INFO - Chrome fechado
2026-04-06 20:31:24,715 - gerenciador_conexoes - INFO - Métodos utilizados - Requests: 33.3%, Selenium: 66.7%, Falhas: 0.0%
2026-04-06 20:31:24,715 - gerenciador_principal - INFO - ============================================================
2026-04-06 20:31:24,715 - gerenciador_principal - INFO - RELATORIO FINAL DE EXECUÇÃO
2026-04-06 20:31:24,715 - gerenciador_principal - INFO - ============================================================
2026-04-06 20:31:24,715 - gerenciador_principal - INFO - Sites processados: 3
2026-04-06 20:31:24,715 - gerenciador_principal - INFO - Sites com sucesso: 3
2026-04-06 20:31:24,715 - gerenciador_principal - INFO - Total de produtos coletados: 592
2026-04-06 20:31:24,715 - gerenciador_principal - INFO - Tempo total de execução: 288.4 segundos
2026-04-06 20:31:24,715 - gerenciador_principal - INFO - Estatísticas de conexão:
2026-04-06 20:31:24,715 - gerenciador_principal - INFO -   - Requests bem-sucedidos: 33.3%
2026-04-06 20:31:24,715 - gerenciador_principal - INFO -   - Selenium fallback: 66.7%
2026-04-06 20:31:24,715 - gerenciador_principal - INFO -   - Falhas totais: 0.0%
2026-04-06 20:31:24,718 - gerenciador_principal - INFO - Arquivos salvos na pasta: dados_coletados
2026-04-06 20:31:24,718 - gerenciador_principal - INFO - Total de arquivos: 554
2026-04-06 20:31:24,718 - gerenciador_principal - INFO - ============================================================
