2026-05-25 20:55:42,563 - configurador_logs - INFO - Sistema de logs configurado com sucesso
2026-05-25 20:55:42,563 - configurador_logs - INFO - 🚀 Logs configurados para MODO PRODUÇÃO
2026-05-25 20:55:42,564 - gerenciador_principal - INFO - Inicializando sistema - Modo: PRODUCAO
2026-05-25 20:55:42,564 - gerenciador_arquivos - INFO - Pasta dados_coletados preparada
2026-05-25 20:55:42,564 - gerenciador_principal - INFO - Sistema inicializado com 3 scrapers
2026-05-25 20:55:42,564 - gerenciador_principal - INFO - ============================================================
2026-05-25 20:55:42,564 - gerenciador_principal - INFO - INICIANDO SCRAPING COMPLETO - PRODUCAO
2026-05-25 20:55:42,564 - gerenciador_principal - INFO - ============================================================
2026-05-25 20:55:42,564 - gerenciador_principal - INFO - [1/3] Processando Cobasi
2026-05-25 20:55:42,564 - scraper_base - INFO - 🚀 Iniciando scraping completo - Cobasi
2026-05-25 20:55:42,852 - gerenciador_conexoes - INFO - Sessao estabelecida com cobasi.com.br
2026-05-25 20:55:42,852 - scraper_base - INFO - 📋 20 medicamentos para processar
2026-05-25 20:55:42,853 - scraper_base - INFO - 📦 [1/20] Processando Simparic
2026-05-25 20:55:42,853 - scraper_base - INFO - 🔍 Cobasi: Buscando Simparic
2026-05-25 20:55:47,905 - scraper_cobasi - INFO - Cobasi: Dados extraídos via JSON para Simparic
2026-05-25 20:55:47,905 - scraper_base - INFO - ✅ Cobasi: 24 produto(s) encontrado(s) para Simparic
2026-05-25 20:55:50,680 - scraper_base - INFO - 📦 [2/20] Processando Revolution
2026-05-25 20:55:50,680 - scraper_base - INFO - 🔍 Cobasi: Buscando Revolution
2026-05-25 20:55:54,444 - scraper_cobasi - INFO - Cobasi: Dados extraídos via JSON para Revolution
2026-05-25 20:55:54,444 - scraper_base - INFO - ✅ Cobasi: 18 produto(s) encontrado(s) para Revolution
2026-05-25 20:55:55,479 - scraper_base - INFO - 📦 [3/20] Processando NexGard
2026-05-25 20:55:55,479 - scraper_base - INFO - 🔍 Cobasi: Buscando NexGard
2026-05-25 20:55:59,362 - scraper_cobasi - INFO - Cobasi: Dados extraídos via JSON para NexGard
2026-05-25 20:55:59,362 - scraper_base - INFO - ✅ Cobasi: 22 produto(s) encontrado(s) para NexGard
2026-05-25 20:56:00,733 - scraper_base - INFO - 📦 [4/20] Processando NexGard Spectra
2026-05-25 20:56:00,733 - scraper_base - INFO - 🔍 Cobasi: Buscando NexGard Spectra
2026-05-25 20:56:06,038 - scraper_cobasi - INFO - Cobasi: Dados extraídos via JSON para NexGard Spectra
2026-05-25 20:56:06,038 - scraper_base - INFO - ✅ Cobasi: 10 produto(s) encontrado(s) para NexGard Spectra
2026-05-25 20:56:08,586 - scraper_base - INFO - 📦 [5/20] Processando NexGard Combo
2026-05-25 20:56:08,586 - scraper_base - INFO - 🔍 Cobasi: Buscando NexGard Combo
2026-05-25 20:56:15,578 - scraper_cobasi - INFO - Cobasi: Dados extraídos via JSON para NexGard Combo
2026-05-25 20:56:15,579 - scraper_base - INFO - ✅ Cobasi: 4 produto(s) encontrado(s) para NexGard Combo
2026-05-25 20:56:16,595 - scraper_base - INFO - 📦 [6/20] Processando Bravecto
2026-05-25 20:56:16,595 - scraper_base - INFO - 🔍 Cobasi: Buscando Bravecto
2026-05-25 20:56:22,058 - scraper_cobasi - INFO - Cobasi: Dados extraídos via JSON para Bravecto
2026-05-25 20:56:22,058 - scraper_base - INFO - ✅ Cobasi: 16 produto(s) encontrado(s) para Bravecto
2026-05-25 20:56:24,385 - scraper_base - INFO - 📦 [7/20] Processando Frontline
2026-05-25 20:56:24,385 - scraper_base - INFO - 🔍 Cobasi: Buscando Frontline
2026-05-25 20:56:28,616 - scraper_cobasi - INFO - Cobasi: Dados extraídos via JSON para Frontline
2026-05-25 20:56:28,616 - scraper_base - INFO - ✅ Cobasi: 11 produto(s) encontrado(s) para Frontline
2026-05-25 20:56:30,217 - scraper_base - INFO - 📦 [8/20] Processando Advocate
2026-05-25 20:56:30,217 - scraper_base - INFO - 🔍 Cobasi: Buscando Advocate
2026-05-25 20:56:34,574 - scraper_cobasi - INFO - Cobasi: Dados extraídos via JSON para Advocate
2026-05-25 20:56:34,575 - scraper_base - INFO - ✅ Cobasi: 12 produto(s) encontrado(s) para Advocate
2026-05-25 20:56:36,854 - scraper_base - INFO - 📦 [9/20] Processando Drontal
2026-05-25 20:56:36,854 - scraper_base - INFO - 🔍 Cobasi: Buscando Drontal
2026-05-25 20:56:42,199 - scraper_cobasi - INFO - Cobasi: Dados extraídos via JSON para Drontal
2026-05-25 20:56:42,199 - scraper_base - INFO - ✅ Cobasi: 8 produto(s) encontrado(s) para Drontal
2026-05-25 20:56:45,082 - scraper_base - INFO - 📦 [10/20] Processando Milbemax
2026-05-25 20:56:45,082 - scraper_base - INFO - 🔍 Cobasi: Buscando Milbemax
2026-05-25 20:56:48,024 - scraper_cobasi - INFO - Cobasi: Dados extraídos via JSON para Milbemax
2026-05-25 20:56:48,024 - scraper_base - INFO - ✅ Cobasi: 4 produto(s) encontrado(s) para Milbemax
2026-05-25 20:56:49,797 - scraper_base - INFO - 📦 [11/20] Processando Vermivet
2026-05-25 20:56:49,797 - scraper_base - INFO - 🔍 Cobasi: Buscando Vermivet
2026-05-25 20:56:55,385 - scraper_cobasi - INFO - Cobasi: Dados extraídos via JSON para Vermivet
2026-05-25 20:56:55,386 - scraper_base - INFO - ✅ Cobasi: 5 produto(s) encontrado(s) para Vermivet
2026-05-25 20:56:56,554 - scraper_base - INFO - 📦 [12/20] Processando Rimadyl
2026-05-25 20:56:56,554 - scraper_base - INFO - 🔍 Cobasi: Buscando Rimadyl
2026-05-25 20:57:02,137 - scraper_cobasi - INFO - Cobasi: Dados extraídos via JSON para Rimadyl
2026-05-25 20:57:02,137 - scraper_base - INFO - ✅ Cobasi: 3 produto(s) encontrado(s) para Rimadyl
2026-05-25 20:57:03,264 - scraper_base - INFO - 📦 [13/20] Processando Onsior
2026-05-25 20:57:03,264 - scraper_base - INFO - 🔍 Cobasi: Buscando Onsior
2026-05-25 20:57:07,094 - scraper_cobasi - INFO - Cobasi: Dados extraídos via JSON para Onsior
2026-05-25 20:57:07,094 - scraper_base - INFO - ✅ Cobasi: 4 produto(s) encontrado(s) para Onsior
2026-05-25 20:57:09,507 - scraper_base - INFO - 📦 [14/20] Processando Maxicam
2026-05-25 20:57:09,507 - scraper_base - INFO - 🔍 Cobasi: Buscando Maxicam
2026-05-25 20:57:12,262 - scraper_cobasi - INFO - Cobasi: Dados extraídos via JSON para Maxicam
2026-05-25 20:57:12,262 - scraper_base - INFO - ✅ Cobasi: 3 produto(s) encontrado(s) para Maxicam
2026-05-25 20:57:14,628 - scraper_base - INFO - 📦 [15/20] Processando Carproflan
2026-05-25 20:57:14,628 - scraper_base - INFO - 🔍 Cobasi: Buscando Carproflan
2026-05-25 20:57:18,392 - scraper_cobasi - INFO - Cobasi: Dados extraídos via JSON para Carproflan
2026-05-25 20:57:18,392 - scraper_base - INFO - ✅ Cobasi: 3 produto(s) encontrado(s) para Carproflan
2026-05-25 20:57:19,774 - scraper_base - INFO - 📦 [16/20] Processando Previcox
2026-05-25 20:57:19,774 - scraper_base - INFO - 🔍 Cobasi: Buscando Previcox
2026-05-25 20:57:22,816 - scraper_cobasi - INFO - Cobasi: Dados extraídos via JSON para Previcox
2026-05-25 20:57:22,816 - scraper_base - INFO - ✅ Cobasi: 2 produto(s) encontrado(s) para Previcox
2026-05-25 20:57:25,725 - scraper_base - INFO - 📦 [17/20] Processando Apoquel
2026-05-25 20:57:25,726 - scraper_base - INFO - 🔍 Cobasi: Buscando Apoquel
2026-05-25 20:57:28,629 - scraper_cobasi - INFO - Cobasi: Dados extraídos via JSON para Apoquel
2026-05-25 20:57:28,629 - scraper_base - INFO - ✅ Cobasi: 3 produto(s) encontrado(s) para Apoquel
2026-05-25 20:57:29,774 - scraper_base - INFO - 📦 [18/20] Processando Zenrelia
2026-05-25 20:57:29,775 - scraper_base - INFO - 🔍 Cobasi: Buscando Zenrelia
2026-05-25 20:57:38,796 - scraper_cobasi - INFO - Cobasi: Dados extraídos via JSON para Zenrelia
2026-05-25 20:57:38,797 - scraper_base - INFO - ✅ Cobasi: 4 produto(s) encontrado(s) para Zenrelia
2026-05-25 20:57:41,013 - scraper_base - INFO - 📦 [19/20] Processando Synulox
2026-05-25 20:57:41,013 - scraper_base - INFO - 🔍 Cobasi: Buscando Synulox
2026-05-25 20:57:43,792 - scraper_cobasi - INFO - Cobasi: Dados extraídos via JSON para Synulox
2026-05-25 20:57:43,793 - scraper_base - INFO - ✅ Cobasi: 2 produto(s) encontrado(s) para Synulox
2026-05-25 20:57:46,298 - scraper_base - INFO - 📦 [20/20] Processando Baytril
2026-05-25 20:57:46,298 - scraper_base - INFO - 🔍 Cobasi: Buscando Baytril
2026-05-25 20:57:50,506 - scraper_cobasi - INFO - Cobasi: Dados extraídos via JSON para Baytril
2026-05-25 20:57:50,506 - scraper_base - INFO - ✅ Cobasi: 2 produto(s) encontrado(s) para Baytril
2026-05-25 20:57:51,577 - scraper_base - INFO - 📊 Cobasi - Estatísticas finais:
2026-05-25 20:57:51,577 - scraper_base - INFO -    • Medicamentos processados: 20
2026-05-25 20:57:51,578 - scraper_base - INFO -    • Produtos encontrados: 160
2026-05-25 20:57:51,578 - scraper_base - INFO -    • Medicamentos sem resultado: 0
2026-05-25 20:57:51,578 - scraper_base - INFO -    • Tempo total: 129.0s
2026-05-25 20:57:51,578 - scraper_base - INFO -    • Tempo médio por medicamento: 6.5s
2026-05-25 20:57:51,729 - gerenciador_arquivos - INFO - Excel salvo: dados_coletados/cobasi_20260525_205751.xlsx (160 produtos)
2026-05-25 20:57:51,729 - gerenciador_principal - INFO - Cobasi: Arquivo individual salvo com sucesso
2026-05-25 20:57:51,729 - gerenciador_principal - INFO - Pausando entre sites...
2026-05-25 20:57:53,730 - gerenciador_principal - INFO - [2/3] Processando Petlove
2026-05-25 20:57:53,730 - scraper_base - INFO - 🚀 Iniciando scraping completo - Petlove
2026-05-25 20:57:54,472 - gerenciador_conexoes - INFO - Sessao estabelecida com petlove.com.br
2026-05-25 20:57:54,473 - scraper_base - INFO - 📋 20 medicamentos para processar
2026-05-25 20:57:54,473 - scraper_base - INFO - 📦 [1/20] Processando Simparic
2026-05-25 20:57:54,473 - scraper_base - INFO - 🔍 Petlove: Buscando Simparic
2026-05-25 20:57:55,518 - scraper_base - INFO - ✅ Petlove: 36 produto(s) encontrado(s) para Simparic
2026-05-25 20:57:56,856 - scraper_base - INFO - 📦 [2/20] Processando Revolution
2026-05-25 20:57:56,856 - scraper_base - INFO - 🔍 Petlove: Buscando Revolution
2026-05-25 20:57:58,334 - scraper_base - INFO - ✅ Petlove: 20 produto(s) encontrado(s) para Revolution
2026-05-25 20:57:59,401 - scraper_base - INFO - 📦 [3/20] Processando NexGard
2026-05-25 20:57:59,401 - scraper_base - INFO - 🔍 Petlove: Buscando NexGard
2026-05-25 20:58:00,081 - scraper_base - INFO - ✅ Petlove: 11 produto(s) encontrado(s) para NexGard
2026-05-25 20:58:02,003 - scraper_base - INFO - 📦 [4/20] Processando NexGard Spectra
2026-05-25 20:58:02,003 - scraper_base - INFO - 🔍 Petlove: Buscando NexGard Spectra
2026-05-25 20:58:02,838 - scraper_base - INFO - ✅ Petlove: 5 produto(s) encontrado(s) para NexGard Spectra
2026-05-25 20:58:03,997 - scraper_base - INFO - 📦 [5/20] Processando NexGard Combo
2026-05-25 20:58:03,998 - scraper_base - INFO - 🔍 Petlove: Buscando NexGard Combo
2026-05-25 20:58:04,652 - scraper_base - INFO - ✅ Petlove: 2 produto(s) encontrado(s) para NexGard Combo
2026-05-25 20:58:06,938 - scraper_base - INFO - 📦 [6/20] Processando Bravecto
2026-05-25 20:58:06,938 - scraper_base - INFO - 🔍 Petlove: Buscando Bravecto
2026-05-25 20:58:07,706 - scraper_base - INFO - ✅ Petlove: 22 produto(s) encontrado(s) para Bravecto
2026-05-25 20:58:09,550 - scraper_base - INFO - 📦 [7/20] Processando Frontline
2026-05-25 20:58:09,551 - scraper_base - INFO - 🔍 Petlove: Buscando Frontline
2026-05-25 20:58:10,504 - scraper_base - INFO - ✅ Petlove: 11 produto(s) encontrado(s) para Frontline
2026-05-25 20:58:13,459 - scraper_base - INFO - 📦 [8/20] Processando Advocate
2026-05-25 20:58:13,459 - scraper_base - INFO - 🔍 Petlove: Buscando Advocate
2026-05-25 20:58:14,283 - scraper_base - INFO - ✅ Petlove: 9 produto(s) encontrado(s) para Advocate
2026-05-25 20:58:16,243 - scraper_base - INFO - 📦 [9/20] Processando Drontal
2026-05-25 20:58:16,243 - scraper_base - INFO - 🔍 Petlove: Buscando Drontal
2026-05-25 20:58:17,625 - scraper_base - INFO - ✅ Petlove: 36 produto(s) encontrado(s) para Drontal
2026-05-25 20:58:19,792 - scraper_base - INFO - 📦 [10/20] Processando Milbemax
2026-05-25 20:58:19,793 - scraper_base - INFO - 🔍 Petlove: Buscando Milbemax
2026-05-25 20:58:20,645 - scraper_base - INFO - ✅ Petlove: 14 produto(s) encontrado(s) para Milbemax
2026-05-25 20:58:22,964 - scraper_base - INFO - 📦 [11/20] Processando Vermivet
2026-05-25 20:58:22,964 - scraper_base - INFO - 🔍 Petlove: Buscando Vermivet
2026-05-25 20:58:23,821 - scraper_base - INFO - ✅ Petlove: 36 produto(s) encontrado(s) para Vermivet
2026-05-25 20:58:26,697 - scraper_base - INFO - 📦 [12/20] Processando Rimadyl
2026-05-25 20:58:26,697 - scraper_base - INFO - 🔍 Petlove: Buscando Rimadyl
2026-05-25 20:58:27,349 - scraper_base - INFO - ✅ Petlove: 1 produto(s) encontrado(s) para Rimadyl
2026-05-25 20:58:29,405 - scraper_base - INFO - 📦 [13/20] Processando Onsior
2026-05-25 20:58:29,405 - scraper_base - INFO - 🔍 Petlove: Buscando Onsior
2026-05-25 20:58:30,108 - scraper_base - INFO - ✅ Petlove: 4 produto(s) encontrado(s) para Onsior
2026-05-25 20:58:32,999 - scraper_base - INFO - 📦 [14/20] Processando Maxicam
2026-05-25 20:58:32,999 - scraper_base - INFO - 🔍 Petlove: Buscando Maxicam
2026-05-25 20:58:33,672 - scraper_base - INFO - ✅ Petlove: 3 produto(s) encontrado(s) para Maxicam
2026-05-25 20:58:35,876 - scraper_base - INFO - 📦 [15/20] Processando Carproflan
2026-05-25 20:58:35,877 - scraper_base - INFO - 🔍 Petlove: Buscando Carproflan
2026-05-25 20:58:36,733 - scraper_base - INFO - ✅ Petlove: 8 produto(s) encontrado(s) para Carproflan
2026-05-25 20:58:38,909 - scraper_base - INFO - 📦 [16/20] Processando Previcox
2026-05-25 20:58:38,910 - scraper_base - INFO - 🔍 Petlove: Buscando Previcox
2026-05-25 20:58:39,643 - scraper_base - INFO - ✅ Petlove: 4 produto(s) encontrado(s) para Previcox
2026-05-25 20:58:42,572 - scraper_base - INFO - 📦 [17/20] Processando Apoquel
2026-05-25 20:58:42,572 - scraper_base - INFO - 🔍 Petlove: Buscando Apoquel
2026-05-25 20:58:43,308 - scraper_base - INFO - ✅ Petlove: 16 produto(s) encontrado(s) para Apoquel
2026-05-25 20:58:44,682 - scraper_base - INFO - 📦 [18/20] Processando Zenrelia
2026-05-25 20:58:44,682 - scraper_base - INFO - 🔍 Petlove: Buscando Zenrelia
2026-05-25 20:58:45,445 - scraper_base - INFO - ✅ Petlove: 4 produto(s) encontrado(s) para Zenrelia
2026-05-25 20:58:46,843 - scraper_base - INFO - 📦 [19/20] Processando Synulox
2026-05-25 20:58:46,843 - scraper_base - INFO - 🔍 Petlove: Buscando Synulox
2026-05-25 20:58:47,506 - scraper_base - INFO - ✅ Petlove: 1 produto(s) encontrado(s) para Synulox
2026-05-25 20:58:48,524 - scraper_base - INFO - 📦 [20/20] Processando Baytril
2026-05-25 20:58:48,524 - scraper_base - INFO - 🔍 Petlove: Buscando Baytril
2026-05-25 20:58:49,173 - scraper_base - INFO - ✅ Petlove: 6 produto(s) encontrado(s) para Baytril
2026-05-25 20:58:52,136 - scraper_base - INFO - 📊 Petlove - Estatísticas finais:
2026-05-25 20:58:52,136 - scraper_base - INFO -    • Medicamentos processados: 20
2026-05-25 20:58:52,136 - scraper_base - INFO -    • Produtos encontrados: 249
2026-05-25 20:58:52,136 - scraper_base - INFO -    • Medicamentos sem resultado: 0
2026-05-25 20:58:52,136 - scraper_base - INFO -    • Tempo total: 58.4s
2026-05-25 20:58:52,137 - scraper_base - INFO -    • Tempo médio por medicamento: 2.9s
2026-05-25 20:58:52,185 - gerenciador_arquivos - INFO - Excel salvo: dados_coletados/petlove_20260525_205852.xlsx (249 produtos)
2026-05-25 20:58:52,185 - gerenciador_principal - INFO - Petlove: Arquivo individual salvo com sucesso
2026-05-25 20:58:52,185 - gerenciador_principal - INFO - Pausando entre sites...
2026-05-25 20:58:54,185 - gerenciador_principal - INFO - [3/3] Processando Petz
2026-05-25 20:58:54,185 - scraper_base - INFO - 🚀 Iniciando scraping completo - Petz
2026-05-25 20:58:54,532 - scraper_base - INFO - 📋 20 medicamentos para processar
2026-05-25 20:58:54,533 - scraper_base - INFO - 📦 [1/20] Processando Simparic
2026-05-25 20:58:54,533 - scraper_base - INFO - 🔍 Petz: Buscando Simparic
2026-05-25 20:59:04,847 - gerenciador_conexoes - INFO - Chrome inicializado com otimizacoes de velocidade
2026-05-25 20:59:11,481 - scraper_base - INFO - ✅ Petz: 24 produto(s) encontrado(s) para Simparic
2026-05-25 20:59:13,917 - scraper_base - INFO - 📦 [2/20] Processando Revolution
2026-05-25 20:59:13,917 - scraper_base - INFO - 🔍 Petz: Buscando Revolution
2026-05-25 20:59:17,036 - scraper_base - INFO - ✅ Petz: 21 produto(s) encontrado(s) para Revolution
2026-05-25 20:59:18,757 - scraper_base - INFO - 📦 [3/20] Processando NexGard
2026-05-25 20:59:18,758 - scraper_base - INFO - 🔍 Petz: Buscando NexGard
2026-05-25 20:59:21,676 - scraper_base - INFO - ✅ Petz: 22 produto(s) encontrado(s) para NexGard
2026-05-25 20:59:23,631 - scraper_base - INFO - 📦 [4/20] Processando NexGard Spectra
2026-05-25 20:59:23,632 - scraper_base - INFO - 🔍 Petz: Buscando NexGard Spectra
2026-05-25 20:59:25,697 - scraper_base - INFO - ✅ Petz: 10 produto(s) encontrado(s) para NexGard Spectra
2026-05-25 20:59:27,982 - scraper_base - INFO - 📦 [5/20] Processando NexGard Combo
2026-05-25 20:59:27,982 - scraper_base - INFO - 🔍 Petz: Buscando NexGard Combo
2026-05-25 20:59:30,405 - scraper_base - INFO - ✅ Petz: 4 produto(s) encontrado(s) para NexGard Combo
2026-05-25 20:59:32,022 - scraper_base - INFO - 📦 [6/20] Processando Bravecto
2026-05-25 20:59:32,022 - scraper_base - INFO - 🔍 Petz: Buscando Bravecto
2026-05-25 20:59:34,463 - scraper_base - INFO - ✅ Petz: 16 produto(s) encontrado(s) para Bravecto
2026-05-25 20:59:36,836 - scraper_base - INFO - 📦 [7/20] Processando Frontline
2026-05-25 20:59:36,836 - scraper_base - INFO - 🔍 Petz: Buscando Frontline
2026-05-25 20:59:38,868 - scraper_base - INFO - ✅ Petz: 11 produto(s) encontrado(s) para Frontline
2026-05-25 20:59:41,292 - scraper_base - INFO - 📦 [8/20] Processando Advocate
2026-05-25 20:59:41,292 - scraper_base - INFO - 🔍 Petz: Buscando Advocate
2026-05-25 20:59:43,389 - scraper_base - INFO - ✅ Petz: 12 produto(s) encontrado(s) para Advocate
2026-05-25 20:59:45,125 - scraper_base - INFO - 📦 [9/20] Processando Drontal
2026-05-25 20:59:45,125 - scraper_base - INFO - 🔍 Petz: Buscando Drontal
2026-05-25 20:59:48,424 - scraper_base - INFO - ✅ Petz: 32 produto(s) encontrado(s) para Drontal
2026-05-25 20:59:50,505 - scraper_base - INFO - 📦 [10/20] Processando Milbemax
2026-05-25 20:59:50,505 - scraper_base - INFO - 🔍 Petz: Buscando Milbemax
2026-05-25 20:59:52,275 - scraper_base - INFO - ✅ Petz: 4 produto(s) encontrado(s) para Milbemax
2026-05-25 20:59:53,969 - scraper_base - INFO - 📦 [11/20] Processando Vermivet
2026-05-25 20:59:53,970 - scraper_base - INFO - 🔍 Petz: Buscando Vermivet
2026-05-25 20:59:55,761 - scraper_base - INFO - ✅ Petz: 5 produto(s) encontrado(s) para Vermivet
2026-05-25 20:59:56,879 - scraper_base - INFO - 📦 [12/20] Processando Rimadyl
2026-05-25 20:59:56,879 - scraper_base - INFO - 🔍 Petz: Buscando Rimadyl
2026-05-25 20:59:58,716 - scraper_base - INFO - ✅ Petz: 3 produto(s) encontrado(s) para Rimadyl
2026-05-25 21:00:00,954 - scraper_base - INFO - 📦 [13/20] Processando Onsior
2026-05-25 21:00:00,954 - scraper_base - INFO - 🔍 Petz: Buscando Onsior
2026-05-25 21:00:04,322 - scraper_base - INFO - ✅ Petz: 4 produto(s) encontrado(s) para Onsior
2026-05-25 21:00:05,601 - scraper_base - INFO - 📦 [14/20] Processando Maxicam
2026-05-25 21:00:05,601 - scraper_base - INFO - 🔍 Petz: Buscando Maxicam
2026-05-25 21:00:09,634 - scraper_base - INFO - ✅ Petz: 29 produto(s) encontrado(s) para Maxicam
2026-05-25 21:00:11,472 - scraper_base - INFO - 📦 [15/20] Processando Carproflan
2026-05-25 21:00:11,472 - scraper_base - INFO - 🔍 Petz: Buscando Carproflan
2026-05-25 21:00:13,704 - scraper_base - INFO - ✅ Petz: 3 produto(s) encontrado(s) para Carproflan
2026-05-25 21:00:15,732 - scraper_base - INFO - 📦 [16/20] Processando Previcox
2026-05-25 21:00:15,732 - scraper_base - INFO - 🔍 Petz: Buscando Previcox
2026-05-25 21:00:17,533 - scraper_base - INFO - ✅ Petz: 2 produto(s) encontrado(s) para Previcox
2026-05-25 21:00:20,134 - scraper_base - INFO - 📦 [17/20] Processando Apoquel
2026-05-25 21:00:20,134 - scraper_base - INFO - 🔍 Petz: Buscando Apoquel
2026-05-25 21:00:21,931 - scraper_base - INFO - ✅ Petz: 3 produto(s) encontrado(s) para Apoquel
2026-05-25 21:00:23,899 - scraper_base - INFO - 📦 [18/20] Processando Zenrelia
2026-05-25 21:00:23,900 - scraper_base - INFO - 🔍 Petz: Buscando Zenrelia
2026-05-25 21:00:25,684 - scraper_base - INFO - ✅ Petz: 4 produto(s) encontrado(s) para Zenrelia
2026-05-25 21:00:27,809 - scraper_base - INFO - 📦 [19/20] Processando Synulox
2026-05-25 21:00:27,809 - scraper_base - INFO - 🔍 Petz: Buscando Synulox
2026-05-25 21:00:30,078 - scraper_base - INFO - ✅ Petz: 2 produto(s) encontrado(s) para Synulox
2026-05-25 21:00:32,477 - scraper_base - INFO - 📦 [20/20] Processando Baytril
2026-05-25 21:00:32,477 - scraper_base - INFO - 🔍 Petz: Buscando Baytril
2026-05-25 21:00:34,806 - scraper_base - INFO - ✅ Petz: 9 produto(s) encontrado(s) para Baytril
2026-05-25 21:00:37,474 - scraper_base - INFO - 📊 Petz - Estatísticas finais:
2026-05-25 21:00:37,475 - scraper_base - INFO -    • Medicamentos processados: 20
2026-05-25 21:00:37,475 - scraper_base - INFO -    • Produtos encontrados: 220
2026-05-25 21:00:37,475 - scraper_base - INFO -    • Medicamentos sem resultado: 0
2026-05-25 21:00:37,475 - scraper_base - INFO -    • Tempo total: 103.3s
2026-05-25 21:00:37,475 - scraper_base - INFO -    • Tempo médio por medicamento: 5.2s
2026-05-25 21:00:37,519 - gerenciador_arquivos - INFO - Excel salvo: dados_coletados/petz_20260525_210037.xlsx (220 produtos)
2026-05-25 21:00:37,519 - gerenciador_principal - INFO - Petz: Arquivo individual salvo com sucesso
2026-05-25 21:00:37,519 - gerenciador_principal - INFO - Gerando relatório consolidado...
2026-05-25 21:00:37,792 - gerenciador_arquivos - INFO - Relatório consolidado salvo: dados_relatorios/relatorio_consolidado_20260525_210037.xlsx
2026-05-25 21:00:37,895 - gerenciador_conexoes - INFO - Chrome fechado
2026-05-25 21:00:37,895 - gerenciador_conexoes - INFO - Métodos utilizados - Requests: 66.7%, Selenium: 33.3%, Falhas: 0.0%
2026-05-25 21:00:37,896 - gerenciador_principal - INFO - ============================================================
2026-05-25 21:00:37,896 - gerenciador_principal - INFO - RELATORIO FINAL DE EXECUÇÃO
2026-05-25 21:00:37,896 - gerenciador_principal - INFO - ============================================================
2026-05-25 21:00:37,896 - gerenciador_principal - INFO - Sites processados: 3
2026-05-25 21:00:37,896 - gerenciador_principal - INFO - Sites com sucesso: 3
2026-05-25 21:00:37,896 - gerenciador_principal - INFO - Total de produtos coletados: 629
2026-05-25 21:00:37,896 - gerenciador_principal - INFO - Tempo total de execução: 295.0 segundos
2026-05-25 21:00:37,896 - gerenciador_principal - INFO - Estatísticas de conexão:
2026-05-25 21:00:37,896 - gerenciador_principal - INFO -   - Requests bem-sucedidos: 66.7%
2026-05-25 21:00:37,896 - gerenciador_principal - INFO -   - Selenium fallback: 33.3%
2026-05-25 21:00:37,896 - gerenciador_principal - INFO -   - Falhas totais: 0.0%
2026-05-25 21:00:37,900 - gerenciador_principal - INFO - Arquivos salvos na pasta: dados_coletados
2026-05-25 21:00:37,900 - gerenciador_principal - INFO - Total de arquivos: 694
2026-05-25 21:00:37,900 - gerenciador_principal - INFO - ============================================================
