2026-03-06 20:18:19,455 - configurador_logs - INFO - Sistema de logs configurado com sucesso
2026-03-06 20:18:19,455 - configurador_logs - INFO - 🚀 Logs configurados para MODO PRODUÇÃO
2026-03-06 20:18:19,455 - gerenciador_principal - INFO - Inicializando sistema - Modo: PRODUCAO
2026-03-06 20:18:19,456 - gerenciador_arquivos - INFO - Pasta dados_coletados preparada
2026-03-06 20:18:19,456 - gerenciador_principal - INFO - Sistema inicializado com 3 scrapers
2026-03-06 20:18:19,456 - gerenciador_principal - INFO - ============================================================
2026-03-06 20:18:19,456 - gerenciador_principal - INFO - INICIANDO SCRAPING COMPLETO - PRODUCAO
2026-03-06 20:18:19,456 - gerenciador_principal - INFO - ============================================================
2026-03-06 20:18:19,456 - gerenciador_principal - INFO - [1/3] Processando Cobasi
2026-03-06 20:18:19,456 - scraper_base - INFO - 🚀 Iniciando scraping completo - Cobasi
2026-03-06 20:18:19,996 - gerenciador_conexoes - INFO - Sessao estabelecida com cobasi.com.br
2026-03-06 20:18:19,997 - scraper_base - INFO - 📋 20 medicamentos para processar
2026-03-06 20:18:19,997 - scraper_base - INFO - 📦 [1/20] Processando Simparic
2026-03-06 20:18:19,997 - scraper_base - INFO - 🔍 Cobasi: Buscando Simparic
2026-03-06 20:18:24,308 - scraper_cobasi - INFO - Cobasi: Dados extraídos via JSON para Simparic
2026-03-06 20:18:24,308 - scraper_base - INFO - ✅ Cobasi: 12 produto(s) encontrado(s) para Simparic
2026-03-06 20:18:25,363 - scraper_base - INFO - 📦 [2/20] Processando Revolution
2026-03-06 20:18:25,364 - scraper_base - INFO - 🔍 Cobasi: Buscando Revolution
2026-03-06 20:18:32,202 - scraper_cobasi - INFO - Cobasi: Dados extraídos via JSON para Revolution
2026-03-06 20:18:32,202 - scraper_base - INFO - ✅ Cobasi: 18 produto(s) encontrado(s) para Revolution
2026-03-06 20:18:33,588 - scraper_base - INFO - 📦 [3/20] Processando NexGard
2026-03-06 20:18:33,588 - scraper_base - INFO - 🔍 Cobasi: Buscando NexGard
2026-03-06 20:18:39,231 - scraper_cobasi - INFO - Cobasi: Dados extraídos via JSON para NexGard
2026-03-06 20:18:39,232 - scraper_base - INFO - ✅ Cobasi: 22 produto(s) encontrado(s) para NexGard
2026-03-06 20:18:40,787 - scraper_base - INFO - 📦 [4/20] Processando NexGard Spectra
2026-03-06 20:18:40,787 - scraper_base - INFO - 🔍 Cobasi: Buscando NexGard Spectra
2026-03-06 20:18:44,623 - scraper_cobasi - INFO - Cobasi: Dados extraídos via JSON para NexGard Spectra
2026-03-06 20:18:44,623 - scraper_base - INFO - ✅ Cobasi: 10 produto(s) encontrado(s) para NexGard Spectra
2026-03-06 20:18:46,014 - scraper_base - INFO - 📦 [5/20] Processando NexGard Combo
2026-03-06 20:18:46,014 - scraper_base - INFO - 🔍 Cobasi: Buscando NexGard Combo
2026-03-06 20:18:49,169 - scraper_cobasi - INFO - Cobasi: Dados extraídos via JSON para NexGard Combo
2026-03-06 20:18:49,169 - scraper_base - INFO - ✅ Cobasi: 4 produto(s) encontrado(s) para NexGard Combo
2026-03-06 20:18:50,983 - scraper_base - INFO - 📦 [6/20] Processando Bravecto
2026-03-06 20:18:50,983 - scraper_base - INFO - 🔍 Cobasi: Buscando Bravecto
2026-03-06 20:18:55,670 - scraper_cobasi - INFO - Cobasi: Dados extraídos via JSON para Bravecto
2026-03-06 20:18:55,670 - scraper_base - INFO - ✅ Cobasi: 16 produto(s) encontrado(s) para Bravecto
2026-03-06 20:18:57,125 - scraper_base - INFO - 📦 [7/20] Processando Frontline
2026-03-06 20:18:57,125 - scraper_base - INFO - 🔍 Cobasi: Buscando Frontline
2026-03-06 20:19:01,063 - scraper_cobasi - INFO - Cobasi: Dados extraídos via JSON para Frontline
2026-03-06 20:19:01,063 - scraper_base - INFO - ✅ Cobasi: 11 produto(s) encontrado(s) para Frontline
2026-03-06 20:19:03,909 - scraper_base - INFO - 📦 [8/20] Processando Advocate
2026-03-06 20:19:03,909 - scraper_base - INFO - 🔍 Cobasi: Buscando Advocate
2026-03-06 20:19:07,439 - scraper_cobasi - INFO - Cobasi: Dados extraídos via JSON para Advocate
2026-03-06 20:19:07,439 - scraper_base - INFO - ✅ Cobasi: 12 produto(s) encontrado(s) para Advocate
2026-03-06 20:19:09,443 - scraper_base - INFO - 📦 [9/20] Processando Drontal
2026-03-06 20:19:09,443 - scraper_base - INFO - 🔍 Cobasi: Buscando Drontal
2026-03-06 20:19:12,861 - scraper_cobasi - INFO - Cobasi: Dados extraídos via JSON para Drontal
2026-03-06 20:19:12,861 - scraper_base - INFO - ✅ Cobasi: 8 produto(s) encontrado(s) para Drontal
2026-03-06 20:19:14,126 - scraper_base - INFO - 📦 [10/20] Processando Milbemax
2026-03-06 20:19:14,127 - scraper_base - INFO - 🔍 Cobasi: Buscando Milbemax
2026-03-06 20:19:17,593 - scraper_cobasi - INFO - Cobasi: Dados extraídos via JSON para Milbemax
2026-03-06 20:19:17,593 - scraper_base - INFO - ✅ Cobasi: 4 produto(s) encontrado(s) para Milbemax
2026-03-06 20:19:19,016 - scraper_base - INFO - 📦 [11/20] Processando Vermivet
2026-03-06 20:19:19,016 - scraper_base - INFO - 🔍 Cobasi: Buscando Vermivet
2026-03-06 20:19:22,179 - scraper_cobasi - INFO - Cobasi: Dados extraídos via JSON para Vermivet
2026-03-06 20:19:22,179 - scraper_base - INFO - ✅ Cobasi: 5 produto(s) encontrado(s) para Vermivet
2026-03-06 20:19:24,934 - scraper_base - INFO - 📦 [12/20] Processando Rimadyl
2026-03-06 20:19:24,935 - scraper_base - INFO - 🔍 Cobasi: Buscando Rimadyl
2026-03-06 20:19:27,997 - scraper_cobasi - INFO - Cobasi: Dados extraídos via JSON para Rimadyl
2026-03-06 20:19:27,997 - scraper_base - INFO - ✅ Cobasi: 3 produto(s) encontrado(s) para Rimadyl
2026-03-06 20:19:30,719 - scraper_base - INFO - 📦 [13/20] Processando Onsior
2026-03-06 20:19:30,719 - scraper_base - INFO - 🔍 Cobasi: Buscando Onsior
2026-03-06 20:19:33,850 - scraper_cobasi - INFO - Cobasi: Dados extraídos via JSON para Onsior
2026-03-06 20:19:33,850 - scraper_base - INFO - ✅ Cobasi: 4 produto(s) encontrado(s) para Onsior
2026-03-06 20:19:36,223 - scraper_base - INFO - 📦 [14/20] Processando Maxicam
2026-03-06 20:19:36,223 - scraper_base - INFO - 🔍 Cobasi: Buscando Maxicam
2026-03-06 20:19:39,526 - scraper_cobasi - INFO - Cobasi: Dados extraídos via JSON para Maxicam
2026-03-06 20:19:39,526 - scraper_base - INFO - ✅ Cobasi: 3 produto(s) encontrado(s) para Maxicam
2026-03-06 20:19:41,981 - scraper_base - INFO - 📦 [15/20] Processando Carproflan
2026-03-06 20:19:41,981 - scraper_base - INFO - 🔍 Cobasi: Buscando Carproflan
2026-03-06 20:19:45,184 - scraper_cobasi - INFO - Cobasi: Dados extraídos via JSON para Carproflan
2026-03-06 20:19:45,184 - scraper_base - INFO - ✅ Cobasi: 3 produto(s) encontrado(s) para Carproflan
2026-03-06 20:19:47,219 - scraper_base - INFO - 📦 [16/20] Processando Previcox
2026-03-06 20:19:47,220 - scraper_base - INFO - 🔍 Cobasi: Buscando Previcox
2026-03-06 20:19:52,454 - scraper_cobasi - INFO - Cobasi: Dados extraídos via JSON para Previcox
2026-03-06 20:19:52,454 - scraper_base - INFO - ✅ Cobasi: 2 produto(s) encontrado(s) para Previcox
2026-03-06 20:19:54,839 - scraper_base - INFO - 📦 [17/20] Processando Apoquel
2026-03-06 20:19:54,839 - scraper_base - INFO - 🔍 Cobasi: Buscando Apoquel
2026-03-06 20:19:58,792 - scraper_cobasi - INFO - Cobasi: Dados extraídos via JSON para Apoquel
2026-03-06 20:19:58,792 - scraper_base - INFO - ✅ Cobasi: 3 produto(s) encontrado(s) para Apoquel
2026-03-06 20:20:00,289 - scraper_base - INFO - 📦 [18/20] Processando Zenrelia
2026-03-06 20:20:00,290 - scraper_base - INFO - 🔍 Cobasi: Buscando Zenrelia
2026-03-06 20:20:04,139 - scraper_cobasi - INFO - Cobasi: Dados extraídos via JSON para Zenrelia
2026-03-06 20:20:04,139 - scraper_base - INFO - ✅ Cobasi: 4 produto(s) encontrado(s) para Zenrelia
2026-03-06 20:20:05,354 - scraper_base - INFO - 📦 [19/20] Processando Synulox
2026-03-06 20:20:05,354 - scraper_base - INFO - 🔍 Cobasi: Buscando Synulox
2026-03-06 20:20:08,105 - scraper_cobasi - INFO - Cobasi: Dados extraídos via JSON para Synulox
2026-03-06 20:20:08,105 - scraper_base - INFO - ✅ Cobasi: 2 produto(s) encontrado(s) para Synulox
2026-03-06 20:20:10,035 - scraper_base - INFO - 📦 [20/20] Processando Baytril
2026-03-06 20:20:10,035 - scraper_base - INFO - 🔍 Cobasi: Buscando Baytril
2026-03-06 20:20:13,490 - scraper_cobasi - INFO - Cobasi: Dados extraídos via JSON para Baytril
2026-03-06 20:20:13,490 - scraper_base - INFO - ✅ Cobasi: 3 produto(s) encontrado(s) para Baytril
2026-03-06 20:20:15,577 - scraper_base - INFO - 📊 Cobasi - Estatísticas finais:
2026-03-06 20:20:15,577 - scraper_base - INFO -    • Medicamentos processados: 20
2026-03-06 20:20:15,577 - scraper_base - INFO -    • Produtos encontrados: 149
2026-03-06 20:20:15,577 - scraper_base - INFO -    • Medicamentos sem resultado: 0
2026-03-06 20:20:15,577 - scraper_base - INFO -    • Tempo total: 116.1s
2026-03-06 20:20:15,577 - scraper_base - INFO -    • Tempo médio por medicamento: 5.8s
2026-03-06 20:20:15,775 - gerenciador_arquivos - INFO - Excel salvo: dados_coletados/cobasi_20260306_202015.xlsx (149 produtos)
2026-03-06 20:20:15,775 - gerenciador_principal - INFO - Cobasi: Arquivo individual salvo com sucesso
2026-03-06 20:20:15,775 - gerenciador_principal - INFO - Pausando entre sites...
2026-03-06 20:20:17,776 - gerenciador_principal - INFO - [2/3] Processando Petlove
2026-03-06 20:20:17,776 - scraper_base - INFO - 🚀 Iniciando scraping completo - Petlove
2026-03-06 20:20:18,050 - scraper_base - INFO - 📋 20 medicamentos para processar
2026-03-06 20:20:18,050 - scraper_base - INFO - 📦 [1/20] Processando Simparic
2026-03-06 20:20:18,050 - scraper_base - INFO - 🔍 Petlove: Buscando Simparic
2026-03-06 20:20:25,196 - gerenciador_conexoes - INFO - Chrome inicializado com otimizacoes de velocidade
2026-03-06 20:20:28,746 - scraper_base - INFO - ✅ Petlove: 22 produto(s) encontrado(s) para Simparic
2026-03-06 20:20:30,479 - scraper_base - INFO - 📦 [2/20] Processando Revolution
2026-03-06 20:20:30,479 - scraper_base - INFO - 🔍 Petlove: Buscando Revolution
2026-03-06 20:20:32,455 - scraper_base - INFO - ✅ Petlove: 18 produto(s) encontrado(s) para Revolution
2026-03-06 20:20:34,471 - scraper_base - INFO - 📦 [3/20] Processando NexGard
2026-03-06 20:20:34,471 - scraper_base - INFO - 🔍 Petlove: Buscando NexGard
2026-03-06 20:20:36,144 - scraper_base - INFO - ✅ Petlove: 11 produto(s) encontrado(s) para NexGard
2026-03-06 20:20:37,608 - scraper_base - INFO - 📦 [4/20] Processando NexGard Spectra
2026-03-06 20:20:37,609 - scraper_base - INFO - 🔍 Petlove: Buscando NexGard Spectra
2026-03-06 20:20:38,973 - scraper_base - INFO - ✅ Petlove: 5 produto(s) encontrado(s) para NexGard Spectra
2026-03-06 20:20:40,639 - scraper_base - INFO - 📦 [5/20] Processando NexGard Combo
2026-03-06 20:20:40,639 - scraper_base - INFO - 🔍 Petlove: Buscando NexGard Combo
2026-03-06 20:20:42,021 - scraper_base - INFO - ✅ Petlove: 2 produto(s) encontrado(s) para NexGard Combo
2026-03-06 20:20:43,392 - scraper_base - INFO - 📦 [6/20] Processando Bravecto
2026-03-06 20:20:43,392 - scraper_base - INFO - 🔍 Petlove: Buscando Bravecto
2026-03-06 20:20:46,267 - scraper_base - INFO - ✅ Petlove: 23 produto(s) encontrado(s) para Bravecto
2026-03-06 20:20:48,770 - scraper_base - INFO - 📦 [7/20] Processando Frontline
2026-03-06 20:20:48,770 - scraper_base - INFO - 🔍 Petlove: Buscando Frontline
2026-03-06 20:20:50,450 - scraper_base - INFO - ✅ Petlove: 11 produto(s) encontrado(s) para Frontline
2026-03-06 20:20:51,572 - scraper_base - INFO - 📦 [8/20] Processando Advocate
2026-03-06 20:20:51,572 - scraper_base - INFO - 🔍 Petlove: Buscando Advocate
2026-03-06 20:20:53,279 - scraper_base - INFO - ✅ Petlove: 9 produto(s) encontrado(s) para Advocate
2026-03-06 20:20:55,598 - scraper_base - INFO - 📦 [9/20] Processando Drontal
2026-03-06 20:20:55,598 - scraper_base - INFO - 🔍 Petlove: Buscando Drontal
2026-03-06 20:20:57,402 - scraper_base - INFO - ✅ Petlove: 36 produto(s) encontrado(s) para Drontal
2026-03-06 20:20:58,735 - scraper_base - INFO - 📦 [10/20] Processando Milbemax
2026-03-06 20:20:58,736 - scraper_base - INFO - 🔍 Petlove: Buscando Milbemax
2026-03-06 20:21:00,684 - scraper_base - INFO - ✅ Petlove: 14 produto(s) encontrado(s) para Milbemax
2026-03-06 20:21:02,038 - scraper_base - INFO - 📦 [11/20] Processando Vermivet
2026-03-06 20:21:02,038 - scraper_base - INFO - 🔍 Petlove: Buscando Vermivet
2026-03-06 20:21:03,915 - scraper_base - INFO - ✅ Petlove: 36 produto(s) encontrado(s) para Vermivet
2026-03-06 20:21:06,885 - scraper_base - INFO - 📦 [12/20] Processando Rimadyl
2026-03-06 20:21:06,885 - scraper_base - INFO - 🔍 Petlove: Buscando Rimadyl
2026-03-06 20:21:08,761 - scraper_base - INFO - ✅ Petlove: 1 produto(s) encontrado(s) para Rimadyl
2026-03-06 20:21:10,594 - scraper_base - INFO - 📦 [13/20] Processando Onsior
2026-03-06 20:21:10,595 - scraper_base - INFO - 🔍 Petlove: Buscando Onsior
2026-03-06 20:21:12,883 - scraper_base - INFO - ✅ Petlove: 4 produto(s) encontrado(s) para Onsior
2026-03-06 20:21:13,982 - scraper_base - INFO - 📦 [14/20] Processando Maxicam
2026-03-06 20:21:13,982 - scraper_base - INFO - 🔍 Petlove: Buscando Maxicam
2026-03-06 20:21:15,443 - scraper_base - INFO - ✅ Petlove: 3 produto(s) encontrado(s) para Maxicam
2026-03-06 20:21:17,151 - scraper_base - INFO - 📦 [15/20] Processando Carproflan
2026-03-06 20:21:17,151 - scraper_base - INFO - 🔍 Petlove: Buscando Carproflan
2026-03-06 20:21:19,002 - scraper_base - INFO - ✅ Petlove: 6 produto(s) encontrado(s) para Carproflan
2026-03-06 20:21:20,675 - scraper_base - INFO - 📦 [16/20] Processando Previcox
2026-03-06 20:21:20,675 - scraper_base - INFO - 🔍 Petlove: Buscando Previcox
2026-03-06 20:21:22,068 - scraper_base - INFO - ✅ Petlove: 4 produto(s) encontrado(s) para Previcox
2026-03-06 20:21:23,297 - scraper_base - INFO - 📦 [17/20] Processando Apoquel
2026-03-06 20:21:23,298 - scraper_base - INFO - 🔍 Petlove: Buscando Apoquel
2026-03-06 20:21:25,536 - scraper_base - INFO - ✅ Petlove: 14 produto(s) encontrado(s) para Apoquel
2026-03-06 20:21:26,810 - scraper_base - INFO - 📦 [18/20] Processando Zenrelia
2026-03-06 20:21:26,810 - scraper_base - INFO - 🔍 Petlove: Buscando Zenrelia
2026-03-06 20:21:28,326 - scraper_base - INFO - ✅ Petlove: 4 produto(s) encontrado(s) para Zenrelia
2026-03-06 20:21:30,750 - scraper_base - INFO - 📦 [19/20] Processando Synulox
2026-03-06 20:21:30,750 - scraper_base - INFO - 🔍 Petlove: Buscando Synulox
2026-03-06 20:21:32,555 - scraper_base - INFO - ✅ Petlove: 1 produto(s) encontrado(s) para Synulox
2026-03-06 20:21:35,302 - scraper_base - INFO - 📦 [20/20] Processando Baytril
2026-03-06 20:21:35,302 - scraper_base - INFO - 🔍 Petlove: Buscando Baytril
2026-03-06 20:21:36,699 - scraper_base - INFO - ✅ Petlove: 4 produto(s) encontrado(s) para Baytril
2026-03-06 20:21:39,037 - scraper_base - INFO - 📊 Petlove - Estatísticas finais:
2026-03-06 20:21:39,037 - scraper_base - INFO -    • Medicamentos processados: 20
2026-03-06 20:21:39,037 - scraper_base - INFO -    • Produtos encontrados: 228
2026-03-06 20:21:39,037 - scraper_base - INFO -    • Medicamentos sem resultado: 0
2026-03-06 20:21:39,037 - scraper_base - INFO -    • Tempo total: 81.3s
2026-03-06 20:21:39,038 - scraper_base - INFO -    • Tempo médio por medicamento: 4.1s
2026-03-06 20:21:39,083 - gerenciador_arquivos - INFO - Excel salvo: dados_coletados/petlove_20260306_202139.xlsx (228 produtos)
2026-03-06 20:21:39,083 - gerenciador_principal - INFO - Petlove: Arquivo individual salvo com sucesso
2026-03-06 20:21:39,083 - gerenciador_principal - INFO - Pausando entre sites...
2026-03-06 20:21:41,083 - gerenciador_principal - INFO - [3/3] Processando Petz
2026-03-06 20:21:41,083 - scraper_base - INFO - 🚀 Iniciando scraping completo - Petz
2026-03-06 20:21:41,428 - scraper_base - INFO - 📋 20 medicamentos para processar
2026-03-06 20:21:41,429 - scraper_base - INFO - 📦 [1/20] Processando Simparic
2026-03-06 20:21:41,429 - scraper_base - INFO - 🔍 Petz: Buscando Simparic
2026-03-06 20:21:46,640 - scraper_base - INFO - ✅ Petz: 12 produto(s) encontrado(s) para Simparic
2026-03-06 20:21:47,690 - scraper_base - INFO - 📦 [2/20] Processando Revolution
2026-03-06 20:21:47,690 - scraper_base - INFO - 🔍 Petz: Buscando Revolution
2026-03-06 20:21:50,644 - scraper_base - INFO - ✅ Petz: 21 produto(s) encontrado(s) para Revolution
2026-03-06 20:21:51,719 - scraper_base - INFO - 📦 [3/20] Processando NexGard
2026-03-06 20:21:51,719 - scraper_base - INFO - 🔍 Petz: Buscando NexGard
2026-03-06 20:21:54,071 - scraper_base - INFO - ✅ Petz: 22 produto(s) encontrado(s) para NexGard
2026-03-06 20:21:55,483 - scraper_base - INFO - 📦 [4/20] Processando NexGard Spectra
2026-03-06 20:21:55,483 - scraper_base - INFO - 🔍 Petz: Buscando NexGard Spectra
2026-03-06 20:21:57,498 - scraper_base - INFO - ✅ Petz: 10 produto(s) encontrado(s) para NexGard Spectra
2026-03-06 20:22:00,153 - scraper_base - INFO - 📦 [5/20] Processando NexGard Combo
2026-03-06 20:22:00,153 - scraper_base - INFO - 🔍 Petz: Buscando NexGard Combo
2026-03-06 20:22:01,900 - scraper_base - INFO - ✅ Petz: 4 produto(s) encontrado(s) para NexGard Combo
2026-03-06 20:22:03,147 - scraper_base - INFO - 📦 [6/20] Processando Bravecto
2026-03-06 20:22:03,147 - scraper_base - INFO - 🔍 Petz: Buscando Bravecto
2026-03-06 20:22:05,256 - scraper_base - INFO - ✅ Petz: 16 produto(s) encontrado(s) para Bravecto
2026-03-06 20:22:06,834 - scraper_base - INFO - 📦 [7/20] Processando Frontline
2026-03-06 20:22:06,834 - scraper_base - INFO - 🔍 Petz: Buscando Frontline
2026-03-06 20:22:08,894 - scraper_base - INFO - ✅ Petz: 11 produto(s) encontrado(s) para Frontline
2026-03-06 20:22:10,324 - scraper_base - INFO - 📦 [8/20] Processando Advocate
2026-03-06 20:22:10,325 - scraper_base - INFO - 🔍 Petz: Buscando Advocate
2026-03-06 20:22:13,005 - scraper_base - INFO - ✅ Petz: 12 produto(s) encontrado(s) para Advocate
2026-03-06 20:22:15,727 - scraper_base - INFO - 📦 [9/20] Processando Drontal
2026-03-06 20:22:15,727 - scraper_base - INFO - 🔍 Petz: Buscando Drontal
2026-03-06 20:22:18,537 - scraper_base - INFO - ✅ Petz: 32 produto(s) encontrado(s) para Drontal
2026-03-06 20:22:20,769 - scraper_base - INFO - 📦 [10/20] Processando Milbemax
2026-03-06 20:22:20,769 - scraper_base - INFO - 🔍 Petz: Buscando Milbemax
2026-03-06 20:22:22,583 - scraper_base - INFO - ✅ Petz: 4 produto(s) encontrado(s) para Milbemax
2026-03-06 20:22:24,971 - scraper_base - INFO - 📦 [11/20] Processando Vermivet
2026-03-06 20:22:24,971 - scraper_base - INFO - 🔍 Petz: Buscando Vermivet
2026-03-06 20:22:27,058 - scraper_base - INFO - ✅ Petz: 5 produto(s) encontrado(s) para Vermivet
2026-03-06 20:22:29,664 - scraper_base - INFO - 📦 [12/20] Processando Rimadyl
2026-03-06 20:22:29,664 - scraper_base - INFO - 🔍 Petz: Buscando Rimadyl
2026-03-06 20:22:31,191 - scraper_base - INFO - ✅ Petz: 3 produto(s) encontrado(s) para Rimadyl
2026-03-06 20:22:32,451 - scraper_base - INFO - 📦 [13/20] Processando Onsior
2026-03-06 20:22:32,451 - scraper_base - INFO - 🔍 Petz: Buscando Onsior
2026-03-06 20:22:34,236 - scraper_base - INFO - ✅ Petz: 4 produto(s) encontrado(s) para Onsior
2026-03-06 20:22:36,466 - scraper_base - INFO - 📦 [14/20] Processando Maxicam
2026-03-06 20:22:36,467 - scraper_base - INFO - 🔍 Petz: Buscando Maxicam
2026-03-06 20:22:38,943 - scraper_base - INFO - ✅ Petz: 31 produto(s) encontrado(s) para Maxicam
2026-03-06 20:22:41,071 - scraper_base - INFO - 📦 [15/20] Processando Carproflan
2026-03-06 20:22:41,071 - scraper_base - INFO - 🔍 Petz: Buscando Carproflan
2026-03-06 20:22:42,780 - scraper_base - INFO - ✅ Petz: 3 produto(s) encontrado(s) para Carproflan
2026-03-06 20:22:45,050 - scraper_base - INFO - 📦 [16/20] Processando Previcox
2026-03-06 20:22:45,051 - scraper_base - INFO - 🔍 Petz: Buscando Previcox
2026-03-06 20:22:47,001 - scraper_base - INFO - ✅ Petz: 2 produto(s) encontrado(s) para Previcox
2026-03-06 20:22:48,884 - scraper_base - INFO - 📦 [17/20] Processando Apoquel
2026-03-06 20:22:48,885 - scraper_base - INFO - 🔍 Petz: Buscando Apoquel
2026-03-06 20:22:50,412 - scraper_base - INFO - ✅ Petz: 3 produto(s) encontrado(s) para Apoquel
2026-03-06 20:22:51,967 - scraper_base - INFO - 📦 [18/20] Processando Zenrelia
2026-03-06 20:22:51,967 - scraper_base - INFO - 🔍 Petz: Buscando Zenrelia
2026-03-06 20:22:53,661 - scraper_base - INFO - ✅ Petz: 4 produto(s) encontrado(s) para Zenrelia
2026-03-06 20:22:55,276 - scraper_base - INFO - 📦 [19/20] Processando Synulox
2026-03-06 20:22:55,277 - scraper_base - INFO - 🔍 Petz: Buscando Synulox
2026-03-06 20:22:56,849 - scraper_base - INFO - ✅ Petz: 2 produto(s) encontrado(s) para Synulox
2026-03-06 20:22:59,661 - scraper_base - INFO - 📦 [20/20] Processando Baytril
2026-03-06 20:22:59,661 - scraper_base - INFO - 🔍 Petz: Buscando Baytril
2026-03-06 20:23:02,265 - scraper_base - INFO - ✅ Petz: 9 produto(s) encontrado(s) para Baytril
2026-03-06 20:23:04,185 - scraper_base - INFO - 📊 Petz - Estatísticas finais:
2026-03-06 20:23:04,185 - scraper_base - INFO -    • Medicamentos processados: 20
2026-03-06 20:23:04,185 - scraper_base - INFO -    • Produtos encontrados: 210
2026-03-06 20:23:04,185 - scraper_base - INFO -    • Medicamentos sem resultado: 0
2026-03-06 20:23:04,185 - scraper_base - INFO -    • Tempo total: 83.1s
2026-03-06 20:23:04,185 - scraper_base - INFO -    • Tempo médio por medicamento: 4.2s
2026-03-06 20:23:04,231 - gerenciador_arquivos - INFO - Excel salvo: dados_coletados/petz_20260306_202304.xlsx (210 produtos)
2026-03-06 20:23:04,231 - gerenciador_principal - INFO - Petz: Arquivo individual salvo com sucesso
2026-03-06 20:23:04,231 - gerenciador_principal - INFO - Gerando relatório consolidado...
2026-03-06 20:23:04,501 - gerenciador_arquivos - INFO - Relatório consolidado salvo: dados_relatorios/relatorio_consolidado_20260306_202304.xlsx
2026-03-06 20:23:04,635 - gerenciador_conexoes - INFO - Chrome fechado
2026-03-06 20:23:04,635 - gerenciador_conexoes - INFO - Métodos utilizados - Requests: 33.3%, Selenium: 66.7%, Falhas: 0.0%
2026-03-06 20:23:04,635 - gerenciador_principal - INFO - ============================================================
2026-03-06 20:23:04,635 - gerenciador_principal - INFO - RELATORIO FINAL DE EXECUÇÃO
2026-03-06 20:23:04,635 - gerenciador_principal - INFO - ============================================================
2026-03-06 20:23:04,635 - gerenciador_principal - INFO - Sites processados: 3
2026-03-06 20:23:04,635 - gerenciador_principal - INFO - Sites com sucesso: 3
2026-03-06 20:23:04,636 - gerenciador_principal - INFO - Total de produtos coletados: 587
2026-03-06 20:23:04,636 - gerenciador_principal - INFO - Tempo total de execução: 284.8 segundos
2026-03-06 20:23:04,636 - gerenciador_principal - INFO - Estatísticas de conexão:
2026-03-06 20:23:04,636 - gerenciador_principal - INFO -   - Requests bem-sucedidos: 33.3%
2026-03-06 20:23:04,636 - gerenciador_principal - INFO -   - Selenium fallback: 66.7%
2026-03-06 20:23:04,636 - gerenciador_principal - INFO -   - Falhas totais: 0.0%
2026-03-06 20:23:04,638 - gerenciador_principal - INFO - Arquivos salvos na pasta: dados_coletados
2026-03-06 20:23:04,638 - gerenciador_principal - INFO - Total de arquivos: 464
2026-03-06 20:23:04,639 - gerenciador_principal - INFO - ============================================================
