2026-08-23 20:08:03,253 - configurador_logs - INFO - Sistema de logs configurado com sucesso
2026-08-23 20:08:03,253 - configurador_logs - INFO - 🚀 Logs configurados para MODO PRODUÇÃO
2026-08-23 20:08:03,253 - gerenciador_principal - INFO - Inicializando sistema - Modo: PRODUCAO
2026-08-23 20:08:03,254 - gerenciador_arquivos - INFO - Pasta dados_coletados preparada
2026-08-23 20:08:03,254 - gerenciador_principal - INFO - Sistema inicializado com 3 scrapers
2026-08-23 20:08:03,254 - gerenciador_principal - INFO - ============================================================
2026-08-23 20:08:03,254 - gerenciador_principal - INFO - INICIANDO SCRAPING COMPLETO - PRODUCAO
2026-08-23 20:08:03,254 - gerenciador_principal - INFO - ============================================================
2026-08-23 20:08:03,254 - gerenciador_principal - INFO - [1/3] Processando Cobasi
2026-08-23 20:08:03,254 - scraper_base - INFO - 🚀 Iniciando scraping completo - Cobasi
2026-08-23 20:08:04,529 - gerenciador_conexoes - INFO - Sessao estabelecida com cobasi.com.br
2026-08-23 20:08:04,529 - scraper_base - INFO - 📋 20 medicamentos para processar
2026-08-23 20:08:04,529 - scraper_base - INFO - 📦 [1/20] Processando Simparic
2026-08-23 20:08:04,529 - scraper_base - INFO - 🔍 Cobasi: Buscando Simparic
2026-08-23 20:08:09,588 - scraper_cobasi - INFO - Cobasi: Dados extraídos via JSON para Simparic
2026-08-23 20:08:09,588 - scraper_base - INFO - ✅ Cobasi: 24 produto(s) encontrado(s) para Simparic
2026-08-23 20:08:11,437 - scraper_base - INFO - 📦 [2/20] Processando Revolution
2026-08-23 20:08:11,437 - scraper_base - INFO - 🔍 Cobasi: Buscando Revolution
2026-08-23 20:08:16,304 - scraper_cobasi - INFO - Cobasi: Dados extraídos via JSON para Revolution
2026-08-23 20:08:16,304 - scraper_base - INFO - ✅ Cobasi: 18 produto(s) encontrado(s) para Revolution
2026-08-23 20:08:19,225 - scraper_base - INFO - 📦 [3/20] Processando NexGard
2026-08-23 20:08:19,225 - scraper_base - INFO - 🔍 Cobasi: Buscando NexGard
2026-08-23 20:08:23,900 - scraper_cobasi - INFO - Cobasi: Dados extraídos via JSON para NexGard
2026-08-23 20:08:23,900 - scraper_base - INFO - ✅ Cobasi: 22 produto(s) encontrado(s) para NexGard
2026-08-23 20:08:25,745 - scraper_base - INFO - 📦 [4/20] Processando NexGard Spectra
2026-08-23 20:08:25,745 - scraper_base - INFO - 🔍 Cobasi: Buscando NexGard Spectra
2026-08-23 20:08:29,776 - scraper_cobasi - INFO - Cobasi: Dados extraídos via JSON para NexGard Spectra
2026-08-23 20:08:29,777 - scraper_base - INFO - ✅ Cobasi: 10 produto(s) encontrado(s) para NexGard Spectra
2026-08-23 20:08:32,492 - scraper_base - INFO - 📦 [5/20] Processando NexGard Combo
2026-08-23 20:08:32,492 - scraper_base - INFO - 🔍 Cobasi: Buscando NexGard Combo
2026-08-23 20:08:36,262 - scraper_cobasi - INFO - Cobasi: Dados extraídos via JSON para NexGard Combo
2026-08-23 20:08:36,263 - scraper_base - INFO - ✅ Cobasi: 4 produto(s) encontrado(s) para NexGard Combo
2026-08-23 20:08:38,378 - scraper_base - INFO - 📦 [6/20] Processando Bravecto
2026-08-23 20:08:38,379 - scraper_base - INFO - 🔍 Cobasi: Buscando Bravecto
2026-08-23 20:08:43,225 - scraper_cobasi - INFO - Cobasi: Dados extraídos via JSON para Bravecto
2026-08-23 20:08:43,225 - scraper_base - INFO - ✅ Cobasi: 16 produto(s) encontrado(s) para Bravecto
2026-08-23 20:08:44,694 - scraper_base - INFO - 📦 [7/20] Processando Frontline
2026-08-23 20:08:44,694 - scraper_base - INFO - 🔍 Cobasi: Buscando Frontline
2026-08-23 20:08:48,533 - scraper_cobasi - INFO - Cobasi: Dados extraídos via JSON para Frontline
2026-08-23 20:08:48,533 - scraper_base - INFO - ✅ Cobasi: 11 produto(s) encontrado(s) para Frontline
2026-08-23 20:08:51,456 - scraper_base - INFO - 📦 [8/20] Processando Advocate
2026-08-23 20:08:51,456 - scraper_base - INFO - 🔍 Cobasi: Buscando Advocate
2026-08-23 20:08:56,165 - scraper_cobasi - INFO - Cobasi: Dados extraídos via JSON para Advocate
2026-08-23 20:08:56,166 - scraper_base - INFO - ✅ Cobasi: 12 produto(s) encontrado(s) para Advocate
2026-08-23 20:08:57,386 - scraper_base - INFO - 📦 [9/20] Processando Drontal
2026-08-23 20:08:57,386 - scraper_base - INFO - 🔍 Cobasi: Buscando Drontal
2026-08-23 20:09:03,800 - scraper_cobasi - INFO - Cobasi: Dados extraídos via JSON para Drontal
2026-08-23 20:09:03,800 - scraper_base - INFO - ✅ Cobasi: 8 produto(s) encontrado(s) para Drontal
2026-08-23 20:09:05,161 - scraper_base - INFO - 📦 [10/20] Processando Milbemax
2026-08-23 20:09:05,162 - scraper_base - INFO - 🔍 Cobasi: Buscando Milbemax
2026-08-23 20:09:07,851 - scraper_cobasi - INFO - Cobasi: Dados extraídos via JSON para Milbemax
2026-08-23 20:09:07,851 - scraper_base - INFO - ✅ Cobasi: 4 produto(s) encontrado(s) para Milbemax
2026-08-23 20:09:10,707 - scraper_base - INFO - 📦 [11/20] Processando Vermivet
2026-08-23 20:09:10,707 - scraper_base - INFO - 🔍 Cobasi: Buscando Vermivet
2026-08-23 20:09:15,111 - scraper_cobasi - INFO - Cobasi: Dados extraídos via JSON para Vermivet
2026-08-23 20:09:15,111 - scraper_base - INFO - ✅ Cobasi: 5 produto(s) encontrado(s) para Vermivet
2026-08-23 20:09:16,745 - scraper_base - INFO - 📦 [12/20] Processando Rimadyl
2026-08-23 20:09:16,745 - scraper_base - INFO - 🔍 Cobasi: Buscando Rimadyl
2026-08-23 20:09:20,834 - scraper_cobasi - INFO - Cobasi: Dados extraídos via JSON para Rimadyl
2026-08-23 20:09:20,834 - scraper_base - INFO - ✅ Cobasi: 3 produto(s) encontrado(s) para Rimadyl
2026-08-23 20:09:23,255 - scraper_base - INFO - 📦 [13/20] Processando Onsior
2026-08-23 20:09:23,256 - scraper_base - INFO - 🔍 Cobasi: Buscando Onsior
2026-08-23 20:09:28,822 - scraper_cobasi - INFO - Cobasi: Dados extraídos via JSON para Onsior
2026-08-23 20:09:28,822 - scraper_base - INFO - ✅ Cobasi: 4 produto(s) encontrado(s) para Onsior
2026-08-23 20:09:30,819 - scraper_base - INFO - 📦 [14/20] Processando Maxicam
2026-08-23 20:09:30,819 - scraper_base - INFO - 🔍 Cobasi: Buscando Maxicam
2026-08-23 20:09:34,084 - scraper_cobasi - INFO - Cobasi: Dados extraídos via JSON para Maxicam
2026-08-23 20:09:34,084 - scraper_base - INFO - ✅ Cobasi: 3 produto(s) encontrado(s) para Maxicam
2026-08-23 20:09:35,803 - scraper_base - INFO - 📦 [15/20] Processando Carproflan
2026-08-23 20:09:35,803 - scraper_base - INFO - 🔍 Cobasi: Buscando Carproflan
2026-08-23 20:09:42,888 - scraper_cobasi - INFO - Cobasi: Dados extraídos via JSON para Carproflan
2026-08-23 20:09:42,888 - scraper_base - INFO - ✅ Cobasi: 3 produto(s) encontrado(s) para Carproflan
2026-08-23 20:09:44,944 - scraper_base - INFO - 📦 [16/20] Processando Previcox
2026-08-23 20:09:44,944 - scraper_base - INFO - 🔍 Cobasi: Buscando Previcox
2026-08-23 20:09:48,284 - scraper_cobasi - INFO - Cobasi: Dados extraídos via JSON para Previcox
2026-08-23 20:09:48,284 - scraper_base - INFO - ✅ Cobasi: 2 produto(s) encontrado(s) para Previcox
2026-08-23 20:09:49,423 - scraper_base - INFO - 📦 [17/20] Processando Apoquel
2026-08-23 20:09:49,423 - scraper_base - INFO - 🔍 Cobasi: Buscando Apoquel
2026-08-23 20:09:54,491 - scraper_cobasi - INFO - Cobasi: Dados extraídos via JSON para Apoquel
2026-08-23 20:09:54,491 - scraper_base - INFO - ✅ Cobasi: 3 produto(s) encontrado(s) para Apoquel
2026-08-23 20:09:55,857 - scraper_base - INFO - 📦 [18/20] Processando Zenrelia
2026-08-23 20:09:55,857 - scraper_base - INFO - 🔍 Cobasi: Buscando Zenrelia
2026-08-23 20:09:59,819 - scraper_cobasi - INFO - Cobasi: Dados extraídos via JSON para Zenrelia
2026-08-23 20:09:59,819 - scraper_base - INFO - ✅ Cobasi: 4 produto(s) encontrado(s) para Zenrelia
2026-08-23 20:10:02,102 - scraper_base - INFO - 📦 [19/20] Processando Synulox
2026-08-23 20:10:02,102 - scraper_base - INFO - 🔍 Cobasi: Buscando Synulox
2026-08-23 20:10:05,343 - scraper_cobasi - INFO - Cobasi: Dados extraídos via JSON para Synulox
2026-08-23 20:10:05,343 - scraper_base - INFO - ✅ Cobasi: 2 produto(s) encontrado(s) para Synulox
2026-08-23 20:10:08,023 - scraper_base - INFO - 📦 [20/20] Processando Baytril
2026-08-23 20:10:08,023 - scraper_base - INFO - 🔍 Cobasi: Buscando Baytril
2026-08-23 20:10:11,266 - scraper_cobasi - INFO - Cobasi: Dados extraídos via JSON para Baytril
2026-08-23 20:10:11,266 - scraper_base - INFO - ✅ Cobasi: 2 produto(s) encontrado(s) para Baytril
2026-08-23 20:10:12,892 - scraper_base - INFO - 📊 Cobasi - Estatísticas finais:
2026-08-23 20:10:12,892 - scraper_base - INFO -    • Medicamentos processados: 20
2026-08-23 20:10:12,893 - scraper_base - INFO -    • Produtos encontrados: 160
2026-08-23 20:10:12,893 - scraper_base - INFO -    • Medicamentos sem resultado: 0
2026-08-23 20:10:12,893 - scraper_base - INFO -    • Tempo total: 129.6s
2026-08-23 20:10:12,893 - scraper_base - INFO -    • Tempo médio por medicamento: 6.5s
2026-08-23 20:10:13,076 - gerenciador_arquivos - INFO - Excel salvo: dados_coletados/cobasi_20260823_201012.xlsx (160 produtos)
2026-08-23 20:10:13,076 - gerenciador_principal - INFO - Cobasi: Arquivo individual salvo com sucesso
2026-08-23 20:10:13,076 - gerenciador_principal - INFO - Pausando entre sites...
2026-08-23 20:10:15,076 - gerenciador_principal - INFO - [2/3] Processando Petlove
2026-08-23 20:10:15,076 - scraper_base - INFO - 🚀 Iniciando scraping completo - Petlove
2026-08-23 20:10:15,586 - gerenciador_conexoes - INFO - Sessao estabelecida com petlove.com.br
2026-08-23 20:10:15,586 - scraper_base - INFO - 📋 20 medicamentos para processar
2026-08-23 20:10:15,586 - scraper_base - INFO - 📦 [1/20] Processando Simparic
2026-08-23 20:10:15,586 - scraper_base - INFO - 🔍 Petlove: Buscando Simparic
2026-08-23 20:10:16,742 - scraper_base - INFO - ✅ Petlove: 36 produto(s) encontrado(s) para Simparic
2026-08-23 20:10:18,382 - scraper_base - INFO - 📦 [2/20] Processando Revolution
2026-08-23 20:10:18,382 - scraper_base - INFO - 🔍 Petlove: Buscando Revolution
2026-08-23 20:10:19,163 - scraper_base - INFO - ✅ Petlove: 19 produto(s) encontrado(s) para Revolution
2026-08-23 20:10:20,311 - scraper_base - INFO - 📦 [3/20] Processando NexGard
2026-08-23 20:10:20,311 - scraper_base - INFO - 🔍 Petlove: Buscando NexGard
2026-08-23 20:10:21,535 - scraper_base - INFO - ✅ Petlove: 11 produto(s) encontrado(s) para NexGard
2026-08-23 20:10:23,265 - scraper_base - INFO - 📦 [4/20] Processando NexGard Spectra
2026-08-23 20:10:23,265 - scraper_base - INFO - 🔍 Petlove: Buscando NexGard Spectra
2026-08-23 20:10:24,028 - scraper_base - INFO - ✅ Petlove: 5 produto(s) encontrado(s) para NexGard Spectra
2026-08-23 20:10:25,218 - scraper_base - INFO - 📦 [5/20] Processando NexGard Combo
2026-08-23 20:10:25,218 - scraper_base - INFO - 🔍 Petlove: Buscando NexGard Combo
2026-08-23 20:10:25,877 - scraper_base - INFO - ✅ Petlove: 2 produto(s) encontrado(s) para NexGard Combo
2026-08-23 20:10:27,306 - scraper_base - INFO - 📦 [6/20] Processando Bravecto
2026-08-23 20:10:27,306 - scraper_base - INFO - 🔍 Petlove: Buscando Bravecto
2026-08-23 20:10:28,357 - scraper_base - INFO - ✅ Petlove: 23 produto(s) encontrado(s) para Bravecto
2026-08-23 20:10:29,730 - scraper_base - INFO - 📦 [7/20] Processando Frontline
2026-08-23 20:10:29,730 - scraper_base - INFO - 🔍 Petlove: Buscando Frontline
2026-08-23 20:10:30,843 - scraper_base - INFO - ✅ Petlove: 11 produto(s) encontrado(s) para Frontline
2026-08-23 20:10:33,501 - scraper_base - INFO - 📦 [8/20] Processando Advocate
2026-08-23 20:10:33,501 - scraper_base - INFO - 🔍 Petlove: Buscando Advocate
2026-08-23 20:10:34,365 - scraper_base - INFO - ✅ Petlove: 9 produto(s) encontrado(s) para Advocate
2026-08-23 20:10:36,629 - scraper_base - INFO - 📦 [9/20] Processando Drontal
2026-08-23 20:10:36,629 - scraper_base - INFO - 🔍 Petlove: Buscando Drontal
2026-08-23 20:10:37,732 - scraper_base - INFO - ✅ Petlove: 36 produto(s) encontrado(s) para Drontal
2026-08-23 20:10:39,342 - scraper_base - INFO - 📦 [10/20] Processando Milbemax
2026-08-23 20:10:39,342 - scraper_base - INFO - 🔍 Petlove: Buscando Milbemax
2026-08-23 20:10:40,366 - scraper_base - INFO - ✅ Petlove: 14 produto(s) encontrado(s) para Milbemax
2026-08-23 20:10:41,547 - scraper_base - INFO - 📦 [11/20] Processando Vermivet
2026-08-23 20:10:41,547 - scraper_base - INFO - 🔍 Petlove: Buscando Vermivet
2026-08-23 20:10:42,814 - scraper_base - INFO - ✅ Petlove: 36 produto(s) encontrado(s) para Vermivet
2026-08-23 20:10:44,797 - scraper_base - INFO - 📦 [12/20] Processando Rimadyl
2026-08-23 20:10:44,798 - scraper_base - INFO - 🔍 Petlove: Buscando Rimadyl
2026-08-23 20:10:45,498 - scraper_base - INFO - ✅ Petlove: 1 produto(s) encontrado(s) para Rimadyl
2026-08-23 20:10:47,937 - scraper_base - INFO - 📦 [13/20] Processando Onsior
2026-08-23 20:10:47,937 - scraper_base - INFO - 🔍 Petlove: Buscando Onsior
2026-08-23 20:10:48,697 - scraper_base - INFO - ✅ Petlove: 4 produto(s) encontrado(s) para Onsior
2026-08-23 20:10:49,774 - scraper_base - INFO - 📦 [14/20] Processando Maxicam
2026-08-23 20:10:49,774 - scraper_base - INFO - 🔍 Petlove: Buscando Maxicam
2026-08-23 20:10:50,496 - scraper_base - INFO - ✅ Petlove: 3 produto(s) encontrado(s) para Maxicam
2026-08-23 20:10:53,264 - scraper_base - INFO - 📦 [15/20] Processando Carproflan
2026-08-23 20:10:53,264 - scraper_base - INFO - 🔍 Petlove: Buscando Carproflan
2026-08-23 20:10:54,034 - scraper_base - INFO - ✅ Petlove: 8 produto(s) encontrado(s) para Carproflan
2026-08-23 20:10:56,639 - scraper_base - INFO - 📦 [16/20] Processando Previcox
2026-08-23 20:10:56,639 - scraper_base - INFO - 🔍 Petlove: Buscando Previcox
2026-08-23 20:10:57,342 - scraper_base - INFO - ✅ Petlove: 4 produto(s) encontrado(s) para Previcox
2026-08-23 20:10:58,658 - scraper_base - INFO - 📦 [17/20] Processando Apoquel
2026-08-23 20:10:58,658 - scraper_base - INFO - 🔍 Petlove: Buscando Apoquel
2026-08-23 20:10:59,566 - scraper_base - INFO - ✅ Petlove: 16 produto(s) encontrado(s) para Apoquel
2026-08-23 20:11:01,923 - scraper_base - INFO - 📦 [18/20] Processando Zenrelia
2026-08-23 20:11:01,923 - scraper_base - INFO - 🔍 Petlove: Buscando Zenrelia
2026-08-23 20:11:02,976 - scraper_base - INFO - ✅ Petlove: 4 produto(s) encontrado(s) para Zenrelia
2026-08-23 20:11:05,530 - scraper_base - INFO - 📦 [19/20] Processando Synulox
2026-08-23 20:11:05,531 - scraper_base - INFO - 🔍 Petlove: Buscando Synulox
2026-08-23 20:11:06,209 - scraper_base - INFO - ✅ Petlove: 1 produto(s) encontrado(s) para Synulox
2026-08-23 20:11:08,213 - scraper_base - INFO - 📦 [20/20] Processando Baytril
2026-08-23 20:11:08,213 - scraper_base - INFO - 🔍 Petlove: Buscando Baytril
2026-08-23 20:11:08,906 - scraper_base - INFO - ✅ Petlove: 6 produto(s) encontrado(s) para Baytril
2026-08-23 20:11:10,810 - scraper_base - INFO - 📊 Petlove - Estatísticas finais:
2026-08-23 20:11:10,811 - scraper_base - INFO -    • Medicamentos processados: 20
2026-08-23 20:11:10,811 - scraper_base - INFO -    • Produtos encontrados: 249
2026-08-23 20:11:10,811 - scraper_base - INFO -    • Medicamentos sem resultado: 0
2026-08-23 20:11:10,811 - scraper_base - INFO -    • Tempo total: 55.7s
2026-08-23 20:11:10,811 - scraper_base - INFO -    • Tempo médio por medicamento: 2.8s
2026-08-23 20:11:10,857 - gerenciador_arquivos - INFO - Excel salvo: dados_coletados/petlove_20260823_201110.xlsx (249 produtos)
2026-08-23 20:11:10,857 - gerenciador_principal - INFO - Petlove: Arquivo individual salvo com sucesso
2026-08-23 20:11:10,857 - gerenciador_principal - INFO - Pausando entre sites...
2026-08-23 20:11:12,858 - gerenciador_principal - INFO - [3/3] Processando Petz
2026-08-23 20:11:12,858 - scraper_base - INFO - 🚀 Iniciando scraping completo - Petz
2026-08-23 20:11:13,278 - scraper_base - INFO - 📋 20 medicamentos para processar
2026-08-23 20:11:13,279 - scraper_base - INFO - 📦 [1/20] Processando Simparic
2026-08-23 20:11:13,279 - scraper_base - INFO - 🔍 Petz: Buscando Simparic
2026-08-23 20:11:21,673 - gerenciador_conexoes - INFO - Chrome inicializado com otimizacoes de velocidade
2026-08-23 20:11:27,454 - scraper_petz - INFO - Petz: Nenhum product-card encontrado para Simparic
2026-08-23 20:11:27,454 - scraper_base - INFO - ⚪ Petz: Nenhum produto encontrado para Simparic
2026-08-23 20:11:29,523 - scraper_base - INFO - 📦 [2/20] Processando Revolution
2026-08-23 20:11:29,523 - scraper_base - INFO - 🔍 Petz: Buscando Revolution
2026-08-23 20:11:33,017 - scraper_petz - INFO - Petz: Nenhum product-card encontrado para Revolution
2026-08-23 20:11:33,017 - scraper_base - INFO - ⚪ Petz: Nenhum produto encontrado para Revolution
2026-08-23 20:11:35,668 - scraper_base - INFO - 📦 [3/20] Processando NexGard
2026-08-23 20:11:35,669 - scraper_base - INFO - 🔍 Petz: Buscando NexGard
2026-08-23 20:11:38,480 - scraper_petz - INFO - Petz: Nenhum product-card encontrado para NexGard
2026-08-23 20:11:38,480 - scraper_base - INFO - ⚪ Petz: Nenhum produto encontrado para NexGard
2026-08-23 20:11:40,953 - scraper_base - INFO - 📦 [4/20] Processando NexGard Spectra
2026-08-23 20:11:40,953 - scraper_base - INFO - 🔍 Petz: Buscando NexGard Spectra
2026-08-23 20:11:43,140 - scraper_petz - INFO - Petz: Nenhum product-card encontrado para NexGard Spectra
2026-08-23 20:11:43,140 - scraper_base - INFO - ⚪ Petz: Nenhum produto encontrado para NexGard Spectra
2026-08-23 20:11:45,097 - scraper_base - INFO - 📦 [5/20] Processando NexGard Combo
2026-08-23 20:11:45,097 - scraper_base - INFO - 🔍 Petz: Buscando NexGard Combo
2026-08-23 20:11:47,040 - scraper_petz - INFO - Petz: Nenhum product-card encontrado para NexGard Combo
2026-08-23 20:11:47,040 - scraper_base - INFO - ⚪ Petz: Nenhum produto encontrado para NexGard Combo
2026-08-23 20:11:49,497 - scraper_base - INFO - 📦 [6/20] Processando Bravecto
2026-08-23 20:11:49,497 - scraper_base - INFO - 🔍 Petz: Buscando Bravecto
2026-08-23 20:11:52,048 - scraper_petz - INFO - Petz: Nenhum product-card encontrado para Bravecto
2026-08-23 20:11:52,048 - scraper_base - INFO - ⚪ Petz: Nenhum produto encontrado para Bravecto
2026-08-23 20:11:53,387 - scraper_base - INFO - 📦 [7/20] Processando Frontline
2026-08-23 20:11:53,387 - scraper_base - INFO - 🔍 Petz: Buscando Frontline
2026-08-23 20:11:55,982 - scraper_petz - INFO - Petz: Nenhum product-card encontrado para Frontline
2026-08-23 20:11:55,982 - scraper_base - INFO - ⚪ Petz: Nenhum produto encontrado para Frontline
2026-08-23 20:11:57,165 - scraper_base - INFO - 📦 [8/20] Processando Advocate
2026-08-23 20:11:57,165 - scraper_base - INFO - 🔍 Petz: Buscando Advocate
2026-08-23 20:11:59,439 - scraper_petz - INFO - Petz: Nenhum product-card encontrado para Advocate
2026-08-23 20:11:59,439 - scraper_base - INFO - ⚪ Petz: Nenhum produto encontrado para Advocate
2026-08-23 20:12:01,253 - scraper_base - INFO - 📦 [9/20] Processando Drontal
2026-08-23 20:12:01,253 - scraper_base - INFO - 🔍 Petz: Buscando Drontal
2026-08-23 20:12:03,673 - scraper_petz - INFO - Petz: Nenhum product-card encontrado para Drontal
2026-08-23 20:12:03,673 - scraper_base - INFO - ⚪ Petz: Nenhum produto encontrado para Drontal
2026-08-23 20:12:05,993 - scraper_base - INFO - 📦 [10/20] Processando Milbemax
2026-08-23 20:12:05,993 - scraper_base - INFO - 🔍 Petz: Buscando Milbemax
2026-08-23 20:12:07,952 - scraper_petz - INFO - Petz: Nenhum product-card encontrado para Milbemax
2026-08-23 20:12:07,952 - scraper_base - INFO - ⚪ Petz: Nenhum produto encontrado para Milbemax
2026-08-23 20:12:09,947 - scraper_base - INFO - 📦 [11/20] Processando Vermivet
2026-08-23 20:12:09,947 - scraper_base - INFO - 🔍 Petz: Buscando Vermivet
2026-08-23 20:12:12,072 - scraper_petz - INFO - Petz: Nenhum product-card encontrado para Vermivet
2026-08-23 20:12:12,072 - scraper_base - INFO - ⚪ Petz: Nenhum produto encontrado para Vermivet
2026-08-23 20:12:14,927 - scraper_base - INFO - 📦 [12/20] Processando Rimadyl
2026-08-23 20:12:14,927 - scraper_base - INFO - 🔍 Petz: Buscando Rimadyl
2026-08-23 20:12:16,811 - scraper_petz - INFO - Petz: Nenhum product-card encontrado para Rimadyl
2026-08-23 20:12:16,811 - scraper_base - INFO - ⚪ Petz: Nenhum produto encontrado para Rimadyl
2026-08-23 20:12:18,125 - scraper_base - INFO - 📦 [13/20] Processando Onsior
2026-08-23 20:12:18,125 - scraper_base - INFO - 🔍 Petz: Buscando Onsior
2026-08-23 20:12:20,467 - scraper_petz - INFO - Petz: Nenhum product-card encontrado para Onsior
2026-08-23 20:12:20,468 - scraper_base - INFO - ⚪ Petz: Nenhum produto encontrado para Onsior
2026-08-23 20:12:21,549 - scraper_base - INFO - 📦 [14/20] Processando Maxicam
2026-08-23 20:12:21,549 - scraper_base - INFO - 🔍 Petz: Buscando Maxicam
2026-08-23 20:12:23,970 - scraper_petz - INFO - Petz: Nenhum product-card encontrado para Maxicam
2026-08-23 20:12:23,970 - scraper_base - INFO - ⚪ Petz: Nenhum produto encontrado para Maxicam
2026-08-23 20:12:25,399 - scraper_base - INFO - 📦 [15/20] Processando Carproflan
2026-08-23 20:12:25,399 - scraper_base - INFO - 🔍 Petz: Buscando Carproflan
2026-08-23 20:12:27,969 - scraper_petz - INFO - Petz: Nenhum product-card encontrado para Carproflan
2026-08-23 20:12:27,969 - scraper_base - INFO - ⚪ Petz: Nenhum produto encontrado para Carproflan
2026-08-23 20:12:30,262 - scraper_base - INFO - 📦 [16/20] Processando Previcox
2026-08-23 20:12:30,262 - scraper_base - INFO - 🔍 Petz: Buscando Previcox
2026-08-23 20:12:32,577 - scraper_petz - INFO - Petz: Nenhum product-card encontrado para Previcox
2026-08-23 20:12:32,577 - scraper_base - INFO - ⚪ Petz: Nenhum produto encontrado para Previcox
2026-08-23 20:12:33,640 - scraper_base - INFO - 📦 [17/20] Processando Apoquel
2026-08-23 20:12:33,641 - scraper_base - INFO - 🔍 Petz: Buscando Apoquel
2026-08-23 20:12:35,449 - scraper_petz - INFO - Petz: Nenhum product-card encontrado para Apoquel
2026-08-23 20:12:35,449 - scraper_base - INFO - ⚪ Petz: Nenhum produto encontrado para Apoquel
2026-08-23 20:12:38,069 - scraper_base - INFO - 📦 [18/20] Processando Zenrelia
2026-08-23 20:12:38,069 - scraper_base - INFO - 🔍 Petz: Buscando Zenrelia
2026-08-23 20:12:40,288 - scraper_petz - INFO - Petz: Nenhum product-card encontrado para Zenrelia
2026-08-23 20:12:40,288 - scraper_base - INFO - ⚪ Petz: Nenhum produto encontrado para Zenrelia
2026-08-23 20:12:42,023 - scraper_base - INFO - 📦 [19/20] Processando Synulox
2026-08-23 20:12:42,024 - scraper_base - INFO - 🔍 Petz: Buscando Synulox
2026-08-23 20:12:44,179 - scraper_petz - INFO - Petz: Nenhum product-card encontrado para Synulox
2026-08-23 20:12:44,180 - scraper_base - INFO - ⚪ Petz: Nenhum produto encontrado para Synulox
2026-08-23 20:12:46,074 - scraper_base - INFO - 📦 [20/20] Processando Baytril
2026-08-23 20:12:46,074 - scraper_base - INFO - 🔍 Petz: Buscando Baytril
2026-08-23 20:12:48,768 - scraper_petz - INFO - Petz: Nenhum product-card encontrado para Baytril
2026-08-23 20:12:48,769 - scraper_base - INFO - ⚪ Petz: Nenhum produto encontrado para Baytril
2026-08-23 20:12:51,315 - scraper_base - INFO - 📊 Petz - Estatísticas finais:
2026-08-23 20:12:51,315 - scraper_base - INFO -    • Medicamentos processados: 20
2026-08-23 20:12:51,315 - scraper_base - INFO -    • Produtos encontrados: 0
2026-08-23 20:12:51,315 - scraper_base - INFO -    • Medicamentos sem resultado: 20
2026-08-23 20:12:51,315 - scraper_base - INFO -    • Tempo total: 98.5s
2026-08-23 20:12:51,315 - scraper_base - INFO -    • Tempo médio por medicamento: 4.9s
2026-08-23 20:12:51,315 - gerenciador_principal - WARNING - Petz: Nenhum produto coletado
2026-08-23 20:12:51,315 - gerenciador_principal - INFO - Gerando relatório consolidado...
2026-08-23 20:12:51,456 - gerenciador_arquivos - INFO - Relatório consolidado salvo: dados_relatorios/relatorio_consolidado_20260823_201251.xlsx
2026-08-23 20:12:51,557 - gerenciador_conexoes - INFO - Chrome fechado
2026-08-23 20:12:51,557 - gerenciador_conexoes - INFO - Métodos utilizados - Requests: 66.7%, Selenium: 33.3%, Falhas: 0.0%
2026-08-23 20:12:51,557 - gerenciador_principal - INFO - ============================================================
2026-08-23 20:12:51,557 - gerenciador_principal - INFO - RELATORIO FINAL DE EXECUÇÃO
2026-08-23 20:12:51,557 - gerenciador_principal - INFO - ============================================================
2026-08-23 20:12:51,557 - gerenciador_principal - INFO - Sites processados: 3
2026-08-23 20:12:51,557 - gerenciador_principal - INFO - Sites com sucesso: 2
2026-08-23 20:12:51,557 - gerenciador_principal - INFO - Total de produtos coletados: 409
2026-08-23 20:12:51,557 - gerenciador_principal - WARNING - Sites com falhas: Petz
2026-08-23 20:12:51,557 - gerenciador_principal - INFO - Tempo total de execução: 288.1 segundos
2026-08-23 20:12:51,557 - gerenciador_principal - INFO - Estatísticas de conexão:
2026-08-23 20:12:51,557 - gerenciador_principal - INFO -   - Requests bem-sucedidos: 66.7%
2026-08-23 20:12:51,558 - gerenciador_principal - INFO -   - Selenium fallback: 33.3%
2026-08-23 20:12:51,558 - gerenciador_principal - INFO -   - Falhas totais: 0.0%
2026-08-23 20:12:51,562 - gerenciador_principal - INFO - Arquivos salvos na pasta: dados_coletados
2026-08-23 20:12:51,562 - gerenciador_principal - INFO - Total de arquivos: 947
2026-08-23 20:12:51,562 - gerenciador_principal - INFO - ============================================================
