2026-09-01 22:08:11,646 - configurador_logs - INFO - Sistema de logs configurado com sucesso
2026-09-01 22:08:11,646 - configurador_logs - INFO - 🚀 Logs configurados para MODO PRODUÇÃO
2026-09-01 22:08:11,646 - gerenciador_principal - INFO - Inicializando sistema - Modo: PRODUCAO
2026-09-01 22:08:11,646 - gerenciador_arquivos - INFO - Pasta dados_coletados preparada
2026-09-01 22:08:11,646 - gerenciador_principal - INFO - Sistema inicializado com 3 scrapers
2026-09-01 22:08:11,646 - gerenciador_principal - INFO - ============================================================
2026-09-01 22:08:11,646 - gerenciador_principal - INFO - INICIANDO SCRAPING COMPLETO - PRODUCAO
2026-09-01 22:08:11,646 - gerenciador_principal - INFO - ============================================================
2026-09-01 22:08:11,646 - gerenciador_principal - INFO - [1/3] Processando Cobasi
2026-09-01 22:08:11,647 - scraper_base - INFO - 🚀 Iniciando scraping completo - Cobasi
2026-09-01 22:08:12,049 - gerenciador_conexoes - INFO - Sessao estabelecida com cobasi.com.br
2026-09-01 22:08:12,049 - scraper_base - INFO - 📋 20 medicamentos para processar
2026-09-01 22:08:12,049 - scraper_base - INFO - 📦 [1/20] Processando Simparic
2026-09-01 22:08:12,049 - scraper_base - INFO - 🔍 Cobasi: Buscando Simparic
2026-09-01 22:08:16,343 - scraper_cobasi - INFO - Cobasi: Dados extraídos via JSON para Simparic
2026-09-01 22:08:16,343 - scraper_base - INFO - ✅ Cobasi: 24 produto(s) encontrado(s) para Simparic
2026-09-01 22:08:17,727 - scraper_base - INFO - 📦 [2/20] Processando Revolution
2026-09-01 22:08:17,727 - scraper_base - INFO - 🔍 Cobasi: Buscando Revolution
2026-09-01 22:08:21,384 - scraper_cobasi - INFO - Cobasi: Dados extraídos via JSON para Revolution
2026-09-01 22:08:21,384 - scraper_base - INFO - ✅ Cobasi: 18 produto(s) encontrado(s) para Revolution
2026-09-01 22:08:22,745 - scraper_base - INFO - 📦 [3/20] Processando NexGard
2026-09-01 22:08:22,745 - scraper_base - INFO - 🔍 Cobasi: Buscando NexGard
2026-09-01 22:08:29,880 - scraper_cobasi - INFO - Cobasi: Dados extraídos via JSON para NexGard
2026-09-01 22:08:29,881 - scraper_base - INFO - ✅ Cobasi: 22 produto(s) encontrado(s) para NexGard
2026-09-01 22:08:32,417 - scraper_base - INFO - 📦 [4/20] Processando NexGard Spectra
2026-09-01 22:08:32,417 - scraper_base - INFO - 🔍 Cobasi: Buscando NexGard Spectra
2026-09-01 22:08:37,135 - scraper_cobasi - INFO - Cobasi: Dados extraídos via JSON para NexGard Spectra
2026-09-01 22:08:37,135 - scraper_base - INFO - ✅ Cobasi: 10 produto(s) encontrado(s) para NexGard Spectra
2026-09-01 22:08:40,116 - scraper_base - INFO - 📦 [5/20] Processando NexGard Combo
2026-09-01 22:08:40,116 - scraper_base - INFO - 🔍 Cobasi: Buscando NexGard Combo
2026-09-01 22:08:44,362 - scraper_cobasi - INFO - Cobasi: Dados extraídos via JSON para NexGard Combo
2026-09-01 22:08:44,362 - scraper_base - INFO - ✅ Cobasi: 4 produto(s) encontrado(s) para NexGard Combo
2026-09-01 22:08:45,366 - scraper_base - INFO - 📦 [6/20] Processando Bravecto
2026-09-01 22:08:45,366 - scraper_base - INFO - 🔍 Cobasi: Buscando Bravecto
2026-09-01 22:08:49,314 - scraper_cobasi - INFO - Cobasi: Dados extraídos via JSON para Bravecto
2026-09-01 22:08:49,314 - scraper_base - INFO - ✅ Cobasi: 16 produto(s) encontrado(s) para Bravecto
2026-09-01 22:08:50,478 - scraper_base - INFO - 📦 [7/20] Processando Frontline
2026-09-01 22:08:50,478 - scraper_base - INFO - 🔍 Cobasi: Buscando Frontline
2026-09-01 22:08:55,663 - scraper_cobasi - INFO - Cobasi: Dados extraídos via JSON para Frontline
2026-09-01 22:08:55,663 - scraper_base - INFO - ✅ Cobasi: 11 produto(s) encontrado(s) para Frontline
2026-09-01 22:08:56,838 - scraper_base - INFO - 📦 [8/20] Processando Advocate
2026-09-01 22:08:56,838 - scraper_base - INFO - 🔍 Cobasi: Buscando Advocate
2026-09-01 22:09:02,775 - scraper_cobasi - INFO - Cobasi: Dados extraídos via JSON para Advocate
2026-09-01 22:09:02,776 - scraper_base - INFO - ✅ Cobasi: 12 produto(s) encontrado(s) para Advocate
2026-09-01 22:09:04,382 - scraper_base - INFO - 📦 [9/20] Processando Drontal
2026-09-01 22:09:04,382 - scraper_base - INFO - 🔍 Cobasi: Buscando Drontal
2026-09-01 22:09:07,659 - scraper_cobasi - INFO - Cobasi: Dados extraídos via JSON para Drontal
2026-09-01 22:09:07,660 - scraper_base - INFO - ✅ Cobasi: 8 produto(s) encontrado(s) para Drontal
2026-09-01 22:09:10,223 - scraper_base - INFO - 📦 [10/20] Processando Milbemax
2026-09-01 22:09:10,224 - scraper_base - INFO - 🔍 Cobasi: Buscando Milbemax
2026-09-01 22:09:13,938 - scraper_cobasi - INFO - Cobasi: Dados extraídos via JSON para Milbemax
2026-09-01 22:09:13,938 - scraper_base - INFO - ✅ Cobasi: 4 produto(s) encontrado(s) para Milbemax
2026-09-01 22:09:15,886 - scraper_base - INFO - 📦 [11/20] Processando Vermivet
2026-09-01 22:09:15,886 - scraper_base - INFO - 🔍 Cobasi: Buscando Vermivet
2026-09-01 22:09:20,329 - scraper_cobasi - INFO - Cobasi: Dados extraídos via JSON para Vermivet
2026-09-01 22:09:20,329 - scraper_base - INFO - ✅ Cobasi: 5 produto(s) encontrado(s) para Vermivet
2026-09-01 22:09:22,008 - scraper_base - INFO - 📦 [12/20] Processando Rimadyl
2026-09-01 22:09:22,008 - scraper_base - INFO - 🔍 Cobasi: Buscando Rimadyl
2026-09-01 22:09:25,223 - scraper_cobasi - INFO - Cobasi: Dados extraídos via JSON para Rimadyl
2026-09-01 22:09:25,223 - scraper_base - INFO - ✅ Cobasi: 3 produto(s) encontrado(s) para Rimadyl
2026-09-01 22:09:27,476 - scraper_base - INFO - 📦 [13/20] Processando Onsior
2026-09-01 22:09:27,476 - scraper_base - INFO - 🔍 Cobasi: Buscando Onsior
2026-09-01 22:09:30,967 - scraper_cobasi - INFO - Cobasi: Dados extraídos via JSON para Onsior
2026-09-01 22:09:30,967 - scraper_base - INFO - ✅ Cobasi: 4 produto(s) encontrado(s) para Onsior
2026-09-01 22:09:33,880 - scraper_base - INFO - 📦 [14/20] Processando Maxicam
2026-09-01 22:09:33,880 - scraper_base - INFO - 🔍 Cobasi: Buscando Maxicam
2026-09-01 22:09:37,580 - scraper_cobasi - INFO - Cobasi: Dados extraídos via JSON para Maxicam
2026-09-01 22:09:37,580 - scraper_base - INFO - ✅ Cobasi: 3 produto(s) encontrado(s) para Maxicam
2026-09-01 22:09:40,315 - scraper_base - INFO - 📦 [15/20] Processando Carproflan
2026-09-01 22:09:40,316 - scraper_base - INFO - 🔍 Cobasi: Buscando Carproflan
2026-09-01 22:09:44,329 - scraper_cobasi - INFO - Cobasi: Dados extraídos via JSON para Carproflan
2026-09-01 22:09:44,329 - scraper_base - INFO - ✅ Cobasi: 3 produto(s) encontrado(s) para Carproflan
2026-09-01 22:09:46,097 - scraper_base - INFO - 📦 [16/20] Processando Previcox
2026-09-01 22:09:46,097 - scraper_base - INFO - 🔍 Cobasi: Buscando Previcox
2026-09-01 22:09:50,385 - scraper_cobasi - INFO - Cobasi: Dados extraídos via JSON para Previcox
2026-09-01 22:09:50,385 - scraper_base - INFO - ✅ Cobasi: 2 produto(s) encontrado(s) para Previcox
2026-09-01 22:09:52,660 - scraper_base - INFO - 📦 [17/20] Processando Apoquel
2026-09-01 22:09:52,661 - scraper_base - INFO - 🔍 Cobasi: Buscando Apoquel
2026-09-01 22:09:58,991 - scraper_cobasi - INFO - Cobasi: Dados extraídos via JSON para Apoquel
2026-09-01 22:09:58,991 - scraper_base - INFO - ✅ Cobasi: 3 produto(s) encontrado(s) para Apoquel
2026-09-01 22:10:01,514 - scraper_base - INFO - 📦 [18/20] Processando Zenrelia
2026-09-01 22:10:01,515 - scraper_base - INFO - 🔍 Cobasi: Buscando Zenrelia
2026-09-01 22:10:04,301 - scraper_cobasi - INFO - Cobasi: Dados extraídos via JSON para Zenrelia
2026-09-01 22:10:04,302 - scraper_base - INFO - ✅ Cobasi: 4 produto(s) encontrado(s) para Zenrelia
2026-09-01 22:10:05,647 - scraper_base - INFO - 📦 [19/20] Processando Synulox
2026-09-01 22:10:05,647 - scraper_base - INFO - 🔍 Cobasi: Buscando Synulox
2026-09-01 22:10:09,146 - scraper_cobasi - INFO - Cobasi: Dados extraídos via JSON para Synulox
2026-09-01 22:10:09,146 - scraper_base - INFO - ✅ Cobasi: 2 produto(s) encontrado(s) para Synulox
2026-09-01 22:10:11,610 - scraper_base - INFO - 📦 [20/20] Processando Baytril
2026-09-01 22:10:11,610 - scraper_base - INFO - 🔍 Cobasi: Buscando Baytril
2026-09-01 22:10:15,601 - scraper_cobasi - INFO - Cobasi: Dados extraídos via JSON para Baytril
2026-09-01 22:10:15,601 - scraper_base - INFO - ✅ Cobasi: 2 produto(s) encontrado(s) para Baytril
2026-09-01 22:10:17,378 - scraper_base - INFO - 📊 Cobasi - Estatísticas finais:
2026-09-01 22:10:17,378 - scraper_base - INFO -    • Medicamentos processados: 20
2026-09-01 22:10:17,378 - scraper_base - INFO -    • Produtos encontrados: 160
2026-09-01 22:10:17,378 - scraper_base - INFO -    • Medicamentos sem resultado: 0
2026-09-01 22:10:17,378 - scraper_base - INFO -    • Tempo total: 125.7s
2026-09-01 22:10:17,378 - scraper_base - INFO -    • Tempo médio por medicamento: 6.3s
2026-09-01 22:10:17,573 - gerenciador_arquivos - INFO - Excel salvo: dados_coletados/cobasi_20260901_221017.xlsx (160 produtos)
2026-09-01 22:10:17,573 - gerenciador_principal - INFO - Cobasi: Arquivo individual salvo com sucesso
2026-09-01 22:10:17,573 - gerenciador_principal - INFO - Pausando entre sites...
2026-09-01 22:10:19,573 - gerenciador_principal - INFO - [2/3] Processando Petlove
2026-09-01 22:10:19,573 - scraper_base - INFO - 🚀 Iniciando scraping completo - Petlove
2026-09-01 22:10:19,984 - gerenciador_conexoes - INFO - Sessao estabelecida com petlove.com.br
2026-09-01 22:10:19,984 - scraper_base - INFO - 📋 20 medicamentos para processar
2026-09-01 22:10:19,985 - scraper_base - INFO - 📦 [1/20] Processando Simparic
2026-09-01 22:10:19,985 - scraper_base - INFO - 🔍 Petlove: Buscando Simparic
2026-09-01 22:10:20,768 - scraper_base - INFO - ✅ Petlove: 36 produto(s) encontrado(s) para Simparic
2026-09-01 22:10:22,895 - scraper_base - INFO - 📦 [2/20] Processando Revolution
2026-09-01 22:10:22,895 - scraper_base - INFO - 🔍 Petlove: Buscando Revolution
2026-09-01 22:10:23,830 - scraper_base - INFO - ✅ Petlove: 19 produto(s) encontrado(s) para Revolution
2026-09-01 22:10:26,800 - scraper_base - INFO - 📦 [3/20] Processando NexGard
2026-09-01 22:10:26,800 - scraper_base - INFO - 🔍 Petlove: Buscando NexGard
2026-09-01 22:10:27,563 - scraper_base - INFO - ✅ Petlove: 11 produto(s) encontrado(s) para NexGard
2026-09-01 22:10:29,972 - scraper_base - INFO - 📦 [4/20] Processando NexGard Spectra
2026-09-01 22:10:29,972 - scraper_base - INFO - 🔍 Petlove: Buscando NexGard Spectra
2026-09-01 22:10:30,817 - scraper_base - INFO - ✅ Petlove: 5 produto(s) encontrado(s) para NexGard Spectra
2026-09-01 22:10:33,630 - scraper_base - INFO - 📦 [5/20] Processando NexGard Combo
2026-09-01 22:10:33,630 - scraper_base - INFO - 🔍 Petlove: Buscando NexGard Combo
2026-09-01 22:10:34,284 - scraper_base - INFO - ✅ Petlove: 2 produto(s) encontrado(s) para NexGard Combo
2026-09-01 22:10:36,564 - scraper_base - INFO - 📦 [6/20] Processando Bravecto
2026-09-01 22:10:36,564 - scraper_base - INFO - 🔍 Petlove: Buscando Bravecto
2026-09-01 22:10:38,305 - scraper_base - INFO - ✅ Petlove: 23 produto(s) encontrado(s) para Bravecto
2026-09-01 22:10:40,785 - scraper_base - INFO - 📦 [7/20] Processando Frontline
2026-09-01 22:10:40,785 - scraper_base - INFO - 🔍 Petlove: Buscando Frontline
2026-09-01 22:10:41,577 - scraper_base - INFO - ✅ Petlove: 11 produto(s) encontrado(s) para Frontline
2026-09-01 22:10:43,632 - scraper_base - INFO - 📦 [8/20] Processando Advocate
2026-09-01 22:10:43,632 - scraper_base - INFO - 🔍 Petlove: Buscando Advocate
2026-09-01 22:10:44,349 - scraper_base - INFO - ✅ Petlove: 9 produto(s) encontrado(s) para Advocate
2026-09-01 22:10:46,316 - scraper_base - INFO - 📦 [9/20] Processando Drontal
2026-09-01 22:10:46,316 - scraper_base - INFO - 🔍 Petlove: Buscando Drontal
2026-09-01 22:10:47,120 - scraper_base - INFO - ✅ Petlove: 36 produto(s) encontrado(s) para Drontal
2026-09-01 22:10:48,727 - scraper_base - INFO - 📦 [10/20] Processando Milbemax
2026-09-01 22:10:48,727 - scraper_base - INFO - 🔍 Petlove: Buscando Milbemax
2026-09-01 22:10:49,515 - scraper_base - INFO - ✅ Petlove: 14 produto(s) encontrado(s) para Milbemax
2026-09-01 22:10:51,310 - scraper_base - INFO - 📦 [11/20] Processando Vermivet
2026-09-01 22:10:51,310 - scraper_base - INFO - 🔍 Petlove: Buscando Vermivet
2026-09-01 22:10:52,186 - scraper_base - INFO - ✅ Petlove: 36 produto(s) encontrado(s) para Vermivet
2026-09-01 22:10:53,413 - scraper_base - INFO - 📦 [12/20] Processando Rimadyl
2026-09-01 22:10:53,413 - scraper_base - INFO - 🔍 Petlove: Buscando Rimadyl
2026-09-01 22:10:55,011 - scraper_base - INFO - ✅ Petlove: 1 produto(s) encontrado(s) para Rimadyl
2026-09-01 22:10:57,810 - scraper_base - INFO - 📦 [13/20] Processando Onsior
2026-09-01 22:10:57,810 - scraper_base - INFO - 🔍 Petlove: Buscando Onsior
2026-09-01 22:10:58,538 - scraper_base - INFO - ✅ Petlove: 4 produto(s) encontrado(s) para Onsior
2026-09-01 22:11:01,367 - scraper_base - INFO - 📦 [14/20] Processando Maxicam
2026-09-01 22:11:01,367 - scraper_base - INFO - 🔍 Petlove: Buscando Maxicam
2026-09-01 22:11:02,027 - scraper_base - INFO - ✅ Petlove: 3 produto(s) encontrado(s) para Maxicam
2026-09-01 22:11:04,496 - scraper_base - INFO - 📦 [15/20] Processando Carproflan
2026-09-01 22:11:04,496 - scraper_base - INFO - 🔍 Petlove: Buscando Carproflan
2026-09-01 22:11:05,104 - scraper_base - INFO - ✅ Petlove: 7 produto(s) encontrado(s) para Carproflan
2026-09-01 22:11:07,881 - scraper_base - INFO - 📦 [16/20] Processando Previcox
2026-09-01 22:11:07,881 - scraper_base - INFO - 🔍 Petlove: Buscando Previcox
2026-09-01 22:11:09,124 - scraper_base - INFO - ✅ Petlove: 4 produto(s) encontrado(s) para Previcox
2026-09-01 22:11:11,082 - scraper_base - INFO - 📦 [17/20] Processando Apoquel
2026-09-01 22:11:11,082 - scraper_base - INFO - 🔍 Petlove: Buscando Apoquel
2026-09-01 22:11:11,909 - scraper_base - INFO - ✅ Petlove: 16 produto(s) encontrado(s) para Apoquel
2026-09-01 22:11:13,895 - scraper_base - INFO - 📦 [18/20] Processando Zenrelia
2026-09-01 22:11:13,895 - scraper_base - INFO - 🔍 Petlove: Buscando Zenrelia
2026-09-01 22:11:14,503 - scraper_base - INFO - ✅ Petlove: 4 produto(s) encontrado(s) para Zenrelia
2026-09-01 22:11:16,908 - scraper_base - INFO - 📦 [19/20] Processando Synulox
2026-09-01 22:11:16,908 - scraper_base - INFO - 🔍 Petlove: Buscando Synulox
2026-09-01 22:11:17,631 - scraper_base - INFO - ✅ Petlove: 1 produto(s) encontrado(s) para Synulox
2026-09-01 22:11:19,880 - scraper_base - INFO - 📦 [20/20] Processando Baytril
2026-09-01 22:11:19,880 - scraper_base - INFO - 🔍 Petlove: Buscando Baytril
2026-09-01 22:11:20,553 - scraper_base - INFO - ✅ Petlove: 6 produto(s) encontrado(s) para Baytril
2026-09-01 22:11:22,106 - scraper_base - INFO - 📊 Petlove - Estatísticas finais:
2026-09-01 22:11:22,106 - scraper_base - INFO -    • Medicamentos processados: 20
2026-09-01 22:11:22,106 - scraper_base - INFO -    • Produtos encontrados: 248
2026-09-01 22:11:22,106 - scraper_base - INFO -    • Medicamentos sem resultado: 0
2026-09-01 22:11:22,106 - scraper_base - INFO -    • Tempo total: 62.5s
2026-09-01 22:11:22,106 - scraper_base - INFO -    • Tempo médio por medicamento: 3.1s
2026-09-01 22:11:22,152 - gerenciador_arquivos - INFO - Excel salvo: dados_coletados/petlove_20260901_221122.xlsx (248 produtos)
2026-09-01 22:11:22,152 - gerenciador_principal - INFO - Petlove: Arquivo individual salvo com sucesso
2026-09-01 22:11:22,152 - gerenciador_principal - INFO - Pausando entre sites...
2026-09-01 22:11:24,153 - gerenciador_principal - INFO - [3/3] Processando Petz
2026-09-01 22:11:24,153 - scraper_base - INFO - 🚀 Iniciando scraping completo - Petz
2026-09-01 22:11:24,384 - scraper_base - INFO - 📋 20 medicamentos para processar
2026-09-01 22:11:24,384 - scraper_base - INFO - 📦 [1/20] Processando Simparic
2026-09-01 22:11:24,384 - scraper_base - INFO - 🔍 Petz: Buscando Simparic
2026-09-01 22:11:34,030 - gerenciador_conexoes - INFO - Chrome inicializado com otimizacoes de velocidade
2026-09-01 22:11:38,857 - scraper_petz - INFO - Petz: Nenhum product-card encontrado para Simparic
2026-09-01 22:11:38,857 - scraper_base - INFO - ⚪ Petz: Nenhum produto encontrado para Simparic
2026-09-01 22:11:41,166 - scraper_base - INFO - 📦 [2/20] Processando Revolution
2026-09-01 22:11:41,167 - scraper_base - INFO - 🔍 Petz: Buscando Revolution
2026-09-01 22:11:44,498 - scraper_petz - INFO - Petz: Nenhum product-card encontrado para Revolution
2026-09-01 22:11:44,499 - scraper_base - INFO - ⚪ Petz: Nenhum produto encontrado para Revolution
2026-09-01 22:11:46,624 - scraper_base - INFO - 📦 [3/20] Processando NexGard
2026-09-01 22:11:46,624 - scraper_base - INFO - 🔍 Petz: Buscando NexGard
2026-09-01 22:11:49,251 - scraper_petz - INFO - Petz: Nenhum product-card encontrado para NexGard
2026-09-01 22:11:49,251 - scraper_base - INFO - ⚪ Petz: Nenhum produto encontrado para NexGard
2026-09-01 22:11:51,137 - scraper_base - INFO - 📦 [4/20] Processando NexGard Spectra
2026-09-01 22:11:51,137 - scraper_base - INFO - 🔍 Petz: Buscando NexGard Spectra
2026-09-01 22:11:53,105 - scraper_petz - INFO - Petz: Nenhum product-card encontrado para NexGard Spectra
2026-09-01 22:11:53,105 - scraper_base - INFO - ⚪ Petz: Nenhum produto encontrado para NexGard Spectra
2026-09-01 22:11:54,947 - scraper_base - INFO - 📦 [5/20] Processando NexGard Combo
2026-09-01 22:11:54,947 - scraper_base - INFO - 🔍 Petz: Buscando NexGard Combo
2026-09-01 22:11:56,946 - scraper_petz - INFO - Petz: Nenhum product-card encontrado para NexGard Combo
2026-09-01 22:11:56,947 - scraper_base - INFO - ⚪ Petz: Nenhum produto encontrado para NexGard Combo
2026-09-01 22:11:59,398 - scraper_base - INFO - 📦 [6/20] Processando Bravecto
2026-09-01 22:11:59,398 - scraper_base - INFO - 🔍 Petz: Buscando Bravecto
2026-09-01 22:12:01,789 - scraper_petz - INFO - Petz: Nenhum product-card encontrado para Bravecto
2026-09-01 22:12:01,789 - scraper_base - INFO - ⚪ Petz: Nenhum produto encontrado para Bravecto
2026-09-01 22:12:03,608 - scraper_base - INFO - 📦 [7/20] Processando Frontline
2026-09-01 22:12:03,608 - scraper_base - INFO - 🔍 Petz: Buscando Frontline
2026-09-01 22:12:05,736 - scraper_petz - INFO - Petz: Nenhum product-card encontrado para Frontline
2026-09-01 22:12:05,736 - scraper_base - INFO - ⚪ Petz: Nenhum produto encontrado para Frontline
2026-09-01 22:12:07,751 - scraper_base - INFO - 📦 [8/20] Processando Advocate
2026-09-01 22:12:07,751 - scraper_base - INFO - 🔍 Petz: Buscando Advocate
2026-09-01 22:12:10,239 - scraper_petz - INFO - Petz: Nenhum product-card encontrado para Advocate
2026-09-01 22:12:10,240 - scraper_base - INFO - ⚪ Petz: Nenhum produto encontrado para Advocate
2026-09-01 22:12:12,141 - scraper_base - INFO - 📦 [9/20] Processando Drontal
2026-09-01 22:12:12,141 - scraper_base - INFO - 🔍 Petz: Buscando Drontal
2026-09-01 22:12:15,013 - scraper_petz - INFO - Petz: Nenhum product-card encontrado para Drontal
2026-09-01 22:12:15,013 - scraper_base - INFO - ⚪ Petz: Nenhum produto encontrado para Drontal
2026-09-01 22:12:17,797 - scraper_base - INFO - 📦 [10/20] Processando Milbemax
2026-09-01 22:12:17,797 - scraper_base - INFO - 🔍 Petz: Buscando Milbemax
2026-09-01 22:12:19,657 - scraper_petz - INFO - Petz: Nenhum product-card encontrado para Milbemax
2026-09-01 22:12:19,657 - scraper_base - INFO - ⚪ Petz: Nenhum produto encontrado para Milbemax
2026-09-01 22:12:20,701 - scraper_base - INFO - 📦 [11/20] Processando Vermivet
2026-09-01 22:12:20,701 - scraper_base - INFO - 🔍 Petz: Buscando Vermivet
2026-09-01 22:12:22,635 - scraper_petz - INFO - Petz: Nenhum product-card encontrado para Vermivet
2026-09-01 22:12:22,635 - scraper_base - INFO - ⚪ Petz: Nenhum produto encontrado para Vermivet
2026-09-01 22:12:24,058 - scraper_base - INFO - 📦 [12/20] Processando Rimadyl
2026-09-01 22:12:24,058 - scraper_base - INFO - 🔍 Petz: Buscando Rimadyl
2026-09-01 22:12:25,827 - scraper_petz - INFO - Petz: Nenhum product-card encontrado para Rimadyl
2026-09-01 22:12:25,827 - scraper_base - INFO - ⚪ Petz: Nenhum produto encontrado para Rimadyl
2026-09-01 22:12:27,460 - scraper_base - INFO - 📦 [13/20] Processando Onsior
2026-09-01 22:12:27,460 - scraper_base - INFO - 🔍 Petz: Buscando Onsior
2026-09-01 22:12:29,948 - scraper_petz - INFO - Petz: Nenhum product-card encontrado para Onsior
2026-09-01 22:12:29,948 - scraper_base - INFO - ⚪ Petz: Nenhum produto encontrado para Onsior
2026-09-01 22:12:32,003 - scraper_base - INFO - 📦 [14/20] Processando Maxicam
2026-09-01 22:12:32,004 - scraper_base - INFO - 🔍 Petz: Buscando Maxicam
2026-09-01 22:12:34,679 - scraper_petz - INFO - Petz: Nenhum product-card encontrado para Maxicam
2026-09-01 22:12:34,680 - scraper_base - INFO - ⚪ Petz: Nenhum produto encontrado para Maxicam
2026-09-01 22:12:37,523 - scraper_base - INFO - 📦 [15/20] Processando Carproflan
2026-09-01 22:12:37,523 - scraper_base - INFO - 🔍 Petz: Buscando Carproflan
2026-09-01 22:12:39,841 - scraper_petz - INFO - Petz: Nenhum product-card encontrado para Carproflan
2026-09-01 22:12:39,841 - scraper_base - INFO - ⚪ Petz: Nenhum produto encontrado para Carproflan
2026-09-01 22:12:41,226 - scraper_base - INFO - 📦 [16/20] Processando Previcox
2026-09-01 22:12:41,226 - scraper_base - INFO - 🔍 Petz: Buscando Previcox
2026-09-01 22:12:43,022 - scraper_petz - INFO - Petz: Nenhum product-card encontrado para Previcox
2026-09-01 22:12:43,022 - scraper_base - INFO - ⚪ Petz: Nenhum produto encontrado para Previcox
2026-09-01 22:12:44,836 - scraper_base - INFO - 📦 [17/20] Processando Apoquel
2026-09-01 22:12:44,836 - scraper_base - INFO - 🔍 Petz: Buscando Apoquel
2026-09-01 22:12:46,905 - scraper_petz - INFO - Petz: Nenhum product-card encontrado para Apoquel
2026-09-01 22:12:46,905 - scraper_base - INFO - ⚪ Petz: Nenhum produto encontrado para Apoquel
2026-09-01 22:12:47,990 - scraper_base - INFO - 📦 [18/20] Processando Zenrelia
2026-09-01 22:12:47,990 - scraper_base - INFO - 🔍 Petz: Buscando Zenrelia
2026-09-01 22:12:50,238 - scraper_petz - INFO - Petz: Nenhum product-card encontrado para Zenrelia
2026-09-01 22:12:50,238 - scraper_base - INFO - ⚪ Petz: Nenhum produto encontrado para Zenrelia
2026-09-01 22:12:51,747 - scraper_base - INFO - 📦 [19/20] Processando Synulox
2026-09-01 22:12:51,748 - scraper_base - INFO - 🔍 Petz: Buscando Synulox
2026-09-01 22:12:53,580 - scraper_petz - INFO - Petz: Nenhum product-card encontrado para Synulox
2026-09-01 22:12:53,580 - scraper_base - INFO - ⚪ Petz: Nenhum produto encontrado para Synulox
2026-09-01 22:12:56,276 - scraper_base - INFO - 📦 [20/20] Processando Baytril
2026-09-01 22:12:56,276 - scraper_base - INFO - 🔍 Petz: Buscando Baytril
2026-09-01 22:12:58,661 - scraper_petz - INFO - Petz: Nenhum product-card encontrado para Baytril
2026-09-01 22:12:58,661 - scraper_base - INFO - ⚪ Petz: Nenhum produto encontrado para Baytril
2026-09-01 22:13:00,916 - scraper_base - INFO - 📊 Petz - Estatísticas finais:
2026-09-01 22:13:00,916 - scraper_base - INFO -    • Medicamentos processados: 20
2026-09-01 22:13:00,916 - scraper_base - INFO -    • Produtos encontrados: 0
2026-09-01 22:13:00,916 - scraper_base - INFO -    • Medicamentos sem resultado: 20
2026-09-01 22:13:00,916 - scraper_base - INFO -    • Tempo total: 96.8s
2026-09-01 22:13:00,916 - scraper_base - INFO -    • Tempo médio por medicamento: 4.8s
2026-09-01 22:13:00,916 - gerenciador_principal - WARNING - Petz: Nenhum produto coletado
2026-09-01 22:13:00,917 - gerenciador_principal - INFO - Gerando relatório consolidado...
2026-09-01 22:13:01,064 - gerenciador_arquivos - INFO - Relatório consolidado salvo: dados_relatorios/relatorio_consolidado_20260901_221300.xlsx
2026-09-01 22:13:01,171 - gerenciador_conexoes - INFO - Chrome fechado
2026-09-01 22:13:01,171 - gerenciador_conexoes - INFO - Métodos utilizados - Requests: 66.7%, Selenium: 33.3%, Falhas: 0.0%
2026-09-01 22:13:01,171 - gerenciador_principal - INFO - ============================================================
2026-09-01 22:13:01,171 - gerenciador_principal - INFO - RELATORIO FINAL DE EXECUÇÃO
2026-09-01 22:13:01,171 - gerenciador_principal - INFO - ============================================================
2026-09-01 22:13:01,171 - gerenciador_principal - INFO - Sites processados: 3
2026-09-01 22:13:01,171 - gerenciador_principal - INFO - Sites com sucesso: 2
2026-09-01 22:13:01,171 - gerenciador_principal - INFO - Total de produtos coletados: 408
2026-09-01 22:13:01,171 - gerenciador_principal - WARNING - Sites com falhas: Petz
2026-09-01 22:13:01,171 - gerenciador_principal - INFO - Tempo total de execução: 289.3 segundos
2026-09-01 22:13:01,172 - gerenciador_principal - INFO - Estatísticas de conexão:
2026-09-01 22:13:01,172 - gerenciador_principal - INFO -   - Requests bem-sucedidos: 66.7%
2026-09-01 22:13:01,172 - gerenciador_principal - INFO -   - Selenium fallback: 33.3%
2026-09-01 22:13:01,172 - gerenciador_principal - INFO -   - Falhas totais: 0.0%
2026-09-01 22:13:01,176 - gerenciador_principal - INFO - Arquivos salvos na pasta: dados_coletados
2026-09-01 22:13:01,176 - gerenciador_principal - INFO - Total de arquivos: 965
2026-09-01 22:13:01,176 - gerenciador_principal - INFO - ============================================================
