2026-01-03 20:10:23,111 - configurador_logs - INFO - Sistema de logs configurado com sucesso
2026-01-03 20:10:23,111 - configurador_logs - INFO - 🚀 Logs configurados para MODO PRODUÇÃO
2026-01-03 20:10:23,111 - gerenciador_principal - INFO - Inicializando sistema - Modo: PRODUCAO
2026-01-03 20:10:23,112 - gerenciador_arquivos - INFO - Pasta dados_coletados preparada
2026-01-03 20:10:23,112 - gerenciador_principal - INFO - Sistema inicializado com 3 scrapers
2026-01-03 20:10:23,112 - gerenciador_principal - INFO - ============================================================
2026-01-03 20:10:23,112 - gerenciador_principal - INFO - INICIANDO SCRAPING COMPLETO - PRODUCAO
2026-01-03 20:10:23,112 - gerenciador_principal - INFO - ============================================================
2026-01-03 20:10:23,112 - gerenciador_principal - INFO - [1/3] Processando Cobasi
2026-01-03 20:10:23,112 - scraper_base - INFO - 🚀 Iniciando scraping completo - Cobasi
2026-01-03 20:10:23,512 - gerenciador_conexoes - INFO - Sessao estabelecida com cobasi.com.br
2026-01-03 20:10:23,512 - scraper_base - INFO - 📋 20 medicamentos para processar
2026-01-03 20:10:23,513 - scraper_base - INFO - 📦 [1/20] Processando Simparic
2026-01-03 20:10:23,513 - scraper_base - INFO - 🔍 Cobasi: Buscando Simparic
2026-01-03 20:10:24,146 - scraper_cobasi - INFO - Cobasi: Dados extraídos via JSON para Simparic
2026-01-03 20:10:24,146 - scraper_base - INFO - ✅ Cobasi: 12 produto(s) encontrado(s) para Simparic
2026-01-03 20:10:26,766 - scraper_base - INFO - 📦 [2/20] Processando Revolution
2026-01-03 20:10:26,766 - scraper_base - INFO - 🔍 Cobasi: Buscando Revolution
2026-01-03 20:10:29,699 - scraper_cobasi - INFO - Cobasi: Dados extraídos via JSON para Revolution
2026-01-03 20:10:29,699 - scraper_base - INFO - ✅ Cobasi: 18 produto(s) encontrado(s) para Revolution
2026-01-03 20:10:30,762 - scraper_base - INFO - 📦 [3/20] Processando NexGard
2026-01-03 20:10:30,763 - scraper_base - INFO - 🔍 Cobasi: Buscando NexGard
2026-01-03 20:10:33,206 - scraper_cobasi - INFO - Cobasi: Dados extraídos via JSON para NexGard
2026-01-03 20:10:33,206 - scraper_base - INFO - ✅ Cobasi: 22 produto(s) encontrado(s) para NexGard
2026-01-03 20:10:34,688 - scraper_base - INFO - 📦 [4/20] Processando NexGard Spectra
2026-01-03 20:10:34,689 - scraper_base - INFO - 🔍 Cobasi: Buscando NexGard Spectra
2026-01-03 20:10:36,619 - scraper_cobasi - INFO - Cobasi: Dados extraídos via JSON para NexGard Spectra
2026-01-03 20:10:36,619 - scraper_base - INFO - ✅ Cobasi: 10 produto(s) encontrado(s) para NexGard Spectra
2026-01-03 20:10:38,903 - scraper_base - INFO - 📦 [5/20] Processando NexGard Combo
2026-01-03 20:10:38,904 - scraper_base - INFO - 🔍 Cobasi: Buscando NexGard Combo
2026-01-03 20:10:40,944 - scraper_cobasi - INFO - Cobasi: Dados extraídos via JSON para NexGard Combo
2026-01-03 20:10:40,944 - scraper_base - INFO - ✅ Cobasi: 4 produto(s) encontrado(s) para NexGard Combo
2026-01-03 20:10:42,873 - scraper_base - INFO - 📦 [6/20] Processando Bravecto
2026-01-03 20:10:42,873 - scraper_base - INFO - 🔍 Cobasi: Buscando Bravecto
2026-01-03 20:10:45,786 - scraper_cobasi - INFO - Cobasi: Dados extraídos via JSON para Bravecto
2026-01-03 20:10:45,786 - scraper_base - INFO - ✅ Cobasi: 16 produto(s) encontrado(s) para Bravecto
2026-01-03 20:10:46,950 - scraper_base - INFO - 📦 [7/20] Processando Frontline
2026-01-03 20:10:46,950 - scraper_base - INFO - 🔍 Cobasi: Buscando Frontline
2026-01-03 20:10:49,518 - scraper_cobasi - INFO - Cobasi: Dados extraídos via JSON para Frontline
2026-01-03 20:10:49,518 - scraper_base - INFO - ✅ Cobasi: 10 produto(s) encontrado(s) para Frontline
2026-01-03 20:10:51,208 - scraper_base - INFO - 📦 [8/20] Processando Advocate
2026-01-03 20:10:51,208 - scraper_base - INFO - 🔍 Cobasi: Buscando Advocate
2026-01-03 20:10:53,194 - scraper_cobasi - INFO - Cobasi: Dados extraídos via JSON para Advocate
2026-01-03 20:10:53,194 - scraper_base - INFO - ✅ Cobasi: 12 produto(s) encontrado(s) para Advocate
2026-01-03 20:10:54,441 - scraper_base - INFO - 📦 [9/20] Processando Drontal
2026-01-03 20:10:54,441 - scraper_base - INFO - 🔍 Cobasi: Buscando Drontal
2026-01-03 20:10:56,562 - scraper_cobasi - INFO - Cobasi: Dados extraídos via JSON para Drontal
2026-01-03 20:10:56,562 - scraper_base - INFO - ✅ Cobasi: 8 produto(s) encontrado(s) para Drontal
2026-01-03 20:10:57,890 - scraper_base - INFO - 📦 [10/20] Processando Milbemax
2026-01-03 20:10:57,891 - scraper_base - INFO - 🔍 Cobasi: Buscando Milbemax
2026-01-03 20:11:00,493 - scraper_cobasi - INFO - Cobasi: Dados extraídos via JSON para Milbemax
2026-01-03 20:11:00,493 - scraper_base - INFO - ✅ Cobasi: 4 produto(s) encontrado(s) para Milbemax
2026-01-03 20:11:02,667 - scraper_base - INFO - 📦 [11/20] Processando Vermivet
2026-01-03 20:11:02,667 - scraper_base - INFO - 🔍 Cobasi: Buscando Vermivet
2026-01-03 20:11:04,611 - scraper_cobasi - INFO - Cobasi: Dados extraídos via JSON para Vermivet
2026-01-03 20:11:04,611 - scraper_base - INFO - ✅ Cobasi: 5 produto(s) encontrado(s) para Vermivet
2026-01-03 20:11:07,121 - scraper_base - INFO - 📦 [12/20] Processando Rimadyl
2026-01-03 20:11:07,121 - scraper_base - INFO - 🔍 Cobasi: Buscando Rimadyl
2026-01-03 20:11:08,794 - scraper_cobasi - INFO - Cobasi: Dados extraídos via JSON para Rimadyl
2026-01-03 20:11:08,794 - scraper_base - INFO - ✅ Cobasi: 3 produto(s) encontrado(s) para Rimadyl
2026-01-03 20:11:10,844 - scraper_base - INFO - 📦 [13/20] Processando Onsior
2026-01-03 20:11:10,844 - scraper_base - INFO - 🔍 Cobasi: Buscando Onsior
2026-01-03 20:11:12,762 - scraper_cobasi - INFO - Cobasi: Dados extraídos via JSON para Onsior
2026-01-03 20:11:12,762 - scraper_base - INFO - ✅ Cobasi: 4 produto(s) encontrado(s) para Onsior
2026-01-03 20:11:15,427 - scraper_base - INFO - 📦 [14/20] Processando Maxicam
2026-01-03 20:11:15,427 - scraper_base - INFO - 🔍 Cobasi: Buscando Maxicam
2026-01-03 20:11:18,546 - scraper_cobasi - INFO - Cobasi: Dados extraídos via JSON para Maxicam
2026-01-03 20:11:18,546 - scraper_base - INFO - ✅ Cobasi: 21 produto(s) encontrado(s) para Maxicam
2026-01-03 20:11:20,763 - scraper_base - INFO - 📦 [15/20] Processando Carproflan
2026-01-03 20:11:20,763 - scraper_base - INFO - 🔍 Cobasi: Buscando Carproflan
2026-01-03 20:11:22,524 - scraper_cobasi - INFO - Cobasi: Dados extraídos via JSON para Carproflan
2026-01-03 20:11:22,524 - scraper_base - INFO - ✅ Cobasi: 3 produto(s) encontrado(s) para Carproflan
2026-01-03 20:11:23,703 - scraper_base - INFO - 📦 [16/20] Processando Previcox
2026-01-03 20:11:23,703 - scraper_base - INFO - 🔍 Cobasi: Buscando Previcox
2026-01-03 20:11:25,442 - scraper_cobasi - INFO - Cobasi: Dados extraídos via JSON para Previcox
2026-01-03 20:11:25,442 - scraper_base - INFO - ✅ Cobasi: 2 produto(s) encontrado(s) para Previcox
2026-01-03 20:11:27,318 - scraper_base - INFO - 📦 [17/20] Processando Apoquel
2026-01-03 20:11:27,318 - scraper_base - INFO - 🔍 Cobasi: Buscando Apoquel
2026-01-03 20:11:29,021 - scraper_cobasi - INFO - Cobasi: Dados extraídos via JSON para Apoquel
2026-01-03 20:11:29,021 - scraper_base - INFO - ✅ Cobasi: 3 produto(s) encontrado(s) para Apoquel
2026-01-03 20:11:30,724 - scraper_base - INFO - 📦 [18/20] Processando Zenrelia
2026-01-03 20:11:30,724 - scraper_base - INFO - 🔍 Cobasi: Buscando Zenrelia
2026-01-03 20:11:32,678 - scraper_cobasi - INFO - Cobasi: Dados extraídos via JSON para Zenrelia
2026-01-03 20:11:32,679 - scraper_base - INFO - ✅ Cobasi: 4 produto(s) encontrado(s) para Zenrelia
2026-01-03 20:11:34,195 - scraper_base - INFO - 📦 [19/20] Processando Synulox
2026-01-03 20:11:34,195 - scraper_base - INFO - 🔍 Cobasi: Buscando Synulox
2026-01-03 20:11:36,457 - scraper_cobasi - INFO - Cobasi: Dados extraídos via JSON para Synulox
2026-01-03 20:11:36,457 - scraper_base - INFO - ✅ Cobasi: 2 produto(s) encontrado(s) para Synulox
2026-01-03 20:11:38,043 - scraper_base - INFO - 📦 [20/20] Processando Baytril
2026-01-03 20:11:38,043 - scraper_base - INFO - 🔍 Cobasi: Buscando Baytril
2026-01-03 20:11:40,004 - scraper_cobasi - INFO - Cobasi: Dados extraídos via JSON para Baytril
2026-01-03 20:11:40,004 - scraper_base - INFO - ✅ Cobasi: 4 produto(s) encontrado(s) para Baytril
2026-01-03 20:11:41,831 - scraper_base - INFO - 📊 Cobasi - Estatísticas finais:
2026-01-03 20:11:41,831 - scraper_base - INFO -    • Medicamentos processados: 20
2026-01-03 20:11:41,831 - scraper_base - INFO -    • Produtos encontrados: 167
2026-01-03 20:11:41,831 - scraper_base - INFO -    • Medicamentos sem resultado: 0
2026-01-03 20:11:41,831 - scraper_base - INFO -    • Tempo total: 78.7s
2026-01-03 20:11:41,832 - scraper_base - INFO -    • Tempo médio por medicamento: 3.9s
2026-01-03 20:11:41,946 - gerenciador_arquivos - INFO - Excel salvo: dados_coletados/cobasi_20260103_201141.xlsx (167 produtos)
2026-01-03 20:11:41,946 - gerenciador_principal - INFO - Cobasi: Arquivo individual salvo com sucesso
2026-01-03 20:11:41,946 - gerenciador_principal - INFO - Pausando entre sites...
2026-01-03 20:11:43,946 - gerenciador_principal - INFO - [2/3] Processando Petlove
2026-01-03 20:11:43,947 - scraper_base - INFO - 🚀 Iniciando scraping completo - Petlove
2026-01-03 20:11:44,130 - scraper_base - INFO - 📋 20 medicamentos para processar
2026-01-03 20:11:44,130 - scraper_base - INFO - 📦 [1/20] Processando Simparic
2026-01-03 20:11:44,130 - scraper_base - INFO - 🔍 Petlove: Buscando Simparic
2026-01-03 20:11:50,412 - gerenciador_conexoes - INFO - Chrome inicializado com otimizacoes de velocidade
2026-01-03 20:11:53,345 - scraper_base - INFO - ✅ Petlove: 15 produto(s) encontrado(s) para Simparic
2026-01-03 20:11:56,105 - scraper_base - INFO - 📦 [2/20] Processando Revolution
2026-01-03 20:11:56,105 - scraper_base - INFO - 🔍 Petlove: Buscando Revolution
2026-01-03 20:11:57,625 - scraper_base - INFO - ✅ Petlove: 14 produto(s) encontrado(s) para Revolution
2026-01-03 20:11:59,541 - scraper_base - INFO - 📦 [3/20] Processando NexGard
2026-01-03 20:11:59,541 - scraper_base - INFO - 🔍 Petlove: Buscando NexGard
2026-01-03 20:12:00,841 - scraper_base - INFO - ✅ Petlove: 11 produto(s) encontrado(s) para NexGard
2026-01-03 20:12:02,834 - scraper_base - INFO - 📦 [4/20] Processando NexGard Spectra
2026-01-03 20:12:02,834 - scraper_base - INFO - 🔍 Petlove: Buscando NexGard Spectra
2026-01-03 20:12:03,892 - scraper_base - INFO - ✅ Petlove: 5 produto(s) encontrado(s) para NexGard Spectra
2026-01-03 20:12:05,442 - scraper_base - INFO - 📦 [5/20] Processando NexGard Combo
2026-01-03 20:12:05,443 - scraper_base - INFO - 🔍 Petlove: Buscando NexGard Combo
2026-01-03 20:12:06,565 - scraper_base - INFO - ✅ Petlove: 2 produto(s) encontrado(s) para NexGard Combo
2026-01-03 20:12:08,086 - scraper_base - INFO - 📦 [6/20] Processando Bravecto
2026-01-03 20:12:08,086 - scraper_base - INFO - 🔍 Petlove: Buscando Bravecto
2026-01-03 20:12:10,691 - scraper_base - INFO - ✅ Petlove: 23 produto(s) encontrado(s) para Bravecto
2026-01-03 20:12:12,949 - scraper_base - INFO - 📦 [7/20] Processando Frontline
2026-01-03 20:12:12,949 - scraper_base - INFO - 🔍 Petlove: Buscando Frontline
2026-01-03 20:12:15,249 - scraper_base - INFO - ✅ Petlove: 11 produto(s) encontrado(s) para Frontline
2026-01-03 20:12:17,439 - scraper_base - INFO - 📦 [8/20] Processando Advocate
2026-01-03 20:12:17,439 - scraper_base - INFO - 🔍 Petlove: Buscando Advocate
2026-01-03 20:12:19,096 - scraper_base - INFO - ✅ Petlove: 9 produto(s) encontrado(s) para Advocate
2026-01-03 20:12:22,049 - scraper_base - INFO - 📦 [9/20] Processando Drontal
2026-01-03 20:12:22,049 - scraper_base - INFO - 🔍 Petlove: Buscando Drontal
2026-01-03 20:12:23,520 - scraper_base - INFO - ✅ Petlove: 18 produto(s) encontrado(s) para Drontal
2026-01-03 20:12:26,251 - scraper_base - INFO - 📦 [10/20] Processando Milbemax
2026-01-03 20:12:26,251 - scraper_base - INFO - 🔍 Petlove: Buscando Milbemax
2026-01-03 20:12:27,691 - scraper_base - INFO - ✅ Petlove: 4 produto(s) encontrado(s) para Milbemax
2026-01-03 20:12:28,998 - scraper_base - INFO - 📦 [11/20] Processando Vermivet
2026-01-03 20:12:28,998 - scraper_base - INFO - 🔍 Petlove: Buscando Vermivet
2026-01-03 20:12:30,881 - scraper_base - INFO - ✅ Petlove: 36 produto(s) encontrado(s) para Vermivet
2026-01-03 20:12:33,684 - scraper_base - INFO - 📦 [12/20] Processando Rimadyl
2026-01-03 20:12:33,684 - scraper_base - INFO - 🔍 Petlove: Buscando Rimadyl
2026-01-03 20:12:35,559 - scraper_base - INFO - ✅ Petlove: 1 produto(s) encontrado(s) para Rimadyl
2026-01-03 20:12:38,527 - scraper_base - INFO - 📦 [13/20] Processando Onsior
2026-01-03 20:12:38,527 - scraper_base - INFO - 🔍 Petlove: Buscando Onsior
2026-01-03 20:12:39,795 - scraper_base - INFO - ✅ Petlove: 4 produto(s) encontrado(s) para Onsior
2026-01-03 20:12:41,866 - scraper_base - INFO - 📦 [14/20] Processando Maxicam
2026-01-03 20:12:41,866 - scraper_base - INFO - 🔍 Petlove: Buscando Maxicam
2026-01-03 20:12:43,086 - scraper_base - INFO - ✅ Petlove: 4 produto(s) encontrado(s) para Maxicam
2026-01-03 20:12:45,062 - scraper_base - INFO - 📦 [15/20] Processando Carproflan
2026-01-03 20:12:45,063 - scraper_base - INFO - 🔍 Petlove: Buscando Carproflan
2026-01-03 20:12:46,434 - scraper_base - INFO - ✅ Petlove: 4 produto(s) encontrado(s) para Carproflan
2026-01-03 20:12:48,491 - scraper_base - INFO - 📦 [16/20] Processando Previcox
2026-01-03 20:12:48,491 - scraper_base - INFO - 🔍 Petlove: Buscando Previcox
2026-01-03 20:12:49,739 - scraper_base - INFO - ✅ Petlove: 4 produto(s) encontrado(s) para Previcox
2026-01-03 20:12:52,274 - scraper_base - INFO - 📦 [17/20] Processando Apoquel
2026-01-03 20:12:52,274 - scraper_base - INFO - 🔍 Petlove: Buscando Apoquel
2026-01-03 20:12:53,558 - scraper_base - INFO - ✅ Petlove: 16 produto(s) encontrado(s) para Apoquel
2026-01-03 20:12:56,188 - scraper_base - INFO - 📦 [18/20] Processando Zenrelia
2026-01-03 20:12:56,189 - scraper_base - INFO - 🔍 Petlove: Buscando Zenrelia
2026-01-03 20:12:57,769 - scraper_base - INFO - ✅ Petlove: 4 produto(s) encontrado(s) para Zenrelia
2026-01-03 20:12:59,777 - scraper_base - INFO - 📦 [19/20] Processando Synulox
2026-01-03 20:12:59,777 - scraper_base - INFO - 🔍 Petlove: Buscando Synulox
2026-01-03 20:13:01,092 - scraper_base - INFO - ✅ Petlove: 1 produto(s) encontrado(s) para Synulox
2026-01-03 20:13:02,733 - scraper_base - INFO - 📦 [20/20] Processando Baytril
2026-01-03 20:13:02,734 - scraper_base - INFO - 🔍 Petlove: Buscando Baytril
2026-01-03 20:13:04,152 - scraper_base - INFO - ✅ Petlove: 4 produto(s) encontrado(s) para Baytril
2026-01-03 20:13:06,264 - scraper_base - INFO - 📊 Petlove - Estatísticas finais:
2026-01-03 20:13:06,265 - scraper_base - INFO -    • Medicamentos processados: 20
2026-01-03 20:13:06,265 - scraper_base - INFO -    • Produtos encontrados: 190
2026-01-03 20:13:06,265 - scraper_base - INFO -    • Medicamentos sem resultado: 0
2026-01-03 20:13:06,265 - scraper_base - INFO -    • Tempo total: 82.3s
2026-01-03 20:13:06,265 - scraper_base - INFO -    • Tempo médio por medicamento: 4.1s
2026-01-03 20:13:06,302 - gerenciador_arquivos - INFO - Excel salvo: dados_coletados/petlove_20260103_201306.xlsx (190 produtos)
2026-01-03 20:13:06,302 - gerenciador_principal - INFO - Petlove: Arquivo individual salvo com sucesso
2026-01-03 20:13:06,302 - gerenciador_principal - INFO - Pausando entre sites...
2026-01-03 20:13:08,302 - gerenciador_principal - INFO - [3/3] Processando Petz
2026-01-03 20:13:08,302 - scraper_base - INFO - 🚀 Iniciando scraping completo - Petz
2026-01-03 20:13:08,675 - scraper_base - INFO - 📋 20 medicamentos para processar
2026-01-03 20:13:08,675 - scraper_base - INFO - 📦 [1/20] Processando Simparic
2026-01-03 20:13:08,675 - scraper_base - INFO - 🔍 Petz: Buscando Simparic
2026-01-03 20:13:12,889 - scraper_base - INFO - ✅ Petz: 12 produto(s) encontrado(s) para Simparic
2026-01-03 20:13:14,395 - scraper_base - INFO - 📦 [2/20] Processando Revolution
2026-01-03 20:13:14,395 - scraper_base - INFO - 🔍 Petz: Buscando Revolution
2026-01-03 20:13:16,753 - scraper_base - INFO - ✅ Petz: 26 produto(s) encontrado(s) para Revolution
2026-01-03 20:13:19,618 - scraper_base - INFO - 📦 [3/20] Processando NexGard
2026-01-03 20:13:19,619 - scraper_base - INFO - 🔍 Petz: Buscando NexGard
2026-01-03 20:13:21,264 - scraper_base - INFO - ✅ Petz: 22 produto(s) encontrado(s) para NexGard
2026-01-03 20:13:23,338 - scraper_base - INFO - 📦 [4/20] Processando NexGard Spectra
2026-01-03 20:13:23,338 - scraper_base - INFO - 🔍 Petz: Buscando NexGard Spectra
2026-01-03 20:13:24,853 - scraper_base - INFO - ✅ Petz: 10 produto(s) encontrado(s) para NexGard Spectra
2026-01-03 20:13:26,753 - scraper_base - INFO - 📦 [5/20] Processando NexGard Combo
2026-01-03 20:13:26,754 - scraper_base - INFO - 🔍 Petz: Buscando NexGard Combo
2026-01-03 20:13:28,484 - scraper_base - INFO - ✅ Petz: 4 produto(s) encontrado(s) para NexGard Combo
2026-01-03 20:13:31,361 - scraper_base - INFO - 📦 [6/20] Processando Bravecto
2026-01-03 20:13:31,361 - scraper_base - INFO - 🔍 Petz: Buscando Bravecto
2026-01-03 20:13:33,470 - scraper_base - INFO - ✅ Petz: 16 produto(s) encontrado(s) para Bravecto
2026-01-03 20:13:35,432 - scraper_base - INFO - 📦 [7/20] Processando Frontline
2026-01-03 20:13:35,432 - scraper_base - INFO - 🔍 Petz: Buscando Frontline
2026-01-03 20:13:37,042 - scraper_base - INFO - ✅ Petz: 11 produto(s) encontrado(s) para Frontline
2026-01-03 20:13:39,131 - scraper_base - INFO - 📦 [8/20] Processando Advocate
2026-01-03 20:13:39,131 - scraper_base - INFO - 🔍 Petz: Buscando Advocate
2026-01-03 20:13:41,014 - scraper_base - INFO - ✅ Petz: 12 produto(s) encontrado(s) para Advocate
2026-01-03 20:13:43,665 - scraper_base - INFO - 📦 [9/20] Processando Drontal
2026-01-03 20:13:43,665 - scraper_base - INFO - 🔍 Petz: Buscando Drontal
2026-01-03 20:13:46,450 - scraper_base - INFO - ✅ Petz: 30 produto(s) encontrado(s) para Drontal
2026-01-03 20:13:47,928 - scraper_base - INFO - 📦 [10/20] Processando Milbemax
2026-01-03 20:13:47,928 - scraper_base - INFO - 🔍 Petz: Buscando Milbemax
2026-01-03 20:13:49,270 - scraper_base - INFO - ✅ Petz: 4 produto(s) encontrado(s) para Milbemax
2026-01-03 20:13:52,085 - scraper_base - INFO - 📦 [11/20] Processando Vermivet
2026-01-03 20:13:52,085 - scraper_base - INFO - 🔍 Petz: Buscando Vermivet
2026-01-03 20:13:54,088 - scraper_base - INFO - ✅ Petz: 5 produto(s) encontrado(s) para Vermivet
2026-01-03 20:13:55,591 - scraper_base - INFO - 📦 [12/20] Processando Rimadyl
2026-01-03 20:13:55,591 - scraper_base - INFO - 🔍 Petz: Buscando Rimadyl
2026-01-03 20:13:57,475 - scraper_base - INFO - ✅ Petz: 3 produto(s) encontrado(s) para Rimadyl
2026-01-03 20:14:00,458 - scraper_base - INFO - 📦 [13/20] Processando Onsior
2026-01-03 20:14:00,458 - scraper_base - INFO - 🔍 Petz: Buscando Onsior
2026-01-03 20:14:02,921 - scraper_base - INFO - ✅ Petz: 4 produto(s) encontrado(s) para Onsior
2026-01-03 20:14:04,701 - scraper_base - INFO - 📦 [14/20] Processando Maxicam
2026-01-03 20:14:04,701 - scraper_base - INFO - 🔍 Petz: Buscando Maxicam
2026-01-03 20:14:07,138 - scraper_base - INFO - ✅ Petz: 31 produto(s) encontrado(s) para Maxicam
2026-01-03 20:14:08,935 - scraper_base - INFO - 📦 [15/20] Processando Carproflan
2026-01-03 20:14:08,935 - scraper_base - INFO - 🔍 Petz: Buscando Carproflan
2026-01-03 20:14:10,608 - scraper_base - INFO - ✅ Petz: 3 produto(s) encontrado(s) para Carproflan
2026-01-03 20:14:11,658 - scraper_base - INFO - 📦 [16/20] Processando Previcox
2026-01-03 20:14:11,658 - scraper_base - INFO - 🔍 Petz: Buscando Previcox
2026-01-03 20:14:13,229 - scraper_base - INFO - ✅ Petz: 2 produto(s) encontrado(s) para Previcox
2026-01-03 20:14:15,548 - scraper_base - INFO - 📦 [17/20] Processando Apoquel
2026-01-03 20:14:15,548 - scraper_base - INFO - 🔍 Petz: Buscando Apoquel
2026-01-03 20:14:17,251 - scraper_base - INFO - ✅ Petz: 3 produto(s) encontrado(s) para Apoquel
2026-01-03 20:14:19,117 - scraper_base - INFO - 📦 [18/20] Processando Zenrelia
2026-01-03 20:14:19,117 - scraper_base - INFO - 🔍 Petz: Buscando Zenrelia
2026-01-03 20:14:21,171 - scraper_base - INFO - ✅ Petz: 4 produto(s) encontrado(s) para Zenrelia
2026-01-03 20:14:22,786 - scraper_base - INFO - 📦 [19/20] Processando Synulox
2026-01-03 20:14:22,787 - scraper_base - INFO - 🔍 Petz: Buscando Synulox
2026-01-03 20:14:24,643 - scraper_base - INFO - ✅ Petz: 2 produto(s) encontrado(s) para Synulox
2026-01-03 20:14:27,206 - scraper_base - INFO - 📦 [20/20] Processando Baytril
2026-01-03 20:14:27,206 - scraper_base - INFO - 🔍 Petz: Buscando Baytril
2026-01-03 20:14:28,996 - scraper_base - INFO - ✅ Petz: 10 produto(s) encontrado(s) para Baytril
2026-01-03 20:14:31,023 - scraper_base - INFO - 📊 Petz - Estatísticas finais:
2026-01-03 20:14:31,023 - scraper_base - INFO -    • Medicamentos processados: 20
2026-01-03 20:14:31,023 - scraper_base - INFO -    • Produtos encontrados: 214
2026-01-03 20:14:31,023 - scraper_base - INFO -    • Medicamentos sem resultado: 0
2026-01-03 20:14:31,023 - scraper_base - INFO -    • Tempo total: 82.7s
2026-01-03 20:14:31,023 - scraper_base - INFO -    • Tempo médio por medicamento: 4.1s
2026-01-03 20:14:31,066 - gerenciador_arquivos - INFO - Excel salvo: dados_coletados/petz_20260103_201431.xlsx (214 produtos)
2026-01-03 20:14:31,066 - gerenciador_principal - INFO - Petz: Arquivo individual salvo com sucesso
2026-01-03 20:14:31,067 - gerenciador_principal - INFO - Gerando relatório consolidado...
2026-01-03 20:14:31,302 - gerenciador_arquivos - INFO - Relatório consolidado salvo: dados_relatorios/relatorio_consolidado_20260103_201431.xlsx
2026-01-03 20:14:31,428 - gerenciador_conexoes - INFO - Chrome fechado
2026-01-03 20:14:31,428 - gerenciador_conexoes - INFO - Métodos utilizados - Requests: 33.3%, Selenium: 66.7%, Falhas: 0.0%
2026-01-03 20:14:31,428 - gerenciador_principal - INFO - ============================================================
2026-01-03 20:14:31,428 - gerenciador_principal - INFO - RELATORIO FINAL DE EXECUÇÃO
2026-01-03 20:14:31,428 - gerenciador_principal - INFO - ============================================================
2026-01-03 20:14:31,428 - gerenciador_principal - INFO - Sites processados: 3
2026-01-03 20:14:31,428 - gerenciador_principal - INFO - Sites com sucesso: 3
2026-01-03 20:14:31,428 - gerenciador_principal - INFO - Total de produtos coletados: 571
2026-01-03 20:14:31,428 - gerenciador_principal - INFO - Tempo total de execução: 248.0 segundos
2026-01-03 20:14:31,428 - gerenciador_principal - INFO - Estatísticas de conexão:
2026-01-03 20:14:31,428 - gerenciador_principal - INFO -   - Requests bem-sucedidos: 33.3%
2026-01-03 20:14:31,428 - gerenciador_principal - INFO -   - Selenium fallback: 66.7%
2026-01-03 20:14:31,428 - gerenciador_principal - INFO -   - Falhas totais: 0.0%
2026-01-03 20:14:31,430 - gerenciador_principal - INFO - Arquivos salvos na pasta: dados_coletados
2026-01-03 20:14:31,430 - gerenciador_principal - INFO - Total de arquivos: 289
2026-01-03 20:14:31,430 - gerenciador_principal - INFO - ============================================================
