2025-12-10 20:11:43,336 - configurador_logs - INFO - Sistema de logs configurado com sucesso
2025-12-10 20:11:43,337 - configurador_logs - INFO - 🚀 Logs configurados para MODO PRODUÇÃO
2025-12-10 20:11:43,337 - gerenciador_principal - INFO - Inicializando sistema - Modo: PRODUCAO
2025-12-10 20:11:43,337 - gerenciador_arquivos - INFO - Pasta dados_coletados preparada
2025-12-10 20:11:43,337 - gerenciador_principal - INFO - Sistema inicializado com 3 scrapers
2025-12-10 20:11:43,337 - gerenciador_principal - INFO - ============================================================
2025-12-10 20:11:43,337 - gerenciador_principal - INFO - INICIANDO SCRAPING COMPLETO - PRODUCAO
2025-12-10 20:11:43,337 - gerenciador_principal - INFO - ============================================================
2025-12-10 20:11:43,337 - gerenciador_principal - INFO - [1/3] Processando Cobasi
2025-12-10 20:11:43,337 - scraper_base - INFO - 🚀 Iniciando scraping completo - Cobasi
2025-12-10 20:11:43,764 - gerenciador_conexoes - INFO - Sessao estabelecida com cobasi.com.br
2025-12-10 20:11:43,764 - scraper_base - INFO - 📋 20 medicamentos para processar
2025-12-10 20:11:43,765 - scraper_base - INFO - 📦 [1/20] Processando Simparic
2025-12-10 20:11:43,765 - scraper_base - INFO - 🔍 Cobasi: Buscando Simparic
2025-12-10 20:11:45,997 - scraper_cobasi - INFO - Cobasi: Dados extraídos via JSON para Simparic
2025-12-10 20:11:45,997 - scraper_base - INFO - ✅ Cobasi: 12 produto(s) encontrado(s) para Simparic
2025-12-10 20:11:47,317 - scraper_base - INFO - 📦 [2/20] Processando Revolution
2025-12-10 20:11:47,317 - scraper_base - INFO - 🔍 Cobasi: Buscando Revolution
2025-12-10 20:11:50,541 - scraper_cobasi - INFO - Cobasi: Dados extraídos via JSON para Revolution
2025-12-10 20:11:50,541 - scraper_base - INFO - ✅ Cobasi: 18 produto(s) encontrado(s) para Revolution
2025-12-10 20:11:53,453 - scraper_base - INFO - 📦 [3/20] Processando NexGard
2025-12-10 20:11:53,453 - scraper_base - INFO - 🔍 Cobasi: Buscando NexGard
2025-12-10 20:11:56,126 - scraper_cobasi - INFO - Cobasi: Dados extraídos via JSON para NexGard
2025-12-10 20:11:56,126 - scraper_base - INFO - ✅ Cobasi: 22 produto(s) encontrado(s) para NexGard
2025-12-10 20:11:58,402 - scraper_base - INFO - 📦 [4/20] Processando NexGard Spectra
2025-12-10 20:11:58,402 - scraper_base - INFO - 🔍 Cobasi: Buscando NexGard Spectra
2025-12-10 20:12:00,934 - scraper_cobasi - INFO - Cobasi: Dados extraídos via JSON para NexGard Spectra
2025-12-10 20:12:00,934 - scraper_base - INFO - ✅ Cobasi: 10 produto(s) encontrado(s) para NexGard Spectra
2025-12-10 20:12:03,301 - scraper_base - INFO - 📦 [5/20] Processando NexGard Combo
2025-12-10 20:12:03,302 - scraper_base - INFO - 🔍 Cobasi: Buscando NexGard Combo
2025-12-10 20:12:05,187 - scraper_cobasi - INFO - Cobasi: Dados extraídos via JSON para NexGard Combo
2025-12-10 20:12:05,187 - scraper_base - INFO - ✅ Cobasi: 4 produto(s) encontrado(s) para NexGard Combo
2025-12-10 20:12:06,935 - scraper_base - INFO - 📦 [6/20] Processando Bravecto
2025-12-10 20:12:06,935 - scraper_base - INFO - 🔍 Cobasi: Buscando Bravecto
2025-12-10 20:12:10,027 - scraper_cobasi - INFO - Cobasi: Dados extraídos via JSON para Bravecto
2025-12-10 20:12:10,027 - scraper_base - INFO - ✅ Cobasi: 16 produto(s) encontrado(s) para Bravecto
2025-12-10 20:12:11,633 - scraper_base - INFO - 📦 [7/20] Processando Frontline
2025-12-10 20:12:11,633 - scraper_base - INFO - 🔍 Cobasi: Buscando Frontline
2025-12-10 20:12:14,281 - scraper_cobasi - INFO - Cobasi: Dados extraídos via JSON para Frontline
2025-12-10 20:12:14,282 - scraper_base - INFO - ✅ Cobasi: 10 produto(s) encontrado(s) para Frontline
2025-12-10 20:12:16,421 - scraper_base - INFO - 📦 [8/20] Processando Advocate
2025-12-10 20:12:16,422 - scraper_base - INFO - 🔍 Cobasi: Buscando Advocate
2025-12-10 20:12:20,158 - scraper_cobasi - INFO - Cobasi: Dados extraídos via JSON para Advocate
2025-12-10 20:12:20,159 - scraper_base - INFO - ✅ Cobasi: 12 produto(s) encontrado(s) para Advocate
2025-12-10 20:12:23,093 - scraper_base - INFO - 📦 [9/20] Processando Drontal
2025-12-10 20:12:23,093 - scraper_base - INFO - 🔍 Cobasi: Buscando Drontal
2025-12-10 20:12:25,440 - scraper_cobasi - INFO - Cobasi: Dados extraídos via JSON para Drontal
2025-12-10 20:12:25,440 - scraper_base - INFO - ✅ Cobasi: 8 produto(s) encontrado(s) para Drontal
2025-12-10 20:12:28,135 - scraper_base - INFO - 📦 [10/20] Processando Milbemax
2025-12-10 20:12:28,135 - scraper_base - INFO - 🔍 Cobasi: Buscando Milbemax
2025-12-10 20:12:30,250 - scraper_cobasi - INFO - Cobasi: Dados extraídos via JSON para Milbemax
2025-12-10 20:12:30,251 - scraper_base - INFO - ✅ Cobasi: 4 produto(s) encontrado(s) para Milbemax
2025-12-10 20:12:32,901 - scraper_base - INFO - 📦 [11/20] Processando Vermivet
2025-12-10 20:12:32,901 - scraper_base - INFO - 🔍 Cobasi: Buscando Vermivet
2025-12-10 20:12:34,888 - scraper_cobasi - INFO - Cobasi: Dados extraídos via JSON para Vermivet
2025-12-10 20:12:34,888 - scraper_base - INFO - ✅ Cobasi: 5 produto(s) encontrado(s) para Vermivet
2025-12-10 20:12:36,662 - scraper_base - INFO - 📦 [12/20] Processando Rimadyl
2025-12-10 20:12:36,662 - scraper_base - INFO - 🔍 Cobasi: Buscando Rimadyl
2025-12-10 20:12:37,087 - scraper_cobasi - INFO - Cobasi: Dados extraídos via JSON para Rimadyl
2025-12-10 20:12:37,087 - scraper_base - INFO - ✅ Cobasi: 3 produto(s) encontrado(s) para Rimadyl
2025-12-10 20:12:39,911 - scraper_base - INFO - 📦 [13/20] Processando Onsior
2025-12-10 20:12:39,911 - scraper_base - INFO - 🔍 Cobasi: Buscando Onsior
2025-12-10 20:12:41,851 - scraper_cobasi - INFO - Cobasi: Dados extraídos via JSON para Onsior
2025-12-10 20:12:41,851 - scraper_base - INFO - ✅ Cobasi: 4 produto(s) encontrado(s) para Onsior
2025-12-10 20:12:43,601 - scraper_base - INFO - 📦 [14/20] Processando Maxicam
2025-12-10 20:12:43,601 - scraper_base - INFO - 🔍 Cobasi: Buscando Maxicam
2025-12-10 20:12:48,931 - scraper_cobasi - INFO - Cobasi: Dados extraídos via JSON para Maxicam
2025-12-10 20:12:48,931 - scraper_base - INFO - ✅ Cobasi: 21 produto(s) encontrado(s) para Maxicam
2025-12-10 20:12:50,694 - scraper_base - INFO - 📦 [15/20] Processando Carproflan
2025-12-10 20:12:50,694 - scraper_base - INFO - 🔍 Cobasi: Buscando Carproflan
2025-12-10 20:12:52,641 - scraper_cobasi - INFO - Cobasi: Dados extraídos via JSON para Carproflan
2025-12-10 20:12:52,641 - scraper_base - INFO - ✅ Cobasi: 3 produto(s) encontrado(s) para Carproflan
2025-12-10 20:12:54,503 - scraper_base - INFO - 📦 [16/20] Processando Previcox
2025-12-10 20:12:54,503 - scraper_base - INFO - 🔍 Cobasi: Buscando Previcox
2025-12-10 20:12:56,277 - scraper_cobasi - INFO - Cobasi: Dados extraídos via JSON para Previcox
2025-12-10 20:12:56,277 - scraper_base - INFO - ✅ Cobasi: 2 produto(s) encontrado(s) para Previcox
2025-12-10 20:12:58,593 - scraper_base - INFO - 📦 [17/20] Processando Apoquel
2025-12-10 20:12:58,593 - scraper_base - INFO - 🔍 Cobasi: Buscando Apoquel
2025-12-10 20:13:00,543 - scraper_cobasi - INFO - Cobasi: Dados extraídos via JSON para Apoquel
2025-12-10 20:13:00,543 - scraper_base - INFO - ✅ Cobasi: 3 produto(s) encontrado(s) para Apoquel
2025-12-10 20:13:02,180 - scraper_base - INFO - 📦 [18/20] Processando Zenrelia
2025-12-10 20:13:02,180 - scraper_base - INFO - 🔍 Cobasi: Buscando Zenrelia
2025-12-10 20:13:04,091 - scraper_cobasi - INFO - Cobasi: Dados extraídos via JSON para Zenrelia
2025-12-10 20:13:04,092 - scraper_base - INFO - ✅ Cobasi: 4 produto(s) encontrado(s) para Zenrelia
2025-12-10 20:13:05,817 - scraper_base - INFO - 📦 [19/20] Processando Synulox
2025-12-10 20:13:05,817 - scraper_base - INFO - 🔍 Cobasi: Buscando Synulox
2025-12-10 20:13:07,523 - scraper_cobasi - INFO - Cobasi: Dados extraídos via JSON para Synulox
2025-12-10 20:13:07,523 - scraper_base - INFO - ✅ Cobasi: 2 produto(s) encontrado(s) para Synulox
2025-12-10 20:13:09,200 - scraper_base - INFO - 📦 [20/20] Processando Baytril
2025-12-10 20:13:09,200 - scraper_base - INFO - 🔍 Cobasi: Buscando Baytril
2025-12-10 20:13:11,387 - scraper_cobasi - INFO - Cobasi: Dados extraídos via JSON para Baytril
2025-12-10 20:13:11,387 - scraper_base - INFO - ✅ Cobasi: 4 produto(s) encontrado(s) para Baytril
2025-12-10 20:13:14,190 - scraper_base - INFO - 📊 Cobasi - Estatísticas finais:
2025-12-10 20:13:14,190 - scraper_base - INFO -    • Medicamentos processados: 20
2025-12-10 20:13:14,190 - scraper_base - INFO -    • Produtos encontrados: 167
2025-12-10 20:13:14,190 - scraper_base - INFO -    • Medicamentos sem resultado: 0
2025-12-10 20:13:14,190 - scraper_base - INFO -    • Tempo total: 90.9s
2025-12-10 20:13:14,190 - scraper_base - INFO -    • Tempo médio por medicamento: 4.5s
2025-12-10 20:13:14,407 - gerenciador_arquivos - INFO - Excel salvo: dados_coletados/cobasi_20251210_201314.xlsx (167 produtos)
2025-12-10 20:13:14,408 - gerenciador_principal - INFO - Cobasi: Arquivo individual salvo com sucesso
2025-12-10 20:13:14,408 - gerenciador_principal - INFO - Pausando entre sites...
2025-12-10 20:13:16,408 - gerenciador_principal - INFO - [2/3] Processando Petlove
2025-12-10 20:13:16,408 - scraper_base - INFO - 🚀 Iniciando scraping completo - Petlove
2025-12-10 20:13:16,590 - scraper_base - INFO - 📋 20 medicamentos para processar
2025-12-10 20:13:16,591 - scraper_base - INFO - 📦 [1/20] Processando Simparic
2025-12-10 20:13:16,591 - scraper_base - INFO - 🔍 Petlove: Buscando Simparic
2025-12-10 20:13:24,303 - gerenciador_conexoes - INFO - Chrome inicializado com otimizacoes de velocidade
2025-12-10 20:13:27,360 - scraper_base - INFO - ✅ Petlove: 15 produto(s) encontrado(s) para Simparic
2025-12-10 20:13:29,069 - scraper_base - INFO - 📦 [2/20] Processando Revolution
2025-12-10 20:13:29,069 - scraper_base - INFO - 🔍 Petlove: Buscando Revolution
2025-12-10 20:13:30,535 - scraper_base - INFO - ✅ Petlove: 14 produto(s) encontrado(s) para Revolution
2025-12-10 20:13:32,532 - scraper_base - INFO - 📦 [3/20] Processando NexGard
2025-12-10 20:13:32,532 - scraper_base - INFO - 🔍 Petlove: Buscando NexGard
2025-12-10 20:13:34,103 - scraper_base - INFO - ✅ Petlove: 11 produto(s) encontrado(s) para NexGard
2025-12-10 20:13:37,073 - scraper_base - INFO - 📦 [4/20] Processando NexGard Spectra
2025-12-10 20:13:37,073 - scraper_base - INFO - 🔍 Petlove: Buscando NexGard Spectra
2025-12-10 20:13:38,229 - scraper_base - INFO - ✅ Petlove: 5 produto(s) encontrado(s) para NexGard Spectra
2025-12-10 20:13:41,097 - scraper_base - INFO - 📦 [5/20] Processando NexGard Combo
2025-12-10 20:13:41,097 - scraper_base - INFO - 🔍 Petlove: Buscando NexGard Combo
2025-12-10 20:13:42,121 - scraper_base - INFO - ✅ Petlove: 2 produto(s) encontrado(s) para NexGard Combo
2025-12-10 20:13:43,284 - scraper_base - INFO - 📦 [6/20] Processando Bravecto
2025-12-10 20:13:43,285 - scraper_base - INFO - 🔍 Petlove: Buscando Bravecto
2025-12-10 20:13:46,146 - scraper_base - INFO - ✅ Petlove: 23 produto(s) encontrado(s) para Bravecto
2025-12-10 20:13:48,217 - scraper_base - INFO - 📦 [7/20] Processando Frontline
2025-12-10 20:13:48,217 - scraper_base - INFO - 🔍 Petlove: Buscando Frontline
2025-12-10 20:13:50,066 - scraper_base - INFO - ✅ Petlove: 11 produto(s) encontrado(s) para Frontline
2025-12-10 20:13:51,586 - scraper_base - INFO - 📦 [8/20] Processando Advocate
2025-12-10 20:13:51,586 - scraper_base - INFO - 🔍 Petlove: Buscando Advocate
2025-12-10 20:13:53,400 - scraper_base - INFO - ✅ Petlove: 10 produto(s) encontrado(s) para Advocate
2025-12-10 20:13:54,675 - scraper_base - INFO - 📦 [9/20] Processando Drontal
2025-12-10 20:13:54,675 - scraper_base - INFO - 🔍 Petlove: Buscando Drontal
2025-12-10 20:13:56,268 - scraper_base - INFO - ✅ Petlove: 18 produto(s) encontrado(s) para Drontal
2025-12-10 20:13:58,875 - scraper_base - INFO - 📦 [10/20] Processando Milbemax
2025-12-10 20:13:58,876 - scraper_base - INFO - 🔍 Petlove: Buscando Milbemax
2025-12-10 20:14:00,137 - scraper_base - INFO - ✅ Petlove: 4 produto(s) encontrado(s) para Milbemax
2025-12-10 20:14:01,148 - scraper_base - INFO - 📦 [11/20] Processando Vermivet
2025-12-10 20:14:01,148 - scraper_base - INFO - 🔍 Petlove: Buscando Vermivet
2025-12-10 20:14:03,118 - scraper_base - INFO - ✅ Petlove: 36 produto(s) encontrado(s) para Vermivet
2025-12-10 20:14:05,541 - scraper_base - INFO - 📦 [12/20] Processando Rimadyl
2025-12-10 20:14:05,541 - scraper_base - INFO - 🔍 Petlove: Buscando Rimadyl
2025-12-10 20:14:07,544 - scraper_base - INFO - ✅ Petlove: 1 produto(s) encontrado(s) para Rimadyl
2025-12-10 20:14:08,979 - scraper_base - INFO - 📦 [13/20] Processando Onsior
2025-12-10 20:14:08,979 - scraper_base - INFO - 🔍 Petlove: Buscando Onsior
2025-12-10 20:14:10,277 - scraper_base - INFO - ✅ Petlove: 4 produto(s) encontrado(s) para Onsior
2025-12-10 20:14:12,637 - scraper_base - INFO - 📦 [14/20] Processando Maxicam
2025-12-10 20:14:12,637 - scraper_base - INFO - 🔍 Petlove: Buscando Maxicam
2025-12-10 20:14:13,896 - scraper_base - INFO - ✅ Petlove: 4 produto(s) encontrado(s) para Maxicam
2025-12-10 20:14:15,145 - scraper_base - INFO - 📦 [15/20] Processando Carproflan
2025-12-10 20:14:15,145 - scraper_base - INFO - 🔍 Petlove: Buscando Carproflan
2025-12-10 20:14:16,349 - scraper_base - INFO - ✅ Petlove: 4 produto(s) encontrado(s) para Carproflan
2025-12-10 20:14:19,249 - scraper_base - INFO - 📦 [16/20] Processando Previcox
2025-12-10 20:14:19,249 - scraper_base - INFO - 🔍 Petlove: Buscando Previcox
2025-12-10 20:14:20,553 - scraper_base - INFO - ✅ Petlove: 4 produto(s) encontrado(s) para Previcox
2025-12-10 20:14:21,908 - scraper_base - INFO - 📦 [17/20] Processando Apoquel
2025-12-10 20:14:21,908 - scraper_base - INFO - 🔍 Petlove: Buscando Apoquel
2025-12-10 20:14:23,329 - scraper_base - INFO - ✅ Petlove: 16 produto(s) encontrado(s) para Apoquel
2025-12-10 20:14:25,146 - scraper_base - INFO - 📦 [18/20] Processando Zenrelia
2025-12-10 20:14:25,146 - scraper_base - INFO - 🔍 Petlove: Buscando Zenrelia
2025-12-10 20:14:26,301 - scraper_base - INFO - ✅ Petlove: 4 produto(s) encontrado(s) para Zenrelia
2025-12-10 20:14:28,600 - scraper_base - INFO - 📦 [19/20] Processando Synulox
2025-12-10 20:14:28,601 - scraper_base - INFO - 🔍 Petlove: Buscando Synulox
2025-12-10 20:14:30,067 - scraper_base - INFO - ✅ Petlove: 1 produto(s) encontrado(s) para Synulox
2025-12-10 20:14:31,233 - scraper_base - INFO - 📦 [20/20] Processando Baytril
2025-12-10 20:14:31,233 - scraper_base - INFO - 🔍 Petlove: Buscando Baytril
2025-12-10 20:14:32,697 - scraper_base - INFO - ✅ Petlove: 5 produto(s) encontrado(s) para Baytril
2025-12-10 20:14:35,503 - scraper_base - INFO - 📊 Petlove - Estatísticas finais:
2025-12-10 20:14:35,504 - scraper_base - INFO -    • Medicamentos processados: 20
2025-12-10 20:14:35,504 - scraper_base - INFO -    • Produtos encontrados: 192
2025-12-10 20:14:35,504 - scraper_base - INFO -    • Medicamentos sem resultado: 0
2025-12-10 20:14:35,504 - scraper_base - INFO -    • Tempo total: 79.1s
2025-12-10 20:14:35,504 - scraper_base - INFO -    • Tempo médio por medicamento: 4.0s
2025-12-10 20:14:35,541 - gerenciador_arquivos - INFO - Excel salvo: dados_coletados/petlove_20251210_201435.xlsx (192 produtos)
2025-12-10 20:14:35,541 - gerenciador_principal - INFO - Petlove: Arquivo individual salvo com sucesso
2025-12-10 20:14:35,541 - gerenciador_principal - INFO - Pausando entre sites...
2025-12-10 20:14:37,541 - gerenciador_principal - INFO - [3/3] Processando Petz
2025-12-10 20:14:37,541 - scraper_base - INFO - 🚀 Iniciando scraping completo - Petz
2025-12-10 20:14:37,753 - scraper_base - INFO - 📋 20 medicamentos para processar
2025-12-10 20:14:37,753 - scraper_base - INFO - 📦 [1/20] Processando Simparic
2025-12-10 20:14:37,753 - scraper_base - INFO - 🔍 Petz: Buscando Simparic
2025-12-10 20:14:42,519 - scraper_base - INFO - ✅ Petz: 12 produto(s) encontrado(s) para Simparic
2025-12-10 20:14:44,119 - scraper_base - INFO - 📦 [2/20] Processando Revolution
2025-12-10 20:14:44,120 - scraper_base - INFO - 🔍 Petz: Buscando Revolution
2025-12-10 20:14:46,305 - scraper_base - INFO - ✅ Petz: 26 produto(s) encontrado(s) para Revolution
2025-12-10 20:14:47,323 - scraper_base - INFO - 📦 [3/20] Processando NexGard
2025-12-10 20:14:47,323 - scraper_base - INFO - 🔍 Petz: Buscando NexGard
2025-12-10 20:14:49,747 - scraper_base - INFO - ✅ Petz: 22 produto(s) encontrado(s) para NexGard
2025-12-10 20:14:51,246 - scraper_base - INFO - 📦 [4/20] Processando NexGard Spectra
2025-12-10 20:14:51,246 - scraper_base - INFO - 🔍 Petz: Buscando NexGard Spectra
2025-12-10 20:14:53,075 - scraper_base - INFO - ✅ Petz: 10 produto(s) encontrado(s) para NexGard Spectra
2025-12-10 20:14:54,406 - scraper_base - INFO - 📦 [5/20] Processando NexGard Combo
2025-12-10 20:14:54,406 - scraper_base - INFO - 🔍 Petz: Buscando NexGard Combo
2025-12-10 20:14:55,921 - scraper_base - INFO - ✅ Petz: 4 produto(s) encontrado(s) para NexGard Combo
2025-12-10 20:14:57,747 - scraper_base - INFO - 📦 [6/20] Processando Bravecto
2025-12-10 20:14:57,747 - scraper_base - INFO - 🔍 Petz: Buscando Bravecto
2025-12-10 20:14:59,823 - scraper_base - INFO - ✅ Petz: 16 produto(s) encontrado(s) para Bravecto
2025-12-10 20:15:00,835 - scraper_base - INFO - 📦 [7/20] Processando Frontline
2025-12-10 20:15:00,835 - scraper_base - INFO - 🔍 Petz: Buscando Frontline
2025-12-10 20:15:03,264 - scraper_base - INFO - ✅ Petz: 11 produto(s) encontrado(s) para Frontline
2025-12-10 20:15:04,600 - scraper_base - INFO - 📦 [8/20] Processando Advocate
2025-12-10 20:15:04,600 - scraper_base - INFO - 🔍 Petz: Buscando Advocate
2025-12-10 20:15:07,349 - scraper_base - INFO - ✅ Petz: 12 produto(s) encontrado(s) para Advocate
2025-12-10 20:15:08,826 - scraper_base - INFO - 📦 [9/20] Processando Drontal
2025-12-10 20:15:08,826 - scraper_base - INFO - 🔍 Petz: Buscando Drontal
2025-12-10 20:15:11,561 - scraper_base - INFO - ✅ Petz: 29 produto(s) encontrado(s) para Drontal
2025-12-10 20:15:12,928 - scraper_base - INFO - 📦 [10/20] Processando Milbemax
2025-12-10 20:15:12,928 - scraper_base - INFO - 🔍 Petz: Buscando Milbemax
2025-12-10 20:15:14,897 - scraper_base - INFO - ✅ Petz: 4 produto(s) encontrado(s) para Milbemax
2025-12-10 20:15:17,591 - scraper_base - INFO - 📦 [11/20] Processando Vermivet
2025-12-10 20:15:17,591 - scraper_base - INFO - 🔍 Petz: Buscando Vermivet
2025-12-10 20:15:19,341 - scraper_base - INFO - ✅ Petz: 5 produto(s) encontrado(s) para Vermivet
2025-12-10 20:15:20,693 - scraper_base - INFO - 📦 [12/20] Processando Rimadyl
2025-12-10 20:15:20,693 - scraper_base - INFO - 🔍 Petz: Buscando Rimadyl
2025-12-10 20:15:22,622 - scraper_base - INFO - ✅ Petz: 3 produto(s) encontrado(s) para Rimadyl
2025-12-10 20:15:23,828 - scraper_base - INFO - 📦 [13/20] Processando Onsior
2025-12-10 20:15:23,828 - scraper_base - INFO - 🔍 Petz: Buscando Onsior
2025-12-10 20:15:25,628 - scraper_base - INFO - ✅ Petz: 4 produto(s) encontrado(s) para Onsior
2025-12-10 20:15:27,070 - scraper_base - INFO - 📦 [14/20] Processando Maxicam
2025-12-10 20:15:27,070 - scraper_base - INFO - 🔍 Petz: Buscando Maxicam
2025-12-10 20:15:29,381 - scraper_base - INFO - ✅ Petz: 30 produto(s) encontrado(s) para Maxicam
2025-12-10 20:15:31,429 - scraper_base - INFO - 📦 [15/20] Processando Carproflan
2025-12-10 20:15:31,429 - scraper_base - INFO - 🔍 Petz: Buscando Carproflan
2025-12-10 20:15:33,398 - scraper_base - INFO - ✅ Petz: 3 produto(s) encontrado(s) para Carproflan
2025-12-10 20:15:34,720 - scraper_base - INFO - 📦 [16/20] Processando Previcox
2025-12-10 20:15:34,720 - scraper_base - INFO - 🔍 Petz: Buscando Previcox
2025-12-10 20:15:36,650 - scraper_base - INFO - ✅ Petz: 2 produto(s) encontrado(s) para Previcox
2025-12-10 20:15:38,204 - scraper_base - INFO - 📦 [17/20] Processando Apoquel
2025-12-10 20:15:38,204 - scraper_base - INFO - 🔍 Petz: Buscando Apoquel
2025-12-10 20:15:40,063 - scraper_base - INFO - ✅ Petz: 3 produto(s) encontrado(s) para Apoquel
2025-12-10 20:15:42,353 - scraper_base - INFO - 📦 [18/20] Processando Zenrelia
2025-12-10 20:15:42,353 - scraper_base - INFO - 🔍 Petz: Buscando Zenrelia
2025-12-10 20:15:44,232 - scraper_base - INFO - ✅ Petz: 4 produto(s) encontrado(s) para Zenrelia
2025-12-10 20:15:46,300 - scraper_base - INFO - 📦 [19/20] Processando Synulox
2025-12-10 20:15:46,300 - scraper_base - INFO - 🔍 Petz: Buscando Synulox
2025-12-10 20:15:48,127 - scraper_base - INFO - ✅ Petz: 2 produto(s) encontrado(s) para Synulox
2025-12-10 20:15:50,084 - scraper_base - INFO - 📦 [20/20] Processando Baytril
2025-12-10 20:15:50,084 - scraper_base - INFO - 🔍 Petz: Buscando Baytril
2025-12-10 20:15:52,049 - scraper_base - INFO - ✅ Petz: 10 produto(s) encontrado(s) para Baytril
2025-12-10 20:15:54,201 - scraper_base - INFO - 📊 Petz - Estatísticas finais:
2025-12-10 20:15:54,201 - scraper_base - INFO -    • Medicamentos processados: 20
2025-12-10 20:15:54,201 - scraper_base - INFO -    • Produtos encontrados: 212
2025-12-10 20:15:54,201 - scraper_base - INFO -    • Medicamentos sem resultado: 0
2025-12-10 20:15:54,201 - scraper_base - INFO -    • Tempo total: 76.7s
2025-12-10 20:15:54,202 - scraper_base - INFO -    • Tempo médio por medicamento: 3.8s
2025-12-10 20:15:54,245 - gerenciador_arquivos - INFO - Excel salvo: dados_coletados/petz_20251210_201554.xlsx (212 produtos)
2025-12-10 20:15:54,245 - gerenciador_principal - INFO - Petz: Arquivo individual salvo com sucesso
2025-12-10 20:15:54,245 - gerenciador_principal - INFO - Gerando relatório consolidado...
2025-12-10 20:15:54,440 - gerenciador_arquivos - INFO - Relatório consolidado salvo: dados_relatorios/relatorio_consolidado_20251210_201554.xlsx
2025-12-10 20:15:54,563 - gerenciador_conexoes - INFO - Chrome fechado
2025-12-10 20:15:54,563 - gerenciador_conexoes - INFO - Métodos utilizados - Requests: 33.3%, Selenium: 66.7%, Falhas: 0.0%
2025-12-10 20:15:54,563 - gerenciador_principal - INFO - ============================================================
2025-12-10 20:15:54,563 - gerenciador_principal - INFO - RELATORIO FINAL DE EXECUÇÃO
2025-12-10 20:15:54,563 - gerenciador_principal - INFO - ============================================================
2025-12-10 20:15:54,564 - gerenciador_principal - INFO - Sites processados: 3
2025-12-10 20:15:54,564 - gerenciador_principal - INFO - Sites com sucesso: 3
2025-12-10 20:15:54,564 - gerenciador_principal - INFO - Total de produtos coletados: 571
2025-12-10 20:15:54,564 - gerenciador_principal - INFO - Tempo total de execução: 250.9 segundos
2025-12-10 20:15:54,564 - gerenciador_principal - INFO - Estatísticas de conexão:
2025-12-10 20:15:54,564 - gerenciador_principal - INFO -   - Requests bem-sucedidos: 33.3%
2025-12-10 20:15:54,564 - gerenciador_principal - INFO -   - Selenium fallback: 66.7%
2025-12-10 20:15:54,564 - gerenciador_principal - INFO -   - Falhas totais: 0.0%
2025-12-10 20:15:54,565 - gerenciador_principal - INFO - Arquivos salvos na pasta: dados_coletados
2025-12-10 20:15:54,565 - gerenciador_principal - INFO - Total de arquivos: 219
2025-12-10 20:15:54,565 - gerenciador_principal - INFO - ============================================================
