2026-03-29 20:17:59,862 - configurador_logs - INFO - Sistema de logs configurado com sucesso
2026-03-29 20:17:59,862 - configurador_logs - INFO - 🚀 Logs configurados para MODO PRODUÇÃO
2026-03-29 20:17:59,862 - gerenciador_principal - INFO - Inicializando sistema - Modo: PRODUCAO
2026-03-29 20:17:59,862 - gerenciador_arquivos - INFO - Pasta dados_coletados preparada
2026-03-29 20:17:59,862 - gerenciador_principal - INFO - Sistema inicializado com 3 scrapers
2026-03-29 20:17:59,862 - gerenciador_principal - INFO - ============================================================
2026-03-29 20:17:59,862 - gerenciador_principal - INFO - INICIANDO SCRAPING COMPLETO - PRODUCAO
2026-03-29 20:17:59,862 - gerenciador_principal - INFO - ============================================================
2026-03-29 20:17:59,862 - gerenciador_principal - INFO - [1/3] Processando Cobasi
2026-03-29 20:17:59,862 - scraper_base - INFO - 🚀 Iniciando scraping completo - Cobasi
2026-03-29 20:18:10,278 - gerenciador_conexoes - INFO - Sessao estabelecida com cobasi.com.br
2026-03-29 20:18:10,279 - scraper_base - INFO - 📋 20 medicamentos para processar
2026-03-29 20:18:10,279 - scraper_base - INFO - 📦 [1/20] Processando Simparic
2026-03-29 20:18:10,279 - scraper_base - INFO - 🔍 Cobasi: Buscando Simparic
2026-03-29 20:18:14,470 - scraper_cobasi - INFO - Cobasi: Dados extraídos via JSON para Simparic
2026-03-29 20:18:14,470 - scraper_base - INFO - ✅ Cobasi: 12 produto(s) encontrado(s) para Simparic
2026-03-29 20:18:15,778 - scraper_base - INFO - 📦 [2/20] Processando Revolution
2026-03-29 20:18:15,779 - scraper_base - INFO - 🔍 Cobasi: Buscando Revolution
2026-03-29 20:18:19,907 - scraper_cobasi - INFO - Cobasi: Dados extraídos via JSON para Revolution
2026-03-29 20:18:19,907 - scraper_base - INFO - ✅ Cobasi: 18 produto(s) encontrado(s) para Revolution
2026-03-29 20:18:21,292 - scraper_base - INFO - 📦 [3/20] Processando NexGard
2026-03-29 20:18:21,292 - scraper_base - INFO - 🔍 Cobasi: Buscando NexGard
2026-03-29 20:18:27,298 - scraper_cobasi - INFO - Cobasi: Dados extraídos via JSON para NexGard
2026-03-29 20:18:27,299 - scraper_base - INFO - ✅ Cobasi: 22 produto(s) encontrado(s) para NexGard
2026-03-29 20:18:29,932 - scraper_base - INFO - 📦 [4/20] Processando NexGard Spectra
2026-03-29 20:18:29,932 - scraper_base - INFO - 🔍 Cobasi: Buscando NexGard Spectra
2026-03-29 20:18:33,457 - scraper_cobasi - INFO - Cobasi: Dados extraídos via JSON para NexGard Spectra
2026-03-29 20:18:33,457 - scraper_base - INFO - ✅ Cobasi: 10 produto(s) encontrado(s) para NexGard Spectra
2026-03-29 20:18:34,482 - scraper_base - INFO - 📦 [5/20] Processando NexGard Combo
2026-03-29 20:18:34,482 - scraper_base - INFO - 🔍 Cobasi: Buscando NexGard Combo
2026-03-29 20:18:37,476 - scraper_cobasi - INFO - Cobasi: Dados extraídos via JSON para NexGard Combo
2026-03-29 20:18:37,476 - scraper_base - INFO - ✅ Cobasi: 4 produto(s) encontrado(s) para NexGard Combo
2026-03-29 20:18:40,014 - scraper_base - INFO - 📦 [6/20] Processando Bravecto
2026-03-29 20:18:40,015 - scraper_base - INFO - 🔍 Cobasi: Buscando Bravecto
2026-03-29 20:18:41,494 - scraper_cobasi - INFO - Cobasi: Dados extraídos via JSON para Bravecto
2026-03-29 20:18:41,494 - scraper_base - INFO - ✅ Cobasi: 16 produto(s) encontrado(s) para Bravecto
2026-03-29 20:18:43,603 - scraper_base - INFO - 📦 [7/20] Processando Frontline
2026-03-29 20:18:43,603 - scraper_base - INFO - 🔍 Cobasi: Buscando Frontline
2026-03-29 20:18:47,764 - scraper_cobasi - INFO - Cobasi: Dados extraídos via JSON para Frontline
2026-03-29 20:18:47,764 - scraper_base - INFO - ✅ Cobasi: 11 produto(s) encontrado(s) para Frontline
2026-03-29 20:18:48,821 - scraper_base - INFO - 📦 [8/20] Processando Advocate
2026-03-29 20:18:48,821 - scraper_base - INFO - 🔍 Cobasi: Buscando Advocate
2026-03-29 20:18:56,754 - scraper_cobasi - INFO - Cobasi: Dados extraídos via JSON para Advocate
2026-03-29 20:18:56,754 - scraper_base - INFO - ✅ Cobasi: 12 produto(s) encontrado(s) para Advocate
2026-03-29 20:18:58,733 - scraper_base - INFO - 📦 [9/20] Processando Drontal
2026-03-29 20:18:58,733 - scraper_base - INFO - 🔍 Cobasi: Buscando Drontal
2026-03-29 20:19:03,219 - scraper_cobasi - INFO - Cobasi: Dados extraídos via JSON para Drontal
2026-03-29 20:19:03,219 - scraper_base - INFO - ✅ Cobasi: 8 produto(s) encontrado(s) para Drontal
2026-03-29 20:19:05,675 - scraper_base - INFO - 📦 [10/20] Processando Milbemax
2026-03-29 20:19:05,676 - scraper_base - INFO - 🔍 Cobasi: Buscando Milbemax
2026-03-29 20:19:09,092 - scraper_cobasi - INFO - Cobasi: Dados extraídos via JSON para Milbemax
2026-03-29 20:19:09,093 - scraper_base - INFO - ✅ Cobasi: 4 produto(s) encontrado(s) para Milbemax
2026-03-29 20:19:11,215 - scraper_base - INFO - 📦 [11/20] Processando Vermivet
2026-03-29 20:19:11,216 - scraper_base - INFO - 🔍 Cobasi: Buscando Vermivet
2026-03-29 20:19:16,606 - scraper_cobasi - INFO - Cobasi: Dados extraídos via JSON para Vermivet
2026-03-29 20:19:16,606 - scraper_base - INFO - ✅ Cobasi: 5 produto(s) encontrado(s) para Vermivet
2026-03-29 20:19:18,001 - scraper_base - INFO - 📦 [12/20] Processando Rimadyl
2026-03-29 20:19:18,001 - scraper_base - INFO - 🔍 Cobasi: Buscando Rimadyl
2026-03-29 20:19:21,098 - scraper_cobasi - INFO - Cobasi: Dados extraídos via JSON para Rimadyl
2026-03-29 20:19:21,098 - scraper_base - INFO - ✅ Cobasi: 3 produto(s) encontrado(s) para Rimadyl
2026-03-29 20:19:23,812 - scraper_base - INFO - 📦 [13/20] Processando Onsior
2026-03-29 20:19:23,812 - scraper_base - INFO - 🔍 Cobasi: Buscando Onsior
2026-03-29 20:19:28,221 - scraper_cobasi - INFO - Cobasi: Dados extraídos via JSON para Onsior
2026-03-29 20:19:28,222 - scraper_base - INFO - ✅ Cobasi: 4 produto(s) encontrado(s) para Onsior
2026-03-29 20:19:30,762 - scraper_base - INFO - 📦 [14/20] Processando Maxicam
2026-03-29 20:19:30,762 - scraper_base - INFO - 🔍 Cobasi: Buscando Maxicam
2026-03-29 20:19:33,374 - scraper_cobasi - INFO - Cobasi: Dados extraídos via JSON para Maxicam
2026-03-29 20:19:33,375 - scraper_base - INFO - ✅ Cobasi: 3 produto(s) encontrado(s) para Maxicam
2026-03-29 20:19:34,518 - scraper_base - INFO - 📦 [15/20] Processando Carproflan
2026-03-29 20:19:34,518 - scraper_base - INFO - 🔍 Cobasi: Buscando Carproflan
2026-03-29 20:19:37,176 - scraper_cobasi - INFO - Cobasi: Dados extraídos via JSON para Carproflan
2026-03-29 20:19:37,176 - scraper_base - INFO - ✅ Cobasi: 3 produto(s) encontrado(s) para Carproflan
2026-03-29 20:19:38,282 - scraper_base - INFO - 📦 [16/20] Processando Previcox
2026-03-29 20:19:38,282 - scraper_base - INFO - 🔍 Cobasi: Buscando Previcox
2026-03-29 20:19:40,924 - scraper_cobasi - INFO - Cobasi: Dados extraídos via JSON para Previcox
2026-03-29 20:19:40,924 - scraper_base - INFO - ✅ Cobasi: 2 produto(s) encontrado(s) para Previcox
2026-03-29 20:19:43,132 - scraper_base - INFO - 📦 [17/20] Processando Apoquel
2026-03-29 20:19:43,132 - scraper_base - INFO - 🔍 Cobasi: Buscando Apoquel
2026-03-29 20:19:47,599 - scraper_cobasi - INFO - Cobasi: Dados extraídos via JSON para Apoquel
2026-03-29 20:19:47,599 - scraper_base - INFO - ✅ Cobasi: 3 produto(s) encontrado(s) para Apoquel
2026-03-29 20:19:50,528 - scraper_base - INFO - 📦 [18/20] Processando Zenrelia
2026-03-29 20:19:50,528 - scraper_base - INFO - 🔍 Cobasi: Buscando Zenrelia
2026-03-29 20:19:53,356 - scraper_cobasi - INFO - Cobasi: Dados extraídos via JSON para Zenrelia
2026-03-29 20:19:53,356 - scraper_base - INFO - ✅ Cobasi: 4 produto(s) encontrado(s) para Zenrelia
2026-03-29 20:19:56,159 - scraper_base - INFO - 📦 [19/20] Processando Synulox
2026-03-29 20:19:56,159 - scraper_base - INFO - 🔍 Cobasi: Buscando Synulox
2026-03-29 20:20:00,224 - scraper_cobasi - INFO - Cobasi: Dados extraídos via JSON para Synulox
2026-03-29 20:20:00,224 - scraper_base - INFO - ✅ Cobasi: 2 produto(s) encontrado(s) para Synulox
2026-03-29 20:20:02,701 - scraper_base - INFO - 📦 [20/20] Processando Baytril
2026-03-29 20:20:02,701 - scraper_base - INFO - 🔍 Cobasi: Buscando Baytril
2026-03-29 20:20:05,987 - scraper_cobasi - INFO - Cobasi: Dados extraídos via JSON para Baytril
2026-03-29 20:20:05,987 - scraper_base - INFO - ✅ Cobasi: 3 produto(s) encontrado(s) para Baytril
2026-03-29 20:20:08,628 - scraper_base - INFO - 📊 Cobasi - Estatísticas finais:
2026-03-29 20:20:08,628 - scraper_base - INFO -    • Medicamentos processados: 20
2026-03-29 20:20:08,628 - scraper_base - INFO -    • Produtos encontrados: 149
2026-03-29 20:20:08,628 - scraper_base - INFO -    • Medicamentos sem resultado: 0
2026-03-29 20:20:08,628 - scraper_base - INFO -    • Tempo total: 128.8s
2026-03-29 20:20:08,628 - scraper_base - INFO -    • Tempo médio por medicamento: 6.4s
2026-03-29 20:20:08,767 - gerenciador_arquivos - INFO - Excel salvo: dados_coletados/cobasi_20260329_202008.xlsx (149 produtos)
2026-03-29 20:20:08,767 - gerenciador_principal - INFO - Cobasi: Arquivo individual salvo com sucesso
2026-03-29 20:20:08,767 - gerenciador_principal - INFO - Pausando entre sites...
2026-03-29 20:20:10,767 - gerenciador_principal - INFO - [2/3] Processando Petlove
2026-03-29 20:20:10,767 - scraper_base - INFO - 🚀 Iniciando scraping completo - Petlove
2026-03-29 20:20:11,016 - scraper_base - INFO - 📋 20 medicamentos para processar
2026-03-29 20:20:11,016 - scraper_base - INFO - 📦 [1/20] Processando Simparic
2026-03-29 20:20:11,016 - scraper_base - INFO - 🔍 Petlove: Buscando Simparic
2026-03-29 20:20:15,217 - gerenciador_conexoes - INFO - Chrome inicializado com otimizacoes de velocidade
2026-03-29 20:20:18,306 - scraper_base - INFO - ✅ Petlove: 27 produto(s) encontrado(s) para Simparic
2026-03-29 20:20:20,296 - scraper_base - INFO - 📦 [2/20] Processando Revolution
2026-03-29 20:20:20,296 - scraper_base - INFO - 🔍 Petlove: Buscando Revolution
2026-03-29 20:20:22,213 - scraper_base - INFO - ✅ Petlove: 20 produto(s) encontrado(s) para Revolution
2026-03-29 20:20:23,727 - scraper_base - INFO - 📦 [3/20] Processando NexGard
2026-03-29 20:20:23,727 - scraper_base - INFO - 🔍 Petlove: Buscando NexGard
2026-03-29 20:20:25,150 - scraper_base - INFO - ✅ Petlove: 11 produto(s) encontrado(s) para NexGard
2026-03-29 20:20:27,560 - scraper_base - INFO - 📦 [4/20] Processando NexGard Spectra
2026-03-29 20:20:27,560 - scraper_base - INFO - 🔍 Petlove: Buscando NexGard Spectra
2026-03-29 20:20:28,864 - scraper_base - INFO - ✅ Petlove: 5 produto(s) encontrado(s) para NexGard Spectra
2026-03-29 20:20:31,439 - scraper_base - INFO - 📦 [5/20] Processando NexGard Combo
2026-03-29 20:20:31,440 - scraper_base - INFO - 🔍 Petlove: Buscando NexGard Combo
2026-03-29 20:20:32,847 - scraper_base - INFO - ✅ Petlove: 2 produto(s) encontrado(s) para NexGard Combo
2026-03-29 20:20:35,034 - scraper_base - INFO - 📦 [6/20] Processando Bravecto
2026-03-29 20:20:35,034 - scraper_base - INFO - 🔍 Petlove: Buscando Bravecto
2026-03-29 20:20:36,800 - scraper_base - INFO - ✅ Petlove: 23 produto(s) encontrado(s) para Bravecto
2026-03-29 20:20:38,935 - scraper_base - INFO - 📦 [7/20] Processando Frontline
2026-03-29 20:20:38,935 - scraper_base - INFO - 🔍 Petlove: Buscando Frontline
2026-03-29 20:20:40,494 - scraper_base - INFO - ✅ Petlove: 11 produto(s) encontrado(s) para Frontline
2026-03-29 20:20:43,458 - scraper_base - INFO - 📦 [8/20] Processando Advocate
2026-03-29 20:20:43,458 - scraper_base - INFO - 🔍 Petlove: Buscando Advocate
2026-03-29 20:20:45,092 - scraper_base - INFO - ✅ Petlove: 9 produto(s) encontrado(s) para Advocate
2026-03-29 20:20:47,876 - scraper_base - INFO - 📦 [9/20] Processando Drontal
2026-03-29 20:20:47,876 - scraper_base - INFO - 🔍 Petlove: Buscando Drontal
2026-03-29 20:20:49,678 - scraper_base - INFO - ✅ Petlove: 36 produto(s) encontrado(s) para Drontal
2026-03-29 20:20:51,129 - scraper_base - INFO - 📦 [10/20] Processando Milbemax
2026-03-29 20:20:51,129 - scraper_base - INFO - 🔍 Petlove: Buscando Milbemax
2026-03-29 20:20:52,691 - scraper_base - INFO - ✅ Petlove: 14 produto(s) encontrado(s) para Milbemax
2026-03-29 20:20:54,947 - scraper_base - INFO - 📦 [11/20] Processando Vermivet
2026-03-29 20:20:54,947 - scraper_base - INFO - 🔍 Petlove: Buscando Vermivet
2026-03-29 20:20:57,068 - scraper_base - INFO - ✅ Petlove: 36 produto(s) encontrado(s) para Vermivet
2026-03-29 20:20:59,250 - scraper_base - INFO - 📦 [12/20] Processando Rimadyl
2026-03-29 20:20:59,251 - scraper_base - INFO - 🔍 Petlove: Buscando Rimadyl
2026-03-29 20:21:00,801 - scraper_base - INFO - ✅ Petlove: 1 produto(s) encontrado(s) para Rimadyl
2026-03-29 20:21:02,639 - scraper_base - INFO - 📦 [13/20] Processando Onsior
2026-03-29 20:21:02,639 - scraper_base - INFO - 🔍 Petlove: Buscando Onsior
2026-03-29 20:21:04,792 - scraper_base - INFO - ✅ Petlove: 4 produto(s) encontrado(s) para Onsior
2026-03-29 20:21:06,239 - scraper_base - INFO - 📦 [14/20] Processando Maxicam
2026-03-29 20:21:06,239 - scraper_base - INFO - 🔍 Petlove: Buscando Maxicam
2026-03-29 20:21:08,365 - scraper_base - INFO - ✅ Petlove: 3 produto(s) encontrado(s) para Maxicam
2026-03-29 20:21:09,611 - scraper_base - INFO - 📦 [15/20] Processando Carproflan
2026-03-29 20:21:09,611 - scraper_base - INFO - 🔍 Petlove: Buscando Carproflan
2026-03-29 20:21:11,003 - scraper_base - INFO - ✅ Petlove: 8 produto(s) encontrado(s) para Carproflan
2026-03-29 20:21:12,006 - scraper_base - INFO - 📦 [16/20] Processando Previcox
2026-03-29 20:21:12,006 - scraper_base - INFO - 🔍 Petlove: Buscando Previcox
2026-03-29 20:21:13,448 - scraper_base - INFO - ✅ Petlove: 4 produto(s) encontrado(s) para Previcox
2026-03-29 20:21:14,571 - scraper_base - INFO - 📦 [17/20] Processando Apoquel
2026-03-29 20:21:14,571 - scraper_base - INFO - 🔍 Petlove: Buscando Apoquel
2026-03-29 20:21:16,079 - scraper_base - INFO - ✅ Petlove: 16 produto(s) encontrado(s) para Apoquel
2026-03-29 20:21:18,032 - scraper_base - INFO - 📦 [18/20] Processando Zenrelia
2026-03-29 20:21:18,032 - scraper_base - INFO - 🔍 Petlove: Buscando Zenrelia
2026-03-29 20:21:19,549 - scraper_base - INFO - ✅ Petlove: 4 produto(s) encontrado(s) para Zenrelia
2026-03-29 20:21:21,970 - scraper_base - INFO - 📦 [19/20] Processando Synulox
2026-03-29 20:21:21,970 - scraper_base - INFO - 🔍 Petlove: Buscando Synulox
2026-03-29 20:21:23,373 - scraper_base - INFO - ✅ Petlove: 1 produto(s) encontrado(s) para Synulox
2026-03-29 20:21:25,701 - scraper_base - INFO - 📦 [20/20] Processando Baytril
2026-03-29 20:21:25,701 - scraper_base - INFO - 🔍 Petlove: Buscando Baytril
2026-03-29 20:21:27,118 - scraper_base - INFO - ✅ Petlove: 4 produto(s) encontrado(s) para Baytril
2026-03-29 20:21:29,662 - scraper_base - INFO - 📊 Petlove - Estatísticas finais:
2026-03-29 20:21:29,663 - scraper_base - INFO -    • Medicamentos processados: 20
2026-03-29 20:21:29,663 - scraper_base - INFO -    • Produtos encontrados: 239
2026-03-29 20:21:29,663 - scraper_base - INFO -    • Medicamentos sem resultado: 0
2026-03-29 20:21:29,663 - scraper_base - INFO -    • Tempo total: 78.9s
2026-03-29 20:21:29,663 - scraper_base - INFO -    • Tempo médio por medicamento: 3.9s
2026-03-29 20:21:29,704 - gerenciador_arquivos - INFO - Excel salvo: dados_coletados/petlove_20260329_202129.xlsx (239 produtos)
2026-03-29 20:21:29,705 - gerenciador_principal - INFO - Petlove: Arquivo individual salvo com sucesso
2026-03-29 20:21:29,705 - gerenciador_principal - INFO - Pausando entre sites...
2026-03-29 20:21:31,705 - gerenciador_principal - INFO - [3/3] Processando Petz
2026-03-29 20:21:31,705 - scraper_base - INFO - 🚀 Iniciando scraping completo - Petz
2026-03-29 20:21:32,050 - scraper_base - INFO - 📋 20 medicamentos para processar
2026-03-29 20:21:32,051 - scraper_base - INFO - 📦 [1/20] Processando Simparic
2026-03-29 20:21:32,051 - scraper_base - INFO - 🔍 Petz: Buscando Simparic
2026-03-29 20:21:32,226 - scraper_petz - INFO - Petz: Nenhum product-card encontrado para Simparic
2026-03-29 20:21:32,227 - scraper_base - INFO - ⚪ Petz: Nenhum produto encontrado para Simparic
2026-03-29 20:21:34,116 - scraper_base - INFO - 📦 [2/20] Processando Revolution
2026-03-29 20:21:34,117 - scraper_base - INFO - 🔍 Petz: Buscando Revolution
2026-03-29 20:21:34,248 - scraper_petz - INFO - Petz: Nenhum product-card encontrado para Revolution
2026-03-29 20:21:34,248 - scraper_base - INFO - ⚪ Petz: Nenhum produto encontrado para Revolution
2026-03-29 20:21:35,867 - scraper_base - INFO - 📦 [3/20] Processando NexGard
2026-03-29 20:21:35,868 - scraper_base - INFO - 🔍 Petz: Buscando NexGard
2026-03-29 20:21:36,040 - scraper_petz - INFO - Petz: Nenhum product-card encontrado para NexGard
2026-03-29 20:21:36,041 - scraper_base - INFO - ⚪ Petz: Nenhum produto encontrado para NexGard
2026-03-29 20:21:38,129 - scraper_base - INFO - 📦 [4/20] Processando NexGard Spectra
2026-03-29 20:21:38,130 - scraper_base - INFO - 🔍 Petz: Buscando NexGard Spectra
2026-03-29 20:21:38,244 - scraper_petz - INFO - Petz: Nenhum product-card encontrado para NexGard Spectra
2026-03-29 20:21:38,244 - scraper_base - INFO - ⚪ Petz: Nenhum produto encontrado para NexGard Spectra
2026-03-29 20:21:41,199 - scraper_base - INFO - 📦 [5/20] Processando NexGard Combo
2026-03-29 20:21:41,199 - scraper_base - INFO - 🔍 Petz: Buscando NexGard Combo
2026-03-29 20:21:41,325 - scraper_petz - INFO - Petz: Nenhum product-card encontrado para NexGard Combo
2026-03-29 20:21:41,325 - scraper_base - INFO - ⚪ Petz: Nenhum produto encontrado para NexGard Combo
2026-03-29 20:21:43,940 - scraper_base - INFO - 📦 [6/20] Processando Bravecto
2026-03-29 20:21:43,940 - scraper_base - INFO - 🔍 Petz: Buscando Bravecto
2026-03-29 20:21:44,062 - scraper_petz - INFO - Petz: Nenhum product-card encontrado para Bravecto
2026-03-29 20:21:44,063 - scraper_base - INFO - ⚪ Petz: Nenhum produto encontrado para Bravecto
2026-03-29 20:21:45,512 - scraper_base - INFO - 📦 [7/20] Processando Frontline
2026-03-29 20:21:45,513 - scraper_base - INFO - 🔍 Petz: Buscando Frontline
2026-03-29 20:21:45,629 - scraper_petz - INFO - Petz: Nenhum product-card encontrado para Frontline
2026-03-29 20:21:45,629 - scraper_base - INFO - ⚪ Petz: Nenhum produto encontrado para Frontline
2026-03-29 20:21:48,555 - scraper_base - INFO - 📦 [8/20] Processando Advocate
2026-03-29 20:21:48,555 - scraper_base - INFO - 🔍 Petz: Buscando Advocate
2026-03-29 20:21:48,668 - scraper_petz - INFO - Petz: Nenhum product-card encontrado para Advocate
2026-03-29 20:21:48,668 - scraper_base - INFO - ⚪ Petz: Nenhum produto encontrado para Advocate
2026-03-29 20:21:50,999 - scraper_base - INFO - 📦 [9/20] Processando Drontal
2026-03-29 20:21:50,999 - scraper_base - INFO - 🔍 Petz: Buscando Drontal
2026-03-29 20:21:51,124 - scraper_petz - INFO - Petz: Nenhum product-card encontrado para Drontal
2026-03-29 20:21:51,124 - scraper_base - INFO - ⚪ Petz: Nenhum produto encontrado para Drontal
2026-03-29 20:21:52,780 - scraper_base - INFO - 📦 [10/20] Processando Milbemax
2026-03-29 20:21:52,780 - scraper_base - INFO - 🔍 Petz: Buscando Milbemax
2026-03-29 20:21:53,201 - scraper_petz - INFO - Petz: Nenhum product-card encontrado para Milbemax
2026-03-29 20:21:53,201 - scraper_base - INFO - ⚪ Petz: Nenhum produto encontrado para Milbemax
2026-03-29 20:21:55,083 - scraper_base - INFO - 📦 [11/20] Processando Vermivet
2026-03-29 20:21:55,083 - scraper_base - INFO - 🔍 Petz: Buscando Vermivet
2026-03-29 20:21:55,200 - scraper_petz - INFO - Petz: Nenhum product-card encontrado para Vermivet
2026-03-29 20:21:55,200 - scraper_base - INFO - ⚪ Petz: Nenhum produto encontrado para Vermivet
2026-03-29 20:21:57,990 - scraper_base - INFO - 📦 [12/20] Processando Rimadyl
2026-03-29 20:21:57,990 - scraper_base - INFO - 🔍 Petz: Buscando Rimadyl
2026-03-29 20:21:58,161 - scraper_petz - INFO - Petz: Nenhum product-card encontrado para Rimadyl
2026-03-29 20:21:58,161 - scraper_base - INFO - ⚪ Petz: Nenhum produto encontrado para Rimadyl
2026-03-29 20:22:00,482 - scraper_base - INFO - 📦 [13/20] Processando Onsior
2026-03-29 20:22:00,482 - scraper_base - INFO - 🔍 Petz: Buscando Onsior
2026-03-29 20:22:00,592 - scraper_petz - INFO - Petz: Nenhum product-card encontrado para Onsior
2026-03-29 20:22:00,593 - scraper_base - INFO - ⚪ Petz: Nenhum produto encontrado para Onsior
2026-03-29 20:22:03,254 - scraper_base - INFO - 📦 [14/20] Processando Maxicam
2026-03-29 20:22:03,254 - scraper_base - INFO - 🔍 Petz: Buscando Maxicam
2026-03-29 20:22:03,366 - scraper_petz - INFO - Petz: Nenhum product-card encontrado para Maxicam
2026-03-29 20:22:03,366 - scraper_base - INFO - ⚪ Petz: Nenhum produto encontrado para Maxicam
2026-03-29 20:22:06,130 - scraper_base - INFO - 📦 [15/20] Processando Carproflan
2026-03-29 20:22:06,131 - scraper_base - INFO - 🔍 Petz: Buscando Carproflan
2026-03-29 20:22:06,240 - scraper_petz - INFO - Petz: Nenhum product-card encontrado para Carproflan
2026-03-29 20:22:06,240 - scraper_base - INFO - ⚪ Petz: Nenhum produto encontrado para Carproflan
2026-03-29 20:22:09,218 - scraper_base - INFO - 📦 [16/20] Processando Previcox
2026-03-29 20:22:09,218 - scraper_base - INFO - 🔍 Petz: Buscando Previcox
2026-03-29 20:22:09,351 - scraper_petz - INFO - Petz: Nenhum product-card encontrado para Previcox
2026-03-29 20:22:09,351 - scraper_base - INFO - ⚪ Petz: Nenhum produto encontrado para Previcox
2026-03-29 20:22:12,323 - scraper_base - INFO - 📦 [17/20] Processando Apoquel
2026-03-29 20:22:12,323 - scraper_base - INFO - 🔍 Petz: Buscando Apoquel
2026-03-29 20:22:12,625 - scraper_petz - INFO - Petz: Nenhum product-card encontrado para Apoquel
2026-03-29 20:22:12,625 - scraper_base - INFO - ⚪ Petz: Nenhum produto encontrado para Apoquel
2026-03-29 20:22:14,923 - scraper_base - INFO - 📦 [18/20] Processando Zenrelia
2026-03-29 20:22:14,924 - scraper_base - INFO - 🔍 Petz: Buscando Zenrelia
2026-03-29 20:22:15,041 - scraper_petz - INFO - Petz: Nenhum product-card encontrado para Zenrelia
2026-03-29 20:22:15,041 - scraper_base - INFO - ⚪ Petz: Nenhum produto encontrado para Zenrelia
2026-03-29 20:22:16,103 - scraper_base - INFO - 📦 [19/20] Processando Synulox
2026-03-29 20:22:16,103 - scraper_base - INFO - 🔍 Petz: Buscando Synulox
2026-03-29 20:22:16,223 - scraper_petz - INFO - Petz: Nenhum product-card encontrado para Synulox
2026-03-29 20:22:16,223 - scraper_base - INFO - ⚪ Petz: Nenhum produto encontrado para Synulox
2026-03-29 20:22:19,049 - scraper_base - INFO - 📦 [20/20] Processando Baytril
2026-03-29 20:22:19,049 - scraper_base - INFO - 🔍 Petz: Buscando Baytril
2026-03-29 20:22:19,169 - scraper_petz - INFO - Petz: Nenhum product-card encontrado para Baytril
2026-03-29 20:22:19,169 - scraper_base - INFO - ⚪ Petz: Nenhum produto encontrado para Baytril
2026-03-29 20:22:20,409 - scraper_base - INFO - 📊 Petz - Estatísticas finais:
2026-03-29 20:22:20,409 - scraper_base - INFO -    • Medicamentos processados: 20
2026-03-29 20:22:20,409 - scraper_base - INFO -    • Produtos encontrados: 0
2026-03-29 20:22:20,409 - scraper_base - INFO -    • Medicamentos sem resultado: 20
2026-03-29 20:22:20,409 - scraper_base - INFO -    • Tempo total: 48.7s
2026-03-29 20:22:20,409 - scraper_base - INFO -    • Tempo médio por medicamento: 2.4s
2026-03-29 20:22:20,409 - gerenciador_principal - WARNING - Petz: Nenhum produto coletado
2026-03-29 20:22:20,409 - gerenciador_principal - INFO - Gerando relatório consolidado...
2026-03-29 20:22:20,530 - gerenciador_arquivos - INFO - Relatório consolidado salvo: dados_relatorios/relatorio_consolidado_20260329_202220.xlsx
2026-03-29 20:22:20,607 - gerenciador_conexoes - INFO - Chrome fechado
2026-03-29 20:22:20,607 - gerenciador_conexoes - INFO - Métodos utilizados - Requests: 33.3%, Selenium: 66.7%, Falhas: 0.0%
2026-03-29 20:22:20,607 - gerenciador_principal - INFO - ============================================================
2026-03-29 20:22:20,607 - gerenciador_principal - INFO - RELATORIO FINAL DE EXECUÇÃO
2026-03-29 20:22:20,607 - gerenciador_principal - INFO - ============================================================
2026-03-29 20:22:20,607 - gerenciador_principal - INFO - Sites processados: 3
2026-03-29 20:22:20,607 - gerenciador_principal - INFO - Sites com sucesso: 2
2026-03-29 20:22:20,607 - gerenciador_principal - INFO - Total de produtos coletados: 388
2026-03-29 20:22:20,607 - gerenciador_principal - WARNING - Sites com falhas: Petz
2026-03-29 20:22:20,608 - gerenciador_principal - INFO - Tempo total de execução: 260.5 segundos
2026-03-29 20:22:20,608 - gerenciador_principal - INFO - Estatísticas de conexão:
2026-03-29 20:22:20,608 - gerenciador_principal - INFO -   - Requests bem-sucedidos: 33.3%
2026-03-29 20:22:20,608 - gerenciador_principal - INFO -   - Selenium fallback: 66.7%
2026-03-29 20:22:20,608 - gerenciador_principal - INFO -   - Falhas totais: 0.0%
2026-03-29 20:22:20,610 - gerenciador_principal - INFO - Arquivos salvos na pasta: dados_coletados
2026-03-29 20:22:20,610 - gerenciador_principal - INFO - Total de arquivos: 530
2026-03-29 20:22:20,610 - gerenciador_principal - INFO - ============================================================
