2026-06-27 20:46:32,130 - configurador_logs - INFO - Sistema de logs configurado com sucesso
2026-06-27 20:46:32,130 - configurador_logs - INFO - 🚀 Logs configurados para MODO PRODUÇÃO
2026-06-27 20:46:32,130 - gerenciador_principal - INFO - Inicializando sistema - Modo: PRODUCAO
2026-06-27 20:46:32,131 - gerenciador_arquivos - INFO - Pasta dados_coletados preparada
2026-06-27 20:46:32,131 - gerenciador_principal - INFO - Sistema inicializado com 3 scrapers
2026-06-27 20:46:32,131 - gerenciador_principal - INFO - ============================================================
2026-06-27 20:46:32,131 - gerenciador_principal - INFO - INICIANDO SCRAPING COMPLETO - PRODUCAO
2026-06-27 20:46:32,131 - gerenciador_principal - INFO - ============================================================
2026-06-27 20:46:32,131 - gerenciador_principal - INFO - [1/3] Processando Cobasi
2026-06-27 20:46:32,131 - scraper_base - INFO - 🚀 Iniciando scraping completo - Cobasi
2026-06-27 20:46:33,012 - gerenciador_conexoes - INFO - Sessao estabelecida com cobasi.com.br
2026-06-27 20:46:33,013 - scraper_base - INFO - 📋 20 medicamentos para processar
2026-06-27 20:46:33,013 - scraper_base - INFO - 📦 [1/20] Processando Simparic
2026-06-27 20:46:33,013 - scraper_base - INFO - 🔍 Cobasi: Buscando Simparic
2026-06-27 20:46:38,033 - scraper_cobasi - INFO - Cobasi: Dados extraídos via JSON para Simparic
2026-06-27 20:46:38,033 - scraper_base - INFO - ✅ Cobasi: 24 produto(s) encontrado(s) para Simparic
2026-06-27 20:46:39,536 - scraper_base - INFO - 📦 [2/20] Processando Revolution
2026-06-27 20:46:39,536 - scraper_base - INFO - 🔍 Cobasi: Buscando Revolution
2026-06-27 20:46:43,911 - scraper_cobasi - INFO - Cobasi: Dados extraídos via JSON para Revolution
2026-06-27 20:46:43,912 - scraper_base - INFO - ✅ Cobasi: 18 produto(s) encontrado(s) para Revolution
2026-06-27 20:46:44,972 - scraper_base - INFO - 📦 [3/20] Processando NexGard
2026-06-27 20:46:44,972 - scraper_base - INFO - 🔍 Cobasi: Buscando NexGard
2026-06-27 20:46:49,000 - scraper_cobasi - INFO - Cobasi: Dados extraídos via JSON para NexGard
2026-06-27 20:46:49,001 - scraper_base - INFO - ✅ Cobasi: 22 produto(s) encontrado(s) para NexGard
2026-06-27 20:46:51,894 - scraper_base - INFO - 📦 [4/20] Processando NexGard Spectra
2026-06-27 20:46:51,894 - scraper_base - INFO - 🔍 Cobasi: Buscando NexGard Spectra
2026-06-27 20:46:56,763 - scraper_cobasi - INFO - Cobasi: Dados extraídos via JSON para NexGard Spectra
2026-06-27 20:46:56,763 - scraper_base - INFO - ✅ Cobasi: 10 produto(s) encontrado(s) para NexGard Spectra
2026-06-27 20:46:58,659 - scraper_base - INFO - 📦 [5/20] Processando NexGard Combo
2026-06-27 20:46:58,659 - scraper_base - INFO - 🔍 Cobasi: Buscando NexGard Combo
2026-06-27 20:47:01,473 - scraper_cobasi - INFO - Cobasi: Dados extraídos via JSON para NexGard Combo
2026-06-27 20:47:01,474 - scraper_base - INFO - ✅ Cobasi: 4 produto(s) encontrado(s) para NexGard Combo
2026-06-27 20:47:02,490 - scraper_base - INFO - 📦 [6/20] Processando Bravecto
2026-06-27 20:47:02,490 - scraper_base - INFO - 🔍 Cobasi: Buscando Bravecto
2026-06-27 20:47:06,174 - scraper_cobasi - INFO - Cobasi: Dados extraídos via JSON para Bravecto
2026-06-27 20:47:06,174 - scraper_base - INFO - ✅ Cobasi: 16 produto(s) encontrado(s) para Bravecto
2026-06-27 20:47:08,737 - scraper_base - INFO - 📦 [7/20] Processando Frontline
2026-06-27 20:47:08,737 - scraper_base - INFO - 🔍 Cobasi: Buscando Frontline
2026-06-27 20:47:13,612 - scraper_cobasi - INFO - Cobasi: Dados extraídos via JSON para Frontline
2026-06-27 20:47:13,612 - scraper_base - INFO - ✅ Cobasi: 11 produto(s) encontrado(s) para Frontline
2026-06-27 20:47:15,821 - scraper_base - INFO - 📦 [8/20] Processando Advocate
2026-06-27 20:47:15,821 - scraper_base - INFO - 🔍 Cobasi: Buscando Advocate
2026-06-27 20:47:19,817 - scraper_cobasi - INFO - Cobasi: Dados extraídos via JSON para Advocate
2026-06-27 20:47:19,817 - scraper_base - INFO - ✅ Cobasi: 12 produto(s) encontrado(s) para Advocate
2026-06-27 20:47:22,109 - scraper_base - INFO - 📦 [9/20] Processando Drontal
2026-06-27 20:47:22,109 - scraper_base - INFO - 🔍 Cobasi: Buscando Drontal
2026-06-27 20:47:26,192 - scraper_cobasi - INFO - Cobasi: Dados extraídos via JSON para Drontal
2026-06-27 20:47:26,192 - scraper_base - INFO - ✅ Cobasi: 8 produto(s) encontrado(s) para Drontal
2026-06-27 20:47:28,218 - scraper_base - INFO - 📦 [10/20] Processando Milbemax
2026-06-27 20:47:28,218 - scraper_base - INFO - 🔍 Cobasi: Buscando Milbemax
2026-06-27 20:47:31,116 - scraper_cobasi - INFO - Cobasi: Dados extraídos via JSON para Milbemax
2026-06-27 20:47:31,116 - scraper_base - INFO - ✅ Cobasi: 4 produto(s) encontrado(s) para Milbemax
2026-06-27 20:47:33,395 - scraper_base - INFO - 📦 [11/20] Processando Vermivet
2026-06-27 20:47:33,395 - scraper_base - INFO - 🔍 Cobasi: Buscando Vermivet
2026-06-27 20:47:36,938 - scraper_cobasi - INFO - Cobasi: Dados extraídos via JSON para Vermivet
2026-06-27 20:47:36,939 - scraper_base - INFO - ✅ Cobasi: 5 produto(s) encontrado(s) para Vermivet
2026-06-27 20:47:39,548 - scraper_base - INFO - 📦 [12/20] Processando Rimadyl
2026-06-27 20:47:39,548 - scraper_base - INFO - 🔍 Cobasi: Buscando Rimadyl
2026-06-27 20:47:44,048 - scraper_cobasi - INFO - Cobasi: Dados extraídos via JSON para Rimadyl
2026-06-27 20:47:44,048 - scraper_base - INFO - ✅ Cobasi: 3 produto(s) encontrado(s) para Rimadyl
2026-06-27 20:47:46,617 - scraper_base - INFO - 📦 [13/20] Processando Onsior
2026-06-27 20:47:46,617 - scraper_base - INFO - 🔍 Cobasi: Buscando Onsior
2026-06-27 20:47:49,752 - scraper_cobasi - INFO - Cobasi: Dados extraídos via JSON para Onsior
2026-06-27 20:47:49,752 - scraper_base - INFO - ✅ Cobasi: 4 produto(s) encontrado(s) para Onsior
2026-06-27 20:47:50,851 - scraper_base - INFO - 📦 [14/20] Processando Maxicam
2026-06-27 20:47:50,851 - scraper_base - INFO - 🔍 Cobasi: Buscando Maxicam
2026-06-27 20:47:55,641 - scraper_cobasi - INFO - Cobasi: Dados extraídos via JSON para Maxicam
2026-06-27 20:47:55,641 - scraper_base - INFO - ✅ Cobasi: 3 produto(s) encontrado(s) para Maxicam
2026-06-27 20:47:57,840 - scraper_base - INFO - 📦 [15/20] Processando Carproflan
2026-06-27 20:47:57,840 - scraper_base - INFO - 🔍 Cobasi: Buscando Carproflan
2026-06-27 20:48:00,998 - scraper_cobasi - INFO - Cobasi: Dados extraídos via JSON para Carproflan
2026-06-27 20:48:00,998 - scraper_base - INFO - ✅ Cobasi: 3 produto(s) encontrado(s) para Carproflan
2026-06-27 20:48:03,415 - scraper_base - INFO - 📦 [16/20] Processando Previcox
2026-06-27 20:48:03,416 - scraper_base - INFO - 🔍 Cobasi: Buscando Previcox
2026-06-27 20:48:06,500 - scraper_cobasi - INFO - Cobasi: Dados extraídos via JSON para Previcox
2026-06-27 20:48:06,500 - scraper_base - INFO - ✅ Cobasi: 2 produto(s) encontrado(s) para Previcox
2026-06-27 20:48:07,759 - scraper_base - INFO - 📦 [17/20] Processando Apoquel
2026-06-27 20:48:07,759 - scraper_base - INFO - 🔍 Cobasi: Buscando Apoquel
2026-06-27 20:48:10,623 - scraper_cobasi - INFO - Cobasi: Dados extraídos via JSON para Apoquel
2026-06-27 20:48:10,623 - scraper_base - INFO - ✅ Cobasi: 3 produto(s) encontrado(s) para Apoquel
2026-06-27 20:48:13,118 - scraper_base - INFO - 📦 [18/20] Processando Zenrelia
2026-06-27 20:48:13,118 - scraper_base - INFO - 🔍 Cobasi: Buscando Zenrelia
2026-06-27 20:48:17,980 - scraper_cobasi - INFO - Cobasi: Dados extraídos via JSON para Zenrelia
2026-06-27 20:48:17,980 - scraper_base - INFO - ✅ Cobasi: 3 produto(s) encontrado(s) para Zenrelia
2026-06-27 20:48:19,662 - scraper_base - INFO - 📦 [19/20] Processando Synulox
2026-06-27 20:48:19,663 - scraper_base - INFO - 🔍 Cobasi: Buscando Synulox
2026-06-27 20:48:22,199 - scraper_cobasi - INFO - Cobasi: Dados extraídos via JSON para Synulox
2026-06-27 20:48:22,199 - scraper_base - INFO - ✅ Cobasi: 2 produto(s) encontrado(s) para Synulox
2026-06-27 20:48:23,720 - scraper_base - INFO - 📦 [20/20] Processando Baytril
2026-06-27 20:48:23,720 - scraper_base - INFO - 🔍 Cobasi: Buscando Baytril
2026-06-27 20:48:27,065 - scraper_cobasi - INFO - Cobasi: Dados extraídos via JSON para Baytril
2026-06-27 20:48:27,065 - scraper_base - INFO - ✅ Cobasi: 2 produto(s) encontrado(s) para Baytril
2026-06-27 20:48:29,762 - scraper_base - INFO - 📊 Cobasi - Estatísticas finais:
2026-06-27 20:48:29,762 - scraper_base - INFO -    • Medicamentos processados: 20
2026-06-27 20:48:29,763 - scraper_base - INFO -    • Produtos encontrados: 159
2026-06-27 20:48:29,763 - scraper_base - INFO -    • Medicamentos sem resultado: 0
2026-06-27 20:48:29,763 - scraper_base - INFO -    • Tempo total: 117.6s
2026-06-27 20:48:29,763 - scraper_base - INFO -    • Tempo médio por medicamento: 5.9s
2026-06-27 20:48:29,939 - gerenciador_arquivos - INFO - Excel salvo: dados_coletados/cobasi_20260627_204829.xlsx (159 produtos)
2026-06-27 20:48:29,939 - gerenciador_principal - INFO - Cobasi: Arquivo individual salvo com sucesso
2026-06-27 20:48:29,939 - gerenciador_principal - INFO - Pausando entre sites...
2026-06-27 20:48:31,939 - gerenciador_principal - INFO - [2/3] Processando Petlove
2026-06-27 20:48:31,939 - scraper_base - INFO - 🚀 Iniciando scraping completo - Petlove
2026-06-27 20:48:32,512 - gerenciador_conexoes - INFO - Sessao estabelecida com petlove.com.br
2026-06-27 20:48:32,512 - scraper_base - INFO - 📋 20 medicamentos para processar
2026-06-27 20:48:32,512 - scraper_base - INFO - 📦 [1/20] Processando Simparic
2026-06-27 20:48:32,513 - scraper_base - INFO - 🔍 Petlove: Buscando Simparic
2026-06-27 20:48:34,548 - scraper_base - INFO - ✅ Petlove: 36 produto(s) encontrado(s) para Simparic
2026-06-27 20:48:37,516 - scraper_base - INFO - 📦 [2/20] Processando Revolution
2026-06-27 20:48:37,517 - scraper_base - INFO - 🔍 Petlove: Buscando Revolution
2026-06-27 20:48:39,603 - scraper_base - INFO - ✅ Petlove: 20 produto(s) encontrado(s) para Revolution
2026-06-27 20:48:41,417 - scraper_base - INFO - 📦 [3/20] Processando NexGard
2026-06-27 20:48:41,417 - scraper_base - INFO - 🔍 Petlove: Buscando NexGard
2026-06-27 20:48:43,042 - scraper_base - INFO - ✅ Petlove: 11 produto(s) encontrado(s) para NexGard
2026-06-27 20:48:44,921 - scraper_base - INFO - 📦 [4/20] Processando NexGard Spectra
2026-06-27 20:48:44,921 - scraper_base - INFO - 🔍 Petlove: Buscando NexGard Spectra
2026-06-27 20:48:46,685 - scraper_base - INFO - ✅ Petlove: 5 produto(s) encontrado(s) para NexGard Spectra
2026-06-27 20:48:49,501 - scraper_base - INFO - 📦 [5/20] Processando NexGard Combo
2026-06-27 20:48:49,501 - scraper_base - INFO - 🔍 Petlove: Buscando NexGard Combo
2026-06-27 20:48:50,989 - scraper_base - INFO - ✅ Petlove: 2 produto(s) encontrado(s) para NexGard Combo
2026-06-27 20:48:52,134 - scraper_base - INFO - 📦 [6/20] Processando Bravecto
2026-06-27 20:48:52,134 - scraper_base - INFO - 🔍 Petlove: Buscando Bravecto
2026-06-27 20:48:54,309 - scraper_base - INFO - ✅ Petlove: 22 produto(s) encontrado(s) para Bravecto
2026-06-27 20:48:55,857 - scraper_base - INFO - 📦 [7/20] Processando Frontline
2026-06-27 20:48:55,857 - scraper_base - INFO - 🔍 Petlove: Buscando Frontline
2026-06-27 20:48:57,333 - scraper_base - INFO - ✅ Petlove: 11 produto(s) encontrado(s) para Frontline
2026-06-27 20:48:59,967 - scraper_base - INFO - 📦 [8/20] Processando Advocate
2026-06-27 20:48:59,967 - scraper_base - INFO - 🔍 Petlove: Buscando Advocate
2026-06-27 20:49:02,143 - scraper_base - INFO - ✅ Petlove: 9 produto(s) encontrado(s) para Advocate
2026-06-27 20:49:03,961 - scraper_base - INFO - 📦 [9/20] Processando Drontal
2026-06-27 20:49:03,961 - scraper_base - INFO - 🔍 Petlove: Buscando Drontal
2026-06-27 20:49:05,390 - scraper_base - INFO - ✅ Petlove: 36 produto(s) encontrado(s) para Drontal
2026-06-27 20:49:06,654 - scraper_base - INFO - 📦 [10/20] Processando Milbemax
2026-06-27 20:49:06,654 - scraper_base - INFO - 🔍 Petlove: Buscando Milbemax
2026-06-27 20:49:08,594 - scraper_base - INFO - ✅ Petlove: 14 produto(s) encontrado(s) para Milbemax
2026-06-27 20:49:09,621 - scraper_base - INFO - 📦 [11/20] Processando Vermivet
2026-06-27 20:49:09,621 - scraper_base - INFO - 🔍 Petlove: Buscando Vermivet
2026-06-27 20:49:11,152 - scraper_base - INFO - ✅ Petlove: 36 produto(s) encontrado(s) para Vermivet
2026-06-27 20:49:13,218 - scraper_base - INFO - 📦 [12/20] Processando Rimadyl
2026-06-27 20:49:13,219 - scraper_base - INFO - 🔍 Petlove: Buscando Rimadyl
2026-06-27 20:49:14,628 - scraper_base - INFO - ✅ Petlove: 1 produto(s) encontrado(s) para Rimadyl
2026-06-27 20:49:16,862 - scraper_base - INFO - 📦 [13/20] Processando Onsior
2026-06-27 20:49:16,862 - scraper_base - INFO - 🔍 Petlove: Buscando Onsior
2026-06-27 20:49:18,778 - scraper_base - INFO - ✅ Petlove: 4 produto(s) encontrado(s) para Onsior
2026-06-27 20:49:20,970 - scraper_base - INFO - 📦 [14/20] Processando Maxicam
2026-06-27 20:49:20,970 - scraper_base - INFO - 🔍 Petlove: Buscando Maxicam
2026-06-27 20:49:22,306 - scraper_base - INFO - ✅ Petlove: 3 produto(s) encontrado(s) para Maxicam
2026-06-27 20:49:25,193 - scraper_base - INFO - 📦 [15/20] Processando Carproflan
2026-06-27 20:49:25,193 - scraper_base - INFO - 🔍 Petlove: Buscando Carproflan
2026-06-27 20:49:27,280 - scraper_base - INFO - ✅ Petlove: 8 produto(s) encontrado(s) para Carproflan
2026-06-27 20:49:29,346 - scraper_base - INFO - 📦 [16/20] Processando Previcox
2026-06-27 20:49:29,347 - scraper_base - INFO - 🔍 Petlove: Buscando Previcox
2026-06-27 20:49:31,100 - scraper_base - INFO - ✅ Petlove: 4 produto(s) encontrado(s) para Previcox
2026-06-27 20:49:33,305 - scraper_base - INFO - 📦 [17/20] Processando Apoquel
2026-06-27 20:49:33,305 - scraper_base - INFO - 🔍 Petlove: Buscando Apoquel
2026-06-27 20:49:35,262 - scraper_base - INFO - ✅ Petlove: 16 produto(s) encontrado(s) para Apoquel
2026-06-27 20:49:36,405 - scraper_base - INFO - 📦 [18/20] Processando Zenrelia
2026-06-27 20:49:36,405 - scraper_base - INFO - 🔍 Petlove: Buscando Zenrelia
2026-06-27 20:49:38,018 - scraper_base - INFO - ✅ Petlove: 4 produto(s) encontrado(s) para Zenrelia
2026-06-27 20:49:40,278 - scraper_base - INFO - 📦 [19/20] Processando Synulox
2026-06-27 20:49:40,278 - scraper_base - INFO - 🔍 Petlove: Buscando Synulox
2026-06-27 20:49:42,135 - scraper_base - INFO - ✅ Petlove: 1 produto(s) encontrado(s) para Synulox
2026-06-27 20:49:44,732 - scraper_base - INFO - 📦 [20/20] Processando Baytril
2026-06-27 20:49:44,732 - scraper_base - INFO - 🔍 Petlove: Buscando Baytril
2026-06-27 20:49:46,164 - scraper_base - INFO - ✅ Petlove: 6 produto(s) encontrado(s) para Baytril
2026-06-27 20:49:48,723 - scraper_base - INFO - 📊 Petlove - Estatísticas finais:
2026-06-27 20:49:48,723 - scraper_base - INFO -    • Medicamentos processados: 20
2026-06-27 20:49:48,723 - scraper_base - INFO -    • Produtos encontrados: 249
2026-06-27 20:49:48,723 - scraper_base - INFO -    • Medicamentos sem resultado: 0
2026-06-27 20:49:48,723 - scraper_base - INFO -    • Tempo total: 76.8s
2026-06-27 20:49:48,723 - scraper_base - INFO -    • Tempo médio por medicamento: 3.8s
2026-06-27 20:49:48,769 - gerenciador_arquivos - INFO - Excel salvo: dados_coletados/petlove_20260627_204948.xlsx (249 produtos)
2026-06-27 20:49:48,769 - gerenciador_principal - INFO - Petlove: Arquivo individual salvo com sucesso
2026-06-27 20:49:48,769 - gerenciador_principal - INFO - Pausando entre sites...
2026-06-27 20:49:50,770 - gerenciador_principal - INFO - [3/3] Processando Petz
2026-06-27 20:49:50,770 - scraper_base - INFO - 🚀 Iniciando scraping completo - Petz
2026-06-27 20:49:51,096 - scraper_base - INFO - 📋 20 medicamentos para processar
2026-06-27 20:49:51,097 - scraper_base - INFO - 📦 [1/20] Processando Simparic
2026-06-27 20:49:51,097 - scraper_base - INFO - 🔍 Petz: Buscando Simparic
2026-06-27 20:49:58,391 - gerenciador_conexoes - INFO - Chrome inicializado com otimizacoes de velocidade
2026-06-27 20:50:03,547 - scraper_base - INFO - ✅ Petz: 24 produto(s) encontrado(s) para Simparic
2026-06-27 20:50:05,836 - scraper_base - INFO - 📦 [2/20] Processando Revolution
2026-06-27 20:50:05,836 - scraper_base - INFO - 🔍 Petz: Buscando Revolution
2026-06-27 20:50:09,214 - scraper_base - INFO - ✅ Petz: 27 produto(s) encontrado(s) para Revolution
2026-06-27 20:50:12,041 - scraper_base - INFO - 📦 [3/20] Processando NexGard
2026-06-27 20:50:12,041 - scraper_base - INFO - 🔍 Petz: Buscando NexGard
2026-06-27 20:50:15,532 - scraper_base - INFO - ✅ Petz: 22 produto(s) encontrado(s) para NexGard
2026-06-27 20:50:17,462 - scraper_base - INFO - 📦 [4/20] Processando NexGard Spectra
2026-06-27 20:50:17,462 - scraper_base - INFO - 🔍 Petz: Buscando NexGard Spectra
2026-06-27 20:50:19,859 - scraper_base - INFO - ✅ Petz: 10 produto(s) encontrado(s) para NexGard Spectra
2026-06-27 20:50:20,955 - scraper_base - INFO - 📦 [5/20] Processando NexGard Combo
2026-06-27 20:50:20,956 - scraper_base - INFO - 🔍 Petz: Buscando NexGard Combo
2026-06-27 20:50:23,127 - scraper_base - INFO - ✅ Petz: 4 produto(s) encontrado(s) para NexGard Combo
2026-06-27 20:50:25,177 - scraper_base - INFO - 📦 [6/20] Processando Bravecto
2026-06-27 20:50:25,177 - scraper_base - INFO - 🔍 Petz: Buscando Bravecto
2026-06-27 20:50:27,740 - scraper_base - INFO - ✅ Petz: 16 produto(s) encontrado(s) para Bravecto
2026-06-27 20:50:30,616 - scraper_base - INFO - 📦 [7/20] Processando Frontline
2026-06-27 20:50:30,616 - scraper_base - INFO - 🔍 Petz: Buscando Frontline
2026-06-27 20:50:32,940 - scraper_base - INFO - ✅ Petz: 11 produto(s) encontrado(s) para Frontline
2026-06-27 20:50:35,213 - scraper_base - INFO - 📦 [8/20] Processando Advocate
2026-06-27 20:50:35,213 - scraper_base - INFO - 🔍 Petz: Buscando Advocate
2026-06-27 20:50:37,741 - scraper_base - INFO - ✅ Petz: 12 produto(s) encontrado(s) para Advocate
2026-06-27 20:50:39,926 - scraper_base - INFO - 📦 [9/20] Processando Drontal
2026-06-27 20:50:39,926 - scraper_base - INFO - 🔍 Petz: Buscando Drontal
2026-06-27 20:50:43,331 - scraper_base - INFO - ✅ Petz: 37 produto(s) encontrado(s) para Drontal
2026-06-27 20:50:44,770 - scraper_base - INFO - 📦 [10/20] Processando Milbemax
2026-06-27 20:50:44,770 - scraper_base - INFO - 🔍 Petz: Buscando Milbemax
2026-06-27 20:50:46,792 - scraper_base - INFO - ✅ Petz: 4 produto(s) encontrado(s) para Milbemax
2026-06-27 20:50:48,099 - scraper_base - INFO - 📦 [11/20] Processando Vermivet
2026-06-27 20:50:48,099 - scraper_base - INFO - 🔍 Petz: Buscando Vermivet
2026-06-27 20:50:50,178 - scraper_base - INFO - ✅ Petz: 5 produto(s) encontrado(s) para Vermivet
2026-06-27 20:50:52,323 - scraper_base - INFO - 📦 [12/20] Processando Rimadyl
2026-06-27 20:50:52,323 - scraper_base - INFO - 🔍 Petz: Buscando Rimadyl
2026-06-27 20:50:54,540 - scraper_base - INFO - ✅ Petz: 3 produto(s) encontrado(s) para Rimadyl
2026-06-27 20:50:56,328 - scraper_base - INFO - 📦 [13/20] Processando Onsior
2026-06-27 20:50:56,329 - scraper_base - INFO - 🔍 Petz: Buscando Onsior
2026-06-27 20:50:58,558 - scraper_base - INFO - ✅ Petz: 4 produto(s) encontrado(s) para Onsior
2026-06-27 20:51:00,527 - scraper_base - INFO - 📦 [14/20] Processando Maxicam
2026-06-27 20:51:00,527 - scraper_base - INFO - 🔍 Petz: Buscando Maxicam
2026-06-27 20:51:03,789 - scraper_base - INFO - ✅ Petz: 29 produto(s) encontrado(s) para Maxicam
2026-06-27 20:51:05,885 - scraper_base - INFO - 📦 [15/20] Processando Carproflan
2026-06-27 20:51:05,885 - scraper_base - INFO - 🔍 Petz: Buscando Carproflan
2026-06-27 20:51:08,247 - scraper_base - INFO - ✅ Petz: 3 produto(s) encontrado(s) para Carproflan
2026-06-27 20:51:10,732 - scraper_base - INFO - 📦 [16/20] Processando Previcox
2026-06-27 20:51:10,732 - scraper_base - INFO - 🔍 Petz: Buscando Previcox
2026-06-27 20:51:13,000 - scraper_base - INFO - ✅ Petz: 2 produto(s) encontrado(s) para Previcox
2026-06-27 20:51:15,493 - scraper_base - INFO - 📦 [17/20] Processando Apoquel
2026-06-27 20:51:15,493 - scraper_base - INFO - 🔍 Petz: Buscando Apoquel
2026-06-27 20:51:17,502 - scraper_base - INFO - ✅ Petz: 3 produto(s) encontrado(s) para Apoquel
2026-06-27 20:51:19,972 - scraper_base - INFO - 📦 [18/20] Processando Zenrelia
2026-06-27 20:51:19,973 - scraper_base - INFO - 🔍 Petz: Buscando Zenrelia
2026-06-27 20:51:21,992 - scraper_base - INFO - ✅ Petz: 4 produto(s) encontrado(s) para Zenrelia
2026-06-27 20:51:23,666 - scraper_base - INFO - 📦 [19/20] Processando Synulox
2026-06-27 20:51:23,666 - scraper_base - INFO - 🔍 Petz: Buscando Synulox
2026-06-27 20:51:25,937 - scraper_base - INFO - ✅ Petz: 2 produto(s) encontrado(s) para Synulox
2026-06-27 20:51:28,159 - scraper_base - INFO - 📦 [20/20] Processando Baytril
2026-06-27 20:51:28,159 - scraper_base - INFO - 🔍 Petz: Buscando Baytril
2026-06-27 20:51:30,365 - scraper_base - INFO - ✅ Petz: 9 produto(s) encontrado(s) para Baytril
2026-06-27 20:51:32,701 - scraper_base - INFO - 📊 Petz - Estatísticas finais:
2026-06-27 20:51:32,701 - scraper_base - INFO -    • Medicamentos processados: 20
2026-06-27 20:51:32,701 - scraper_base - INFO -    • Produtos encontrados: 231
2026-06-27 20:51:32,701 - scraper_base - INFO -    • Medicamentos sem resultado: 0
2026-06-27 20:51:32,701 - scraper_base - INFO -    • Tempo total: 101.9s
2026-06-27 20:51:32,701 - scraper_base - INFO -    • Tempo médio por medicamento: 5.1s
2026-06-27 20:51:32,750 - gerenciador_arquivos - INFO - Excel salvo: dados_coletados/petz_20260627_205132.xlsx (231 produtos)
2026-06-27 20:51:32,750 - gerenciador_principal - INFO - Petz: Arquivo individual salvo com sucesso
2026-06-27 20:51:32,750 - gerenciador_principal - INFO - Gerando relatório consolidado...
2026-06-27 20:51:32,977 - gerenciador_arquivos - INFO - Relatório consolidado salvo: dados_relatorios/relatorio_consolidado_20260627_205132.xlsx
2026-06-27 20:51:33,081 - gerenciador_conexoes - INFO - Chrome fechado
2026-06-27 20:51:33,081 - gerenciador_conexoes - INFO - Métodos utilizados - Requests: 66.7%, Selenium: 33.3%, Falhas: 0.0%
2026-06-27 20:51:33,081 - gerenciador_principal - INFO - ============================================================
2026-06-27 20:51:33,082 - gerenciador_principal - INFO - RELATORIO FINAL DE EXECUÇÃO
2026-06-27 20:51:33,082 - gerenciador_principal - INFO - ============================================================
2026-06-27 20:51:33,082 - gerenciador_principal - INFO - Sites processados: 3
2026-06-27 20:51:33,082 - gerenciador_principal - INFO - Sites com sucesso: 3
2026-06-27 20:51:33,082 - gerenciador_principal - INFO - Total de produtos coletados: 639
2026-06-27 20:51:33,082 - gerenciador_principal - INFO - Tempo total de execução: 300.6 segundos
2026-06-27 20:51:33,082 - gerenciador_principal - INFO - Estatísticas de conexão:
2026-06-27 20:51:33,082 - gerenciador_principal - INFO -   - Requests bem-sucedidos: 66.7%
2026-06-27 20:51:33,082 - gerenciador_principal - INFO -   - Selenium fallback: 33.3%
2026-06-27 20:51:33,082 - gerenciador_principal - INFO -   - Falhas totais: 0.0%
2026-06-27 20:51:33,086 - gerenciador_principal - INFO - Arquivos salvos na pasta: dados_coletados
2026-06-27 20:51:33,086 - gerenciador_principal - INFO - Total de arquivos: 792
2026-06-27 20:51:33,086 - gerenciador_principal - INFO - ============================================================
