2026-06-14 20:56:36,431 - configurador_logs - INFO - Sistema de logs configurado com sucesso
2026-06-14 20:56:36,431 - configurador_logs - INFO - 🚀 Logs configurados para MODO PRODUÇÃO
2026-06-14 20:56:36,431 - gerenciador_principal - INFO - Inicializando sistema - Modo: PRODUCAO
2026-06-14 20:56:36,431 - gerenciador_arquivos - INFO - Pasta dados_coletados preparada
2026-06-14 20:56:36,431 - gerenciador_principal - INFO - Sistema inicializado com 3 scrapers
2026-06-14 20:56:36,431 - gerenciador_principal - INFO - ============================================================
2026-06-14 20:56:36,431 - gerenciador_principal - INFO - INICIANDO SCRAPING COMPLETO - PRODUCAO
2026-06-14 20:56:36,431 - gerenciador_principal - INFO - ============================================================
2026-06-14 20:56:36,431 - gerenciador_principal - INFO - [1/3] Processando Cobasi
2026-06-14 20:56:36,431 - scraper_base - INFO - 🚀 Iniciando scraping completo - Cobasi
2026-06-14 20:56:37,550 - gerenciador_conexoes - INFO - Sessao estabelecida com cobasi.com.br
2026-06-14 20:56:37,551 - scraper_base - INFO - 📋 20 medicamentos para processar
2026-06-14 20:56:37,551 - scraper_base - INFO - 📦 [1/20] Processando Simparic
2026-06-14 20:56:37,551 - scraper_base - INFO - 🔍 Cobasi: Buscando Simparic
2026-06-14 20:56:42,107 - scraper_cobasi - INFO - Cobasi: Dados extraídos via JSON para Simparic
2026-06-14 20:56:42,107 - scraper_base - INFO - ✅ Cobasi: 24 produto(s) encontrado(s) para Simparic
2026-06-14 20:56:44,046 - scraper_base - INFO - 📦 [2/20] Processando Revolution
2026-06-14 20:56:44,046 - scraper_base - INFO - 🔍 Cobasi: Buscando Revolution
2026-06-14 20:56:47,443 - scraper_cobasi - INFO - Cobasi: Dados extraídos via JSON para Revolution
2026-06-14 20:56:47,443 - scraper_base - INFO - ✅ Cobasi: 18 produto(s) encontrado(s) para Revolution
2026-06-14 20:56:49,994 - scraper_base - INFO - 📦 [3/20] Processando NexGard
2026-06-14 20:56:49,994 - scraper_base - INFO - 🔍 Cobasi: Buscando NexGard
2026-06-14 20:56:56,379 - scraper_cobasi - INFO - Cobasi: Dados extraídos via JSON para NexGard
2026-06-14 20:56:56,379 - scraper_base - INFO - ✅ Cobasi: 22 produto(s) encontrado(s) para NexGard
2026-06-14 20:56:57,574 - scraper_base - INFO - 📦 [4/20] Processando NexGard Spectra
2026-06-14 20:56:57,575 - scraper_base - INFO - 🔍 Cobasi: Buscando NexGard Spectra
2026-06-14 20:57:01,735 - scraper_cobasi - INFO - Cobasi: Dados extraídos via JSON para NexGard Spectra
2026-06-14 20:57:01,735 - scraper_base - INFO - ✅ Cobasi: 10 produto(s) encontrado(s) para NexGard Spectra
2026-06-14 20:57:04,717 - scraper_base - INFO - 📦 [5/20] Processando NexGard Combo
2026-06-14 20:57:04,717 - scraper_base - INFO - 🔍 Cobasi: Buscando NexGard Combo
2026-06-14 20:57:10,665 - scraper_cobasi - INFO - Cobasi: Dados extraídos via JSON para NexGard Combo
2026-06-14 20:57:10,665 - scraper_base - INFO - ✅ Cobasi: 4 produto(s) encontrado(s) para NexGard Combo
2026-06-14 20:57:12,884 - scraper_base - INFO - 📦 [6/20] Processando Bravecto
2026-06-14 20:57:12,884 - scraper_base - INFO - 🔍 Cobasi: Buscando Bravecto
2026-06-14 20:57:17,054 - scraper_cobasi - INFO - Cobasi: Dados extraídos via JSON para Bravecto
2026-06-14 20:57:17,054 - scraper_base - INFO - ✅ Cobasi: 16 produto(s) encontrado(s) para Bravecto
2026-06-14 20:57:18,859 - scraper_base - INFO - 📦 [7/20] Processando Frontline
2026-06-14 20:57:18,859 - scraper_base - INFO - 🔍 Cobasi: Buscando Frontline
2026-06-14 20:57:22,191 - scraper_cobasi - INFO - Cobasi: Dados extraídos via JSON para Frontline
2026-06-14 20:57:22,191 - scraper_base - INFO - ✅ Cobasi: 11 produto(s) encontrado(s) para Frontline
2026-06-14 20:57:25,154 - scraper_base - INFO - 📦 [8/20] Processando Advocate
2026-06-14 20:57:25,154 - scraper_base - INFO - 🔍 Cobasi: Buscando Advocate
2026-06-14 20:57:29,561 - scraper_cobasi - INFO - Cobasi: Dados extraídos via JSON para Advocate
2026-06-14 20:57:29,562 - scraper_base - INFO - ✅ Cobasi: 12 produto(s) encontrado(s) para Advocate
2026-06-14 20:57:31,648 - scraper_base - INFO - 📦 [9/20] Processando Drontal
2026-06-14 20:57:31,648 - scraper_base - INFO - 🔍 Cobasi: Buscando Drontal
2026-06-14 20:57:35,851 - scraper_cobasi - INFO - Cobasi: Dados extraídos via JSON para Drontal
2026-06-14 20:57:35,852 - scraper_base - INFO - ✅ Cobasi: 8 produto(s) encontrado(s) para Drontal
2026-06-14 20:57:37,676 - scraper_base - INFO - 📦 [10/20] Processando Milbemax
2026-06-14 20:57:37,676 - scraper_base - INFO - 🔍 Cobasi: Buscando Milbemax
2026-06-14 20:57:40,842 - scraper_cobasi - INFO - Cobasi: Dados extraídos via JSON para Milbemax
2026-06-14 20:57:40,842 - scraper_base - INFO - ✅ Cobasi: 4 produto(s) encontrado(s) para Milbemax
2026-06-14 20:57:43,640 - scraper_base - INFO - 📦 [11/20] Processando Vermivet
2026-06-14 20:57:43,640 - scraper_base - INFO - 🔍 Cobasi: Buscando Vermivet
2026-06-14 20:57:47,972 - scraper_cobasi - INFO - Cobasi: Dados extraídos via JSON para Vermivet
2026-06-14 20:57:47,972 - scraper_base - INFO - ✅ Cobasi: 5 produto(s) encontrado(s) para Vermivet
2026-06-14 20:57:50,920 - scraper_base - INFO - 📦 [12/20] Processando Rimadyl
2026-06-14 20:57:50,920 - scraper_base - INFO - 🔍 Cobasi: Buscando Rimadyl
2026-06-14 20:57:54,250 - scraper_cobasi - INFO - Cobasi: Dados extraídos via JSON para Rimadyl
2026-06-14 20:57:54,250 - scraper_base - INFO - ✅ Cobasi: 3 produto(s) encontrado(s) para Rimadyl
2026-06-14 20:57:56,788 - scraper_base - INFO - 📦 [13/20] Processando Onsior
2026-06-14 20:57:56,788 - scraper_base - INFO - 🔍 Cobasi: Buscando Onsior
2026-06-14 20:58:01,405 - scraper_cobasi - INFO - Cobasi: Dados extraídos via JSON para Onsior
2026-06-14 20:58:01,405 - scraper_base - INFO - ✅ Cobasi: 4 produto(s) encontrado(s) para Onsior
2026-06-14 20:58:03,113 - scraper_base - INFO - 📦 [14/20] Processando Maxicam
2026-06-14 20:58:03,113 - scraper_base - INFO - 🔍 Cobasi: Buscando Maxicam
2026-06-14 20:58:08,239 - scraper_cobasi - INFO - Cobasi: Dados extraídos via JSON para Maxicam
2026-06-14 20:58:08,239 - scraper_base - INFO - ✅ Cobasi: 3 produto(s) encontrado(s) para Maxicam
2026-06-14 20:58:10,769 - scraper_base - INFO - 📦 [15/20] Processando Carproflan
2026-06-14 20:58:10,769 - scraper_base - INFO - 🔍 Cobasi: Buscando Carproflan
2026-06-14 20:58:14,036 - scraper_cobasi - INFO - Cobasi: Dados extraídos via JSON para Carproflan
2026-06-14 20:58:14,036 - scraper_base - INFO - ✅ Cobasi: 3 produto(s) encontrado(s) para Carproflan
2026-06-14 20:58:16,420 - scraper_base - INFO - 📦 [16/20] Processando Previcox
2026-06-14 20:58:16,420 - scraper_base - INFO - 🔍 Cobasi: Buscando Previcox
2026-06-14 20:58:20,564 - scraper_cobasi - INFO - Cobasi: Dados extraídos via JSON para Previcox
2026-06-14 20:58:20,564 - scraper_base - INFO - ✅ Cobasi: 2 produto(s) encontrado(s) para Previcox
2026-06-14 20:58:21,764 - scraper_base - INFO - 📦 [17/20] Processando Apoquel
2026-06-14 20:58:21,764 - scraper_base - INFO - 🔍 Cobasi: Buscando Apoquel
2026-06-14 20:58:25,833 - scraper_cobasi - INFO - Cobasi: Dados extraídos via JSON para Apoquel
2026-06-14 20:58:25,833 - scraper_base - INFO - ✅ Cobasi: 3 produto(s) encontrado(s) para Apoquel
2026-06-14 20:58:27,584 - scraper_base - INFO - 📦 [18/20] Processando Zenrelia
2026-06-14 20:58:27,584 - scraper_base - INFO - 🔍 Cobasi: Buscando Zenrelia
2026-06-14 20:58:30,926 - scraper_cobasi - INFO - Cobasi: Dados extraídos via JSON para Zenrelia
2026-06-14 20:58:30,926 - scraper_base - INFO - ✅ Cobasi: 3 produto(s) encontrado(s) para Zenrelia
2026-06-14 20:58:32,089 - scraper_base - INFO - 📦 [19/20] Processando Synulox
2026-06-14 20:58:32,089 - scraper_base - INFO - 🔍 Cobasi: Buscando Synulox
2026-06-14 20:58:34,617 - scraper_cobasi - INFO - Cobasi: Dados extraídos via JSON para Synulox
2026-06-14 20:58:34,617 - scraper_base - INFO - ✅ Cobasi: 2 produto(s) encontrado(s) para Synulox
2026-06-14 20:58:36,156 - scraper_base - INFO - 📦 [20/20] Processando Baytril
2026-06-14 20:58:36,156 - scraper_base - INFO - 🔍 Cobasi: Buscando Baytril
2026-06-14 20:58:40,217 - scraper_cobasi - INFO - Cobasi: Dados extraídos via JSON para Baytril
2026-06-14 20:58:40,217 - scraper_base - INFO - ✅ Cobasi: 2 produto(s) encontrado(s) para Baytril
2026-06-14 20:58:41,321 - scraper_base - INFO - 📊 Cobasi - Estatísticas finais:
2026-06-14 20:58:41,321 - scraper_base - INFO -    • Medicamentos processados: 20
2026-06-14 20:58:41,321 - scraper_base - INFO -    • Produtos encontrados: 159
2026-06-14 20:58:41,321 - scraper_base - INFO -    • Medicamentos sem resultado: 0
2026-06-14 20:58:41,321 - scraper_base - INFO -    • Tempo total: 124.9s
2026-06-14 20:58:41,321 - scraper_base - INFO -    • Tempo médio por medicamento: 6.2s
2026-06-14 20:58:41,487 - gerenciador_arquivos - INFO - Excel salvo: dados_coletados/cobasi_20260614_205841.xlsx (159 produtos)
2026-06-14 20:58:41,488 - gerenciador_principal - INFO - Cobasi: Arquivo individual salvo com sucesso
2026-06-14 20:58:41,488 - gerenciador_principal - INFO - Pausando entre sites...
2026-06-14 20:58:43,488 - gerenciador_principal - INFO - [2/3] Processando Petlove
2026-06-14 20:58:43,488 - scraper_base - INFO - 🚀 Iniciando scraping completo - Petlove
2026-06-14 20:58:43,838 - gerenciador_conexoes - INFO - Sessao estabelecida com petlove.com.br
2026-06-14 20:58:43,838 - scraper_base - INFO - 📋 20 medicamentos para processar
2026-06-14 20:58:43,838 - scraper_base - INFO - 📦 [1/20] Processando Simparic
2026-06-14 20:58:43,838 - scraper_base - INFO - 🔍 Petlove: Buscando Simparic
2026-06-14 20:58:44,730 - scraper_base - INFO - ✅ Petlove: 36 produto(s) encontrado(s) para Simparic
2026-06-14 20:58:46,951 - scraper_base - INFO - 📦 [2/20] Processando Revolution
2026-06-14 20:58:46,951 - scraper_base - INFO - 🔍 Petlove: Buscando Revolution
2026-06-14 20:58:47,627 - scraper_base - INFO - ✅ Petlove: 20 produto(s) encontrado(s) para Revolution
2026-06-14 20:58:48,729 - scraper_base - INFO - 📦 [3/20] Processando NexGard
2026-06-14 20:58:48,729 - scraper_base - INFO - 🔍 Petlove: Buscando NexGard
2026-06-14 20:58:49,843 - scraper_base - INFO - ✅ Petlove: 11 produto(s) encontrado(s) para NexGard
2026-06-14 20:58:51,839 - scraper_base - INFO - 📦 [4/20] Processando NexGard Spectra
2026-06-14 20:58:51,839 - scraper_base - INFO - 🔍 Petlove: Buscando NexGard Spectra
2026-06-14 20:58:52,481 - scraper_base - INFO - ✅ Petlove: 5 produto(s) encontrado(s) para NexGard Spectra
2026-06-14 20:58:54,792 - scraper_base - INFO - 📦 [5/20] Processando NexGard Combo
2026-06-14 20:58:54,792 - scraper_base - INFO - 🔍 Petlove: Buscando NexGard Combo
2026-06-14 20:58:55,379 - scraper_base - INFO - ✅ Petlove: 2 produto(s) encontrado(s) para NexGard Combo
2026-06-14 20:58:57,398 - scraper_base - INFO - 📦 [6/20] Processando Bravecto
2026-06-14 20:58:57,398 - scraper_base - INFO - 🔍 Petlove: Buscando Bravecto
2026-06-14 20:58:58,180 - scraper_base - INFO - ✅ Petlove: 22 produto(s) encontrado(s) para Bravecto
2026-06-14 20:59:00,162 - scraper_base - INFO - 📦 [7/20] Processando Frontline
2026-06-14 20:59:00,162 - scraper_base - INFO - 🔍 Petlove: Buscando Frontline
2026-06-14 20:59:00,925 - scraper_base - INFO - ✅ Petlove: 11 produto(s) encontrado(s) para Frontline
2026-06-14 20:59:02,094 - scraper_base - INFO - 📦 [8/20] Processando Advocate
2026-06-14 20:59:02,094 - scraper_base - INFO - 🔍 Petlove: Buscando Advocate
2026-06-14 20:59:02,769 - scraper_base - INFO - ✅ Petlove: 9 produto(s) encontrado(s) para Advocate
2026-06-14 20:59:05,576 - scraper_base - INFO - 📦 [9/20] Processando Drontal
2026-06-14 20:59:05,576 - scraper_base - INFO - 🔍 Petlove: Buscando Drontal
2026-06-14 20:59:06,490 - scraper_base - INFO - ✅ Petlove: 36 produto(s) encontrado(s) para Drontal
2026-06-14 20:59:09,129 - scraper_base - INFO - 📦 [10/20] Processando Milbemax
2026-06-14 20:59:09,129 - scraper_base - INFO - 🔍 Petlove: Buscando Milbemax
2026-06-14 20:59:09,885 - scraper_base - INFO - ✅ Petlove: 14 produto(s) encontrado(s) para Milbemax
2026-06-14 20:59:12,566 - scraper_base - INFO - 📦 [11/20] Processando Vermivet
2026-06-14 20:59:12,567 - scraper_base - INFO - 🔍 Petlove: Buscando Vermivet
2026-06-14 20:59:13,330 - scraper_base - INFO - ✅ Petlove: 36 produto(s) encontrado(s) para Vermivet
2026-06-14 20:59:14,902 - scraper_base - INFO - 📦 [12/20] Processando Rimadyl
2026-06-14 20:59:14,903 - scraper_base - INFO - 🔍 Petlove: Buscando Rimadyl
2026-06-14 20:59:15,759 - scraper_base - INFO - ✅ Petlove: 1 produto(s) encontrado(s) para Rimadyl
2026-06-14 20:59:18,696 - scraper_base - INFO - 📦 [13/20] Processando Onsior
2026-06-14 20:59:18,696 - scraper_base - INFO - 🔍 Petlove: Buscando Onsior
2026-06-14 20:59:19,323 - scraper_base - INFO - ✅ Petlove: 4 produto(s) encontrado(s) para Onsior
2026-06-14 20:59:21,561 - scraper_base - INFO - 📦 [14/20] Processando Maxicam
2026-06-14 20:59:21,561 - scraper_base - INFO - 🔍 Petlove: Buscando Maxicam
2026-06-14 20:59:22,150 - scraper_base - INFO - ✅ Petlove: 3 produto(s) encontrado(s) para Maxicam
2026-06-14 20:59:24,067 - scraper_base - INFO - 📦 [15/20] Processando Carproflan
2026-06-14 20:59:24,067 - scraper_base - INFO - 🔍 Petlove: Buscando Carproflan
2026-06-14 20:59:24,759 - scraper_base - INFO - ✅ Petlove: 8 produto(s) encontrado(s) para Carproflan
2026-06-14 20:59:27,158 - scraper_base - INFO - 📦 [16/20] Processando Previcox
2026-06-14 20:59:27,158 - scraper_base - INFO - 🔍 Petlove: Buscando Previcox
2026-06-14 20:59:27,803 - scraper_base - INFO - ✅ Petlove: 4 produto(s) encontrado(s) para Previcox
2026-06-14 20:59:29,979 - scraper_base - INFO - 📦 [17/20] Processando Apoquel
2026-06-14 20:59:29,979 - scraper_base - INFO - 🔍 Petlove: Buscando Apoquel
2026-06-14 20:59:30,728 - scraper_base - INFO - ✅ Petlove: 16 produto(s) encontrado(s) para Apoquel
2026-06-14 20:59:33,115 - scraper_base - INFO - 📦 [18/20] Processando Zenrelia
2026-06-14 20:59:33,115 - scraper_base - INFO - 🔍 Petlove: Buscando Zenrelia
2026-06-14 20:59:33,704 - scraper_base - INFO - ✅ Petlove: 4 produto(s) encontrado(s) para Zenrelia
2026-06-14 20:59:35,647 - scraper_base - INFO - 📦 [19/20] Processando Synulox
2026-06-14 20:59:35,647 - scraper_base - INFO - 🔍 Petlove: Buscando Synulox
2026-06-14 20:59:36,245 - scraper_base - INFO - ✅ Petlove: 1 produto(s) encontrado(s) para Synulox
2026-06-14 20:59:37,308 - scraper_base - INFO - 📦 [20/20] Processando Baytril
2026-06-14 20:59:37,308 - scraper_base - INFO - 🔍 Petlove: Buscando Baytril
2026-06-14 20:59:37,892 - scraper_base - INFO - ✅ Petlove: 6 produto(s) encontrado(s) para Baytril
2026-06-14 20:59:39,046 - scraper_base - INFO - 📊 Petlove - Estatísticas finais:
2026-06-14 20:59:39,047 - scraper_base - INFO -    • Medicamentos processados: 20
2026-06-14 20:59:39,047 - scraper_base - INFO -    • Produtos encontrados: 249
2026-06-14 20:59:39,047 - scraper_base - INFO -    • Medicamentos sem resultado: 0
2026-06-14 20:59:39,047 - scraper_base - INFO -    • Tempo total: 55.6s
2026-06-14 20:59:39,047 - scraper_base - INFO -    • Tempo médio por medicamento: 2.8s
2026-06-14 20:59:39,083 - gerenciador_arquivos - INFO - Excel salvo: dados_coletados/petlove_20260614_205939.xlsx (249 produtos)
2026-06-14 20:59:39,083 - gerenciador_principal - INFO - Petlove: Arquivo individual salvo com sucesso
2026-06-14 20:59:39,083 - gerenciador_principal - INFO - Pausando entre sites...
2026-06-14 20:59:41,083 - gerenciador_principal - INFO - [3/3] Processando Petz
2026-06-14 20:59:41,083 - scraper_base - INFO - 🚀 Iniciando scraping completo - Petz
2026-06-14 20:59:41,407 - scraper_base - INFO - 📋 20 medicamentos para processar
2026-06-14 20:59:41,407 - scraper_base - INFO - 📦 [1/20] Processando Simparic
2026-06-14 20:59:41,407 - scraper_base - INFO - 🔍 Petz: Buscando Simparic
2026-06-14 20:59:47,154 - gerenciador_conexoes - INFO - Chrome inicializado com otimizacoes de velocidade
2026-06-14 20:59:51,854 - scraper_base - INFO - ✅ Petz: 24 produto(s) encontrado(s) para Simparic
2026-06-14 20:59:54,701 - scraper_base - INFO - 📦 [2/20] Processando Revolution
2026-06-14 20:59:54,701 - scraper_base - INFO - 🔍 Petz: Buscando Revolution
2026-06-14 20:59:57,277 - scraper_base - INFO - ✅ Petz: 27 produto(s) encontrado(s) para Revolution
2026-06-14 20:59:58,607 - scraper_base - INFO - 📦 [3/20] Processando NexGard
2026-06-14 20:59:58,607 - scraper_base - INFO - 🔍 Petz: Buscando NexGard
2026-06-14 21:00:00,787 - scraper_base - INFO - ✅ Petz: 22 produto(s) encontrado(s) para NexGard
2026-06-14 21:00:02,548 - scraper_base - INFO - 📦 [4/20] Processando NexGard Spectra
2026-06-14 21:00:02,548 - scraper_base - INFO - 🔍 Petz: Buscando NexGard Spectra
2026-06-14 21:00:05,071 - scraper_base - INFO - ✅ Petz: 10 produto(s) encontrado(s) para NexGard Spectra
2026-06-14 21:00:06,861 - scraper_base - INFO - 📦 [5/20] Processando NexGard Combo
2026-06-14 21:00:06,861 - scraper_base - INFO - 🔍 Petz: Buscando NexGard Combo
2026-06-14 21:00:09,007 - scraper_base - INFO - ✅ Petz: 4 produto(s) encontrado(s) para NexGard Combo
2026-06-14 21:00:10,936 - scraper_base - INFO - 📦 [6/20] Processando Bravecto
2026-06-14 21:00:10,936 - scraper_base - INFO - 🔍 Petz: Buscando Bravecto
2026-06-14 21:00:13,141 - scraper_base - INFO - ✅ Petz: 16 produto(s) encontrado(s) para Bravecto
2026-06-14 21:00:14,214 - scraper_base - INFO - 📦 [7/20] Processando Frontline
2026-06-14 21:00:14,214 - scraper_base - INFO - 🔍 Petz: Buscando Frontline
2026-06-14 21:00:17,632 - scraper_base - INFO - ✅ Petz: 11 produto(s) encontrado(s) para Frontline
2026-06-14 21:00:20,174 - scraper_base - INFO - 📦 [8/20] Processando Advocate
2026-06-14 21:00:20,175 - scraper_base - INFO - 🔍 Petz: Buscando Advocate
2026-06-14 21:00:22,907 - scraper_base - INFO - ✅ Petz: 12 produto(s) encontrado(s) para Advocate
2026-06-14 21:00:25,392 - scraper_base - INFO - 📦 [9/20] Processando Drontal
2026-06-14 21:00:25,392 - scraper_base - INFO - 🔍 Petz: Buscando Drontal
2026-06-14 21:00:29,144 - scraper_base - INFO - ✅ Petz: 40 produto(s) encontrado(s) para Drontal
2026-06-14 21:00:30,365 - scraper_base - INFO - 📦 [10/20] Processando Milbemax
2026-06-14 21:00:30,365 - scraper_base - INFO - 🔍 Petz: Buscando Milbemax
2026-06-14 21:00:32,246 - scraper_base - INFO - ✅ Petz: 4 produto(s) encontrado(s) para Milbemax
2026-06-14 21:00:33,492 - scraper_base - INFO - 📦 [11/20] Processando Vermivet
2026-06-14 21:00:33,492 - scraper_base - INFO - 🔍 Petz: Buscando Vermivet
2026-06-14 21:00:35,016 - scraper_base - INFO - ✅ Petz: 5 produto(s) encontrado(s) para Vermivet
2026-06-14 21:00:36,240 - scraper_base - INFO - 📦 [12/20] Processando Rimadyl
2026-06-14 21:00:36,241 - scraper_base - INFO - 🔍 Petz: Buscando Rimadyl
2026-06-14 21:00:38,036 - scraper_base - INFO - ✅ Petz: 3 produto(s) encontrado(s) para Rimadyl
2026-06-14 21:00:40,722 - scraper_base - INFO - 📦 [13/20] Processando Onsior
2026-06-14 21:00:40,722 - scraper_base - INFO - 🔍 Petz: Buscando Onsior
2026-06-14 21:00:42,336 - scraper_base - INFO - ✅ Petz: 4 produto(s) encontrado(s) para Onsior
2026-06-14 21:00:44,413 - scraper_base - INFO - 📦 [14/20] Processando Maxicam
2026-06-14 21:00:44,413 - scraper_base - INFO - 🔍 Petz: Buscando Maxicam
2026-06-14 21:00:46,505 - scraper_base - INFO - ✅ Petz: 31 produto(s) encontrado(s) para Maxicam
2026-06-14 21:00:49,299 - scraper_base - INFO - 📦 [15/20] Processando Carproflan
2026-06-14 21:00:49,299 - scraper_base - INFO - 🔍 Petz: Buscando Carproflan
2026-06-14 21:00:51,684 - scraper_base - INFO - ✅ Petz: 3 produto(s) encontrado(s) para Carproflan
2026-06-14 21:00:54,081 - scraper_base - INFO - 📦 [16/20] Processando Previcox
2026-06-14 21:00:54,082 - scraper_base - INFO - 🔍 Petz: Buscando Previcox
2026-06-14 21:00:55,614 - scraper_base - INFO - ✅ Petz: 2 produto(s) encontrado(s) para Previcox
2026-06-14 21:00:57,038 - scraper_base - INFO - 📦 [17/20] Processando Apoquel
2026-06-14 21:00:57,038 - scraper_base - INFO - 🔍 Petz: Buscando Apoquel
2026-06-14 21:00:58,365 - scraper_base - INFO - ✅ Petz: 3 produto(s) encontrado(s) para Apoquel
2026-06-14 21:00:59,481 - scraper_base - INFO - 📦 [18/20] Processando Zenrelia
2026-06-14 21:00:59,481 - scraper_base - INFO - 🔍 Petz: Buscando Zenrelia
2026-06-14 21:01:01,081 - scraper_base - INFO - ✅ Petz: 4 produto(s) encontrado(s) para Zenrelia
2026-06-14 21:01:03,413 - scraper_base - INFO - 📦 [19/20] Processando Synulox
2026-06-14 21:01:03,413 - scraper_base - INFO - 🔍 Petz: Buscando Synulox
2026-06-14 21:01:04,808 - scraper_base - INFO - ✅ Petz: 2 produto(s) encontrado(s) para Synulox
2026-06-14 21:01:05,968 - scraper_base - INFO - 📦 [20/20] Processando Baytril
2026-06-14 21:01:05,968 - scraper_base - INFO - 🔍 Petz: Buscando Baytril
2026-06-14 21:01:07,551 - scraper_base - INFO - ✅ Petz: 9 produto(s) encontrado(s) para Baytril
2026-06-14 21:01:09,726 - scraper_base - INFO - 📊 Petz - Estatísticas finais:
2026-06-14 21:01:09,726 - scraper_base - INFO -    • Medicamentos processados: 20
2026-06-14 21:01:09,726 - scraper_base - INFO -    • Produtos encontrados: 236
2026-06-14 21:01:09,726 - scraper_base - INFO -    • Medicamentos sem resultado: 0
2026-06-14 21:01:09,726 - scraper_base - INFO -    • Tempo total: 88.6s
2026-06-14 21:01:09,726 - scraper_base - INFO -    • Tempo médio por medicamento: 4.4s
2026-06-14 21:01:09,964 - gerenciador_arquivos - INFO - Excel salvo: dados_coletados/petz_20260614_210109.xlsx (236 produtos)
2026-06-14 21:01:09,964 - gerenciador_principal - INFO - Petz: Arquivo individual salvo com sucesso
2026-06-14 21:01:09,964 - gerenciador_principal - INFO - Gerando relatório consolidado...
2026-06-14 21:01:10,134 - gerenciador_arquivos - INFO - Relatório consolidado salvo: dados_relatorios/relatorio_consolidado_20260614_210109.xlsx
2026-06-14 21:01:10,224 - gerenciador_conexoes - INFO - Chrome fechado
2026-06-14 21:01:10,224 - gerenciador_conexoes - INFO - Métodos utilizados - Requests: 66.7%, Selenium: 33.3%, Falhas: 0.0%
2026-06-14 21:01:10,224 - gerenciador_principal - INFO - ============================================================
2026-06-14 21:01:10,224 - gerenciador_principal - INFO - RELATORIO FINAL DE EXECUÇÃO
2026-06-14 21:01:10,224 - gerenciador_principal - INFO - ============================================================
2026-06-14 21:01:10,224 - gerenciador_principal - INFO - Sites processados: 3
2026-06-14 21:01:10,224 - gerenciador_principal - INFO - Sites com sucesso: 3
2026-06-14 21:01:10,224 - gerenciador_principal - INFO - Total de produtos coletados: 644
2026-06-14 21:01:10,224 - gerenciador_principal - INFO - Tempo total de execução: 273.5 segundos
2026-06-14 21:01:10,224 - gerenciador_principal - INFO - Estatísticas de conexão:
2026-06-14 21:01:10,224 - gerenciador_principal - INFO -   - Requests bem-sucedidos: 66.7%
2026-06-14 21:01:10,224 - gerenciador_principal - INFO -   - Selenium fallback: 33.3%
2026-06-14 21:01:10,224 - gerenciador_principal - INFO -   - Falhas totais: 0.0%
2026-06-14 21:01:10,227 - gerenciador_principal - INFO - Arquivos salvos na pasta: dados_coletados
2026-06-14 21:01:10,227 - gerenciador_principal - INFO - Total de arquivos: 754
2026-06-14 21:01:10,227 - gerenciador_principal - INFO - ============================================================
