2026-03-21 20:12:34,276 - configurador_logs - INFO - Sistema de logs configurado com sucesso
2026-03-21 20:12:34,276 - configurador_logs - INFO - 🚀 Logs configurados para MODO PRODUÇÃO
2026-03-21 20:12:34,276 - gerenciador_principal - INFO - Inicializando sistema - Modo: PRODUCAO
2026-03-21 20:12:34,276 - gerenciador_arquivos - INFO - Pasta dados_coletados preparada
2026-03-21 20:12:34,276 - gerenciador_principal - INFO - Sistema inicializado com 3 scrapers
2026-03-21 20:12:34,276 - gerenciador_principal - INFO - ============================================================
2026-03-21 20:12:34,276 - gerenciador_principal - INFO - INICIANDO SCRAPING COMPLETO - PRODUCAO
2026-03-21 20:12:34,276 - gerenciador_principal - INFO - ============================================================
2026-03-21 20:12:34,277 - gerenciador_principal - INFO - [1/3] Processando Cobasi
2026-03-21 20:12:34,277 - scraper_base - INFO - 🚀 Iniciando scraping completo - Cobasi
2026-03-21 20:12:34,659 - gerenciador_conexoes - INFO - Sessao estabelecida com cobasi.com.br
2026-03-21 20:12:34,659 - scraper_base - INFO - 📋 20 medicamentos para processar
2026-03-21 20:12:34,659 - scraper_base - INFO - 📦 [1/20] Processando Simparic
2026-03-21 20:12:34,659 - scraper_base - INFO - 🔍 Cobasi: Buscando Simparic
2026-03-21 20:12:38,733 - scraper_cobasi - INFO - Cobasi: Dados extraídos via JSON para Simparic
2026-03-21 20:12:38,733 - scraper_base - INFO - ✅ Cobasi: 12 produto(s) encontrado(s) para Simparic
2026-03-21 20:12:40,643 - scraper_base - INFO - 📦 [2/20] Processando Revolution
2026-03-21 20:12:40,643 - scraper_base - INFO - 🔍 Cobasi: Buscando Revolution
2026-03-21 20:12:44,927 - scraper_cobasi - INFO - Cobasi: Dados extraídos via JSON para Revolution
2026-03-21 20:12:44,928 - scraper_base - INFO - ✅ Cobasi: 18 produto(s) encontrado(s) para Revolution
2026-03-21 20:12:47,814 - scraper_base - INFO - 📦 [3/20] Processando NexGard
2026-03-21 20:12:47,814 - scraper_base - INFO - 🔍 Cobasi: Buscando NexGard
2026-03-21 20:12:49,326 - scraper_cobasi - INFO - Cobasi: Dados extraídos via JSON para NexGard
2026-03-21 20:12:49,326 - scraper_base - INFO - ✅ Cobasi: 22 produto(s) encontrado(s) para NexGard
2026-03-21 20:12:51,227 - scraper_base - INFO - 📦 [4/20] Processando NexGard Spectra
2026-03-21 20:12:51,227 - scraper_base - INFO - 🔍 Cobasi: Buscando NexGard Spectra
2026-03-21 20:12:55,142 - scraper_cobasi - INFO - Cobasi: Dados extraídos via JSON para NexGard Spectra
2026-03-21 20:12:55,142 - scraper_base - INFO - ✅ Cobasi: 10 produto(s) encontrado(s) para NexGard Spectra
2026-03-21 20:12:56,588 - scraper_base - INFO - 📦 [5/20] Processando NexGard Combo
2026-03-21 20:12:56,588 - scraper_base - INFO - 🔍 Cobasi: Buscando NexGard Combo
2026-03-21 20:12:59,881 - scraper_cobasi - INFO - Cobasi: Dados extraídos via JSON para NexGard Combo
2026-03-21 20:12:59,881 - scraper_base - INFO - ✅ Cobasi: 4 produto(s) encontrado(s) para NexGard Combo
2026-03-21 20:13:02,532 - scraper_base - INFO - 📦 [6/20] Processando Bravecto
2026-03-21 20:13:02,532 - scraper_base - INFO - 🔍 Cobasi: Buscando Bravecto
2026-03-21 20:13:06,652 - scraper_cobasi - INFO - Cobasi: Dados extraídos via JSON para Bravecto
2026-03-21 20:13:06,652 - scraper_base - INFO - ✅ Cobasi: 16 produto(s) encontrado(s) para Bravecto
2026-03-21 20:13:07,723 - scraper_base - INFO - 📦 [7/20] Processando Frontline
2026-03-21 20:13:07,723 - scraper_base - INFO - 🔍 Cobasi: Buscando Frontline
2026-03-21 20:13:11,264 - scraper_cobasi - INFO - Cobasi: Dados extraídos via JSON para Frontline
2026-03-21 20:13:11,264 - scraper_base - INFO - ✅ Cobasi: 11 produto(s) encontrado(s) para Frontline
2026-03-21 20:13:12,695 - scraper_base - INFO - 📦 [8/20] Processando Advocate
2026-03-21 20:13:12,695 - scraper_base - INFO - 🔍 Cobasi: Buscando Advocate
2026-03-21 20:13:16,000 - scraper_cobasi - INFO - Cobasi: Dados extraídos via JSON para Advocate
2026-03-21 20:13:16,000 - scraper_base - INFO - ✅ Cobasi: 12 produto(s) encontrado(s) para Advocate
2026-03-21 20:13:17,640 - scraper_base - INFO - 📦 [9/20] Processando Drontal
2026-03-21 20:13:17,640 - scraper_base - INFO - 🔍 Cobasi: Buscando Drontal
2026-03-21 20:13:20,952 - scraper_cobasi - INFO - Cobasi: Dados extraídos via JSON para Drontal
2026-03-21 20:13:20,952 - scraper_base - INFO - ✅ Cobasi: 8 produto(s) encontrado(s) para Drontal
2026-03-21 20:13:22,652 - scraper_base - INFO - 📦 [10/20] Processando Milbemax
2026-03-21 20:13:22,652 - scraper_base - INFO - 🔍 Cobasi: Buscando Milbemax
2026-03-21 20:13:25,234 - scraper_cobasi - INFO - Cobasi: Dados extraídos via JSON para Milbemax
2026-03-21 20:13:25,234 - scraper_base - INFO - ✅ Cobasi: 4 produto(s) encontrado(s) para Milbemax
2026-03-21 20:13:27,609 - scraper_base - INFO - 📦 [11/20] Processando Vermivet
2026-03-21 20:13:27,609 - scraper_base - INFO - 🔍 Cobasi: Buscando Vermivet
2026-03-21 20:13:31,270 - scraper_cobasi - INFO - Cobasi: Dados extraídos via JSON para Vermivet
2026-03-21 20:13:31,270 - scraper_base - INFO - ✅ Cobasi: 5 produto(s) encontrado(s) para Vermivet
2026-03-21 20:13:33,832 - scraper_base - INFO - 📦 [12/20] Processando Rimadyl
2026-03-21 20:13:33,832 - scraper_base - INFO - 🔍 Cobasi: Buscando Rimadyl
2026-03-21 20:13:37,011 - scraper_cobasi - INFO - Cobasi: Dados extraídos via JSON para Rimadyl
2026-03-21 20:13:37,011 - scraper_base - INFO - ✅ Cobasi: 3 produto(s) encontrado(s) para Rimadyl
2026-03-21 20:13:39,502 - scraper_base - INFO - 📦 [13/20] Processando Onsior
2026-03-21 20:13:39,502 - scraper_base - INFO - 🔍 Cobasi: Buscando Onsior
2026-03-21 20:13:42,686 - scraper_cobasi - INFO - Cobasi: Dados extraídos via JSON para Onsior
2026-03-21 20:13:42,686 - scraper_base - INFO - ✅ Cobasi: 4 produto(s) encontrado(s) para Onsior
2026-03-21 20:13:45,275 - scraper_base - INFO - 📦 [14/20] Processando Maxicam
2026-03-21 20:13:45,275 - scraper_base - INFO - 🔍 Cobasi: Buscando Maxicam
2026-03-21 20:13:47,832 - scraper_cobasi - INFO - Cobasi: Dados extraídos via JSON para Maxicam
2026-03-21 20:13:47,832 - scraper_base - INFO - ✅ Cobasi: 3 produto(s) encontrado(s) para Maxicam
2026-03-21 20:13:50,760 - scraper_base - INFO - 📦 [15/20] Processando Carproflan
2026-03-21 20:13:50,760 - scraper_base - INFO - 🔍 Cobasi: Buscando Carproflan
2026-03-21 20:13:53,889 - scraper_cobasi - INFO - Cobasi: Dados extraídos via JSON para Carproflan
2026-03-21 20:13:53,889 - scraper_base - INFO - ✅ Cobasi: 3 produto(s) encontrado(s) para Carproflan
2026-03-21 20:13:55,688 - scraper_base - INFO - 📦 [16/20] Processando Previcox
2026-03-21 20:13:55,688 - scraper_base - INFO - 🔍 Cobasi: Buscando Previcox
2026-03-21 20:13:58,553 - scraper_cobasi - INFO - Cobasi: Dados extraídos via JSON para Previcox
2026-03-21 20:13:58,553 - scraper_base - INFO - ✅ Cobasi: 2 produto(s) encontrado(s) para Previcox
2026-03-21 20:13:59,875 - scraper_base - INFO - 📦 [17/20] Processando Apoquel
2026-03-21 20:13:59,876 - scraper_base - INFO - 🔍 Cobasi: Buscando Apoquel
2026-03-21 20:14:02,624 - scraper_cobasi - INFO - Cobasi: Dados extraídos via JSON para Apoquel
2026-03-21 20:14:02,625 - scraper_base - INFO - ✅ Cobasi: 3 produto(s) encontrado(s) para Apoquel
2026-03-21 20:14:03,741 - scraper_base - INFO - 📦 [18/20] Processando Zenrelia
2026-03-21 20:14:03,742 - scraper_base - INFO - 🔍 Cobasi: Buscando Zenrelia
2026-03-21 20:14:06,978 - scraper_cobasi - INFO - Cobasi: Dados extraídos via JSON para Zenrelia
2026-03-21 20:14:06,978 - scraper_base - INFO - ✅ Cobasi: 4 produto(s) encontrado(s) para Zenrelia
2026-03-21 20:14:08,868 - scraper_base - INFO - 📦 [19/20] Processando Synulox
2026-03-21 20:14:08,869 - scraper_base - INFO - 🔍 Cobasi: Buscando Synulox
2026-03-21 20:14:11,454 - scraper_cobasi - INFO - Cobasi: Dados extraídos via JSON para Synulox
2026-03-21 20:14:11,455 - scraper_base - INFO - ✅ Cobasi: 2 produto(s) encontrado(s) para Synulox
2026-03-21 20:14:14,415 - scraper_base - INFO - 📦 [20/20] Processando Baytril
2026-03-21 20:14:14,415 - scraper_base - INFO - 🔍 Cobasi: Buscando Baytril
2026-03-21 20:14:17,698 - scraper_cobasi - INFO - Cobasi: Dados extraídos via JSON para Baytril
2026-03-21 20:14:17,698 - scraper_base - INFO - ✅ Cobasi: 3 produto(s) encontrado(s) para Baytril
2026-03-21 20:14:19,578 - scraper_base - INFO - 📊 Cobasi - Estatísticas finais:
2026-03-21 20:14:19,578 - scraper_base - INFO -    • Medicamentos processados: 20
2026-03-21 20:14:19,578 - scraper_base - INFO -    • Produtos encontrados: 149
2026-03-21 20:14:19,578 - scraper_base - INFO -    • Medicamentos sem resultado: 0
2026-03-21 20:14:19,578 - scraper_base - INFO -    • Tempo total: 105.3s
2026-03-21 20:14:19,578 - scraper_base - INFO -    • Tempo médio por medicamento: 5.3s
2026-03-21 20:14:19,766 - gerenciador_arquivos - INFO - Excel salvo: dados_coletados/cobasi_20260321_201419.xlsx (149 produtos)
2026-03-21 20:14:19,766 - gerenciador_principal - INFO - Cobasi: Arquivo individual salvo com sucesso
2026-03-21 20:14:19,766 - gerenciador_principal - INFO - Pausando entre sites...
2026-03-21 20:14:21,766 - gerenciador_principal - INFO - [2/3] Processando Petlove
2026-03-21 20:14:21,766 - scraper_base - INFO - 🚀 Iniciando scraping completo - Petlove
2026-03-21 20:14:21,995 - scraper_base - INFO - 📋 20 medicamentos para processar
2026-03-21 20:14:21,996 - scraper_base - INFO - 📦 [1/20] Processando Simparic
2026-03-21 20:14:21,996 - scraper_base - INFO - 🔍 Petlove: Buscando Simparic
2026-03-21 20:14:30,479 - gerenciador_conexoes - INFO - Chrome inicializado com otimizacoes de velocidade
2026-03-21 20:14:35,170 - scraper_base - INFO - ✅ Petlove: 27 produto(s) encontrado(s) para Simparic
2026-03-21 20:14:37,829 - scraper_base - INFO - 📦 [2/20] Processando Revolution
2026-03-21 20:14:37,829 - scraper_base - INFO - 🔍 Petlove: Buscando Revolution
2026-03-21 20:14:39,629 - scraper_base - INFO - ✅ Petlove: 20 produto(s) encontrado(s) para Revolution
2026-03-21 20:14:41,186 - scraper_base - INFO - 📦 [3/20] Processando NexGard
2026-03-21 20:14:41,186 - scraper_base - INFO - 🔍 Petlove: Buscando NexGard
2026-03-21 20:14:42,686 - scraper_base - INFO - ✅ Petlove: 11 produto(s) encontrado(s) para NexGard
2026-03-21 20:14:45,425 - scraper_base - INFO - 📦 [4/20] Processando NexGard Spectra
2026-03-21 20:14:45,425 - scraper_base - INFO - 🔍 Petlove: Buscando NexGard Spectra
2026-03-21 20:14:46,655 - scraper_base - INFO - ✅ Petlove: 5 produto(s) encontrado(s) para NexGard Spectra
2026-03-21 20:14:49,200 - scraper_base - INFO - 📦 [5/20] Processando NexGard Combo
2026-03-21 20:14:49,200 - scraper_base - INFO - 🔍 Petlove: Buscando NexGard Combo
2026-03-21 20:14:50,653 - scraper_base - INFO - ✅ Petlove: 2 produto(s) encontrado(s) para NexGard Combo
2026-03-21 20:14:53,535 - scraper_base - INFO - 📦 [6/20] Processando Bravecto
2026-03-21 20:14:53,535 - scraper_base - INFO - 🔍 Petlove: Buscando Bravecto
2026-03-21 20:14:55,489 - scraper_base - INFO - ✅ Petlove: 23 produto(s) encontrado(s) para Bravecto
2026-03-21 20:14:56,672 - scraper_base - INFO - 📦 [7/20] Processando Frontline
2026-03-21 20:14:56,672 - scraper_base - INFO - 🔍 Petlove: Buscando Frontline
2026-03-21 20:14:58,404 - scraper_base - INFO - ✅ Petlove: 11 produto(s) encontrado(s) para Frontline
2026-03-21 20:14:59,916 - scraper_base - INFO - 📦 [8/20] Processando Advocate
2026-03-21 20:14:59,916 - scraper_base - INFO - 🔍 Petlove: Buscando Advocate
2026-03-21 20:15:01,440 - scraper_base - INFO - ✅ Petlove: 9 produto(s) encontrado(s) para Advocate
2026-03-21 20:15:02,738 - scraper_base - INFO - 📦 [9/20] Processando Drontal
2026-03-21 20:15:02,738 - scraper_base - INFO - 🔍 Petlove: Buscando Drontal
2026-03-21 20:15:04,471 - scraper_base - INFO - ✅ Petlove: 36 produto(s) encontrado(s) para Drontal
2026-03-21 20:15:05,597 - scraper_base - INFO - 📦 [10/20] Processando Milbemax
2026-03-21 20:15:05,597 - scraper_base - INFO - 🔍 Petlove: Buscando Milbemax
2026-03-21 20:15:07,020 - scraper_base - INFO - ✅ Petlove: 14 produto(s) encontrado(s) para Milbemax
2026-03-21 20:15:09,847 - scraper_base - INFO - 📦 [11/20] Processando Vermivet
2026-03-21 20:15:09,847 - scraper_base - INFO - 🔍 Petlove: Buscando Vermivet
2026-03-21 20:15:12,555 - scraper_base - INFO - ✅ Petlove: 36 produto(s) encontrado(s) para Vermivet
2026-03-21 20:15:15,102 - scraper_base - INFO - 📦 [12/20] Processando Rimadyl
2026-03-21 20:15:15,102 - scraper_base - INFO - 🔍 Petlove: Buscando Rimadyl
2026-03-21 20:15:16,880 - scraper_base - INFO - ✅ Petlove: 1 produto(s) encontrado(s) para Rimadyl
2026-03-21 20:15:19,592 - scraper_base - INFO - 📦 [13/20] Processando Onsior
2026-03-21 20:15:19,592 - scraper_base - INFO - 🔍 Petlove: Buscando Onsior
2026-03-21 20:15:21,320 - scraper_base - INFO - ✅ Petlove: 4 produto(s) encontrado(s) para Onsior
2026-03-21 20:15:24,251 - scraper_base - INFO - 📦 [14/20] Processando Maxicam
2026-03-21 20:15:24,251 - scraper_base - INFO - 🔍 Petlove: Buscando Maxicam
2026-03-21 20:15:25,657 - scraper_base - INFO - ✅ Petlove: 3 produto(s) encontrado(s) para Maxicam
2026-03-21 20:15:26,729 - scraper_base - INFO - 📦 [15/20] Processando Carproflan
2026-03-21 20:15:26,729 - scraper_base - INFO - 🔍 Petlove: Buscando Carproflan
2026-03-21 20:15:28,213 - scraper_base - INFO - ✅ Petlove: 8 produto(s) encontrado(s) para Carproflan
2026-03-21 20:15:30,085 - scraper_base - INFO - 📦 [16/20] Processando Previcox
2026-03-21 20:15:30,085 - scraper_base - INFO - 🔍 Petlove: Buscando Previcox
2026-03-21 20:15:31,477 - scraper_base - INFO - ✅ Petlove: 4 produto(s) encontrado(s) para Previcox
2026-03-21 20:15:32,832 - scraper_base - INFO - 📦 [17/20] Processando Apoquel
2026-03-21 20:15:32,832 - scraper_base - INFO - 🔍 Petlove: Buscando Apoquel
2026-03-21 20:15:34,300 - scraper_base - INFO - ✅ Petlove: 16 produto(s) encontrado(s) para Apoquel
2026-03-21 20:15:36,200 - scraper_base - INFO - 📦 [18/20] Processando Zenrelia
2026-03-21 20:15:36,201 - scraper_base - INFO - 🔍 Petlove: Buscando Zenrelia
2026-03-21 20:15:37,670 - scraper_base - INFO - ✅ Petlove: 4 produto(s) encontrado(s) para Zenrelia
2026-03-21 20:15:40,551 - scraper_base - INFO - 📦 [19/20] Processando Synulox
2026-03-21 20:15:40,551 - scraper_base - INFO - 🔍 Petlove: Buscando Synulox
2026-03-21 20:15:41,937 - scraper_base - INFO - ✅ Petlove: 1 produto(s) encontrado(s) para Synulox
2026-03-21 20:15:44,403 - scraper_base - INFO - 📦 [20/20] Processando Baytril
2026-03-21 20:15:44,403 - scraper_base - INFO - 🔍 Petlove: Buscando Baytril
2026-03-21 20:15:45,884 - scraper_base - INFO - ✅ Petlove: 4 produto(s) encontrado(s) para Baytril
2026-03-21 20:15:47,997 - scraper_base - INFO - 📊 Petlove - Estatísticas finais:
2026-03-21 20:15:47,997 - scraper_base - INFO -    • Medicamentos processados: 20
2026-03-21 20:15:47,997 - scraper_base - INFO -    • Produtos encontrados: 239
2026-03-21 20:15:47,997 - scraper_base - INFO -    • Medicamentos sem resultado: 0
2026-03-21 20:15:47,997 - scraper_base - INFO -    • Tempo total: 86.2s
2026-03-21 20:15:47,997 - scraper_base - INFO -    • Tempo médio por medicamento: 4.3s
2026-03-21 20:15:48,085 - gerenciador_arquivos - INFO - Excel salvo: dados_coletados/petlove_20260321_201547.xlsx (239 produtos)
2026-03-21 20:15:48,085 - gerenciador_principal - INFO - Petlove: Arquivo individual salvo com sucesso
2026-03-21 20:15:48,085 - gerenciador_principal - INFO - Pausando entre sites...
2026-03-21 20:15:50,085 - gerenciador_principal - INFO - [3/3] Processando Petz
2026-03-21 20:15:50,086 - scraper_base - INFO - 🚀 Iniciando scraping completo - Petz
2026-03-21 20:15:50,382 - scraper_base - INFO - 📋 20 medicamentos para processar
2026-03-21 20:15:50,382 - scraper_base - INFO - 📦 [1/20] Processando Simparic
2026-03-21 20:15:50,382 - scraper_base - INFO - 🔍 Petz: Buscando Simparic
2026-03-21 20:15:55,678 - scraper_base - INFO - ✅ Petz: 12 produto(s) encontrado(s) para Simparic
2026-03-21 20:15:57,352 - scraper_base - INFO - 📦 [2/20] Processando Revolution
2026-03-21 20:15:57,352 - scraper_base - INFO - 🔍 Petz: Buscando Revolution
2026-03-21 20:16:00,059 - scraper_base - INFO - ✅ Petz: 21 produto(s) encontrado(s) para Revolution
2026-03-21 20:16:02,819 - scraper_base - INFO - 📦 [3/20] Processando NexGard
2026-03-21 20:16:02,819 - scraper_base - INFO - 🔍 Petz: Buscando NexGard
2026-03-21 20:16:05,546 - scraper_base - INFO - ✅ Petz: 22 produto(s) encontrado(s) para NexGard
2026-03-21 20:16:07,516 - scraper_base - INFO - 📦 [4/20] Processando NexGard Spectra
2026-03-21 20:16:07,516 - scraper_base - INFO - 🔍 Petz: Buscando NexGard Spectra
2026-03-21 20:16:09,305 - scraper_base - INFO - ✅ Petz: 10 produto(s) encontrado(s) para NexGard Spectra
2026-03-21 20:16:12,033 - scraper_base - INFO - 📦 [5/20] Processando NexGard Combo
2026-03-21 20:16:12,033 - scraper_base - INFO - 🔍 Petz: Buscando NexGard Combo
2026-03-21 20:16:14,660 - scraper_base - INFO - ✅ Petz: 4 produto(s) encontrado(s) para NexGard Combo
2026-03-21 20:16:15,853 - scraper_base - INFO - 📦 [6/20] Processando Bravecto
2026-03-21 20:16:15,854 - scraper_base - INFO - 🔍 Petz: Buscando Bravecto
2026-03-21 20:16:18,183 - scraper_base - INFO - ✅ Petz: 16 produto(s) encontrado(s) para Bravecto
2026-03-21 20:16:20,283 - scraper_base - INFO - 📦 [7/20] Processando Frontline
2026-03-21 20:16:20,283 - scraper_base - INFO - 🔍 Petz: Buscando Frontline
2026-03-21 20:16:22,553 - scraper_base - INFO - ✅ Petz: 11 produto(s) encontrado(s) para Frontline
2026-03-21 20:16:23,600 - scraper_base - INFO - 📦 [8/20] Processando Advocate
2026-03-21 20:16:23,600 - scraper_base - INFO - 🔍 Petz: Buscando Advocate
2026-03-21 20:16:25,427 - scraper_base - INFO - ✅ Petz: 12 produto(s) encontrado(s) para Advocate
2026-03-21 20:16:27,169 - scraper_base - INFO - 📦 [9/20] Processando Drontal
2026-03-21 20:16:27,169 - scraper_base - INFO - 🔍 Petz: Buscando Drontal
2026-03-21 20:16:30,371 - scraper_base - INFO - ✅ Petz: 32 produto(s) encontrado(s) para Drontal
2026-03-21 20:16:32,063 - scraper_base - INFO - 📦 [10/20] Processando Milbemax
2026-03-21 20:16:32,063 - scraper_base - INFO - 🔍 Petz: Buscando Milbemax
2026-03-21 20:16:34,118 - scraper_base - INFO - ✅ Petz: 4 produto(s) encontrado(s) para Milbemax
2026-03-21 20:16:37,032 - scraper_base - INFO - 📦 [11/20] Processando Vermivet
2026-03-21 20:16:37,032 - scraper_base - INFO - 🔍 Petz: Buscando Vermivet
2026-03-21 20:16:39,018 - scraper_base - INFO - ✅ Petz: 5 produto(s) encontrado(s) para Vermivet
2026-03-21 20:16:41,680 - scraper_base - INFO - 📦 [12/20] Processando Rimadyl
2026-03-21 20:16:41,680 - scraper_base - INFO - 🔍 Petz: Buscando Rimadyl
2026-03-21 20:16:43,439 - scraper_base - INFO - ✅ Petz: 3 produto(s) encontrado(s) para Rimadyl
2026-03-21 20:16:46,437 - scraper_base - INFO - 📦 [13/20] Processando Onsior
2026-03-21 20:16:46,438 - scraper_base - INFO - 🔍 Petz: Buscando Onsior
2026-03-21 20:16:48,108 - scraper_base - INFO - ✅ Petz: 4 produto(s) encontrado(s) para Onsior
2026-03-21 20:16:49,160 - scraper_base - INFO - 📦 [14/20] Processando Maxicam
2026-03-21 20:16:49,160 - scraper_base - INFO - 🔍 Petz: Buscando Maxicam
2026-03-21 20:16:51,636 - scraper_base - INFO - ✅ Petz: 28 produto(s) encontrado(s) para Maxicam
2026-03-21 20:16:53,953 - scraper_base - INFO - 📦 [15/20] Processando Carproflan
2026-03-21 20:16:53,953 - scraper_base - INFO - 🔍 Petz: Buscando Carproflan
2026-03-21 20:16:55,608 - scraper_base - INFO - ✅ Petz: 3 produto(s) encontrado(s) para Carproflan
2026-03-21 20:16:57,806 - scraper_base - INFO - 📦 [16/20] Processando Previcox
2026-03-21 20:16:57,807 - scraper_base - INFO - 🔍 Petz: Buscando Previcox
2026-03-21 20:17:00,098 - scraper_base - INFO - ✅ Petz: 2 produto(s) encontrado(s) para Previcox
2026-03-21 20:17:02,508 - scraper_base - INFO - 📦 [17/20] Processando Apoquel
2026-03-21 20:17:02,508 - scraper_base - INFO - 🔍 Petz: Buscando Apoquel
2026-03-21 20:17:04,216 - scraper_base - INFO - ✅ Petz: 3 produto(s) encontrado(s) para Apoquel
2026-03-21 20:17:06,802 - scraper_base - INFO - 📦 [18/20] Processando Zenrelia
2026-03-21 20:17:06,802 - scraper_base - INFO - 🔍 Petz: Buscando Zenrelia
2026-03-21 20:17:08,852 - scraper_base - INFO - ✅ Petz: 4 produto(s) encontrado(s) para Zenrelia
2026-03-21 20:17:11,051 - scraper_base - INFO - 📦 [19/20] Processando Synulox
2026-03-21 20:17:11,051 - scraper_base - INFO - 🔍 Petz: Buscando Synulox
2026-03-21 20:17:13,011 - scraper_base - INFO - ✅ Petz: 2 produto(s) encontrado(s) para Synulox
2026-03-21 20:17:14,632 - scraper_base - INFO - 📦 [20/20] Processando Baytril
2026-03-21 20:17:14,633 - scraper_base - INFO - 🔍 Petz: Buscando Baytril
2026-03-21 20:17:16,539 - scraper_base - INFO - ✅ Petz: 9 produto(s) encontrado(s) para Baytril
2026-03-21 20:17:18,527 - scraper_base - INFO - 📊 Petz - Estatísticas finais:
2026-03-21 20:17:18,527 - scraper_base - INFO -    • Medicamentos processados: 20
2026-03-21 20:17:18,527 - scraper_base - INFO -    • Produtos encontrados: 207
2026-03-21 20:17:18,527 - scraper_base - INFO -    • Medicamentos sem resultado: 0
2026-03-21 20:17:18,527 - scraper_base - INFO -    • Tempo total: 88.4s
2026-03-21 20:17:18,527 - scraper_base - INFO -    • Tempo médio por medicamento: 4.4s
2026-03-21 20:17:18,570 - gerenciador_arquivos - INFO - Excel salvo: dados_coletados/petz_20260321_201718.xlsx (207 produtos)
2026-03-21 20:17:18,570 - gerenciador_principal - INFO - Petz: Arquivo individual salvo com sucesso
2026-03-21 20:17:18,570 - gerenciador_principal - INFO - Gerando relatório consolidado...
2026-03-21 20:17:18,820 - gerenciador_arquivos - INFO - Relatório consolidado salvo: dados_relatorios/relatorio_consolidado_20260321_201718.xlsx
2026-03-21 20:17:18,957 - gerenciador_conexoes - INFO - Chrome fechado
2026-03-21 20:17:18,957 - gerenciador_conexoes - INFO - Métodos utilizados - Requests: 33.3%, Selenium: 66.7%, Falhas: 0.0%
2026-03-21 20:17:18,957 - gerenciador_principal - INFO - ============================================================
2026-03-21 20:17:18,957 - gerenciador_principal - INFO - RELATORIO FINAL DE EXECUÇÃO
2026-03-21 20:17:18,957 - gerenciador_principal - INFO - ============================================================
2026-03-21 20:17:18,957 - gerenciador_principal - INFO - Sites processados: 3
2026-03-21 20:17:18,957 - gerenciador_principal - INFO - Sites com sucesso: 3
2026-03-21 20:17:18,957 - gerenciador_principal - INFO - Total de produtos coletados: 595
2026-03-21 20:17:18,957 - gerenciador_principal - INFO - Tempo total de execução: 284.3 segundos
2026-03-21 20:17:18,957 - gerenciador_principal - INFO - Estatísticas de conexão:
2026-03-21 20:17:18,957 - gerenciador_principal - INFO -   - Requests bem-sucedidos: 33.3%
2026-03-21 20:17:18,957 - gerenciador_principal - INFO -   - Selenium fallback: 66.7%
2026-03-21 20:17:18,958 - gerenciador_principal - INFO -   - Falhas totais: 0.0%
2026-03-21 20:17:18,960 - gerenciador_principal - INFO - Arquivos salvos na pasta: dados_coletados
2026-03-21 20:17:18,960 - gerenciador_principal - INFO - Total de arquivos: 508
2026-03-21 20:17:18,960 - gerenciador_principal - INFO - ============================================================
